2026-09-17T09:35:34.7867214Z Current runner version: '2.337.0'
2026-09-17T09:35:34.7893869Z ##[group]Runner Image Provisioner
2026-09-17T09:35:34.7894752Z Hosted Compute Agent
2026-09-17T09:35:34.7895306Z Version: 20260828.587
2026-09-17T09:35:34.7895896Z Commit: abac92662cab4cc7352de4f9f9d2e2419aad9c29
2026-09-17T09:35:34.7896671Z Build Date: 2026-08-28T16:44:25Z
2026-09-17T09:35:34.7897337Z Worker ID: {4b0308a2-fbcf-468d-8e43-b27c4fd5f8e4}
2026-09-17T09:35:34.7898077Z Azure Region: westcentralus
2026-09-17T09:35:34.7898693Z ##[endgroup]
2026-09-17T09:35:34.7900544Z ##[group]Operating System
2026-09-17T09:35:34.7901311Z Microsoft Windows Server 2025
2026-09-17T09:35:34.7901906Z 10.0.26100
2026-09-17T09:35:34.7902432Z Datacenter
2026-09-17T09:35:34.7902933Z ##[endgroup]
2026-09-17T09:35:34.7903448Z ##[group]Runner Image
2026-09-17T09:35:34.7904024Z Image: windows-2025-vs2026
2026-09-17T09:35:34.7904669Z Version: 20260907.229.1
2026-09-17T09:35:34.7906167Z Included Software: https://github.com/actions/runner-images/blob/win25-vs2026/20260907.229/images/windows/Windows2025-VS2026-Readme.md
2026-09-17T09:35:34.7907888Z Image Release: https://github.com/actions/runner-images/releases/tag/win25-vs2026%2F20260907.229
2026-09-17T09:35:34.7908935Z ##[endgroup]
2026-09-17T09:35:34.7910188Z ##[group]GITHUB_TOKEN Permissions
2026-09-17T09:35:34.7912204Z Contents: read
2026-09-17T09:35:34.7912758Z Metadata: read
2026-09-17T09:35:34.7913267Z ##[endgroup]
2026-09-17T09:35:34.7915351Z Secret source: Actions
2026-09-17T09:35:34.7916180Z Cache mode: write
2026-09-17T09:35:34.7917013Z Prepare workflow directory
2026-09-17T09:35:34.8410565Z Prepare all required actions
2026-09-17T09:35:34.8459257Z Getting action download info
2026-09-17T09:35:35.1374161Z Download action repository 'actions/checkout@08c6903cd8c0fde910a37f88322edcfb5dd907a8' (SHA:08c6903cd8c0fde910a37f88322edcfb5dd907a8)
2026-09-17T09:35:35.3795196Z Complete job name: tests (windows-latest)
2026-09-17T09:35:35.5441000Z ##[group]Run actions/checkout@08c6903cd8c0fde910a37f88322edcfb5dd907a8
2026-09-17T09:35:35.5442389Z with:
2026-09-17T09:35:35.5442801Z   persist-credentials: false
2026-09-17T09:35:35.5443284Z   repository: youq616/Zevune
2026-09-17T09:35:35.5447137Z   token: ***
2026-09-17T09:35:35.5447537Z   ssh-strict: true
2026-09-17T09:35:35.5447942Z   ssh-user: git
2026-09-17T09:35:35.5448333Z   clean: true
2026-09-17T09:35:35.5448746Z   sparse-checkout-cone-mode: true
2026-09-17T09:35:35.5449225Z   fetch-depth: 1
2026-09-17T09:35:35.5449617Z   fetch-tags: false
2026-09-17T09:35:35.5450030Z   show-progress: true
2026-09-17T09:35:35.5450454Z   lfs: false
2026-09-17T09:35:35.5450836Z   submodules: false
2026-09-17T09:35:35.5451248Z   set-safe-directory: true
2026-09-17T09:35:35.5451883Z env:
2026-09-17T09:35:35.5452236Z   RAYON_NUM_THREADS: 2
2026-09-17T09:35:35.5452650Z   CARGO_BUILD_JOBS: 2
2026-09-17T09:35:35.5453056Z ##[endgroup]
2026-09-17T09:35:35.6881468Z Syncing repository: youq616/Zevune
2026-09-17T09:35:35.6883141Z ##[group]Getting Git version info
2026-09-17T09:35:35.6883721Z Working directory is 'D:\a\Zevune\Zevune'
2026-09-17T09:35:35.7680507Z [command]"C:\Program Files\Git\bin\git.exe" version
2026-09-17T09:35:36.1360588Z git version 2.55.0.windows.5
2026-09-17T09:35:36.1411397Z ##[endgroup]
2026-09-17T09:35:36.1429952Z Temporarily overriding HOME='D:\a\_temp\3a87e913-6005-424d-9547-754074522cf5' before making global git config changes
2026-09-17T09:35:36.1431233Z Adding repository directory to the temporary git global config as a safe directory
2026-09-17T09:35:36.1440107Z [command]"C:\Program Files\Git\bin\git.exe" config --global --add safe.directory D:\a\Zevune\Zevune
2026-09-17T09:35:36.2072673Z Deleting the contents of 'D:\a\Zevune\Zevune'
2026-09-17T09:35:36.2078693Z ##[group]Initializing the repository
2026-09-17T09:35:36.2088021Z [command]"C:\Program Files\Git\bin\git.exe" init D:\a\Zevune\Zevune
2026-09-17T09:35:36.2837259Z Initialized empty Git repository in D:/a/Zevune/Zevune/.git/
2026-09-17T09:35:36.2889701Z [command]"C:\Program Files\Git\bin\git.exe" remote add origin https://github.com/youq616/Zevune
2026-09-17T09:35:36.3620396Z ##[endgroup]
2026-09-17T09:35:36.3621589Z ##[group]Disabling automatic garbage collection
2026-09-17T09:35:36.3630391Z [command]"C:\Program Files\Git\bin\git.exe" config --local gc.auto 0
2026-09-17T09:35:36.3931398Z ##[endgroup]
2026-09-17T09:35:36.3932775Z ##[group]Setting up auth
2026-09-17T09:35:36.3944178Z [command]"C:\Program Files\Git\bin\git.exe" config --local --name-only --get-regexp core\.sshCommand
2026-09-17T09:35:36.4241894Z [command]"C:\Program Files\Git\bin\git.exe" submodule foreach --recursive "sh -c \"git config --local --name-only --get-regexp 'core\.sshCommand' && git config --local --unset-all 'core.sshCommand' || :\""
2026-09-17T09:35:37.9713373Z [command]"C:\Program Files\Git\bin\git.exe" config --local --name-only --get-regexp http\.https\:\/\/github\.com\/\.extraheader
2026-09-17T09:35:38.0010586Z [command]"C:\Program Files\Git\bin\git.exe" submodule foreach --recursive "sh -c \"git config --local --name-only --get-regexp 'http\.https\:\/\/github\.com\/\.extraheader' && git config --local --unset-all 'http.https://github.com/.extraheader' || :\""
2026-09-17T09:35:38.5439434Z [command]"C:\Program Files\Git\bin\git.exe" config --local http.https://github.com/.extraheader "AUTHORIZATION: basic ***"
2026-09-17T09:35:38.5899580Z ##[endgroup]
2026-09-17T09:35:38.5900182Z ##[group]Fetching the repository
2026-09-17T09:35:38.5920277Z [command]"C:\Program Files\Git\bin\git.exe" -c protocol.version=2 fetch --no-tags --prune --no-recurse-submodules --depth=1 origin +fb5ec39a59cb87aec0662c7706dce1f9e85e1962:refs/remotes/pull/13/merge
2026-09-17T09:35:40.1712096Z From https://github.com/youq616/Zevune
2026-09-17T09:35:40.1712937Z  * [new ref]         fb5ec39a59cb87aec0662c7706dce1f9e85e1962 -> pull/13/merge
2026-09-17T09:35:40.1755868Z ##[endgroup]
2026-09-17T09:35:40.1759343Z ##[group]Determining the checkout info
2026-09-17T09:35:40.1760419Z ##[endgroup]
2026-09-17T09:35:40.1769617Z [command]"C:\Program Files\Git\bin\git.exe" sparse-checkout disable
2026-09-17T09:35:40.2232601Z [command]"C:\Program Files\Git\bin\git.exe" config --local --unset-all extensions.worktreeConfig
2026-09-17T09:35:40.2518311Z ##[group]Checking out the ref
2026-09-17T09:35:40.2526991Z [command]"C:\Program Files\Git\bin\git.exe" checkout --progress --force refs/remotes/pull/13/merge
2026-09-17T09:35:40.4335502Z Note: switching to 'refs/remotes/pull/13/merge'.
2026-09-17T09:35:40.4336015Z 
2026-09-17T09:35:40.4336304Z You are in 'detached HEAD' state. You can look around, make experimental
2026-09-17T09:35:40.4337005Z changes and commit them, and you can discard any commits you make in this
2026-09-17T09:35:40.4337704Z state without impacting any branches by switching back to a branch.
2026-09-17T09:35:40.4338213Z 
2026-09-17T09:35:40.4338619Z If you want to create a new branch to retain commits you create, you may
2026-09-17T09:35:40.4339288Z do so (now or later) by using -c with the switch command. Example:
2026-09-17T09:35:40.4339737Z 
2026-09-17T09:35:40.4339951Z   git switch -c <new-branch-name>
2026-09-17T09:35:40.4340220Z 
2026-09-17T09:35:40.4340364Z Or undo this operation with:
2026-09-17T09:35:40.4340602Z 
2026-09-17T09:35:40.4340722Z   git switch -
2026-09-17T09:35:40.4340936Z 
2026-09-17T09:35:40.4341307Z Turn off this advice by setting config variable advice.detachedHead to false
2026-09-17T09:35:40.4342400Z 
2026-09-17T09:35:40.4343067Z HEAD is now at fb5ec39 Merge 50ef0d9a5f7c7fdcf64118bd1e0f307457d37736 into 6913d4ab2fda6956db37e0ceb49790a4518c2762
2026-09-17T09:35:40.4590958Z ##[endgroup]
2026-09-17T09:35:40.5204583Z [command]"C:\Program Files\Git\bin\git.exe" log -1 --format=%H
2026-09-17T09:35:40.5509061Z fb5ec39a59cb87aec0662c7706dce1f9e85e1962
2026-09-17T09:35:40.5551994Z ##[group]Removing auth
2026-09-17T09:35:40.5561369Z [command]"C:\Program Files\Git\bin\git.exe" config --local --name-only --get-regexp core\.sshCommand
2026-09-17T09:35:40.5884560Z [command]"C:\Program Files\Git\bin\git.exe" submodule foreach --recursive "sh -c \"git config --local --name-only --get-regexp 'core\.sshCommand' && git config --local --unset-all 'core.sshCommand' || :\""
2026-09-17T09:35:41.1161715Z [command]"C:\Program Files\Git\bin\git.exe" config --local --name-only --get-regexp http\.https\:\/\/github\.com\/\.extraheader
2026-09-17T09:35:41.1408622Z http.https://github.com/.extraheader
2026-09-17T09:35:41.1450062Z [command]"C:\Program Files\Git\bin\git.exe" config --local --unset-all http.https://github.com/.extraheader
2026-09-17T09:35:41.1737439Z [command]"C:\Program Files\Git\bin\git.exe" submodule foreach --recursive "sh -c \"git config --local --name-only --get-regexp 'http\.https\:\/\/github\.com\/\.extraheader' && git config --local --unset-all 'http.https://github.com/.extraheader' || :\""
2026-09-17T09:35:41.6879267Z ##[endgroup]
2026-09-17T09:35:41.7254453Z ##[group]Run rustup toolchain install 1.98.1 --profile minimal --component rustfmt --component clippy
2026-09-17T09:35:41.7255361Z [36;1mrustup toolchain install 1.98.1 --profile minimal --component rustfmt --component clippy[0m
2026-09-17T09:35:41.7274113Z shell: C:\Program Files\Git\bin\bash.EXE --noprofile --norc -e -o pipefail {0}
2026-09-17T09:35:41.7274535Z env:
2026-09-17T09:35:41.7274717Z   RAYON_NUM_THREADS: 2
2026-09-17T09:35:41.7274923Z   CARGO_BUILD_JOBS: 2
2026-09-17T09:35:41.7275115Z ##[endgroup]
2026-09-17T09:35:42.5574882Z info: syncing channel updates for 1.98.1-x86_64-pc-windows-msvc
2026-09-17T09:35:43.3069923Z info: latest update on 2026-09-03 for version 1.98.1 (48a229cea 2026-09-01)
2026-09-17T09:35:43.3201317Z info: downloading 5 components
2026-09-17T09:35:52.9417278Z 
2026-09-17T09:35:52.9734527Z   1.98.1-x86_64-pc-windows-msvc installed - rustc 1.98.1 (48a229cea 2026-09-01)
2026-09-17T09:35:52.9735008Z 
2026-09-17T09:35:53.0016871Z ##[group]Run rustc --version
2026-09-17T09:35:53.0017274Z [36;1mrustc --version[0m
2026-09-17T09:35:53.0017527Z [36;1mcargo fmt --all -- --check[0m
2026-09-17T09:35:53.0017897Z [36;1mcargo metadata --locked --format-version=1 > /dev/null[0m
2026-09-17T09:35:53.0018333Z [36;1mtest -z "$(git status --porcelain --untracked-files=no)"[0m
2026-09-17T09:35:53.0031701Z shell: C:\Program Files\Git\bin\bash.EXE --noprofile --norc -e -o pipefail {0}
2026-09-17T09:35:53.0032108Z env:
2026-09-17T09:35:53.0032304Z   RAYON_NUM_THREADS: 2
2026-09-17T09:35:53.0098653Z   CARGO_BUILD_JOBS: 2
2026-09-17T09:35:53.0098984Z ##[endgroup]
2026-09-17T09:35:53.6650264Z rustc 1.98.1 (48a229cea 2026-09-01)
2026-09-17T09:35:55.3152562Z     Updating crates.io index
2026-09-17T09:35:56.3683754Z  Downloading crates ...
2026-09-17T09:35:56.5778869Z   Downloaded aead v0.5.2
2026-09-17T09:35:56.6129268Z   Downloaded atomic-polyfill v1.0.3
2026-09-17T09:35:56.6295434Z   Downloaded embedded-io v0.4.0
2026-09-17T09:35:56.8182715Z   Downloaded base16ct v0.2.0
2026-09-17T09:35:56.8305952Z   Downloaded block-buffer v0.10.4
2026-09-17T09:35:56.8416494Z   Downloaded subtle v2.6.1
2026-09-17T09:35:56.8561278Z   Downloaded const-crc32-nostd v1.3.1
2026-09-17T09:35:56.8640640Z   Downloaded crunchy v0.2.4
2026-09-17T09:35:56.8725530Z   Downloaded funty v2.0.0
2026-09-17T09:35:56.8793777Z   Downloaded generic-array v0.14.7
2026-09-17T09:35:56.8940942Z   Downloaded derive-getters v0.5.0
2026-09-17T09:35:56.9306862Z   Downloaded document-features v0.2.12
2026-09-17T09:35:56.9450433Z   Downloaded inout v0.1.4
2026-09-17T09:35:56.9548824Z   Downloaded nonempty v0.11.0
2026-09-17T09:35:56.9694974Z   Downloaded zeroize_derive v1.5.0
2026-09-17T09:35:56.9783394Z   Downloaded version_check v0.9.5
2026-09-17T09:35:56.9935468Z   Downloaded halo2_legacy_pdqsort v0.1.0
2026-09-17T09:35:57.0053106Z   Downloaded hex v0.4.3
2026-09-17T09:35:57.0186496Z   Downloaded base64ct v1.8.3
2026-09-17T09:35:57.0512397Z   Downloaded hash32 v0.2.1
2026-09-17T09:35:57.0641230Z   Downloaded opaque-debug v0.3.1
2026-09-17T09:35:57.0727800Z   Downloaded crypto-common v0.1.7
2026-09-17T09:35:57.0849430Z   Downloaded frost-rerandomized v3.0.0
2026-09-17T09:35:57.0929720Z   Downloaded radium v0.7.0
2026-09-17T09:35:57.1024340Z   Downloaded maybe-rayon v0.1.1
2026-09-17T09:35:57.1101359Z   Downloaded scopeguard v1.2.0
2026-09-17T09:35:57.1204862Z   Downloaded getset v0.1.7
2026-09-17T09:35:57.1405587Z   Downloaded memuse v0.2.2
2026-09-17T09:35:57.1547507Z   Downloaded zcash_spec v0.2.1
2026-09-17T09:35:57.1717638Z   Downloaded rustc_version v0.4.1
2026-09-17T09:35:57.1852468Z   Downloaded cobs v0.3.0
2026-09-17T09:35:57.1987293Z   Downloaded cfg-if v1.0.4
2026-09-17T09:35:57.2105407Z   Downloaded stable_deref_trait v1.2.1
2026-09-17T09:35:57.2226318Z   Downloaded lazy_static v1.5.0
2026-09-17T09:35:57.2399897Z   Downloaded serdect v0.2.0
2026-09-17T09:35:57.2545764Z   Downloaded rand_chacha v0.3.1
2026-09-17T09:35:57.2670998Z   Downloaded cpufeatures v0.2.17
2026-09-17T09:35:57.2792701Z   Downloaded embedded-io v0.6.1
2026-09-17T09:35:57.2932677Z   Downloaded byteorder v1.5.0
2026-09-17T09:35:57.3093908Z   Downloaded chacha20 v0.9.1
2026-09-17T09:35:57.3262807Z   Downloaded corez v0.1.1
2026-09-17T09:35:57.3459471Z   Downloaded digest v0.10.7
2026-09-17T09:35:57.3847608Z   Downloaded universal-hash v0.5.1
2026-09-17T09:35:57.3936294Z   Downloaded fpe v0.6.1
2026-09-17T09:35:57.4131707Z   Downloaded rand_core v0.6.4
2026-09-17T09:35:57.4270489Z   Downloaded lock_api v0.4.14
2026-09-17T09:35:57.4362003Z   Downloaded ppv-lite86 v0.2.21
2026-09-17T09:35:57.4466179Z   Downloaded sha2 v0.10.9
2026-09-17T09:35:57.4813826Z   Downloaded static_assertions v1.1.0
2026-09-17T09:35:57.4961132Z   Downloaded group v0.13.0
2026-09-17T09:35:57.5123899Z   Downloaded poly1305 v0.8.0
2026-09-17T09:35:57.5361606Z   Downloaded quote v1.0.47
2026-09-17T09:35:57.5666513Z   Downloaded autocfg v1.5.1
2026-09-17T09:35:57.5894973Z   Downloaded cipher v0.4.4
2026-09-17T09:35:57.6072781Z   Downloaded constant_time_eq v0.4.2
2026-09-17T09:35:57.6267227Z   Downloaded ff v0.13.1
2026-09-17T09:35:57.6395618Z   Downloaded tap v1.0.1
2026-09-17T09:35:57.6516639Z   Downloaded visibility v0.1.1
2026-09-17T09:35:57.6644544Z   Downloaded zeroize v1.9.0
2026-09-17T09:35:57.6770821Z   Downloaded uint v0.9.5
2026-09-17T09:35:57.6917190Z   Downloaded thiserror v2.0.20
2026-09-17T09:35:57.7846614Z   Downloaded cbc v0.1.2
2026-09-17T09:35:57.8003297Z   Downloaded critical-section v1.2.0
2026-09-17T09:35:57.8165728Z   Downloaded argon2 v0.5.3
2026-09-17T09:35:57.8327933Z   Downloaded num-integer v0.1.47
2026-09-17T09:35:57.8492440Z   Downloaded once_cell v1.21.4
2026-09-17T09:35:57.8759202Z   Downloaded password-hash v0.5.0
2026-09-17T09:35:57.8968262Z   Downloaded arrayvec v0.7.8
2026-09-17T09:35:57.9159174Z   Downloaded crossbeam-deque v0.8.8
2026-09-17T09:35:57.9383639Z   Downloaded incrementalmerkletree v0.8.1
2026-09-17T09:35:57.9498718Z   Downloaded semver v1.0.28
2026-09-17T09:35:57.9778751Z   Downloaded spin v0.9.9
2026-09-17T09:35:58.0066131Z   Downloaded either v1.18.0
2026-09-17T09:35:58.0213671Z   Downloaded jubjub v0.10.0
2026-09-17T09:35:58.0529790Z   Downloaded getrandom v0.2.17
2026-09-17T09:35:58.8014527Z   Downloaded blake2b_simd v1.0.5
2026-09-17T09:35:59.3043528Z   Downloaded crossbeam-epoch v0.9.21
2026-09-17T09:35:59.3302122Z   Downloaded pin-project-lite v0.2.17
2026-09-17T09:35:59.4079338Z   Downloaded postcard v1.1.3
2026-09-17T09:35:59.4313121Z   Downloaded litrs v1.0.0
2026-09-17T09:35:59.4587940Z   Downloaded serde_core v1.0.229
2026-09-17T09:35:59.4938154Z   Downloaded proc-macro2 v1.0.107
2026-09-17T09:35:59.5232746Z   Downloaded aes v0.8.4
2026-09-17T09:35:59.8034494Z   Downloaded bech32 v0.11.1
2026-09-17T09:35:59.8513593Z   Downloaded blake2 v0.10.6
2026-09-17T09:35:59.8710975Z   Downloaded serde_derive v1.0.229
2026-09-17T09:35:59.9040383Z   Downloaded crossbeam-utils v0.8.23
2026-09-17T09:35:59.9385038Z   Downloaded halo2_poseidon v0.1.0
2026-09-17T09:35:59.9613160Z   Downloaded indexmap v1.9.3
2026-09-17T09:35:59.9897708Z   Downloaded chacha20poly1305 v0.10.1
2026-09-17T09:36:00.0072668Z   Downloaded frost-core v3.0.0
2026-09-17T09:36:00.0387166Z   Downloaded num-traits v0.2.19
2026-09-17T09:36:00.0691281Z   Downloaded rayon-core v1.13.0
2026-09-17T09:36:00.1199998Z   Downloaded rand v0.8.5
2026-09-17T09:36:00.2061252Z   Downloaded heapless v0.7.17
2026-09-17T09:36:00.3775426Z   Downloaded thiserror-impl v2.0.20
2026-09-17T09:36:00.4699756Z   Downloaded wyz v0.5.1
2026-09-17T09:36:00.9267837Z   Downloaded zcash_note_encryption v0.4.2
2026-09-17T09:36:01.0133871Z   Downloaded zip32 v0.2.1
2026-09-17T09:36:01.1145922Z   Downloaded hashbrown v0.12.3
2026-09-17T09:36:01.2449789Z   Downloaded serde v1.0.229
2026-09-17T09:36:01.9846163Z   Downloaded tracing-attributes v0.1.31
2026-09-17T09:36:02.0971434Z   Downloaded reddsa v0.5.2
2026-09-17T09:36:02.2989523Z   Downloaded num-bigint v0.4.8
2026-09-17T09:36:02.4221046Z   Downloaded unicode-ident v1.0.24
2026-09-17T09:36:02.5406246Z   Downloaded wasi v0.11.1+wasi-snapshot-preview1
2026-09-17T09:36:02.6312205Z   Downloaded tracing-core v0.1.36
2026-09-17T09:36:03.6240918Z   Downloaded sinsemilla v0.1.0
2026-09-17T09:36:03.7025645Z   Downloaded typenum v1.20.1
2026-09-17T09:36:03.8282608Z   Downloaded itertools v0.14.0
2026-09-17T09:36:04.4236551Z   Downloaded zerocopy-derive v0.8.57
2026-09-17T09:36:04.5735427Z   Downloaded halo2_proofs v0.3.5
2026-09-17T09:36:04.6640144Z   Downloaded libm v0.2.16
2026-09-17T09:36:04.8216141Z   Downloaded rayon v1.12.0
2026-09-17T09:36:04.9420963Z   Downloaded bitvec v1.1.1
2026-09-17T09:36:05.1482993Z   Downloaded halo2_gadgets v0.5.0
2026-09-17T09:36:05.2594962Z   Downloaded syn v2.0.119
2026-09-17T09:36:05.3508768Z   Downloaded pasta_curves v0.5.2
2026-09-17T09:36:05.4024655Z   Downloaded bls12_381 v0.8.0
2026-09-17T09:36:05.4447521Z   Downloaded libc v0.2.189
2026-09-17T09:36:07.4739615Z   Downloaded zerocopy v0.8.57
2026-09-17T09:36:07.7681871Z   Downloaded syn v3.0.5
2026-09-17T09:36:07.9696724Z   Downloaded tracing v0.1.44
2026-09-17T09:36:08.7480973Z   Downloaded orchard v0.15.5
2026-09-17T09:36:09.0577792Z ##[group]Run cargo test --locked --release -- --nocapture --test-threads=1
2026-09-17T09:36:09.0578403Z [36;1mcargo test --locked --release -- --nocapture --test-threads=1[0m
2026-09-17T09:36:09.0591113Z shell: C:\Program Files\Git\bin\bash.EXE --noprofile --norc -e -o pipefail {0}
2026-09-17T09:36:09.0591487Z env:
2026-09-17T09:36:09.0591697Z   RAYON_NUM_THREADS: 2
2026-09-17T09:36:09.0591898Z   CARGO_BUILD_JOBS: 2
2026-09-17T09:36:09.0592092Z ##[endgroup]
2026-09-17T09:36:09.3901435Z    Compiling cfg-if v1.0.4
2026-09-17T09:36:09.3902217Z    Compiling proc-macro2 v1.0.107
2026-09-17T09:36:09.4395347Z    Compiling getrandom v0.2.17
2026-09-17T09:36:09.6145212Z    Compiling rand_core v0.6.4
2026-09-17T09:36:09.8523651Z    Compiling quote v1.0.47
2026-09-17T09:36:11.5775207Z    Compiling unicode-ident v1.0.24
2026-09-17T09:36:11.7342058Z    Compiling subtle v2.6.1
2026-09-17T09:36:11.8828836Z    Compiling version_check v0.9.5
2026-09-17T09:36:12.4724131Z    Compiling generic-array v0.14.7
2026-09-17T09:36:12.4780063Z    Compiling typenum v1.20.1
2026-09-17T09:36:12.6781246Z    Compiling syn v2.0.119
2026-09-17T09:36:13.9267316Z    Compiling crypto-common v0.1.7
2026-09-17T09:36:14.0302908Z    Compiling radium v0.7.0
2026-09-17T09:36:14.2382714Z    Compiling tap v1.0.1
2026-09-17T09:36:14.3144081Z    Compiling wyz v0.5.1
2026-09-17T09:36:14.6953057Z    Compiling autocfg v1.5.1
2026-09-17T09:36:15.0851564Z    Compiling zerocopy v0.8.57
2026-09-17T09:36:15.4089618Z    Compiling funty v2.0.0
2026-09-17T09:36:16.8784343Z    Compiling bitvec v1.1.1
2026-09-17T09:36:18.0080501Z    Compiling zeroize_derive v1.5.0
2026-09-17T09:36:19.6024832Z    Compiling ff v0.13.1
2026-09-17T09:36:19.7220503Z    Compiling zeroize v1.9.0
2026-09-17T09:36:19.8903111Z    Compiling constant_time_eq v0.4.2
2026-09-17T09:36:20.0470768Z    Compiling crossbeam-utils v0.8.23
2026-09-17T09:36:20.2816007Z    Compiling memuse v0.2.2
2026-09-17T09:36:20.4387912Z    Compiling arrayvec v0.7.8
2026-09-17T09:36:20.6521653Z    Compiling blake2b_simd v1.0.5
2026-09-17T09:36:22.6358619Z    Compiling ppv-lite86 v0.2.21
2026-09-17T09:36:23.0169979Z    Compiling crossbeam-epoch v0.9.21
2026-09-17T09:36:23.9192065Z    Compiling rand_chacha v0.3.1
2026-09-17T09:36:24.0178656Z    Compiling group v0.13.0
2026-09-17T09:36:24.2144795Z    Compiling inout v0.1.4
2026-09-17T09:36:24.3260812Z    Compiling static_assertions v1.1.0
2026-09-17T09:36:24.3748253Z    Compiling cpufeatures v0.2.17
2026-09-17T09:36:24.4229474Z    Compiling spin v0.9.9
2026-09-17T09:36:24.5252570Z    Compiling crossbeam-deque v0.8.8
2026-09-17T09:36:24.7422209Z    Compiling lazy_static v1.5.0
2026-09-17T09:36:24.7960519Z    Compiling cipher v0.4.4
2026-09-17T09:36:24.8013702Z    Compiling rand v0.8.5
2026-09-17T09:36:25.4877754Z    Compiling rayon-core v1.13.0
2026-09-17T09:36:25.6395488Z    Compiling pasta_curves v0.5.2
2026-09-17T09:36:25.8438957Z    Compiling num-traits v0.2.19
2026-09-17T09:36:26.0075592Z    Compiling syn v3.0.5
2026-09-17T09:36:28.5183152Z    Compiling either v1.18.0
2026-09-17T09:36:30.9287311Z    Compiling indexmap v1.9.3
2026-09-17T09:36:31.0822443Z    Compiling crunchy v0.2.4
2026-09-17T09:36:31.2805722Z    Compiling once_cell v1.21.4
2026-09-17T09:36:31.4921506Z    Compiling serde_core v1.0.229
2026-09-17T09:36:31.7699878Z    Compiling tracing-core v0.1.36
2026-09-17T09:36:33.1137109Z    Compiling rayon v1.12.0
2026-09-17T09:36:36.7290592Z    Compiling tracing-attributes v0.1.31
2026-09-17T09:36:38.0200089Z    Compiling universal-hash v0.5.1
2026-09-17T09:36:38.1143167Z    Compiling block-buffer v0.10.4
2026-09-17T09:36:38.2256721Z    Compiling hex v0.4.3
2026-09-17T09:36:38.4893552Z    Compiling hashbrown v0.12.3
2026-09-17T09:36:39.0841738Z    Compiling byteorder v1.5.0
2026-09-17T09:36:39.3291851Z    Compiling thiserror v2.0.20
2026-09-17T09:36:39.6057109Z    Compiling pin-project-lite v0.2.17
2026-09-17T09:36:39.6667278Z    Compiling opaque-debug v0.3.1
2026-09-17T09:36:39.7109832Z    Compiling serde v1.0.229
2026-09-17T09:36:39.9553227Z    Compiling libm v0.2.16
2026-09-17T09:36:40.2532364Z    Compiling poly1305 v0.8.0
2026-09-17T09:36:41.0487219Z    Compiling tracing v0.1.44
2026-09-17T09:36:41.9916262Z    Compiling digest v0.10.7
2026-09-17T09:36:42.1930452Z    Compiling num-integer v0.1.47
2026-09-17T09:36:42.8201924Z    Compiling maybe-rayon v0.1.1
2026-09-17T09:36:45.3436763Z    Compiling thiserror-impl v2.0.20
2026-09-17T09:36:46.5736968Z    Compiling serde_derive v1.0.229
2026-09-17T09:36:49.6849913Z    Compiling chacha20 v0.9.1
2026-09-17T09:36:49.8868149Z    Compiling bls12_381 v0.8.0
2026-09-17T09:36:50.5195398Z    Compiling aead v0.5.2
2026-09-17T09:36:50.6582061Z    Compiling halo2_legacy_pdqsort v0.1.0
2026-09-17T09:36:50.7877056Z    Compiling halo2_proofs v0.3.5
2026-09-17T09:36:57.3932480Z    Compiling chacha20poly1305 v0.10.1
2026-09-17T09:36:57.4933191Z    Compiling jubjub v0.10.0
2026-09-17T09:37:02.8581841Z    Compiling uint v0.9.5
2026-09-17T09:37:02.8905523Z    Compiling num-bigint v0.4.8
2026-09-17T09:37:05.4096179Z    Compiling sinsemilla v0.1.0
2026-09-17T09:37:07.0290840Z    Compiling halo2_poseidon v0.1.0
2026-09-17T09:37:07.9682185Z    Compiling cbc v0.1.2
2026-09-17T09:37:08.0722761Z    Compiling zcash_spec v0.2.1
2026-09-17T09:37:08.1664976Z    Compiling base64ct v1.8.3
2026-09-17T09:37:08.4693673Z    Compiling bech32 v0.11.1
2026-09-17T09:37:08.6990053Z    Compiling password-hash v0.5.0
2026-09-17T09:37:09.0195817Z    Compiling zip32 v0.2.1
2026-09-17T09:37:09.5658131Z    Compiling fpe v0.6.1
2026-09-17T09:37:09.9860240Z    Compiling halo2_gadgets v0.5.0
2026-09-17T09:37:10.7220620Z    Compiling reddsa v0.5.2
2026-09-17T09:37:11.1669874Z    Compiling zcash_note_encryption v0.4.2
2026-09-17T09:37:11.4003158Z    Compiling blake2 v0.10.6
2026-09-17T09:37:12.0346331Z    Compiling incrementalmerkletree v0.8.1
2026-09-17T09:37:12.2741853Z    Compiling aes v0.8.4
2026-09-17T09:37:13.6112826Z    Compiling visibility v0.1.1
2026-09-17T09:37:13.8798844Z    Compiling getset v0.1.7
2026-09-17T09:37:14.4567345Z    Compiling corez v0.1.1
2026-09-17T09:37:14.5010858Z    Compiling nonempty v0.11.0
2026-09-17T09:37:14.6397462Z    Compiling argon2 v0.5.3
2026-09-17T09:37:16.0373533Z    Compiling orchard v0.15.5
2026-09-17T09:37:18.6037622Z    Compiling sha2 v0.10.9
2026-09-17T09:37:20.7126823Z    Compiling zevune-orchard-lab v0.1.0 (D:\a\Zevune\Zevune\integration\orchard)
2026-09-17T09:40:03.9644349Z     Finished `release` profile [optimized] target(s) in 3m 54s
2026-09-17T09:40:03.9788490Z      Running unittests src\lib.rs (target\release\deps\zevune_orchard_lab-8c28cc35c6365faf.exe)
2026-09-17T09:40:03.9910519Z 
2026-09-17T09:40:03.9910871Z running 132 tests
2026-09-17T09:40:04.0278471Z test pool::active::tests::another_process_cannot_open_held_genesis_lock ... ok
2026-09-17T09:40:04.0279328Z test pool::active::tests::budgets_include_framing_total_tail_and_the_independent_segment_cap ... ok
2026-09-17T09:40:04.0712013Z test pool::active::tests::captured_reader_requires_each_real_eof_and_poisoned_readers_cannot_resume ... ok
2026-09-17T09:40:04.0854777Z test pool::active::tests::create_is_exclusive_bounded_and_preserves_existing_bytes ... ok
2026-09-17T09:40:04.1077057Z test pool::active::tests::early_rotation_and_split_frames_are_rejected_even_with_valid_checksums ... ok
2026-09-17T09:40:04.3029256Z test pool::active::tests::failed_next_segment_publication_keeps_all_sealed_prefix_bytes_and_no_repair ... ok
2026-09-17T09:40:04.4199394Z test pool::active::tests::full_segment_and_next_frame_rotate_canonically_without_crossing ... ok
2026-09-17T09:40:04.5522466Z test pool::active::tests::interruption_leaves_metadata_unchanged_and_preserves_the_recoverable_prefix ... ok
2026-09-17T09:40:04.5671061Z test pool::active::tests::malformed_frame_and_capacity_rejection_create_no_files_or_bytes ... ok
2026-09-17T09:40:04.6575107Z test pool::active::tests::readers_retain_the_exclusive_root_lock_and_have_independent_positions ... ok
2026-09-17T09:40:04.6695444Z test pool::active::tests::unknown_entry_after_open_is_not_ignored_or_removed ... ok
2026-09-17T09:40:04.7569323Z test pool::active::tests::unknown_missing_empty_and_truncated_segments_fail_closed_without_repair ... ok
2026-09-17T09:40:04.7856889Z test pool::active::tests::windows_retained_handles_block_file_and_directory_rename_until_drop ... ok
2026-09-17T09:40:04.7939599Z test pool::capacity_tests::capacity_accounting_matches_the_actual_record_encoder ... ok
2026-09-17T09:40:07.7504190Z test pool::capacity_tests::capacity_commit_rechecks_the_budget_and_preserves_the_source ... ok
2026-09-17T09:40:13.6956984Z test pool::capacity_tests::capacity_exact_empty_frame_commits_reopens_and_stops_cleanly ... ok
2026-09-17T09:40:16.6579884Z test pool::capacity_tests::capacity_invalid_instance_still_fails_closed ... ok
2026-09-17T09:40:16.6582154Z test pool::capacity_tests::capacity_invalid_lengths_counts_and_overflow_are_rejected ... ok
2026-09-17T09:40:19.5911542Z test pool::capacity_tests::capacity_prepare_rejects_before_unpersistable_empty_block ... ok
2026-09-17T09:40:22.5414086Z test pool::capacity_tests::capacity_rejects_before_attempting_any_candidate_authorization ... ok
2026-09-17T09:40:25.4878942Z test pool::capacity_tests::capacity_selection_requires_space_for_even_an_empty_record ... ok
2026-09-17T09:40:25.4881341Z test pool::recovery::active::tests::checkpoint_codec_has_exact_length_distinct_magic_and_bounded_arithmetic ... ok
2026-09-17T09:40:43.4570606Z test pool::recovery::active::tests::checkpoint_export_preserves_prepared_work_and_never_certifies_uncommitted_bytes ... ok
2026-09-17T09:41:02.1272056Z test pool::recovery::active::tests::checkpoint_export_replays_same_length_replacement_and_never_publishes_its_state ... ok
2026-09-17T09:41:10.9605381Z test pool::recovery::active::tests::creating_a_target_is_exclusive_and_source_validation_precedes_creation ... ok
2026-09-17T09:41:16.8208110Z test pool::recovery::active::tests::exported_genesis_checkpoint_matches_independent_fixed_layout_vector ... ok
2026-09-17T09:41:58.6435965Z test pool::recovery::active::tests::final_source_and_target_namespace_changes_cannot_return_success ... ok
2026-09-17T09:43:35.9704280Z test pool::recovery::active::tests::genesis_and_committed_archive_copies_preserve_every_file_and_continue_normally ... ok
2026-09-17T09:43:46.2086293Z test pool::recovery::active::tests::incompatible_checkpoint_profiles_reject_without_poisoning_healthy_stores ... ok
2026-09-17T09:44:39.6043525Z test pool::recovery::active::tests::namespace_tests::active_archive_locks_coordinate_real_processes ... ok
2026-09-17T09:44:46.1335273Z test pool::recovery::active::tests::namespace_tests::failed_open_releases_all_acquired_file_and_directory_handles ... ok
2026-09-17T09:45:13.6606111Z test pool::recovery::active::tests::namespace_tests::readonly_source_files_copy_into_a_normally_writable_active_directory ... ok
2026-09-17T09:45:22.5789222Z test pool::recovery::active::tests::namespace_tests::unknown_entry_after_open_prevents_verification_and_creates_no_target ... ok
2026-09-17T09:45:43.4482966Z test pool::recovery::active::tests::namespace_tests::windows_files_and_directory_cannot_be_renamed_or_deleted_until_last_reader_drops ... ok
2026-09-17T09:46:31.7726761Z test pool::recovery::active::tests::partial_copies_and_lost_acknowledgements_preserve_targets_without_retry_or_repair ... ok
2026-09-17T09:46:40.9403963Z test pool::recovery::active::tests::repinned_headers_are_bounded_inside_the_physical_genesis_file ... ok
2026-09-17T09:47:08.0808868Z test pool::recovery::active::tests::repinned_layout_still_requires_complete_frames_canonical_rotation_and_real_state ... ok
2026-09-17T09:47:11.1235525Z test pool::recovery::active::tests::retained_replay_binds_the_independently_expected_genesis_after_a_same_length_change ... ok
2026-09-17T09:47:26.8846289Z test pool::recovery::segments::index::tests::all_records_locate_correctly_across_real_production_segment_boundaries ... ok
2026-09-17T09:48:17.9031476Z test pool::recovery::segments::index::tests::both_profiles_have_exact_height_locations_and_unchanged_source ... ok
2026-09-17T09:48:42.0808544Z test pool::recovery::segments::index::tests::changed_captured_length_and_wrong_pinned_tip_are_rejected ... ok
2026-09-17T09:48:42.0810310Z test pool::recovery::segments::index::tests::exact_segment_end_is_not_attributed_to_a_nonexistent_next_segment ... ok
2026-09-17T09:48:57.1745864Z test pool::recovery::segments::index::tests::genesis_only_has_no_phantom_record ... ok
2026-09-17T09:49:03.3872496Z test pool::recovery::segments::index::tests::index_builder_rejects_gaps_overlaps_wrong_heights_hashes_and_bombs ... ok
2026-09-17T09:49:29.2878177Z test pool::recovery::segments::index::tests::metadata_or_late_replay_failure_never_yields_a_prefix_index ... ok
2026-09-17T09:49:29.2880534Z test pool::recovery::segments::reader_tests::exact_payload_requires_last_segment_eof_check_before_success ... ok
2026-09-17T09:49:29.2883048Z test pool::recovery::segments::reader_tests::hard_io_failure_at_each_boundary_permanently_invalidates_reader ... ok
2026-09-17T09:49:29.2885301Z test pool::recovery::segments::reader_tests::inconsistent_private_reader_metadata_returns_error_instead_of_panicking ... ok
2026-09-17T09:49:29.2887628Z test pool::recovery::segments::reader_tests::interrupted_short_reads_and_segment_end_checks_do_not_poison_reader ... ok
2026-09-17T09:49:29.2889722Z test pool::recovery::segments::reader_tests::truncated_or_extended_segment_cannot_be_skipped_by_retry ... ok
2026-09-17T09:49:57.7849716Z test pool::recovery::segments::tests::actual_multisegment_replay_crosses_record_boundary_and_restores_exact_bytes ... ok
2026-09-17T09:49:57.7871878Z test pool::recovery::segments::tests::empty_read_does_not_advance_and_segment_eof_is_not_journal_eof ... ok
2026-09-17T09:50:10.0675439Z test pool::recovery::segments::tests::every_publication_failure_preserves_source_and_cannot_be_retried_in_place ... ok
2026-09-17T09:50:10.0677714Z test pool::recovery::segments::tests::manifest_is_exact_bounded_and_contains_no_supplied_paths ... ok
2026-09-17T09:50:28.8434877Z test pool::recovery::segments::tests::missing_extra_swapped_truncated_or_changed_segments_are_rejected ... ok
2026-09-17T09:50:43.5529964Z test pool::recovery::segments::tests::namespace_tests::extra_file_after_open_is_rejected_without_removal_or_output ... ok
2026-09-17T09:50:55.3742512Z test pool::recovery::segments::tests::namespace_tests::failed_open_releases_directory_guard_and_all_acquired_file_locks ... ok
2026-09-17T09:51:46.1101275Z test pool::recovery::segments::tests::namespace_tests::unchanged_archives_retain_multiple_readers_and_release_handles_on_drop ... ok
2026-09-17T09:52:16.0496797Z test pool::recovery::segments::tests::namespace_tests::windows_newly_packed_handles_preserve_names_without_reopening ... ok
2026-09-17T09:52:42.6387563Z test pool::recovery::segments::tests::namespace_tests::windows_open_archive_rejects_entry_and_directory_rename_until_drop ... ok
2026-09-17T09:53:11.5274025Z test pool::recovery::segments::tests::pack_and_restore_are_create_only_and_archive_readers_keep_real_locks ... ok
2026-09-17T09:53:51.2770018Z test pool::recovery::segments::tests::partial_restore_and_lost_ack_leave_explicitly_verifiable_targets ... ok
2026-09-17T09:53:54.2641286Z test pool::recovery::tests::recovery_checkpoint_codec_bounds_and_every_truncation ... ok
2026-09-17T09:54:06.9700982Z test pool::recovery::tests::recovery_full_copy_matches_and_original_keeps_prepared_block ... ok
2026-09-17T09:54:13.4239284Z test pool::recovery::tests::recovery_invalid_store_does_not_export_a_checkpoint ... ok
2026-09-17T09:54:26.6612728Z test pool::recovery::tests::recovery_partial_write_and_lost_ack_never_replace_or_repair_source ... ok
2026-09-17T09:54:33.3093866Z test pool::recovery::tests::recovery_refuses_overwrite_live_writers_links_and_unknown_paths ... ok
2026-09-17T09:54:36.6144847Z test pool::recovery::tests::recovery_untrusted_header_sizes_are_bounded_even_with_a_matching_file_hash ... ok
2026-09-17T09:54:49.8207883Z test pool::recovery::tests::recovery_wrong_state_domain_length_or_bytes_pin_rejected ... ok
2026-09-17T09:54:56.6129336Z test pool::recovery::tests::replay_integration_tests::a_shorter_valid_archive_needs_its_own_pin_not_the_later_checkpoint ... ok
2026-09-17T09:55:13.4058140Z test pool::recovery::tests::replay_integration_tests::checkpoint_export_and_archive_copy_discard_history_but_keep_the_exact_tip ... ok
2026-09-17T09:55:23.6246689Z test pool::recovery::tests::replay_integration_tests::checkpoint_export_rejects_a_valid_same_length_alternate_history ... ok
2026-09-17T09:55:50.0410405Z test pool::recovery::tests::replay_integration_tests::every_recovery_entry_uses_isolated_replay_without_per_block_state_copies ... ok
2026-09-17T09:55:59.9370640Z test pool::recovery::tests::replay_integration_tests::injected_replay_failure_keeps_lock_and_blocks_prepared_commit_without_repair ... ok
2026-09-17T09:56:13.2419799Z test pool::recovery::tests::replay_integration_tests::normal_append_handles_preserve_history_even_after_read_cursor_rewinds ... ok
2026-09-17T09:56:19.8658850Z test pool::recovery::tests::replay_integration_tests::wrong_final_result_with_new_checksums_never_returns_a_verified_archive ... ok
2026-09-17T09:56:26.4274544Z test pool::replay::tests::a_complete_shorter_prefix_still_requires_an_independent_checkpoint ... ok
2026-09-17T09:56:32.9806090Z test pool::replay::tests::checksum_mutations_and_structural_corruption_do_not_replay ... ok
2026-09-17T09:56:32.9808124Z test pool::replay::tests::declared_size_and_record_count_are_bounded_before_body_allocation ... ok
2026-09-17T09:56:39.5652695Z test pool::replay::tests::every_truncated_frame_and_appended_byte_is_rejected ... ok
2026-09-17T09:56:46.1241364Z test pool::replay::tests::finish_requires_verified_eof_and_errors_permanently_poison_replay ... ok
2026-09-17T09:56:52.7845739Z test pool::replay::tests::fragmented_reads_and_interrupted_eof_are_retried_without_skipping ... ok
2026-09-17T09:56:59.4382669Z test pool::replay::tests::input_failure_is_never_converted_to_a_successful_empty_history ... ok
2026-09-17T09:57:05.9960958Z test pool::replay::tests::io_fault_at_every_record_byte_including_final_eof_drops_the_reconstruction ... ok
2026-09-17T09:57:12.4981734Z test pool::replay::tests::maximum_record_window_is_replayed_without_copying_the_full_state_per_block ... ok
2026-09-17T09:57:12.5003051Z test pool::replay::tests::reusable_buffer_does_not_decode_stale_tail_bytes_after_a_shorter_record ... ok
2026-09-17T09:57:12.5005064Z test pool::replay::tests::shared_eof_does_not_swallow_read_errors_or_trailing_data ... ok
2026-09-17T09:57:12.5007528Z test pool::replay::tests::shared_header_and_eof_retry_interrupted_and_short_reads ... ok
2026-09-17T09:57:12.5010149Z test pool::replay::tests::shared_header_preserves_both_profiles_and_leaves_records_unread ... ok
2026-09-17T09:57:12.5012437Z test pool::replay::tests::shared_header_rejects_bounds_before_reading_commitment_payload ... ok
2026-09-17T09:57:12.5014524Z test pool::replay::tests::shared_header_rejects_unknown_network_domain_and_truncation ... ok
2026-09-17T09:57:19.1415526Z test pool::replay::tests::startup_and_wallet_history_share_replay_and_preserve_journal_bytes ... ok
2026-09-17T09:58:00.6504625Z test pool::tests::actual_two_hop_pool_commit_replay_and_corruption ... ok
2026-09-17T09:58:08.1554352Z test pool::tests::empty_pool_lock_restart_and_no_overwrite ... ok
2026-09-17T09:58:15.4854896Z test pool::tests::lost_sync_acknowledgement_remains_uncertain_until_replay ... ok
2026-09-17T09:58:22.6701127Z test pool::tests::partial_write_poison_does_not_advance_memory_or_repair_disk ... ok
2026-09-17T09:58:22.6718305Z test pool::tests::record_decoder_rejects_truncation_trailing_and_length_bombs ... ok
2026-09-17T09:58:26.4469157Z test pool::tests::tampered_prepared_result_and_resource_limits ... ok
2026-09-17T09:59:03.5458991Z test pool::wallet_flow_tests::durable_wallet_outbox_resumes_exact_real_payment_after_lost_acknowledgement ... ok
2026-09-17T09:59:06.5200833Z test pool::wallet_flow_tests::wallet_history_replay_keeps_append_cursor_and_rejects_disk_drift ... ok
2026-09-17T09:59:54.3685916Z test pool::wallet_flow_tests::wallet_nonzero_multinote_payment_change_expiry_backup_and_rescan ... ok
2026-09-17T10:00:01.2295334Z test pool::wallet_flow_tests::wallet_rejects_changed_checkpoint_ancestry_without_mutation ... ok
2026-09-17T10:00:01.2297326Z test signing_domain_vectors::every_context_component_changes_the_bound_signature_message ... ok
2026-09-17T10:00:01.2299553Z test signing_domain_vectors::legacy_and_bound_transcripts_match_independent_sha256_vectors ... ok
2026-09-17T10:00:01.8415298Z test wallet::tests::shared_witnesses_match_upstream_frontier_for_odd_and_even_trees ... ok
2026-09-17T10:00:01.9529262Z test wallet::vault::independent_kdf_vector::argon2id_matches_independent_argon2_cffi_reference ... ok
2026-09-17T10:00:06.1647272Z test wallet::vault::store::compact_tests::compacted_checkpoint_is_authenticated_but_requires_rescan_and_new_receipt ... ok
2026-09-17T10:00:10.1801735Z test wallet::vault::store::compact_tests::compaction_requires_exact_current_pin_and_never_overwrites_targets ... ok
2026-09-17T10:00:10.3190107Z test wallet::vault::store::compact_tests::corrupt_or_poisoned_source_cannot_be_compacted_into_a_fresh_looking_copy ... ok
2026-09-17T10:00:11.1830648Z test wallet::vault::store::compact_tests::partial_and_lost_ack_compaction_preserve_source_and_do_not_repair_targets ... ok
2026-09-17T10:00:15.1675506Z test wallet::vault::store::tests::authenticated_predecessor_rejects_rewritten_hash_chain_and_other_journal ... ok
2026-09-17T10:00:18.5858697Z test wallet::vault::store::tests::bounds_padding_and_live_disk_drift_fail_closed ... ok
2026-09-17T10:00:18.7219083Z test wallet::vault::store::tests::capacity_inspection_is_read_only_and_does_not_claim_synced_balance ... ok
2026-09-17T10:00:22.7405132Z test wallet::vault::store::tests::create_sync_backup_reopen_and_exact_source_protection ... ok
2026-09-17T10:00:26.6840309Z test wallet::vault::store::tests::legacy_snapshot_import_preserves_missing_outbox_reservation ... ok
2026-09-17T10:00:26.6841783Z test wallet::vault::store::tests::lock_child ... ok
2026-09-17T10:00:26.8331482Z test wallet::vault::store::tests::lock_is_enforced_across_processes ... ok
2026-09-17T10:00:30.4713687Z test wallet::vault::store::tests::lost_acknowledgement_is_uncertain_and_reopen_reconciles_complete_record ... ok
2026-09-17T10:00:30.4728342Z test wallet::vault::store::tests::missing_and_nonregular_files_are_not_created_or_repaired ... ok
2026-09-17T10:00:33.9860345Z test wallet::vault::store::tests::partial_write_poison_preserves_failure_and_never_truncates_on_reopen ... ok
2026-09-17T10:00:34.1248648Z test wallet::vault::store::tests::truncated_and_oversized_files_never_invoke_unbounded_reads ... ok
2026-09-17T10:00:38.0244773Z test wallet::vault::store::tests::valid_prefix_needs_independent_receipt_for_rollback_detection ... ok
2026-09-17T10:00:38.9835326Z test wallet::vault::tests::encrypted_roundtrip_randomization_and_wrong_password ... ok
2026-09-17T10:00:38.9936154Z test wallet::vault::tests::rejects_lengths_versions_and_kdf_bombs_before_derivation ... ok
2026-09-17T10:00:39.0052431Z test wallet::vault::tests::snapshot_rejects_noncanonical_flags_padding_and_duplicate_reservations ... ok
2026-09-17T10:00:39.0061835Z test wire::cache::tests::concurrent_success_memoization_preserves_exact_entries_and_bounds ... ok
2026-09-17T10:00:39.0064290Z test wire::cache::tests::exact_bytes_required_even_for_a_forced_digest_collision ... ok
2026-09-17T10:00:39.0066487Z test wire::cache::tests::fifo_capacity_and_duplicate_insert_are_bounded ... ok
2026-09-17T10:00:39.0068125Z test wire::cache::tests::invalid_sizes_cannot_fill_the_cache ... ok
2026-09-17T10:00:39.0070353Z test worker::tests::bounded_frame_rejections ... ok
2026-09-17T10:00:39.0072102Z test worker::tests::fingerprint_matches_go_vector ... ok
2026-09-17T10:00:39.0073787Z test worker::tests::frame_roundtrip ... ok
2026-09-17T10:00:39.0074236Z 
2026-09-17T10:00:39.0076067Z test result: ok. 132 passed; 0 failed; 0 ignored; 0 measured; 0 filtered out; finished in 1234.98s
2026-09-17T10:00:39.0076727Z 
2026-09-17T10:00:39.0117176Z      Running unittests src\bin\zevune-orchard-worker.rs (target\release\deps\zevune_orchard_worker-44b822ff81aab2c2.exe)
2026-09-17T10:00:39.0229488Z 
2026-09-17T10:00:39.0230072Z running 0 tests
2026-09-17T10:00:39.0230506Z 
2026-09-17T10:00:39.0231257Z test result: ok. 0 passed; 0 failed; 0 ignored; 0 measured; 0 filtered out; finished in 0.00s
2026-09-17T10:00:39.0231895Z 
2026-09-17T10:00:39.0249019Z      Running unittests src\bin\zevune-pool-worker.rs (target\release\deps\zevune_pool_worker-5279a52ee5383636.exe)
2026-09-17T10:00:39.0349150Z 
2026-09-17T10:00:39.0349541Z running 3 tests
2026-09-17T10:00:39.0353268Z test tests::block_decoder_bounds ... ok
2026-09-17T10:00:39.0355155Z test tests::frame_truncation_and_bombs ... ok
2026-09-17T10:00:39.0357287Z test tests::selection_frame_is_bounded_canonical_and_separate_from_blocks ... ok
2026-09-17T10:00:39.0357867Z 
2026-09-17T10:00:39.0358305Z test result: ok. 3 passed; 0 failed; 0 ignored; 0 measured; 0 filtered out; finished in 0.00s
2026-09-17T10:00:39.0358916Z 
2026-09-17T10:00:39.0375185Z      Running tests\active_recovery_cli.rs (target\release\deps\active_recovery_cli-42fb7233eb0d0852.exe)
2026-09-17T10:00:39.0475077Z 
2026-09-17T10:00:39.0475559Z running 0 tests
2026-09-17T10:00:39.0476045Z 
2026-09-17T10:00:39.0476519Z test result: ok. 0 passed; 0 failed; 0 ignored; 0 measured; 0 filtered out; finished in 0.00s
2026-09-17T10:00:39.0477102Z 
2026-09-17T10:00:39.0494515Z      Running tests\authorization_cache.rs (target\release\deps\authorization_cache-b0bc5af9f09a5cde.exe)
2026-09-17T10:00:39.0611762Z 
2026-09-17T10:00:39.0612205Z running 1 test
2026-09-17T10:00:41.6671129Z test real_authorization_reuse_rejects_changed_bytes_and_restarts_cold ... 
2026-09-17T10:00:41.6806876Z ##[error]The operation was canceled.
2026-09-17T10:00:41.8936865Z Post job cleanup.
2026-09-17T10:00:42.3393924Z [command]"C:\Program Files\Git\bin\git.exe" version
2026-09-17T10:00:42.3739297Z git version 2.55.0.windows.5
2026-09-17T10:00:42.3808205Z Temporarily overriding HOME='D:\a\_temp\d0a61578-cf2d-46e1-9d8f-183bb1b62b22' before making global git config changes
2026-09-17T10:00:42.3809470Z Adding repository directory to the temporary git global config as a safe directory
2026-09-17T10:00:42.3820636Z [command]"C:\Program Files\Git\bin\git.exe" config --global --add safe.directory D:\a\Zevune\Zevune
2026-09-17T10:00:42.4288012Z [command]"C:\Program Files\Git\bin\git.exe" config --local --name-only --get-regexp core\.sshCommand
2026-09-17T10:00:42.4707495Z [command]"C:\Program Files\Git\bin\git.exe" submodule foreach --recursive "sh -c \"git config --local --name-only --get-regexp 'core\.sshCommand' && git config --local --unset-all 'core.sshCommand' || :\""
2026-09-17T10:00:43.0590779Z [command]"C:\Program Files\Git\bin\git.exe" config --local --name-only --get-regexp http\.https\:\/\/github\.com\/\.extraheader
2026-09-17T10:00:43.0921192Z [command]"C:\Program Files\Git\bin\git.exe" submodule foreach --recursive "sh -c \"git config --local --name-only --get-regexp 'http\.https\:\/\/github\.com\/\.extraheader' && git config --local --unset-all 'http.https://github.com/.extraheader' || :\""
2026-09-17T10:00:43.7451959Z Cleaning up orphan processes
