2026-09-17T09:43:15.5613777Z Current runner version: '2.337.0'
2026-09-17T09:43:15.5638206Z ##[group]Runner Image Provisioner
2026-09-17T09:43:15.5638983Z Hosted Compute Agent
2026-09-17T09:43:15.5639548Z Version: 20260828.587
2026-09-17T09:43:15.5640148Z Commit: abac92662cab4cc7352de4f9f9d2e2419aad9c29
2026-09-17T09:43:15.5640811Z Build Date: 2026-08-28T16:44:25Z
2026-09-17T09:43:15.5641462Z Worker ID: {73b797bb-ab2d-4c9f-b71c-0d050b267464}
2026-09-17T09:43:15.5642117Z Azure Region: eastus2
2026-09-17T09:43:15.5642627Z ##[endgroup]
2026-09-17T09:43:15.5643979Z ##[group]Operating System
2026-09-17T09:43:15.5644604Z Microsoft Windows Server 2025
2026-09-17T09:43:15.5645194Z 10.0.26100
2026-09-17T09:43:15.5646156Z Datacenter
2026-09-17T09:43:15.5646655Z ##[endgroup]
2026-09-17T09:43:15.5647168Z ##[group]Runner Image
2026-09-17T09:43:15.5647720Z Image: windows-2025-vs2026
2026-09-17T09:43:15.5648286Z Version: 20260907.229.1
2026-09-17T09:43:15.5649728Z Included Software: https://github.com/actions/runner-images/blob/win25-vs2026/20260907.229/images/windows/Windows2025-VS2026-Readme.md
2026-09-17T09:43:15.5651381Z Image Release: https://github.com/actions/runner-images/releases/tag/win25-vs2026%2F20260907.229
2026-09-17T09:43:15.5652313Z ##[endgroup]
2026-09-17T09:43:15.5653332Z ##[group]GITHUB_TOKEN Permissions
2026-09-17T09:43:15.5655085Z Contents: read
2026-09-17T09:43:15.5655665Z Metadata: read
2026-09-17T09:43:15.5656167Z ##[endgroup]
2026-09-17T09:43:15.5658309Z Secret source: Actions
2026-09-17T09:43:15.5660041Z Cache mode: write
2026-09-17T09:43:15.5661228Z Prepare workflow directory
2026-09-17T09:43:15.6136079Z Prepare all required actions
2026-09-17T09:43:15.6184384Z Getting action download info
2026-09-17T09:43:15.7763678Z Download action repository 'actions/checkout@08c6903cd8c0fde910a37f88322edcfb5dd907a8' (SHA:08c6903cd8c0fde910a37f88322edcfb5dd907a8)
2026-09-17T09:43:15.9763431Z Download action repository 'actions/setup-go@44694675825211faa026b3c33043df3e48a5fa00' (SHA:44694675825211faa026b3c33043df3e48a5fa00)
2026-09-17T09:43:16.7512777Z Complete job name: growth (windows-latest)
2026-09-17T09:43:16.9112777Z ##[group]Run actions/checkout@08c6903cd8c0fde910a37f88322edcfb5dd907a8
2026-09-17T09:43:16.9114277Z with:
2026-09-17T09:43:16.9114852Z   persist-credentials: false
2026-09-17T09:43:16.9115532Z   repository: youq616/Zevune
2026-09-17T09:43:16.9121603Z   token: ***
2026-09-17T09:43:16.9122189Z   ssh-strict: true
2026-09-17T09:43:16.9122746Z   ssh-user: git
2026-09-17T09:43:16.9123283Z   clean: true
2026-09-17T09:43:16.9123845Z   sparse-checkout-cone-mode: true
2026-09-17T09:43:16.9124758Z   fetch-depth: 1
2026-09-17T09:43:16.9125199Z   fetch-tags: false
2026-09-17T09:43:16.9125651Z   show-progress: true
2026-09-17T09:43:16.9126099Z   lfs: false
2026-09-17T09:43:16.9126520Z   submodules: false
2026-09-17T09:43:16.9126978Z   set-safe-directory: true
2026-09-17T09:43:16.9127756Z env:
2026-09-17T09:43:16.9128310Z   RAYON_NUM_THREADS: 2
2026-09-17T09:43:16.9129003Z   CARGO_BUILD_JOBS: 2
2026-09-17T09:43:16.9129951Z ##[endgroup]
2026-09-17T09:43:17.0527980Z Syncing repository: youq616/Zevune
2026-09-17T09:43:17.0530588Z ##[group]Getting Git version info
2026-09-17T09:43:17.0531700Z Working directory is 'D:\a\Zevune\Zevune'
2026-09-17T09:43:17.1566415Z [command]"C:\Program Files\Git\bin\git.exe" version
2026-09-17T09:43:17.6067426Z git version 2.55.0.windows.5
2026-09-17T09:43:17.6115018Z ##[endgroup]
2026-09-17T09:43:17.6135510Z Temporarily overriding HOME='D:\a\_temp\5bf14bf0-899e-4c3c-905e-db2f1e021709' before making global git config changes
2026-09-17T09:43:17.6140993Z Adding repository directory to the temporary git global config as a safe directory
2026-09-17T09:43:17.6150189Z [command]"C:\Program Files\Git\bin\git.exe" config --global --add safe.directory D:\a\Zevune\Zevune
2026-09-17T09:43:17.6957444Z Deleting the contents of 'D:\a\Zevune\Zevune'
2026-09-17T09:43:17.6964457Z ##[group]Initializing the repository
2026-09-17T09:43:17.6973860Z [command]"C:\Program Files\Git\bin\git.exe" init D:\a\Zevune\Zevune
2026-09-17T09:43:17.8071009Z Initialized empty Git repository in D:/a/Zevune/Zevune/.git/
2026-09-17T09:43:17.8112006Z [command]"C:\Program Files\Git\bin\git.exe" remote add origin https://github.com/youq616/Zevune
2026-09-17T09:43:17.8734243Z ##[endgroup]
2026-09-17T09:43:17.8735999Z ##[group]Disabling automatic garbage collection
2026-09-17T09:43:17.8742713Z [command]"C:\Program Files\Git\bin\git.exe" config --local gc.auto 0
2026-09-17T09:43:17.9023402Z ##[endgroup]
2026-09-17T09:43:17.9025062Z ##[group]Setting up auth
2026-09-17T09:43:17.9034482Z [command]"C:\Program Files\Git\bin\git.exe" config --local --name-only --get-regexp core\.sshCommand
2026-09-17T09:43:17.9313579Z [command]"C:\Program Files\Git\bin\git.exe" submodule foreach --recursive "sh -c \"git config --local --name-only --get-regexp 'core\.sshCommand' && git config --local --unset-all 'core.sshCommand' || :\""
2026-09-17T09:43:19.5874129Z [command]"C:\Program Files\Git\bin\git.exe" config --local --name-only --get-regexp http\.https\:\/\/github\.com\/\.extraheader
2026-09-17T09:43:19.6158239Z [command]"C:\Program Files\Git\bin\git.exe" submodule foreach --recursive "sh -c \"git config --local --name-only --get-regexp 'http\.https\:\/\/github\.com\/\.extraheader' && git config --local --unset-all 'http.https://github.com/.extraheader' || :\""
2026-09-17T09:43:20.1308933Z [command]"C:\Program Files\Git\bin\git.exe" config --local http.https://github.com/.extraheader "AUTHORIZATION: basic ***"
2026-09-17T09:43:20.1604329Z ##[endgroup]
2026-09-17T09:43:20.1605589Z ##[group]Fetching the repository
2026-09-17T09:43:20.1617300Z [command]"C:\Program Files\Git\bin\git.exe" -c protocol.version=2 fetch --no-tags --prune --no-recurse-submodules --depth=1 origin +fb5ec39a59cb87aec0662c7706dce1f9e85e1962:refs/remotes/pull/13/merge
2026-09-17T09:43:21.3266315Z From https://github.com/youq616/Zevune
2026-09-17T09:43:21.3267393Z  * [new ref]         fb5ec39a59cb87aec0662c7706dce1f9e85e1962 -> pull/13/merge
2026-09-17T09:43:21.3309897Z ##[endgroup]
2026-09-17T09:43:21.3313199Z ##[group]Determining the checkout info
2026-09-17T09:43:21.3314420Z ##[endgroup]
2026-09-17T09:43:21.3322042Z [command]"C:\Program Files\Git\bin\git.exe" sparse-checkout disable
2026-09-17T09:43:21.3845933Z [command]"C:\Program Files\Git\bin\git.exe" config --local --unset-all extensions.worktreeConfig
2026-09-17T09:43:21.4130784Z ##[group]Checking out the ref
2026-09-17T09:43:21.4138899Z [command]"C:\Program Files\Git\bin\git.exe" checkout --progress --force refs/remotes/pull/13/merge
2026-09-17T09:43:21.6117708Z Note: switching to 'refs/remotes/pull/13/merge'.
2026-09-17T09:43:21.6118253Z 
2026-09-17T09:43:21.6118627Z You are in 'detached HEAD' state. You can look around, make experimental
2026-09-17T09:43:21.6119657Z changes and commit them, and you can discard any commits you make in this
2026-09-17T09:43:21.6120601Z state without impacting any branches by switching back to a branch.
2026-09-17T09:43:21.6121133Z 
2026-09-17T09:43:21.6121634Z If you want to create a new branch to retain commits you create, you may
2026-09-17T09:43:21.6122558Z do so (now or later) by using -c with the switch command. Example:
2026-09-17T09:43:21.6123110Z 
2026-09-17T09:43:21.6123397Z   git switch -c <new-branch-name>
2026-09-17T09:43:21.6123846Z 
2026-09-17T09:43:21.6124041Z Or undo this operation with:
2026-09-17T09:43:21.6124462Z 
2026-09-17T09:43:21.6124755Z   git switch -
2026-09-17T09:43:21.6125063Z 
2026-09-17T09:43:21.6125533Z Turn off this advice by setting config variable advice.detachedHead to false
2026-09-17T09:43:21.6126116Z 
2026-09-17T09:43:21.6126896Z HEAD is now at fb5ec39 Merge 50ef0d9a5f7c7fdcf64118bd1e0f307457d37736 into 6913d4ab2fda6956db37e0ceb49790a4518c2762
2026-09-17T09:43:21.6229625Z ##[endgroup]
2026-09-17T09:43:21.6630109Z [command]"C:\Program Files\Git\bin\git.exe" log -1 --format=%H
2026-09-17T09:43:21.6884419Z fb5ec39a59cb87aec0662c7706dce1f9e85e1962
2026-09-17T09:43:21.6918240Z ##[group]Removing auth
2026-09-17T09:43:21.6925725Z [command]"C:\Program Files\Git\bin\git.exe" config --local --name-only --get-regexp core\.sshCommand
2026-09-17T09:43:21.7200562Z [command]"C:\Program Files\Git\bin\git.exe" submodule foreach --recursive "sh -c \"git config --local --name-only --get-regexp 'core\.sshCommand' && git config --local --unset-all 'core.sshCommand' || :\""
2026-09-17T09:43:22.2390250Z [command]"C:\Program Files\Git\bin\git.exe" config --local --name-only --get-regexp http\.https\:\/\/github\.com\/\.extraheader
2026-09-17T09:43:22.2632262Z http.https://github.com/.extraheader
2026-09-17T09:43:22.2667331Z [command]"C:\Program Files\Git\bin\git.exe" config --local --unset-all http.https://github.com/.extraheader
2026-09-17T09:43:22.2945370Z [command]"C:\Program Files\Git\bin\git.exe" submodule foreach --recursive "sh -c \"git config --local --name-only --get-regexp 'http\.https\:\/\/github\.com\/\.extraheader' && git config --local --unset-all 'http.https://github.com/.extraheader' || :\""
2026-09-17T09:43:22.8264245Z ##[endgroup]
2026-09-17T09:43:22.8844820Z Node 20 is being deprecated. This workflow is running with Node 24 by default. If you need to temporarily use Node 20, you can set the ACTIONS_ALLOW_USE_UNSECURE_NODE_VERSION=true environment variable. For more information see: https://github.blog/changelog/2025-09-19-deprecation-of-node-20-on-github-actions-runners/
2026-09-17T09:43:22.8847093Z ##[group]Run actions/setup-go@44694675825211faa026b3c33043df3e48a5fa00
2026-09-17T09:43:22.8847426Z with:
2026-09-17T09:43:22.8847610Z   go-version: 1.27.1
2026-09-17T09:43:22.8847855Z   cache-dependency-path: integration/cometbft/go.sum
2026-09-17T09:43:22.8848167Z   check-latest: false
2026-09-17T09:43:22.8850876Z   token: ***
2026-09-17T09:43:22.8851052Z   cache: true
2026-09-17T09:43:22.8851211Z env:
2026-09-17T09:43:22.8851363Z   RAYON_NUM_THREADS: 2
2026-09-17T09:43:22.8851563Z   CARGO_BUILD_JOBS: 2
2026-09-17T09:43:22.8851749Z ##[endgroup]
2026-09-17T09:43:23.0403546Z Setup go version spec 1.27.1
2026-09-17T09:43:23.0417020Z Attempting to download 1.27.1...
2026-09-17T09:43:23.0599592Z (node:4044) [DEP0040] DeprecationWarning: The `punycode` module is deprecated. Please use a userland alternative instead.
2026-09-17T09:43:23.0600315Z (Use `node --trace-deprecation ...` to show where the warning was created)
2026-09-17T09:43:23.5127826Z matching 1.27.1...
2026-09-17T09:43:23.5155441Z Acquiring 1.27.1 from https://github.com/actions/go-versions/releases/download/1.27.1-33583469715/go-1.27.1-win32-x64.zip
2026-09-17T09:43:24.1584680Z Extracting Go...
2026-09-17T09:43:24.2830509Z [command]"C:\Program Files\PowerShell\7\pwsh.exe" -NoLogo -NoProfile -NonInteractive -ExecutionPolicy Unrestricted -Command "$ErrorActionPreference = 'Stop' ; try { Add-Type -AssemblyName System.IO.Compression.ZipFile } catch { } ; try { [System.IO.Compression.ZipFile]::ExtractToDirectory('D:\a\_temp\go-1.27.1-win32-x64.zip', 'D:\a\_temp\6d377949-5d27-448b-bb88-b0414a213368', $true) } catch { if (($_.Exception.GetType().FullName -eq 'System.Management.Automation.MethodException') -or ($_.Exception.GetType().FullName -eq 'System.Management.Automation.RuntimeException') ){ Expand-Archive -LiteralPath 'D:\a\_temp\go-1.27.1-win32-x64.zip' -DestinationPath 'D:\a\_temp\6d377949-5d27-448b-bb88-b0414a213368' -Force } else { throw $_ } } ;"
2026-09-17T09:43:29.5963551Z Successfully extracted go to D:\a\_temp\6d377949-5d27-448b-bb88-b0414a213368
2026-09-17T09:43:29.5964335Z Adding to the cache ...
2026-09-17T09:43:41.2347611Z Created link C:\hostedtoolcache\windows\go\1.27.1\x64 => D:\hostedtoolcache\windows\go\1.27.1\x64
2026-09-17T09:43:41.2355327Z Created link C:\hostedtoolcache\windows\go\1.27.1\x64.complete => D:\hostedtoolcache\windows\go\1.27.1\x64.complete
2026-09-17T09:43:41.2356687Z Successfully cached go to C:\hostedtoolcache\windows\go\1.27.1\x64
2026-09-17T09:43:41.2362392Z Added go to the path
2026-09-17T09:43:41.2365558Z Successfully set up Go version 1.27.1
2026-09-17T09:43:41.6600732Z [command]C:\hostedtoolcache\windows\go\1.27.1\x64\bin\go.exe env GOCACHE
2026-09-17T09:43:41.6662845Z [command]C:\hostedtoolcache\windows\go\1.27.1\x64\bin\go.exe env GOMODCACHE
2026-09-17T09:43:41.6979293Z C:\Users\runneradmin\AppData\Local\go-build
2026-09-17T09:43:41.7006825Z C:\Users\runneradmin\go\pkg\mod
2026-09-17T09:43:41.9260885Z Cache hit for: setup-go-Windows-x64-go-1.27.1-ef6b0fbca0a8d0b6206b16c85f11c4a6c772908ae2660ca86a6b7ee95979c938
2026-09-17T09:43:41.9386640Z (node:4044) [DEP0169] DeprecationWarning: `url.parse()` behavior is not standardized and prone to errors that have security implications. Use the WHATWG URL API instead. CVEs are not issued for `url.parse()` vulnerabilities.
2026-09-17T09:43:42.9908559Z Received 163577856 of 429434914 (38.1%), 154.2 MBs/sec
2026-09-17T09:43:44.0116050Z Received 373293056 of 429434914 (86.9%), 175.2 MBs/sec
2026-09-17T09:43:44.4688558Z Received 429434914 of 429434914 (100.0%), 164.9 MBs/sec
2026-09-17T09:43:44.4689392Z Cache Size: ~410 MB (429434914 B)
2026-09-17T09:43:44.4718860Z [command]"C:\Program Files\Git\usr\bin\tar.exe" -xf D:/a/_temp/974c0ae6-9f67-4e0f-aca4-227c94a11cbb/cache.tzst -P -C D:/a/Zevune/Zevune --force-local --use-compress-program "zstd -d"
2026-09-17T09:44:27.3546611Z Cache restored successfully
2026-09-17T09:44:27.3783637Z Cache restored from key: setup-go-Windows-x64-go-1.27.1-ef6b0fbca0a8d0b6206b16c85f11c4a6c772908ae2660ca86a6b7ee95979c938
2026-09-17T09:44:27.3807530Z go version go1.27.1 windows/amd64
2026-09-17T09:44:27.3807839Z 
2026-09-17T09:44:27.3808261Z ##[group]go env
2026-09-17T09:44:27.7650164Z set AR=ar
2026-09-17T09:44:27.7650814Z set CC=gcc
2026-09-17T09:44:27.7651169Z set CGO_CFLAGS=-O2 -g
2026-09-17T09:44:27.7651557Z set CGO_CPPFLAGS=
2026-09-17T09:44:27.7651881Z set CGO_CXXFLAGS=-O2 -g
2026-09-17T09:44:27.7652248Z set CGO_ENABLED=1
2026-09-17T09:44:27.7652538Z set CGO_FFLAGS=-O2 -g
2026-09-17T09:44:27.7652853Z set CGO_LDFLAGS=-O2 -g
2026-09-17T09:44:27.7653174Z set CXX=g++
2026-09-17T09:44:27.7653437Z set GCCGO=gccgo
2026-09-17T09:44:27.7653758Z set GO111MODULE=
2026-09-17T09:44:27.7654035Z set GOAMD64=v1
2026-09-17T09:44:27.7654311Z set GOARCH=amd64
2026-09-17T09:44:27.7654609Z set GOAUTH=netrc
2026-09-17T09:44:27.7654924Z set GOBIN=C:\Users\runneradmin\go\bin
2026-09-17T09:44:27.7655443Z set GOCACHE=C:\Users\runneradmin\AppData\Local\go-build
2026-09-17T09:44:27.7655937Z set GOCACHEPROG=
2026-09-17T09:44:27.7656212Z set GODEBUG=
2026-09-17T09:44:27.7656584Z set GOENV=C:\Users\runneradmin\AppData\Roaming\go\env
2026-09-17T09:44:27.7657074Z set GOEXE=.exe
2026-09-17T09:44:27.7657360Z set GOEXPERIMENT=
2026-09-17T09:44:27.7657647Z set GOFIPS140=off
2026-09-17T09:44:27.7657933Z set GOFLAGS=
2026-09-17T09:44:27.7659447Z set GOGCCFLAGS=-m64 -pthread -Wl,--no-gc-sections -fmessage-length=0 -ffile-prefix-map=C:\Users\RUNNER~1\AppData\Local\Temp\go-build4159497448=/tmp/go-build -gno-record-gcc-switches
2026-09-17T09:44:27.7660696Z set GOHOSTARCH=amd64
2026-09-17T09:44:27.7661021Z set GOHOSTOS=windows
2026-09-17T09:44:27.7661418Z set GOINSECURE=
2026-09-17T09:44:27.7661732Z set GOMOD=D:\a\Zevune\Zevune\go.mod
2026-09-17T09:44:27.7662257Z set GOMODCACHE=C:\Users\runneradmin\go\pkg\mod
2026-09-17T09:44:27.7662698Z set GONOPROXY=
2026-09-17T09:44:27.7663023Z set GONOSUMDB=
2026-09-17T09:44:27.7663308Z set GOOS=windows
2026-09-17T09:44:27.7663605Z set GOPACKAGESDRIVER=
2026-09-17T09:44:27.7663967Z set GOPATH=C:\Users\runneradmin\go
2026-09-17T09:44:27.7664409Z set GOPRIVATE=
2026-09-17T09:44:27.7664789Z set GOPROXY=https://proxy.golang.org,direct
2026-09-17T09:44:27.7665320Z set GOROOT=C:\hostedtoolcache\windows\go\1.27.1\x64
2026-09-17T09:44:27.7665816Z set GOSUMDB=sum.golang.org
2026-09-17T09:44:27.7666173Z set GOTELEMETRY=local
2026-09-17T09:44:27.7666703Z set GOTELEMETRYDIR=C:\Users\runneradmin\AppData\Roaming\go\telemetry
2026-09-17T09:44:27.7667262Z set GOTMPDIR=
2026-09-17T09:44:27.7667553Z set GOTOOLCHAIN=local
2026-09-17T09:44:27.7668119Z set GOTOOLDIR=C:\hostedtoolcache\windows\go\1.27.1\x64\pkg\tool\windows_amd64
2026-09-17T09:44:27.7669066Z set GOVCS=
2026-09-17T09:44:27.7669343Z set GOVERSION=go1.27.1
2026-09-17T09:44:27.7669649Z set GOWORK=
2026-09-17T09:44:27.7669937Z set PKG_CONFIG=pkg-config
2026-09-17T09:44:27.7670158Z 
2026-09-17T09:44:27.7670585Z ##[endgroup]
2026-09-17T09:44:27.7976194Z ##[group]Run rustup toolchain install 1.98.1 --profile minimal
2026-09-17T09:44:27.7977036Z [36;1mrustup toolchain install 1.98.1 --profile minimal[0m
2026-09-17T09:44:27.8007513Z shell: C:\Program Files\Git\bin\bash.EXE --noprofile --norc -e -o pipefail {0}
2026-09-17T09:44:27.8008688Z env:
2026-09-17T09:44:27.8008967Z   RAYON_NUM_THREADS: 2
2026-09-17T09:44:27.8009302Z   CARGO_BUILD_JOBS: 2
2026-09-17T09:44:27.8009626Z   GOTOOLCHAIN: local
2026-09-17T09:44:27.8009942Z ##[endgroup]
2026-09-17T09:44:30.6358115Z info: syncing channel updates for 1.98.1-x86_64-pc-windows-msvc
2026-09-17T09:44:32.2825312Z info: latest update on 2026-09-03 for version 1.98.1 (48a229cea 2026-09-01)
2026-09-17T09:44:32.3369788Z info: downloading 3 components
2026-09-17T09:44:38.9783350Z 
2026-09-17T09:44:40.1856671Z   1.98.1-x86_64-pc-windows-msvc installed - rustc 1.98.1 (48a229cea 2026-09-01)
2026-09-17T09:44:40.1857038Z 
2026-09-17T09:44:40.2103047Z ##[group]Run cargo +1.98.1 build --manifest-path integration/orchard/Cargo.toml --locked --release --features local-funding-lab --bins
2026-09-17T09:44:40.2104584Z [36;1mcargo +1.98.1 build --manifest-path integration/orchard/Cargo.toml --locked --release --features local-funding-lab --bins[0m
2026-09-17T09:44:40.2120930Z shell: C:\Program Files\Git\bin\bash.EXE --noprofile --norc -e -o pipefail {0}
2026-09-17T09:44:40.2121323Z env:
2026-09-17T09:44:40.2121503Z   RAYON_NUM_THREADS: 2
2026-09-17T09:44:40.2121718Z   CARGO_BUILD_JOBS: 2
2026-09-17T09:44:40.2121923Z   GOTOOLCHAIN: local
2026-09-17T09:44:40.2122113Z ##[endgroup]
2026-09-17T09:44:42.4096639Z     Updating crates.io index
2026-09-17T09:44:43.1090998Z  Downloading crates ...
2026-09-17T09:44:43.2717944Z   Downloaded aead v0.5.2
2026-09-17T09:44:43.2860032Z   Downloaded chacha20 v0.9.1
2026-09-17T09:44:43.3060991Z   Downloaded visibility v0.1.1
2026-09-17T09:44:43.3318156Z   Downloaded argon2 v0.5.3
2026-09-17T09:44:43.3471413Z   Downloaded arrayvec v0.7.8
2026-09-17T09:44:43.3648550Z   Downloaded block-buffer v0.10.4
2026-09-17T09:44:43.3737187Z   Downloaded universal-hash v0.5.1
2026-09-17T09:44:43.3815182Z   Downloaded byteorder v1.5.0
2026-09-17T09:44:43.3935079Z   Downloaded cfg-if v1.0.4
2026-09-17T09:44:43.4062419Z   Downloaded serdect v0.2.0
2026-09-17T09:44:43.4255273Z   Downloaded base16ct v0.2.0
2026-09-17T09:44:43.4376726Z   Downloaded uint v0.9.5
2026-09-17T09:44:43.4501346Z   Downloaded autocfg v1.5.1
2026-09-17T09:44:43.4677754Z   Downloaded nonempty v0.11.0
2026-09-17T09:44:43.4804279Z   Downloaded opaque-debug v0.3.1
2026-09-17T09:44:43.4943533Z   Downloaded thiserror-impl v2.0.20
2026-09-17T09:44:43.5093082Z   Downloaded zeroize_derive v1.5.0
2026-09-17T09:44:43.5203421Z   Downloaded derive-getters v0.5.0
2026-09-17T09:44:43.5524461Z   Downloaded hex v0.4.3
2026-09-17T09:44:43.6439134Z   Downloaded radium v0.7.0
2026-09-17T09:44:43.6539715Z   Downloaded base64ct v1.8.3
2026-09-17T09:44:43.6810784Z   Downloaded cbc v0.1.2
2026-09-17T09:44:43.6953521Z   Downloaded blake2 v0.10.6
2026-09-17T09:44:43.7160099Z   Downloaded blake2b_simd v1.0.5
2026-09-17T09:44:43.7297141Z   Downloaded embedded-io v0.4.0
2026-09-17T09:44:43.7503347Z   Downloaded embedded-io v0.6.1
2026-09-17T09:44:43.7650920Z   Downloaded halo2_legacy_pdqsort v0.1.0
2026-09-17T09:44:43.7769850Z   Downloaded lazy_static v1.5.0
2026-09-17T09:44:43.7965718Z   Downloaded num-integer v0.1.47
2026-09-17T09:44:43.8106985Z   Downloaded poly1305 v0.8.0
2026-09-17T09:44:43.8354930Z   Downloaded scopeguard v1.2.0
2026-09-17T09:44:43.8470395Z   Downloaded tap v1.0.1
2026-09-17T09:44:43.8582392Z   Downloaded version_check v0.9.5
2026-09-17T09:44:43.8690107Z   Downloaded const-crc32-nostd v1.3.1
2026-09-17T09:44:43.8760272Z   Downloaded hash32 v0.2.1
2026-09-17T09:44:43.8884605Z   Downloaded cpufeatures v0.2.17
2026-09-17T09:44:43.9039870Z   Downloaded crunchy v0.2.4
2026-09-17T09:44:43.9117099Z   Downloaded crypto-common v0.1.7
2026-09-17T09:44:43.9258017Z   Downloaded frost-rerandomized v3.0.0
2026-09-17T09:44:43.9336580Z   Downloaded generic-array v0.14.7
2026-09-17T09:44:43.9474607Z   Downloaded maybe-rayon v0.1.1
2026-09-17T09:44:43.9773492Z   Downloaded memuse v0.2.2
2026-09-17T09:44:44.0063211Z   Downloaded zcash_spec v0.2.1
2026-09-17T09:44:44.0177366Z   Downloaded funty v2.0.0
2026-09-17T09:44:44.0245541Z   Downloaded getset v0.1.7
2026-09-17T09:44:44.0410414Z   Downloaded rustc_version v0.4.1
2026-09-17T09:44:44.0529503Z   Downloaded stable_deref_trait v1.2.1
2026-09-17T09:44:44.0648514Z   Downloaded subtle v2.6.1
2026-09-17T09:44:44.0743817Z   Downloaded ff v0.13.1
2026-09-17T09:44:44.0892426Z   Downloaded incrementalmerkletree v0.8.1
2026-09-17T09:44:44.0987062Z   Downloaded inout v0.1.4
2026-09-17T09:44:44.1119592Z   Downloaded lock_api v0.4.14
2026-09-17T09:44:44.1211245Z   Downloaded password-hash v0.5.0
2026-09-17T09:44:44.1423478Z   Downloaded quote v1.0.47
2026-09-17T09:44:44.1718613Z   Downloaded rand_chacha v0.3.1
2026-09-17T09:44:44.1812041Z   Downloaded rand_core v0.6.4
2026-09-17T09:44:44.1918030Z   Downloaded bech32 v0.11.1
2026-09-17T09:44:44.2177977Z   Downloaded cipher v0.4.4
2026-09-17T09:44:44.2337212Z   Downloaded cobs v0.3.0
2026-09-17T09:44:44.2455452Z   Downloaded constant_time_eq v0.4.2
2026-09-17T09:44:44.2656292Z   Downloaded corez v0.1.1
2026-09-17T09:44:44.2815055Z   Downloaded digest v0.10.7
2026-09-17T09:44:44.3017499Z   Downloaded document-features v0.2.12
2026-09-17T09:44:44.3129404Z   Downloaded either v1.18.0
2026-09-17T09:44:44.3269970Z   Downloaded fpe v0.6.1
2026-09-17T09:44:44.3442953Z   Downloaded group v0.13.0
2026-09-17T09:44:44.3567141Z   Downloaded jubjub v0.10.0
2026-09-17T09:44:44.3835881Z   Downloaded pin-project-lite v0.2.17
2026-09-17T09:44:44.4575997Z   Downloaded ppv-lite86 v0.2.21
2026-09-17T09:44:44.4724016Z   Downloaded sha2 v0.10.9
2026-09-17T09:44:44.5057239Z   Downloaded static_assertions v1.1.0
2026-09-17T09:44:44.5196893Z   Downloaded wyz v0.5.1
2026-09-17T09:44:44.5296070Z   Downloaded zeroize v1.9.0
2026-09-17T09:44:44.5410942Z   Downloaded zip32 v0.2.1
2026-09-17T09:44:44.5561851Z   Downloaded getrandom v0.2.17
2026-09-17T09:44:44.5827151Z   Downloaded litrs v1.0.0
2026-09-17T09:44:44.6092740Z   Downloaded once_cell v1.21.4
2026-09-17T09:44:44.6369770Z   Downloaded postcard v1.1.3
2026-09-17T09:44:44.6632121Z   Downloaded semver v1.0.28
2026-09-17T09:44:44.6847276Z   Downloaded serde_derive v1.0.229
2026-09-17T09:44:44.7124388Z   Downloaded spin v0.9.9
2026-09-17T09:44:44.7316156Z   Downloaded thiserror v2.0.20
2026-09-17T09:44:44.8089090Z   Downloaded tracing-attributes v0.1.31
2026-09-17T09:44:44.8351621Z   Downloaded unicode-ident v1.0.24
2026-09-17T09:44:44.8599565Z   Downloaded zcash_note_encryption v0.4.2
2026-09-17T09:44:44.8769978Z   Downloaded aes v0.8.4
2026-09-17T09:44:44.9054920Z   Downloaded crossbeam-deque v0.8.8
2026-09-17T09:44:44.9172103Z   Downloaded crossbeam-epoch v0.9.21
2026-09-17T09:44:44.9927345Z   Downloaded crossbeam-utils v0.8.23
2026-09-17T09:44:45.0209868Z   Downloaded halo2_poseidon v0.1.0
2026-09-17T09:44:45.0337738Z   Downloaded indexmap v1.9.3
2026-09-17T09:44:45.0614321Z   Downloaded num-traits v0.2.19
2026-09-17T09:44:45.0973489Z   Downloaded proc-macro2 v1.0.107
2026-09-17T09:44:45.1310200Z   Downloaded rayon-core v1.13.0
2026-09-17T09:44:45.1654246Z   Downloaded serde_core v1.0.229
2026-09-17T09:44:45.1951331Z   Downloaded typenum v1.20.1
2026-09-17T09:44:45.2215192Z   Downloaded frost-core v3.0.0
2026-09-17T09:44:45.2685846Z   Downloaded heapless v0.7.17
2026-09-17T09:44:45.3255227Z   Downloaded tracing-core v0.1.36
2026-09-17T09:44:45.3535375Z   Downloaded chacha20poly1305 v0.10.1
2026-09-17T09:44:45.3644559Z   Downloaded rand v0.8.5
2026-09-17T09:44:45.3958509Z   Downloaded serde v1.0.229
2026-09-17T09:44:45.4222426Z   Downloaded hashbrown v0.12.3
2026-09-17T09:44:45.4473670Z   Downloaded num-bigint v0.4.8
2026-09-17T09:44:45.4947631Z   Downloaded reddsa v0.5.2
2026-09-17T09:44:45.5456139Z   Downloaded sinsemilla v0.1.0
2026-09-17T09:44:45.5557052Z   Downloaded zerocopy v0.8.57
2026-09-17T09:44:45.7770630Z   Downloaded itertools v0.14.0
2026-09-17T09:44:45.8411517Z   Downloaded libm v0.2.16
2026-09-17T09:44:45.9405976Z   Downloaded halo2_proofs v0.3.5
2026-09-17T09:44:46.0170685Z   Downloaded rayon v1.12.0
2026-09-17T09:44:46.1131138Z   Downloaded bitvec v1.1.1
2026-09-17T09:44:46.2795890Z   Downloaded syn v2.0.119
2026-09-17T09:44:46.7725690Z   Downloaded halo2_gadgets v0.5.0
2026-09-17T09:44:46.8665027Z   Downloaded pasta_curves v0.5.2
2026-09-17T09:44:46.9213668Z   Downloaded syn v3.0.5
2026-09-17T09:44:46.9966093Z   Downloaded tracing v0.1.44
2026-09-17T09:44:47.0770818Z   Downloaded bls12_381 v0.8.0
2026-09-17T09:44:47.1151535Z   Downloaded orchard v0.15.5
2026-09-17T09:44:47.3383892Z    Compiling cfg-if v1.0.4
2026-09-17T09:44:47.3384578Z    Compiling proc-macro2 v1.0.107
2026-09-17T09:44:47.3849502Z    Compiling getrandom v0.2.17
2026-09-17T09:44:47.5432867Z    Compiling rand_core v0.6.4
2026-09-17T09:44:47.7747369Z    Compiling unicode-ident v1.0.24
2026-09-17T09:44:47.8456993Z    Compiling quote v1.0.47
2026-09-17T09:44:49.6948943Z    Compiling subtle v2.6.1
2026-09-17T09:44:49.8504792Z    Compiling version_check v0.9.5
2026-09-17T09:44:50.1508617Z    Compiling generic-array v0.14.7
2026-09-17T09:44:50.6278572Z    Compiling typenum v1.20.1
2026-09-17T09:44:50.6526284Z    Compiling syn v2.0.119
2026-09-17T09:44:52.1421538Z    Compiling crypto-common v0.1.7
2026-09-17T09:44:52.2350908Z    Compiling radium v0.7.0
2026-09-17T09:44:52.4745167Z    Compiling tap v1.0.1
2026-09-17T09:44:52.5585022Z    Compiling wyz v0.5.1
2026-09-17T09:44:52.9508431Z    Compiling funty v2.0.0
2026-09-17T09:44:54.5107370Z    Compiling zerocopy v0.8.57
2026-09-17T09:44:54.8463200Z    Compiling autocfg v1.5.1
2026-09-17T09:44:55.2809931Z    Compiling bitvec v1.1.1
2026-09-17T09:44:56.2691506Z    Compiling zeroize_derive v1.5.0
2026-09-17T09:44:56.8757166Z    Compiling zeroize v1.9.0
2026-09-17T09:44:58.0655680Z    Compiling ff v0.13.1
2026-09-17T09:44:58.2251192Z    Compiling constant_time_eq v0.4.2
2026-09-17T09:44:58.4248773Z    Compiling crossbeam-utils v0.8.23
2026-09-17T09:44:58.8961925Z    Compiling memuse v0.2.2
2026-09-17T09:44:59.0539387Z    Compiling arrayvec v0.7.8
2026-09-17T09:44:59.2902728Z    Compiling blake2b_simd v1.0.5
2026-09-17T09:45:01.3855879Z    Compiling ppv-lite86 v0.2.21
2026-09-17T09:45:01.7372902Z    Compiling crossbeam-epoch v0.9.21
2026-09-17T09:45:02.5954181Z    Compiling rand_chacha v0.3.1
2026-09-17T09:45:02.6718376Z    Compiling group v0.13.0
2026-09-17T09:45:02.8384194Z    Compiling inout v0.1.4
2026-09-17T09:45:02.9403988Z    Compiling crossbeam-deque v0.8.8
2026-09-17T09:45:03.1333992Z    Compiling spin v0.9.9
2026-09-17T09:45:03.2260234Z    Compiling cpufeatures v0.2.17
2026-09-17T09:45:03.2660812Z    Compiling static_assertions v1.1.0
2026-09-17T09:45:03.3120105Z    Compiling lazy_static v1.5.0
2026-09-17T09:45:03.3730340Z    Compiling cipher v0.4.4
2026-09-17T09:45:03.4279063Z    Compiling rand v0.8.5
2026-09-17T09:45:04.0851308Z    Compiling rayon-core v1.13.0
2026-09-17T09:45:04.2458032Z    Compiling pasta_curves v0.5.2
2026-09-17T09:45:04.4822141Z    Compiling num-traits v0.2.19
2026-09-17T09:45:04.6401763Z    Compiling syn v3.0.5
2026-09-17T09:45:07.2115461Z    Compiling either v1.18.0
2026-09-17T09:45:09.6535389Z    Compiling indexmap v1.9.3
2026-09-17T09:45:09.7998430Z    Compiling once_cell v1.21.4
2026-09-17T09:45:10.0103601Z    Compiling crunchy v0.2.4
2026-09-17T09:45:10.2210489Z    Compiling serde_core v1.0.229
2026-09-17T09:45:10.5101718Z    Compiling tracing-core v0.1.36
2026-09-17T09:45:11.8502215Z    Compiling rayon v1.12.0
2026-09-17T09:45:15.3332600Z    Compiling tracing-attributes v0.1.31
2026-09-17T09:45:16.6775884Z    Compiling universal-hash v0.5.1
2026-09-17T09:45:16.7640260Z    Compiling block-buffer v0.10.4
2026-09-17T09:45:16.8770758Z    Compiling hashbrown v0.12.3
2026-09-17T09:45:17.4638893Z    Compiling hex v0.4.3
2026-09-17T09:45:17.7280149Z    Compiling serde v1.0.229
2026-09-17T09:45:17.9618685Z    Compiling opaque-debug v0.3.1
2026-09-17T09:45:18.0013550Z    Compiling thiserror v2.0.20
2026-09-17T09:45:18.2691927Z    Compiling libm v0.2.16
2026-09-17T09:45:18.5120775Z    Compiling pin-project-lite v0.2.17
2026-09-17T09:45:18.5694517Z    Compiling byteorder v1.5.0
2026-09-17T09:45:18.7989854Z    Compiling tracing v0.1.44
2026-09-17T09:45:19.2894779Z    Compiling poly1305 v0.8.0
2026-09-17T09:45:20.6169753Z    Compiling digest v0.10.7
2026-09-17T09:45:20.8159429Z    Compiling num-integer v0.1.47
2026-09-17T09:45:21.4662748Z    Compiling maybe-rayon v0.1.1
2026-09-17T09:45:24.0731788Z    Compiling serde_derive v1.0.229
2026-09-17T09:45:27.2467721Z    Compiling thiserror-impl v2.0.20
2026-09-17T09:45:28.5205079Z    Compiling chacha20 v0.9.1
2026-09-17T09:45:28.7285430Z    Compiling bls12_381 v0.8.0
2026-09-17T09:45:29.3495466Z    Compiling aead v0.5.2
2026-09-17T09:45:29.4907561Z    Compiling halo2_legacy_pdqsort v0.1.0
2026-09-17T09:45:29.6071501Z    Compiling halo2_proofs v0.3.5
2026-09-17T09:45:36.2192970Z    Compiling chacha20poly1305 v0.10.1
2026-09-17T09:45:36.3226924Z    Compiling jubjub v0.10.0
2026-09-17T09:45:41.7637328Z    Compiling uint v0.9.5
2026-09-17T09:45:41.8710380Z    Compiling num-bigint v0.4.8
2026-09-17T09:45:45.1825199Z    Compiling sinsemilla v0.1.0
2026-09-17T09:45:46.6904840Z    Compiling halo2_poseidon v0.1.0
2026-09-17T09:45:47.6225050Z    Compiling cbc v0.1.2
2026-09-17T09:45:47.7213174Z    Compiling zcash_spec v0.2.1
2026-09-17T09:45:47.7697949Z    Compiling bech32 v0.11.1
2026-09-17T09:45:47.8243318Z    Compiling base64ct v1.8.3
2026-09-17T09:45:48.1366962Z    Compiling password-hash v0.5.0
2026-09-17T09:45:48.3033627Z    Compiling zip32 v0.2.1
2026-09-17T09:45:48.8630354Z    Compiling fpe v0.6.1
2026-09-17T09:45:49.4906399Z    Compiling halo2_gadgets v0.5.0
2026-09-17T09:45:50.0694347Z    Compiling reddsa v0.5.2
2026-09-17T09:45:50.4992301Z    Compiling zcash_note_encryption v0.4.2
2026-09-17T09:45:50.7310443Z    Compiling blake2 v0.10.6
2026-09-17T09:45:51.3800792Z    Compiling incrementalmerkletree v0.8.1
2026-09-17T09:45:51.6126956Z    Compiling aes v0.8.4
2026-09-17T09:45:53.0041843Z    Compiling visibility v0.1.1
2026-09-17T09:45:53.2489811Z    Compiling getset v0.1.7
2026-09-17T09:45:53.8205549Z    Compiling corez v0.1.1
2026-09-17T09:45:53.8643012Z    Compiling nonempty v0.11.0
2026-09-17T09:45:54.0140255Z    Compiling argon2 v0.5.3
2026-09-17T09:45:55.4029391Z    Compiling orchard v0.15.5
2026-09-17T09:45:57.9686768Z    Compiling sha2 v0.10.9
2026-09-17T09:46:00.1681747Z    Compiling zevune-orchard-lab v0.1.0 (D:\a\Zevune\Zevune\integration\orchard)
2026-09-17T09:46:53.3271952Z     Finished `release` profile [optimized] target(s) in 2m 10s
2026-09-17T09:46:53.4291269Z ##[group]Run python - <<'PY'
2026-09-17T09:46:53.4291767Z [36;1mpython - <<'PY'[0m
2026-09-17T09:46:53.4292043Z [36;1mimport os[0m
2026-09-17T09:46:53.4292336Z [36;1msuffix = '.exe' if os.name == 'nt' else ''[0m
2026-09-17T09:46:53.4292805Z [36;1mwith open(os.environ['GITHUB_ENV'], 'a', encoding='utf-8') as output:[0m
2026-09-17T09:46:53.4293396Z [36;1m    for key, binary in [('ZEVUNE_POOL_WORKER', 'zevune-pool-worker'),[0m
2026-09-17T09:46:53.4293928Z [36;1m                        ('ZEVUNE_FUNDED_SCENARIO', 'zevune-funded-scenario')]:[0m
2026-09-17T09:46:53.4294598Z [36;1m        output.write(key + '=' + os.path.abspath('integration/orchard/target/release/' + binary + suffix) + '\n')[0m
2026-09-17T09:46:53.4295162Z [36;1mPY[0m
2026-09-17T09:46:53.4311250Z shell: C:\Program Files\Git\bin\bash.EXE --noprofile --norc -e -o pipefail {0}
2026-09-17T09:46:53.4311732Z env:
2026-09-17T09:46:53.4312152Z   RAYON_NUM_THREADS: 2
2026-09-17T09:46:53.4312498Z   CARGO_BUILD_JOBS: 2
2026-09-17T09:46:53.4312766Z   GOTOOLCHAIN: local
2026-09-17T09:46:53.4313014Z ##[endgroup]
2026-09-17T09:46:54.1583299Z ##[group]Run go test -mod=readonly -tags=pool_e2e,funded_e2e ./poolapp -run '^TestActiveSegmentedLedger100000BlocksBoundaryPaymentsAndRestart$' -count=1 -timeout=25m -v
2026-09-17T09:46:54.1584720Z [36;1mgo test -mod=readonly -tags=pool_e2e,funded_e2e ./poolapp -run '^TestActiveSegmentedLedger100000BlocksBoundaryPaymentsAndRestart$' -count=1 -timeout=25m -v[0m
2026-09-17T09:46:54.1600775Z shell: C:\Program Files\Git\bin\bash.EXE --noprofile --norc -e -o pipefail {0}
2026-09-17T09:46:54.1601236Z env:
2026-09-17T09:46:54.1601476Z   RAYON_NUM_THREADS: 2
2026-09-17T09:46:54.1601752Z   CARGO_BUILD_JOBS: 2
2026-09-17T09:46:54.1602038Z   GOTOOLCHAIN: local
2026-09-17T09:46:54.1602930Z   ZEVUNE_POOL_WORKER: D:\a\Zevune\Zevune\integration\orchard\target\release\zevune-pool-worker.exe
2026-09-17T09:46:54.1603874Z   ZEVUNE_FUNDED_SCENARIO: D:\a\Zevune\Zevune\integration\orchard\target\release\zevune-funded-scenario.exe
2026-09-17T09:46:54.1604457Z ##[endgroup]
2026-09-17T09:46:57.7991156Z === RUN   TestActiveSegmentedLedger100000BlocksBoundaryPaymentsAndRestart
2026-09-17T09:49:45.7504570Z     active_growth_e2e_test.go:407: ACTIVE_BOUNDARY heights=9999,10000,10001,10002; selection, preview, finalize and commit agree; real A->B then recovered B->C, full wallet history, exact outbox recovery and pre-expiry duplicate rejection passed
2026-09-17T09:51:41.4705761Z     active_growth_e2e_test.go:414: ACTIVE_GROWTH_PROGRESS committed_blocks=25000 paid_blocks=2 logical_bytes=3768544 segments=4 elapsed_ms=269374
2026-09-17T09:53:50.1254167Z     active_growth_e2e_test.go:414: ACTIVE_GROWTH_PROGRESS committed_blocks=50000 paid_blocks=2 logical_bytes=7518544 segments=8 elapsed_ms=398028
2026-09-17T09:56:01.0025254Z     active_growth_e2e_test.go:414: ACTIVE_GROWTH_PROGRESS committed_blocks=75000 paid_blocks=2 logical_bytes=11268544 segments=11 elapsed_ms=528903
2026-09-17T09:57:54.1750974Z     active_growth_e2e_test.go:414: ACTIVE_GROWTH_PROGRESS committed_blocks=100000 paid_blocks=2 logical_bytes=15018544 segments=15 elapsed_ms=642075
2026-09-17T09:57:57.5175820Z     active_growth_e2e_test.go:443: ACTIVE_GROWTH_RESULT committed_blocks=100000 empty_blocks=99998 paid_blocks=2 logical_bytes=15018544 segments=15 segment_limit_bytes=1048576 growth_elapsed_ms=642075 replay_elapsed_ms=3185 continued_height=100001
2026-09-17T09:57:57.5179970Z     active_growth_e2e_test.go:444: growth counts are actual local worker commits, not four-node consensus heights; about 15 MB of records does not prove growth beyond 64 MiB or the commitment limit; timing includes durable writes and boundary proof/wallet checks, not payment latency or throughput
2026-09-17T09:57:57.5345102Z --- PASS: TestActiveSegmentedLedger100000BlocksBoundaryPaymentsAndRestart (659.73s)
2026-09-17T09:57:57.5346525Z PASS
2026-09-17T09:57:57.5376754Z ok  	github.com/youq616/Zevune/integration/cometbft/poolapp	659.762s
2026-09-17T09:57:58.1761694Z ##[group]Run git diff --exit-code
2026-09-17T09:57:58.1762170Z [36;1mgit diff --exit-code[0m
2026-09-17T09:57:58.1779479Z shell: C:\Program Files\Git\bin\bash.EXE --noprofile --norc -e -o pipefail {0}
2026-09-17T09:57:58.1779931Z env:
2026-09-17T09:57:58.1780155Z   RAYON_NUM_THREADS: 2
2026-09-17T09:57:58.1780410Z   CARGO_BUILD_JOBS: 2
2026-09-17T09:57:58.1780608Z   GOTOOLCHAIN: local
2026-09-17T09:57:58.1781042Z   ZEVUNE_POOL_WORKER: D:\a\Zevune\Zevune\integration\orchard\target\release\zevune-pool-worker.exe
2026-09-17T09:57:58.1781777Z   ZEVUNE_FUNDED_SCENARIO: D:\a\Zevune\Zevune\integration\orchard\target\release\zevune-funded-scenario.exe
2026-09-17T09:57:58.1782350Z ##[endgroup]
2026-09-17T09:57:58.3429213Z Node 20 is being deprecated. This workflow is running with Node 24 by default. If you need to temporarily use Node 20, you can set the ACTIONS_ALLOW_USE_UNSECURE_NODE_VERSION=true environment variable. For more information see: https://github.blog/changelog/2025-09-19-deprecation-of-node-20-on-github-actions-runners/
2026-09-17T09:57:58.3431379Z Post job cleanup.
2026-09-17T09:57:58.4904474Z (node:6364) [DEP0040] DeprecationWarning: The `punycode` module is deprecated. Please use a userland alternative instead.
2026-09-17T09:57:58.4905496Z (Use `node --trace-deprecation ...` to show where the warning was created)
2026-09-17T09:57:58.6388998Z [command]C:\hostedtoolcache\windows\go\1.27.1\x64\bin\go.exe env GOMODCACHE
2026-09-17T09:57:58.6491116Z [command]C:\hostedtoolcache\windows\go\1.27.1\x64\bin\go.exe env GOCACHE
2026-09-17T09:57:58.6764639Z C:\Users\runneradmin\go\pkg\mod
2026-09-17T09:57:58.6803598Z C:\Users\runneradmin\AppData\Local\go-build
2026-09-17T09:57:58.6826049Z Cache hit occurred on the primary key setup-go-Windows-x64-go-1.27.1-ef6b0fbca0a8d0b6206b16c85f11c4a6c772908ae2660ca86a6b7ee95979c938, not saving cache.
2026-09-17T09:57:58.7141987Z Post job cleanup.
2026-09-17T09:57:58.9148296Z [command]"C:\Program Files\Git\bin\git.exe" version
2026-09-17T09:57:58.9450163Z git version 2.55.0.windows.5
2026-09-17T09:57:58.9526081Z Temporarily overriding HOME='D:\a\_temp\cf336a04-a99e-457b-85fc-1416a79afe5a' before making global git config changes
2026-09-17T09:57:58.9529272Z Adding repository directory to the temporary git global config as a safe directory
2026-09-17T09:57:58.9539312Z [command]"C:\Program Files\Git\bin\git.exe" config --global --add safe.directory D:\a\Zevune\Zevune
2026-09-17T09:57:58.9897426Z [command]"C:\Program Files\Git\bin\git.exe" config --local --name-only --get-regexp core\.sshCommand
2026-09-17T09:57:59.0208166Z [command]"C:\Program Files\Git\bin\git.exe" submodule foreach --recursive "sh -c \"git config --local --name-only --get-regexp 'core\.sshCommand' && git config --local --unset-all 'core.sshCommand' || :\""
2026-09-17T09:57:59.6984790Z [command]"C:\Program Files\Git\bin\git.exe" config --local --name-only --get-regexp http\.https\:\/\/github\.com\/\.extraheader
2026-09-17T09:57:59.7274038Z [command]"C:\Program Files\Git\bin\git.exe" submodule foreach --recursive "sh -c \"git config --local --name-only --get-regexp 'http\.https\:\/\/github\.com\/\.extraheader' && git config --local --unset-all 'http.https://github.com/.extraheader' || :\""
2026-09-17T09:58:00.2603121Z Cleaning up orphan processes
2026-09-17T09:58:00.2816997Z Terminate orphan process: pid (9168) (vctip)
2026-09-17T09:58:00.2955890Z ##[warning]Node.js 20 is deprecated. The following actions target Node.js 20 but are being forced to run on Node.js 24: actions/setup-go@44694675825211faa026b3c33043df3e48a5fa00. For more information see: https://github.blog/changelog/2025-09-19-deprecation-of-node-20-on-github-actions-runners/
