2026-09-17T09:18:18.5335681Z Current runner version: '2.337.0'
2026-09-17T09:18:18.5371503Z ##[group]Runner Image Provisioner
2026-09-17T09:18:18.5372908Z Hosted Compute Agent
2026-09-17T09:18:18.5374352Z Version: 20260828.587
2026-09-17T09:18:18.5375411Z Commit: abac92662cab4cc7352de4f9f9d2e2419aad9c29
2026-09-17T09:18:18.5376653Z Build Date: 2026-08-28T16:44:25Z
2026-09-17T09:18:18.5377907Z Worker ID: {4dcba956-6482-4846-abbe-40641aaebf2f}
2026-09-17T09:18:18.5379474Z Azure Region: eastus2
2026-09-17T09:18:18.5380497Z ##[endgroup]
2026-09-17T09:18:18.5382944Z ##[group]Operating System
2026-09-17T09:18:18.5384175Z Microsoft Windows Server 2025
2026-09-17T09:18:18.5385298Z 10.0.26100
2026-09-17T09:18:18.5386297Z Datacenter
2026-09-17T09:18:18.5387244Z ##[endgroup]
2026-09-17T09:18:18.5388243Z ##[group]Runner Image
2026-09-17T09:18:18.5389380Z Image: windows-2025-vs2026
2026-09-17T09:18:18.5390930Z Version: 20260907.229.1
2026-09-17T09:18:18.5393761Z Included Software: https://github.com/actions/runner-images/blob/win25-vs2026/20260907.229/images/windows/Windows2025-VS2026-Readme.md
2026-09-17T09:18:18.5396990Z Image Release: https://github.com/actions/runner-images/releases/tag/win25-vs2026%2F20260907.229
2026-09-17T09:18:18.5398725Z ##[endgroup]
2026-09-17T09:18:18.5400453Z ##[group]GITHUB_TOKEN Permissions
2026-09-17T09:18:18.5403178Z Contents: read
2026-09-17T09:18:18.5404139Z Metadata: read
2026-09-17T09:18:18.5405040Z ##[endgroup]
2026-09-17T09:18:18.5408281Z Secret source: Actions
2026-09-17T09:18:18.5410642Z Cache mode: write
2026-09-17T09:18:18.5411823Z Prepare workflow directory
2026-09-17T09:18:18.6017631Z Prepare all required actions
2026-09-17T09:18:18.6074695Z Getting action download info
2026-09-17T09:18:18.7981134Z Download action repository 'actions/checkout@08c6903cd8c0fde910a37f88322edcfb5dd907a8' (SHA:08c6903cd8c0fde910a37f88322edcfb5dd907a8)
2026-09-17T09:18:18.9655274Z Download action repository 'actions/setup-go@44694675825211faa026b3c33043df3e48a5fa00' (SHA:44694675825211faa026b3c33043df3e48a5fa00)
2026-09-17T09:18:19.3431338Z Complete job name: integration (windows-latest)
2026-09-17T09:18:19.4794461Z ##[group]Run actions/checkout@08c6903cd8c0fde910a37f88322edcfb5dd907a8
2026-09-17T09:18:19.4795657Z with:
2026-09-17T09:18:19.4796106Z   persist-credentials: false
2026-09-17T09:18:19.4796613Z   repository: youq616/Zevune
2026-09-17T09:18:19.4800612Z   token: ***
2026-09-17T09:18:19.4801022Z   ssh-strict: true
2026-09-17T09:18:19.4801439Z   ssh-user: git
2026-09-17T09:18:19.4801837Z   clean: true
2026-09-17T09:18:19.4802255Z   sparse-checkout-cone-mode: true
2026-09-17T09:18:19.4802759Z   fetch-depth: 1
2026-09-17T09:18:19.4803160Z   fetch-tags: false
2026-09-17T09:18:19.4803582Z   show-progress: true
2026-09-17T09:18:19.4803998Z   lfs: false
2026-09-17T09:18:19.4804382Z   submodules: false
2026-09-17T09:18:19.4804812Z   set-safe-directory: true
2026-09-17T09:18:19.4805464Z ##[endgroup]
2026-09-17T09:18:19.6319775Z Syncing repository: youq616/Zevune
2026-09-17T09:18:19.6323354Z ##[group]Getting Git version info
2026-09-17T09:18:19.6325138Z Working directory is 'D:\a\Zevune\Zevune'
2026-09-17T09:18:19.7399560Z [command]"C:\Program Files\Git\bin\git.exe" version
2026-09-17T09:18:20.0882048Z git version 2.55.0.windows.5
2026-09-17T09:18:20.0938346Z ##[endgroup]
2026-09-17T09:18:20.0960037Z Temporarily overriding HOME='D:\a\_temp\82fc9885-1b1e-4d57-8508-7fa8949470a4' before making global git config changes
2026-09-17T09:18:20.0961670Z Adding repository directory to the temporary git global config as a safe directory
2026-09-17T09:18:20.0974469Z [command]"C:\Program Files\Git\bin\git.exe" config --global --add safe.directory D:\a\Zevune\Zevune
2026-09-17T09:18:20.1662598Z Deleting the contents of 'D:\a\Zevune\Zevune'
2026-09-17T09:18:20.1669365Z ##[group]Initializing the repository
2026-09-17T09:18:20.1677700Z [command]"C:\Program Files\Git\bin\git.exe" init D:\a\Zevune\Zevune
2026-09-17T09:18:20.2522927Z Initialized empty Git repository in D:/a/Zevune/Zevune/.git/
2026-09-17T09:18:20.2570450Z [command]"C:\Program Files\Git\bin\git.exe" remote add origin https://github.com/youq616/Zevune
2026-09-17T09:18:20.3134210Z ##[endgroup]
2026-09-17T09:18:20.3135709Z ##[group]Disabling automatic garbage collection
2026-09-17T09:18:20.3142819Z [command]"C:\Program Files\Git\bin\git.exe" config --local gc.auto 0
2026-09-17T09:18:20.3442179Z ##[endgroup]
2026-09-17T09:18:20.3443610Z ##[group]Setting up auth
2026-09-17T09:18:20.3455569Z [command]"C:\Program Files\Git\bin\git.exe" config --local --name-only --get-regexp core\.sshCommand
2026-09-17T09:18:20.3757901Z [command]"C:\Program Files\Git\bin\git.exe" submodule foreach --recursive "sh -c \"git config --local --name-only --get-regexp 'core\.sshCommand' && git config --local --unset-all 'core.sshCommand' || :\""
2026-09-17T09:18:21.7182964Z [command]"C:\Program Files\Git\bin\git.exe" config --local --name-only --get-regexp http\.https\:\/\/github\.com\/\.extraheader
2026-09-17T09:18:21.7499713Z [command]"C:\Program Files\Git\bin\git.exe" submodule foreach --recursive "sh -c \"git config --local --name-only --get-regexp 'http\.https\:\/\/github\.com\/\.extraheader' && git config --local --unset-all 'http.https://github.com/.extraheader' || :\""
2026-09-17T09:18:22.3089925Z [command]"C:\Program Files\Git\bin\git.exe" config --local http.https://github.com/.extraheader "AUTHORIZATION: basic ***"
2026-09-17T09:18:22.3402137Z ##[endgroup]
2026-09-17T09:18:22.3403597Z ##[group]Fetching the repository
2026-09-17T09:18:22.3424161Z [command]"C:\Program Files\Git\bin\git.exe" -c protocol.version=2 fetch --no-tags --prune --no-recurse-submodules --depth=1 origin +fb5ec39a59cb87aec0662c7706dce1f9e85e1962:refs/remotes/pull/13/merge
2026-09-17T09:18:23.6209973Z From https://github.com/youq616/Zevune
2026-09-17T09:18:23.6211095Z  * [new ref]         fb5ec39a59cb87aec0662c7706dce1f9e85e1962 -> pull/13/merge
2026-09-17T09:18:23.6272167Z ##[endgroup]
2026-09-17T09:18:23.6273187Z ##[group]Determining the checkout info
2026-09-17T09:18:23.6274569Z ##[endgroup]
2026-09-17T09:18:23.6293159Z [command]"C:\Program Files\Git\bin\git.exe" sparse-checkout disable
2026-09-17T09:18:23.6791751Z [command]"C:\Program Files\Git\bin\git.exe" config --local --unset-all extensions.worktreeConfig
2026-09-17T09:18:23.7118104Z ##[group]Checking out the ref
2026-09-17T09:18:23.7126453Z [command]"C:\Program Files\Git\bin\git.exe" checkout --progress --force refs/remotes/pull/13/merge
2026-09-17T09:18:23.9106171Z Note: switching to 'refs/remotes/pull/13/merge'.
2026-09-17T09:18:23.9107049Z 
2026-09-17T09:18:23.9108047Z You are in 'detached HEAD' state. You can look around, make experimental
2026-09-17T09:18:23.9109120Z changes and commit them, and you can discard any commits you make in this
2026-09-17T09:18:23.9109872Z state without impacting any branches by switching back to a branch.
2026-09-17T09:18:23.9110240Z 
2026-09-17T09:18:23.9110532Z If you want to create a new branch to retain commits you create, you may
2026-09-17T09:18:23.9111149Z do so (now or later) by using -c with the switch command. Example:
2026-09-17T09:18:23.9111815Z 
2026-09-17T09:18:23.9112177Z   git switch -c <new-branch-name>
2026-09-17T09:18:23.9112664Z 
2026-09-17T09:18:23.9112837Z Or undo this operation with:
2026-09-17T09:18:23.9113875Z 
2026-09-17T09:18:23.9114107Z   git switch -
2026-09-17T09:18:23.9114345Z 
2026-09-17T09:18:23.9114697Z Turn off this advice by setting config variable advice.detachedHead to false
2026-09-17T09:18:23.9115136Z 
2026-09-17T09:18:23.9115782Z HEAD is now at fb5ec39 Merge 50ef0d9a5f7c7fdcf64118bd1e0f307457d37736 into 6913d4ab2fda6956db37e0ceb49790a4518c2762
2026-09-17T09:18:23.9229240Z ##[endgroup]
2026-09-17T09:18:23.9819859Z [command]"C:\Program Files\Git\bin\git.exe" log -1 --format=%H
2026-09-17T09:18:24.0101156Z fb5ec39a59cb87aec0662c7706dce1f9e85e1962
2026-09-17T09:18:24.0145910Z ##[group]Removing auth
2026-09-17T09:18:24.0154454Z [command]"C:\Program Files\Git\bin\git.exe" config --local --name-only --get-regexp core\.sshCommand
2026-09-17T09:18:24.0489558Z [command]"C:\Program Files\Git\bin\git.exe" submodule foreach --recursive "sh -c \"git config --local --name-only --get-regexp 'core\.sshCommand' && git config --local --unset-all 'core.sshCommand' || :\""
2026-09-17T09:18:24.6254146Z [command]"C:\Program Files\Git\bin\git.exe" config --local --name-only --get-regexp http\.https\:\/\/github\.com\/\.extraheader
2026-09-17T09:18:24.6515668Z http.https://github.com/.extraheader
2026-09-17T09:18:24.6557220Z [command]"C:\Program Files\Git\bin\git.exe" config --local --unset-all http.https://github.com/.extraheader
2026-09-17T09:18:24.6865494Z [command]"C:\Program Files\Git\bin\git.exe" submodule foreach --recursive "sh -c \"git config --local --name-only --get-regexp 'http\.https\:\/\/github\.com\/\.extraheader' && git config --local --unset-all 'http.https://github.com/.extraheader' || :\""
2026-09-17T09:18:25.2873349Z ##[endgroup]
2026-09-17T09:18:25.3390432Z Node 20 is being deprecated. This workflow is running with Node 24 by default. If you need to temporarily use Node 20, you can set the ACTIONS_ALLOW_USE_UNSECURE_NODE_VERSION=true environment variable. For more information see: https://github.blog/changelog/2025-09-19-deprecation-of-node-20-on-github-actions-runners/
2026-09-17T09:18:25.3392598Z ##[group]Run actions/setup-go@44694675825211faa026b3c33043df3e48a5fa00
2026-09-17T09:18:25.3392935Z with:
2026-09-17T09:18:25.3393115Z   go-version: 1.27.1
2026-09-17T09:18:25.3393303Z   cache: true
2026-09-17T09:18:25.3393546Z   cache-dependency-path: integration/cometbft/go.sum
2026-09-17T09:18:25.3393844Z   check-latest: false
2026-09-17T09:18:25.3396788Z   token: ***
2026-09-17T09:18:25.3397020Z ##[endgroup]
2026-09-17T09:18:25.5058172Z Setup go version spec 1.27.1
2026-09-17T09:18:25.5078148Z Attempting to download 1.27.1...
2026-09-17T09:18:25.5337395Z (node:9860) [DEP0040] DeprecationWarning: The `punycode` module is deprecated. Please use a userland alternative instead.
2026-09-17T09:18:25.5338722Z (Use `node --trace-deprecation ...` to show where the warning was created)
2026-09-17T09:18:26.0229445Z matching 1.27.1...
2026-09-17T09:18:26.0256009Z Acquiring 1.27.1 from https://github.com/actions/go-versions/releases/download/1.27.1-33583469715/go-1.27.1-win32-x64.zip
2026-09-17T09:18:26.6537751Z Extracting Go...
2026-09-17T09:18:26.7613196Z [command]"C:\Program Files\PowerShell\7\pwsh.exe" -NoLogo -NoProfile -NonInteractive -ExecutionPolicy Unrestricted -Command "$ErrorActionPreference = 'Stop' ; try { Add-Type -AssemblyName System.IO.Compression.ZipFile } catch { } ; try { [System.IO.Compression.ZipFile]::ExtractToDirectory('D:\a\_temp\go-1.27.1-win32-x64.zip', 'D:\a\_temp\fd113151-6af9-48d7-adac-5816dd0d7abd', $true) } catch { if (($_.Exception.GetType().FullName -eq 'System.Management.Automation.MethodException') -or ($_.Exception.GetType().FullName -eq 'System.Management.Automation.RuntimeException') ){ Expand-Archive -LiteralPath 'D:\a\_temp\go-1.27.1-win32-x64.zip' -DestinationPath 'D:\a\_temp\fd113151-6af9-48d7-adac-5816dd0d7abd' -Force } else { throw $_ } } ;"
2026-09-17T09:18:32.2360508Z Successfully extracted go to D:\a\_temp\fd113151-6af9-48d7-adac-5816dd0d7abd
2026-09-17T09:18:32.2361256Z Adding to the cache ...
2026-09-17T09:18:44.4597936Z Created link C:\hostedtoolcache\windows\go\1.27.1\x64 => D:\hostedtoolcache\windows\go\1.27.1\x64
2026-09-17T09:18:44.4605076Z Created link C:\hostedtoolcache\windows\go\1.27.1\x64.complete => D:\hostedtoolcache\windows\go\1.27.1\x64.complete
2026-09-17T09:18:44.4606759Z Successfully cached go to C:\hostedtoolcache\windows\go\1.27.1\x64
2026-09-17T09:18:44.4613475Z Added go to the path
2026-09-17T09:18:44.4616179Z Successfully set up Go version 1.27.1
2026-09-17T09:18:44.8085170Z [command]C:\hostedtoolcache\windows\go\1.27.1\x64\bin\go.exe env GOCACHE
2026-09-17T09:18:44.8135312Z [command]C:\hostedtoolcache\windows\go\1.27.1\x64\bin\go.exe env GOMODCACHE
2026-09-17T09:18:44.8400337Z C:\Users\runneradmin\AppData\Local\go-build
2026-09-17T09:18:44.8428149Z C:\Users\runneradmin\go\pkg\mod
2026-09-17T09:18:45.0548948Z Cache hit for: setup-go-Windows-x64-go-1.27.1-ef6b0fbca0a8d0b6206b16c85f11c4a6c772908ae2660ca86a6b7ee95979c938
2026-09-17T09:18:45.0683535Z (node:9860) [DEP0169] DeprecationWarning: `url.parse()` behavior is not standardized and prone to errors that have security implications. Use the WHATWG URL API instead. CVEs are not issued for `url.parse()` vulnerabilities.
2026-09-17T09:18:46.1185827Z Received 167772160 of 429434914 (39.1%), 158.6 MBs/sec
2026-09-17T09:18:47.1483845Z Received 381681664 of 429434914 (88.9%), 178.5 MBs/sec
2026-09-17T09:18:47.5207044Z Received 429434914 of 429434914 (100.0%), 170.2 MBs/sec
2026-09-17T09:18:47.5208451Z Cache Size: ~410 MB (429434914 B)
2026-09-17T09:18:47.5245503Z [command]"C:\Program Files\Git\usr\bin\tar.exe" -xf D:/a/_temp/ab0a99fc-752f-4ceb-ab5c-c8ea5d329382/cache.tzst -P -C D:/a/Zevune/Zevune --force-local --use-compress-program "zstd -d"
2026-09-17T09:19:19.3567988Z Cache restored successfully
2026-09-17T09:19:19.3854304Z Cache restored from key: setup-go-Windows-x64-go-1.27.1-ef6b0fbca0a8d0b6206b16c85f11c4a6c772908ae2660ca86a6b7ee95979c938
2026-09-17T09:19:19.3873799Z go version go1.27.1 windows/amd64
2026-09-17T09:19:19.3874015Z 
2026-09-17T09:19:19.3874323Z ##[group]go env
2026-09-17T09:19:20.7332792Z set AR=ar
2026-09-17T09:19:20.7333148Z set CC=gcc
2026-09-17T09:19:20.7333467Z set CGO_CFLAGS=-O2 -g
2026-09-17T09:19:20.7333840Z set CGO_CPPFLAGS=
2026-09-17T09:19:20.7334223Z set CGO_CXXFLAGS=-O2 -g
2026-09-17T09:19:20.7334637Z set CGO_ENABLED=1
2026-09-17T09:19:20.7334843Z set CGO_FFLAGS=-O2 -g
2026-09-17T09:19:20.7335189Z set CGO_LDFLAGS=-O2 -g
2026-09-17T09:19:20.7335396Z set CXX=g++
2026-09-17T09:19:20.7335570Z set GCCGO=gccgo
2026-09-17T09:19:20.7335761Z set GO111MODULE=
2026-09-17T09:19:20.7335944Z set GOAMD64=v1
2026-09-17T09:19:20.7336122Z set GOARCH=amd64
2026-09-17T09:19:20.7336335Z set GOAUTH=netrc
2026-09-17T09:19:20.7336551Z set GOBIN=C:\Users\runneradmin\go\bin
2026-09-17T09:19:20.7336892Z set GOCACHE=C:\Users\runneradmin\AppData\Local\go-build
2026-09-17T09:19:20.7337196Z set GOCACHEPROG=
2026-09-17T09:19:20.7337390Z set GODEBUG=
2026-09-17T09:19:20.7337635Z set GOENV=C:\Users\runneradmin\AppData\Roaming\go\env
2026-09-17T09:19:20.7337921Z set GOEXE=.exe
2026-09-17T09:19:20.7338102Z set GOEXPERIMENT=
2026-09-17T09:19:20.7338287Z set GOFIPS140=off
2026-09-17T09:19:20.7338464Z set GOFLAGS=
2026-09-17T09:19:20.7339252Z set GOGCCFLAGS=-m64 -pthread -Wl,--no-gc-sections -fmessage-length=0 -ffile-prefix-map=C:\Users\RUNNER~1\AppData\Local\Temp\go-build22745070=/tmp/go-build -gno-record-gcc-switches
2026-09-17T09:19:20.7339999Z set GOHOSTARCH=amd64
2026-09-17T09:19:20.7340200Z set GOHOSTOS=windows
2026-09-17T09:19:20.7340386Z set GOINSECURE=
2026-09-17T09:19:20.7340593Z set GOMOD=D:\a\Zevune\Zevune\go.mod
2026-09-17T09:19:20.7340879Z set GOMODCACHE=C:\Users\runneradmin\go\pkg\mod
2026-09-17T09:19:20.7341155Z set GONOPROXY=
2026-09-17T09:19:20.7341328Z set GONOSUMDB=
2026-09-17T09:19:20.7341509Z set GOOS=windows
2026-09-17T09:19:20.7341713Z set GOPACKAGESDRIVER=
2026-09-17T09:19:20.7341965Z set GOPATH=C:\Users\runneradmin\go
2026-09-17T09:19:20.7342274Z set GOPRIVATE=
2026-09-17T09:19:20.7342511Z set GOPROXY=https://proxy.golang.org,direct
2026-09-17T09:19:20.7342858Z set GOROOT=C:\hostedtoolcache\windows\go\1.27.1\x64
2026-09-17T09:19:20.7343168Z set GOSUMDB=sum.golang.org
2026-09-17T09:19:20.7343394Z set GOTELEMETRY=local
2026-09-17T09:19:20.7343713Z set GOTELEMETRYDIR=C:\Users\runneradmin\AppData\Roaming\go\telemetry
2026-09-17T09:19:20.7344073Z set GOTMPDIR=
2026-09-17T09:19:20.7344259Z set GOTOOLCHAIN=local
2026-09-17T09:19:20.7344603Z set GOTOOLDIR=C:\hostedtoolcache\windows\go\1.27.1\x64\pkg\tool\windows_amd64
2026-09-17T09:19:20.7344989Z set GOVCS=
2026-09-17T09:19:20.7345163Z set GOVERSION=go1.27.1
2026-09-17T09:19:20.7345358Z set GOWORK=
2026-09-17T09:19:20.7345763Z set PKG_CONFIG=pkg-config
2026-09-17T09:19:20.7345915Z 
2026-09-17T09:19:20.7347319Z ##[endgroup]
2026-09-17T09:19:20.7689856Z ##[group]Run go version
2026-09-17T09:19:20.7690205Z [36;1mgo version[0m
2026-09-17T09:19:20.7690422Z [36;1mgo mod download[0m
2026-09-17T09:19:20.7690645Z [36;1mgo mod verify[0m
2026-09-17T09:19:20.7690858Z [36;1mgo mod tidy -diff[0m
2026-09-17T09:19:20.7691094Z [36;1mtest -z "$(gofmt -l .)"[0m
2026-09-17T09:19:20.7716329Z shell: C:\Program Files\Git\bin\bash.EXE --noprofile --norc -e -o pipefail {0}
2026-09-17T09:19:20.7716747Z env:
2026-09-17T09:19:20.7716926Z   GOTOOLCHAIN: local
2026-09-17T09:19:20.7717137Z ##[endgroup]
2026-09-17T09:19:20.9870506Z go version go1.27.1 windows/amd64
2026-09-17T09:19:24.3010922Z all modules verified
2026-09-17T09:19:24.6521067Z ##[group]Run go test -mod=readonly ./... -count=1 -timeout=8m -v
2026-09-17T09:19:24.6521637Z [36;1mgo test -mod=readonly ./... -count=1 -timeout=8m -v[0m
2026-09-17T09:19:24.6538849Z shell: C:\Program Files\Git\bin\bash.EXE --noprofile --norc -e -o pipefail {0}
2026-09-17T09:19:24.6539277Z env:
2026-09-17T09:19:24.6539464Z   GOTOOLCHAIN: local
2026-09-17T09:19:24.6539672Z ##[endgroup]
2026-09-17T09:19:31.0936772Z === RUN   TestGenesisValidation
2026-09-17T09:19:31.0937906Z --- PASS: TestGenesisValidation (0.59s)
2026-09-17T09:19:31.0940470Z === RUN   TestFinalizeIsNotDurableAndCommitIs
2026-09-17T09:19:31.0941864Z --- PASS: TestFinalizeIsNotDurableAndCommitIs (0.52s)
2026-09-17T09:19:31.0943561Z === RUN   TestProposalChecksNeverWrite
2026-09-17T09:19:31.0950546Z --- PASS: TestProposalChecksNeverWrite (0.01s)
2026-09-17T09:19:31.0952184Z === RUN   TestEveryTransactionEntryRemainsClosed
2026-09-17T09:19:31.0953309Z --- PASS: TestEveryTransactionEntryRemainsClosed (0.01s)
2026-09-17T09:19:31.0954161Z === RUN   TestRepeatedFinalizeCopiesAndBindsHash
2026-09-17T09:19:31.0954953Z --- PASS: TestRepeatedFinalizeCopiesAndBindsHash (0.02s)
2026-09-17T09:19:31.0955844Z === RUN   TestQueryOnlyCommittedStateAndNoProofClaims
2026-09-17T09:19:31.0956820Z --- PASS: TestQueryOnlyCommittedStateAndNoProofClaims (0.01s)
2026-09-17T09:19:31.0958158Z === RUN   TestSnapshotsAndExtensionsFailClosed
2026-09-17T09:19:31.0959047Z --- PASS: TestSnapshotsAndExtensionsFailClosed (0.01s)
2026-09-17T09:19:31.0959856Z === RUN   TestConcurrentInfoAndFinalize
2026-09-17T09:19:31.0960587Z --- PASS: TestConcurrentInfoAndFinalize (2.03s)
2026-09-17T09:19:31.0961323Z === RUN   TestClosedApplicationFails
2026-09-17T09:19:31.0962029Z --- PASS: TestClosedApplicationFails (0.01s)
2026-09-17T09:19:31.0962662Z PASS
2026-09-17T09:19:31.0963378Z ok  	github.com/youq616/Zevune/integration/cometbft/app	3.302s
2026-09-17T09:19:31.0964915Z ?   	github.com/youq616/Zevune/integration/cometbft/cmd/zevune-devnet	[no test files]
2026-09-17T09:19:31.1480210Z === RUN   TestMalformedCommandsNeverCreateOrOverwrite
2026-09-17T09:19:31.1516939Z --- PASS: TestMalformedCommandsNeverCreateOrOverwrite (0.00s)
2026-09-17T09:19:31.1518395Z === RUN   TestBoundedPublicTransactionFiles
2026-09-17T09:19:31.1519345Z --- PASS: TestBoundedPublicTransactionFiles (0.00s)
2026-09-17T09:19:31.1521279Z === RUN   TestStorageCommandRejectsNetworkAndMutationFlags
2026-09-17T09:19:31.1522923Z --- PASS: TestStorageCommandRejectsNetworkAndMutationFlags (0.00s)
2026-09-17T09:19:31.1524002Z === RUN   TestSyncSubmitRejectInvalidCheckpointBeforeOtherInput
2026-09-17T09:19:31.1525095Z --- PASS: TestSyncSubmitRejectInvalidCheckpointBeforeOtherInput (0.00s)
2026-09-17T09:19:31.1526457Z === RUN   TestStorageCheckpointFlagPair
2026-09-17T09:19:31.1527217Z --- PASS: TestStorageCheckpointFlagPair (0.00s)
2026-09-17T09:19:31.1528503Z === RUN   TestCheckpointSyntaxDoesNotSelectAStorageProfile
2026-09-17T09:19:31.1529708Z --- PASS: TestCheckpointSyntaxDoesNotSelectAStorageProfile (0.00s)
2026-09-17T09:19:31.1530819Z === RUN   TestStorageCheckpointCLIRejectsPartialDuplicateAndWrongCommands
2026-09-17T09:19:31.1531947Z --- PASS: TestStorageCheckpointCLIRejectsPartialDuplicateAndWrongCommands (0.00s)
2026-09-17T09:19:31.1533079Z === RUN   TestExplicitEmptyStorageCheckpointDoesNotDisableCheck
2026-09-17T09:19:31.1535956Z --- PASS: TestExplicitEmptyStorageCheckpointDoesNotDisableCheck (0.00s)
2026-09-17T09:19:31.1537413Z === RUN   TestStorageCopyRequiresExplicitCheckpointAndOfflinePaths
2026-09-17T09:19:31.1538531Z --- PASS: TestStorageCopyRequiresExplicitCheckpointAndOfflinePaths (0.00s)
2026-09-17T09:19:31.1539477Z PASS
2026-09-17T09:19:31.1540172Z ok  	github.com/youq616/Zevune/integration/cometbft/cmd/zevune-network	0.550s
2026-09-17T09:20:22.2503659Z === RUN   TestNodeProcessHelper
2026-09-17T09:20:22.2504048Z --- PASS: TestNodeProcessHelper (0.00s)
2026-09-17T09:20:22.2504401Z === RUN   TestFourProcessConsensusAndRecovery
2026-09-17T09:20:22.2509879Z     devnet_test.go:214: four processes verified common height=4; equal block/app hashes; >2/3 signatures verified
2026-09-17T09:20:22.2511454Z     devnet_test.go:221: payment admission rejected by real CometBFT RPC/mempool path
2026-09-17T09:20:22.2512616Z     devnet_test.go:225: one validator offline: remaining 3/4 continued committing
2026-09-17T09:20:22.2513833Z     devnet_test.go:233: two validators offline: height remained 7 over observation window
2026-09-17T09:20:22.2514972Z     devnet_test.go:239: restored quorum and lagging validator catch-up succeeded
2026-09-17T09:20:22.2516190Z     devnet_test.go:245: abrupt process termination recovered without resetting validator state
2026-09-17T09:20:22.2517564Z     devnet_test.go:256: full four-process restart resumed from durable application/consensus state
2026-09-17T09:20:22.2518559Z --- PASS: TestFourProcessConsensusAndRecovery (43.00s)
2026-09-17T09:20:22.2519202Z === RUN   TestInitAndManifestFailClosed
2026-09-17T09:20:22.2519773Z --- PASS: TestInitAndManifestFailClosed (0.10s)
2026-09-17T09:20:22.2520421Z === RUN   TestFullRestartAdvancesBeyondDurableHeight
2026-09-17T09:20:22.2521500Z     restart_test.go:53: restart advanced every node beyond highest recovered height 3 to at least 6
2026-09-17T09:20:22.2522504Z --- PASS: TestFullRestartAdvancesBeyondDurableHeight (7.87s)
2026-09-17T09:20:22.2523216Z === RUN   TestMissingSigningStateIsNotRecreated
2026-09-17T09:20:22.2523876Z --- PASS: TestMissingSigningStateIsNotRecreated (0.13s)
2026-09-17T09:20:22.2524489Z PASS
2026-09-17T09:20:22.2524988Z ok  	github.com/youq616/Zevune/integration/cometbft/devnet	51.154s
2026-09-17T09:20:22.2525671Z === RUN   TestQuorumAndAllHeaderBindings
2026-09-17T09:20:22.2526627Z === RUN   TestQuorumAndAllHeaderBindings/version
2026-09-17T09:20:22.2527271Z === RUN   TestQuorumAndAllHeaderBindings/validators
2026-09-17T09:20:22.2527920Z === RUN   TestQuorumAndAllHeaderBindings/state-length
2026-09-17T09:20:22.2528550Z === RUN   TestQuorumAndAllHeaderBindings/future
2026-09-17T09:20:22.2529148Z === RUN   TestQuorumAndAllHeaderBindings/height
2026-09-17T09:20:22.2529727Z === RUN   TestQuorumAndAllHeaderBindings/chain
2026-09-17T09:20:22.2530367Z === RUN   TestQuorumAndAllHeaderBindings/next-validators
2026-09-17T09:20:22.2531036Z === RUN   TestQuorumAndAllHeaderBindings/parameters
2026-09-17T09:20:22.2531689Z === RUN   TestQuorumAndAllHeaderBindings/pre-genesis
2026-09-17T09:20:22.2532332Z --- PASS: TestQuorumAndAllHeaderBindings (0.00s)
2026-09-17T09:20:22.2533116Z     --- PASS: TestQuorumAndAllHeaderBindings/version (0.00s)
2026-09-17T09:20:22.2533977Z     --- PASS: TestQuorumAndAllHeaderBindings/validators (0.00s)
2026-09-17T09:20:22.2534865Z     --- PASS: TestQuorumAndAllHeaderBindings/state-length (0.00s)
2026-09-17T09:20:22.2535739Z     --- PASS: TestQuorumAndAllHeaderBindings/future (0.00s)
2026-09-17T09:20:22.2536537Z     --- PASS: TestQuorumAndAllHeaderBindings/height (0.00s)
2026-09-17T09:20:22.2537328Z     --- PASS: TestQuorumAndAllHeaderBindings/chain (0.00s)
2026-09-17T09:20:22.2538196Z     --- PASS: TestQuorumAndAllHeaderBindings/next-validators (0.00s)
2026-09-17T09:20:22.2538978Z     --- PASS: TestQuorumAndAllHeaderBindings/parameters (0.00s)
2026-09-17T09:20:22.2539812Z     --- PASS: TestQuorumAndAllHeaderBindings/pre-genesis (0.00s)
2026-09-17T09:20:22.2540878Z === RUN   TestPinnedPublicConfigurationAndCompanionFiles
2026-09-17T09:20:22.2541688Z --- PASS: TestPinnedPublicConfigurationAndCompanionFiles (0.02s)
2026-09-17T09:20:22.2542421Z === RUN   TestCanonicalDecodingAndFileBounds
2026-09-17T09:20:22.2543070Z --- PASS: TestCanonicalDecodingAndFileBounds (0.01s)
2026-09-17T09:20:22.2543702Z === RUN   TestLoopbackEndpointAndStreamingLimits
2026-09-17T09:20:22.2544361Z --- PASS: TestLoopbackEndpointAndStreamingLimits (0.00s)
2026-09-17T09:20:22.2545204Z === RUN   TestRPCRejectsRedirectCompressionAndOversize
2026-09-17T09:20:22.2545976Z === RUN   TestRPCRejectsRedirectCompressionAndOversize/redirect
2026-09-17T09:20:22.2548176Z === RUN   TestRPCRejectsRedirectCompressionAndOversize/encoding
2026-09-17T09:20:22.2549122Z === RUN   TestRPCRejectsRedirectCompressionAndOversize/length
2026-09-17T09:20:22.2550025Z === RUN   TestRPCRejectsRedirectCompressionAndOversize/stream
2026-09-17T09:20:22.2550852Z --- PASS: TestRPCRejectsRedirectCompressionAndOversize (0.03s)
2026-09-17T09:20:22.2551928Z     --- PASS: TestRPCRejectsRedirectCompressionAndOversize/redirect (0.01s)
2026-09-17T09:20:22.2553064Z     --- PASS: TestRPCRejectsRedirectCompressionAndOversize/encoding (0.00s)
2026-09-17T09:20:22.2554139Z     --- PASS: TestRPCRejectsRedirectCompressionAndOversize/length (0.00s)
2026-09-17T09:20:22.2555249Z     --- PASS: TestRPCRejectsRedirectCompressionAndOversize/stream (0.02s)
2026-09-17T09:20:22.2556216Z === RUN   TestMalformedGenesisInitDoesNotCreatePrivateDirectory
2026-09-17T09:20:22.2557147Z --- PASS: TestMalformedGenesisInitDoesNotCreatePrivateDirectory (0.01s)
2026-09-17T09:20:22.2558042Z === RUN   TestUnexpectedEngineExitIsNotSuccessfulShutdown
2026-09-17T09:20:22.2558870Z --- PASS: TestUnexpectedEngineExitIsNotSuccessfulShutdown (0.00s)
2026-09-17T09:20:22.2559730Z === RUN   TestRequestedShutdownDoesNotNeedEngineExit
2026-09-17T09:20:22.2560497Z --- PASS: TestRequestedShutdownDoesNotNeedEngineExit (0.00s)
2026-09-17T09:20:22.2561373Z === RUN   TestConcurrentCancellationAndEngineExitRemainRequested
2026-09-17T09:20:22.2562349Z --- PASS: TestConcurrentCancellationAndEngineExitRemainRequested (0.00s)
2026-09-17T09:20:22.2563237Z === RUN   TestEngineExitReleasesWaitingSupervisor
2026-09-17T09:20:22.2563973Z --- PASS: TestEngineExitReleasesWaitingSupervisor (0.00s)
2026-09-17T09:20:22.2564638Z === RUN   TestLifecycleRejectsMissingContext
2026-09-17T09:20:22.2565262Z --- PASS: TestLifecycleRejectsMissingContext (0.00s)
2026-09-17T09:20:22.2566102Z === RUN   TestPinnedNetworkProfileCannotChangeConfigurationOrAppVersion
2026-09-17T09:20:22.2567615Z === RUN   TestPinnedNetworkProfileCannotChangeConfigurationOrAppVersion/ZVTGEN01/1/2
2026-09-17T09:20:22.2568876Z === RUN   TestPinnedNetworkProfileCannotChangeConfigurationOrAppVersion/ZVTGEN01/1/3
2026-09-17T09:20:22.2570093Z === RUN   TestPinnedNetworkProfileCannotChangeConfigurationOrAppVersion/ZVTGEN01/2/2
2026-09-17T09:20:22.2571331Z === RUN   TestPinnedNetworkProfileCannotChangeConfigurationOrAppVersion/ZVTGEN01/2/3
2026-09-17T09:20:22.2572564Z === RUN   TestPinnedNetworkProfileCannotChangeConfigurationOrAppVersion/ZVTGEN02/1/2
2026-09-17T09:20:22.2573810Z === RUN   TestPinnedNetworkProfileCannotChangeConfigurationOrAppVersion/ZVTGEN02/1/3
2026-09-17T09:20:22.2575056Z === RUN   TestPinnedNetworkProfileCannotChangeConfigurationOrAppVersion/ZVTGEN02/2/2
2026-09-17T09:20:22.2576290Z === RUN   TestPinnedNetworkProfileCannotChangeConfigurationOrAppVersion/ZVTGEN02/2/3
2026-09-17T09:20:22.2577853Z === RUN   TestPinnedNetworkProfileCannotChangeConfigurationOrAppVersion/ZVTGEN03/1/2
2026-09-17T09:20:22.2579103Z === RUN   TestPinnedNetworkProfileCannotChangeConfigurationOrAppVersion/ZVTGEN03/1/3
2026-09-17T09:20:22.2580428Z === RUN   TestPinnedNetworkProfileCannotChangeConfigurationOrAppVersion/ZVTGEN03/2/2
2026-09-17T09:20:22.2581671Z === RUN   TestPinnedNetworkProfileCannotChangeConfigurationOrAppVersion/ZVTGEN03/2/3
2026-09-17T09:20:22.2582898Z --- PASS: TestPinnedNetworkProfileCannotChangeConfigurationOrAppVersion (1.51s)
2026-09-17T09:20:22.2584549Z     --- PASS: TestPinnedNetworkProfileCannotChangeConfigurationOrAppVersion/ZVTGEN01/1/2 (0.03s)
2026-09-17T09:20:22.2586082Z     --- PASS: TestPinnedNetworkProfileCannotChangeConfigurationOrAppVersion/ZVTGEN01/1/3 (0.02s)
2026-09-17T09:20:22.2587614Z     --- PASS: TestPinnedNetworkProfileCannotChangeConfigurationOrAppVersion/ZVTGEN01/2/2 (0.02s)
2026-09-17T09:20:22.2589130Z     --- PASS: TestPinnedNetworkProfileCannotChangeConfigurationOrAppVersion/ZVTGEN01/2/3 (0.06s)
2026-09-17T09:20:22.2590653Z     --- PASS: TestPinnedNetworkProfileCannotChangeConfigurationOrAppVersion/ZVTGEN02/1/2 (0.18s)
2026-09-17T09:20:22.2592349Z     --- PASS: TestPinnedNetworkProfileCannotChangeConfigurationOrAppVersion/ZVTGEN02/1/3 (0.88s)
2026-09-17T09:20:22.2593866Z     --- PASS: TestPinnedNetworkProfileCannotChangeConfigurationOrAppVersion/ZVTGEN02/2/2 (0.12s)
2026-09-17T09:20:22.2595414Z     --- PASS: TestPinnedNetworkProfileCannotChangeConfigurationOrAppVersion/ZVTGEN02/2/3 (0.08s)
2026-09-17T09:20:22.2596994Z     --- PASS: TestPinnedNetworkProfileCannotChangeConfigurationOrAppVersion/ZVTGEN03/1/2 (0.03s)
2026-09-17T09:20:22.2598828Z     --- PASS: TestPinnedNetworkProfileCannotChangeConfigurationOrAppVersion/ZVTGEN03/1/3 (0.02s)
2026-09-17T09:20:22.2600323Z     --- PASS: TestPinnedNetworkProfileCannotChangeConfigurationOrAppVersion/ZVTGEN03/2/2 (0.04s)
2026-09-17T09:20:22.2601830Z     --- PASS: TestPinnedNetworkProfileCannotChangeConfigurationOrAppVersion/ZVTGEN03/2/3 (0.03s)
2026-09-17T09:20:22.2602989Z === RUN   TestSignedHeadersUseAuthenticatedProfileHeightAndVersion
2026-09-17T09:20:22.2604007Z --- PASS: TestSignedHeadersUseAuthenticatedProfileHeightAndVersion (0.00s)
2026-09-17T09:20:22.2605084Z === RUN   TestActiveCheckpointUsesPinnedNetworkAndRetainsLegacyBounds
2026-09-17T09:20:22.2606167Z --- PASS: TestActiveCheckpointUsesPinnedNetworkAndRetainsLegacyBounds (0.02s)
2026-09-17T09:20:22.2607181Z === RUN   TestActiveCapacityReportsLogicalBytesAndExactCheckpoint
2026-09-17T09:20:22.2608177Z --- PASS: TestActiveCapacityReportsLogicalBytesAndExactCheckpoint (0.00s)
2026-09-17T09:20:22.2609174Z === RUN   TestActiveStorageCopyRefusesBeforeReadingOrCreatingAnyPath
2026-09-17T09:20:22.2610214Z --- PASS: TestActiveStorageCopyRefusesBeforeReadingOrCreatingAnyPath (0.00s)
2026-09-17T09:20:22.2611113Z === RUN   TestReferenceCheckpointRequestBoundsBeforeAccess
2026-09-17T09:20:22.2611948Z --- PASS: TestReferenceCheckpointRequestBoundsBeforeAccess (0.00s)
2026-09-17T09:20:22.2612800Z === RUN   TestReferenceCheckpointMissingContextAndNetwork
2026-09-17T09:20:22.2613663Z --- PASS: TestReferenceCheckpointMissingContextAndNetwork (0.00s)
2026-09-17T09:20:22.2614516Z === RUN   TestUnpinnedResultsNeverClaimRetainedCheckpoint
2026-09-17T09:20:22.2615357Z --- PASS: TestUnpinnedResultsNeverClaimRetainedCheckpoint (0.00s)
2026-09-17T09:20:22.2616108Z === RUN   TestStorageCheckpointCanonicalInputs
2026-09-17T09:20:22.2616752Z --- PASS: TestStorageCheckpointCanonicalInputs (0.00s)
2026-09-17T09:20:22.2617920Z === RUN   TestStorageCheckpointExactTipNotMinimumHeightOrFinality
2026-09-17T09:20:22.2644546Z --- PASS: TestStorageCheckpointExactTipNotMinimumHeightOrFinality (0.00s)
2026-09-17T09:20:22.2645112Z === RUN   TestInvalidStorageCheckpointFailsBeforeFileAccess
2026-09-17T09:20:22.2645614Z --- PASS: TestInvalidStorageCheckpointFailsBeforeFileAccess (0.00s)
2026-09-17T09:20:22.2646245Z === RUN   TestBoundedCopyRejectsShortLongAndCancelledInput
2026-09-17T09:20:22.2647682Z --- PASS: TestBoundedCopyRejectsShortLongAndCancelledInput (0.00s)
2026-09-17T09:20:22.2648566Z === RUN   TestCopyIOFailureAndMidstreamCancelNeverYieldDigest
2026-09-17T09:20:22.2649468Z --- PASS: TestCopyIOFailureAndMidstreamCancelNeverYieldDigest (0.00s)
2026-09-17T09:20:22.2650337Z === RUN   TestCopyPathsAndPublicEntryRejectBeforeWorker
2026-09-17T09:20:22.2651157Z --- PASS: TestCopyPathsAndPublicEntryRejectBeforeWorker (0.00s)
2026-09-17T09:20:22.2651967Z === RUN   TestPublishCopyIsCreateOnlyAndDoesNotLinkSource
2026-09-17T09:20:22.2653140Z --- PASS: TestPublishCopyIsCreateOnlyAndDoesNotLinkSource (0.01s)
2026-09-17T09:20:22.2654042Z === RUN   TestPublicationFailureAfterLinkIsExplicitlyUncertain
2026-09-17T09:20:22.2654966Z --- PASS: TestPublicationFailureAfterLinkIsExplicitlyUncertain (0.00s)
2026-09-17T09:20:22.2655976Z === RUN   TestPublicationCancellationAndExistingSymlinkDoNotOverwrite
2026-09-17T09:20:22.2657034Z --- PASS: TestPublicationCancellationAndExistingSymlinkDoNotOverwrite (0.00s)
2026-09-17T09:20:22.2658178Z === RUN   TestCopyReportDoesNotClaimConsensusOrFunds
2026-09-17T09:20:22.2659173Z --- PASS: TestCopyReportDoesNotClaimConsensusOrFunds (0.00s)
2026-09-17T09:20:22.2659968Z === RUN   TestJournalDigestDetectsChangedAndReplacedFile
2026-09-17T09:20:22.2660790Z --- PASS: TestJournalDigestDetectsChangedAndReplacedFile (0.00s)
2026-09-17T09:20:22.2661752Z === RUN   TestCancelAfterPublishRetainsCompleteCopyWithUncertainResult
2026-09-17T09:20:22.2662830Z --- PASS: TestCancelAfterPublishRetainsCompleteCopyWithUncertainResult (0.00s)
2026-09-17T09:20:22.2663755Z === RUN   TestStorageReportBoundariesAndNoFinalityClaims
2026-09-17T09:20:22.2664548Z === RUN   TestStorageReportBoundariesAndNoFinalityClaims/normal
2026-09-17T09:20:22.2665462Z === RUN   TestStorageReportBoundariesAndNoFinalityClaims/exact-empty
2026-09-17T09:20:22.2666373Z === RUN   TestStorageReportBoundariesAndNoFinalityClaims/one-short
2026-09-17T09:20:22.2667270Z === RUN   TestStorageReportBoundariesAndNoFinalityClaims/byte-limit
2026-09-17T09:20:22.2668196Z === RUN   TestStorageReportBoundariesAndNoFinalityClaims/record-limit
2026-09-17T09:20:22.2669154Z === RUN   TestStorageReportBoundariesAndNoFinalityClaims/record-warning
2026-09-17T09:20:22.2670182Z === RUN   TestStorageReportBoundariesAndNoFinalityClaims/record-before-warning
2026-09-17T09:20:22.2671206Z === RUN   TestStorageReportBoundariesAndNoFinalityClaims/one-output-slot
2026-09-17T09:20:22.2672213Z === RUN   TestStorageReportBoundariesAndNoFinalityClaims/two-output-slots
2026-09-17T09:20:22.2673196Z --- PASS: TestStorageReportBoundariesAndNoFinalityClaims (0.00s)
2026-09-17T09:20:22.2674216Z     --- PASS: TestStorageReportBoundariesAndNoFinalityClaims/normal (0.00s)
2026-09-17T09:20:22.2675347Z     --- PASS: TestStorageReportBoundariesAndNoFinalityClaims/exact-empty (0.00s)
2026-09-17T09:20:22.2676526Z     --- PASS: TestStorageReportBoundariesAndNoFinalityClaims/one-short (0.00s)
2026-09-17T09:20:22.2677713Z     --- PASS: TestStorageReportBoundariesAndNoFinalityClaims/byte-limit (0.00s)
2026-09-17T09:20:22.2678899Z     --- PASS: TestStorageReportBoundariesAndNoFinalityClaims/record-limit (0.00s)
2026-09-17T09:20:22.2680172Z     --- PASS: TestStorageReportBoundariesAndNoFinalityClaims/record-warning (0.00s)
2026-09-17T09:20:22.2681478Z     --- PASS: TestStorageReportBoundariesAndNoFinalityClaims/record-before-warning (0.00s)
2026-09-17T09:20:22.2682814Z     --- PASS: TestStorageReportBoundariesAndNoFinalityClaims/one-output-slot (0.00s)
2026-09-17T09:20:22.2684409Z     --- PASS: TestStorageReportBoundariesAndNoFinalityClaims/two-output-slots (0.00s)
2026-09-17T09:20:22.2685346Z === RUN   TestStorageReportRejectsContradictoryCounts
2026-09-17T09:20:22.2686118Z --- PASS: TestStorageReportRejectsContradictoryCounts (0.00s)
2026-09-17T09:20:22.2686967Z === RUN   TestJournalMetadataIsReadOnlyAndDetectsOrdinaryChanges
2026-09-17T09:20:22.2687901Z --- PASS: TestJournalMetadataIsReadOnlyAndDetectsOrdinaryChanges (0.00s)
2026-09-17T09:20:22.2688763Z === RUN   TestStorageMissingInvalidPathsNeverCreateData
2026-09-17T09:20:22.2689548Z --- PASS: TestStorageMissingInvalidPathsNeverCreateData (0.00s)
2026-09-17T09:20:22.2690292Z === RUN   FuzzCanonicalPublicConfiguration
2026-09-17T09:20:22.2690923Z === RUN   FuzzCanonicalPublicConfiguration/seed#0
2026-09-17T09:20:22.2691548Z === RUN   FuzzCanonicalPublicConfiguration/seed#1
2026-09-17T09:20:22.2692178Z --- PASS: FuzzCanonicalPublicConfiguration (0.00s)
2026-09-17T09:20:22.2694205Z     --- PASS: FuzzCanonicalPublicConfiguration/seed#0 (0.00s)
2026-09-17T09:20:22.2695052Z     --- PASS: FuzzCanonicalPublicConfiguration/seed#1 (0.00s)
2026-09-17T09:20:22.2695717Z === RUN   FuzzNumericLoopbackEndpoint
2026-09-17T09:20:22.2696273Z === RUN   FuzzNumericLoopbackEndpoint/seed#0
2026-09-17T09:20:22.2696856Z === RUN   FuzzNumericLoopbackEndpoint/seed#1
2026-09-17T09:20:22.2697442Z --- PASS: FuzzNumericLoopbackEndpoint (0.00s)
2026-09-17T09:20:22.2698136Z     --- PASS: FuzzNumericLoopbackEndpoint/seed#0 (0.00s)
2026-09-17T09:20:22.2698876Z     --- PASS: FuzzNumericLoopbackEndpoint/seed#1 (0.00s)
2026-09-17T09:20:22.2699524Z === RUN   FuzzStorageCheckpointInputs
2026-09-17T09:20:22.2701006Z === RUN   FuzzStorageCheckpointInputs/seed#0
2026-09-17T09:20:22.2701754Z === RUN   FuzzStorageCheckpointInputs/seed#1
2026-09-17T09:20:22.2702354Z === RUN   FuzzStorageCheckpointInputs/seed#2
2026-09-17T09:20:22.2702934Z --- PASS: FuzzStorageCheckpointInputs (0.00s)
2026-09-17T09:20:22.2703996Z     --- PASS: FuzzStorageCheckpointInputs/seed#0 (0.00s)
2026-09-17T09:20:22.2704764Z     --- PASS: FuzzStorageCheckpointInputs/seed#1 (0.00s)
2026-09-17T09:20:22.2705525Z     --- PASS: FuzzStorageCheckpointInputs/seed#2 (0.00s)
2026-09-17T09:20:22.2706096Z === RUN   FuzzStorageAccounting
2026-09-17T09:20:22.2706582Z === RUN   FuzzStorageAccounting/seed#0
2026-09-17T09:20:22.2707103Z === RUN   FuzzStorageAccounting/seed#1
2026-09-17T09:20:22.2707695Z --- PASS: FuzzStorageAccounting (0.00s)
2026-09-17T09:20:22.2708368Z     --- PASS: FuzzStorageAccounting/seed#0 (0.00s)
2026-09-17T09:20:22.2709059Z     --- PASS: FuzzStorageAccounting/seed#1 (0.00s)
2026-09-17T09:20:22.2709565Z PASS
2026-09-17T09:20:22.2710075Z ok  	github.com/youq616/Zevune/integration/cometbft/labnet	1.675s
2026-09-17T09:20:22.2710862Z === RUN   TestGenesisBindingRejectsAmbiguityAndMismatch
2026-09-17T09:20:22.2711664Z --- PASS: TestGenesisBindingRejectsAmbiguityAndMismatch (0.00s)
2026-09-17T09:20:22.2712289Z PASS
2026-09-17T09:20:22.2712798Z ok  	github.com/youq616/Zevune/integration/cometbft/poolapp	0.069s
2026-09-17T09:20:22.7702634Z ##[group]Run go vet -mod=readonly ./...
2026-09-17T09:20:22.7703037Z [36;1mgo vet -mod=readonly ./...[0m
2026-09-17T09:20:22.7720856Z shell: C:\Program Files\Git\bin\bash.EXE --noprofile --norc -e -o pipefail {0}
2026-09-17T09:20:22.7721267Z env:
2026-09-17T09:20:22.7721456Z   GOTOOLCHAIN: local
2026-09-17T09:20:22.7721913Z ##[endgroup]
2026-09-17T09:20:33.8240051Z ##[group]Run go build -mod=readonly ./cmd/zevune-devnet
2026-09-17T09:20:33.8240528Z [36;1mgo build -mod=readonly ./cmd/zevune-devnet[0m
2026-09-17T09:20:33.8257252Z shell: C:\Program Files\Git\bin\bash.EXE --noprofile --norc -e -o pipefail {0}
2026-09-17T09:20:33.8257645Z env:
2026-09-17T09:20:33.8257821Z   GOTOOLCHAIN: local
2026-09-17T09:20:33.8258021Z ##[endgroup]
2026-09-17T09:20:36.5996648Z ##[group]Run git diff --exit-code
2026-09-17T09:20:36.5997004Z [36;1mgit diff --exit-code[0m
2026-09-17T09:20:36.6014514Z shell: C:\Program Files\Git\bin\bash.EXE --noprofile --norc -e -o pipefail {0}
2026-09-17T09:20:36.6014921Z env:
2026-09-17T09:20:36.6015104Z   GOTOOLCHAIN: local
2026-09-17T09:20:36.6015309Z ##[endgroup]
2026-09-17T09:20:36.7054720Z Node 20 is being deprecated. This workflow is running with Node 24 by default. If you need to temporarily use Node 20, you can set the ACTIONS_ALLOW_USE_UNSECURE_NODE_VERSION=true environment variable. For more information see: https://github.blog/changelog/2025-09-19-deprecation-of-node-20-on-github-actions-runners/
2026-09-17T09:20:36.7056462Z Post job cleanup.
2026-09-17T09:20:36.8635577Z (node:9536) [DEP0040] DeprecationWarning: The `punycode` module is deprecated. Please use a userland alternative instead.
2026-09-17T09:20:36.8636388Z (Use `node --trace-deprecation ...` to show where the warning was created)
2026-09-17T09:20:36.9992302Z [command]C:\hostedtoolcache\windows\go\1.27.1\x64\bin\go.exe env GOMODCACHE
2026-09-17T09:20:37.0070877Z [command]C:\hostedtoolcache\windows\go\1.27.1\x64\bin\go.exe env GOCACHE
2026-09-17T09:20:37.0433790Z C:\Users\runneradmin\go\pkg\mod
2026-09-17T09:20:37.0477616Z C:\Users\runneradmin\AppData\Local\go-build
2026-09-17T09:20:37.0504461Z Cache hit occurred on the primary key setup-go-Windows-x64-go-1.27.1-ef6b0fbca0a8d0b6206b16c85f11c4a6c772908ae2660ca86a6b7ee95979c938, not saving cache.
2026-09-17T09:20:37.0818355Z Post job cleanup.
2026-09-17T09:20:37.2880134Z [command]"C:\Program Files\Git\bin\git.exe" version
2026-09-17T09:20:37.3180015Z git version 2.55.0.windows.5
2026-09-17T09:20:37.3251151Z Temporarily overriding HOME='D:\a\_temp\416d954d-052d-4c07-acc7-cd486059c68a' before making global git config changes
2026-09-17T09:20:37.3252473Z Adding repository directory to the temporary git global config as a safe directory
2026-09-17T09:20:37.3265987Z [command]"C:\Program Files\Git\bin\git.exe" config --global --add safe.directory D:\a\Zevune\Zevune
2026-09-17T09:20:37.3598794Z [command]"C:\Program Files\Git\bin\git.exe" config --local --name-only --get-regexp core\.sshCommand
2026-09-17T09:20:37.3933990Z [command]"C:\Program Files\Git\bin\git.exe" submodule foreach --recursive "sh -c \"git config --local --name-only --get-regexp 'core\.sshCommand' && git config --local --unset-all 'core.sshCommand' || :\""
2026-09-17T09:20:37.9187026Z [command]"C:\Program Files\Git\bin\git.exe" config --local --name-only --get-regexp http\.https\:\/\/github\.com\/\.extraheader
2026-09-17T09:20:37.9497290Z [command]"C:\Program Files\Git\bin\git.exe" submodule foreach --recursive "sh -c \"git config --local --name-only --get-regexp 'http\.https\:\/\/github\.com\/\.extraheader' && git config --local --unset-all 'http.https://github.com/.extraheader' || :\""
2026-09-17T09:20:38.5262591Z Cleaning up orphan processes
2026-09-17T09:20:38.5763682Z ##[warning]Node.js 20 is deprecated. The following actions target Node.js 20 but are being forced to run on Node.js 24: actions/setup-go@44694675825211faa026b3c33043df3e48a5fa00. For more information see: https://github.blog/changelog/2025-09-19-deprecation-of-node-20-on-github-actions-runners/
