2026-09-17T09:26:55.0340612Z Current runner version: '2.337.0'
2026-09-17T09:26:55.0546648Z ##[group]Runner Image Provisioner
2026-09-17T09:26:55.0547489Z Hosted Compute Agent
2026-09-17T09:26:55.0548100Z Version: 20260828.587
2026-09-17T09:26:55.0548740Z Commit: abac92662cab4cc7352de4f9f9d2e2419aad9c29
2026-09-17T09:26:55.0549517Z Build Date: 2026-08-28T16:44:25Z
2026-09-17T09:26:55.0550215Z Worker ID: {bca26421-9f22-4866-a8f2-6ab19fd99017}
2026-09-17T09:26:55.0550988Z Azure Region: eastus2
2026-09-17T09:26:55.0551585Z ##[endgroup]
2026-09-17T09:26:55.0552912Z ##[group]Operating System
2026-09-17T09:26:55.0553542Z Microsoft Windows Server 2025
2026-09-17T09:26:55.0554130Z 10.0.26100
2026-09-17T09:26:55.0554599Z Datacenter
2026-09-17T09:26:55.0555090Z ##[endgroup]
2026-09-17T09:26:55.0556034Z ##[group]Runner Image
2026-09-17T09:26:55.0556617Z Image: windows-2025-vs2026
2026-09-17T09:26:55.0557236Z Version: 20260907.229.1
2026-09-17T09:26:55.0558659Z Included Software: https://github.com/actions/runner-images/blob/win25-vs2026/20260907.229/images/windows/Windows2025-VS2026-Readme.md
2026-09-17T09:26:55.0560293Z Image Release: https://github.com/actions/runner-images/releases/tag/win25-vs2026%2F20260907.229
2026-09-17T09:26:55.0561215Z ##[endgroup]
2026-09-17T09:26:55.0562308Z ##[group]GITHUB_TOKEN Permissions
2026-09-17T09:26:55.0564233Z Contents: read
2026-09-17T09:26:55.0564798Z Metadata: read
2026-09-17T09:26:55.0565321Z ##[endgroup]
2026-09-17T09:26:55.0567411Z Secret source: Actions
2026-09-17T09:26:55.0568309Z Cache mode: write
2026-09-17T09:26:55.0569019Z Prepare workflow directory
2026-09-17T09:26:55.1944191Z Prepare all required actions
2026-09-17T09:26:55.1994771Z Getting action download info
2026-09-17T09:26:55.3652847Z Download action repository 'actions/checkout@08c6903cd8c0fde910a37f88322edcfb5dd907a8' (SHA:08c6903cd8c0fde910a37f88322edcfb5dd907a8)
2026-09-17T09:26:55.5874471Z Download action repository 'actions/setup-go@44694675825211faa026b3c33043df3e48a5fa00' (SHA:44694675825211faa026b3c33043df3e48a5fa00)
2026-09-17T09:26:55.9100443Z Download action repository 'actions/upload-artifact@ea165f8d65b6e75b540449e92b4886f43607fa02' (SHA:ea165f8d65b6e75b540449e92b4886f43607fa02)
2026-09-17T09:26:56.8845890Z Complete job name: resources (windows-latest)
2026-09-17T09:26:57.5342860Z ##[group]Run actions/checkout@08c6903cd8c0fde910a37f88322edcfb5dd907a8
2026-09-17T09:26:57.5344181Z with:
2026-09-17T09:26:57.5344683Z   persist-credentials: false
2026-09-17T09:26:57.5345285Z   fetch-depth: 2
2026-09-17T09:26:57.5345779Z   repository: youq616/Zevune
2026-09-17T09:26:57.5350590Z   token: ***
2026-09-17T09:26:57.5351107Z   ssh-strict: true
2026-09-17T09:26:57.5351584Z   ssh-user: git
2026-09-17T09:26:57.5352071Z   clean: true
2026-09-17T09:26:57.5352584Z   sparse-checkout-cone-mode: true
2026-09-17T09:26:57.5353156Z   fetch-tags: false
2026-09-17T09:26:57.5353651Z   show-progress: true
2026-09-17T09:26:57.5354146Z   lfs: false
2026-09-17T09:26:57.5354612Z   submodules: false
2026-09-17T09:26:57.5355171Z   set-safe-directory: true
2026-09-17T09:26:57.5355976Z env:
2026-09-17T09:26:57.5356467Z   RAYON_NUM_THREADS: 2
2026-09-17T09:26:57.5356972Z   CARGO_BUILD_JOBS: 2
2026-09-17T09:26:57.5357774Z   ZEVUNE_RESOURCE_SOURCE_HEAD: 50ef0d9a5f7c7fdcf64118bd1e0f307457d37736
2026-09-17T09:26:57.5358530Z ##[endgroup]
2026-09-17T09:26:57.7176510Z Syncing repository: youq616/Zevune
2026-09-17T09:26:57.7178609Z ##[group]Getting Git version info
2026-09-17T09:26:57.7179330Z Working directory is 'D:\a\Zevune\Zevune'
2026-09-17T09:26:57.8069134Z [command]"C:\Program Files\Git\bin\git.exe" version
2026-09-17T09:26:58.1592925Z git version 2.55.0.windows.5
2026-09-17T09:26:58.1642793Z ##[endgroup]
2026-09-17T09:26:58.1677134Z Temporarily overriding HOME='D:\a\_temp\47b33516-7f6b-473d-81a9-fc65f04b1a26' before making global git config changes
2026-09-17T09:26:58.1679520Z Adding repository directory to the temporary git global config as a safe directory
2026-09-17T09:26:58.1682099Z [command]"C:\Program Files\Git\bin\git.exe" config --global --add safe.directory D:\a\Zevune\Zevune
2026-09-17T09:26:58.2381828Z Deleting the contents of 'D:\a\Zevune\Zevune'
2026-09-17T09:26:58.2388620Z ##[group]Initializing the repository
2026-09-17T09:26:58.2397197Z [command]"C:\Program Files\Git\bin\git.exe" init D:\a\Zevune\Zevune
2026-09-17T09:26:58.3170189Z Initialized empty Git repository in D:/a/Zevune/Zevune/.git/
2026-09-17T09:26:58.3229768Z [command]"C:\Program Files\Git\bin\git.exe" remote add origin https://github.com/youq616/Zevune
2026-09-17T09:26:58.3833519Z ##[endgroup]
2026-09-17T09:26:58.3834513Z ##[group]Disabling automatic garbage collection
2026-09-17T09:26:58.3835391Z [command]"C:\Program Files\Git\bin\git.exe" config --local gc.auto 0
2026-09-17T09:26:58.4129381Z ##[endgroup]
2026-09-17T09:26:58.4130318Z ##[group]Setting up auth
2026-09-17T09:26:58.4141984Z [command]"C:\Program Files\Git\bin\git.exe" config --local --name-only --get-regexp core\.sshCommand
2026-09-17T09:26:58.4436044Z [command]"C:\Program Files\Git\bin\git.exe" submodule foreach --recursive "sh -c \"git config --local --name-only --get-regexp 'core\.sshCommand' && git config --local --unset-all 'core.sshCommand' || :\""
2026-09-17T09:26:59.8349222Z [command]"C:\Program Files\Git\bin\git.exe" config --local --name-only --get-regexp http\.https\:\/\/github\.com\/\.extraheader
2026-09-17T09:26:59.8655480Z [command]"C:\Program Files\Git\bin\git.exe" submodule foreach --recursive "sh -c \"git config --local --name-only --get-regexp 'http\.https\:\/\/github\.com\/\.extraheader' && git config --local --unset-all 'http.https://github.com/.extraheader' || :\""
2026-09-17T09:27:00.4991567Z [command]"C:\Program Files\Git\bin\git.exe" config --local http.https://github.com/.extraheader "AUTHORIZATION: basic ***"
2026-09-17T09:27:00.5298711Z ##[endgroup]
2026-09-17T09:27:00.5299264Z ##[group]Fetching the repository
2026-09-17T09:27:00.5319449Z [command]"C:\Program Files\Git\bin\git.exe" -c protocol.version=2 fetch --no-tags --prune --no-recurse-submodules --depth=2 origin +fb5ec39a59cb87aec0662c7706dce1f9e85e1962:refs/remotes/pull/13/merge
2026-09-17T09:27:01.4694841Z From https://github.com/youq616/Zevune
2026-09-17T09:27:01.4755928Z  * [new ref]         fb5ec39a59cb87aec0662c7706dce1f9e85e1962 -> pull/13/merge
2026-09-17T09:27:01.4758121Z ##[endgroup]
2026-09-17T09:27:01.4758888Z ##[group]Determining the checkout info
2026-09-17T09:27:01.4759756Z ##[endgroup]
2026-09-17T09:27:01.4760411Z [command]"C:\Program Files\Git\bin\git.exe" sparse-checkout disable
2026-09-17T09:27:01.5237420Z [command]"C:\Program Files\Git\bin\git.exe" config --local --unset-all extensions.worktreeConfig
2026-09-17T09:27:01.5598472Z ##[group]Checking out the ref
2026-09-17T09:27:01.5605826Z [command]"C:\Program Files\Git\bin\git.exe" checkout --progress --force refs/remotes/pull/13/merge
2026-09-17T09:27:01.8690432Z Note: switching to 'refs/remotes/pull/13/merge'.
2026-09-17T09:27:01.8691478Z 
2026-09-17T09:27:01.8691860Z You are in 'detached HEAD' state. You can look around, make experimental
2026-09-17T09:27:01.8692839Z changes and commit them, and you can discard any commits you make in this
2026-09-17T09:27:01.8694059Z state without impacting any branches by switching back to a branch.
2026-09-17T09:27:01.8695009Z 
2026-09-17T09:27:01.8695401Z If you want to create a new branch to retain commits you create, you may
2026-09-17T09:27:01.8696242Z do so (now or later) by using -c with the switch command. Example:
2026-09-17T09:27:01.8696719Z 
2026-09-17T09:27:01.8696927Z   git switch -c <new-branch-name>
2026-09-17T09:27:01.8697315Z 
2026-09-17T09:27:01.8697477Z Or undo this operation with:
2026-09-17T09:27:01.8697749Z 
2026-09-17T09:27:01.8697891Z   git switch -
2026-09-17T09:27:01.8698505Z 
2026-09-17T09:27:01.8698977Z Turn off this advice by setting config variable advice.detachedHead to false
2026-09-17T09:27:01.8699564Z 
2026-09-17T09:27:01.8700247Z HEAD is now at fb5ec39 Merge 50ef0d9a5f7c7fdcf64118bd1e0f307457d37736 into 6913d4ab2fda6956db37e0ceb49790a4518c2762
2026-09-17T09:27:01.8811703Z ##[endgroup]
2026-09-17T09:27:01.9196142Z [command]"C:\Program Files\Git\bin\git.exe" log -1 --format=%H
2026-09-17T09:27:01.9457523Z fb5ec39a59cb87aec0662c7706dce1f9e85e1962
2026-09-17T09:27:01.9498213Z ##[group]Removing auth
2026-09-17T09:27:01.9505802Z [command]"C:\Program Files\Git\bin\git.exe" config --local --name-only --get-regexp core\.sshCommand
2026-09-17T09:27:01.9798742Z [command]"C:\Program Files\Git\bin\git.exe" submodule foreach --recursive "sh -c \"git config --local --name-only --get-regexp 'core\.sshCommand' && git config --local --unset-all 'core.sshCommand' || :\""
2026-09-17T09:27:02.5120431Z [command]"C:\Program Files\Git\bin\git.exe" config --local --name-only --get-regexp http\.https\:\/\/github\.com\/\.extraheader
2026-09-17T09:27:02.5370979Z http.https://github.com/.extraheader
2026-09-17T09:27:02.5415026Z [command]"C:\Program Files\Git\bin\git.exe" config --local --unset-all http.https://github.com/.extraheader
2026-09-17T09:27:02.5716794Z [command]"C:\Program Files\Git\bin\git.exe" submodule foreach --recursive "sh -c \"git config --local --name-only --get-regexp 'http\.https\:\/\/github\.com\/\.extraheader' && git config --local --unset-all 'http.https://github.com/.extraheader' || :\""
2026-09-17T09:27:03.0991122Z ##[endgroup]
2026-09-17T09:27:03.3089105Z ##[group]Run python - <<'PY'
2026-09-17T09:27:03.3089499Z [36;1mpython - <<'PY'[0m
2026-09-17T09:27:03.3089803Z [36;1mimport datetime, json, os, pathlib, subprocess[0m
2026-09-17T09:27:03.3090127Z [36;1mdef git(*args):[0m
2026-09-17T09:27:03.3090482Z [36;1m    return subprocess.check_output(['git', *args], text=True).strip()[0m
2026-09-17T09:27:03.3090906Z [36;1moutput = pathlib.Path('ci-results')[0m
2026-09-17T09:27:03.3091209Z [36;1moutput.mkdir(exist_ok=True)[0m
2026-09-17T09:27:03.3091465Z [36;1msnapshot = {[0m
2026-09-17T09:27:03.3091681Z [36;1m    'schema_version': 1,[0m
2026-09-17T09:27:03.3091966Z [36;1m    'kind': 'workflow_setup_observation',[0m
2026-09-17T09:27:03.3092426Z [36;1m    'observed_at': datetime.datetime.now(datetime.timezone.utc).isoformat(),[0m
2026-09-17T09:27:03.3092937Z [36;1m    'source_head': os.environ['ZEVUNE_RESOURCE_SOURCE_HEAD'],[0m
2026-09-17T09:27:03.3093375Z [36;1m    'checkout_commit': git('rev-parse', 'HEAD'),[0m
2026-09-17T09:27:03.3093742Z [36;1m    'checkout_tree': git('rev-parse', 'HEAD^{tree}'),[0m
2026-09-17T09:27:03.3094103Z [36;1m    'observed_execution_status': 'not_started',[0m
2026-09-17T09:27:03.3094649Z [36;1m    'scope': 'initial observation only; final workflow steps and resource result determine completion',[0m
2026-09-17T09:27:03.3095148Z [36;1m}[0m
2026-09-17T09:27:03.3095826Z [36;1mwith (output / 'payment-resource-setup.json').open('x', encoding='utf-8') as f:[0m
2026-09-17T09:27:03.3096392Z [36;1m    json.dump(snapshot, f, indent=2)[0m
2026-09-17T09:27:03.3096649Z [36;1m    f.write('\n')[0m
2026-09-17T09:27:03.3096838Z [36;1mPY[0m
2026-09-17T09:27:03.3164925Z shell: C:\Program Files\Git\bin\bash.EXE --noprofile --norc -e -o pipefail {0}
2026-09-17T09:27:03.3165334Z env:
2026-09-17T09:27:03.3165503Z   RAYON_NUM_THREADS: 2
2026-09-17T09:27:03.3165704Z   CARGO_BUILD_JOBS: 2
2026-09-17T09:27:03.3166006Z   ZEVUNE_RESOURCE_SOURCE_HEAD: 50ef0d9a5f7c7fdcf64118bd1e0f307457d37736
2026-09-17T09:27:03.3166357Z ##[endgroup]
2026-09-17T09:27:06.7895107Z Node 20 is being deprecated. This workflow is running with Node 24 by default. If you need to temporarily use Node 20, you can set the ACTIONS_ALLOW_USE_UNSECURE_NODE_VERSION=true environment variable. For more information see: https://github.blog/changelog/2025-09-19-deprecation-of-node-20-on-github-actions-runners/
2026-09-17T09:27:06.7897001Z ##[group]Run actions/setup-go@44694675825211faa026b3c33043df3e48a5fa00
2026-09-17T09:27:06.7897353Z with:
2026-09-17T09:27:06.7897523Z   go-version: 1.27.1
2026-09-17T09:27:06.7897706Z   cache: false
2026-09-17T09:27:06.7897887Z   check-latest: false
2026-09-17T09:27:06.7901131Z   token: ***
2026-09-17T09:27:06.7901318Z env:
2026-09-17T09:27:06.7901481Z   RAYON_NUM_THREADS: 2
2026-09-17T09:27:06.7901873Z   CARGO_BUILD_JOBS: 2
2026-09-17T09:27:06.7902182Z   ZEVUNE_RESOURCE_SOURCE_HEAD: 50ef0d9a5f7c7fdcf64118bd1e0f307457d37736
2026-09-17T09:27:06.7902533Z ##[endgroup]
2026-09-17T09:27:06.9475792Z Setup go version spec 1.27.1
2026-09-17T09:27:06.9490121Z Attempting to download 1.27.1...
2026-09-17T09:27:06.9675922Z (node:6596) [DEP0040] DeprecationWarning: The `punycode` module is deprecated. Please use a userland alternative instead.
2026-09-17T09:27:06.9677203Z (Use `node --trace-deprecation ...` to show where the warning was created)
2026-09-17T09:27:07.4827372Z matching 1.27.1...
2026-09-17T09:27:07.4855883Z Acquiring 1.27.1 from https://github.com/actions/go-versions/releases/download/1.27.1-33583469715/go-1.27.1-win32-x64.zip
2026-09-17T09:27:08.1184071Z Extracting Go...
2026-09-17T09:27:08.2327199Z [command]"C:\Program Files\PowerShell\7\pwsh.exe" -NoLogo -NoProfile -NonInteractive -ExecutionPolicy Unrestricted -Command "$ErrorActionPreference = 'Stop' ; try { Add-Type -AssemblyName System.IO.Compression.ZipFile } catch { } ; try { [System.IO.Compression.ZipFile]::ExtractToDirectory('D:\a\_temp\go-1.27.1-win32-x64.zip', 'D:\a\_temp\9fe3a462-1b41-41d2-a4ac-e39b3a7a270f', $true) } catch { if (($_.Exception.GetType().FullName -eq 'System.Management.Automation.MethodException') -or ($_.Exception.GetType().FullName -eq 'System.Management.Automation.RuntimeException') ){ Expand-Archive -LiteralPath 'D:\a\_temp\go-1.27.1-win32-x64.zip' -DestinationPath 'D:\a\_temp\9fe3a462-1b41-41d2-a4ac-e39b3a7a270f' -Force } else { throw $_ } } ;"
2026-09-17T09:27:13.5483077Z Successfully extracted go to D:\a\_temp\9fe3a462-1b41-41d2-a4ac-e39b3a7a270f
2026-09-17T09:27:13.5483519Z Adding to the cache ...
2026-09-17T09:27:25.6328456Z Created link C:\hostedtoolcache\windows\go\1.27.1\x64 => D:\hostedtoolcache\windows\go\1.27.1\x64
2026-09-17T09:27:25.6336541Z Created link C:\hostedtoolcache\windows\go\1.27.1\x64.complete => D:\hostedtoolcache\windows\go\1.27.1\x64.complete
2026-09-17T09:27:25.6337590Z Successfully cached go to C:\hostedtoolcache\windows\go\1.27.1\x64
2026-09-17T09:27:25.6343766Z Added go to the path
2026-09-17T09:27:25.6346366Z Successfully set up Go version 1.27.1
2026-09-17T09:27:25.9350258Z go version go1.27.1 windows/amd64
2026-09-17T09:27:25.9350642Z 
2026-09-17T09:27:25.9351106Z ##[group]go env
2026-09-17T09:27:35.2214332Z set AR=ar
2026-09-17T09:27:35.2214646Z set CC=gcc
2026-09-17T09:27:35.2215152Z set CGO_CFLAGS=-O2 -g
2026-09-17T09:27:35.2215488Z set CGO_CPPFLAGS=
2026-09-17T09:27:35.2215786Z set CGO_CXXFLAGS=-O2 -g
2026-09-17T09:27:35.2216103Z set CGO_ENABLED=1
2026-09-17T09:27:35.2216397Z set CGO_FFLAGS=-O2 -g
2026-09-17T09:27:35.2216717Z set CGO_LDFLAGS=-O2 -g
2026-09-17T09:27:35.2217029Z set CXX=g++
2026-09-17T09:27:35.2217321Z set GCCGO=gccgo
2026-09-17T09:27:35.2217619Z set GO111MODULE=
2026-09-17T09:27:35.2217903Z set GOAMD64=v1
2026-09-17T09:27:35.2271489Z set GOARCH=amd64
2026-09-17T09:27:35.2271879Z set GOAUTH=netrc
2026-09-17T09:27:35.2288142Z set GOBIN=C:\Users\runneradmin\go\bin
2026-09-17T09:27:35.2288750Z set GOCACHE=C:\Users\runneradmin\AppData\Local\go-build
2026-09-17T09:27:35.2289287Z set GOCACHEPROG=
2026-09-17T09:27:35.2289591Z set GODEBUG=
2026-09-17T09:27:35.2293502Z set GOENV=C:\Users\runneradmin\AppData\Roaming\go\env
2026-09-17T09:27:35.2294211Z set GOEXE=.exe
2026-09-17T09:27:35.2294544Z set GOEXPERIMENT=
2026-09-17T09:27:35.2294884Z set GOFIPS140=off
2026-09-17T09:27:35.2295190Z set GOFLAGS=
2026-09-17T09:27:35.2296561Z set GOGCCFLAGS=-m64 -pthread -Wl,--no-gc-sections -fmessage-length=0 -ffile-prefix-map=C:\Users\RUNNER~1\AppData\Local\Temp\go-build2767046995=/tmp/go-build -gno-record-gcc-switches
2026-09-17T09:27:35.2297940Z set GOHOSTARCH=amd64
2026-09-17T09:27:35.2302571Z set GOHOSTOS=windows
2026-09-17T09:27:35.2302889Z set GOINSECURE=
2026-09-17T09:27:35.2303266Z set GOMOD=D:\a\Zevune\Zevune\go.mod
2026-09-17T09:27:35.2304026Z set GOMODCACHE=C:\Users\runneradmin\go\pkg\mod
2026-09-17T09:27:35.2304491Z set GONOPROXY=
2026-09-17T09:27:35.2304778Z set GONOSUMDB=
2026-09-17T09:27:35.2305062Z set GOOS=windows
2026-09-17T09:27:35.2305374Z set GOPACKAGESDRIVER=
2026-09-17T09:27:35.2305900Z set GOPATH=C:\Users\runneradmin\go
2026-09-17T09:27:35.2306337Z set GOPRIVATE=
2026-09-17T09:27:35.2306726Z set GOPROXY=https://proxy.golang.org,direct
2026-09-17T09:27:35.2307298Z set GOROOT=C:\hostedtoolcache\windows\go\1.27.1\x64
2026-09-17T09:27:35.2307813Z set GOSUMDB=sum.golang.org
2026-09-17T09:27:35.2308470Z set GOTELEMETRY=local
2026-09-17T09:27:35.2309025Z set GOTELEMETRYDIR=C:\Users\runneradmin\AppData\Roaming\go\telemetry
2026-09-17T09:27:35.2309637Z set GOTMPDIR=
2026-09-17T09:27:35.2309932Z set GOTOOLCHAIN=local
2026-09-17T09:27:35.2310517Z set GOTOOLDIR=C:\hostedtoolcache\windows\go\1.27.1\x64\pkg\tool\windows_amd64
2026-09-17T09:27:35.2311169Z set GOVCS=
2026-09-17T09:27:35.2311455Z set GOVERSION=go1.27.1
2026-09-17T09:27:35.2311780Z set GOWORK=
2026-09-17T09:27:35.2312082Z set PKG_CONFIG=pkg-config
2026-09-17T09:27:35.2312316Z 
2026-09-17T09:27:35.2312776Z ##[endgroup]
2026-09-17T09:27:35.2642058Z ##[group]Run rustup toolchain install 1.98.1 --profile minimal --component rustfmt
2026-09-17T09:27:35.2642728Z [36;1mrustup toolchain install 1.98.1 --profile minimal --component rustfmt[0m
2026-09-17T09:27:35.2663992Z shell: C:\Program Files\Git\bin\bash.EXE --noprofile --norc -e -o pipefail {0}
2026-09-17T09:27:35.2664386Z env:
2026-09-17T09:27:35.2664554Z   RAYON_NUM_THREADS: 2
2026-09-17T09:27:35.2664751Z   CARGO_BUILD_JOBS: 2
2026-09-17T09:27:35.2665048Z   ZEVUNE_RESOURCE_SOURCE_HEAD: 50ef0d9a5f7c7fdcf64118bd1e0f307457d37736
2026-09-17T09:27:35.2665405Z   GOTOOLCHAIN: local
2026-09-17T09:27:35.2666005Z ##[endgroup]
2026-09-17T09:27:38.3047881Z info: syncing channel updates for 1.98.1-x86_64-pc-windows-msvc
2026-09-17T09:27:39.8271838Z info: latest update on 2026-09-03 for version 1.98.1 (48a229cea 2026-09-01)
2026-09-17T09:27:39.8768668Z info: downloading 4 components
2026-09-17T09:27:50.3972075Z 
2026-09-17T09:27:50.4305375Z   1.98.1-x86_64-pc-windows-msvc installed - rustc 1.98.1 (48a229cea 2026-09-01)
2026-09-17T09:27:50.4305992Z 
2026-09-17T09:27:50.4569783Z ##[group]Run python -m unittest discover -s scripts/tests -p 'test_payment_resources*.py' -v
2026-09-17T09:27:50.4570978Z [36;1mpython -m unittest discover -s scripts/tests -p 'test_payment_resources*.py' -v[0m
2026-09-17T09:27:50.4596190Z shell: C:\Program Files\Git\bin\bash.EXE --noprofile --norc -e -o pipefail {0}
2026-09-17T09:27:50.4596870Z env:
2026-09-17T09:27:50.4597153Z   RAYON_NUM_THREADS: 2
2026-09-17T09:27:50.4597494Z   CARGO_BUILD_JOBS: 2
2026-09-17T09:27:50.4598043Z   ZEVUNE_RESOURCE_SOURCE_HEAD: 50ef0d9a5f7c7fdcf64118bd1e0f307457d37736
2026-09-17T09:27:50.4598688Z   GOTOOLCHAIN: local
2026-09-17T09:27:50.4599017Z ##[endgroup]
2026-09-17T09:27:53.5714002Z test_memory_requires_exact_kib_fields_and_positive_consistent_values (test_payment_resources.LinuxParserTests.test_memory_requires_exact_kib_fields_and_positive_consistent_values) ... ok
2026-09-17T09:27:53.5716243Z test_proc_pinned_identity_rechecks_both_sides_of_memory_read (test_payment_resources.LinuxParserTests.test_proc_pinned_identity_rechecks_both_sides_of_memory_read) ... skipped 'Linux proc descriptor semantics'
2026-09-17T09:27:53.5717945Z test_proc_stat_parentheses_identity_and_creation (test_payment_resources.LinuxParserTests.test_proc_stat_parentheses_identity_and_creation) ... ok
2026-09-17T09:27:53.6034785Z test_direct_child_parent_identity_exit_and_current_rss (test_payment_resources.NativeMemoryTests.test_direct_child_parent_identity_exit_and_current_rss) ... ok
2026-09-17T09:27:53.6058523Z test_live_self_sample_uses_real_os_counters (test_payment_resources.NativeMemoryTests.test_live_self_sample_uses_real_os_counters) ... ok
2026-09-17T09:27:53.6061560Z test_unsupported_platform_is_failure_not_skip_or_zero (test_payment_resources.NativeMemoryTests.test_unsupported_platform_is_failure_not_skip_or_zero) ... ok
2026-09-17T09:27:53.6662550Z test_budget_failure_preserves_valid_sample_and_sends_negative_ack (test_payment_resources.PersistenceAndCollectorTests.test_budget_failure_preserves_valid_sample_and_sends_negative_ack) ... ok
2026-09-17T09:27:53.6902002Z test_collector_initialization_failure_reaps_started_coordinator (test_payment_resources.PersistenceAndCollectorTests.test_collector_initialization_failure_reaps_started_coordinator) ... ok
2026-09-17T09:27:54.8024001Z test_complete_evidence_requires_all_children_stopped_and_immutable_files (test_payment_resources.PersistenceAndCollectorTests.test_complete_evidence_requires_all_children_stopped_and_immutable_files) ... ok
2026-09-17T09:27:54.8400724Z test_evidence_reservation_never_overwrites_user_file (test_payment_resources.PersistenceAndCollectorTests.test_evidence_reservation_never_overwrites_user_file) ... ok
2026-09-17T09:27:54.8521613Z test_metadata_failure_still_saves_start_and_failure_without_exception_text (test_payment_resources.PersistenceAndCollectorTests.test_metadata_failure_still_saves_start_and_failure_without_exception_text) ... ok
2026-09-17T09:27:54.8977947Z test_pid_change_parent_failure_and_missing_metric_cannot_be_success (test_payment_resources.PersistenceAndCollectorTests.test_pid_change_parent_failure_and_missing_metric_cannot_be_success) ... ok
2026-09-17T09:27:55.5292426Z test_progress_failure_keeps_confirmed_count_and_uncertain_commit (test_payment_resources.PersistenceAndCollectorTests.test_progress_failure_keeps_confirmed_count_and_uncertain_commit) ... ok
2026-09-17T09:27:55.5380070Z test_final_result_does_not_accept_empty_tests_missing_checks_or_edited_timings (test_payment_resources.ProgressAndResultTests.test_final_result_does_not_accept_empty_tests_missing_checks_or_edited_timings) ... ok
2026-09-17T09:27:55.5421187Z test_full_operation_sequence_is_paired_and_final_result_matches (test_payment_resources.ProgressAndResultTests.test_full_operation_sequence_is_paired_and_final_result_matches) ... ok
2026-09-17T09:27:55.5443681Z test_progress_completion_must_match_operation_payment_and_commit_count (test_payment_resources.ProgressAndResultTests.test_progress_completion_must_match_operation_payment_and_commit_count) ... ok
2026-09-17T09:27:55.5461817Z test_unfinished_operation_has_no_fabricated_duration (test_payment_resources.ProgressAndResultTests.test_unfinished_operation_has_no_fabricated_duration) ... ok
2026-09-17T09:27:55.5468954Z test_all_nine_exact_checkpoints_and_pending_wallet_record (test_payment_resources.ResourceSchemaTests.test_all_nine_exact_checkpoints_and_pending_wallet_record) ... ok
2026-09-17T09:27:55.5470460Z test_budget_keeps_valid_over_budget_measurement (test_payment_resources.ResourceSchemaTests.test_budget_keeps_valid_over_budget_measurement) ... ok
2026-09-17T09:27:55.5473561Z test_json_duplicates_nonfinite_scalars_and_oversize_rejected (test_payment_resources.ResourceSchemaTests.test_json_duplicates_nonfinite_scalars_and_oversize_rejected) ... ok
2026-09-17T09:27:55.5475078Z test_unknown_and_missing_fields_cannot_enter_evidence (test_payment_resources.ResourceSchemaTests.test_unknown_and_missing_fields_cannot_enter_evidence) ... ok
2026-09-17T09:27:55.5477228Z test_unsigned_numbers_reject_booleans_floats_and_out_of_bounds (test_payment_resources.ResourceSchemaTests.test_unsigned_numbers_reject_booleans_floats_and_out_of_bounds) ... ok
2026-09-17T09:27:55.5479801Z test_wallet_and_capacity_counts_are_checked_not_just_types (test_payment_resources.ResourceSchemaTests.test_wallet_and_capacity_counts_are_checked_not_just_types) ... ok
2026-09-17T09:27:55.5482271Z test_wrong_phase_height_generation_or_pid_cannot_claim_checkpoint (test_payment_resources.ResourceSchemaTests.test_wrong_phase_height_generation_or_pid_cannot_claim_checkpoint) ... ok
2026-09-17T09:27:56.1789139Z test_bad_order_is_rejected_before_copying_it_over_a_valid_prefix (test_payment_resources_evidence.EvidenceCollectorBoundaryTests.test_bad_order_is_rejected_before_copying_it_over_a_valid_prefix) ... ok
2026-09-17T09:27:56.1797623Z test_cleanup_does_not_restart_its_existing_deadline (test_payment_resources_evidence.EvidenceCollectorBoundaryTests.test_cleanup_does_not_restart_its_existing_deadline) ... ok
2026-09-17T09:27:56.8363779Z test_commit_completion_changes_confirmed_count_without_inventing_apply_success (test_payment_resources_evidence.EvidenceCollectorBoundaryTests.test_commit_completion_changes_confirmed_count_without_inventing_apply_success) ... ok
2026-09-17T09:27:57.8893674Z test_complete_checkpoints_without_result_file_are_still_failure (test_payment_resources_evidence.EvidenceCollectorBoundaryTests.test_complete_checkpoints_without_result_file_are_still_failure) ... ok
2026-09-17T09:27:58.8044356Z test_numeric_measurement_complete_cannot_stand_in_for_true (test_payment_resources_evidence.EvidenceCollectorBoundaryTests.test_numeric_measurement_complete_cannot_stand_in_for_true) ... ok
2026-09-17T09:27:58.8238150Z test_report_save_failure_does_not_acknowledge_success (test_payment_resources_evidence.EvidenceCollectorBoundaryTests.test_report_save_failure_does_not_acknowledge_success) ... ok
2026-09-17T09:27:58.8663242Z test_same_height_recovery_cannot_change_capacity (test_payment_resources_evidence.EvidenceCollectorBoundaryTests.test_same_height_recovery_cannot_change_capacity) ... ok
2026-09-17T09:27:58.9009270Z test_second_role_over_budget_retains_both_samples_in_real_report (test_payment_resources_evidence.EvidenceCollectorBoundaryTests.test_second_role_over_budget_retains_both_samples_in_real_report) ... ok
2026-09-17T09:27:58.9146054Z test_unvalidated_fields_never_enter_failure_report_or_ack (test_payment_resources_evidence.EvidenceCollectorBoundaryTests.test_unvalidated_fields_never_enter_failure_report_or_ack) ... ok
2026-09-17T09:27:58.9355629Z test_zero_exit_without_checkpoints_is_not_successful_acceptance (test_payment_resources_evidence.EvidenceCollectorBoundaryTests.test_zero_exit_without_checkpoints_is_not_successful_acceptance) ... ok
2026-09-17T09:27:58.9658996Z test_close_disk_check_and_outbox_boundaries_cannot_move (test_payment_resources_evidence.EvidenceCompletenessTests.test_close_disk_check_and_outbox_boundaries_cannot_move) ... ok
2026-09-17T09:27:58.9757124Z test_every_one_of_nine_checkpoints_is_required (test_payment_resources_evidence.EvidenceCompletenessTests.test_every_one_of_nine_checkpoints_is_required) ... ok
2026-09-17T09:27:58.9780254Z test_fixture_has_exact_fixed_go_operation_contract (test_payment_resources_evidence.EvidenceCompletenessTests.test_fixture_has_exact_fixed_go_operation_contract) ... ok
2026-09-17T09:27:59.0068387Z test_missing_or_repeated_recovery_pair_cannot_claim_complete_recovery (test_payment_resources_evidence.EvidenceCompletenessTests.test_missing_or_repeated_recovery_pair_cannot_claim_complete_recovery) ... ok
2026-09-17T09:27:59.0074240Z test_recovery_cannot_be_recorded_at_a_different_committed_height (test_payment_resources_evidence.EvidenceCompletenessTests.test_recovery_cannot_be_recorded_at_a_different_committed_height) ... ok
2026-09-17T09:27:59.0234426Z test_removing_whole_core_pair_cannot_be_hidden_by_matching_timings (test_payment_resources_evidence.EvidenceCompletenessTests.test_removing_whole_core_pair_cannot_be_hidden_by_matching_timings) ... ok
2026-09-17T09:27:59.0270333Z test_reordering_complete_core_pairs_is_not_a_valid_timing_result (test_payment_resources_evidence.EvidenceCompletenessTests.test_reordering_complete_core_pairs_is_not_a_valid_timing_result) ... ok
2026-09-17T09:27:59.0321282Z test_review_c1_wallet_recovery_after_new_payment_and_outbox_is_rejected (test_payment_resources_evidence.EvidenceCompletenessTests.test_review_c1_wallet_recovery_after_new_payment_and_outbox_is_rejected) ... ok
2026-09-17T09:27:59.0353953Z test_review_c1_worker_reopen_before_scenario_start_is_rejected (test_payment_resources_evidence.EvidenceCompletenessTests.test_review_c1_worker_reopen_before_scenario_start_is_rejected) ... ok
2026-09-17T09:27:59.0869829Z test_valid_partial_recovery_prefixes_remain_incomplete_without_fake_duration (test_payment_resources_evidence.EvidenceCompletenessTests.test_valid_partial_recovery_prefixes_remain_incomplete_without_fake_duration) ... ok
2026-09-17T09:27:59.0979695Z test_all_io_stages_produce_only_bounded_public_diagnostics (test_payment_resources_windows.PublicReadDiagnosticTests.test_all_io_stages_produce_only_bounded_public_diagnostics) ... ok
2026-09-17T09:27:59.0983330Z test_known_protocol_positions_and_os_codes_survive_without_private_context (test_payment_resources_windows.PublicReadDiagnosticTests.test_known_protocol_positions_and_os_codes_survive_without_private_context) ... ok
2026-09-17T09:27:59.1000486Z test_read_error_is_preserved_when_closing_the_same_stream_also_fails (test_payment_resources_windows.PublicReadDiagnosticTests.test_read_error_is_preserved_when_closing_the_same_stream_also_fails) ... ok
2026-09-17T09:27:59.1005785Z test_unknown_names_and_invalid_diagnostic_scalars_are_not_serialized (test_payment_resources_windows.PublicReadDiagnosticTests.test_unknown_names_and_invalid_diagnostic_scalars_are_not_serialized) ... ok
2026-09-17T09:27:59.1010380Z test_failed_crt_handle_transfer_closes_only_the_owned_windows_handle (test_payment_resources_windows.WindowsHandleOwnershipTests.test_failed_crt_handle_transfer_closes_only_the_owned_windows_handle) ... ok
2026-09-17T09:27:59.1017968Z test_failed_stream_creation_closes_crt_descriptor_not_raw_handle_twice (test_payment_resources_windows.WindowsHandleOwnershipTests.test_failed_stream_creation_closes_crt_descriptor_not_raw_handle_twice) ... ok
2026-09-17T09:27:59.1035762Z test_delete_holder_blocks_legacy_open_but_shared_reader_preserves_exact_json (test_payment_resources_windows.WindowsSharedProtocolTests.test_delete_holder_blocks_legacy_open_but_shared_reader_preserves_exact_json) ... ok
2026-09-17T09:27:59.1119224Z test_delete_sharing_does_not_disable_post_read_size_check (test_payment_resources_windows.WindowsSharedProtocolTests.test_delete_sharing_does_not_disable_post_read_size_check) ... ok
2026-09-17T09:27:59.1147949Z test_delete_sharing_does_not_disable_replacement_identity_check (test_payment_resources_windows.WindowsSharedProtocolTests.test_delete_sharing_does_not_disable_replacement_identity_check) ... ok
2026-09-17T09:27:59.1149169Z 
2026-09-17T09:27:59.1149362Z ----------------------------------------------------------------------
2026-09-17T09:27:59.1149745Z Ran 53 tests in 5.544s
2026-09-17T09:27:59.1149889Z 
2026-09-17T09:27:59.1149971Z OK (skipped=1)
2026-09-17T09:27:59.1533821Z ##[group]Run test -z "$(gofmt -l internal/poolbridge)"
2026-09-17T09:27:59.1534289Z [36;1mtest -z "$(gofmt -l internal/poolbridge)"[0m
2026-09-17T09:27:59.1534757Z [36;1mcargo +1.98.1 fmt --manifest-path integration/orchard/Cargo.toml --all -- --check[0m
2026-09-17T09:27:59.1551236Z shell: C:\Program Files\Git\bin\bash.EXE --noprofile --norc -e -o pipefail {0}
2026-09-17T09:27:59.1551620Z env:
2026-09-17T09:27:59.1551795Z   RAYON_NUM_THREADS: 2
2026-09-17T09:27:59.1551999Z   CARGO_BUILD_JOBS: 2
2026-09-17T09:27:59.1552321Z   ZEVUNE_RESOURCE_SOURCE_HEAD: 50ef0d9a5f7c7fdcf64118bd1e0f307457d37736
2026-09-17T09:27:59.1552677Z   GOTOOLCHAIN: local
2026-09-17T09:27:59.1552869Z ##[endgroup]
2026-09-17T09:28:03.3863851Z ##[group]Run python - <<'PY'
2026-09-17T09:28:03.3864225Z [36;1mpython - <<'PY'[0m
2026-09-17T09:28:03.3864472Z [36;1mimport os, pathlib, subprocess[0m
2026-09-17T09:28:03.3864780Z [36;1mdirectory = pathlib.Path('.ci-build')[0m
2026-09-17T09:28:03.3865079Z [36;1mdirectory.mkdir(exist_ok=True)[0m
2026-09-17T09:28:03.3865454Z [36;1mname = 'payment-resources.test' + ('.exe' if os.name == 'nt' else '')[0m
2026-09-17T09:28:03.3865976Z [36;1msubprocess.run(['go', 'test', '-c', '-mod=readonly', '-tags=payment_resource_e2e',[0m
2026-09-17T09:28:03.3866519Z [36;1m                '-o', str(directory / name), './internal/poolbridge'], check=True)[0m
2026-09-17T09:28:03.3867059Z [36;1msubprocess.run(['go', 'vet', '-mod=readonly', '-tags=payment_resource_e2e',[0m
2026-09-17T09:28:03.3867718Z [36;1m                './internal/poolbridge'], check=True)[0m
2026-09-17T09:28:03.3868008Z [36;1mPY[0m
2026-09-17T09:28:03.3884533Z shell: C:\Program Files\Git\bin\bash.EXE --noprofile --norc -e -o pipefail {0}
2026-09-17T09:28:03.3884924Z env:
2026-09-17T09:28:03.3885093Z   RAYON_NUM_THREADS: 2
2026-09-17T09:28:03.3885288Z   CARGO_BUILD_JOBS: 2
2026-09-17T09:28:03.3885587Z   ZEVUNE_RESOURCE_SOURCE_HEAD: 50ef0d9a5f7c7fdcf64118bd1e0f307457d37736
2026-09-17T09:28:03.3885953Z   GOTOOLCHAIN: local
2026-09-17T09:28:03.3886146Z ##[endgroup]
2026-09-17T09:28:17.7798324Z ##[group]Run cargo +1.98.1 build --manifest-path integration/orchard/Cargo.toml --locked --release --features local-funding-lab --bins
2026-09-17T09:28:17.7799843Z [36;1mcargo +1.98.1 build --manifest-path integration/orchard/Cargo.toml --locked --release --features local-funding-lab --bins[0m
2026-09-17T09:28:17.7816511Z shell: C:\Program Files\Git\bin\bash.EXE --noprofile --norc -e -o pipefail {0}
2026-09-17T09:28:17.7816908Z env:
2026-09-17T09:28:17.7817074Z   RAYON_NUM_THREADS: 2
2026-09-17T09:28:17.7817269Z   CARGO_BUILD_JOBS: 2
2026-09-17T09:28:17.7817566Z   ZEVUNE_RESOURCE_SOURCE_HEAD: 50ef0d9a5f7c7fdcf64118bd1e0f307457d37736
2026-09-17T09:28:17.7817912Z   GOTOOLCHAIN: local
2026-09-17T09:28:17.7818095Z ##[endgroup]
2026-09-17T09:28:18.0237570Z     Updating crates.io index
2026-09-17T09:28:19.6384618Z  Downloading crates ...
2026-09-17T09:28:19.7495625Z   Downloaded arrayvec v0.7.8
2026-09-17T09:28:19.7695233Z   Downloaded aead v0.5.2
2026-09-17T09:28:19.7811503Z   Downloaded blake2 v0.10.6
2026-09-17T09:28:19.8047824Z   Downloaded argon2 v0.5.3
2026-09-17T09:28:19.8180164Z   Downloaded base16ct v0.2.0
2026-09-17T09:28:19.8304337Z   Downloaded cobs v0.3.0
2026-09-17T09:28:19.8425901Z   Downloaded block-buffer v0.10.4
2026-09-17T09:28:19.8522444Z   Downloaded document-features v0.2.12
2026-09-17T09:28:19.8631497Z   Downloaded embedded-io v0.6.1
2026-09-17T09:28:19.8746947Z   Downloaded cfg-if v1.0.4
2026-09-17T09:28:19.8855180Z   Downloaded const-crc32-nostd v1.3.1
2026-09-17T09:28:19.8921710Z   Downloaded cpufeatures v0.2.17
2026-09-17T09:28:19.9032808Z   Downloaded autocfg v1.5.1
2026-09-17T09:28:19.9181732Z   Downloaded bech32 v0.11.1
2026-09-17T09:28:19.9424472Z   Downloaded constant_time_eq v0.4.2
2026-09-17T09:28:19.9667037Z   Downloaded maybe-rayon v0.1.1
2026-09-17T09:28:19.9742336Z   Downloaded scopeguard v1.2.0
2026-09-17T09:28:19.9868966Z   Downloaded derive-getters v0.5.0
2026-09-17T09:28:20.0296253Z   Downloaded tracing-core v0.1.36
2026-09-17T09:28:20.0608594Z   Downloaded funty v2.0.0
2026-09-17T09:28:20.0674178Z   Downloaded hex v0.4.3
2026-09-17T09:28:20.0817135Z   Downloaded lazy_static v1.5.0
2026-09-17T09:28:20.1013313Z   Downloaded crunchy v0.2.4
2026-09-17T09:28:20.1096888Z   Downloaded zeroize v1.9.0
2026-09-17T09:28:20.1236465Z   Downloaded version_check v0.9.5
2026-09-17T09:28:20.1381606Z   Downloaded frost-rerandomized v3.0.0
2026-09-17T09:28:20.1473663Z   Downloaded rustc_version v0.4.1
2026-09-17T09:28:20.1588337Z   Downloaded serdect v0.2.0
2026-09-17T09:28:20.1737304Z   Downloaded byteorder v1.5.0
2026-09-17T09:28:20.1950921Z   Downloaded cbc v0.1.2
2026-09-17T09:28:20.2081957Z   Downloaded either v1.18.0
2026-09-17T09:28:20.2257727Z   Downloaded base64ct v1.8.3
2026-09-17T09:28:20.2550308Z   Downloaded cipher v0.4.4
2026-09-17T09:28:20.2817641Z   Downloaded corez v0.1.1
2026-09-17T09:28:20.2993787Z   Downloaded universal-hash v0.5.1
2026-09-17T09:28:20.3095992Z   Downloaded hash32 v0.2.1
2026-09-17T09:28:20.3467778Z   Downloaded stable_deref_trait v1.2.1
2026-09-17T09:28:20.3803263Z   Downloaded crypto-common v0.1.7
2026-09-17T09:28:20.4064529Z   Downloaded embedded-io v0.4.0
2026-09-17T09:28:20.5017246Z   Downloaded getset v0.1.7
2026-09-17T09:28:20.5585257Z   Downloaded inout v0.1.4
2026-09-17T09:28:20.6111216Z   Downloaded radium v0.7.0
2026-09-17T09:28:21.6045942Z   Downloaded rand_chacha v0.3.1
2026-09-17T09:28:21.6560526Z   Downloaded zeroize_derive v1.5.0
2026-09-17T09:28:21.6856330Z   Downloaded halo2_legacy_pdqsort v0.1.0
2026-09-17T09:28:21.7505843Z   Downloaded opaque-debug v0.3.1
2026-09-17T09:28:21.8170131Z   Downloaded tap v1.0.1
2026-09-17T09:28:21.8376233Z   Downloaded ppv-lite86 v0.2.21
2026-09-17T09:28:21.8817291Z   Downloaded subtle v2.6.1
2026-09-17T09:28:21.9509335Z   Downloaded generic-array v0.14.7
2026-09-17T09:28:22.0399608Z   Downloaded crossbeam-deque v0.8.8
2026-09-17T09:28:22.1538945Z   Downloaded digest v0.10.7
2026-09-17T09:28:22.1992898Z   Downloaded fpe v0.6.1
2026-09-17T09:28:22.2510143Z   Downloaded getrandom v0.2.17
2026-09-17T09:28:22.3916558Z   Downloaded num-integer v0.1.47
2026-09-17T09:28:22.4685144Z   Downloaded pin-project-lite v0.2.17
2026-09-17T09:28:22.7067160Z   Downloaded sha2 v0.10.9
2026-09-17T09:28:22.8500545Z   Downloaded chacha20 v0.9.1
2026-09-17T09:28:22.9469446Z   Downloaded group v0.13.0
2026-09-17T09:28:23.0296515Z   Downloaded memuse v0.2.2
2026-09-17T09:28:23.0963721Z   Downloaded postcard v1.1.3
2026-09-17T09:28:23.2128755Z   Downloaded quote v1.0.47
2026-09-17T09:28:23.3174777Z   Downloaded rand_core v0.6.4
2026-09-17T09:28:23.3278686Z   Downloaded static_assertions v1.1.0
2026-09-17T09:28:23.3419079Z   Downloaded thiserror v2.0.20
2026-09-17T09:28:23.4207852Z   Downloaded uint v0.9.5
2026-09-17T09:28:23.4351375Z   Downloaded visibility v0.1.1
2026-09-17T09:28:23.4482922Z   Downloaded zcash_spec v0.2.1
2026-09-17T09:28:23.4698233Z   Downloaded zip32 v0.2.1
2026-09-17T09:28:23.4892602Z   Downloaded blake2b_simd v1.0.5
2026-09-17T09:28:23.5223737Z   Downloaded crossbeam-epoch v0.9.21
2026-09-17T09:28:24.4906110Z   Downloaded ff v0.13.1
2026-09-17T09:28:24.5144551Z   Downloaded halo2_poseidon v0.1.0
2026-09-17T09:28:24.5290756Z   Downloaded incrementalmerkletree v0.8.1
2026-09-17T09:28:24.5443324Z   Downloaded jubjub v0.10.0
2026-09-17T09:28:24.5737268Z   Downloaded litrs v1.0.0
2026-09-17T09:28:24.6018713Z   Downloaded lock_api v0.4.14
2026-09-17T09:28:24.6115890Z   Downloaded nonempty v0.11.0
2026-09-17T09:28:24.6264446Z   Downloaded once_cell v1.21.4
2026-09-17T09:28:24.6526490Z   Downloaded password-hash v0.5.0
2026-09-17T09:28:24.6727774Z   Downloaded poly1305 v0.8.0
2026-09-17T09:28:24.6939028Z   Downloaded semver v1.0.28
2026-09-17T09:28:24.7217470Z   Downloaded serde_core v1.0.229
2026-09-17T09:28:24.7459115Z   Downloaded spin v0.9.9
2026-09-17T09:28:24.7790340Z   Downloaded thiserror-impl v2.0.20
2026-09-17T09:28:24.7960421Z   Downloaded wyz v0.5.1
2026-09-17T09:28:24.8060310Z   Downloaded zcash_note_encryption v0.4.2
2026-09-17T09:28:24.8215828Z   Downloaded chacha20poly1305 v0.10.1
2026-09-17T09:28:24.8332730Z   Downloaded crossbeam-utils v0.8.23
2026-09-17T09:28:24.8671268Z   Downloaded indexmap v1.9.3
2026-09-17T09:28:25.1777531Z   Downloaded proc-macro2 v1.0.107
2026-09-17T09:28:25.2147974Z   Downloaded serde_derive v1.0.229
2026-09-17T09:28:25.2518658Z   Downloaded tracing-attributes v0.1.31
2026-09-17T09:28:25.2899646Z   Downloaded unicode-ident v1.0.24
2026-09-17T09:28:25.3180192Z   Downloaded heapless v0.7.17
2026-09-17T09:28:25.3563498Z   Downloaded num-traits v0.2.19
2026-09-17T09:28:25.3853691Z   Downloaded rand v0.8.5
2026-09-17T09:28:25.4192373Z   Downloaded rayon-core v1.13.0
2026-09-17T09:28:25.4569086Z   Downloaded frost-core v3.0.0
2026-09-17T09:28:25.4870064Z   Downloaded num-bigint v0.4.8
2026-09-17T09:28:25.5366233Z   Downloaded serde v1.0.229
2026-09-17T09:28:25.5660085Z   Downloaded aes v0.8.4
2026-09-17T09:28:25.5985551Z   Downloaded bitvec v1.1.1
2026-09-17T09:28:25.7838769Z   Downloaded hashbrown v0.12.3
2026-09-17T09:28:25.8144533Z   Downloaded reddsa v0.5.2
2026-09-17T09:28:25.8758807Z   Downloaded sinsemilla v0.1.0
2026-09-17T09:28:25.8909124Z   Downloaded typenum v1.20.1
2026-09-17T09:28:25.9141480Z   Downloaded libm v0.2.16
2026-09-17T09:28:26.0406237Z   Downloaded itertools v0.14.0
2026-09-17T09:28:26.0984096Z   Downloaded rayon v1.12.0
2026-09-17T09:28:26.1829112Z   Downloaded halo2_proofs v0.3.5
2026-09-17T09:28:26.2468621Z   Downloaded halo2_gadgets v0.5.0
2026-09-17T09:28:28.1049037Z   Downloaded syn v2.0.119
2026-09-17T09:28:28.1809145Z   Downloaded zerocopy v0.8.57
2026-09-17T09:28:28.5277470Z   Downloaded syn v3.0.5
2026-09-17T09:28:28.6050145Z   Downloaded pasta_curves v0.5.2
2026-09-17T09:28:28.6518138Z   Downloaded tracing v0.1.44
2026-09-17T09:28:28.7266672Z   Downloaded bls12_381 v0.8.0
2026-09-17T09:28:28.7654565Z   Downloaded orchard v0.15.5
2026-09-17T09:28:28.9863397Z    Compiling cfg-if v1.0.4
2026-09-17T09:28:28.9865492Z    Compiling proc-macro2 v1.0.107
2026-09-17T09:28:29.0354847Z    Compiling getrandom v0.2.17
2026-09-17T09:28:29.2231826Z    Compiling rand_core v0.6.4
2026-09-17T09:28:29.4564045Z    Compiling unicode-ident v1.0.24
2026-09-17T09:28:29.5297944Z    Compiling quote v1.0.47
2026-09-17T09:28:33.9350230Z    Compiling subtle v2.6.1
2026-09-17T09:28:34.0955424Z    Compiling version_check v0.9.5
2026-09-17T09:28:34.4318241Z    Compiling generic-array v0.14.7
2026-09-17T09:28:34.8566474Z    Compiling typenum v1.20.1
2026-09-17T09:28:34.9106941Z    Compiling syn v2.0.119
2026-09-17T09:28:36.4088772Z    Compiling crypto-common v0.1.7
2026-09-17T09:28:36.5091244Z    Compiling radium v0.7.0
2026-09-17T09:28:36.7273667Z    Compiling tap v1.0.1
2026-09-17T09:28:36.8065606Z    Compiling wyz v0.5.1
2026-09-17T09:28:37.2245827Z    Compiling autocfg v1.5.1
2026-09-17T09:28:37.6109492Z    Compiling funty v2.0.0
2026-09-17T09:28:39.2922076Z    Compiling zerocopy v0.8.57
2026-09-17T09:28:39.9513448Z    Compiling bitvec v1.1.1
2026-09-17T09:28:41.2561914Z    Compiling zeroize_derive v1.5.0
2026-09-17T09:28:42.2911160Z    Compiling zeroize v1.9.0
2026-09-17T09:28:43.5094247Z    Compiling ff v0.13.1
2026-09-17T09:28:43.6429597Z    Compiling crossbeam-utils v0.8.23
2026-09-17T09:28:43.9021133Z    Compiling arrayvec v0.7.8
2026-09-17T09:28:44.1570023Z    Compiling constant_time_eq v0.4.2
2026-09-17T09:28:44.3375295Z    Compiling memuse v0.2.2
2026-09-17T09:28:44.5009991Z    Compiling blake2b_simd v1.0.5
2026-09-17T09:28:47.3909189Z    Compiling ppv-lite86 v0.2.21
2026-09-17T09:28:47.9056723Z    Compiling crossbeam-epoch v0.9.21
2026-09-17T09:28:48.6906021Z    Compiling rand_chacha v0.3.1
2026-09-17T09:28:49.0632563Z    Compiling group v0.13.0
2026-09-17T09:28:49.2541927Z    Compiling inout v0.1.4
2026-09-17T09:28:49.3574916Z    Compiling spin v0.9.9
2026-09-17T09:28:49.5047170Z    Compiling static_assertions v1.1.0
2026-09-17T09:28:49.5556645Z    Compiling cpufeatures v0.2.17
2026-09-17T09:28:49.5968037Z    Compiling crossbeam-deque v0.8.8
2026-09-17T09:28:49.6759147Z    Compiling lazy_static v1.5.0
2026-09-17T09:28:49.7445299Z    Compiling cipher v0.4.4
2026-09-17T09:28:49.8480736Z    Compiling rand v0.8.5
2026-09-17T09:28:50.8060851Z    Compiling rayon-core v1.13.0
2026-09-17T09:28:51.0262839Z    Compiling pasta_curves v0.5.2
2026-09-17T09:28:51.5743266Z    Compiling num-traits v0.2.19
2026-09-17T09:28:51.8185265Z    Compiling syn v3.0.5
2026-09-17T09:28:54.9664965Z    Compiling either v1.18.0
2026-09-17T09:28:57.5462050Z    Compiling indexmap v1.9.3
2026-09-17T09:28:57.7039259Z    Compiling serde_core v1.0.229
2026-09-17T09:28:57.9349355Z    Compiling once_cell v1.21.4
2026-09-17T09:28:58.1519984Z    Compiling crunchy v0.2.4
2026-09-17T09:28:58.3781531Z    Compiling tracing-core v0.1.36
2026-09-17T09:28:59.8513964Z    Compiling rayon v1.12.0
2026-09-17T09:29:03.5846322Z    Compiling tracing-attributes v0.1.31
2026-09-17T09:29:04.9394085Z    Compiling universal-hash v0.5.1
2026-09-17T09:29:05.0258913Z    Compiling block-buffer v0.10.4
2026-09-17T09:29:05.1338295Z    Compiling opaque-debug v0.3.1
2026-09-17T09:29:05.1749743Z    Compiling serde v1.0.229
2026-09-17T09:29:05.4206397Z    Compiling libm v0.2.16
2026-09-17T09:29:05.7399436Z    Compiling hex v0.4.3
2026-09-17T09:29:06.0711770Z    Compiling byteorder v1.5.0
2026-09-17T09:29:06.3022187Z    Compiling thiserror v2.0.20
2026-09-17T09:29:06.5758492Z    Compiling pin-project-lite v0.2.17
2026-09-17T09:29:06.6324465Z    Compiling hashbrown v0.12.3
2026-09-17T09:29:07.7295873Z    Compiling tracing v0.1.44
2026-09-17T09:29:08.2306842Z    Compiling poly1305 v0.8.0
2026-09-17T09:29:09.0563993Z    Compiling digest v0.10.7
2026-09-17T09:29:09.2583078Z    Compiling num-integer v0.1.47
2026-09-17T09:29:09.9028970Z    Compiling maybe-rayon v0.1.1
2026-09-17T09:29:12.4705332Z    Compiling thiserror-impl v2.0.20
2026-09-17T09:29:13.7221266Z    Compiling serde_derive v1.0.229
2026-09-17T09:29:16.8602741Z    Compiling chacha20 v0.9.1
2026-09-17T09:29:17.0606146Z    Compiling bls12_381 v0.8.0
2026-09-17T09:29:17.6830981Z    Compiling aead v0.5.2
2026-09-17T09:29:17.8136620Z    Compiling halo2_legacy_pdqsort v0.1.0
2026-09-17T09:29:17.9298067Z    Compiling halo2_proofs v0.3.5
2026-09-17T09:29:24.5301596Z    Compiling chacha20poly1305 v0.10.1
2026-09-17T09:29:24.6248581Z    Compiling jubjub v0.10.0
2026-09-17T09:29:30.0760872Z    Compiling uint v0.9.5
2026-09-17T09:29:30.1864149Z    Compiling num-bigint v0.4.8
2026-09-17T09:29:33.2052014Z    Compiling halo2_poseidon v0.1.0
2026-09-17T09:29:34.1684492Z    Compiling sinsemilla v0.1.0
2026-09-17T09:29:35.6580611Z    Compiling cbc v0.1.2
2026-09-17T09:29:35.7680355Z    Compiling zcash_spec v0.2.1
2026-09-17T09:29:35.8714062Z    Compiling base64ct v1.8.3
2026-09-17T09:29:36.1711844Z    Compiling bech32 v0.11.1
2026-09-17T09:29:36.1758998Z    Compiling password-hash v0.5.0
2026-09-17T09:29:36.7055560Z    Compiling zip32 v0.2.1
2026-09-17T09:29:37.2768291Z    Compiling fpe v0.6.1
2026-09-17T09:29:37.5321558Z    Compiling halo2_gadgets v0.5.0
2026-09-17T09:29:38.5176884Z    Compiling reddsa v0.5.2
2026-09-17T09:29:38.9586089Z    Compiling zcash_note_encryption v0.4.2
2026-09-17T09:29:39.2015030Z    Compiling blake2 v0.10.6
2026-09-17T09:29:39.8315515Z    Compiling incrementalmerkletree v0.8.1
2026-09-17T09:29:40.0837193Z    Compiling aes v0.8.4
2026-09-17T09:29:41.4868882Z    Compiling getset v0.1.7
2026-09-17T09:29:42.0796072Z    Compiling visibility v0.1.1
2026-09-17T09:29:42.3520502Z    Compiling corez v0.1.1
2026-09-17T09:29:42.4025763Z    Compiling nonempty v0.11.0
2026-09-17T09:29:42.5570754Z    Compiling orchard v0.15.5
2026-09-17T09:29:46.2932187Z    Compiling argon2 v0.5.3
2026-09-17T09:29:47.6982867Z    Compiling sha2 v0.10.9
2026-09-17T09:29:49.8768396Z    Compiling zevune-orchard-lab v0.1.0 (D:\a\Zevune\Zevune\integration\orchard)
2026-09-17T09:30:41.7992879Z     Finished `release` profile [optimized] target(s) in 2m 23s
2026-09-17T09:30:41.8460805Z ##[group]Run python - <<'PY'
2026-09-17T09:30:41.8461158Z [36;1mpython - <<'PY'[0m
2026-09-17T09:30:41.8461414Z [36;1mimport os, pathlib, subprocess, sys[0m
2026-09-17T09:30:41.8461738Z [36;1msuffix = '.exe' if os.name == 'nt' else ''[0m
2026-09-17T09:30:41.8462035Z [36;1mroot = pathlib.Path.cwd()[0m
2026-09-17T09:30:41.8462572Z [36;1mbinaries = root / 'integration/orchard/target/release'[0m
2026-09-17T09:30:41.8462912Z [36;1msubprocess.run([[0m
2026-09-17T09:30:41.8463230Z [36;1m    sys.executable, 'scripts/check_payment_resources.py',[0m
2026-09-17T09:30:41.8463735Z [36;1m    '--test-executable', str(root / '.ci-build' / ('payment-resources.test' + suffix)),[0m
2026-09-17T09:30:41.8464266Z [36;1m    '--worker', str(binaries / ('zevune-pool-worker' + suffix)),[0m
2026-09-17T09:30:41.8464742Z [36;1m    '--scenario', str(binaries / ('zevune-funded-scenario' + suffix)),[0m
2026-09-17T09:30:41.8465237Z [36;1m    '--output', str(root / 'ci-results/payment-resources.json'),[0m
2026-09-17T09:30:41.8465588Z [36;1m], check=True)[0m
2026-09-17T09:30:41.8465785Z [36;1mPY[0m
2026-09-17T09:30:41.8482099Z shell: C:\Program Files\Git\bin\bash.EXE --noprofile --norc -e -o pipefail {0}
2026-09-17T09:30:41.8482765Z env:
2026-09-17T09:30:41.8482952Z   RAYON_NUM_THREADS: 2
2026-09-17T09:30:41.8483154Z   CARGO_BUILD_JOBS: 2
2026-09-17T09:30:41.8483455Z   ZEVUNE_RESOURCE_SOURCE_HEAD: 50ef0d9a5f7c7fdcf64118bd1e0f307457d37736
2026-09-17T09:30:41.8484018Z   GOTOOLCHAIN: local
2026-09-17T09:30:41.8484216Z ##[endgroup]
2026-09-17T09:30:44.2427661Z === RUN   TestActivePaymentResources32AndRecovery
2026-09-17T09:34:22.3240164Z     payment_resource_e2e_test.go:834: PAYMENT_RESOURCE_RESULT paid_blocks=33 actions_per_payment=2 commitments=68 nullifiers=66 fees=33000; complete Summary/capacity, full replay, receipt-bound wallets, exact outbox, physical frames and rejection non-mutation passed
2026-09-17T09:34:22.3271711Z --- PASS: TestActivePaymentResources32AndRecovery (218.09s)
2026-09-17T09:34:22.3272351Z PASS
2026-09-17T09:34:22.6410785Z PAYMENT_RESOURCE_RESULT passed
2026-09-17T09:34:22.6790636Z ##[group]Run git diff --exit-code
2026-09-17T09:34:22.6791061Z [36;1mgit diff --exit-code[0m
2026-09-17T09:34:22.6807913Z shell: C:\Program Files\Git\bin\bash.EXE --noprofile --norc -e -o pipefail {0}
2026-09-17T09:34:22.6808367Z env:
2026-09-17T09:34:22.6808602Z   RAYON_NUM_THREADS: 2
2026-09-17T09:34:22.6808869Z   CARGO_BUILD_JOBS: 2
2026-09-17T09:34:22.6809251Z   ZEVUNE_RESOURCE_SOURCE_HEAD: 50ef0d9a5f7c7fdcf64118bd1e0f307457d37736
2026-09-17T09:34:22.6809698Z   GOTOOLCHAIN: local
2026-09-17T09:34:22.6809947Z ##[endgroup]
2026-09-17T09:34:22.8428127Z Node 20 is being deprecated. This workflow is running with Node 24 by default. If you need to temporarily use Node 20, you can set the ACTIONS_ALLOW_USE_UNSECURE_NODE_VERSION=true environment variable. For more information see: https://github.blog/changelog/2025-09-19-deprecation-of-node-20-on-github-actions-runners/
2026-09-17T09:34:22.8429710Z ##[group]Run actions/upload-artifact@ea165f8d65b6e75b540449e92b4886f43607fa02
2026-09-17T09:34:22.8430142Z with:
2026-09-17T09:34:22.8430571Z   name: payment-resources-windows-latest-fb5ec39a59cb87aec0662c7706dce1f9e85e1962
2026-09-17T09:34:22.8431330Z   path: ci-results/payment-resource-setup.json
ci-results/payment-resources.json

2026-09-17T09:34:22.8431799Z   if-no-files-found: error
2026-09-17T09:34:22.8432077Z   retention-days: 14
2026-09-17T09:34:22.8432349Z   compression-level: 6
2026-09-17T09:34:22.8432609Z   overwrite: false
2026-09-17T09:34:22.8432859Z   include-hidden-files: false
2026-09-17T09:34:22.8433129Z env:
2026-09-17T09:34:22.8433434Z   RAYON_NUM_THREADS: 2
2026-09-17T09:34:22.8433683Z   CARGO_BUILD_JOBS: 2
2026-09-17T09:34:22.8434036Z   ZEVUNE_RESOURCE_SOURCE_HEAD: 50ef0d9a5f7c7fdcf64118bd1e0f307457d37736
2026-09-17T09:34:22.8434439Z   GOTOOLCHAIN: local
2026-09-17T09:34:22.8434682Z ##[endgroup]
2026-09-17T09:34:23.0457898Z (node:1480) [DEP0040] DeprecationWarning: The `punycode` module is deprecated. Please use a userland alternative instead.
2026-09-17T09:34:23.0459385Z (Use `node --trace-deprecation ...` to show where the warning was created)
2026-09-17T09:34:23.0516343Z Multiple search paths detected. Calculating the least common ancestor of all paths
2026-09-17T09:34:23.0521347Z The least common ancestor is D:\a\Zevune\Zevune\ci-results. This will be the root directory of the artifact
2026-09-17T09:34:23.0522553Z With the provided path, there will be 2 files uploaded
2026-09-17T09:34:23.0527798Z Artifact name is valid!
2026-09-17T09:34:23.0530120Z Root directory input is valid!
2026-09-17T09:34:23.2704287Z Beginning upload of artifact content to blob storage
2026-09-17T09:34:23.3038602Z (node:1480) [DEP0169] DeprecationWarning: `url.parse()` behavior is not standardized and prone to errors that have security implications. Use the WHATWG URL API instead. CVEs are not issued for `url.parse()` vulnerabilities.
2026-09-17T09:34:23.3241187Z Uploaded bytes 9437
2026-09-17T09:34:23.3373999Z Finished uploading artifact content to blob storage!
2026-09-17T09:34:23.3375716Z SHA256 digest of uploaded artifact zip is bf0b2b99d79f793f32a2797082c09ea81b1d2958bb48c897e5b96f6c0b76e7f1
2026-09-17T09:34:23.3378182Z Finalizing artifact upload
2026-09-17T09:34:23.6155227Z Artifact payment-resources-windows-latest-fb5ec39a59cb87aec0662c7706dce1f9e85e1962.zip successfully finalized. Artifact ID 10490026933
2026-09-17T09:34:23.6157202Z Artifact payment-resources-windows-latest-fb5ec39a59cb87aec0662c7706dce1f9e85e1962 has been successfully uploaded! Final size is 9437 bytes. Artifact ID is 10490026933
2026-09-17T09:34:23.6165797Z Artifact download URL: https://github.com/youq616/Zevune/actions/runs/35204106263/artifacts/10490026933
2026-09-17T09:34:23.6513135Z Node 20 is being deprecated. This workflow is running with Node 24 by default. If you need to temporarily use Node 20, you can set the ACTIONS_ALLOW_USE_UNSECURE_NODE_VERSION=true environment variable. For more information see: https://github.blog/changelog/2025-09-19-deprecation-of-node-20-on-github-actions-runners/
2026-09-17T09:34:23.6514482Z Post job cleanup.
2026-09-17T09:34:23.7954126Z (node:10104) [DEP0040] DeprecationWarning: The `punycode` module is deprecated. Please use a userland alternative instead.
2026-09-17T09:34:23.7955039Z (Use `node --trace-deprecation ...` to show where the warning was created)
2026-09-17T09:34:23.8251708Z Post job cleanup.
2026-09-17T09:34:24.0329866Z [command]"C:\Program Files\Git\bin\git.exe" version
2026-09-17T09:34:24.0648290Z git version 2.55.0.windows.5
2026-09-17T09:34:24.0722507Z Temporarily overriding HOME='D:\a\_temp\23263db4-1120-47ae-872b-72d78e427f8e' before making global git config changes
2026-09-17T09:34:24.0724161Z Adding repository directory to the temporary git global config as a safe directory
2026-09-17T09:34:24.0735572Z [command]"C:\Program Files\Git\bin\git.exe" config --global --add safe.directory D:\a\Zevune\Zevune
2026-09-17T09:34:24.1047831Z [command]"C:\Program Files\Git\bin\git.exe" config --local --name-only --get-regexp core\.sshCommand
2026-09-17T09:34:24.1337787Z [command]"C:\Program Files\Git\bin\git.exe" submodule foreach --recursive "sh -c \"git config --local --name-only --get-regexp 'core\.sshCommand' && git config --local --unset-all 'core.sshCommand' || :\""
2026-09-17T09:34:24.6939947Z [command]"C:\Program Files\Git\bin\git.exe" config --local --name-only --get-regexp http\.https\:\/\/github\.com\/\.extraheader
2026-09-17T09:34:24.7225388Z [command]"C:\Program Files\Git\bin\git.exe" submodule foreach --recursive "sh -c \"git config --local --name-only --get-regexp 'http\.https\:\/\/github\.com\/\.extraheader' && git config --local --unset-all 'http.https://github.com/.extraheader' || :\""
2026-09-17T09:34:25.2386156Z Cleaning up orphan processes
2026-09-17T09:34:25.2841434Z Terminate orphan process: pid (10224) (vctip)
2026-09-17T09:34:25.3010196Z ##[warning]Node.js 20 is deprecated. The following actions target Node.js 20 but are being forced to run on Node.js 24: actions/setup-go@44694675825211faa026b3c33043df3e48a5fa00, actions/upload-artifact@ea165f8d65b6e75b540449e92b4886f43607fa02. For more information see: https://github.blog/changelog/2025-09-19-deprecation-of-node-20-on-github-actions-runners/
