2026-09-17T05:19:13.5966971Z Current runner version: '2.337.0'
2026-09-17T05:19:13.6002787Z ##[group]Runner Image Provisioner
2026-09-17T05:19:13.6004055Z Hosted Compute Agent
2026-09-17T05:19:13.6004987Z Version: 20260828.587
2026-09-17T05:19:13.6006039Z Commit: abac92662cab4cc7352de4f9f9d2e2419aad9c29
2026-09-17T05:19:13.6007224Z Build Date: 2026-08-28T16:44:25Z
2026-09-17T05:19:13.6008320Z Worker ID: {7f21d88e-2da2-4d24-a6e1-bb5206459477}
2026-09-17T05:19:13.6009541Z Azure Region: northcentralus
2026-09-17T05:19:13.6010561Z ##[endgroup]
2026-09-17T05:19:13.6012776Z ##[group]Operating System
2026-09-17T05:19:13.6013826Z Microsoft Windows Server 2025
2026-09-17T05:19:13.6014804Z 10.0.26100
2026-09-17T05:19:13.6015722Z Datacenter
2026-09-17T05:19:13.6016505Z ##[endgroup]
2026-09-17T05:19:13.6017937Z ##[group]Runner Image
2026-09-17T05:19:13.6019031Z Image: windows-2025-vs2026
2026-09-17T05:19:13.6020018Z Version: 20260907.229.1
2026-09-17T05:19:13.6022494Z Included Software: https://github.com/actions/runner-images/blob/win25-vs2026/20260907.229/images/windows/Windows2025-VS2026-Readme.md
2026-09-17T05:19:13.6025451Z Image Release: https://github.com/actions/runner-images/releases/tag/win25-vs2026%2F20260907.229
2026-09-17T05:19:13.6027121Z ##[endgroup]
2026-09-17T05:19:13.6028886Z ##[group]GITHUB_TOKEN Permissions
2026-09-17T05:19:13.6031340Z Contents: read
2026-09-17T05:19:13.6032239Z Metadata: read
2026-09-17T05:19:13.6033153Z ##[endgroup]
2026-09-17T05:19:13.6035938Z Secret source: Actions
2026-09-17T05:19:13.6037820Z Cache mode: write
2026-09-17T05:19:13.6039223Z Prepare workflow directory
2026-09-17T05:19:13.6722553Z Prepare all required actions
2026-09-17T05:19:13.6774618Z Getting action download info
2026-09-17T05:19:13.8624219Z Download action repository 'actions/checkout@08c6903cd8c0fde910a37f88322edcfb5dd907a8' (SHA:08c6903cd8c0fde910a37f88322edcfb5dd907a8)
2026-09-17T05:19:13.9903788Z Download action repository 'actions/setup-go@44694675825211faa026b3c33043df3e48a5fa00' (SHA:44694675825211faa026b3c33043df3e48a5fa00)
2026-09-17T05:19:14.3193332Z Download action repository 'actions/upload-artifact@ea165f8d65b6e75b540449e92b4886f43607fa02' (SHA:ea165f8d65b6e75b540449e92b4886f43607fa02)
2026-09-17T05:19:14.6757864Z Complete job name: resources (windows-latest)
2026-09-17T05:19:14.8088638Z ##[group]Run actions/checkout@08c6903cd8c0fde910a37f88322edcfb5dd907a8
2026-09-17T05:19:14.8090113Z with:
2026-09-17T05:19:14.8090793Z   persist-credentials: false
2026-09-17T05:19:14.8091567Z   fetch-depth: 2
2026-09-17T05:19:14.8092254Z   repository: youq616/Zevune
2026-09-17T05:19:14.8098453Z   token: ***
2026-09-17T05:19:14.8099092Z   ssh-strict: true
2026-09-17T05:19:14.8099791Z   ssh-user: git
2026-09-17T05:19:14.8100461Z   clean: true
2026-09-17T05:19:14.8100994Z   sparse-checkout-cone-mode: true
2026-09-17T05:19:14.8101633Z   fetch-tags: false
2026-09-17T05:19:14.8102167Z   show-progress: true
2026-09-17T05:19:14.8102743Z   lfs: false
2026-09-17T05:19:14.8103262Z   submodules: false
2026-09-17T05:19:14.8103847Z   set-safe-directory: true
2026-09-17T05:19:14.8104801Z env:
2026-09-17T05:19:14.8105322Z   RAYON_NUM_THREADS: 2
2026-09-17T05:19:14.8105888Z   CARGO_BUILD_JOBS: 2
2026-09-17T05:19:14.8106720Z   ZEVUNE_RESOURCE_SOURCE_HEAD: 8f0de0df649a0bae719b7ced789d8fc0857ca475
2026-09-17T05:19:14.8107573Z ##[endgroup]
2026-09-17T05:19:14.9485414Z Syncing repository: youq616/Zevune
2026-09-17T05:19:14.9488008Z ##[group]Getting Git version info
2026-09-17T05:19:14.9488772Z Working directory is 'D:\a\Zevune\Zevune'
2026-09-17T05:19:15.0241215Z [command]"C:\Program Files\Git\bin\git.exe" version
2026-09-17T05:19:15.1795036Z git version 2.55.0.windows.5
2026-09-17T05:19:15.1838039Z ##[endgroup]
2026-09-17T05:19:15.1857525Z Temporarily overriding HOME='D:\a\_temp\ed3c861d-1a43-410a-94ac-668562970756' before making global git config changes
2026-09-17T05:19:15.1859289Z Adding repository directory to the temporary git global config as a safe directory
2026-09-17T05:19:15.1868533Z [command]"C:\Program Files\Git\bin\git.exe" config --global --add safe.directory D:\a\Zevune\Zevune
2026-09-17T05:19:15.2185650Z Deleting the contents of 'D:\a\Zevune\Zevune'
2026-09-17T05:19:15.2192024Z ##[group]Initializing the repository
2026-09-17T05:19:15.2199904Z [command]"C:\Program Files\Git\bin\git.exe" init D:\a\Zevune\Zevune
2026-09-17T05:19:15.2679320Z Initialized empty Git repository in D:/a/Zevune/Zevune/.git/
2026-09-17T05:19:15.2716384Z [command]"C:\Program Files\Git\bin\git.exe" remote add origin https://github.com/youq616/Zevune
2026-09-17T05:19:15.3044136Z ##[endgroup]
2026-09-17T05:19:15.3045145Z ##[group]Disabling automatic garbage collection
2026-09-17T05:19:15.3052515Z [command]"C:\Program Files\Git\bin\git.exe" config --local gc.auto 0
2026-09-17T05:19:15.3356398Z ##[endgroup]
2026-09-17T05:19:15.3357304Z ##[group]Setting up auth
2026-09-17T05:19:15.3368425Z [command]"C:\Program Files\Git\bin\git.exe" config --local --name-only --get-regexp core\.sshCommand
2026-09-17T05:19:15.3653317Z [command]"C:\Program Files\Git\bin\git.exe" submodule foreach --recursive "sh -c \"git config --local --name-only --get-regexp 'core\.sshCommand' && git config --local --unset-all 'core.sshCommand' || :\""
2026-09-17T05:19:16.6041705Z [command]"C:\Program Files\Git\bin\git.exe" config --local --name-only --get-regexp http\.https\:\/\/github\.com\/\.extraheader
2026-09-17T05:19:16.6336565Z [command]"C:\Program Files\Git\bin\git.exe" submodule foreach --recursive "sh -c \"git config --local --name-only --get-regexp 'http\.https\:\/\/github\.com\/\.extraheader' && git config --local --unset-all 'http.https://github.com/.extraheader' || :\""
2026-09-17T05:19:17.1634374Z [command]"C:\Program Files\Git\bin\git.exe" config --local http.https://github.com/.extraheader "AUTHORIZATION: basic ***"
2026-09-17T05:19:17.1929550Z ##[endgroup]
2026-09-17T05:19:17.1930449Z ##[group]Fetching the repository
2026-09-17T05:19:17.1942681Z [command]"C:\Program Files\Git\bin\git.exe" -c protocol.version=2 fetch --no-tags --prune --no-recurse-submodules --depth=2 origin +b829fa3f6a0acb614a79ed8195a8bd119da82b6a:refs/remotes/pull/11/merge
2026-09-17T05:19:18.3534603Z From https://github.com/youq616/Zevune
2026-09-17T05:19:18.3538116Z  * [new ref]         b829fa3f6a0acb614a79ed8195a8bd119da82b6a -> pull/11/merge
2026-09-17T05:19:18.3573546Z ##[endgroup]
2026-09-17T05:19:18.3574317Z ##[group]Determining the checkout info
2026-09-17T05:19:18.3575316Z ##[endgroup]
2026-09-17T05:19:18.3585354Z [command]"C:\Program Files\Git\bin\git.exe" sparse-checkout disable
2026-09-17T05:19:18.3953298Z [command]"C:\Program Files\Git\bin\git.exe" config --local --unset-all extensions.worktreeConfig
2026-09-17T05:19:18.4229811Z ##[group]Checking out the ref
2026-09-17T05:19:18.4237652Z [command]"C:\Program Files\Git\bin\git.exe" checkout --progress --force refs/remotes/pull/11/merge
2026-09-17T05:19:18.5351909Z Note: switching to 'refs/remotes/pull/11/merge'.
2026-09-17T05:19:18.5352424Z 
2026-09-17T05:19:18.5352799Z You are in 'detached HEAD' state. You can look around, make experimental
2026-09-17T05:19:18.5354425Z changes and commit them, and you can discard any commits you make in this
2026-09-17T05:19:18.5355228Z state without impacting any branches by switching back to a branch.
2026-09-17T05:19:18.5355552Z 
2026-09-17T05:19:18.5355735Z If you want to create a new branch to retain commits you create, you may
2026-09-17T05:19:18.5356174Z do so (now or later) by using -c with the switch command. Example:
2026-09-17T05:19:18.5356425Z 
2026-09-17T05:19:18.5356548Z   git switch -c <new-branch-name>
2026-09-17T05:19:18.5356769Z 
2026-09-17T05:19:18.5356867Z Or undo this operation with:
2026-09-17T05:19:18.5357016Z 
2026-09-17T05:19:18.5357110Z   git switch -
2026-09-17T05:19:18.5357255Z 
2026-09-17T05:19:18.5357706Z Turn off this advice by setting config variable advice.detachedHead to false
2026-09-17T05:19:18.5358305Z 
2026-09-17T05:19:18.5359019Z HEAD is now at b829fa3 Merge 8f0de0df649a0bae719b7ced789d8fc0857ca475 into 8324ec8bd153d9502e3e6761d25bfe281a5f3b44
2026-09-17T05:19:18.5433489Z ##[endgroup]
2026-09-17T05:19:18.5838440Z [command]"C:\Program Files\Git\bin\git.exe" log -1 --format=%H
2026-09-17T05:19:18.6100699Z b829fa3f6a0acb614a79ed8195a8bd119da82b6a
2026-09-17T05:19:18.6135998Z ##[group]Removing auth
2026-09-17T05:19:18.6143475Z [command]"C:\Program Files\Git\bin\git.exe" config --local --name-only --get-regexp core\.sshCommand
2026-09-17T05:19:18.6421025Z [command]"C:\Program Files\Git\bin\git.exe" submodule foreach --recursive "sh -c \"git config --local --name-only --get-regexp 'core\.sshCommand' && git config --local --unset-all 'core.sshCommand' || :\""
2026-09-17T05:19:19.1767131Z [command]"C:\Program Files\Git\bin\git.exe" config --local --name-only --get-regexp http\.https\:\/\/github\.com\/\.extraheader
2026-09-17T05:19:19.2013194Z http.https://github.com/.extraheader
2026-09-17T05:19:19.2050029Z [command]"C:\Program Files\Git\bin\git.exe" config --local --unset-all http.https://github.com/.extraheader
2026-09-17T05:19:19.2336584Z [command]"C:\Program Files\Git\bin\git.exe" submodule foreach --recursive "sh -c \"git config --local --name-only --get-regexp 'http\.https\:\/\/github\.com\/\.extraheader' && git config --local --unset-all 'http.https://github.com/.extraheader' || :\""
2026-09-17T05:19:19.7575022Z ##[endgroup]
2026-09-17T05:19:19.7937896Z ##[group]Run python - <<'PY'
2026-09-17T05:19:19.7938278Z [36;1mpython - <<'PY'[0m
2026-09-17T05:19:19.7938594Z [36;1mimport datetime, json, os, pathlib, subprocess[0m
2026-09-17T05:19:19.7938904Z [36;1mdef git(*args):[0m
2026-09-17T05:19:19.7939247Z [36;1m    return subprocess.check_output(['git', *args], text=True).strip()[0m
2026-09-17T05:19:19.7939659Z [36;1moutput = pathlib.Path('ci-results')[0m
2026-09-17T05:19:19.7939937Z [36;1moutput.mkdir(exist_ok=True)[0m
2026-09-17T05:19:19.7940176Z [36;1msnapshot = {[0m
2026-09-17T05:19:19.7940381Z [36;1m    'schema_version': 1,[0m
2026-09-17T05:19:19.7940644Z [36;1m    'kind': 'workflow_setup_observation',[0m
2026-09-17T05:19:19.7941338Z [36;1m    'observed_at': datetime.datetime.now(datetime.timezone.utc).isoformat(),[0m
2026-09-17T05:19:19.7941820Z [36;1m    'source_head': os.environ['ZEVUNE_RESOURCE_SOURCE_HEAD'],[0m
2026-09-17T05:19:19.7942230Z [36;1m    'checkout_commit': git('rev-parse', 'HEAD'),[0m
2026-09-17T05:19:19.7942766Z [36;1m    'checkout_tree': git('rev-parse', 'HEAD^{tree}'),[0m
2026-09-17T05:19:19.7943109Z [36;1m    'observed_execution_status': 'not_started',[0m
2026-09-17T05:19:19.7943624Z [36;1m    'scope': 'initial observation only; final workflow steps and resource result determine completion',[0m
2026-09-17T05:19:19.7944093Z [36;1m}[0m
2026-09-17T05:19:19.7944420Z [36;1mwith (output / 'payment-resource-setup.json').open('x', encoding='utf-8') as f:[0m
2026-09-17T05:19:19.7944862Z [36;1m    json.dump(snapshot, f, indent=2)[0m
2026-09-17T05:19:19.7945120Z [36;1m    f.write('\n')[0m
2026-09-17T05:19:19.7945321Z [36;1mPY[0m
2026-09-17T05:19:19.7963859Z shell: C:\Program Files\Git\bin\bash.EXE --noprofile --norc -e -o pipefail {0}
2026-09-17T05:19:19.7964260Z env:
2026-09-17T05:19:19.7964427Z   RAYON_NUM_THREADS: 2
2026-09-17T05:19:19.7964627Z   CARGO_BUILD_JOBS: 2
2026-09-17T05:19:19.7964940Z   ZEVUNE_RESOURCE_SOURCE_HEAD: 8f0de0df649a0bae719b7ced789d8fc0857ca475
2026-09-17T05:19:19.7965290Z ##[endgroup]
2026-09-17T05:19:20.6910446Z Node 20 is being deprecated. This workflow is running with Node 24 by default. If you need to temporarily use Node 20, you can set the ACTIONS_ALLOW_USE_UNSECURE_NODE_VERSION=true environment variable. For more information see: https://github.blog/changelog/2025-09-19-deprecation-of-node-20-on-github-actions-runners/
2026-09-17T05:19:20.6912748Z ##[group]Run actions/setup-go@44694675825211faa026b3c33043df3e48a5fa00
2026-09-17T05:19:20.6913092Z with:
2026-09-17T05:19:20.6913262Z   go-version: 1.27.1
2026-09-17T05:19:20.6913443Z   cache: false
2026-09-17T05:19:20.6913632Z   check-latest: false
2026-09-17T05:19:20.6916626Z   token: ***
2026-09-17T05:19:20.6916801Z env:
2026-09-17T05:19:20.6916955Z   RAYON_NUM_THREADS: 2
2026-09-17T05:19:20.6917151Z   CARGO_BUILD_JOBS: 2
2026-09-17T05:19:20.6917448Z   ZEVUNE_RESOURCE_SOURCE_HEAD: 8f0de0df649a0bae719b7ced789d8fc0857ca475
2026-09-17T05:19:20.6917789Z ##[endgroup]
2026-09-17T05:19:20.8501166Z Setup go version spec 1.27.1
2026-09-17T05:19:20.8515405Z Attempting to download 1.27.1...
2026-09-17T05:19:20.8697469Z (node:5732) [DEP0040] DeprecationWarning: The `punycode` module is deprecated. Please use a userland alternative instead.
2026-09-17T05:19:20.8698168Z (Use `node --trace-deprecation ...` to show where the warning was created)
2026-09-17T05:19:21.4446109Z matching 1.27.1...
2026-09-17T05:19:21.4471972Z Acquiring 1.27.1 from https://github.com/actions/go-versions/releases/download/1.27.1-33583469715/go-1.27.1-win32-x64.zip
2026-09-17T05:19:22.0216925Z Extracting Go...
2026-09-17T05:19:22.1620746Z [command]"C:\Program Files\PowerShell\7\pwsh.exe" -NoLogo -NoProfile -NonInteractive -ExecutionPolicy Unrestricted -Command "$ErrorActionPreference = 'Stop' ; try { Add-Type -AssemblyName System.IO.Compression.ZipFile } catch { } ; try { [System.IO.Compression.ZipFile]::ExtractToDirectory('D:\a\_temp\go-1.27.1-win32-x64.zip', 'D:\a\_temp\d4a979aa-162d-4a0f-8987-bd5d13a27f5e', $true) } catch { if (($_.Exception.GetType().FullName -eq 'System.Management.Automation.MethodException') -or ($_.Exception.GetType().FullName -eq 'System.Management.Automation.RuntimeException') ){ Expand-Archive -LiteralPath 'D:\a\_temp\go-1.27.1-win32-x64.zip' -DestinationPath 'D:\a\_temp\d4a979aa-162d-4a0f-8987-bd5d13a27f5e' -Force } else { throw $_ } } ;"
2026-09-17T05:19:27.3513708Z Successfully extracted go to D:\a\_temp\d4a979aa-162d-4a0f-8987-bd5d13a27f5e
2026-09-17T05:19:27.3514430Z Adding to the cache ...
2026-09-17T05:19:38.9059074Z Created link C:\hostedtoolcache\windows\go\1.27.1\x64 => D:\hostedtoolcache\windows\go\1.27.1\x64
2026-09-17T05:19:38.9063468Z Created link C:\hostedtoolcache\windows\go\1.27.1\x64.complete => D:\hostedtoolcache\windows\go\1.27.1\x64.complete
2026-09-17T05:19:38.9064621Z Successfully cached go to C:\hostedtoolcache\windows\go\1.27.1\x64
2026-09-17T05:19:38.9069599Z Added go to the path
2026-09-17T05:19:38.9072207Z Successfully set up Go version 1.27.1
2026-09-17T05:19:39.1635594Z go version go1.27.1 windows/amd64
2026-09-17T05:19:39.1635815Z 
2026-09-17T05:19:39.1636073Z ##[group]go env
2026-09-17T05:19:42.3905804Z set AR=ar
2026-09-17T05:19:42.3906609Z set CC=gcc
2026-09-17T05:19:42.3906960Z set CGO_CFLAGS=-O2 -g
2026-09-17T05:19:42.3907313Z set CGO_CPPFLAGS=
2026-09-17T05:19:42.3907632Z set CGO_CXXFLAGS=-O2 -g
2026-09-17T05:19:42.3907946Z set CGO_ENABLED=1
2026-09-17T05:19:42.3908229Z set CGO_FFLAGS=-O2 -g
2026-09-17T05:19:42.3908538Z set CGO_LDFLAGS=-O2 -g
2026-09-17T05:19:42.3908818Z set CXX=g++
2026-09-17T05:19:42.3909081Z set GCCGO=gccgo
2026-09-17T05:19:42.3909385Z set GO111MODULE=
2026-09-17T05:19:42.3909665Z set GOAMD64=v1
2026-09-17T05:19:42.3909967Z set GOARCH=amd64
2026-09-17T05:19:42.3910251Z set GOAUTH=netrc
2026-09-17T05:19:42.3910589Z set GOBIN=C:\Users\runneradmin\go\bin
2026-09-17T05:19:42.3911152Z set GOCACHE=C:\Users\runneradmin\AppData\Local\go-build
2026-09-17T05:19:42.3911651Z set GOCACHEPROG=
2026-09-17T05:19:42.3911957Z set GODEBUG=
2026-09-17T05:19:42.3914266Z set GOENV=C:\Users\runneradmin\AppData\Roaming\go\env
2026-09-17T05:19:42.3914818Z set GOEXE=.exe
2026-09-17T05:19:42.3915104Z set GOEXPERIMENT=
2026-09-17T05:19:42.3915387Z set GOFIPS140=off
2026-09-17T05:19:42.3915659Z set GOFLAGS=
2026-09-17T05:19:42.3916901Z set GOGCCFLAGS=-m64 -pthread -Wl,--no-gc-sections -fmessage-length=0 -ffile-prefix-map=C:\Users\RUNNER~1\AppData\Local\Temp\go-build1353958270=/tmp/go-build -gno-record-gcc-switches
2026-09-17T05:19:42.3918166Z set GOHOSTARCH=amd64
2026-09-17T05:19:42.3918479Z set GOHOSTOS=windows
2026-09-17T05:19:42.3918778Z set GOINSECURE=
2026-09-17T05:19:42.3919082Z set GOMOD=D:\a\Zevune\Zevune\go.mod
2026-09-17T05:19:42.3919769Z set GOMODCACHE=C:\Users\runneradmin\go\pkg\mod
2026-09-17T05:19:42.3920199Z set GONOPROXY=
2026-09-17T05:19:42.3920459Z set GONOSUMDB=
2026-09-17T05:19:42.3920718Z set GOOS=windows
2026-09-17T05:19:42.3920999Z set GOPACKAGESDRIVER=
2026-09-17T05:19:42.3921379Z set GOPATH=C:\Users\runneradmin\go
2026-09-17T05:19:42.3921776Z set GOPRIVATE=
2026-09-17T05:19:42.3922131Z set GOPROXY=https://proxy.golang.org,direct
2026-09-17T05:19:42.3922650Z set GOROOT=C:\hostedtoolcache\windows\go\1.27.1\x64
2026-09-17T05:19:42.3923111Z set GOSUMDB=sum.golang.org
2026-09-17T05:19:42.3923443Z set GOTELEMETRY=local
2026-09-17T05:19:42.3923932Z set GOTELEMETRYDIR=C:\Users\runneradmin\AppData\Roaming\go\telemetry
2026-09-17T05:19:42.3924484Z set GOTMPDIR=
2026-09-17T05:19:42.3925110Z set GOTOOLCHAIN=local
2026-09-17T05:19:42.3925654Z set GOTOOLDIR=C:\hostedtoolcache\windows\go\1.27.1\x64\pkg\tool\windows_amd64
2026-09-17T05:19:42.3926244Z set GOVCS=
2026-09-17T05:19:42.3926505Z set GOVERSION=go1.27.1
2026-09-17T05:19:42.3926807Z set GOWORK=
2026-09-17T05:19:42.3927081Z set PKG_CONFIG=pkg-config
2026-09-17T05:19:42.3927298Z 
2026-09-17T05:19:42.3927737Z ##[endgroup]
2026-09-17T05:19:42.4263646Z ##[group]Run rustup toolchain install 1.98.1 --profile minimal --component rustfmt
2026-09-17T05:19:42.4264294Z [36;1mrustup toolchain install 1.98.1 --profile minimal --component rustfmt[0m
2026-09-17T05:19:42.4282938Z shell: C:\Program Files\Git\bin\bash.EXE --noprofile --norc -e -o pipefail {0}
2026-09-17T05:19:42.4283316Z env:
2026-09-17T05:19:42.4283486Z   RAYON_NUM_THREADS: 2
2026-09-17T05:19:42.4283678Z   CARGO_BUILD_JOBS: 2
2026-09-17T05:19:42.4283969Z   ZEVUNE_RESOURCE_SOURCE_HEAD: 8f0de0df649a0bae719b7ced789d8fc0857ca475
2026-09-17T05:19:42.4284315Z   GOTOOLCHAIN: local
2026-09-17T05:19:42.4284493Z ##[endgroup]
2026-09-17T05:19:43.2297280Z info: syncing channel updates for 1.98.1-x86_64-pc-windows-msvc
2026-09-17T05:19:43.6947990Z info: latest update on 2026-09-03 for version 1.98.1 (48a229cea 2026-09-01)
2026-09-17T05:19:43.7098342Z info: downloading 4 components
2026-09-17T05:19:53.4232830Z 
2026-09-17T05:19:53.4528121Z   1.98.1-x86_64-pc-windows-msvc installed - rustc 1.98.1 (48a229cea 2026-09-01)
2026-09-17T05:19:53.4528740Z 
2026-09-17T05:19:53.4784033Z ##[group]Run python -m unittest discover -s scripts/tests -p 'test_payment_resources*.py' -v
2026-09-17T05:19:53.4785189Z [36;1mpython -m unittest discover -s scripts/tests -p 'test_payment_resources*.py' -v[0m
2026-09-17T05:19:53.4809303Z shell: C:\Program Files\Git\bin\bash.EXE --noprofile --norc -e -o pipefail {0}
2026-09-17T05:19:53.4836971Z env:
2026-09-17T05:19:53.4837316Z   RAYON_NUM_THREADS: 2
2026-09-17T05:19:53.4837665Z   CARGO_BUILD_JOBS: 2
2026-09-17T05:19:53.4838191Z   ZEVUNE_RESOURCE_SOURCE_HEAD: 8f0de0df649a0bae719b7ced789d8fc0857ca475
2026-09-17T05:19:53.4838840Z   GOTOOLCHAIN: local
2026-09-17T05:19:53.4839165Z ##[endgroup]
2026-09-17T05:19:54.7539214Z test_memory_requires_exact_kib_fields_and_positive_consistent_values (test_payment_resources.LinuxParserTests.test_memory_requires_exact_kib_fields_and_positive_consistent_values) ... ok
2026-09-17T05:19:54.7542122Z test_proc_pinned_identity_rechecks_both_sides_of_memory_read (test_payment_resources.LinuxParserTests.test_proc_pinned_identity_rechecks_both_sides_of_memory_read) ... skipped 'Linux proc descriptor semantics'
2026-09-17T05:19:54.7544530Z test_proc_stat_parentheses_identity_and_creation (test_payment_resources.LinuxParserTests.test_proc_stat_parentheses_identity_and_creation) ... ok
2026-09-17T05:19:54.7847767Z test_direct_child_parent_identity_exit_and_current_rss (test_payment_resources.NativeMemoryTests.test_direct_child_parent_identity_exit_and_current_rss) ... ok
2026-09-17T05:19:54.7868625Z test_live_self_sample_uses_real_os_counters (test_payment_resources.NativeMemoryTests.test_live_self_sample_uses_real_os_counters) ... ok
2026-09-17T05:19:54.7872055Z test_unsupported_platform_is_failure_not_skip_or_zero (test_payment_resources.NativeMemoryTests.test_unsupported_platform_is_failure_not_skip_or_zero) ... ok
2026-09-17T05:19:54.8847006Z test_budget_failure_preserves_valid_sample_and_sends_negative_ack (test_payment_resources.PersistenceAndCollectorTests.test_budget_failure_preserves_valid_sample_and_sends_negative_ack) ... ok
2026-09-17T05:19:54.9257108Z test_collector_initialization_failure_reaps_started_coordinator (test_payment_resources.PersistenceAndCollectorTests.test_collector_initialization_failure_reaps_started_coordinator) ... ok
2026-09-17T05:19:55.9778239Z test_complete_evidence_requires_all_children_stopped_and_immutable_files (test_payment_resources.PersistenceAndCollectorTests.test_complete_evidence_requires_all_children_stopped_and_immutable_files) ... ok
2026-09-17T05:19:55.9997728Z test_evidence_reservation_never_overwrites_user_file (test_payment_resources.PersistenceAndCollectorTests.test_evidence_reservation_never_overwrites_user_file) ... ok
2026-09-17T05:19:56.0226548Z test_metadata_failure_still_saves_start_and_failure_without_exception_text (test_payment_resources.PersistenceAndCollectorTests.test_metadata_failure_still_saves_start_and_failure_without_exception_text) ... ok
2026-09-17T05:19:56.1142940Z test_pid_change_parent_failure_and_missing_metric_cannot_be_success (test_payment_resources.PersistenceAndCollectorTests.test_pid_change_parent_failure_and_missing_metric_cannot_be_success) ... ok
2026-09-17T05:19:56.1166023Z test_progress_failure_keeps_confirmed_count_and_uncertain_commit (test_payment_resources.PersistenceAndCollectorTests.test_progress_failure_keeps_confirmed_count_and_uncertain_commit) ... ok
2026-09-17T05:19:56.1224337Z test_final_result_does_not_accept_empty_tests_missing_checks_or_edited_timings (test_payment_resources.ProgressAndResultTests.test_final_result_does_not_accept_empty_tests_missing_checks_or_edited_timings) ... ok
2026-09-17T05:19:56.1246864Z test_full_operation_sequence_is_paired_and_final_result_matches (test_payment_resources.ProgressAndResultTests.test_full_operation_sequence_is_paired_and_final_result_matches) ... ok
2026-09-17T05:19:56.1252004Z test_progress_completion_must_match_operation_payment_and_commit_count (test_payment_resources.ProgressAndResultTests.test_progress_completion_must_match_operation_payment_and_commit_count) ... ok
2026-09-17T05:19:56.1254598Z test_unfinished_operation_has_no_fabricated_duration (test_payment_resources.ProgressAndResultTests.test_unfinished_operation_has_no_fabricated_duration) ... ok
2026-09-17T05:19:56.1258034Z test_all_nine_exact_checkpoints_and_pending_wallet_record (test_payment_resources.ResourceSchemaTests.test_all_nine_exact_checkpoints_and_pending_wallet_record) ... ok
2026-09-17T05:19:56.1260215Z test_budget_keeps_valid_over_budget_measurement (test_payment_resources.ResourceSchemaTests.test_budget_keeps_valid_over_budget_measurement) ... ok
2026-09-17T05:19:56.1262840Z test_json_duplicates_nonfinite_scalars_and_oversize_rejected (test_payment_resources.ResourceSchemaTests.test_json_duplicates_nonfinite_scalars_and_oversize_rejected) ... ok
2026-09-17T05:19:56.1265178Z test_unknown_and_missing_fields_cannot_enter_evidence (test_payment_resources.ResourceSchemaTests.test_unknown_and_missing_fields_cannot_enter_evidence) ... ok
2026-09-17T05:19:56.1267568Z test_unsigned_numbers_reject_booleans_floats_and_out_of_bounds (test_payment_resources.ResourceSchemaTests.test_unsigned_numbers_reject_booleans_floats_and_out_of_bounds) ... ok
2026-09-17T05:19:56.1269939Z test_wallet_and_capacity_counts_are_checked_not_just_types (test_payment_resources.ResourceSchemaTests.test_wallet_and_capacity_counts_are_checked_not_just_types) ... ok
2026-09-17T05:19:56.1272350Z test_wrong_phase_height_generation_or_pid_cannot_claim_checkpoint (test_payment_resources.ResourceSchemaTests.test_wrong_phase_height_generation_or_pid_cannot_claim_checkpoint) ... ok
2026-09-17T05:19:56.1288831Z test_cleanup_does_not_restart_its_existing_deadline (test_payment_resources_evidence.EvidenceCollectorBoundaryTests.test_cleanup_does_not_restart_its_existing_deadline) ... ERROR
2026-09-17T05:19:56.7642869Z test_commit_completion_changes_confirmed_count_without_inventing_apply_success (test_payment_resources_evidence.EvidenceCollectorBoundaryTests.test_commit_completion_changes_confirmed_count_without_inventing_apply_success) ... ok
2026-09-17T05:19:57.7662710Z test_complete_checkpoints_without_result_file_are_still_failure (test_payment_resources_evidence.EvidenceCollectorBoundaryTests.test_complete_checkpoints_without_result_file_are_still_failure) ... ok
2026-09-17T05:19:58.7170762Z test_numeric_measurement_complete_cannot_stand_in_for_true (test_payment_resources_evidence.EvidenceCollectorBoundaryTests.test_numeric_measurement_complete_cannot_stand_in_for_true) ... ok
2026-09-17T05:19:58.7850845Z test_report_save_failure_does_not_acknowledge_success (test_payment_resources_evidence.EvidenceCollectorBoundaryTests.test_report_save_failure_does_not_acknowledge_success) ... ok
2026-09-17T05:19:58.9082022Z test_same_height_recovery_cannot_change_capacity (test_payment_resources_evidence.EvidenceCollectorBoundaryTests.test_same_height_recovery_cannot_change_capacity) ... ok
2026-09-17T05:19:58.9718902Z test_second_role_over_budget_retains_both_samples_in_real_report (test_payment_resources_evidence.EvidenceCollectorBoundaryTests.test_second_role_over_budget_retains_both_samples_in_real_report) ... ok
2026-09-17T05:19:58.9939665Z test_unvalidated_fields_never_enter_failure_report_or_ack (test_payment_resources_evidence.EvidenceCollectorBoundaryTests.test_unvalidated_fields_never_enter_failure_report_or_ack) ... ok
2026-09-17T05:19:59.0318413Z test_zero_exit_without_checkpoints_is_not_successful_acceptance (test_payment_resources_evidence.EvidenceCollectorBoundaryTests.test_zero_exit_without_checkpoints_is_not_successful_acceptance) ... ok
2026-09-17T05:19:59.0414889Z test_every_one_of_nine_checkpoints_is_required (test_payment_resources_evidence.EvidenceCompletenessTests.test_every_one_of_nine_checkpoints_is_required) ... ok
2026-09-17T05:19:59.0439553Z test_fixture_has_exact_fixed_go_operation_contract (test_payment_resources_evidence.EvidenceCompletenessTests.test_fixture_has_exact_fixed_go_operation_contract) ... ok
2026-09-17T05:19:59.0799752Z test_missing_or_repeated_recovery_pair_cannot_claim_complete_recovery (test_payment_resources_evidence.EvidenceCompletenessTests.test_missing_or_repeated_recovery_pair_cannot_claim_complete_recovery) ... ok
2026-09-17T05:19:59.0806586Z test_recovery_cannot_be_recorded_at_a_different_committed_height (test_payment_resources_evidence.EvidenceCompletenessTests.test_recovery_cannot_be_recorded_at_a_different_committed_height) ... ok
2026-09-17T05:19:59.1032206Z test_removing_whole_core_pair_cannot_be_hidden_by_matching_timings (test_payment_resources_evidence.EvidenceCompletenessTests.test_removing_whole_core_pair_cannot_be_hidden_by_matching_timings) ... ok
2026-09-17T05:19:59.1078169Z test_reordering_complete_core_pairs_is_not_a_valid_timing_result (test_payment_resources_evidence.EvidenceCompletenessTests.test_reordering_complete_core_pairs_is_not_a_valid_timing_result) ... ok
2026-09-17T05:19:59.1079501Z 
2026-09-17T05:19:59.1079722Z ======================================================================
2026-09-17T05:19:59.1081197Z ERROR: test_cleanup_does_not_restart_its_existing_deadline (test_payment_resources_evidence.EvidenceCollectorBoundaryTests.test_cleanup_does_not_restart_its_existing_deadline)
2026-09-17T05:19:59.1082660Z ----------------------------------------------------------------------
2026-09-17T05:19:59.1083198Z Traceback (most recent call last):
2026-09-17T05:19:59.1083857Z   File "D:\a\Zevune\Zevune\scripts\tests\test_payment_resources_evidence.py", line 285, in test_cleanup_does_not_restart_its_existing_deadline
2026-09-17T05:19:59.1084753Z     mock.patch.object(resource.os, "killpg") as kill_group:
2026-09-17T05:19:59.1085310Z     ^^^^^^^^^^^^^^^^^^^^^^^^^^^^^^^^^^^^^^^^
2026-09-17T05:19:59.1085802Z   File "C:\hostedtoolcache\windows\Python\3.12.10\x64\Lib\unittest\mock.py", line 1467, in __enter__
2026-09-17T05:19:59.1086546Z     original, local = self.get_original()
2026-09-17T05:19:59.1086928Z                       ^^^^^^^^^^^^^^^^^^^
2026-09-17T05:19:59.1087425Z   File "C:\hostedtoolcache\windows\Python\3.12.10\x64\Lib\unittest\mock.py", line 1437, in get_original
2026-09-17T05:19:59.1087913Z     raise AttributeError(
2026-09-17T05:19:59.1088259Z AttributeError: <module 'os' (frozen)> does not have the attribute 'killpg'
2026-09-17T05:19:59.1088548Z 
2026-09-17T05:19:59.1088698Z ----------------------------------------------------------------------
2026-09-17T05:19:59.1089007Z Ran 39 tests in 4.354s
2026-09-17T05:19:59.1089138Z 
2026-09-17T05:19:59.1089228Z FAILED (errors=1, skipped=1)
2026-09-17T05:19:59.1306318Z ##[error]Process completed with exit code 1.
2026-09-17T05:19:59.1575302Z Node 20 is being deprecated. This workflow is running with Node 24 by default. If you need to temporarily use Node 20, you can set the ACTIONS_ALLOW_USE_UNSECURE_NODE_VERSION=true environment variable. For more information see: https://github.blog/changelog/2025-09-19-deprecation-of-node-20-on-github-actions-runners/
2026-09-17T05:19:59.1576806Z ##[group]Run actions/upload-artifact@ea165f8d65b6e75b540449e92b4886f43607fa02
2026-09-17T05:19:59.1577192Z with:
2026-09-17T05:19:59.1577538Z   name: payment-resources-windows-latest-b829fa3f6a0acb614a79ed8195a8bd119da82b6a
2026-09-17T05:19:59.1578142Z   path: ci-results/payment-resource-setup.json
ci-results/payment-resources.json

2026-09-17T05:19:59.1578547Z   if-no-files-found: error
2026-09-17T05:19:59.1578759Z   retention-days: 14
2026-09-17T05:19:59.1578952Z   compression-level: 6
2026-09-17T05:19:59.1579142Z   overwrite: false
2026-09-17T05:19:59.1579326Z   include-hidden-files: false
2026-09-17T05:19:59.1579527Z env:
2026-09-17T05:19:59.1579712Z   RAYON_NUM_THREADS: 2
2026-09-17T05:19:59.1579892Z   CARGO_BUILD_JOBS: 2
2026-09-17T05:19:59.1580175Z   ZEVUNE_RESOURCE_SOURCE_HEAD: 8f0de0df649a0bae719b7ced789d8fc0857ca475
2026-09-17T05:19:59.1580802Z   GOTOOLCHAIN: local
2026-09-17T05:19:59.1581143Z ##[endgroup]
2026-09-17T05:19:59.3497060Z (node:4648) [DEP0040] DeprecationWarning: The `punycode` module is deprecated. Please use a userland alternative instead.
2026-09-17T05:19:59.3498602Z (Use `node --trace-deprecation ...` to show where the warning was created)
2026-09-17T05:19:59.3555900Z Multiple search paths detected. Calculating the least common ancestor of all paths
2026-09-17T05:19:59.3558656Z The least common ancestor is D:\a\Zevune\Zevune\ci-results. This will be the root directory of the artifact
2026-09-17T05:19:59.3559737Z With the provided path, there will be 1 file uploaded
2026-09-17T05:19:59.3565530Z Artifact name is valid!
2026-09-17T05:19:59.3567421Z Root directory input is valid!
2026-09-17T05:19:59.6003195Z Beginning upload of artifact content to blob storage
2026-09-17T05:19:59.6203891Z (node:4648) [DEP0169] DeprecationWarning: `url.parse()` behavior is not standardized and prone to errors that have security implications. Use the WHATWG URL API instead. CVEs are not issued for `url.parse()` vulnerabilities.
2026-09-17T05:19:59.7348356Z Uploaded bytes 463
2026-09-17T05:19:59.7710571Z Finished uploading artifact content to blob storage!
2026-09-17T05:19:59.7712170Z SHA256 digest of uploaded artifact zip is 230dc7d34d3db1b1c9dc15c18df212dd3ba0d1c1d48fc8f4abf4f21a508ffb51
2026-09-17T05:19:59.7714452Z Finalizing artifact upload
2026-09-17T05:20:00.0013383Z Artifact payment-resources-windows-latest-b829fa3f6a0acb614a79ed8195a8bd119da82b6a.zip successfully finalized. Artifact ID 10482241079
2026-09-17T05:20:00.0016318Z Artifact payment-resources-windows-latest-b829fa3f6a0acb614a79ed8195a8bd119da82b6a has been successfully uploaded! Final size is 463 bytes. Artifact ID is 10482241079
2026-09-17T05:20:00.0024994Z Artifact download URL: https://github.com/youq616/Zevune/actions/runs/35184653050/artifacts/10482241079
2026-09-17T05:20:00.0426734Z Post job cleanup.
2026-09-17T05:20:00.2432468Z [command]"C:\Program Files\Git\bin\git.exe" version
2026-09-17T05:20:00.2748037Z git version 2.55.0.windows.5
2026-09-17T05:20:00.2832819Z Temporarily overriding HOME='D:\a\_temp\91f2479e-6122-4fbb-a01a-29efd0b539ff' before making global git config changes
2026-09-17T05:20:00.2834553Z Adding repository directory to the temporary git global config as a safe directory
2026-09-17T05:20:00.2844208Z [command]"C:\Program Files\Git\bin\git.exe" config --global --add safe.directory D:\a\Zevune\Zevune
2026-09-17T05:20:00.3141481Z [command]"C:\Program Files\Git\bin\git.exe" config --local --name-only --get-regexp core\.sshCommand
2026-09-17T05:20:00.3425602Z [command]"C:\Program Files\Git\bin\git.exe" submodule foreach --recursive "sh -c \"git config --local --name-only --get-regexp 'core\.sshCommand' && git config --local --unset-all 'core.sshCommand' || :\""
2026-09-17T05:20:00.8542404Z [command]"C:\Program Files\Git\bin\git.exe" config --local --name-only --get-regexp http\.https\:\/\/github\.com\/\.extraheader
2026-09-17T05:20:00.8834577Z [command]"C:\Program Files\Git\bin\git.exe" submodule foreach --recursive "sh -c \"git config --local --name-only --get-regexp 'http\.https\:\/\/github\.com\/\.extraheader' && git config --local --unset-all 'http.https://github.com/.extraheader' || :\""
2026-09-17T05:20:01.4486375Z Cleaning up orphan processes
2026-09-17T05:20:01.4653784Z ##[warning]Node.js 20 is deprecated. The following actions target Node.js 20 but are being forced to run on Node.js 24: actions/setup-go@44694675825211faa026b3c33043df3e48a5fa00, actions/upload-artifact@ea165f8d65b6e75b540449e92b4886f43607fa02. For more information see: https://github.blog/changelog/2025-09-19-deprecation-of-node-20-on-github-actions-runners/
