2026-09-17T05:29:31.5704936Z Current runner version: '2.337.0'
2026-09-17T05:29:31.5738426Z ##[group]Runner Image Provisioner
2026-09-17T05:29:31.5739696Z Hosted Compute Agent
2026-09-17T05:29:31.5740538Z Version: 20260828.587
2026-09-17T05:29:31.5741457Z Commit: abac92662cab4cc7352de4f9f9d2e2419aad9c29
2026-09-17T05:29:31.5742960Z Build Date: 2026-08-28T16:44:25Z
2026-09-17T05:29:31.5744053Z Worker ID: {ef3a20f5-34f6-4f38-b37a-ab018512ef62}
2026-09-17T05:29:31.5745142Z Azure Region: westus
2026-09-17T05:29:31.5745980Z ##[endgroup]
2026-09-17T05:29:31.5748011Z ##[group]Operating System
2026-09-17T05:29:31.5749128Z Microsoft Windows Server 2025
2026-09-17T05:29:31.5750100Z 10.0.26100
2026-09-17T05:29:31.5750850Z Datacenter
2026-09-17T05:29:31.5751615Z ##[endgroup]
2026-09-17T05:29:31.5752394Z ##[group]Runner Image
2026-09-17T05:29:31.5753369Z Image: windows-2025-vs2026
2026-09-17T05:29:31.5754379Z Version: 20260907.229.1
2026-09-17T05:29:31.5756769Z Included Software: https://github.com/actions/runner-images/blob/win25-vs2026/20260907.229/images/windows/Windows2025-VS2026-Readme.md
2026-09-17T05:29:31.5759574Z Image Release: https://github.com/actions/runner-images/releases/tag/win25-vs2026%2F20260907.229
2026-09-17T05:29:31.5761202Z ##[endgroup]
2026-09-17T05:29:31.5763179Z ##[group]GITHUB_TOKEN Permissions
2026-09-17T05:29:31.5765667Z Contents: read
2026-09-17T05:29:31.5766523Z Metadata: read
2026-09-17T05:29:31.5767365Z ##[endgroup]
2026-09-17T05:29:31.5770493Z Secret source: Actions
2026-09-17T05:29:31.5771847Z Cache mode: write
2026-09-17T05:29:31.5772970Z Prepare workflow directory
2026-09-17T05:29:31.6522593Z Prepare all required actions
2026-09-17T05:29:31.6600361Z Getting action download info
2026-09-17T05:29:32.0129637Z Download action repository 'actions/checkout@08c6903cd8c0fde910a37f88322edcfb5dd907a8' (SHA:08c6903cd8c0fde910a37f88322edcfb5dd907a8)
2026-09-17T05:29:32.1792302Z Download action repository 'actions/setup-go@44694675825211faa026b3c33043df3e48a5fa00' (SHA:44694675825211faa026b3c33043df3e48a5fa00)
2026-09-17T05:29:32.6747011Z Download action repository 'actions/upload-artifact@ea165f8d65b6e75b540449e92b4886f43607fa02' (SHA:ea165f8d65b6e75b540449e92b4886f43607fa02)
2026-09-17T05:29:33.0724186Z Complete job name: resources (windows-latest)
2026-09-17T05:29:33.2625418Z ##[group]Run actions/checkout@08c6903cd8c0fde910a37f88322edcfb5dd907a8
2026-09-17T05:29:33.2627482Z with:
2026-09-17T05:29:33.2628795Z   persist-credentials: false
2026-09-17T05:29:33.2629928Z   fetch-depth: 2
2026-09-17T05:29:33.2630884Z   repository: youq616/Zevune
2026-09-17T05:29:33.2640974Z   token: ***
2026-09-17T05:29:33.2641938Z   ssh-strict: true
2026-09-17T05:29:33.2642882Z   ssh-user: git
2026-09-17T05:29:33.2643828Z   clean: true
2026-09-17T05:29:33.2645014Z   sparse-checkout-cone-mode: true
2026-09-17T05:29:33.2646151Z   fetch-tags: false
2026-09-17T05:29:33.2647191Z   show-progress: true
2026-09-17T05:29:33.2648152Z   lfs: false
2026-09-17T05:29:33.2649078Z   submodules: false
2026-09-17T05:29:33.2650291Z   set-safe-directory: true
2026-09-17T05:29:33.2651679Z env:
2026-09-17T05:29:33.2653226Z   RAYON_NUM_THREADS: 2
2026-09-17T05:29:33.2654420Z   CARGO_BUILD_JOBS: 2
2026-09-17T05:29:33.2656128Z   ZEVUNE_RESOURCE_SOURCE_HEAD: 9e46e03165250c6c51fa7031526d8de1bbdf27d6
2026-09-17T05:29:33.2657600Z ##[endgroup]
2026-09-17T05:29:33.5191774Z Syncing repository: youq616/Zevune
2026-09-17T05:29:33.5195879Z ##[group]Getting Git version info
2026-09-17T05:29:33.5197836Z Working directory is 'D:\a\Zevune\Zevune'
2026-09-17T05:29:33.6544973Z [command]"C:\Program Files\Git\bin\git.exe" version
2026-09-17T05:29:34.1138243Z git version 2.55.0.windows.5
2026-09-17T05:29:34.1158831Z ##[endgroup]
2026-09-17T05:29:34.1182367Z Temporarily overriding HOME='D:\a\_temp\dee8189f-7d46-4b72-9434-07f290c535ff' before making global git config changes
2026-09-17T05:29:34.1188862Z Adding repository directory to the temporary git global config as a safe directory
2026-09-17T05:29:34.1198427Z [command]"C:\Program Files\Git\bin\git.exe" config --global --add safe.directory D:\a\Zevune\Zevune
2026-09-17T05:29:34.3199432Z Deleting the contents of 'D:\a\Zevune\Zevune'
2026-09-17T05:29:34.3206961Z ##[group]Initializing the repository
2026-09-17T05:29:34.3212499Z [command]"C:\Program Files\Git\bin\git.exe" init D:\a\Zevune\Zevune
2026-09-17T05:29:34.4745192Z Initialized empty Git repository in D:/a/Zevune/Zevune/.git/
2026-09-17T05:29:34.4829273Z [command]"C:\Program Files\Git\bin\git.exe" remote add origin https://github.com/youq616/Zevune
2026-09-17T05:29:34.5885151Z ##[endgroup]
2026-09-17T05:29:34.5887699Z ##[group]Disabling automatic garbage collection
2026-09-17T05:29:34.5900759Z [command]"C:\Program Files\Git\bin\git.exe" config --local gc.auto 0
2026-09-17T05:29:34.7001056Z ##[endgroup]
2026-09-17T05:29:34.7036756Z ##[group]Setting up auth
2026-09-17T05:29:34.7070925Z [command]"C:\Program Files\Git\bin\git.exe" config --local --name-only --get-regexp core\.sshCommand
2026-09-17T05:29:34.7518165Z [command]"C:\Program Files\Git\bin\git.exe" submodule foreach --recursive "sh -c \"git config --local --name-only --get-regexp 'core\.sshCommand' && git config --local --unset-all 'core.sshCommand' || :\""
2026-09-17T05:29:37.2561412Z [command]"C:\Program Files\Git\bin\git.exe" config --local --name-only --get-regexp http\.https\:\/\/github\.com\/\.extraheader
2026-09-17T05:29:37.4503349Z [command]"C:\Program Files\Git\bin\git.exe" submodule foreach --recursive "sh -c \"git config --local --name-only --get-regexp 'http\.https\:\/\/github\.com\/\.extraheader' && git config --local --unset-all 'http.https://github.com/.extraheader' || :\""
2026-09-17T05:29:39.6468622Z [command]"C:\Program Files\Git\bin\git.exe" config --local http.https://github.com/.extraheader "AUTHORIZATION: basic ***"
2026-09-17T05:29:39.7941695Z ##[endgroup]
2026-09-17T05:29:39.7942906Z ##[group]Fetching the repository
2026-09-17T05:29:39.7960567Z [command]"C:\Program Files\Git\bin\git.exe" -c protocol.version=2 fetch --no-tags --prune --no-recurse-submodules --depth=2 origin +f38a9a1a1d40bf650a25eea6b689c618f10d9121:refs/remotes/pull/11/merge
2026-09-17T05:29:41.3633360Z From https://github.com/youq616/Zevune
2026-09-17T05:29:41.3639284Z  * [new ref]         f38a9a1a1d40bf650a25eea6b689c618f10d9121 -> pull/11/merge
2026-09-17T05:29:41.3687643Z ##[endgroup]
2026-09-17T05:29:41.3688564Z ##[group]Determining the checkout info
2026-09-17T05:29:41.3690964Z ##[endgroup]
2026-09-17T05:29:41.3706804Z [command]"C:\Program Files\Git\bin\git.exe" sparse-checkout disable
2026-09-17T05:29:41.4269036Z [command]"C:\Program Files\Git\bin\git.exe" config --local --unset-all extensions.worktreeConfig
2026-09-17T05:29:41.4622891Z ##[group]Checking out the ref
2026-09-17T05:29:41.4636144Z [command]"C:\Program Files\Git\bin\git.exe" checkout --progress --force refs/remotes/pull/11/merge
2026-09-17T05:29:41.6347167Z Note: switching to 'refs/remotes/pull/11/merge'.
2026-09-17T05:29:41.6349383Z 
2026-09-17T05:29:41.6350381Z You are in 'detached HEAD' state. You can look around, make experimental
2026-09-17T05:29:41.6351425Z changes and commit them, and you can discard any commits you make in this
2026-09-17T05:29:41.6352249Z state without impacting any branches by switching back to a branch.
2026-09-17T05:29:41.6352826Z 
2026-09-17T05:29:41.6353171Z If you want to create a new branch to retain commits you create, you may
2026-09-17T05:29:41.6354034Z do so (now or later) by using -c with the switch command. Example:
2026-09-17T05:29:41.6354508Z 
2026-09-17T05:29:41.6354713Z   git switch -c <new-branch-name>
2026-09-17T05:29:41.6355023Z 
2026-09-17T05:29:41.6355197Z Or undo this operation with:
2026-09-17T05:29:41.6355450Z 
2026-09-17T05:29:41.6355952Z   git switch -
2026-09-17T05:29:41.6356217Z 
2026-09-17T05:29:41.6356614Z Turn off this advice by setting config variable advice.detachedHead to false
2026-09-17T05:29:41.6358086Z 
2026-09-17T05:29:41.6525573Z HEAD is now at f38a9a1 Merge 9e46e03165250c6c51fa7031526d8de1bbdf27d6 into 8324ec8bd153d9502e3e6761d25bfe281a5f3b44
2026-09-17T05:29:41.6690657Z ##[endgroup]
2026-09-17T05:29:41.7192943Z [command]"C:\Program Files\Git\bin\git.exe" log -1 --format=%H
2026-09-17T05:29:41.7488628Z f38a9a1a1d40bf650a25eea6b689c618f10d9121
2026-09-17T05:29:41.7532193Z ##[group]Removing auth
2026-09-17T05:29:41.7540486Z [command]"C:\Program Files\Git\bin\git.exe" config --local --name-only --get-regexp core\.sshCommand
2026-09-17T05:29:41.7841631Z [command]"C:\Program Files\Git\bin\git.exe" submodule foreach --recursive "sh -c \"git config --local --name-only --get-regexp 'core\.sshCommand' && git config --local --unset-all 'core.sshCommand' || :\""
2026-09-17T05:29:42.3514040Z [command]"C:\Program Files\Git\bin\git.exe" config --local --name-only --get-regexp http\.https\:\/\/github\.com\/\.extraheader
2026-09-17T05:29:42.3770664Z http.https://github.com/.extraheader
2026-09-17T05:29:42.3815390Z [command]"C:\Program Files\Git\bin\git.exe" config --local --unset-all http.https://github.com/.extraheader
2026-09-17T05:29:42.4113163Z [command]"C:\Program Files\Git\bin\git.exe" submodule foreach --recursive "sh -c \"git config --local --name-only --get-regexp 'http\.https\:\/\/github\.com\/\.extraheader' && git config --local --unset-all 'http.https://github.com/.extraheader' || :\""
2026-09-17T05:29:42.9524509Z ##[endgroup]
2026-09-17T05:29:42.9947815Z ##[group]Run python - <<'PY'
2026-09-17T05:29:42.9948195Z [36;1mpython - <<'PY'[0m
2026-09-17T05:29:42.9948517Z [36;1mimport datetime, json, os, pathlib, subprocess[0m
2026-09-17T05:29:42.9948827Z [36;1mdef git(*args):[0m
2026-09-17T05:29:42.9949174Z [36;1m    return subprocess.check_output(['git', *args], text=True).strip()[0m
2026-09-17T05:29:42.9949572Z [36;1moutput = pathlib.Path('ci-results')[0m
2026-09-17T05:29:42.9949849Z [36;1moutput.mkdir(exist_ok=True)[0m
2026-09-17T05:29:42.9950087Z [36;1msnapshot = {[0m
2026-09-17T05:29:42.9950292Z [36;1m    'schema_version': 1,[0m
2026-09-17T05:29:42.9950924Z [36;1m    'kind': 'workflow_setup_observation',[0m
2026-09-17T05:29:42.9951378Z [36;1m    'observed_at': datetime.datetime.now(datetime.timezone.utc).isoformat(),[0m
2026-09-17T05:29:42.9951856Z [36;1m    'source_head': os.environ['ZEVUNE_RESOURCE_SOURCE_HEAD'],[0m
2026-09-17T05:29:42.9952277Z [36;1m    'checkout_commit': git('rev-parse', 'HEAD'),[0m
2026-09-17T05:29:42.9952620Z [36;1m    'checkout_tree': git('rev-parse', 'HEAD^{tree}'),[0m
2026-09-17T05:29:42.9952966Z [36;1m    'observed_execution_status': 'not_started',[0m
2026-09-17T05:29:42.9953471Z [36;1m    'scope': 'initial observation only; final workflow steps and resource result determine completion',[0m
2026-09-17T05:29:42.9953928Z [36;1m}[0m
2026-09-17T05:29:42.9954254Z [36;1mwith (output / 'payment-resource-setup.json').open('x', encoding='utf-8') as f:[0m
2026-09-17T05:29:42.9954692Z [36;1m    json.dump(snapshot, f, indent=2)[0m
2026-09-17T05:29:42.9954952Z [36;1m    f.write('\n')[0m
2026-09-17T05:29:42.9955151Z [36;1mPY[0m
2026-09-17T05:29:42.9976026Z shell: C:\Program Files\Git\bin\bash.EXE --noprofile --norc -e -o pipefail {0}
2026-09-17T05:29:42.9976447Z env:
2026-09-17T05:29:42.9976616Z   RAYON_NUM_THREADS: 2
2026-09-17T05:29:42.9976815Z   CARGO_BUILD_JOBS: 2
2026-09-17T05:29:42.9977119Z   ZEVUNE_RESOURCE_SOURCE_HEAD: 9e46e03165250c6c51fa7031526d8de1bbdf27d6
2026-09-17T05:29:42.9977466Z ##[endgroup]
2026-09-17T05:29:44.2021553Z Node 20 is being deprecated. This workflow is running with Node 24 by default. If you need to temporarily use Node 20, you can set the ACTIONS_ALLOW_USE_UNSECURE_NODE_VERSION=true environment variable. For more information see: https://github.blog/changelog/2025-09-19-deprecation-of-node-20-on-github-actions-runners/
2026-09-17T05:29:44.2023346Z ##[group]Run actions/setup-go@44694675825211faa026b3c33043df3e48a5fa00
2026-09-17T05:29:44.2023675Z with:
2026-09-17T05:29:44.2023844Z   go-version: 1.27.1
2026-09-17T05:29:44.2024024Z   cache: false
2026-09-17T05:29:44.2024208Z   check-latest: false
2026-09-17T05:29:44.2027159Z   token: ***
2026-09-17T05:29:44.2027332Z env:
2026-09-17T05:29:44.2027487Z   RAYON_NUM_THREADS: 2
2026-09-17T05:29:44.2027677Z   CARGO_BUILD_JOBS: 2
2026-09-17T05:29:44.2028260Z   ZEVUNE_RESOURCE_SOURCE_HEAD: 9e46e03165250c6c51fa7031526d8de1bbdf27d6
2026-09-17T05:29:44.2028605Z ##[endgroup]
2026-09-17T05:29:44.3655480Z Setup go version spec 1.27.1
2026-09-17T05:29:44.3675495Z Attempting to download 1.27.1...
2026-09-17T05:29:44.3907727Z (node:6032) [DEP0040] DeprecationWarning: The `punycode` module is deprecated. Please use a userland alternative instead.
2026-09-17T05:29:44.3908938Z (Use `node --trace-deprecation ...` to show where the warning was created)
2026-09-17T05:29:45.0104251Z matching 1.27.1...
2026-09-17T05:29:45.0250778Z Acquiring 1.27.1 from https://github.com/actions/go-versions/releases/download/1.27.1-33583469715/go-1.27.1-win32-x64.zip
2026-09-17T05:29:45.7174877Z Extracting Go...
2026-09-17T05:29:45.8423396Z [command]"C:\Program Files\PowerShell\7\pwsh.exe" -NoLogo -NoProfile -NonInteractive -ExecutionPolicy Unrestricted -Command "$ErrorActionPreference = 'Stop' ; try { Add-Type -AssemblyName System.IO.Compression.ZipFile } catch { } ; try { [System.IO.Compression.ZipFile]::ExtractToDirectory('D:\a\_temp\go-1.27.1-win32-x64.zip', 'D:\a\_temp\bd08b7c0-7107-466c-b9f8-6900a55066e0', $true) } catch { if (($_.Exception.GetType().FullName -eq 'System.Management.Automation.MethodException') -or ($_.Exception.GetType().FullName -eq 'System.Management.Automation.RuntimeException') ){ Expand-Archive -LiteralPath 'D:\a\_temp\go-1.27.1-win32-x64.zip' -DestinationPath 'D:\a\_temp\bd08b7c0-7107-466c-b9f8-6900a55066e0' -Force } else { throw $_ } } ;"
2026-09-17T05:29:51.2544307Z Successfully extracted go to D:\a\_temp\bd08b7c0-7107-466c-b9f8-6900a55066e0
2026-09-17T05:29:51.2544767Z Adding to the cache ...
2026-09-17T05:30:03.3772666Z Created link C:\hostedtoolcache\windows\go\1.27.1\x64 => D:\hostedtoolcache\windows\go\1.27.1\x64
2026-09-17T05:30:03.3782877Z Created link C:\hostedtoolcache\windows\go\1.27.1\x64.complete => D:\hostedtoolcache\windows\go\1.27.1\x64.complete
2026-09-17T05:30:03.3784917Z Successfully cached go to C:\hostedtoolcache\windows\go\1.27.1\x64
2026-09-17T05:30:03.3786946Z Added go to the path
2026-09-17T05:30:03.3791571Z Successfully set up Go version 1.27.1
2026-09-17T05:30:03.8216024Z go version go1.27.1 windows/amd64
2026-09-17T05:30:03.8216252Z 
2026-09-17T05:30:03.8216527Z ##[group]go env
2026-09-17T05:30:07.3206184Z set AR=ar
2026-09-17T05:30:07.3206582Z set CC=gcc
2026-09-17T05:30:07.3206896Z set CGO_CFLAGS=-O2 -g
2026-09-17T05:30:07.3207246Z set CGO_CPPFLAGS=
2026-09-17T05:30:07.3207565Z set CGO_CXXFLAGS=-O2 -g
2026-09-17T05:30:07.3207887Z set CGO_ENABLED=1
2026-09-17T05:30:07.3208175Z set CGO_FFLAGS=-O2 -g
2026-09-17T05:30:07.3208482Z set CGO_LDFLAGS=-O2 -g
2026-09-17T05:30:07.3208781Z set CXX=g++
2026-09-17T05:30:07.3209025Z set GCCGO=gccgo
2026-09-17T05:30:07.3209287Z set GO111MODULE=
2026-09-17T05:30:07.3209561Z set GOAMD64=v1
2026-09-17T05:30:07.3209876Z set GOARCH=amd64
2026-09-17T05:30:07.3210173Z set GOAUTH=netrc
2026-09-17T05:30:07.3210503Z set GOBIN=C:\Users\runneradmin\go\bin
2026-09-17T05:30:07.3211033Z set GOCACHE=C:\Users\runneradmin\AppData\Local\go-build
2026-09-17T05:30:07.3211508Z set GOCACHEPROG=
2026-09-17T05:30:07.3211813Z set GODEBUG=
2026-09-17T05:30:07.3214175Z set GOENV=C:\Users\runneradmin\AppData\Roaming\go\env
2026-09-17T05:30:07.3214754Z set GOEXE=.exe
2026-09-17T05:30:07.3215037Z set GOEXPERIMENT=
2026-09-17T05:30:07.3215322Z set GOFIPS140=off
2026-09-17T05:30:07.3215598Z set GOFLAGS=
2026-09-17T05:30:07.3216780Z set GOGCCFLAGS=-m64 -pthread -Wl,--no-gc-sections -fmessage-length=0 -ffile-prefix-map=C:\Users\RUNNER~1\AppData\Local\Temp\go-build3022781041=/tmp/go-build -gno-record-gcc-switches
2026-09-17T05:30:07.3218014Z set GOHOSTARCH=amd64
2026-09-17T05:30:07.3218341Z set GOHOSTOS=windows
2026-09-17T05:30:07.3218641Z set GOINSECURE=
2026-09-17T05:30:07.3218942Z set GOMOD=D:\a\Zevune\Zevune\go.mod
2026-09-17T05:30:07.3219982Z set GOMODCACHE=C:\Users\runneradmin\go\pkg\mod
2026-09-17T05:30:07.3220413Z set GONOPROXY=
2026-09-17T05:30:07.3220677Z set GONOSUMDB=
2026-09-17T05:30:07.3220939Z set GOOS=windows
2026-09-17T05:30:07.3221247Z set GOPACKAGESDRIVER=
2026-09-17T05:30:07.3221674Z set GOPATH=C:\Users\runneradmin\go
2026-09-17T05:30:07.3222070Z set GOPRIVATE=
2026-09-17T05:30:07.3222428Z set GOPROXY=https://proxy.golang.org,direct
2026-09-17T05:30:07.3222934Z set GOROOT=C:\hostedtoolcache\windows\go\1.27.1\x64
2026-09-17T05:30:07.3223386Z set GOSUMDB=sum.golang.org
2026-09-17T05:30:07.3223716Z set GOTELEMETRY=local
2026-09-17T05:30:07.3224202Z set GOTELEMETRYDIR=C:\Users\runneradmin\AppData\Roaming\go\telemetry
2026-09-17T05:30:07.3224749Z set GOTMPDIR=
2026-09-17T05:30:07.3225021Z set GOTOOLCHAIN=local
2026-09-17T05:30:07.3225543Z set GOTOOLDIR=C:\hostedtoolcache\windows\go\1.27.1\x64\pkg\tool\windows_amd64
2026-09-17T05:30:07.3226117Z set GOVCS=
2026-09-17T05:30:07.3226380Z set GOVERSION=go1.27.1
2026-09-17T05:30:07.3226683Z set GOWORK=
2026-09-17T05:30:07.3226953Z set PKG_CONFIG=pkg-config
2026-09-17T05:30:07.3227170Z 
2026-09-17T05:30:07.3227587Z ##[endgroup]
2026-09-17T05:30:07.3536055Z ##[group]Run rustup toolchain install 1.98.1 --profile minimal --component rustfmt
2026-09-17T05:30:07.3536737Z [36;1mrustup toolchain install 1.98.1 --profile minimal --component rustfmt[0m
2026-09-17T05:30:07.3555241Z shell: C:\Program Files\Git\bin\bash.EXE --noprofile --norc -e -o pipefail {0}
2026-09-17T05:30:07.3555636Z env:
2026-09-17T05:30:07.3555800Z   RAYON_NUM_THREADS: 2
2026-09-17T05:30:07.3555997Z   CARGO_BUILD_JOBS: 2
2026-09-17T05:30:07.3556296Z   ZEVUNE_RESOURCE_SOURCE_HEAD: 9e46e03165250c6c51fa7031526d8de1bbdf27d6
2026-09-17T05:30:07.3556636Z   GOTOOLCHAIN: local
2026-09-17T05:30:07.3556826Z ##[endgroup]
2026-09-17T05:30:08.0953859Z info: syncing channel updates for 1.98.1-x86_64-pc-windows-msvc
2026-09-17T05:30:08.6187771Z info: latest update on 2026-09-03 for version 1.98.1 (48a229cea 2026-09-01)
2026-09-17T05:30:08.6330766Z info: downloading 4 components
2026-09-17T05:30:17.9128182Z 
2026-09-17T05:30:17.9624444Z   1.98.1-x86_64-pc-windows-msvc installed - rustc 1.98.1 (48a229cea 2026-09-01)
2026-09-17T05:30:17.9625031Z 
2026-09-17T05:30:17.9928842Z ##[group]Run python -m unittest discover -s scripts/tests -p 'test_payment_resources*.py' -v
2026-09-17T05:30:17.9929986Z [36;1mpython -m unittest discover -s scripts/tests -p 'test_payment_resources*.py' -v[0m
2026-09-17T05:30:17.9955365Z shell: C:\Program Files\Git\bin\bash.EXE --noprofile --norc -e -o pipefail {0}
2026-09-17T05:30:17.9956010Z env:
2026-09-17T05:30:17.9956328Z   RAYON_NUM_THREADS: 2
2026-09-17T05:30:17.9956690Z   CARGO_BUILD_JOBS: 2
2026-09-17T05:30:17.9957558Z   ZEVUNE_RESOURCE_SOURCE_HEAD: 9e46e03165250c6c51fa7031526d8de1bbdf27d6
2026-09-17T05:30:17.9958171Z   GOTOOLCHAIN: local
2026-09-17T05:30:17.9958479Z ##[endgroup]
2026-09-17T05:30:19.4187813Z test_memory_requires_exact_kib_fields_and_positive_consistent_values (test_payment_resources.LinuxParserTests.test_memory_requires_exact_kib_fields_and_positive_consistent_values) ... ok
2026-09-17T05:30:19.4190264Z test_proc_pinned_identity_rechecks_both_sides_of_memory_read (test_payment_resources.LinuxParserTests.test_proc_pinned_identity_rechecks_both_sides_of_memory_read) ... skipped 'Linux proc descriptor semantics'
2026-09-17T05:30:19.4191989Z test_proc_stat_parentheses_identity_and_creation (test_payment_resources.LinuxParserTests.test_proc_stat_parentheses_identity_and_creation) ... ok
2026-09-17T05:30:19.4515239Z test_direct_child_parent_identity_exit_and_current_rss (test_payment_resources.NativeMemoryTests.test_direct_child_parent_identity_exit_and_current_rss) ... ok
2026-09-17T05:30:19.4539095Z test_live_self_sample_uses_real_os_counters (test_payment_resources.NativeMemoryTests.test_live_self_sample_uses_real_os_counters) ... ok
2026-09-17T05:30:19.4542376Z test_unsupported_platform_is_failure_not_skip_or_zero (test_payment_resources.NativeMemoryTests.test_unsupported_platform_is_failure_not_skip_or_zero) ... ok
2026-09-17T05:30:19.5054975Z test_budget_failure_preserves_valid_sample_and_sends_negative_ack (test_payment_resources.PersistenceAndCollectorTests.test_budget_failure_preserves_valid_sample_and_sends_negative_ack) ... ok
2026-09-17T05:30:19.5274944Z test_collector_initialization_failure_reaps_started_coordinator (test_payment_resources.PersistenceAndCollectorTests.test_collector_initialization_failure_reaps_started_coordinator) ... ok
2026-09-17T05:30:20.5910591Z test_complete_evidence_requires_all_children_stopped_and_immutable_files (test_payment_resources.PersistenceAndCollectorTests.test_complete_evidence_requires_all_children_stopped_and_immutable_files) ... ok
2026-09-17T05:30:20.6054131Z test_evidence_reservation_never_overwrites_user_file (test_payment_resources.PersistenceAndCollectorTests.test_evidence_reservation_never_overwrites_user_file) ... ok
2026-09-17T05:30:20.6204173Z test_metadata_failure_still_saves_start_and_failure_without_exception_text (test_payment_resources.PersistenceAndCollectorTests.test_metadata_failure_still_saves_start_and_failure_without_exception_text) ... ok
2026-09-17T05:30:20.6783253Z test_pid_change_parent_failure_and_missing_metric_cannot_be_success (test_payment_resources.PersistenceAndCollectorTests.test_pid_change_parent_failure_and_missing_metric_cannot_be_success) ... ok
2026-09-17T05:30:21.2933599Z test_progress_failure_keeps_confirmed_count_and_uncertain_commit (test_payment_resources.PersistenceAndCollectorTests.test_progress_failure_keeps_confirmed_count_and_uncertain_commit) ... ok
2026-09-17T05:30:21.3022224Z test_final_result_does_not_accept_empty_tests_missing_checks_or_edited_timings (test_payment_resources.ProgressAndResultTests.test_final_result_does_not_accept_empty_tests_missing_checks_or_edited_timings) ... ok
2026-09-17T05:30:21.3050597Z test_full_operation_sequence_is_paired_and_final_result_matches (test_payment_resources.ProgressAndResultTests.test_full_operation_sequence_is_paired_and_final_result_matches) ... ok
2026-09-17T05:30:21.3065608Z test_progress_completion_must_match_operation_payment_and_commit_count (test_payment_resources.ProgressAndResultTests.test_progress_completion_must_match_operation_payment_and_commit_count) ... ok
2026-09-17T05:30:21.3075512Z test_unfinished_operation_has_no_fabricated_duration (test_payment_resources.ProgressAndResultTests.test_unfinished_operation_has_no_fabricated_duration) ... ok
2026-09-17T05:30:21.3080748Z test_all_nine_exact_checkpoints_and_pending_wallet_record (test_payment_resources.ResourceSchemaTests.test_all_nine_exact_checkpoints_and_pending_wallet_record) ... ok
2026-09-17T05:30:21.3082521Z test_budget_keeps_valid_over_budget_measurement (test_payment_resources.ResourceSchemaTests.test_budget_keeps_valid_over_budget_measurement) ... ok
2026-09-17T05:30:21.3084527Z test_json_duplicates_nonfinite_scalars_and_oversize_rejected (test_payment_resources.ResourceSchemaTests.test_json_duplicates_nonfinite_scalars_and_oversize_rejected) ... ok
2026-09-17T05:30:21.3086579Z test_unknown_and_missing_fields_cannot_enter_evidence (test_payment_resources.ResourceSchemaTests.test_unknown_and_missing_fields_cannot_enter_evidence) ... ok
2026-09-17T05:30:21.3088716Z test_unsigned_numbers_reject_booleans_floats_and_out_of_bounds (test_payment_resources.ResourceSchemaTests.test_unsigned_numbers_reject_booleans_floats_and_out_of_bounds) ... ok
2026-09-17T05:30:21.3091083Z test_wallet_and_capacity_counts_are_checked_not_just_types (test_payment_resources.ResourceSchemaTests.test_wallet_and_capacity_counts_are_checked_not_just_types) ... ok
2026-09-17T05:30:21.3094731Z test_wrong_phase_height_generation_or_pid_cannot_claim_checkpoint (test_payment_resources.ResourceSchemaTests.test_wrong_phase_height_generation_or_pid_cannot_claim_checkpoint) ... ok
2026-09-17T05:30:21.9196502Z test_bad_order_is_rejected_before_copying_it_over_a_valid_prefix (test_payment_resources_evidence.EvidenceCollectorBoundaryTests.test_bad_order_is_rejected_before_copying_it_over_a_valid_prefix) ... ok
2026-09-17T05:30:21.9204394Z test_cleanup_does_not_restart_its_existing_deadline (test_payment_resources_evidence.EvidenceCollectorBoundaryTests.test_cleanup_does_not_restart_its_existing_deadline) ... ok
2026-09-17T05:30:22.5449919Z test_commit_completion_changes_confirmed_count_without_inventing_apply_success (test_payment_resources_evidence.EvidenceCollectorBoundaryTests.test_commit_completion_changes_confirmed_count_without_inventing_apply_success) ... ok
2026-09-17T05:30:23.3874331Z test_complete_checkpoints_without_result_file_are_still_failure (test_payment_resources_evidence.EvidenceCollectorBoundaryTests.test_complete_checkpoints_without_result_file_are_still_failure) ... ok
2026-09-17T05:30:24.4435094Z test_numeric_measurement_complete_cannot_stand_in_for_true (test_payment_resources_evidence.EvidenceCollectorBoundaryTests.test_numeric_measurement_complete_cannot_stand_in_for_true) ... ok
2026-09-17T05:30:24.4653013Z test_report_save_failure_does_not_acknowledge_success (test_payment_resources_evidence.EvidenceCollectorBoundaryTests.test_report_save_failure_does_not_acknowledge_success) ... ok
2026-09-17T05:30:24.5230071Z test_same_height_recovery_cannot_change_capacity (test_payment_resources_evidence.EvidenceCollectorBoundaryTests.test_same_height_recovery_cannot_change_capacity) ... ok
2026-09-17T05:30:24.5588022Z test_second_role_over_budget_retains_both_samples_in_real_report (test_payment_resources_evidence.EvidenceCollectorBoundaryTests.test_second_role_over_budget_retains_both_samples_in_real_report) ... ok
2026-09-17T05:30:24.5737225Z test_unvalidated_fields_never_enter_failure_report_or_ack (test_payment_resources_evidence.EvidenceCollectorBoundaryTests.test_unvalidated_fields_never_enter_failure_report_or_ack) ... ok
2026-09-17T05:30:24.5996599Z test_zero_exit_without_checkpoints_is_not_successful_acceptance (test_payment_resources_evidence.EvidenceCollectorBoundaryTests.test_zero_exit_without_checkpoints_is_not_successful_acceptance) ... ok
2026-09-17T05:30:24.6311870Z test_close_disk_check_and_outbox_boundaries_cannot_move (test_payment_resources_evidence.EvidenceCompletenessTests.test_close_disk_check_and_outbox_boundaries_cannot_move) ... ok
2026-09-17T05:30:24.6408357Z test_every_one_of_nine_checkpoints_is_required (test_payment_resources_evidence.EvidenceCompletenessTests.test_every_one_of_nine_checkpoints_is_required) ... ok
2026-09-17T05:30:24.6432011Z test_fixture_has_exact_fixed_go_operation_contract (test_payment_resources_evidence.EvidenceCompletenessTests.test_fixture_has_exact_fixed_go_operation_contract) ... ok
2026-09-17T05:30:24.6724221Z test_missing_or_repeated_recovery_pair_cannot_claim_complete_recovery (test_payment_resources_evidence.EvidenceCompletenessTests.test_missing_or_repeated_recovery_pair_cannot_claim_complete_recovery) ... ok
2026-09-17T05:30:24.6730345Z test_recovery_cannot_be_recorded_at_a_different_committed_height (test_payment_resources_evidence.EvidenceCompletenessTests.test_recovery_cannot_be_recorded_at_a_different_committed_height) ... ok
2026-09-17T05:30:24.6928908Z test_removing_whole_core_pair_cannot_be_hidden_by_matching_timings (test_payment_resources_evidence.EvidenceCompletenessTests.test_removing_whole_core_pair_cannot_be_hidden_by_matching_timings) ... ok
2026-09-17T05:30:24.6965620Z test_reordering_complete_core_pairs_is_not_a_valid_timing_result (test_payment_resources_evidence.EvidenceCompletenessTests.test_reordering_complete_core_pairs_is_not_a_valid_timing_result) ... ok
2026-09-17T05:30:24.7017915Z test_review_c1_wallet_recovery_after_new_payment_and_outbox_is_rejected (test_payment_resources_evidence.EvidenceCompletenessTests.test_review_c1_wallet_recovery_after_new_payment_and_outbox_is_rejected) ... ok
2026-09-17T05:30:24.7051432Z test_review_c1_worker_reopen_before_scenario_start_is_rejected (test_payment_resources_evidence.EvidenceCompletenessTests.test_review_c1_worker_reopen_before_scenario_start_is_rejected) ... ok
2026-09-17T05:30:24.7581008Z test_valid_partial_recovery_prefixes_remain_incomplete_without_fake_duration (test_payment_resources_evidence.EvidenceCompletenessTests.test_valid_partial_recovery_prefixes_remain_incomplete_without_fake_duration) ... ok
2026-09-17T05:30:24.7583400Z 
2026-09-17T05:30:24.7583665Z ----------------------------------------------------------------------
2026-09-17T05:30:24.7584216Z Ran 44 tests in 5.340s
2026-09-17T05:30:24.7584415Z 
2026-09-17T05:30:24.7584540Z OK (skipped=1)
2026-09-17T05:30:24.7963383Z ##[group]Run test -z "$(gofmt -l internal/poolbridge)"
2026-09-17T05:30:24.7963857Z [36;1mtest -z "$(gofmt -l internal/poolbridge)"[0m
2026-09-17T05:30:24.7964318Z [36;1mcargo +1.98.1 fmt --manifest-path integration/orchard/Cargo.toml --all -- --check[0m
2026-09-17T05:30:24.7981008Z shell: C:\Program Files\Git\bin\bash.EXE --noprofile --norc -e -o pipefail {0}
2026-09-17T05:30:24.7981397Z env:
2026-09-17T05:30:24.7981571Z   RAYON_NUM_THREADS: 2
2026-09-17T05:30:24.7981768Z   CARGO_BUILD_JOBS: 2
2026-09-17T05:30:24.7982083Z   ZEVUNE_RESOURCE_SOURCE_HEAD: 9e46e03165250c6c51fa7031526d8de1bbdf27d6
2026-09-17T05:30:24.7982443Z   GOTOOLCHAIN: local
2026-09-17T05:30:24.7982632Z ##[endgroup]
2026-09-17T05:30:26.4945026Z ##[group]Run python - <<'PY'
2026-09-17T05:30:26.4945407Z [36;1mpython - <<'PY'[0m
2026-09-17T05:30:26.4945654Z [36;1mimport os, pathlib, subprocess[0m
2026-09-17T05:30:26.4945947Z [36;1mdirectory = pathlib.Path('.ci-build')[0m
2026-09-17T05:30:26.4946245Z [36;1mdirectory.mkdir(exist_ok=True)[0m
2026-09-17T05:30:26.4946623Z [36;1mname = 'payment-resources.test' + ('.exe' if os.name == 'nt' else '')[0m
2026-09-17T05:30:26.4947134Z [36;1msubprocess.run(['go', 'test', '-c', '-mod=readonly', '-tags=payment_resource_e2e',[0m
2026-09-17T05:30:26.4947655Z [36;1m                '-o', str(directory / name), './internal/poolbridge'], check=True)[0m
2026-09-17T05:30:26.4948139Z [36;1msubprocess.run(['go', 'vet', '-mod=readonly', '-tags=payment_resource_e2e',[0m
2026-09-17T05:30:26.4948552Z [36;1m                './internal/poolbridge'], check=True)[0m
2026-09-17T05:30:26.4948838Z [36;1mPY[0m
2026-09-17T05:30:26.4966540Z shell: C:\Program Files\Git\bin\bash.EXE --noprofile --norc -e -o pipefail {0}
2026-09-17T05:30:26.4966926Z env:
2026-09-17T05:30:26.4967095Z   RAYON_NUM_THREADS: 2
2026-09-17T05:30:26.4967285Z   CARGO_BUILD_JOBS: 2
2026-09-17T05:30:26.4967568Z   ZEVUNE_RESOURCE_SOURCE_HEAD: 9e46e03165250c6c51fa7031526d8de1bbdf27d6
2026-09-17T05:30:26.4967905Z   GOTOOLCHAIN: local
2026-09-17T05:30:26.4968097Z ##[endgroup]
2026-09-17T05:30:41.1823670Z ##[group]Run cargo +1.98.1 build --manifest-path integration/orchard/Cargo.toml --locked --release --features local-funding-lab --bins
2026-09-17T05:30:41.1824723Z [36;1mcargo +1.98.1 build --manifest-path integration/orchard/Cargo.toml --locked --release --features local-funding-lab --bins[0m
2026-09-17T05:30:41.1843577Z shell: C:\Program Files\Git\bin\bash.EXE --noprofile --norc -e -o pipefail {0}
2026-09-17T05:30:41.1843981Z env:
2026-09-17T05:30:41.1844180Z   RAYON_NUM_THREADS: 2
2026-09-17T05:30:41.1844384Z   CARGO_BUILD_JOBS: 2
2026-09-17T05:30:41.1844680Z   ZEVUNE_RESOURCE_SOURCE_HEAD: 9e46e03165250c6c51fa7031526d8de1bbdf27d6
2026-09-17T05:30:41.1845030Z   GOTOOLCHAIN: local
2026-09-17T05:30:41.1845224Z ##[endgroup]
2026-09-17T05:30:41.3341781Z     Updating crates.io index
2026-09-17T05:30:41.7991796Z  Downloading crates ...
2026-09-17T05:30:41.8972571Z   Downloaded cpufeatures v0.2.17
2026-09-17T05:30:41.9137999Z   Downloaded aead v0.5.2
2026-09-17T05:30:41.9248155Z   Downloaded cfg-if v1.0.4
2026-09-17T05:30:41.9408235Z   Downloaded base16ct v0.2.0
2026-09-17T05:30:41.9533580Z   Downloaded chacha20 v0.9.1
2026-09-17T05:30:41.9706389Z   Downloaded pin-project-lite v0.2.17
2026-09-17T05:30:42.0336402Z   Downloaded ppv-lite86 v0.2.21
2026-09-17T05:30:42.0454012Z   Downloaded unicode-ident v1.0.24
2026-09-17T05:30:42.0687944Z   Downloaded zeroize v1.9.0
2026-09-17T05:30:42.0807387Z   Downloaded base64ct v1.8.3
2026-09-17T05:30:42.1130124Z   Downloaded cbc v0.1.2
2026-09-17T05:30:42.1271255Z   Downloaded tracing-core v0.1.36
2026-09-17T05:30:42.1552560Z   Downloaded argon2 v0.5.3
2026-09-17T05:30:42.1738157Z   Downloaded cobs v0.3.0
2026-09-17T05:30:42.1870164Z   Downloaded const-crc32-nostd v1.3.1
2026-09-17T05:30:42.1967600Z   Downloaded crossbeam-utils v0.8.23
2026-09-17T05:30:42.2333285Z   Downloaded rayon-core v1.13.0
2026-09-17T05:30:42.2804182Z   Downloaded version_check v0.9.5
2026-09-17T05:30:42.2933517Z   Downloaded chacha20poly1305 v0.10.1
2026-09-17T05:30:42.3084451Z   Downloaded cipher v0.4.4
2026-09-17T05:30:42.3274240Z   Downloaded constant_time_eq v0.4.2
2026-09-17T05:30:42.3484952Z   Downloaded corez v0.1.1
2026-09-17T05:30:42.3692174Z   Downloaded crossbeam-deque v0.8.8
2026-09-17T05:30:42.3818143Z   Downloaded crossbeam-epoch v0.9.21
2026-09-17T05:30:42.4034696Z   Downloaded aes v0.8.4
2026-09-17T05:30:42.4470393Z   Downloaded arrayvec v0.7.8
2026-09-17T05:30:42.4760929Z   Downloaded autocfg v1.5.1
2026-09-17T05:30:42.5059531Z   Downloaded bech32 v0.11.1
2026-09-17T05:30:42.6162414Z   Downloaded tap v1.0.1
2026-09-17T05:30:42.6792982Z   Downloaded thiserror-impl v2.0.20
2026-09-17T05:30:42.7340131Z   Downloaded zcash_spec v0.2.1
2026-09-17T05:30:42.8064175Z   Downloaded tracing-attributes v0.1.31
2026-09-17T05:30:42.9806365Z   Downloaded bls12_381 v0.8.0
2026-09-17T05:30:43.7646897Z   Downloaded universal-hash v0.5.1
2026-09-17T05:30:43.8240229Z   Downloaded zip32 v0.2.1
2026-09-17T05:30:43.9271563Z   Downloaded visibility v0.1.1
2026-09-17T05:30:44.0238099Z   Downloaded wyz v0.5.1
2026-09-17T05:30:44.0981035Z   Downloaded zeroize_derive v1.5.0
2026-09-17T05:30:44.1232400Z   Downloaded thiserror v2.0.20
2026-09-17T05:30:44.4335718Z   Downloaded uint v0.9.5
2026-09-17T05:30:44.4650019Z   Downloaded fpe v0.6.1
2026-09-17T05:30:44.4884210Z   Downloaded zcash_note_encryption v0.4.2
2026-09-17T05:30:44.5588778Z   Downloaded typenum v1.20.1
2026-09-17T05:30:44.7874746Z   Downloaded derive-getters v0.5.0
2026-09-17T05:30:45.0313036Z   Downloaded embedded-io v0.6.1
2026-09-17T05:30:45.1109495Z   Downloaded group v0.13.0
2026-09-17T05:30:45.1907331Z   Downloaded zerocopy v0.8.57
2026-09-17T05:30:45.7309892Z   Downloaded tracing v0.1.44
2026-09-17T05:30:45.8646329Z   Downloaded crunchy v0.2.4
2026-09-17T05:30:45.8773820Z   Downloaded digest v0.10.7
2026-09-17T05:30:45.8959895Z   Downloaded halo2_legacy_pdqsort v0.1.0
2026-09-17T05:30:45.9059782Z   Downloaded hash32 v0.2.1
2026-09-17T05:30:45.9287433Z   Downloaded indexmap v1.9.3
2026-09-17T05:30:46.8221872Z   Downloaded maybe-rayon v0.1.1
2026-09-17T05:30:46.8339764Z   Downloaded nonempty v0.11.0
2026-09-17T05:30:46.8462489Z   Downloaded radium v0.7.0
2026-09-17T05:30:46.8560648Z   Downloaded memuse v0.2.2
2026-09-17T05:30:46.8691078Z   Downloaded byteorder v1.5.0
2026-09-17T05:30:46.8876065Z   Downloaded embedded-io v0.4.0
2026-09-17T05:30:46.9043063Z   Downloaded num-traits v0.2.19
2026-09-17T05:30:46.9341746Z   Downloaded frost-core v3.0.0
2026-09-17T05:30:46.9644413Z   Downloaded serdect v0.2.0
2026-09-17T05:30:46.9841731Z   Downloaded hashbrown v0.12.3
2026-09-17T05:30:47.0126665Z   Downloaded hex v0.4.3
2026-09-17T05:30:47.0314122Z   Downloaded itertools v0.14.0
2026-09-17T05:30:47.1099241Z   Downloaded either v1.18.0
2026-09-17T05:30:47.1282800Z   Downloaded getrandom v0.2.17
2026-09-17T05:30:47.1684831Z   Downloaded funty v2.0.0
2026-09-17T05:30:47.1810988Z   Downloaded spin v0.9.9
2026-09-17T05:30:47.2114378Z   Downloaded inout v0.1.4
2026-09-17T05:30:47.2236755Z   Downloaded poly1305 v0.8.0
2026-09-17T05:30:47.2508526Z   Downloaded getset v0.1.7
2026-09-17T05:30:47.2681610Z   Downloaded postcard v1.1.3
2026-09-17T05:30:47.4648818Z   Downloaded serde_core v1.0.229
2026-09-17T05:30:47.4931741Z   Downloaded blake2b_simd v1.0.5
2026-09-17T05:30:47.5124513Z   Downloaded ff v0.13.1
2026-09-17T05:30:47.5264489Z   Downloaded rand_core v0.6.4
2026-09-17T05:30:47.5387223Z   Downloaded lazy_static v1.5.0
2026-09-17T05:30:47.5606224Z   Downloaded rand_chacha v0.3.1
2026-09-17T05:30:47.5708504Z   Downloaded scopeguard v1.2.0
2026-09-17T05:30:47.5852385Z   Downloaded block-buffer v0.10.4
2026-09-17T05:30:47.6033467Z   Downloaded subtle v2.6.1
2026-09-17T05:30:47.6140702Z   Downloaded halo2_poseidon v0.1.0
2026-09-17T05:30:47.6268420Z   Downloaded generic-array v0.14.7
2026-09-17T05:30:47.6420673Z   Downloaded incrementalmerkletree v0.8.1
2026-09-17T05:30:47.6556285Z   Downloaded opaque-debug v0.3.1
2026-09-17T05:30:47.6647559Z   Downloaded rustc_version v0.4.1
2026-09-17T05:30:47.6788495Z   Downloaded frost-rerandomized v3.0.0
2026-09-17T05:30:47.6870375Z   Downloaded password-hash v0.5.0
2026-09-17T05:30:47.7083069Z   Downloaded stable_deref_trait v1.2.1
2026-09-17T05:30:47.7229370Z   Downloaded crypto-common v0.1.7
2026-09-17T05:30:47.7334579Z   Downloaded document-features v0.2.12
2026-09-17T05:30:47.7458640Z   Downloaded num-integer v0.1.47
2026-09-17T05:30:47.7662529Z   Downloaded proc-macro2 v1.0.107
2026-09-17T05:30:47.8024164Z   Downloaded quote v1.0.47
2026-09-17T05:30:47.8368161Z   Downloaded semver v1.0.28
2026-09-17T05:30:47.8655805Z   Downloaded static_assertions v1.1.0
2026-09-17T05:30:47.8812071Z   Downloaded jubjub v0.10.0
2026-09-17T05:30:47.9152726Z   Downloaded litrs v1.0.0
2026-09-17T05:30:47.9460939Z   Downloaded lock_api v0.4.14
2026-09-17T05:30:47.9596876Z   Downloaded sha2 v0.10.9
2026-09-17T05:30:47.9936741Z   Downloaded blake2 v0.10.6
2026-09-17T05:30:48.0331323Z   Downloaded serde_derive v1.0.229
2026-09-17T05:30:48.0716038Z   Downloaded once_cell v1.21.4
2026-09-17T05:30:48.1018102Z   Downloaded serde v1.0.229
2026-09-17T05:30:48.1303302Z   Downloaded heapless v0.7.17
2026-09-17T05:30:48.9907673Z   Downloaded num-bigint v0.4.8
2026-09-17T05:30:49.0441649Z   Downloaded rand v0.8.5
2026-09-17T05:30:49.0726211Z   Downloaded sinsemilla v0.1.0
2026-09-17T05:30:49.0829955Z   Downloaded libm v0.2.16
2026-09-17T05:30:49.1800483Z   Downloaded reddsa v0.5.2
2026-09-17T05:30:49.2278403Z   Downloaded syn v2.0.119
2026-09-17T05:30:49.3182021Z   Downloaded rayon v1.12.0
2026-09-17T05:30:49.4139065Z   Downloaded halo2_proofs v0.3.5
2026-09-17T05:30:49.4853649Z   Downloaded bitvec v1.1.1
2026-09-17T05:30:49.6479187Z   Downloaded halo2_gadgets v0.5.0
2026-09-17T05:30:49.7396972Z   Downloaded pasta_curves v0.5.2
2026-09-17T05:30:49.7842645Z   Downloaded syn v3.0.5
2026-09-17T05:30:49.8594318Z   Downloaded orchard v0.15.5
2026-09-17T05:30:50.1051629Z    Compiling cfg-if v1.0.4
2026-09-17T05:30:50.1053677Z    Compiling proc-macro2 v1.0.107
2026-09-17T05:30:50.1637574Z    Compiling getrandom v0.2.17
2026-09-17T05:30:50.3634467Z    Compiling rand_core v0.6.4
2026-09-17T05:30:50.6142210Z    Compiling quote v1.0.47
2026-09-17T05:30:52.2989550Z    Compiling unicode-ident v1.0.24
2026-09-17T05:30:52.4296515Z    Compiling subtle v2.6.1
2026-09-17T05:30:52.6093630Z    Compiling version_check v0.9.5
2026-09-17T05:30:53.1866504Z    Compiling generic-array v0.14.7
2026-09-17T05:30:53.2794641Z    Compiling typenum v1.20.1
2026-09-17T05:30:53.4075408Z    Compiling syn v2.0.119
2026-09-17T05:30:54.8011203Z    Compiling crypto-common v0.1.7
2026-09-17T05:30:54.9062154Z    Compiling radium v0.7.0
2026-09-17T05:30:55.1255386Z    Compiling tap v1.0.1
2026-09-17T05:30:55.2050468Z    Compiling wyz v0.5.1
2026-09-17T05:30:55.6085473Z    Compiling autocfg v1.5.1
2026-09-17T05:30:56.0674927Z    Compiling funty v2.0.0
2026-09-17T05:30:57.6044647Z    Compiling zerocopy v0.8.57
2026-09-17T05:30:57.9766156Z    Compiling bitvec v1.1.1
2026-09-17T05:30:59.0232117Z    Compiling zeroize_derive v1.5.0
2026-09-17T05:30:59.6635911Z    Compiling zeroize v1.9.0
2026-09-17T05:31:00.7828182Z    Compiling ff v0.13.1
2026-09-17T05:31:00.9064235Z    Compiling crossbeam-utils v0.8.23
2026-09-17T05:31:01.1703871Z    Compiling arrayvec v0.7.8
2026-09-17T05:31:01.4208174Z    Compiling memuse v0.2.2
2026-09-17T05:31:01.6024459Z    Compiling constant_time_eq v0.4.2
2026-09-17T05:31:01.7788889Z    Compiling blake2b_simd v1.0.5
2026-09-17T05:31:04.0456163Z    Compiling ppv-lite86 v0.2.21
2026-09-17T05:31:04.4154072Z    Compiling crossbeam-epoch v0.9.21
2026-09-17T05:31:05.1452853Z    Compiling rand_chacha v0.3.1
2026-09-17T05:31:05.3274505Z    Compiling group v0.13.0
2026-09-17T05:31:05.5230896Z    Compiling inout v0.1.4
2026-09-17T05:31:05.6244502Z    Compiling static_assertions v1.1.0
2026-09-17T05:31:05.6706496Z    Compiling spin v0.9.9
2026-09-17T05:31:05.7666003Z    Compiling cpufeatures v0.2.17
2026-09-17T05:31:05.8121288Z    Compiling crossbeam-deque v0.8.8
2026-09-17T05:31:05.9889828Z    Compiling lazy_static v1.5.0
2026-09-17T05:31:06.0278045Z    Compiling cipher v0.4.4
2026-09-17T05:31:06.0465823Z    Compiling rand v0.8.5
2026-09-17T05:31:06.7082842Z    Compiling rayon-core v1.13.0
2026-09-17T05:31:06.8679181Z    Compiling pasta_curves v0.5.2
2026-09-17T05:31:07.0748529Z    Compiling num-traits v0.2.19
2026-09-17T05:31:07.2263852Z    Compiling syn v3.0.5
2026-09-17T05:31:09.8952072Z    Compiling either v1.18.0
2026-09-17T05:31:12.3756068Z    Compiling indexmap v1.9.3
2026-09-17T05:31:12.5403552Z    Compiling once_cell v1.21.4
2026-09-17T05:31:12.7500323Z    Compiling serde_core v1.0.229
2026-09-17T05:31:12.9935409Z    Compiling crunchy v0.2.4
2026-09-17T05:31:13.2547304Z    Compiling tracing-core v0.1.36
2026-09-17T05:31:14.6160283Z    Compiling rayon v1.12.0
2026-09-17T05:31:18.2704107Z    Compiling tracing-attributes v0.1.31
2026-09-17T05:31:19.6226414Z    Compiling universal-hash v0.5.1
2026-09-17T05:31:19.7139205Z    Compiling block-buffer v0.10.4
2026-09-17T05:31:19.8223733Z    Compiling thiserror v2.0.20
2026-09-17T05:31:20.1031929Z    Compiling libm v0.2.16
2026-09-17T05:31:20.3705732Z    Compiling pin-project-lite v0.2.17
2026-09-17T05:31:20.4315445Z    Compiling serde v1.0.229
2026-09-17T05:31:20.6755405Z    Compiling byteorder v1.5.0
2026-09-17T05:31:20.9301828Z    Compiling hex v0.4.3
2026-09-17T05:31:21.2133569Z    Compiling hashbrown v0.12.3
2026-09-17T05:31:21.7920957Z    Compiling opaque-debug v0.3.1
2026-09-17T05:31:21.8347631Z    Compiling poly1305 v0.8.0
2026-09-17T05:31:23.1717407Z    Compiling tracing v0.1.44
2026-09-17T05:31:23.6678993Z    Compiling digest v0.10.7
2026-09-17T05:31:23.8811057Z    Compiling num-integer v0.1.47
2026-09-17T05:31:24.5307038Z    Compiling maybe-rayon v0.1.1
2026-09-17T05:31:27.1891677Z    Compiling serde_derive v1.0.229
2026-09-17T05:31:30.4726552Z    Compiling thiserror-impl v2.0.20
2026-09-17T05:31:31.8038210Z    Compiling chacha20 v0.9.1
2026-09-17T05:31:32.0059556Z    Compiling bls12_381 v0.8.0
2026-09-17T05:31:32.6468529Z    Compiling aead v0.5.2
2026-09-17T05:31:32.8014706Z    Compiling halo2_legacy_pdqsort v0.1.0
2026-09-17T05:31:32.9223739Z    Compiling halo2_proofs v0.3.5
2026-09-17T05:31:39.6509915Z    Compiling chacha20poly1305 v0.10.1
2026-09-17T05:31:39.7542436Z    Compiling jubjub v0.10.0
2026-09-17T05:31:45.2193981Z    Compiling uint v0.9.5
2026-09-17T05:31:45.3340028Z    Compiling num-bigint v0.4.8
2026-09-17T05:31:47.8873334Z    Compiling halo2_poseidon v0.1.0
2026-09-17T05:31:48.8646508Z    Compiling sinsemilla v0.1.0
2026-09-17T05:31:50.3592678Z    Compiling cbc v0.1.2
2026-09-17T05:31:50.4622999Z    Compiling zcash_spec v0.2.1
2026-09-17T05:31:50.5634675Z    Compiling bech32 v0.11.1
2026-09-17T05:31:51.1083438Z    Compiling base64ct v1.8.3
2026-09-17T05:31:51.3635249Z    Compiling password-hash v0.5.0
2026-09-17T05:31:51.4209792Z    Compiling zip32 v0.2.1
2026-09-17T05:31:51.9630596Z    Compiling fpe v0.6.1
2026-09-17T05:31:52.6747857Z    Compiling halo2_gadgets v0.5.0
2026-09-17T05:31:53.1790790Z    Compiling reddsa v0.5.2
2026-09-17T05:31:53.6501674Z    Compiling zcash_note_encryption v0.4.2
2026-09-17T05:31:53.8965367Z    Compiling blake2 v0.10.6
2026-09-17T05:31:54.5187672Z    Compiling incrementalmerkletree v0.8.1
2026-09-17T05:31:54.7424541Z    Compiling aes v0.8.4
2026-09-17T05:31:56.0935393Z    Compiling visibility v0.1.1
2026-09-17T05:31:56.3642020Z    Compiling getset v0.1.7
2026-09-17T05:31:56.9478810Z    Compiling nonempty v0.11.0
2026-09-17T05:31:57.0988970Z    Compiling corez v0.1.1
2026-09-17T05:31:57.1450702Z    Compiling argon2 v0.5.3
2026-09-17T05:31:58.6202142Z    Compiling orchard v0.15.5
2026-09-17T05:32:01.2604521Z    Compiling sha2 v0.10.9
2026-09-17T05:32:03.4989495Z    Compiling zevune-orchard-lab v0.1.0 (D:\a\Zevune\Zevune\integration\orchard)
2026-09-17T05:32:56.7432817Z     Finished `release` profile [optimized] target(s) in 2m 15s
2026-09-17T05:32:56.7918412Z ##[group]Run python - <<'PY'
2026-09-17T05:32:56.7918770Z [36;1mpython - <<'PY'[0m
2026-09-17T05:32:56.7919036Z [36;1mimport os, pathlib, subprocess, sys[0m
2026-09-17T05:32:56.7919360Z [36;1msuffix = '.exe' if os.name == 'nt' else ''[0m
2026-09-17T05:32:56.7919655Z [36;1mroot = pathlib.Path.cwd()[0m
2026-09-17T05:32:56.7919972Z [36;1mbinaries = root / 'integration/orchard/target/release'[0m
2026-09-17T05:32:56.7920325Z [36;1msubprocess.run([[0m
2026-09-17T05:32:56.7920623Z [36;1m    sys.executable, 'scripts/check_payment_resources.py',[0m
2026-09-17T05:32:56.7921141Z [36;1m    '--test-executable', str(root / '.ci-build' / ('payment-resources.test' + suffix)),[0m
2026-09-17T05:32:56.7921647Z [36;1m    '--worker', str(binaries / ('zevune-pool-worker' + suffix)),[0m
2026-09-17T05:32:56.7922091Z [36;1m    '--scenario', str(binaries / ('zevune-funded-scenario' + suffix)),[0m
2026-09-17T05:32:56.7922563Z [36;1m    '--output', str(root / 'ci-results/payment-resources.json'),[0m
2026-09-17T05:32:56.7922897Z [36;1m], check=True)[0m
2026-09-17T05:32:56.7923098Z [36;1mPY[0m
2026-09-17T05:32:56.7939444Z shell: C:\Program Files\Git\bin\bash.EXE --noprofile --norc -e -o pipefail {0}
2026-09-17T05:32:56.7939843Z env:
2026-09-17T05:32:56.7940021Z   RAYON_NUM_THREADS: 2
2026-09-17T05:32:56.7940223Z   CARGO_BUILD_JOBS: 2
2026-09-17T05:32:56.7940521Z   ZEVUNE_RESOURCE_SOURCE_HEAD: 9e46e03165250c6c51fa7031526d8de1bbdf27d6
2026-09-17T05:32:56.7940869Z   GOTOOLCHAIN: local
2026-09-17T05:32:56.7941076Z ##[endgroup]
2026-09-17T05:32:57.8643990Z === RUN   TestActivePaymentResources32AndRecovery
2026-09-17T05:35:38.3816910Z     payment_resource_e2e_test.go:760: real resource scenario exchange failed
2026-09-17T05:35:38.3866758Z     payment_resource_e2e_test.go:677: resource scenario did not exit successfully
2026-09-17T05:35:38.3925123Z --- FAIL: TestActivePaymentResources32AndRecovery (160.53s)
2026-09-17T05:35:38.3927442Z FAIL
2026-09-17T05:35:39.2050064Z PAYMENT_RESOURCE_RESULT failed
2026-09-17T05:35:39.2175540Z Traceback (most recent call last):
2026-09-17T05:35:39.2176070Z   File "<stdin>", line 5, in <module>
2026-09-17T05:35:39.2176567Z   File "C:\hostedtoolcache\windows\Python\3.12.10\x64\Lib\subprocess.py", line 571, in run
2026-09-17T05:35:39.5549147Z     raise CalledProcessError(retcode, process.args,
2026-09-17T05:35:39.6183697Z subprocess.CalledProcessError: Command '['C:\\hostedtoolcache\\windows\\Python\\3.12.10\\x64\\python.exe', 'scripts/check_payment_resources.py', '--test-executable', 'D:\\a\\Zevune\\Zevune\\.ci-build\\payment-resources.test.exe', '--worker', 'D:\\a\\Zevune\\Zevune\\integration\\orchard\\target\\release\\zevune-pool-worker.exe', '--scenario', 'D:\\a\\Zevune\\Zevune\\integration\\orchard\\target\\release\\zevune-funded-scenario.exe', '--output', 'D:\\a\\Zevune\\Zevune\\ci-results\\payment-resources.json']' returned non-zero exit status 1.
2026-09-17T05:35:39.6321704Z ##[error]Process completed with exit code 1.
2026-09-17T05:35:39.6623016Z Node 20 is being deprecated. This workflow is running with Node 24 by default. If you need to temporarily use Node 20, you can set the ACTIONS_ALLOW_USE_UNSECURE_NODE_VERSION=true environment variable. For more information see: https://github.blog/changelog/2025-09-19-deprecation-of-node-20-on-github-actions-runners/
2026-09-17T05:35:39.6624650Z ##[group]Run actions/upload-artifact@ea165f8d65b6e75b540449e92b4886f43607fa02
2026-09-17T05:35:39.6625102Z with:
2026-09-17T05:35:39.6625530Z   name: payment-resources-windows-latest-f38a9a1a1d40bf650a25eea6b689c618f10d9121
2026-09-17T05:35:39.6626478Z   path: ci-results/payment-resource-setup.json
ci-results/payment-resources.json

2026-09-17T05:35:39.6626971Z   if-no-files-found: error
2026-09-17T05:35:39.6627257Z   retention-days: 14
2026-09-17T05:35:39.6627527Z   compression-level: 6
2026-09-17T05:35:39.6627817Z   overwrite: false
2026-09-17T05:35:39.6628086Z   include-hidden-files: false
2026-09-17T05:35:39.6628372Z env:
2026-09-17T05:35:39.6628662Z   RAYON_NUM_THREADS: 2
2026-09-17T05:35:39.6628901Z   CARGO_BUILD_JOBS: 2
2026-09-17T05:35:39.6629233Z   ZEVUNE_RESOURCE_SOURCE_HEAD: 9e46e03165250c6c51fa7031526d8de1bbdf27d6
2026-09-17T05:35:39.6629611Z   GOTOOLCHAIN: local
2026-09-17T05:35:39.6629859Z ##[endgroup]
2026-09-17T05:35:39.8733984Z (node:1828) [DEP0040] DeprecationWarning: The `punycode` module is deprecated. Please use a userland alternative instead.
2026-09-17T05:35:39.8735218Z (Use `node --trace-deprecation ...` to show where the warning was created)
2026-09-17T05:35:39.8806622Z Multiple search paths detected. Calculating the least common ancestor of all paths
2026-09-17T05:35:39.8810664Z The least common ancestor is D:\a\Zevune\Zevune\ci-results. This will be the root directory of the artifact
2026-09-17T05:35:39.8811685Z With the provided path, there will be 2 files uploaded
2026-09-17T05:35:39.8816759Z Artifact name is valid!
2026-09-17T05:35:39.8819502Z Root directory input is valid!
2026-09-17T05:35:40.2979467Z Beginning upload of artifact content to blob storage
2026-09-17T05:35:40.3237445Z (node:1828) [DEP0169] DeprecationWarning: `url.parse()` behavior is not standardized and prone to errors that have security implications. Use the WHATWG URL API instead. CVEs are not issued for `url.parse()` vulnerabilities.
2026-09-17T05:35:40.6192161Z Uploaded bytes 5638
2026-09-17T05:35:40.7087117Z Finished uploading artifact content to blob storage!
2026-09-17T05:35:40.7088956Z SHA256 digest of uploaded artifact zip is 9e0387b95c29d535ea3d6066825234af0f6fac89788b7269d3dfd9d2dc92bb98
2026-09-17T05:35:40.7091512Z Finalizing artifact upload
2026-09-17T05:35:41.1608925Z Artifact payment-resources-windows-latest-f38a9a1a1d40bf650a25eea6b689c618f10d9121.zip successfully finalized. Artifact ID 10482372364
2026-09-17T05:35:41.1610898Z Artifact payment-resources-windows-latest-f38a9a1a1d40bf650a25eea6b689c618f10d9121 has been successfully uploaded! Final size is 5638 bytes. Artifact ID is 10482372364
2026-09-17T05:35:41.1620200Z Artifact download URL: https://github.com/youq616/Zevune/actions/runs/35185652786/artifacts/10482372364
2026-09-17T05:35:41.1995010Z Post job cleanup.
2026-09-17T05:35:41.4307270Z [command]"C:\Program Files\Git\bin\git.exe" version
2026-09-17T05:35:41.4602326Z git version 2.55.0.windows.5
2026-09-17T05:35:41.4678252Z Temporarily overriding HOME='D:\a\_temp\1b2f853b-ce51-4dcf-8ae7-dc6321c33dcf' before making global git config changes
2026-09-17T05:35:41.4679557Z Adding repository directory to the temporary git global config as a safe directory
2026-09-17T05:35:41.4688849Z [command]"C:\Program Files\Git\bin\git.exe" config --global --add safe.directory D:\a\Zevune\Zevune
2026-09-17T05:35:41.5020922Z [command]"C:\Program Files\Git\bin\git.exe" config --local --name-only --get-regexp core\.sshCommand
2026-09-17T05:35:41.5328583Z [command]"C:\Program Files\Git\bin\git.exe" submodule foreach --recursive "sh -c \"git config --local --name-only --get-regexp 'core\.sshCommand' && git config --local --unset-all 'core.sshCommand' || :\""
2026-09-17T05:35:42.1968146Z [command]"C:\Program Files\Git\bin\git.exe" config --local --name-only --get-regexp http\.https\:\/\/github\.com\/\.extraheader
2026-09-17T05:35:42.2297346Z [command]"C:\Program Files\Git\bin\git.exe" submodule foreach --recursive "sh -c \"git config --local --name-only --get-regexp 'http\.https\:\/\/github\.com\/\.extraheader' && git config --local --unset-all 'http.https://github.com/.extraheader' || :\""
2026-09-17T05:35:42.9594297Z Cleaning up orphan processes
2026-09-17T05:35:43.0132577Z Terminate orphan process: pid (9056) (vctip)
2026-09-17T05:35:43.0512424Z ##[warning]Node.js 20 is deprecated. The following actions target Node.js 20 but are being forced to run on Node.js 24: actions/setup-go@44694675825211faa026b3c33043df3e48a5fa00, actions/upload-artifact@ea165f8d65b6e75b540449e92b4886f43607fa02. For more information see: https://github.blog/changelog/2025-09-19-deprecation-of-node-20-on-github-actions-runners/
