2026-09-17T05:27:41.6862292Z Current runner version: '2.337.0'
2026-09-17T05:27:41.6889835Z ##[group]Runner Image Provisioner
2026-09-17T05:27:41.6890686Z Hosted Compute Agent
2026-09-17T05:27:41.6891243Z Version: 20260828.587
2026-09-17T05:27:41.6891882Z Commit: abac92662cab4cc7352de4f9f9d2e2419aad9c29
2026-09-17T05:27:41.6892588Z Build Date: 2026-08-28T16:44:25Z
2026-09-17T05:27:41.6893238Z Worker ID: {6309b94e-c4d0-4875-a577-7ece4b14d438}
2026-09-17T05:27:41.6893917Z Azure Region: eastus
2026-09-17T05:27:41.6894493Z ##[endgroup]
2026-09-17T05:27:41.6895859Z ##[group]Operating System
2026-09-17T05:27:41.6896494Z Microsoft Windows Server 2025
2026-09-17T05:27:41.6897069Z 10.0.26100
2026-09-17T05:27:41.6897624Z Datacenter
2026-09-17T05:27:41.6898117Z ##[endgroup]
2026-09-17T05:27:41.6898625Z ##[group]Runner Image
2026-09-17T05:27:41.6899183Z Image: windows-2025-vs2026
2026-09-17T05:27:41.6899738Z Version: 20260907.229.1
2026-09-17T05:27:41.6901176Z Included Software: https://github.com/actions/runner-images/blob/win25-vs2026/20260907.229/images/windows/Windows2025-VS2026-Readme.md
2026-09-17T05:27:41.6902788Z Image Release: https://github.com/actions/runner-images/releases/tag/win25-vs2026%2F20260907.229
2026-09-17T05:27:41.6903773Z ##[endgroup]
2026-09-17T05:27:41.6904848Z ##[group]GITHUB_TOKEN Permissions
2026-09-17T05:27:41.6907115Z Contents: read
2026-09-17T05:27:41.6907714Z Metadata: read
2026-09-17T05:27:41.6908294Z ##[endgroup]
2026-09-17T05:27:41.6910430Z Secret source: Actions
2026-09-17T05:27:41.6911372Z Cache mode: write
2026-09-17T05:27:41.6912047Z Prepare workflow directory
2026-09-17T05:27:41.7450447Z Prepare all required actions
2026-09-17T05:27:41.7514686Z Getting action download info
2026-09-17T05:27:41.8918866Z Download action repository 'actions/checkout@08c6903cd8c0fde910a37f88322edcfb5dd907a8' (SHA:08c6903cd8c0fde910a37f88322edcfb5dd907a8)
2026-09-17T05:27:42.0373263Z Download action repository 'actions/setup-go@44694675825211faa026b3c33043df3e48a5fa00' (SHA:44694675825211faa026b3c33043df3e48a5fa00)
2026-09-17T05:27:42.5836452Z Download action repository 'actions/upload-artifact@ea165f8d65b6e75b540449e92b4886f43607fa02' (SHA:ea165f8d65b6e75b540449e92b4886f43607fa02)
2026-09-17T05:27:42.9377715Z Complete job name: resources (windows-latest)
2026-09-17T05:27:43.1104765Z ##[group]Run actions/checkout@08c6903cd8c0fde910a37f88322edcfb5dd907a8
2026-09-17T05:27:43.1106336Z with:
2026-09-17T05:27:43.1106957Z   persist-credentials: false
2026-09-17T05:27:43.1108002Z   fetch-depth: 2
2026-09-17T05:27:43.1108639Z   repository: youq616/Zevune
2026-09-17T05:27:43.1113136Z   token: ***
2026-09-17T05:27:43.1113675Z   ssh-strict: true
2026-09-17T05:27:43.1114255Z   ssh-user: git
2026-09-17T05:27:43.1114793Z   clean: true
2026-09-17T05:27:43.1115343Z   sparse-checkout-cone-mode: true
2026-09-17T05:27:43.1116024Z   fetch-tags: false
2026-09-17T05:27:43.1116614Z   show-progress: true
2026-09-17T05:27:43.1117257Z   lfs: false
2026-09-17T05:27:43.1117792Z   submodules: false
2026-09-17T05:27:43.1118399Z   set-safe-directory: true
2026-09-17T05:27:43.1119315Z env:
2026-09-17T05:27:43.1119853Z   RAYON_NUM_THREADS: 2
2026-09-17T05:27:43.1120456Z   CARGO_BUILD_JOBS: 2
2026-09-17T05:27:43.1121339Z   ZEVUNE_RESOURCE_SOURCE_HEAD: b6df89561eb6f2a75ed6fdc630e38d366d299f44
2026-09-17T05:27:43.1122251Z ##[endgroup]
2026-09-17T05:27:43.2716909Z Syncing repository: youq616/Zevune
2026-09-17T05:27:43.2720388Z ##[group]Getting Git version info
2026-09-17T05:27:43.2721810Z Working directory is 'D:\a\Zevune\Zevune'
2026-09-17T05:27:43.3901337Z [command]"C:\Program Files\Git\bin\git.exe" version
2026-09-17T05:27:43.7715269Z git version 2.55.0.windows.5
2026-09-17T05:27:43.7775402Z ##[endgroup]
2026-09-17T05:27:43.7807416Z Temporarily overriding HOME='D:\a\_temp\84388c6a-f48e-45ef-972a-a34bcd100d59' before making global git config changes
2026-09-17T05:27:43.7812360Z Adding repository directory to the temporary git global config as a safe directory
2026-09-17T05:27:43.7816518Z [command]"C:\Program Files\Git\bin\git.exe" config --global --add safe.directory D:\a\Zevune\Zevune
2026-09-17T05:27:44.3414814Z Deleting the contents of 'D:\a\Zevune\Zevune'
2026-09-17T05:27:44.3422291Z ##[group]Initializing the repository
2026-09-17T05:27:44.3431190Z [command]"C:\Program Files\Git\bin\git.exe" init D:\a\Zevune\Zevune
2026-09-17T05:27:48.2395581Z Initialized empty Git repository in D:/a/Zevune/Zevune/.git/
2026-09-17T05:27:48.2444971Z [command]"C:\Program Files\Git\bin\git.exe" remote add origin https://github.com/youq616/Zevune
2026-09-17T05:27:50.3805301Z ##[endgroup]
2026-09-17T05:27:50.3805808Z ##[group]Disabling automatic garbage collection
2026-09-17T05:27:50.3819799Z [command]"C:\Program Files\Git\bin\git.exe" config --local gc.auto 0
2026-09-17T05:27:50.4142844Z ##[endgroup]
2026-09-17T05:27:50.4143616Z ##[group]Setting up auth
2026-09-17T05:27:50.4156520Z [command]"C:\Program Files\Git\bin\git.exe" config --local --name-only --get-regexp core\.sshCommand
2026-09-17T05:27:50.4500481Z [command]"C:\Program Files\Git\bin\git.exe" submodule foreach --recursive "sh -c \"git config --local --name-only --get-regexp 'core\.sshCommand' && git config --local --unset-all 'core.sshCommand' || :\""
2026-09-17T05:27:55.1755500Z [command]"C:\Program Files\Git\bin\git.exe" config --local --name-only --get-regexp http\.https\:\/\/github\.com\/\.extraheader
2026-09-17T05:27:55.2068955Z [command]"C:\Program Files\Git\bin\git.exe" submodule foreach --recursive "sh -c \"git config --local --name-only --get-regexp 'http\.https\:\/\/github\.com\/\.extraheader' && git config --local --unset-all 'http.https://github.com/.extraheader' || :\""
2026-09-17T05:27:55.7301151Z [command]"C:\Program Files\Git\bin\git.exe" config --local http.https://github.com/.extraheader "AUTHORIZATION: basic ***"
2026-09-17T05:27:55.7603971Z ##[endgroup]
2026-09-17T05:27:55.7604791Z ##[group]Fetching the repository
2026-09-17T05:27:55.7618572Z [command]"C:\Program Files\Git\bin\git.exe" -c protocol.version=2 fetch --no-tags --prune --no-recurse-submodules --depth=2 origin +dd5393aecf4d9071270ef07ef75961a8da43eb45:refs/remotes/pull/11/merge
2026-09-17T05:27:57.1986223Z From https://github.com/youq616/Zevune
2026-09-17T05:27:57.1990241Z  * [new ref]         dd5393aecf4d9071270ef07ef75961a8da43eb45 -> pull/11/merge
2026-09-17T05:27:57.2037157Z ##[endgroup]
2026-09-17T05:27:57.2037724Z ##[group]Determining the checkout info
2026-09-17T05:27:57.2040494Z ##[endgroup]
2026-09-17T05:27:57.2055445Z [command]"C:\Program Files\Git\bin\git.exe" sparse-checkout disable
2026-09-17T05:27:57.2534229Z [command]"C:\Program Files\Git\bin\git.exe" config --local --unset-all extensions.worktreeConfig
2026-09-17T05:27:57.2825625Z ##[group]Checking out the ref
2026-09-17T05:27:57.2838933Z [command]"C:\Program Files\Git\bin\git.exe" checkout --progress --force refs/remotes/pull/11/merge
2026-09-17T05:27:57.4156074Z Note: switching to 'refs/remotes/pull/11/merge'.
2026-09-17T05:27:57.4156683Z 
2026-09-17T05:27:57.4157019Z You are in 'detached HEAD' state. You can look around, make experimental
2026-09-17T05:27:57.4158932Z changes and commit them, and you can discard any commits you make in this
2026-09-17T05:27:57.4160311Z state without impacting any branches by switching back to a branch.
2026-09-17T05:27:57.4160901Z 
2026-09-17T05:27:57.4161253Z If you want to create a new branch to retain commits you create, you may
2026-09-17T05:27:57.4162544Z do so (now or later) by using -c with the switch command. Example:
2026-09-17T05:27:57.4163250Z 
2026-09-17T05:27:57.4163489Z   git switch -c <new-branch-name>
2026-09-17T05:27:57.4163777Z 
2026-09-17T05:27:57.4163930Z Or undo this operation with:
2026-09-17T05:27:57.4164190Z 
2026-09-17T05:27:57.4164309Z   git switch -
2026-09-17T05:27:57.4164493Z 
2026-09-17T05:27:57.4164837Z Turn off this advice by setting config variable advice.detachedHead to false
2026-09-17T05:27:57.4165355Z 
2026-09-17T05:27:57.4165797Z HEAD is now at dd5393a Merge b6df89561eb6f2a75ed6fdc630e38d366d299f44 into 8324ec8bd153d9502e3e6761d25bfe281a5f3b44
2026-09-17T05:27:57.4277828Z ##[endgroup]
2026-09-17T05:27:57.4717393Z [command]"C:\Program Files\Git\bin\git.exe" log -1 --format=%H
2026-09-17T05:27:57.4980385Z dd5393aecf4d9071270ef07ef75961a8da43eb45
2026-09-17T05:27:57.5023689Z ##[group]Removing auth
2026-09-17T05:27:57.5031709Z [command]"C:\Program Files\Git\bin\git.exe" config --local --name-only --get-regexp core\.sshCommand
2026-09-17T05:27:57.5325161Z [command]"C:\Program Files\Git\bin\git.exe" submodule foreach --recursive "sh -c \"git config --local --name-only --get-regexp 'core\.sshCommand' && git config --local --unset-all 'core.sshCommand' || :\""
2026-09-17T05:27:58.0735946Z [command]"C:\Program Files\Git\bin\git.exe" config --local --name-only --get-regexp http\.https\:\/\/github\.com\/\.extraheader
2026-09-17T05:27:58.0991245Z http.https://github.com/.extraheader
2026-09-17T05:27:58.1034408Z [command]"C:\Program Files\Git\bin\git.exe" config --local --unset-all http.https://github.com/.extraheader
2026-09-17T05:27:58.1340994Z [command]"C:\Program Files\Git\bin\git.exe" submodule foreach --recursive "sh -c \"git config --local --name-only --get-regexp 'http\.https\:\/\/github\.com\/\.extraheader' && git config --local --unset-all 'http.https://github.com/.extraheader' || :\""
2026-09-17T05:27:58.6447962Z ##[endgroup]
2026-09-17T05:27:58.6830501Z ##[group]Run python - <<'PY'
2026-09-17T05:27:58.6830929Z [36;1mpython - <<'PY'[0m
2026-09-17T05:27:58.6831246Z [36;1mimport datetime, json, os, pathlib, subprocess[0m
2026-09-17T05:27:58.6831554Z [36;1mdef git(*args):[0m
2026-09-17T05:27:58.6831885Z [36;1m    return subprocess.check_output(['git', *args], text=True).strip()[0m
2026-09-17T05:27:58.6832287Z [36;1moutput = pathlib.Path('ci-results')[0m
2026-09-17T05:27:58.6832565Z [36;1moutput.mkdir(exist_ok=True)[0m
2026-09-17T05:27:58.6832799Z [36;1msnapshot = {[0m
2026-09-17T05:27:58.6833007Z [36;1m    'schema_version': 1,[0m
2026-09-17T05:27:58.6833273Z [36;1m    'kind': 'workflow_setup_observation',[0m
2026-09-17T05:27:58.6833709Z [36;1m    'observed_at': datetime.datetime.now(datetime.timezone.utc).isoformat(),[0m
2026-09-17T05:27:58.6834202Z [36;1m    'source_head': os.environ['ZEVUNE_RESOURCE_SOURCE_HEAD'],[0m
2026-09-17T05:27:58.6834612Z [36;1m    'checkout_commit': git('rev-parse', 'HEAD'),[0m
2026-09-17T05:27:58.6834953Z [36;1m    'checkout_tree': git('rev-parse', 'HEAD^{tree}'),[0m
2026-09-17T05:27:58.6835293Z [36;1m    'observed_execution_status': 'not_started',[0m
2026-09-17T05:27:58.6835794Z [36;1m    'scope': 'initial observation only; final workflow steps and resource result determine completion',[0m
2026-09-17T05:27:58.6836248Z [36;1m}[0m
2026-09-17T05:27:58.6836578Z [36;1mwith (output / 'payment-resource-setup.json').open('x', encoding='utf-8') as f:[0m
2026-09-17T05:27:58.6837029Z [36;1m    json.dump(snapshot, f, indent=2)[0m
2026-09-17T05:27:58.6837299Z [36;1m    f.write('\n')[0m
2026-09-17T05:27:58.6837494Z [36;1mPY[0m
2026-09-17T05:27:58.6857801Z shell: C:\Program Files\Git\bin\bash.EXE --noprofile --norc -e -o pipefail {0}
2026-09-17T05:27:58.6858215Z env:
2026-09-17T05:27:58.6858385Z   RAYON_NUM_THREADS: 2
2026-09-17T05:27:58.6858595Z   CARGO_BUILD_JOBS: 2
2026-09-17T05:27:58.6858906Z   ZEVUNE_RESOURCE_SOURCE_HEAD: b6df89561eb6f2a75ed6fdc630e38d366d299f44
2026-09-17T05:27:58.6859255Z ##[endgroup]
2026-09-17T05:27:59.9941752Z Node 20 is being deprecated. This workflow is running with Node 24 by default. If you need to temporarily use Node 20, you can set the ACTIONS_ALLOW_USE_UNSECURE_NODE_VERSION=true environment variable. For more information see: https://github.blog/changelog/2025-09-19-deprecation-of-node-20-on-github-actions-runners/
2026-09-17T05:27:59.9943563Z ##[group]Run actions/setup-go@44694675825211faa026b3c33043df3e48a5fa00
2026-09-17T05:27:59.9943900Z with:
2026-09-17T05:27:59.9944066Z   go-version: 1.27.1
2026-09-17T05:27:59.9944263Z   cache: false
2026-09-17T05:27:59.9944439Z   check-latest: false
2026-09-17T05:27:59.9947380Z   token: ***
2026-09-17T05:27:59.9947552Z env:
2026-09-17T05:27:59.9947708Z   RAYON_NUM_THREADS: 2
2026-09-17T05:27:59.9947893Z   CARGO_BUILD_JOBS: 2
2026-09-17T05:27:59.9948179Z   ZEVUNE_RESOURCE_SOURCE_HEAD: b6df89561eb6f2a75ed6fdc630e38d366d299f44
2026-09-17T05:27:59.9948521Z ##[endgroup]
2026-09-17T05:28:00.1543904Z Setup go version spec 1.27.1
2026-09-17T05:28:00.1558039Z Attempting to download 1.27.1...
2026-09-17T05:28:00.1778118Z (node:7096) [DEP0040] DeprecationWarning: The `punycode` module is deprecated. Please use a userland alternative instead.
2026-09-17T05:28:00.1779293Z (Use `node --trace-deprecation ...` to show where the warning was created)
2026-09-17T05:28:00.6292929Z matching 1.27.1...
2026-09-17T05:28:00.6324056Z Acquiring 1.27.1 from https://github.com/actions/go-versions/releases/download/1.27.1-33583469715/go-1.27.1-win32-x64.zip
2026-09-17T05:28:01.2779789Z Extracting Go...
2026-09-17T05:28:01.4149447Z [command]"C:\Program Files\PowerShell\7\pwsh.exe" -NoLogo -NoProfile -NonInteractive -ExecutionPolicy Unrestricted -Command "$ErrorActionPreference = 'Stop' ; try { Add-Type -AssemblyName System.IO.Compression.ZipFile } catch { } ; try { [System.IO.Compression.ZipFile]::ExtractToDirectory('D:\a\_temp\go-1.27.1-win32-x64.zip', 'D:\a\_temp\ac2c760e-6bae-47d6-90e8-c74f01286f1b', $true) } catch { if (($_.Exception.GetType().FullName -eq 'System.Management.Automation.MethodException') -or ($_.Exception.GetType().FullName -eq 'System.Management.Automation.RuntimeException') ){ Expand-Archive -LiteralPath 'D:\a\_temp\go-1.27.1-win32-x64.zip' -DestinationPath 'D:\a\_temp\ac2c760e-6bae-47d6-90e8-c74f01286f1b' -Force } else { throw $_ } } ;"
2026-09-17T05:28:06.8920115Z Successfully extracted go to D:\a\_temp\ac2c760e-6bae-47d6-90e8-c74f01286f1b
2026-09-17T05:28:06.8920551Z Adding to the cache ...
2026-09-17T05:28:18.6061166Z Created link C:\hostedtoolcache\windows\go\1.27.1\x64 => D:\hostedtoolcache\windows\go\1.27.1\x64
2026-09-17T05:28:18.6065132Z Created link C:\hostedtoolcache\windows\go\1.27.1\x64.complete => D:\hostedtoolcache\windows\go\1.27.1\x64.complete
2026-09-17T05:28:18.6066982Z Successfully cached go to C:\hostedtoolcache\windows\go\1.27.1\x64
2026-09-17T05:28:18.6073311Z Added go to the path
2026-09-17T05:28:18.6075820Z Successfully set up Go version 1.27.1
2026-09-17T05:28:18.8817082Z go version go1.27.1 windows/amd64
2026-09-17T05:28:18.8817305Z 
2026-09-17T05:28:18.8817568Z ##[group]go env
2026-09-17T05:28:22.2152448Z set AR=ar
2026-09-17T05:28:22.2152800Z set CC=gcc
2026-09-17T05:28:22.2153148Z set CGO_CFLAGS=-O2 -g
2026-09-17T05:28:22.2153577Z set CGO_CPPFLAGS=
2026-09-17T05:28:22.2153864Z set CGO_CXXFLAGS=-O2 -g
2026-09-17T05:28:22.2154373Z set CGO_ENABLED=1
2026-09-17T05:28:22.2154800Z set CGO_FFLAGS=-O2 -g
2026-09-17T05:28:22.2155142Z set CGO_LDFLAGS=-O2 -g
2026-09-17T05:28:22.2155441Z set CXX=g++
2026-09-17T05:28:22.2155682Z set GCCGO=gccgo
2026-09-17T05:28:22.2155947Z set GO111MODULE=
2026-09-17T05:28:22.2156232Z set GOAMD64=v1
2026-09-17T05:28:22.2156544Z set GOARCH=amd64
2026-09-17T05:28:22.2156817Z set GOAUTH=netrc
2026-09-17T05:28:22.2157143Z set GOBIN=C:\Users\runneradmin\go\bin
2026-09-17T05:28:22.2157663Z set GOCACHE=C:\Users\runneradmin\AppData\Local\go-build
2026-09-17T05:28:22.2158663Z set GOCACHEPROG=
2026-09-17T05:28:22.2158958Z set GODEBUG=
2026-09-17T05:28:22.2161355Z set GOENV=C:\Users\runneradmin\AppData\Roaming\go\env
2026-09-17T05:28:22.2161896Z set GOEXE=.exe
2026-09-17T05:28:22.2162174Z set GOEXPERIMENT=
2026-09-17T05:28:22.2162454Z set GOFIPS140=off
2026-09-17T05:28:22.2162721Z set GOFLAGS=
2026-09-17T05:28:22.2163945Z set GOGCCFLAGS=-m64 -pthread -Wl,--no-gc-sections -fmessage-length=0 -ffile-prefix-map=C:\Users\RUNNER~1\AppData\Local\Temp\go-build1301024407=/tmp/go-build -gno-record-gcc-switches
2026-09-17T05:28:22.2165164Z set GOHOSTARCH=amd64
2026-09-17T05:28:22.2165457Z set GOHOSTOS=windows
2026-09-17T05:28:22.2165739Z set GOINSECURE=
2026-09-17T05:28:22.2166045Z set GOMOD=D:\a\Zevune\Zevune\go.mod
2026-09-17T05:28:22.2166727Z set GOMODCACHE=C:\Users\runneradmin\go\pkg\mod
2026-09-17T05:28:22.2167172Z set GONOPROXY=
2026-09-17T05:28:22.2167427Z set GONOSUMDB=
2026-09-17T05:28:22.2167680Z set GOOS=windows
2026-09-17T05:28:22.2167972Z set GOPACKAGESDRIVER=
2026-09-17T05:28:22.2168352Z set GOPATH=C:\Users\runneradmin\go
2026-09-17T05:28:22.2168745Z set GOPRIVATE=
2026-09-17T05:28:22.2169093Z set GOPROXY=https://proxy.golang.org,direct
2026-09-17T05:28:22.2169592Z set GOROOT=C:\hostedtoolcache\windows\go\1.27.1\x64
2026-09-17T05:28:22.2170046Z set GOSUMDB=sum.golang.org
2026-09-17T05:28:22.2170369Z set GOTELEMETRY=local
2026-09-17T05:28:22.2170836Z set GOTELEMETRYDIR=C:\Users\runneradmin\AppData\Roaming\go\telemetry
2026-09-17T05:28:22.2171377Z set GOTMPDIR=
2026-09-17T05:28:22.2171637Z set GOTOOLCHAIN=local
2026-09-17T05:28:22.2172144Z set GOTOOLDIR=C:\hostedtoolcache\windows\go\1.27.1\x64\pkg\tool\windows_amd64
2026-09-17T05:28:22.2172722Z set GOVCS=
2026-09-17T05:28:22.2172975Z set GOVERSION=go1.27.1
2026-09-17T05:28:22.2173281Z set GOWORK=
2026-09-17T05:28:22.2173590Z set PKG_CONFIG=pkg-config
2026-09-17T05:28:22.2173811Z 
2026-09-17T05:28:22.2174209Z ##[endgroup]
2026-09-17T05:28:22.2486015Z ##[group]Run rustup toolchain install 1.98.1 --profile minimal --component rustfmt
2026-09-17T05:28:22.2486666Z [36;1mrustup toolchain install 1.98.1 --profile minimal --component rustfmt[0m
2026-09-17T05:28:22.2505544Z shell: C:\Program Files\Git\bin\bash.EXE --noprofile --norc -e -o pipefail {0}
2026-09-17T05:28:22.2505928Z env:
2026-09-17T05:28:22.2506093Z   RAYON_NUM_THREADS: 2
2026-09-17T05:28:22.2506287Z   CARGO_BUILD_JOBS: 2
2026-09-17T05:28:22.2506591Z   ZEVUNE_RESOURCE_SOURCE_HEAD: b6df89561eb6f2a75ed6fdc630e38d366d299f44
2026-09-17T05:28:22.2506933Z   GOTOOLCHAIN: local
2026-09-17T05:28:22.2507111Z ##[endgroup]
2026-09-17T05:28:23.0707020Z info: syncing channel updates for 1.98.1-x86_64-pc-windows-msvc
2026-09-17T05:28:23.6550821Z info: latest update on 2026-09-03 for version 1.98.1 (48a229cea 2026-09-01)
2026-09-17T05:28:23.6695202Z info: downloading 4 components
2026-09-17T05:28:32.7020359Z 
2026-09-17T05:28:32.7367844Z   1.98.1-x86_64-pc-windows-msvc installed - rustc 1.98.1 (48a229cea 2026-09-01)
2026-09-17T05:28:32.7368391Z 
2026-09-17T05:28:32.7660185Z ##[group]Run python -m unittest discover -s scripts/tests -p 'test_payment_resources*.py' -v
2026-09-17T05:28:32.7660903Z [36;1mpython -m unittest discover -s scripts/tests -p 'test_payment_resources*.py' -v[0m
2026-09-17T05:28:32.7677733Z shell: C:\Program Files\Git\bin\bash.EXE --noprofile --norc -e -o pipefail {0}
2026-09-17T05:28:32.7678125Z env:
2026-09-17T05:28:32.7678288Z   RAYON_NUM_THREADS: 2
2026-09-17T05:28:32.7678476Z   CARGO_BUILD_JOBS: 2
2026-09-17T05:28:32.7678773Z   ZEVUNE_RESOURCE_SOURCE_HEAD: b6df89561eb6f2a75ed6fdc630e38d366d299f44
2026-09-17T05:28:32.7679130Z   GOTOOLCHAIN: local
2026-09-17T05:28:32.7679314Z ##[endgroup]
2026-09-17T05:28:34.0464410Z test_memory_requires_exact_kib_fields_and_positive_consistent_values (test_payment_resources.LinuxParserTests.test_memory_requires_exact_kib_fields_and_positive_consistent_values) ... ok
2026-09-17T05:28:34.0466206Z test_proc_pinned_identity_rechecks_both_sides_of_memory_read (test_payment_resources.LinuxParserTests.test_proc_pinned_identity_rechecks_both_sides_of_memory_read) ... skipped 'Linux proc descriptor semantics'
2026-09-17T05:28:34.0468954Z test_proc_stat_parentheses_identity_and_creation (test_payment_resources.LinuxParserTests.test_proc_stat_parentheses_identity_and_creation) ... ok
2026-09-17T05:28:34.0780438Z test_direct_child_parent_identity_exit_and_current_rss (test_payment_resources.NativeMemoryTests.test_direct_child_parent_identity_exit_and_current_rss) ... ok
2026-09-17T05:28:34.0802413Z test_live_self_sample_uses_real_os_counters (test_payment_resources.NativeMemoryTests.test_live_self_sample_uses_real_os_counters) ... ok
2026-09-17T05:28:34.0805153Z test_unsupported_platform_is_failure_not_skip_or_zero (test_payment_resources.NativeMemoryTests.test_unsupported_platform_is_failure_not_skip_or_zero) ... ok
2026-09-17T05:28:34.1379161Z test_budget_failure_preserves_valid_sample_and_sends_negative_ack (test_payment_resources.PersistenceAndCollectorTests.test_budget_failure_preserves_valid_sample_and_sends_negative_ack) ... ok
2026-09-17T05:28:34.1574293Z test_collector_initialization_failure_reaps_started_coordinator (test_payment_resources.PersistenceAndCollectorTests.test_collector_initialization_failure_reaps_started_coordinator) ... ok
2026-09-17T05:28:35.2465320Z test_complete_evidence_requires_all_children_stopped_and_immutable_files (test_payment_resources.PersistenceAndCollectorTests.test_complete_evidence_requires_all_children_stopped_and_immutable_files) ... ok
2026-09-17T05:28:35.2599500Z test_evidence_reservation_never_overwrites_user_file (test_payment_resources.PersistenceAndCollectorTests.test_evidence_reservation_never_overwrites_user_file) ... ok
2026-09-17T05:28:35.2731403Z test_metadata_failure_still_saves_start_and_failure_without_exception_text (test_payment_resources.PersistenceAndCollectorTests.test_metadata_failure_still_saves_start_and_failure_without_exception_text) ... ok
2026-09-17T05:28:35.3307590Z test_pid_change_parent_failure_and_missing_metric_cannot_be_success (test_payment_resources.PersistenceAndCollectorTests.test_pid_change_parent_failure_and_missing_metric_cannot_be_success) ... ok
2026-09-17T05:28:35.9666343Z test_progress_failure_keeps_confirmed_count_and_uncertain_commit (test_payment_resources.PersistenceAndCollectorTests.test_progress_failure_keeps_confirmed_count_and_uncertain_commit) ... ok
2026-09-17T05:28:35.9751085Z test_final_result_does_not_accept_empty_tests_missing_checks_or_edited_timings (test_payment_resources.ProgressAndResultTests.test_final_result_does_not_accept_empty_tests_missing_checks_or_edited_timings) ... ok
2026-09-17T05:28:35.9779578Z test_full_operation_sequence_is_paired_and_final_result_matches (test_payment_resources.ProgressAndResultTests.test_full_operation_sequence_is_paired_and_final_result_matches) ... ok
2026-09-17T05:28:35.9793646Z test_progress_completion_must_match_operation_payment_and_commit_count (test_payment_resources.ProgressAndResultTests.test_progress_completion_must_match_operation_payment_and_commit_count) ... ok
2026-09-17T05:28:35.9803753Z test_unfinished_operation_has_no_fabricated_duration (test_payment_resources.ProgressAndResultTests.test_unfinished_operation_has_no_fabricated_duration) ... ok
2026-09-17T05:28:35.9808604Z test_all_nine_exact_checkpoints_and_pending_wallet_record (test_payment_resources.ResourceSchemaTests.test_all_nine_exact_checkpoints_and_pending_wallet_record) ... ok
2026-09-17T05:28:35.9810919Z test_budget_keeps_valid_over_budget_measurement (test_payment_resources.ResourceSchemaTests.test_budget_keeps_valid_over_budget_measurement) ... ok
2026-09-17T05:28:35.9813682Z test_json_duplicates_nonfinite_scalars_and_oversize_rejected (test_payment_resources.ResourceSchemaTests.test_json_duplicates_nonfinite_scalars_and_oversize_rejected) ... ok
2026-09-17T05:28:35.9815950Z test_unknown_and_missing_fields_cannot_enter_evidence (test_payment_resources.ResourceSchemaTests.test_unknown_and_missing_fields_cannot_enter_evidence) ... ok
2026-09-17T05:28:35.9818793Z test_unsigned_numbers_reject_booleans_floats_and_out_of_bounds (test_payment_resources.ResourceSchemaTests.test_unsigned_numbers_reject_booleans_floats_and_out_of_bounds) ... ok
2026-09-17T05:28:35.9822167Z test_wallet_and_capacity_counts_are_checked_not_just_types (test_payment_resources.ResourceSchemaTests.test_wallet_and_capacity_counts_are_checked_not_just_types) ... ok
2026-09-17T05:28:35.9824528Z test_wrong_phase_height_generation_or_pid_cannot_claim_checkpoint (test_payment_resources.ResourceSchemaTests.test_wrong_phase_height_generation_or_pid_cannot_claim_checkpoint) ... ok
2026-09-17T05:28:36.6079577Z test_bad_order_is_rejected_before_copying_it_over_a_valid_prefix (test_payment_resources_evidence.EvidenceCollectorBoundaryTests.test_bad_order_is_rejected_before_copying_it_over_a_valid_prefix) ... ok
2026-09-17T05:28:36.6096597Z test_cleanup_does_not_restart_its_existing_deadline (test_payment_resources_evidence.EvidenceCollectorBoundaryTests.test_cleanup_does_not_restart_its_existing_deadline) ... ERROR
2026-09-17T05:28:37.2821675Z test_commit_completion_changes_confirmed_count_without_inventing_apply_success (test_payment_resources_evidence.EvidenceCollectorBoundaryTests.test_commit_completion_changes_confirmed_count_without_inventing_apply_success) ... ok
2026-09-17T05:28:38.1492641Z test_complete_checkpoints_without_result_file_are_still_failure (test_payment_resources_evidence.EvidenceCollectorBoundaryTests.test_complete_checkpoints_without_result_file_are_still_failure) ... ok
2026-09-17T05:28:39.0686365Z test_numeric_measurement_complete_cannot_stand_in_for_true (test_payment_resources_evidence.EvidenceCollectorBoundaryTests.test_numeric_measurement_complete_cannot_stand_in_for_true) ... ok
2026-09-17T05:28:39.0989075Z test_report_save_failure_does_not_acknowledge_success (test_payment_resources_evidence.EvidenceCollectorBoundaryTests.test_report_save_failure_does_not_acknowledge_success) ... ok
2026-09-17T05:28:39.1470225Z test_same_height_recovery_cannot_change_capacity (test_payment_resources_evidence.EvidenceCollectorBoundaryTests.test_same_height_recovery_cannot_change_capacity) ... ok
2026-09-17T05:28:39.1782845Z test_second_role_over_budget_retains_both_samples_in_real_report (test_payment_resources_evidence.EvidenceCollectorBoundaryTests.test_second_role_over_budget_retains_both_samples_in_real_report) ... ok
2026-09-17T05:28:39.1987220Z test_unvalidated_fields_never_enter_failure_report_or_ack (test_payment_resources_evidence.EvidenceCollectorBoundaryTests.test_unvalidated_fields_never_enter_failure_report_or_ack) ... ok
2026-09-17T05:28:39.2222188Z test_zero_exit_without_checkpoints_is_not_successful_acceptance (test_payment_resources_evidence.EvidenceCollectorBoundaryTests.test_zero_exit_without_checkpoints_is_not_successful_acceptance) ... ok
2026-09-17T05:28:39.2521587Z test_close_disk_check_and_outbox_boundaries_cannot_move (test_payment_resources_evidence.EvidenceCompletenessTests.test_close_disk_check_and_outbox_boundaries_cannot_move) ... ok
2026-09-17T05:28:39.2618021Z test_every_one_of_nine_checkpoints_is_required (test_payment_resources_evidence.EvidenceCompletenessTests.test_every_one_of_nine_checkpoints_is_required) ... ok
2026-09-17T05:28:39.2642773Z test_fixture_has_exact_fixed_go_operation_contract (test_payment_resources_evidence.EvidenceCompletenessTests.test_fixture_has_exact_fixed_go_operation_contract) ... ok
2026-09-17T05:28:39.2931642Z test_missing_or_repeated_recovery_pair_cannot_claim_complete_recovery (test_payment_resources_evidence.EvidenceCompletenessTests.test_missing_or_repeated_recovery_pair_cannot_claim_complete_recovery) ... ok
2026-09-17T05:28:39.2938828Z test_recovery_cannot_be_recorded_at_a_different_committed_height (test_payment_resources_evidence.EvidenceCompletenessTests.test_recovery_cannot_be_recorded_at_a_different_committed_height) ... ok
2026-09-17T05:28:39.3100633Z test_removing_whole_core_pair_cannot_be_hidden_by_matching_timings (test_payment_resources_evidence.EvidenceCompletenessTests.test_removing_whole_core_pair_cannot_be_hidden_by_matching_timings) ... ok
2026-09-17T05:28:39.3137700Z test_reordering_complete_core_pairs_is_not_a_valid_timing_result (test_payment_resources_evidence.EvidenceCompletenessTests.test_reordering_complete_core_pairs_is_not_a_valid_timing_result) ... ok
2026-09-17T05:28:39.3223548Z test_review_c1_wallet_recovery_after_new_payment_and_outbox_is_rejected (test_payment_resources_evidence.EvidenceCompletenessTests.test_review_c1_wallet_recovery_after_new_payment_and_outbox_is_rejected) ... ok
2026-09-17T05:28:39.3277926Z test_review_c1_worker_reopen_before_scenario_start_is_rejected (test_payment_resources_evidence.EvidenceCompletenessTests.test_review_c1_worker_reopen_before_scenario_start_is_rejected) ... ok
2026-09-17T05:28:39.3828030Z test_valid_partial_recovery_prefixes_remain_incomplete_without_fake_duration (test_payment_resources_evidence.EvidenceCompletenessTests.test_valid_partial_recovery_prefixes_remain_incomplete_without_fake_duration) ... ok
2026-09-17T05:28:39.3829916Z 
2026-09-17T05:28:39.3830113Z ======================================================================
2026-09-17T05:28:39.3831139Z ERROR: test_cleanup_does_not_restart_its_existing_deadline (test_payment_resources_evidence.EvidenceCollectorBoundaryTests.test_cleanup_does_not_restart_its_existing_deadline)
2026-09-17T05:28:39.3832145Z ----------------------------------------------------------------------
2026-09-17T05:28:39.3832581Z Traceback (most recent call last):
2026-09-17T05:28:39.3833371Z   File "D:\a\Zevune\Zevune\scripts\tests\test_payment_resources_evidence.py", line 390, in test_cleanup_does_not_restart_its_existing_deadline
2026-09-17T05:28:39.3834218Z     mock.patch.object(resource.os, "killpg") as kill_group:
2026-09-17T05:28:39.3834663Z     ^^^^^^^^^^^^^^^^^^^^^^^^^^^^^^^^^^^^^^^^
2026-09-17T05:28:39.3835284Z   File "C:\hostedtoolcache\windows\Python\3.12.10\x64\Lib\unittest\mock.py", line 1467, in __enter__
2026-09-17T05:28:39.3835903Z     original, local = self.get_original()
2026-09-17T05:28:39.3836351Z                       ^^^^^^^^^^^^^^^^^^^
2026-09-17T05:28:39.3836941Z   File "C:\hostedtoolcache\windows\Python\3.12.10\x64\Lib\unittest\mock.py", line 1437, in get_original
2026-09-17T05:28:39.3837487Z     raise AttributeError(
2026-09-17T05:28:39.3837836Z AttributeError: <module 'os' (frozen)> does not have the attribute 'killpg'
2026-09-17T05:28:39.3838127Z 
2026-09-17T05:28:39.3838278Z ----------------------------------------------------------------------
2026-09-17T05:28:39.3838589Z Ran 44 tests in 5.337s
2026-09-17T05:28:39.3838712Z 
2026-09-17T05:28:39.3838807Z FAILED (errors=1, skipped=1)
2026-09-17T05:28:39.4061238Z ##[error]Process completed with exit code 1.
2026-09-17T05:28:39.4291342Z Node 20 is being deprecated. This workflow is running with Node 24 by default. If you need to temporarily use Node 20, you can set the ACTIONS_ALLOW_USE_UNSECURE_NODE_VERSION=true environment variable. For more information see: https://github.blog/changelog/2025-09-19-deprecation-of-node-20-on-github-actions-runners/
2026-09-17T05:28:39.4292834Z ##[group]Run actions/upload-artifact@ea165f8d65b6e75b540449e92b4886f43607fa02
2026-09-17T05:28:39.4293195Z with:
2026-09-17T05:28:39.4293538Z   name: payment-resources-windows-latest-dd5393aecf4d9071270ef07ef75961a8da43eb45
2026-09-17T05:28:39.4294136Z   path: ci-results/payment-resource-setup.json
ci-results/payment-resources.json

2026-09-17T05:28:39.4294536Z   if-no-files-found: error
2026-09-17T05:28:39.4294742Z   retention-days: 14
2026-09-17T05:28:39.4294929Z   compression-level: 6
2026-09-17T05:28:39.4295127Z   overwrite: false
2026-09-17T05:28:39.4295317Z   include-hidden-files: false
2026-09-17T05:28:39.4295531Z env:
2026-09-17T05:28:39.4295719Z   RAYON_NUM_THREADS: 2
2026-09-17T05:28:39.4295903Z   CARGO_BUILD_JOBS: 2
2026-09-17T05:28:39.4296197Z   ZEVUNE_RESOURCE_SOURCE_HEAD: b6df89561eb6f2a75ed6fdc630e38d366d299f44
2026-09-17T05:28:39.4296535Z   GOTOOLCHAIN: local
2026-09-17T05:28:39.4296710Z ##[endgroup]
2026-09-17T05:28:39.6226282Z (node:3156) [DEP0040] DeprecationWarning: The `punycode` module is deprecated. Please use a userland alternative instead.
2026-09-17T05:28:39.6227632Z (Use `node --trace-deprecation ...` to show where the warning was created)
2026-09-17T05:28:39.6292086Z Multiple search paths detected. Calculating the least common ancestor of all paths
2026-09-17T05:28:39.6296414Z The least common ancestor is D:\a\Zevune\Zevune\ci-results. This will be the root directory of the artifact
2026-09-17T05:28:39.6297373Z With the provided path, there will be 1 file uploaded
2026-09-17T05:28:39.6304808Z Artifact name is valid!
2026-09-17T05:28:39.6307077Z Root directory input is valid!
2026-09-17T05:28:39.8608377Z Beginning upload of artifact content to blob storage
2026-09-17T05:28:39.8815021Z (node:3156) [DEP0169] DeprecationWarning: `url.parse()` behavior is not standardized and prone to errors that have security implications. Use the WHATWG URL API instead. CVEs are not issued for `url.parse()` vulnerabilities.
2026-09-17T05:28:39.9317345Z Uploaded bytes 464
2026-09-17T05:28:39.9503635Z Finished uploading artifact content to blob storage!
2026-09-17T05:28:39.9505444Z SHA256 digest of uploaded artifact zip is 6172aafdfa5b8c59402e4294c0f06dd41a125450afee347dd38adec10d38ca2d
2026-09-17T05:28:39.9507826Z Finalizing artifact upload
2026-09-17T05:28:40.1461405Z Artifact payment-resources-windows-latest-dd5393aecf4d9071270ef07ef75961a8da43eb45.zip successfully finalized. Artifact ID 10482421474
2026-09-17T05:28:40.1463180Z Artifact payment-resources-windows-latest-dd5393aecf4d9071270ef07ef75961a8da43eb45 has been successfully uploaded! Final size is 464 bytes. Artifact ID is 10482421474
2026-09-17T05:28:40.1473469Z Artifact download URL: https://github.com/youq616/Zevune/actions/runs/35185484704/artifacts/10482421474
2026-09-17T05:28:40.1817443Z Post job cleanup.
2026-09-17T05:28:40.3686001Z [command]"C:\Program Files\Git\bin\git.exe" version
2026-09-17T05:28:40.4040464Z git version 2.55.0.windows.5
2026-09-17T05:28:40.4116577Z Temporarily overriding HOME='D:\a\_temp\b5de200c-fee5-4d40-b408-996ddd031d55' before making global git config changes
2026-09-17T05:28:40.4118238Z Adding repository directory to the temporary git global config as a safe directory
2026-09-17T05:28:40.4129196Z [command]"C:\Program Files\Git\bin\git.exe" config --global --add safe.directory D:\a\Zevune\Zevune
2026-09-17T05:28:40.4473399Z [command]"C:\Program Files\Git\bin\git.exe" config --local --name-only --get-regexp core\.sshCommand
2026-09-17T05:28:40.4775562Z [command]"C:\Program Files\Git\bin\git.exe" submodule foreach --recursive "sh -c \"git config --local --name-only --get-regexp 'core\.sshCommand' && git config --local --unset-all 'core.sshCommand' || :\""
2026-09-17T05:28:41.0405141Z [command]"C:\Program Files\Git\bin\git.exe" config --local --name-only --get-regexp http\.https\:\/\/github\.com\/\.extraheader
2026-09-17T05:28:41.0705947Z [command]"C:\Program Files\Git\bin\git.exe" submodule foreach --recursive "sh -c \"git config --local --name-only --get-regexp 'http\.https\:\/\/github\.com\/\.extraheader' && git config --local --unset-all 'http.https://github.com/.extraheader' || :\""
2026-09-17T05:28:41.6258724Z Cleaning up orphan processes
2026-09-17T05:28:41.6504039Z ##[warning]Node.js 20 is deprecated. The following actions target Node.js 20 but are being forced to run on Node.js 24: actions/setup-go@44694675825211faa026b3c33043df3e48a5fa00, actions/upload-artifact@ea165f8d65b6e75b540449e92b4886f43607fa02. For more information see: https://github.blog/changelog/2025-09-19-deprecation-of-node-20-on-github-actions-runners/
