2026-09-17T06:00:58.7993176Z Current runner version: '2.337.0'
2026-09-17T06:00:58.8019764Z ##[group]Runner Image Provisioner
2026-09-17T06:00:58.8020674Z Hosted Compute Agent
2026-09-17T06:00:58.8021362Z Version: 20260828.587
2026-09-17T06:00:58.8022053Z Commit: abac92662cab4cc7352de4f9f9d2e2419aad9c29
2026-09-17T06:00:58.8022766Z Build Date: 2026-08-28T16:44:25Z
2026-09-17T06:00:58.8023554Z Worker ID: {a847f66e-229c-40de-b081-60ab4245929d}
2026-09-17T06:00:58.8024259Z Azure Region: westus
2026-09-17T06:00:58.8024886Z ##[endgroup]
2026-09-17T06:00:58.8026585Z ##[group]Operating System
2026-09-17T06:00:58.8027216Z Ubuntu
2026-09-17T06:00:58.8028620Z 24.04.5
2026-09-17T06:00:58.8029156Z LTS
2026-09-17T06:00:58.8029716Z ##[endgroup]
2026-09-17T06:00:58.8030328Z ##[group]Runner Image
2026-09-17T06:00:58.8030951Z Image: ubuntu-24.04
2026-09-17T06:00:58.8031626Z Version: 20260907.300.1
2026-09-17T06:00:58.8032849Z Included Software: https://github.com/actions/runner-images/blob/ubuntu24/20260907.300/images/ubuntu/Ubuntu2404-Readme.md
2026-09-17T06:00:58.8034511Z Image Release: https://github.com/actions/runner-images/releases/tag/ubuntu24%2F20260907.300
2026-09-17T06:00:58.8035472Z ##[endgroup]
2026-09-17T06:00:58.8036640Z ##[group]GITHUB_TOKEN Permissions
2026-09-17T06:00:58.8039114Z Contents: read
2026-09-17T06:00:58.8039895Z Metadata: read
2026-09-17T06:00:58.8040567Z ##[endgroup]
2026-09-17T06:00:58.8042847Z Secret source: Actions
2026-09-17T06:00:58.8043849Z Cache mode: write
2026-09-17T06:00:58.8044601Z Prepare workflow directory
2026-09-17T06:00:58.8490110Z Prepare all required actions
2026-09-17T06:00:58.8544874Z Getting action download info
2026-09-17T06:00:59.2308969Z Download action repository 'actions/checkout@08c6903cd8c0fde910a37f88322edcfb5dd907a8' (SHA:08c6903cd8c0fde910a37f88322edcfb5dd907a8)
2026-09-17T06:00:59.3964950Z Download action repository 'actions/setup-go@44694675825211faa026b3c33043df3e48a5fa00' (SHA:44694675825211faa026b3c33043df3e48a5fa00)
2026-09-17T06:00:59.8569341Z Download action repository 'actions/upload-artifact@ea165f8d65b6e75b540449e92b4886f43607fa02' (SHA:ea165f8d65b6e75b540449e92b4886f43607fa02)
2026-09-17T06:01:00.1528529Z Complete job name: operator (ubuntu-latest)
2026-09-17T06:01:00.2562262Z ##[group]Run actions/checkout@08c6903cd8c0fde910a37f88322edcfb5dd907a8
2026-09-17T06:01:00.2563747Z with:
2026-09-17T06:01:00.2564267Z   persist-credentials: false
2026-09-17T06:01:00.2564935Z   repository: youq616/Zevune
2026-09-17T06:01:00.2573971Z   token: ***
2026-09-17T06:01:00.2574466Z   ssh-strict: true
2026-09-17T06:01:00.2574978Z   ssh-user: git
2026-09-17T06:01:00.2575450Z   clean: true
2026-09-17T06:01:00.2575971Z   sparse-checkout-cone-mode: true
2026-09-17T06:01:00.2576668Z   fetch-depth: 1
2026-09-17T06:01:00.2577173Z   fetch-tags: false
2026-09-17T06:01:00.2577708Z   show-progress: true
2026-09-17T06:01:00.2578407Z   lfs: false
2026-09-17T06:01:00.2578906Z   submodules: false
2026-09-17T06:01:00.2579456Z   set-safe-directory: true
2026-09-17T06:01:00.2580340Z env:
2026-09-17T06:01:00.2580802Z   RAYON_NUM_THREADS: 2
2026-09-17T06:01:00.2581385Z   CARGO_BUILD_JOBS: 2
2026-09-17T06:01:00.2581920Z ##[endgroup]
2026-09-17T06:01:00.3690625Z Syncing repository: youq616/Zevune
2026-09-17T06:01:00.3692973Z ##[group]Getting Git version info
2026-09-17T06:01:00.3693968Z Working directory is '/home/runner/work/Zevune/Zevune'
2026-09-17T06:01:00.3695464Z [command]/usr/bin/git version
2026-09-17T06:01:00.3779086Z git version 2.55.0
2026-09-17T06:01:00.3800003Z ##[endgroup]
2026-09-17T06:01:00.3819189Z Temporarily overriding HOME='/home/runner/work/_temp/5e3c80c9-4093-4d01-864f-376a0ed199cb' before making global git config changes
2026-09-17T06:01:00.3824033Z Adding repository directory to the temporary git global config as a safe directory
2026-09-17T06:01:00.3828433Z [command]/usr/bin/git config --global --add safe.directory /home/runner/work/Zevune/Zevune
2026-09-17T06:01:00.3884610Z Deleting the contents of '/home/runner/work/Zevune/Zevune'
2026-09-17T06:01:00.3889617Z ##[group]Initializing the repository
2026-09-17T06:01:00.3895600Z [command]/usr/bin/git init /home/runner/work/Zevune/Zevune
2026-09-17T06:01:00.4027413Z hint: Using 'master' as the name for the initial branch. This default branch name
2026-09-17T06:01:00.4031408Z hint: will change to "main" in Git 3.0. To configure the initial branch name
2026-09-17T06:01:00.4035394Z hint: to use in all of your new repositories, which will suppress this warning,
2026-09-17T06:01:00.4039962Z hint: call:
2026-09-17T06:01:00.4041211Z hint:
2026-09-17T06:01:00.4042666Z hint: 	git config --global init.defaultBranch <name>
2026-09-17T06:01:00.4044629Z hint:
2026-09-17T06:01:00.4046512Z hint: Names commonly chosen instead of 'master' are 'main', 'trunk' and
2026-09-17T06:01:00.4049357Z hint: 'development'. The just-created branch can be renamed via this command:
2026-09-17T06:01:00.4050921Z hint:
2026-09-17T06:01:00.4051403Z hint: 	git branch -m <name>
2026-09-17T06:01:00.4052000Z hint:
2026-09-17T06:01:00.4053564Z hint: Disable this message with "git config set advice.defaultBranchName false"
2026-09-17T06:01:00.4056313Z Initialized empty Git repository in /home/runner/work/Zevune/Zevune/.git/
2026-09-17T06:01:00.4060583Z [command]/usr/bin/git remote add origin https://github.com/youq616/Zevune
2026-09-17T06:01:00.4100200Z ##[endgroup]
2026-09-17T06:01:00.4101929Z ##[group]Disabling automatic garbage collection
2026-09-17T06:01:00.4104288Z [command]/usr/bin/git config --local gc.auto 0
2026-09-17T06:01:00.4155682Z ##[endgroup]
2026-09-17T06:01:00.4157450Z ##[group]Setting up auth
2026-09-17T06:01:00.4159177Z [command]/usr/bin/git config --local --name-only --get-regexp core\.sshCommand
2026-09-17T06:01:00.4193955Z [command]/usr/bin/git submodule foreach --recursive sh -c "git config --local --name-only --get-regexp 'core\.sshCommand' && git config --local --unset-all 'core.sshCommand' || :"
2026-09-17T06:01:00.4609503Z [command]/usr/bin/git config --local --name-only --get-regexp http\.https\:\/\/github\.com\/\.extraheader
2026-09-17T06:01:00.4656492Z [command]/usr/bin/git submodule foreach --recursive sh -c "git config --local --name-only --get-regexp 'http\.https\:\/\/github\.com\/\.extraheader' && git config --local --unset-all 'http.https://github.com/.extraheader' || :"
2026-09-17T06:01:00.4892838Z [command]/usr/bin/git config --local http.https://github.com/.extraheader AUTHORIZATION: basic ***
2026-09-17T06:01:00.4938953Z ##[endgroup]
2026-09-17T06:01:00.4940830Z ##[group]Fetching the repository
2026-09-17T06:01:00.4952166Z [command]/usr/bin/git -c protocol.version=2 fetch --no-tags --prune --no-recurse-submodules --depth=1 origin +cd5fe98053ce64e1acc6796dae44ec0e822c124f:refs/remotes/origin/dev/m12-genesis-domain
2026-09-17T06:01:01.2619488Z From https://github.com/youq616/Zevune
2026-09-17T06:01:01.2622109Z  * [new ref]         cd5fe98053ce64e1acc6796dae44ec0e822c124f -> origin/dev/m12-genesis-domain
2026-09-17T06:01:01.2626556Z ##[endgroup]
2026-09-17T06:01:01.2628611Z ##[group]Determining the checkout info
2026-09-17T06:01:01.2630297Z ##[endgroup]
2026-09-17T06:01:01.2635490Z [command]/usr/bin/git sparse-checkout disable
2026-09-17T06:01:01.2707084Z [command]/usr/bin/git config --local --unset-all extensions.worktreeConfig
2026-09-17T06:01:01.2743304Z ##[group]Checking out the ref
2026-09-17T06:01:01.2748844Z [command]/usr/bin/git checkout --progress --force -B dev/m12-genesis-domain refs/remotes/origin/dev/m12-genesis-domain
2026-09-17T06:01:01.2993193Z Switched to a new branch 'dev/m12-genesis-domain'
2026-09-17T06:01:01.2999854Z branch 'dev/m12-genesis-domain' set up to track 'origin/dev/m12-genesis-domain'.
2026-09-17T06:01:01.3009441Z ##[endgroup]
2026-09-17T06:01:01.3061661Z [command]/usr/bin/git log -1 --format=%H
2026-09-17T06:01:01.3128463Z cd5fe98053ce64e1acc6796dae44ec0e822c124f
2026-09-17T06:01:01.3139254Z ##[group]Removing auth
2026-09-17T06:01:01.3143650Z [command]/usr/bin/git config --local --name-only --get-regexp core\.sshCommand
2026-09-17T06:01:01.3179500Z [command]/usr/bin/git submodule foreach --recursive sh -c "git config --local --name-only --get-regexp 'core\.sshCommand' && git config --local --unset-all 'core.sshCommand' || :"
2026-09-17T06:01:01.3414243Z [command]/usr/bin/git config --local --name-only --get-regexp http\.https\:\/\/github\.com\/\.extraheader
2026-09-17T06:01:01.3445430Z http.https://github.com/.extraheader
2026-09-17T06:01:01.3454465Z [command]/usr/bin/git config --local --unset-all http.https://github.com/.extraheader
2026-09-17T06:01:01.3491557Z [command]/usr/bin/git submodule foreach --recursive sh -c "git config --local --name-only --get-regexp 'http\.https\:\/\/github\.com\/\.extraheader' && git config --local --unset-all 'http.https://github.com/.extraheader' || :"
2026-09-17T06:01:01.3720987Z ##[endgroup]
2026-09-17T06:01:01.4129096Z Node 20 is being deprecated. This workflow is running with Node 24 by default. If you need to temporarily use Node 20, you can set the ACTIONS_ALLOW_USE_UNSECURE_NODE_VERSION=true environment variable. For more information see: https://github.blog/changelog/2025-09-19-deprecation-of-node-20-on-github-actions-runners/
2026-09-17T06:01:01.4134939Z ##[group]Run actions/setup-go@44694675825211faa026b3c33043df3e48a5fa00
2026-09-17T06:01:01.4136399Z with:
2026-09-17T06:01:01.4137220Z   go-version: 1.27.1
2026-09-17T06:01:01.4138663Z   cache-dependency-path: integration/cometbft/go.sum
2026-09-17T06:01:01.4139990Z   check-latest: false
2026-09-17T06:01:01.4149390Z   token: ***
2026-09-17T06:01:01.4150257Z   cache: true
2026-09-17T06:01:01.4151093Z env:
2026-09-17T06:01:01.4151903Z   RAYON_NUM_THREADS: 2
2026-09-17T06:01:01.4152836Z   CARGO_BUILD_JOBS: 2
2026-09-17T06:01:01.4153748Z ##[endgroup]
2026-09-17T06:01:01.5540180Z Setup go version spec 1.27.1
2026-09-17T06:01:01.5552811Z Attempting to download 1.27.1...
2026-09-17T06:01:01.5670232Z (node:2279) [DEP0040] DeprecationWarning: The `punycode` module is deprecated. Please use a userland alternative instead.
2026-09-17T06:01:01.5673181Z (Use `node --trace-deprecation ...` to show where the warning was created)
2026-09-17T06:01:02.2132063Z matching 1.27.1...
2026-09-17T06:01:02.2163200Z Acquiring 1.27.1 from https://github.com/actions/go-versions/releases/download/1.27.1-33583469715/go-1.27.1-linux-x64.tar.gz
2026-09-17T06:01:02.7851017Z Extracting Go...
2026-09-17T06:01:02.8003656Z [command]/usr/bin/tar xz --warning=no-unknown-keyword --overwrite -C /home/runner/work/_temp/688382ff-74b8-47ae-9c85-400aa7f21492 -f /home/runner/work/_temp/f815659d-994e-4c3a-9e03-173df5eee14f
2026-09-17T06:01:04.5504833Z Successfully extracted go to /home/runner/work/_temp/688382ff-74b8-47ae-9c85-400aa7f21492
2026-09-17T06:01:04.5506181Z Adding to the cache ...
2026-09-17T06:01:10.5228794Z Successfully cached go to /opt/hostedtoolcache/go/1.27.1/x64
2026-09-17T06:01:10.5234542Z Added go to the path
2026-09-17T06:01:10.5235253Z Successfully set up Go version 1.27.1
2026-09-17T06:01:10.5488405Z [command]/opt/hostedtoolcache/go/1.27.1/x64/bin/go env GOMODCACHE
2026-09-17T06:01:10.5533505Z [command]/opt/hostedtoolcache/go/1.27.1/x64/bin/go env GOCACHE
2026-09-17T06:01:10.5582887Z /home/runner/go/pkg/mod
2026-09-17T06:01:10.5605925Z /home/runner/.cache/go-build
2026-09-17T06:01:10.8338079Z Cache hit for: setup-go-Linux-x64-ubuntu24-go-1.27.1-ef6b0fbca0a8d0b6206b16c85f11c4a6c772908ae2660ca86a6b7ee95979c938
2026-09-17T06:01:10.8497656Z (node:2279) [DEP0169] DeprecationWarning: `url.parse()` behavior is not standardized and prone to errors that have security implications. Use the WHATWG URL API instead. CVEs are not issued for `url.parse()` vulnerabilities.
2026-09-17T06:01:12.1274116Z Received 4194304 of 484452015 (0.9%), 4.0 MBs/sec
2026-09-17T06:01:13.1282248Z Received 130023424 of 484452015 (26.8%), 62.0 MBs/sec
2026-09-17T06:01:14.1285618Z Received 264241152 of 484452015 (54.5%), 83.9 MBs/sec
2026-09-17T06:01:15.1295342Z Received 377487360 of 484452015 (77.9%), 89.9 MBs/sec
2026-09-17T06:01:15.9902421Z Received 484452015 of 484452015 (100.0%), 95.0 MBs/sec
2026-09-17T06:01:15.9903389Z Cache Size: ~462 MB (484452015 B)
2026-09-17T06:01:15.9944277Z [command]/usr/bin/tar -xf /home/runner/work/_temp/30b37e91-7627-4695-a291-7b92c25d8109/cache.tzst -P -C /home/runner/work/Zevune/Zevune --use-compress-program unzstd
2026-09-17T06:01:18.6643072Z Cache restored successfully
2026-09-17T06:01:18.6909542Z Cache restored from key: setup-go-Linux-x64-ubuntu24-go-1.27.1-ef6b0fbca0a8d0b6206b16c85f11c4a6c772908ae2660ca86a6b7ee95979c938
2026-09-17T06:01:18.6934767Z go version go1.27.1 linux/amd64
2026-09-17T06:01:18.6935100Z 
2026-09-17T06:01:18.6935504Z ##[group]go env
2026-09-17T06:01:18.7293015Z AR='ar'
2026-09-17T06:01:18.7293470Z CC='gcc'
2026-09-17T06:01:18.7293864Z CGO_CFLAGS='-O2 -g'
2026-09-17T06:01:18.7294324Z CGO_CPPFLAGS=''
2026-09-17T06:01:18.7294795Z CGO_CXXFLAGS='-O2 -g'
2026-09-17T06:01:18.7295669Z CGO_ENABLED='1'
2026-09-17T06:01:18.7296186Z CGO_FFLAGS='-O2 -g'
2026-09-17T06:01:18.7296621Z CGO_LDFLAGS='-O2 -g'
2026-09-17T06:01:18.7297036Z CXX='g++'
2026-09-17T06:01:18.7297413Z GCCGO='gccgo'
2026-09-17T06:01:18.7297792Z GO111MODULE=''
2026-09-17T06:01:18.7298560Z GOAMD64='v1'
2026-09-17T06:01:18.7298997Z GOARCH='amd64'
2026-09-17T06:01:18.7299369Z GOAUTH='netrc'
2026-09-17T06:01:18.7299783Z GOBIN='/home/runner/go/bin'
2026-09-17T06:01:18.7300284Z GOCACHE='/home/runner/.cache/go-build'
2026-09-17T06:01:18.7300786Z GOCACHEPROG=''
2026-09-17T06:01:18.7301078Z GODEBUG=''
2026-09-17T06:01:18.7301345Z GOENV='/home/runner/.config/go/env'
2026-09-17T06:01:18.7301659Z GOEXE=''
2026-09-17T06:01:18.7301894Z GOEXPERIMENT=''
2026-09-17T06:01:18.7302150Z GOFIPS140='off'
2026-09-17T06:01:18.7302398Z GOFLAGS=''
2026-09-17T06:01:18.7303223Z GOGCCFLAGS='-fPIC -m64 -pthread -Wl,--no-gc-sections -fmessage-length=0 -ffile-prefix-map=/tmp/go-build1702910955=/tmp/go-build -gno-record-gcc-switches'
2026-09-17T06:01:18.7304073Z GOHOSTARCH='amd64'
2026-09-17T06:01:18.7304336Z GOHOSTOS='linux'
2026-09-17T06:01:18.7304592Z GOINSECURE=''
2026-09-17T06:01:18.7304889Z GOMOD='/home/runner/work/Zevune/Zevune/go.mod'
2026-09-17T06:01:18.7305278Z GOMODCACHE='/home/runner/go/pkg/mod'
2026-09-17T06:01:18.7305602Z GONOPROXY=''
2026-09-17T06:01:18.7305850Z GONOSUMDB=''
2026-09-17T06:01:18.7306094Z GOOS='linux'
2026-09-17T06:01:18.7306340Z GOPACKAGESDRIVER=''
2026-09-17T06:01:18.7306617Z GOPATH='/home/runner/go'
2026-09-17T06:01:18.7306897Z GOPRIVATE=''
2026-09-17T06:01:18.7307217Z GOPROXY='https://proxy.golang.org,direct'
2026-09-17T06:01:18.7307638Z GOROOT='/opt/hostedtoolcache/go/1.27.1/x64'
2026-09-17T06:01:18.7308273Z GOSUMDB='sum.golang.org'
2026-09-17T06:01:18.7308546Z GOTELEMETRY='local'
2026-09-17T06:01:18.7308836Z GOTELEMETRYDIR='/home/runner/.config/go/telemetry'
2026-09-17T06:01:18.7309150Z GOTMPDIR=''
2026-09-17T06:01:18.7309416Z GOTOOLCHAIN='local'
2026-09-17T06:01:18.7309758Z GOTOOLDIR='/opt/hostedtoolcache/go/1.27.1/x64/pkg/tool/linux_amd64'
2026-09-17T06:01:18.7310115Z GOVCS=''
2026-09-17T06:01:18.7310317Z GOVERSION='go1.27.1'
2026-09-17T06:01:18.7310534Z GOWORK=''
2026-09-17T06:01:18.7310742Z PKG_CONFIG='pkg-config'
2026-09-17T06:01:18.7310891Z 
2026-09-17T06:01:18.7311255Z ##[endgroup]
2026-09-17T06:01:18.7525457Z ##[group]Run rustup toolchain install 1.98.1 --profile minimal --component rustfmt --component clippy
2026-09-17T06:01:18.7526332Z [36;1mrustup toolchain install 1.98.1 --profile minimal --component rustfmt --component clippy[0m
2026-09-17T06:01:18.7572347Z shell: /usr/bin/bash --noprofile --norc -e -o pipefail {0}
2026-09-17T06:01:18.7572746Z env:
2026-09-17T06:01:18.7572972Z   RAYON_NUM_THREADS: 2
2026-09-17T06:01:18.7573204Z   CARGO_BUILD_JOBS: 2
2026-09-17T06:01:18.7573434Z   GOTOOLCHAIN: local
2026-09-17T06:01:18.7573671Z ##[endgroup]
2026-09-17T06:01:19.5600664Z info: syncing channel updates for 1.98.1-x86_64-unknown-linux-gnu
2026-09-17T06:01:19.8539601Z info: latest update on 2026-09-03 for version 1.98.1 (48a229cea 2026-09-01)
2026-09-17T06:01:19.8540315Z info: downloading 5 components
2026-09-17T06:01:27.9103072Z 
2026-09-17T06:01:27.9196505Z   1.98.1-x86_64-unknown-linux-gnu installed - rustc 1.98.1 (48a229cea 2026-09-01)
2026-09-17T06:01:27.9197219Z 
2026-09-17T06:01:27.9307775Z ##[group]Run test -z "$(gofmt -l integration/cometbft/labnet integration/cometbft/cmd/zevune-network)"
2026-09-17T06:01:27.9309491Z [36;1mtest -z "$(gofmt -l integration/cometbft/labnet integration/cometbft/cmd/zevune-network)"[0m
2026-09-17T06:01:27.9310395Z [36;1mpython -m unittest discover -s scripts/tests -v[0m
2026-09-17T06:01:27.9310978Z [36;1mcd integration/orchard[0m
2026-09-17T06:01:27.9311424Z [36;1mcargo fmt --all -- --check[0m
2026-09-17T06:01:27.9312071Z [36;1mcargo build --locked --release --features local-funding-lab --bins[0m
2026-09-17T06:01:27.9312748Z [36;1mgit diff --exit-code[0m
2026-09-17T06:01:27.9361536Z shell: /usr/bin/bash --noprofile --norc -e -o pipefail {0}
2026-09-17T06:01:27.9362104Z env:
2026-09-17T06:01:27.9362423Z   RAYON_NUM_THREADS: 2
2026-09-17T06:01:27.9362796Z   CARGO_BUILD_JOBS: 2
2026-09-17T06:01:27.9363154Z   GOTOOLCHAIN: local
2026-09-17T06:01:27.9363503Z ##[endgroup]
2026-09-17T06:01:28.2879554Z test_duplicate_archive_path_rejected (test_crate_notices.CrateNoticeTests.test_duplicate_archive_path_rejected) ... ok
2026-09-17T06:01:28.2903423Z test_inventory_is_create_only (test_crate_notices.CrateNoticeTests.test_inventory_is_create_only) ... ok
2026-09-17T06:01:28.2912145Z test_lock_rejects_path_identities_and_duplicates (test_crate_notices.CrateNoticeTests.test_lock_rejects_path_identities_and_duplicates) ... ok
2026-09-17T06:01:28.2920510Z test_member_and_expanded_byte_limits (test_crate_notices.CrateNoticeTests.test_member_and_expanded_byte_limits) ... ok
2026-09-17T06:01:28.2932701Z test_missing_notices_is_not_distribution_approval (test_crate_notices.CrateNoticeTests.test_missing_notices_is_not_distribution_approval) ... ok
2026-09-17T06:01:28.2940995Z test_pinned_archive_collects_notices_not_source (test_crate_notices.CrateNoticeTests.test_pinned_archive_collects_notices_not_source) ... ok
2026-09-17T06:01:28.2943054Z test_registry_checksum_required_and_workspace_separate (test_crate_notices.CrateNoticeTests.test_registry_checksum_required_and_workspace_separate) ... ok
2026-09-17T06:01:28.2973626Z test_traversal_foreign_root_and_symlink_rejected (test_crate_notices.CrateNoticeTests.test_traversal_foreign_root_and_symlink_rejected) ... ok
2026-09-17T06:01:28.2979526Z test_wrong_archive_checksum_fails_before_parsing (test_crate_notices.CrateNoticeTests.test_wrong_archive_checksum_fails_before_parsing) ... ok
2026-09-17T06:01:28.2985831Z test_command_failure_stops_cohort_and_never_reports_completion (test_funded_rust.FundedRustPlanTests.test_command_failure_stops_cohort_and_never_reports_completion) ... ok
2026-09-17T06:01:28.2991107Z test_commands_keep_flags_and_never_filter_test_names (test_funded_rust.FundedRustPlanTests.test_commands_keep_flags_and_never_filter_test_names) ... ok
2026-09-17T06:01:28.2995350Z test_empty_or_incomplete_inventory_fails (test_funded_rust.FundedRustPlanTests.test_empty_or_incomplete_inventory_fails) ... ok
2026-09-17T06:01:28.2997723Z test_future_binary_and_integration_targets_join_automatically (test_funded_rust.FundedRustPlanTests.test_future_binary_and_integration_targets_join_automatically) ... ok
2026-09-17T06:01:28.3006532Z test_invalid_names_and_duplicate_targets_fail (test_funded_rust.FundedRustPlanTests.test_invalid_names_and_duplicate_targets_fail) ... ok
2026-09-17T06:01:28.3013365Z test_metadata_failure_is_a_nonzero_exit (test_funded_rust.FundedRustPlanTests.test_metadata_failure_is_a_nonzero_exit) ... ok
2026-09-17T06:01:28.3020928Z test_plan_only_is_not_a_test_execution (test_funded_rust.FundedRustPlanTests.test_plan_only_is_not_a_test_execution) ... ok
2026-09-17T06:01:28.3024468Z test_reordering_metadata_does_not_change_plan (test_funded_rust.FundedRustPlanTests.test_reordering_metadata_does_not_change_plan) ... ok
2026-09-17T06:01:28.3028018Z test_target_union_is_complete_and_disjoint (test_funded_rust.FundedRustPlanTests.test_target_union_is_complete_and_disjoint) ... ok
2026-09-17T06:01:28.3030489Z test_unknown_cohort_or_schema_fails (test_funded_rust.FundedRustPlanTests.test_unknown_cohort_or_schema_fails) ... ok
2026-09-17T06:01:28.3040767Z test_unknown_or_disabled_targets_are_not_silently_omitted (test_funded_rust.FundedRustPlanTests.test_unknown_or_disabled_targets_are_not_silently_omitted) ... ok
2026-09-17T06:01:28.3044863Z test_unselected_features_fail (test_funded_rust.FundedRustPlanTests.test_unselected_features_fail) ... ok
2026-09-17T06:01:28.3050045Z test_wrong_workspace_identity_fails (test_funded_rust.FundedRustPlanTests.test_wrong_workspace_identity_fails) ... ok
2026-09-17T06:01:28.3054260Z test_directory_is_not_packaged (test_local_bundle.BundleManifestTests.test_directory_is_not_packaged) ... ok
2026-09-17T06:01:28.3059545Z test_manifest_hashes_only_explicit_regular_files (test_local_bundle.BundleManifestTests.test_manifest_hashes_only_explicit_regular_files) ... ok
2026-09-17T06:01:28.3081375Z test_signer_material_is_ignored_without_creating_secret_files (test_local_bundle.BundleManifestTests.test_signer_material_is_ignored_without_creating_secret_files) ... ok
2026-09-17T06:01:28.3084684Z test_memory_requires_exact_kib_fields_and_positive_consistent_values (test_payment_resources.LinuxParserTests.test_memory_requires_exact_kib_fields_and_positive_consistent_values) ... ok
2026-09-17T06:01:28.3100284Z test_proc_pinned_identity_rechecks_both_sides_of_memory_read (test_payment_resources.LinuxParserTests.test_proc_pinned_identity_rechecks_both_sides_of_memory_read) ... ok
2026-09-17T06:01:28.3102416Z test_proc_stat_parentheses_identity_and_creation (test_payment_resources.LinuxParserTests.test_proc_stat_parentheses_identity_and_creation) ... ok
2026-09-17T06:01:28.3341144Z test_direct_child_parent_identity_exit_and_current_rss (test_payment_resources.NativeMemoryTests.test_direct_child_parent_identity_exit_and_current_rss) ... ok
2026-09-17T06:01:28.3346974Z test_live_self_sample_uses_real_os_counters (test_payment_resources.NativeMemoryTests.test_live_self_sample_uses_real_os_counters) ... ok
2026-09-17T06:01:28.3349116Z test_unsupported_platform_is_failure_not_skip_or_zero (test_payment_resources.NativeMemoryTests.test_unsupported_platform_is_failure_not_skip_or_zero) ... ok
2026-09-17T06:01:28.3370434Z test_budget_failure_preserves_valid_sample_and_sends_negative_ack (test_payment_resources.PersistenceAndCollectorTests.test_budget_failure_preserves_valid_sample_and_sends_negative_ack) ... ok
2026-09-17T06:01:28.3408522Z test_collector_initialization_failure_reaps_started_coordinator (test_payment_resources.PersistenceAndCollectorTests.test_collector_initialization_failure_reaps_started_coordinator) ... ok
2026-09-17T06:01:28.8026917Z test_complete_evidence_requires_all_children_stopped_and_immutable_files (test_payment_resources.PersistenceAndCollectorTests.test_complete_evidence_requires_all_children_stopped_and_immutable_files) ... ok
2026-09-17T06:01:28.8053302Z test_evidence_reservation_never_overwrites_user_file (test_payment_resources.PersistenceAndCollectorTests.test_evidence_reservation_never_overwrites_user_file) ... ok
2026-09-17T06:01:28.8072496Z test_metadata_failure_still_saves_start_and_failure_without_exception_text (test_payment_resources.PersistenceAndCollectorTests.test_metadata_failure_still_saves_start_and_failure_without_exception_text) ... ok
2026-09-17T06:01:28.8141706Z test_pid_change_parent_failure_and_missing_metric_cannot_be_success (test_payment_resources.PersistenceAndCollectorTests.test_pid_change_parent_failure_and_missing_metric_cannot_be_success) ... ok
2026-09-17T06:01:29.1272440Z test_progress_failure_keeps_confirmed_count_and_uncertain_commit (test_payment_resources.PersistenceAndCollectorTests.test_progress_failure_keeps_confirmed_count_and_uncertain_commit) ... ok
2026-09-17T06:01:29.1345566Z test_final_result_does_not_accept_empty_tests_missing_checks_or_edited_timings (test_payment_resources.ProgressAndResultTests.test_final_result_does_not_accept_empty_tests_missing_checks_or_edited_timings) ... ok
2026-09-17T06:01:29.1372064Z test_full_operation_sequence_is_paired_and_final_result_matches (test_payment_resources.ProgressAndResultTests.test_full_operation_sequence_is_paired_and_final_result_matches) ... ok
2026-09-17T06:01:29.1385596Z test_progress_completion_must_match_operation_payment_and_commit_count (test_payment_resources.ProgressAndResultTests.test_progress_completion_must_match_operation_payment_and_commit_count) ... ok
2026-09-17T06:01:29.1397320Z test_unfinished_operation_has_no_fabricated_duration (test_payment_resources.ProgressAndResultTests.test_unfinished_operation_has_no_fabricated_duration) ... ok
2026-09-17T06:01:29.1404161Z test_all_nine_exact_checkpoints_and_pending_wallet_record (test_payment_resources.ResourceSchemaTests.test_all_nine_exact_checkpoints_and_pending_wallet_record) ... ok
2026-09-17T06:01:29.1406375Z test_budget_keeps_valid_over_budget_measurement (test_payment_resources.ResourceSchemaTests.test_budget_keeps_valid_over_budget_measurement) ... ok
2026-09-17T06:01:29.1408918Z test_json_duplicates_nonfinite_scalars_and_oversize_rejected (test_payment_resources.ResourceSchemaTests.test_json_duplicates_nonfinite_scalars_and_oversize_rejected) ... ok
2026-09-17T06:01:29.1411249Z test_unknown_and_missing_fields_cannot_enter_evidence (test_payment_resources.ResourceSchemaTests.test_unknown_and_missing_fields_cannot_enter_evidence) ... ok
2026-09-17T06:01:29.1413576Z test_unsigned_numbers_reject_booleans_floats_and_out_of_bounds (test_payment_resources.ResourceSchemaTests.test_unsigned_numbers_reject_booleans_floats_and_out_of_bounds) ... ok
2026-09-17T06:01:29.1415923Z test_wallet_and_capacity_counts_are_checked_not_just_types (test_payment_resources.ResourceSchemaTests.test_wallet_and_capacity_counts_are_checked_not_just_types) ... ok
2026-09-17T06:01:29.1418959Z test_wrong_phase_height_generation_or_pid_cannot_claim_checkpoint (test_payment_resources.ResourceSchemaTests.test_wrong_phase_height_generation_or_pid_cannot_claim_checkpoint) ... ok
2026-09-17T06:01:29.4517120Z test_bad_order_is_rejected_before_copying_it_over_a_valid_prefix (test_payment_resources_evidence.EvidenceCollectorBoundaryTests.test_bad_order_is_rejected_before_copying_it_over_a_valid_prefix) ... ok
2026-09-17T06:01:29.4524861Z test_cleanup_does_not_restart_its_existing_deadline (test_payment_resources_evidence.EvidenceCollectorBoundaryTests.test_cleanup_does_not_restart_its_existing_deadline) ... ok
2026-09-17T06:01:29.7732472Z test_commit_completion_changes_confirmed_count_without_inventing_apply_success (test_payment_resources_evidence.EvidenceCollectorBoundaryTests.test_commit_completion_changes_confirmed_count_without_inventing_apply_success) ... ok
2026-09-17T06:01:30.1996781Z test_complete_checkpoints_without_result_file_are_still_failure (test_payment_resources_evidence.EvidenceCollectorBoundaryTests.test_complete_checkpoints_without_result_file_are_still_failure) ... ok
2026-09-17T06:01:30.6276522Z test_numeric_measurement_complete_cannot_stand_in_for_true (test_payment_resources_evidence.EvidenceCollectorBoundaryTests.test_numeric_measurement_complete_cannot_stand_in_for_true) ... ok
2026-09-17T06:01:30.6322202Z test_report_save_failure_does_not_acknowledge_success (test_payment_resources_evidence.EvidenceCollectorBoundaryTests.test_report_save_failure_does_not_acknowledge_success) ... ok
2026-09-17T06:01:30.6411981Z test_same_height_recovery_cannot_change_capacity (test_payment_resources_evidence.EvidenceCollectorBoundaryTests.test_same_height_recovery_cannot_change_capacity) ... ok
2026-09-17T06:01:30.6455145Z test_second_role_over_budget_retains_both_samples_in_real_report (test_payment_resources_evidence.EvidenceCollectorBoundaryTests.test_second_role_over_budget_retains_both_samples_in_real_report) ... ok
2026-09-17T06:01:30.6473787Z test_unvalidated_fields_never_enter_failure_report_or_ack (test_payment_resources_evidence.EvidenceCollectorBoundaryTests.test_unvalidated_fields_never_enter_failure_report_or_ack) ... ok
2026-09-17T06:01:30.6509222Z test_zero_exit_without_checkpoints_is_not_successful_acceptance (test_payment_resources_evidence.EvidenceCollectorBoundaryTests.test_zero_exit_without_checkpoints_is_not_successful_acceptance) ... ok
2026-09-17T06:01:30.6808310Z test_close_disk_check_and_outbox_boundaries_cannot_move (test_payment_resources_evidence.EvidenceCompletenessTests.test_close_disk_check_and_outbox_boundaries_cannot_move) ... ok
2026-09-17T06:01:30.6890619Z test_every_one_of_nine_checkpoints_is_required (test_payment_resources_evidence.EvidenceCompletenessTests.test_every_one_of_nine_checkpoints_is_required) ... ok
2026-09-17T06:01:30.6911271Z test_fixture_has_exact_fixed_go_operation_contract (test_payment_resources_evidence.EvidenceCompletenessTests.test_fixture_has_exact_fixed_go_operation_contract) ... ok
2026-09-17T06:01:30.7158682Z test_missing_or_repeated_recovery_pair_cannot_claim_complete_recovery (test_payment_resources_evidence.EvidenceCompletenessTests.test_missing_or_repeated_recovery_pair_cannot_claim_complete_recovery) ... ok
2026-09-17T06:01:30.7163795Z test_recovery_cannot_be_recorded_at_a_different_committed_height (test_payment_resources_evidence.EvidenceCompletenessTests.test_recovery_cannot_be_recorded_at_a_different_committed_height) ... ok
2026-09-17T06:01:30.7302364Z test_removing_whole_core_pair_cannot_be_hidden_by_matching_timings (test_payment_resources_evidence.EvidenceCompletenessTests.test_removing_whole_core_pair_cannot_be_hidden_by_matching_timings) ... ok
2026-09-17T06:01:30.7336827Z test_reordering_complete_core_pairs_is_not_a_valid_timing_result (test_payment_resources_evidence.EvidenceCompletenessTests.test_reordering_complete_core_pairs_is_not_a_valid_timing_result) ... ok
2026-09-17T06:01:30.7381392Z test_review_c1_wallet_recovery_after_new_payment_and_outbox_is_rejected (test_payment_resources_evidence.EvidenceCompletenessTests.test_review_c1_wallet_recovery_after_new_payment_and_outbox_is_rejected) ... ok
2026-09-17T06:01:30.7409910Z test_review_c1_worker_reopen_before_scenario_start_is_rejected (test_payment_resources_evidence.EvidenceCompletenessTests.test_review_c1_worker_reopen_before_scenario_start_is_rejected) ... ok
2026-09-17T06:01:30.7844826Z test_valid_partial_recovery_prefixes_remain_incomplete_without_fake_duration (test_payment_resources_evidence.EvidenceCompletenessTests.test_valid_partial_recovery_prefixes_remain_incomplete_without_fake_duration) ... ok
2026-09-17T06:01:30.7895538Z test_all_io_stages_produce_only_bounded_public_diagnostics (test_payment_resources_windows.PublicReadDiagnosticTests.test_all_io_stages_produce_only_bounded_public_diagnostics) ... ok
2026-09-17T06:01:30.7901984Z test_known_protocol_positions_and_os_codes_survive_without_private_context (test_payment_resources_windows.PublicReadDiagnosticTests.test_known_protocol_positions_and_os_codes_survive_without_private_context) ... ok
2026-09-17T06:01:30.7906767Z test_read_error_is_preserved_when_closing_the_same_stream_also_fails (test_payment_resources_windows.PublicReadDiagnosticTests.test_read_error_is_preserved_when_closing_the_same_stream_also_fails) ... ok
2026-09-17T06:01:30.7912204Z test_unknown_names_and_invalid_diagnostic_scalars_are_not_serialized (test_payment_resources_windows.PublicReadDiagnosticTests.test_unknown_names_and_invalid_diagnostic_scalars_are_not_serialized) ... ok
2026-09-17T06:01:30.7926970Z test_failed_crt_handle_transfer_closes_only_the_owned_windows_handle (test_payment_resources_windows.WindowsHandleOwnershipTests.test_failed_crt_handle_transfer_closes_only_the_owned_windows_handle) ... ok
2026-09-17T06:01:30.7936315Z test_failed_stream_creation_closes_crt_descriptor_not_raw_handle_twice (test_payment_resources_windows.WindowsHandleOwnershipTests.test_failed_stream_creation_closes_crt_descriptor_not_raw_handle_twice) ... ok
2026-09-17T06:01:30.7939961Z test_delete_holder_blocks_legacy_open_but_shared_reader_preserves_exact_json (test_payment_resources_windows.WindowsSharedProtocolTests.test_delete_holder_blocks_legacy_open_but_shared_reader_preserves_exact_json) ... skipped 'requires native Windows file-sharing semantics'
2026-09-17T06:01:30.7943936Z test_delete_sharing_does_not_disable_post_read_size_check (test_payment_resources_windows.WindowsSharedProtocolTests.test_delete_sharing_does_not_disable_post_read_size_check) ... skipped 'requires native Windows file-sharing semantics'
2026-09-17T06:01:30.7947019Z test_delete_sharing_does_not_disable_replacement_identity_check (test_payment_resources_windows.WindowsSharedProtocolTests.test_delete_sharing_does_not_disable_replacement_identity_check) ... skipped 'requires native Windows file-sharing semantics'
2026-09-17T06:01:30.7948933Z test_broken_clock_is_unknown_not_zero_duration (test_prepare_timing.PrepareTimingTests.test_broken_clock_is_unknown_not_zero_duration) ... ok
2026-09-17T06:01:30.7950130Z test_exact_stages_allow_only_submicrosecond_rounding (test_prepare_timing.PrepareTimingTests.test_exact_stages_allow_only_submicrosecond_rounding) ... ok
2026-09-17T06:01:30.7951298Z test_integer_types_bounds_and_missing_stages_fail (test_prepare_timing.PrepareTimingTests.test_integer_types_bounds_and_missing_stages_fail) ... ok
2026-09-17T06:01:30.7952498Z test_wrong_scope_or_unknown_fields_cannot_claim_finality (test_prepare_timing.PrepareTimingTests.test_wrong_scope_or_unknown_fields_cannot_claim_finality) ... ok
2026-09-17T06:01:30.7953727Z test_declared_wire_and_manifest_resource_bounds (test_protocol_vectors.ProtocolTranscriptVectors.test_declared_wire_and_manifest_resource_bounds) ... ok
2026-09-17T06:01:30.7954910Z test_legacy_and_genesis_bound_reference_vectors (test_protocol_vectors.ProtocolTranscriptVectors.test_legacy_and_genesis_bound_reference_vectors) ... ok
2026-09-17T06:01:30.8195658Z test_create_only (test_source_snapshot.SourceSnapshotTests.test_create_only) ... ok
2026-09-17T06:01:30.8442001Z test_excludes_untracked_ignored_and_modified_working_copy (test_source_snapshot.SourceSnapshotTests.test_excludes_untracked_ignored_and_modified_working_copy) ... ok
2026-09-17T06:01:30.8701048Z test_file_count_and_size_are_checked_before_blob_fetch (test_source_snapshot.SourceSnapshotTests.test_file_count_and_size_are_checked_before_blob_fetch) ... ok
2026-09-17T06:01:30.8935660Z test_modified_batch_payload_fails_identity_check (test_source_snapshot.SourceSnapshotTests.test_modified_batch_payload_fails_identity_check) ... ok
2026-09-17T06:01:30.9252641Z test_no_checkout_eol_filter_changes (test_source_snapshot.SourceSnapshotTests.test_no_checkout_eol_filter_changes) ... ok
2026-09-17T06:01:30.9433409Z test_non_oid_and_option_inputs_rejected (test_source_snapshot.SourceSnapshotTests.test_non_oid_and_option_inputs_rejected) ... ok
2026-09-17T06:01:30.9726860Z test_tracked_link_refused_without_following_it (test_source_snapshot.SourceSnapshotTests.test_tracked_link_refused_without_following_it) ... ok
2026-09-17T06:01:31.0031654Z test_uses_captured_commit_not_moving_head (test_source_snapshot.SourceSnapshotTests.test_uses_captured_commit_not_moving_head) ... ok
2026-09-17T06:01:31.0490956Z test_cli_failure_is_redacted_and_returns_nonzero (test_verify_local_lab.BundleVerificationTests.test_cli_failure_is_redacted_and_returns_nonzero) ... ok
2026-09-17T06:01:31.0506178Z test_directory_cannot_substitute_for_executable (test_verify_local_lab.BundleVerificationTests.test_directory_cannot_substitute_for_executable) ... ok
2026-09-17T06:01:31.0520376Z test_duplicate_json_fields_rejected_even_with_matching_pin (test_verify_local_lab.BundleVerificationTests.test_duplicate_json_fields_rejected_even_with_matching_pin) ... ok
2026-09-17T06:01:31.0557161Z test_each_modified_payload_is_rejected (test_verify_local_lab.BundleVerificationTests.test_each_modified_payload_is_rejected) ... ok
2026-09-17T06:01:31.0571385Z test_file_size_change_is_rejected (test_verify_local_lab.BundleVerificationTests.test_file_size_change_is_rejected) ... ok
2026-09-17T06:01:31.0604181Z test_invalid_sizes_and_hashes_are_rejected (test_verify_local_lab.BundleVerificationTests.test_invalid_sizes_and_hashes_are_rejected) ... ok
2026-09-17T06:01:31.0626076Z test_matching_bundle_verifies_without_launch_or_mutation (test_verify_local_lab.BundleVerificationTests.test_matching_bundle_verifies_without_launch_or_mutation) ... ok
2026-09-17T06:01:31.0641057Z test_missing_and_unlisted_files_rejected (test_verify_local_lab.BundleVerificationTests.test_missing_and_unlisted_files_rejected) ... ok
2026-09-17T06:01:31.0654773Z test_oversized_manifest_rejected_before_parse (test_verify_local_lab.BundleVerificationTests.test_oversized_manifest_rejected_before_parse) ... ok
2026-09-17T06:01:31.0668688Z test_rewritten_manifest_without_trusted_pin_rejected (test_verify_local_lab.BundleVerificationTests.test_rewritten_manifest_without_trusted_pin_rejected) ... ok
2026-09-17T06:01:31.0717160Z test_strict_false_flags_not_numeric_zero (test_verify_local_lab.BundleVerificationTests.test_strict_false_flags_not_numeric_zero) ... ok
2026-09-17T06:01:31.0741270Z test_unknown_and_legacy_manifest_fields_rejected (test_verify_local_lab.BundleVerificationTests.test_unknown_and_legacy_manifest_fields_rejected) ... ok
2026-09-17T06:01:31.0767919Z test_unsafe_duplicate_and_unknown_filenames_rejected (test_verify_local_lab.BundleVerificationTests.test_unsafe_duplicate_and_unknown_filenames_rejected) ... ok
2026-09-17T06:01:31.0788834Z test_windows_bundle_supported_but_mixed_platform_refused (test_verify_local_lab.BundleVerificationTests.test_windows_bundle_supported_but_mixed_platform_refused) ... ok
2026-09-17T06:01:31.0801257Z test_windows_reparse_point_is_not_regular_input (test_verify_local_lab.BundleVerificationTests.test_windows_reparse_point_is_not_regular_input) ... ok
2026-09-17T06:01:31.0816211Z test_wrong_independent_pin_and_commit_rejected (test_verify_local_lab.BundleVerificationTests.test_wrong_independent_pin_and_commit_rejected) ... ok
2026-09-17T06:01:31.0818346Z test_capacity_report_must_be_one_record (test_wallet_compaction.CompactionTests.test_capacity_report_must_be_one_record) ... ok
2026-09-17T06:01:31.0820257Z test_compact_frame_requires_pin_and_exactly_two_paths (test_wallet_compaction.CompactionTests.test_compact_frame_requires_pin_and_exactly_two_paths) ... ok
2026-09-17T06:01:31.0881077Z test_confirmation_and_response_checks_without_scanning_or_spending (test_wallet_compaction.CompactionTests.test_confirmation_and_response_checks_without_scanning_or_spending) ... ok
2026-09-17T06:01:31.0883624Z test_mismatched_source_target_and_claimed_payment_status_rejected (test_wallet_compaction.CompactionTests.test_mismatched_source_target_and_claimed_payment_status_rejected) ... ok
2026-09-17T06:01:31.0936796Z test_missing_pin_or_existing_target_never_asks_password_or_starts_backend (test_wallet_compaction.CompactionTests.test_missing_pin_or_existing_target_never_asks_password_or_starts_backend) ... ok
2026-09-17T06:01:31.0938834Z test_receipt_handover_is_not_balance_or_finality (test_wallet_compaction.CompactionTests.test_receipt_handover_is_not_balance_or_finality) ... ok
2026-09-17T06:01:31.0949778Z test_active_manifest_keeps_lab2_payments_and_isolates_legacy_domain (test_wallet_network.NetworkIdentityTests.test_active_manifest_keeps_lab2_payments_and_isolates_legacy_domain) ... ok
2026-09-17T06:01:31.0973592Z test_addresses_reject_mutation_and_noncanonical_text (test_wallet_network.NetworkIdentityTests.test_addresses_reject_mutation_and_noncanonical_text) ... ok
2026-09-17T06:01:31.0977684Z test_bound_checksum_and_expected_identity (test_wallet_network.NetworkIdentityTests.test_bound_checksum_and_expected_identity) ... ok
2026-09-17T06:01:31.1130889Z test_invalid_payment_numbers_fail_before_password_or_backend (test_wallet_network.NetworkIdentityTests.test_invalid_payment_numbers_fail_before_password_or_backend) ... ok
2026-09-17T06:01:31.1206558Z test_network_address_frontend_checks_backend_identity (test_wallet_network.NetworkIdentityTests.test_network_address_frontend_checks_backend_identity) ... ok
2026-09-17T06:01:31.1211218Z test_network_address_wire_operation_has_exact_field_count (test_wallet_network.NetworkIdentityTests.test_network_address_wire_operation_has_exact_field_count) ... ok
2026-09-17T06:01:31.1224208Z test_pinned_genesis_is_read_only_and_profile_is_explicit (test_wallet_network.NetworkIdentityTests.test_pinned_genesis_is_read_only_and_profile_is_explicit) ... ok
2026-09-17T06:01:31.1236840Z test_public_supply_precheck_rejects_bad_allocation_not_just_pin (test_wallet_network.NetworkIdentityTests.test_public_supply_precheck_rejects_bad_allocation_not_just_pin) ... ok
2026-09-17T06:01:31.1619775Z test_truncated_unknown_overlarge_and_wrong_network_frames_fail (test_wallet_network.NetworkIdentityTests.test_truncated_unknown_overlarge_and_wrong_network_frames_fail) ... ok
2026-09-17T06:01:31.1624452Z test_untrusted_pin_missing_and_nonregular_files_fail (test_wallet_network.NetworkIdentityTests.test_untrusted_pin_missing_and_nonregular_files_fail) ... ok
2026-09-17T06:01:31.1685078Z test_wrong_network_frontend_stops_before_password_and_backend (test_wallet_network.NetworkIdentityTests.test_wrong_network_frontend_stops_before_password_and_backend) ... ok
2026-09-17T06:01:31.1713761Z test_console_storage_never_selects_history_or_constructs_payment (test_wallet_storage.StorageStatusTests.test_console_storage_never_selects_history_or_constructs_payment) ... ok
2026-09-17T06:01:31.1715801Z test_extra_missing_and_unsupported_fields_fail (test_wallet_storage.StorageStatusTests.test_extra_missing_and_unsupported_fields_fail) ... ok
2026-09-17T06:01:31.1717397Z test_new_and_full_reports_are_not_balance_or_confirmation (test_wallet_storage.StorageStatusTests.test_new_and_full_reports_are_not_balance_or_confirmation) ... ok
2026-09-17T06:01:31.1719712Z test_rejects_false_capacity_and_noncanonical_types (test_wallet_storage.StorageStatusTests.test_rejects_false_capacity_and_noncanonical_types) ... ok
2026-09-17T06:01:31.1721628Z test_storage_request_has_one_field_and_existing_private_pin (test_wallet_storage.StorageStatusTests.test_storage_request_has_one_field_and_existing_private_pin) ... ok
2026-09-17T06:01:31.1723206Z test_address_checksum_and_numeric_canonicality (test_zevune_wallet.WalletConsoleTests.test_address_checksum_and_numeric_canonicality) ... ok
2026-09-17T06:01:31.1724856Z test_no_echo_fallback_and_confirmation (test_zevune_wallet.WalletConsoleTests.test_no_echo_fallback_and_confirmation) ... ok
2026-09-17T06:01:31.1737556Z test_private_input_never_enters_arguments_or_environment (test_zevune_wallet.WalletConsoleTests.test_private_input_never_enters_arguments_or_environment) ... ok
2026-09-17T06:01:31.1739061Z test_request_bounds_and_receipt (test_zevune_wallet.WalletConsoleTests.test_request_bounds_and_receipt) ... ok
2026-09-17T06:01:31.1744153Z test_wrong_executable_digest_prevents_execution (test_zevune_wallet.WalletConsoleTests.test_wrong_executable_digest_prevents_execution) ... ok
2026-09-17T06:01:31.1744812Z 
2026-09-17T06:01:31.1745006Z ----------------------------------------------------------------------
2026-09-17T06:01:31.1745417Z Ran 135 tests in 2.888s
2026-09-17T06:01:31.1745569Z 
2026-09-17T06:01:31.1745669Z OK (skipped=3)
2026-09-17T06:01:31.4742215Z     Updating crates.io index
2026-09-17T06:01:31.6181220Z  Downloading crates ...
2026-09-17T06:01:31.6663273Z   Downloaded unicode-ident v1.0.24
2026-09-17T06:01:31.6702420Z   Downloaded tap v1.0.1
2026-09-17T06:01:31.6714762Z   Downloaded thiserror-impl v2.0.20
2026-09-17T06:01:31.6736031Z   Downloaded thiserror v2.0.20
2026-09-17T06:01:31.6810129Z   Downloaded syn v3.0.5
2026-09-17T06:01:31.6937161Z   Downloaded tracing v0.1.44
2026-09-17T06:01:31.7102977Z   Downloaded universal-hash v0.5.1
2026-09-17T06:01:31.7111848Z   Downloaded version_check v0.9.5
2026-09-17T06:01:31.7126515Z   Downloaded wyz v0.5.1
2026-09-17T06:01:31.7138396Z   Downloaded zcash_note_encryption v0.4.2
2026-09-17T06:01:31.7156940Z   Downloaded zeroize v1.9.0
2026-09-17T06:01:31.7178092Z   Downloaded zip32 v0.2.1
2026-09-17T06:01:31.7195976Z   Downloaded tracing-core v0.1.36
2026-09-17T06:01:31.7225980Z   Downloaded visibility v0.1.1
2026-09-17T06:01:31.7243051Z   Downloaded uint v0.9.5
2026-09-17T06:01:31.7258562Z   Downloaded tracing-attributes v0.1.31
2026-09-17T06:01:31.7288170Z   Downloaded zcash_spec v0.2.1
2026-09-17T06:01:31.7304388Z   Downloaded zerocopy v0.8.57
2026-09-17T06:01:31.7537185Z   Downloaded zeroize_derive v1.5.0
2026-09-17T06:01:31.7551390Z   Downloaded typenum v1.20.1
2026-09-17T06:01:31.7595932Z   Downloaded aead v0.5.2
2026-09-17T06:01:31.7606763Z   Downloaded crunchy v0.2.4
2026-09-17T06:01:31.7615392Z   Downloaded const-crc32-nostd v1.3.1
2026-09-17T06:01:31.7627958Z   Downloaded crypto-common v0.1.7
2026-09-17T06:01:31.7641886Z   Downloaded derive-getters v0.5.0
2026-09-17T06:01:31.7683439Z   Downloaded cpufeatures v0.2.17
2026-09-17T06:01:31.7697434Z   Downloaded cobs v0.3.0
2026-09-17T06:01:31.7716736Z   Downloaded autocfg v1.5.1
2026-09-17T06:01:31.7736777Z   Downloaded argon2 v0.5.3
2026-09-17T06:01:31.7753811Z   Downloaded arrayvec v0.7.8
2026-09-17T06:01:31.7775631Z   Downloaded constant_time_eq v0.4.2
2026-09-17T06:01:31.7797089Z   Downloaded corez v0.1.1
2026-09-17T06:01:31.7815483Z   Downloaded crossbeam-deque v0.8.8
2026-09-17T06:01:31.7831251Z   Downloaded group v0.13.0
2026-09-17T06:01:31.7847208Z   Downloaded blake2 v0.10.6
2026-09-17T06:01:31.7873594Z   Downloaded crossbeam-epoch v0.9.21
2026-09-17T06:01:31.7898414Z   Downloaded bech32 v0.11.1
2026-09-17T06:01:31.7930755Z   Downloaded crossbeam-utils v0.8.23
2026-09-17T06:01:31.7960839Z   Downloaded scopeguard v1.2.0
2026-09-17T06:01:31.7973087Z   Downloaded aes v0.8.4
2026-09-17T06:01:31.8008530Z   Downloaded digest v0.10.7
2026-09-17T06:01:31.8026979Z   Downloaded either v1.18.0
2026-09-17T06:01:31.8042744Z   Downloaded spin v0.9.9
2026-09-17T06:01:31.8066232Z   Downloaded document-features v0.2.12
2026-09-17T06:01:31.8079073Z   Downloaded ff v0.13.1
2026-09-17T06:01:31.8094088Z   Downloaded pin-project-lite v0.2.17
2026-09-17T06:01:31.8155089Z   Downloaded cfg-if v1.0.4
2026-09-17T06:01:31.8168301Z   Downloaded memuse v0.2.2
2026-09-17T06:01:31.8182618Z   Downloaded blake2b_simd v1.0.5
2026-09-17T06:01:31.8196298Z   Downloaded serdect v0.2.0
2026-09-17T06:01:31.8211023Z   Downloaded poly1305 v0.8.0
2026-09-17T06:01:31.8235923Z   Downloaded block-buffer v0.10.4
2026-09-17T06:01:31.8246518Z   Downloaded lock_api v0.4.14
2026-09-17T06:01:31.8259286Z   Downloaded opaque-debug v0.3.1
2026-09-17T06:01:31.8268825Z   Downloaded num-traits v0.2.19
2026-09-17T06:01:31.8295445Z   Downloaded serde_core v1.0.229
2026-09-17T06:01:31.8325811Z   Downloaded base16ct v0.2.0
2026-09-17T06:01:31.8340122Z   Downloaded hex v0.4.3
2026-09-17T06:01:31.8356230Z   Downloaded frost-rerandomized v3.0.0
2026-09-17T06:01:31.8366031Z   Downloaded rayon-core v1.13.0
2026-09-17T06:01:31.8404080Z   Downloaded static_assertions v1.1.0
2026-09-17T06:01:31.8418563Z   Downloaded inout v0.1.4
2026-09-17T06:01:31.8430327Z   Downloaded rand_chacha v0.3.1
2026-09-17T06:01:31.8441939Z   Downloaded sha2 v0.10.9
2026-09-17T06:01:31.8468280Z   Downloaded stable_deref_trait v1.2.1
2026-09-17T06:01:31.8477514Z   Downloaded rand v0.8.5
2026-09-17T06:01:31.8512752Z   Downloaded getset v0.1.7
2026-09-17T06:01:31.8529005Z   Downloaded rustc_version v0.4.1
2026-09-17T06:01:31.8542506Z   Downloaded once_cell v1.21.4
2026-09-17T06:01:31.8568076Z   Downloaded ppv-lite86 v0.2.21
2026-09-17T06:01:31.8581713Z   Downloaded serde_derive v1.0.229
2026-09-17T06:01:31.8612931Z   Downloaded radium v0.7.0
2026-09-17T06:01:31.8623566Z   Downloaded maybe-rayon v0.1.1
2026-09-17T06:01:31.8631750Z   Downloaded nonempty v0.11.0
2026-09-17T06:01:31.8645506Z   Downloaded funty v2.0.0
2026-09-17T06:01:31.8653467Z   Downloaded subtle v2.6.1
2026-09-17T06:01:31.8665572Z   Downloaded lazy_static v1.5.0
2026-09-17T06:01:31.8683902Z   Downloaded halo2_legacy_pdqsort v0.1.0
2026-09-17T06:01:31.8695084Z   Downloaded embedded-io v0.4.0
2026-09-17T06:01:31.8712832Z   Downloaded embedded-io v0.6.1
2026-09-17T06:01:31.8726601Z   Downloaded cbc v0.1.2
2026-09-17T06:01:31.8742675Z   Downloaded hash32 v0.2.1
2026-09-17T06:01:31.8766586Z   Downloaded generic-array v0.14.7
2026-09-17T06:01:31.8775160Z   Downloaded quote v1.0.47
2026-09-17T06:01:31.8803598Z   Downloaded chacha20 v0.9.1
2026-09-17T06:01:31.8824465Z   Downloaded cipher v0.4.4
2026-09-17T06:01:31.8839819Z   Downloaded byteorder v1.5.0
2026-09-17T06:01:31.8856513Z   Downloaded fpe v0.6.1
2026-09-17T06:01:31.8876952Z   Downloaded incrementalmerkletree v0.8.1
2026-09-17T06:01:31.8889549Z   Downloaded rand_core v0.6.4
2026-09-17T06:01:31.8903513Z   Downloaded semver v1.0.28
2026-09-17T06:01:31.8927782Z   Downloaded base64ct v1.8.3
2026-09-17T06:01:31.8954252Z   Downloaded jubjub v0.10.0
2026-09-17T06:01:31.8987994Z   Downloaded halo2_poseidon v0.1.0
2026-09-17T06:01:31.9003256Z   Downloaded password-hash v0.5.0
2026-09-17T06:01:31.9021655Z   Downloaded proc-macro2 v1.0.107
2026-09-17T06:01:31.9052013Z   Downloaded num-integer v0.1.47
2026-09-17T06:01:31.9068287Z   Downloaded litrs v1.0.0
2026-09-17T06:01:31.9100375Z   Downloaded postcard v1.1.3
2026-09-17T06:01:31.9124366Z   Downloaded getrandom v0.2.17
2026-09-17T06:01:31.9154547Z   Downloaded indexmap v1.9.3
2026-09-17T06:01:31.9187544Z   Downloaded chacha20poly1305 v0.10.1
2026-09-17T06:01:31.9204201Z   Downloaded frost-core v3.0.0
2026-09-17T06:01:31.9237614Z   Downloaded heapless v0.7.17
2026-09-17T06:01:31.9276491Z   Downloaded num-bigint v0.4.8
2026-09-17T06:01:31.9325465Z   Downloaded serde v1.0.229
2026-09-17T06:01:31.9362245Z   Downloaded hashbrown v0.12.3
2026-09-17T06:01:31.9400140Z   Downloaded itertools v0.14.0
2026-09-17T06:01:31.9474486Z   Downloaded reddsa v0.5.2
2026-09-17T06:01:31.9526675Z   Downloaded sinsemilla v0.1.0
2026-09-17T06:01:31.9550084Z   Downloaded libm v0.2.16
2026-09-17T06:01:31.9664171Z   Downloaded rayon v1.12.0
2026-09-17T06:01:31.9761781Z   Downloaded halo2_proofs v0.3.5
2026-09-17T06:01:31.9841666Z   Downloaded bitvec v1.1.1
2026-09-17T06:01:32.0049135Z   Downloaded halo2_gadgets v0.5.0
2026-09-17T06:01:32.0167613Z   Downloaded pasta_curves v0.5.2
2026-09-17T06:01:32.0243808Z   Downloaded syn v2.0.119
2026-09-17T06:01:32.0357108Z   Downloaded bls12_381 v0.8.0
2026-09-17T06:01:32.0411616Z   Downloaded orchard v0.15.5
2026-09-17T06:01:32.0587470Z   Downloaded libc v0.2.189
2026-09-17T06:01:32.1419430Z    Compiling libc v0.2.189
2026-09-17T06:01:32.1420397Z    Compiling cfg-if v1.0.4
2026-09-17T06:01:32.1608977Z    Compiling proc-macro2 v1.0.107
2026-09-17T06:01:32.4107326Z    Compiling unicode-ident v1.0.24
2026-09-17T06:01:32.4479087Z    Compiling quote v1.0.47
2026-09-17T06:01:33.0367846Z    Compiling getrandom v0.2.17
2026-09-17T06:01:33.0544481Z    Compiling subtle v2.6.1
2026-09-17T06:01:33.1301460Z    Compiling rand_core v0.6.4
2026-09-17T06:01:33.1700225Z    Compiling version_check v0.9.5
2026-09-17T06:01:33.2702326Z    Compiling typenum v1.20.1
2026-09-17T06:01:33.3178925Z    Compiling generic-array v0.14.7
2026-09-17T06:01:33.3786162Z    Compiling syn v2.0.119
2026-09-17T06:01:34.1614187Z    Compiling crypto-common v0.1.7
2026-09-17T06:01:34.2095713Z    Compiling radium v0.7.0
2026-09-17T06:01:34.2872290Z    Compiling tap v1.0.1
2026-09-17T06:01:34.3247648Z    Compiling wyz v0.5.1
2026-09-17T06:01:34.5453905Z    Compiling zerocopy v0.8.57
2026-09-17T06:01:34.6876085Z    Compiling autocfg v1.5.1
2026-09-17T06:01:34.8885154Z    Compiling funty v2.0.0
2026-09-17T06:01:35.6462914Z    Compiling bitvec v1.1.1
2026-09-17T06:01:36.6910372Z    Compiling zeroize_derive v1.5.0
2026-09-17T06:01:37.6175284Z    Compiling ff v0.13.1
2026-09-17T06:01:37.6802881Z    Compiling zeroize v1.9.0
2026-09-17T06:01:37.7653351Z    Compiling memuse v0.2.2
2026-09-17T06:01:37.8491638Z    Compiling constant_time_eq v0.4.2
2026-09-17T06:01:37.9376150Z    Compiling arrayvec v0.7.8
2026-09-17T06:01:38.0747907Z    Compiling crossbeam-utils v0.8.23
2026-09-17T06:01:38.1815953Z    Compiling blake2b_simd v1.0.5
2026-09-17T06:01:39.6235910Z    Compiling ppv-lite86 v0.2.21
2026-09-17T06:01:39.8470851Z    Compiling crossbeam-epoch v0.9.21
2026-09-17T06:01:39.8549294Z    Compiling rand_chacha v0.3.1
2026-09-17T06:01:40.2916650Z    Compiling group v0.13.0
2026-09-17T06:01:40.3443855Z    Compiling inout v0.1.4
2026-09-17T06:01:40.3954236Z    Compiling cpufeatures v0.2.17
2026-09-17T06:01:40.3979928Z    Compiling crossbeam-deque v0.8.8
2026-09-17T06:01:40.4156473Z    Compiling static_assertions v1.1.0
2026-09-17T06:01:40.4373270Z    Compiling spin v0.9.9
2026-09-17T06:01:40.4804179Z    Compiling lazy_static v1.5.0
2026-09-17T06:01:40.4879487Z    Compiling cipher v0.4.4
2026-09-17T06:01:40.6219028Z    Compiling rand v0.8.5
2026-09-17T06:01:40.7737256Z    Compiling rayon-core v1.13.0
2026-09-17T06:01:40.9379051Z    Compiling num-traits v0.2.19
2026-09-17T06:01:40.9900939Z    Compiling syn v3.0.5
2026-09-17T06:01:41.1703750Z    Compiling pasta_curves v0.5.2
2026-09-17T06:01:42.5840624Z    Compiling either v1.18.0
2026-09-17T06:01:43.9521738Z    Compiling indexmap v1.9.3
2026-09-17T06:01:44.0053749Z    Compiling once_cell v1.21.4
2026-09-17T06:01:44.1259678Z    Compiling serde_core v1.0.229
2026-09-17T06:01:44.2247707Z    Compiling crunchy v0.2.4
2026-09-17T06:01:44.3157412Z    Compiling tracing-core v0.1.36
2026-09-17T06:01:45.0301452Z    Compiling rayon v1.12.0
2026-09-17T06:01:47.3905796Z    Compiling tracing-attributes v0.1.31
2026-09-17T06:01:48.0994691Z    Compiling universal-hash v0.5.1
2026-09-17T06:01:48.1466869Z    Compiling block-buffer v0.10.4
2026-09-17T06:01:48.2009692Z    Compiling opaque-debug v0.3.1
2026-09-17T06:01:48.2193225Z    Compiling hex v0.4.3
2026-09-17T06:01:48.3799353Z    Compiling byteorder v1.5.0
2026-09-17T06:01:48.5229400Z    Compiling pin-project-lite v0.2.17
2026-09-17T06:01:48.5494506Z    Compiling hashbrown v0.12.3
2026-09-17T06:01:48.9542824Z    Compiling libm v0.2.16
2026-09-17T06:01:49.0579295Z    Compiling serde v1.0.229
2026-09-17T06:01:49.1509640Z    Compiling thiserror v2.0.20
2026-09-17T06:01:49.6198794Z    Compiling tracing v0.1.44
2026-09-17T06:01:49.8241931Z    Compiling poly1305 v0.8.0
2026-09-17T06:01:50.3039363Z    Compiling digest v0.10.7
2026-09-17T06:01:50.4709337Z    Compiling num-integer v0.1.47
2026-09-17T06:01:50.8367903Z    Compiling maybe-rayon v0.1.1
2026-09-17T06:01:52.5624344Z    Compiling serde_derive v1.0.229
2026-09-17T06:01:54.4710599Z    Compiling thiserror-impl v2.0.20
2026-09-17T06:01:55.1830553Z    Compiling chacha20 v0.9.1
2026-09-17T06:01:55.3055574Z    Compiling bls12_381 v0.8.0
2026-09-17T06:01:55.6014799Z    Compiling aead v0.5.2
2026-09-17T06:01:55.6727795Z    Compiling halo2_legacy_pdqsort v0.1.0
2026-09-17T06:01:55.7398299Z    Compiling halo2_proofs v0.3.5
2026-09-17T06:01:55.9918682Z    Compiling chacha20poly1305 v0.10.1
2026-09-17T06:01:56.0423821Z    Compiling jubjub v0.10.0
2026-09-17T06:01:58.5361195Z    Compiling uint v0.9.5
2026-09-17T06:01:58.5967766Z    Compiling num-bigint v0.4.8
2026-09-17T06:02:01.5781760Z    Compiling sinsemilla v0.1.0
2026-09-17T06:02:02.0815284Z    Compiling halo2_poseidon v0.1.0
2026-09-17T06:02:02.5601938Z    Compiling cbc v0.1.2
2026-09-17T06:02:02.6292577Z    Compiling zcash_spec v0.2.1
2026-09-17T06:02:02.6922623Z    Compiling bech32 v0.11.1
2026-09-17T06:02:02.8225790Z    Compiling base64ct v1.8.3
2026-09-17T06:02:03.0093204Z    Compiling password-hash v0.5.0
2026-09-17T06:02:03.0215876Z    Compiling zip32 v0.2.1
2026-09-17T06:02:03.3077456Z    Compiling halo2_gadgets v0.5.0
2026-09-17T06:02:03.7069460Z    Compiling fpe v0.6.1
2026-09-17T06:02:04.3301357Z    Compiling reddsa v0.5.2
2026-09-17T06:02:04.6017326Z    Compiling zcash_note_encryption v0.4.2
2026-09-17T06:02:04.7465040Z    Compiling blake2 v0.10.6
2026-09-17T06:02:05.0984306Z    Compiling incrementalmerkletree v0.8.1
2026-09-17T06:02:05.2235173Z    Compiling aes v0.8.4
2026-09-17T06:02:05.9609790Z    Compiling getset v0.1.7
2026-09-17T06:02:06.2483720Z    Compiling visibility v0.1.1
2026-09-17T06:02:06.3521993Z    Compiling nonempty v0.11.0
2026-09-17T06:02:06.4337894Z    Compiling corez v0.1.1
2026-09-17T06:02:06.4538398Z    Compiling argon2 v0.5.3
2026-09-17T06:02:07.2071921Z    Compiling orchard v0.15.5
2026-09-17T06:02:08.7029974Z    Compiling sha2 v0.10.9
2026-09-17T06:02:10.0747120Z    Compiling zevune-orchard-lab v0.1.0 (/home/runner/work/Zevune/Zevune/integration/orchard)
2026-09-17T06:02:36.3847092Z     Finished `release` profile [optimized] target(s) in 1m 04s
2026-09-17T06:02:36.4251580Z ##[group]Run python scripts/build_local_lab.py --output "$RUNNER_TEMP/zevune-local-bundle"
2026-09-17T06:02:36.4252271Z [36;1mpython scripts/build_local_lab.py --output "$RUNNER_TEMP/zevune-local-bundle"[0m
2026-09-17T06:02:36.4288334Z shell: /usr/bin/bash --noprofile --norc -e -o pipefail {0}
2026-09-17T06:02:36.4288684Z env:
2026-09-17T06:02:36.4288884Z   RAYON_NUM_THREADS: 2
2026-09-17T06:02:36.4289105Z   CARGO_BUILD_JOBS: 2
2026-09-17T06:02:36.4289325Z   GOTOOLCHAIN: local
2026-09-17T06:02:36.4289554Z ##[endgroup]
2026-09-17T06:03:06.6712773Z    Compiling libc v0.2.189
2026-09-17T06:03:06.6713543Z    Compiling cfg-if v1.0.4
2026-09-17T06:03:06.6905633Z    Compiling proc-macro2 v1.0.107
2026-09-17T06:03:06.8479066Z    Compiling unicode-ident v1.0.24
2026-09-17T06:03:06.8840035Z    Compiling quote v1.0.47
2026-09-17T06:03:07.4331805Z    Compiling getrandom v0.2.17
2026-09-17T06:03:07.4375274Z    Compiling version_check v0.9.5
2026-09-17T06:03:07.5533556Z    Compiling rand_core v0.6.4
2026-09-17T06:03:07.5655519Z    Compiling subtle v2.6.1
2026-09-17T06:03:07.6317214Z    Compiling generic-array v0.14.7
2026-09-17T06:03:07.6810153Z    Compiling typenum v1.20.1
2026-09-17T06:03:07.6928336Z    Compiling syn v2.0.119
2026-09-17T06:03:08.5212432Z    Compiling crypto-common v0.1.7
2026-09-17T06:03:08.5653560Z    Compiling radium v0.7.0
2026-09-17T06:03:08.6388463Z    Compiling tap v1.0.1
2026-09-17T06:03:08.6741160Z    Compiling wyz v0.5.1
2026-09-17T06:03:08.8973596Z    Compiling zerocopy v0.8.57
2026-09-17T06:03:09.0307379Z    Compiling funty v2.0.0
2026-09-17T06:03:09.7649654Z    Compiling autocfg v1.5.1
2026-09-17T06:03:09.9565908Z    Compiling bitvec v1.1.1
2026-09-17T06:03:10.7329186Z    Compiling zeroize_derive v1.5.0
2026-09-17T06:03:11.7309080Z    Compiling ff v0.13.1
2026-09-17T06:03:11.7900420Z    Compiling zeroize v1.9.0
2026-09-17T06:03:11.8648928Z    Compiling arrayvec v0.7.8
2026-09-17T06:03:11.9849605Z    Compiling constant_time_eq v0.4.2
2026-09-17T06:03:12.0612391Z    Compiling memuse v0.2.2
2026-09-17T06:03:12.1393866Z    Compiling crossbeam-utils v0.8.23
2026-09-17T06:03:12.2276012Z    Compiling blake2b_simd v1.0.5
2026-09-17T06:03:13.5078790Z    Compiling ppv-lite86 v0.2.21
2026-09-17T06:03:13.7113778Z    Compiling crossbeam-epoch v0.9.21
2026-09-17T06:03:13.7801918Z    Compiling rand_chacha v0.3.1
2026-09-17T06:03:14.1762366Z    Compiling group v0.13.0
2026-09-17T06:03:14.1938510Z    Compiling inout v0.1.4
2026-09-17T06:03:14.2398875Z    Compiling static_assertions v1.1.0
2026-09-17T06:03:14.2601083Z    Compiling crossbeam-deque v0.8.8
2026-09-17T06:03:14.2683111Z    Compiling spin v0.9.9
2026-09-17T06:03:14.3161153Z    Compiling cpufeatures v0.2.17
2026-09-17T06:03:14.3350874Z    Compiling lazy_static v1.5.0
2026-09-17T06:03:14.3391821Z    Compiling cipher v0.4.4
2026-09-17T06:03:14.4616062Z    Compiling rand v0.8.5
2026-09-17T06:03:14.6046596Z    Compiling rayon-core v1.13.0
2026-09-17T06:03:14.7540602Z    Compiling num-traits v0.2.19
2026-09-17T06:03:14.8032647Z    Compiling syn v3.0.5
2026-09-17T06:03:14.9668696Z    Compiling pasta_curves v0.5.2
2026-09-17T06:03:16.2341963Z    Compiling either v1.18.0
2026-09-17T06:03:17.4757666Z    Compiling indexmap v1.9.3
2026-09-17T06:03:17.5228737Z    Compiling crunchy v0.2.4
2026-09-17T06:03:17.5921435Z    Compiling serde_core v1.0.229
2026-09-17T06:03:17.6805715Z    Compiling once_cell v1.21.4
2026-09-17T06:03:17.7894571Z    Compiling tracing-core v0.1.36
2026-09-17T06:03:18.4676453Z    Compiling rayon v1.12.0
2026-09-17T06:03:20.5866268Z    Compiling tracing-attributes v0.1.31
2026-09-17T06:03:21.2223215Z    Compiling universal-hash v0.5.1
2026-09-17T06:03:21.2649683Z    Compiling block-buffer v0.10.4
2026-09-17T06:03:21.3157001Z    Compiling hex v0.4.3
2026-09-17T06:03:21.4635655Z    Compiling opaque-debug v0.3.1
2026-09-17T06:03:21.4803198Z    Compiling libm v0.2.16
2026-09-17T06:03:21.5734370Z    Compiling serde v1.0.229
2026-09-17T06:03:21.6601282Z    Compiling thiserror v2.0.20
2026-09-17T06:03:21.7648877Z    Compiling hashbrown v0.12.3
2026-09-17T06:03:22.1269799Z    Compiling pin-project-lite v0.2.17
2026-09-17T06:03:22.1521171Z    Compiling byteorder v1.5.0
2026-09-17T06:03:22.2835203Z    Compiling tracing v0.1.44
2026-09-17T06:03:22.7997080Z    Compiling poly1305 v0.8.0
2026-09-17T06:03:23.2012804Z    Compiling digest v0.10.7
2026-09-17T06:03:23.3147736Z    Compiling num-integer v0.1.47
2026-09-17T06:03:23.6415583Z    Compiling maybe-rayon v0.1.1
2026-09-17T06:03:25.2362510Z    Compiling thiserror-impl v2.0.20
2026-09-17T06:03:25.8796576Z    Compiling serde_derive v1.0.229
2026-09-17T06:03:27.6267615Z    Compiling chacha20 v0.9.1
2026-09-17T06:03:27.7379174Z    Compiling bls12_381 v0.8.0
2026-09-17T06:03:28.0139828Z    Compiling aead v0.5.2
2026-09-17T06:03:28.0831102Z    Compiling halo2_legacy_pdqsort v0.1.0
2026-09-17T06:03:28.1473015Z    Compiling halo2_proofs v0.3.5
2026-09-17T06:03:29.2379881Z    Compiling chacha20poly1305 v0.10.1
2026-09-17T06:03:29.2836069Z    Compiling jubjub v0.10.0
2026-09-17T06:03:31.7002589Z    Compiling uint v0.9.5
2026-09-17T06:03:31.7505839Z    Compiling num-bigint v0.4.8
2026-09-17T06:03:33.4799338Z    Compiling halo2_poseidon v0.1.0
2026-09-17T06:03:33.9521579Z    Compiling sinsemilla v0.1.0
2026-09-17T06:03:34.9794966Z    Compiling cbc v0.1.2
2026-09-17T06:03:35.0300074Z    Compiling zcash_spec v0.2.1
2026-09-17T06:03:35.0717581Z    Compiling base64ct v1.8.3
2026-09-17T06:03:35.1477468Z    Compiling bech32 v0.11.1
2026-09-17T06:03:35.2455741Z    Compiling password-hash v0.5.0
2026-09-17T06:03:35.4637564Z    Compiling zip32 v0.2.1
2026-09-17T06:03:35.7339299Z    Compiling halo2_gadgets v0.5.0
2026-09-17T06:03:35.9182604Z    Compiling fpe v0.6.1
2026-09-17T06:03:36.5127203Z    Compiling reddsa v0.5.2
2026-09-17T06:03:36.7572965Z    Compiling zcash_note_encryption v0.4.2
2026-09-17T06:03:36.8864530Z    Compiling blake2 v0.10.6
2026-09-17T06:03:37.2203068Z    Compiling incrementalmerkletree v0.8.1
2026-09-17T06:03:37.3294863Z    Compiling aes v0.8.4
2026-09-17T06:03:38.0176449Z    Compiling visibility v0.1.1
2026-09-17T06:03:38.1088846Z    Compiling getset v0.1.7
2026-09-17T06:03:38.3642495Z    Compiling nonempty v0.11.0
2026-09-17T06:03:38.4377083Z    Compiling corez v0.1.1
2026-09-17T06:03:38.4574388Z    Compiling argon2 v0.5.3
2026-09-17T06:03:39.1542796Z    Compiling orchard v0.15.5
2026-09-17T06:03:40.7217554Z    Compiling sha2 v0.10.9
2026-09-17T06:03:41.8127491Z    Compiling zevune-orchard-lab v0.1.0 (/tmp/zevune-source-build-x1nuq4t4/source/integration/orchard)
2026-09-17T06:04:06.4804068Z     Finished `release` profile [optimized] target(s) in 59.90s
2026-09-17T06:04:06.6427519Z {"built": true, "source_commit": "cd5fe98053ce64e1acc6796dae44ec0e822c124f", "real_funds_allowed": false, "manifest_sha256": "0123efed94e7652b633d32ef9e4e11f59440654f16f7726f964264f6f9164077"}
2026-09-17T06:04:06.6539823Z ##[group]Run python - <<'PY'
2026-09-17T06:04:06.6540152Z [36;1mpython - <<'PY'[0m
2026-09-17T06:04:06.6540396Z [36;1mimport os[0m
2026-09-17T06:04:06.6540637Z [36;1mfrom pathlib import Path[0m
2026-09-17T06:04:06.6540955Z [36;1msuffix = '.exe' if os.name == 'nt' else ''[0m
2026-09-17T06:04:06.6541389Z [36;1mbundle = Path(os.environ['RUNNER_TEMP']) / 'zevune-local-bundle'[0m
2026-09-17T06:04:06.6541888Z [36;1mwith open(os.environ['GITHUB_ENV'], 'a', encoding='utf-8') as f:[0m
2026-09-17T06:04:06.6543156Z [36;1m    for key, path in [('ZEVUNE_NETWORK_OPERATOR', bundle / ('zevune-network' + suffix)), ('ZEVUNE_POOL_WORKER', bundle / ('zevune-pool-worker' + suffix)), ('ZEVUNE_FUNDED_SCENARIO', Path('integration/orchard/target/release').absolute() / ('zevune-funded-scenario' + suffix))]:[0m
2026-09-17T06:04:06.6544309Z [36;1m        f.write(key + '=' + str(path) + '\n')[0m
2026-09-17T06:04:06.6544612Z [36;1mPY[0m
2026-09-17T06:04:06.6580835Z shell: /usr/bin/bash --noprofile --norc -e -o pipefail {0}
2026-09-17T06:04:06.6581181Z env:
2026-09-17T06:04:06.6581377Z   RAYON_NUM_THREADS: 2
2026-09-17T06:04:06.6581600Z   CARGO_BUILD_JOBS: 2
2026-09-17T06:04:06.6581816Z   GOTOOLCHAIN: local
2026-09-17T06:04:06.6582026Z ##[endgroup]
2026-09-17T06:04:06.6928947Z ##[group]Run go test -mod=readonly -tags=operator_e2e ./labnet ./cmd/zevune-network -count=1 -timeout=15m -v
2026-09-17T06:04:06.6929743Z [36;1mgo test -mod=readonly -tags=operator_e2e ./labnet ./cmd/zevune-network -count=1 -timeout=15m -v[0m
2026-09-17T06:04:06.6930588Z [36;1mgo vet -mod=readonly -tags=operator_e2e ./labnet ./cmd/zevune-network[0m
2026-09-17T06:04:06.6966417Z shell: /usr/bin/bash --noprofile --norc -e -o pipefail {0}
2026-09-17T06:04:06.6966773Z env:
2026-09-17T06:04:06.6966971Z   RAYON_NUM_THREADS: 2
2026-09-17T06:04:06.6967196Z   CARGO_BUILD_JOBS: 2
2026-09-17T06:04:06.6967410Z   GOTOOLCHAIN: local
2026-09-17T06:04:06.6967793Z   ZEVUNE_NETWORK_OPERATOR: /home/runner/work/_temp/zevune-local-bundle/zevune-network
2026-09-17T06:04:06.6968731Z   ZEVUNE_POOL_WORKER: /home/runner/work/_temp/zevune-local-bundle/zevune-pool-worker
2026-09-17T06:04:06.6969456Z   ZEVUNE_FUNDED_SCENARIO: /home/runner/work/Zevune/Zevune/integration/orchard/target/release/zevune-funded-scenario
2026-09-17T06:04:06.6970004Z ##[endgroup]
2026-09-17T06:11:11.2424972Z === RUN   TestActiveFundedFourNodePaymentRestart
2026-09-17T06:11:11.2428243Z     active_funded_e2e_test.go:246: active profile: shipped init/run/sync/submit/storage, InitChain version rejection, genuine nonzero A->B, all-four-node restart, B->C spend, wallet history reopen, signed next-header verification and duplicate rejection passed; low-height NO-FUNDS scenario
2026-09-17T06:11:11.2430624Z --- PASS: TestActiveFundedFourNodePaymentRestart (80.34s)
2026-09-17T06:11:11.2431339Z === RUN   TestQuorumAndAllHeaderBindings
2026-09-17T06:11:11.2431960Z === RUN   TestQuorumAndAllHeaderBindings/chain
2026-09-17T06:11:11.2432620Z === RUN   TestQuorumAndAllHeaderBindings/validators
2026-09-17T06:11:11.2433327Z === RUN   TestQuorumAndAllHeaderBindings/next-validators
2026-09-17T06:11:11.2434022Z === RUN   TestQuorumAndAllHeaderBindings/parameters
2026-09-17T06:11:11.2434690Z === RUN   TestQuorumAndAllHeaderBindings/state-length
2026-09-17T06:11:11.2435364Z === RUN   TestQuorumAndAllHeaderBindings/height
2026-09-17T06:11:11.2435997Z === RUN   TestQuorumAndAllHeaderBindings/version
2026-09-17T06:11:11.2436617Z === RUN   TestQuorumAndAllHeaderBindings/future
2026-09-17T06:11:11.2437277Z === RUN   TestQuorumAndAllHeaderBindings/pre-genesis
2026-09-17T06:11:11.2437937Z --- PASS: TestQuorumAndAllHeaderBindings (0.00s)
2026-09-17T06:11:11.2438965Z     --- PASS: TestQuorumAndAllHeaderBindings/chain (0.00s)
2026-09-17T06:11:11.2439805Z     --- PASS: TestQuorumAndAllHeaderBindings/validators (0.00s)
2026-09-17T06:11:11.2440700Z     --- PASS: TestQuorumAndAllHeaderBindings/next-validators (0.00s)
2026-09-17T06:11:11.2441575Z     --- PASS: TestQuorumAndAllHeaderBindings/parameters (0.00s)
2026-09-17T06:11:11.2442468Z     --- PASS: TestQuorumAndAllHeaderBindings/state-length (0.00s)
2026-09-17T06:11:11.2443360Z     --- PASS: TestQuorumAndAllHeaderBindings/height (0.00s)
2026-09-17T06:11:11.2444187Z     --- PASS: TestQuorumAndAllHeaderBindings/version (0.00s)
2026-09-17T06:11:11.2445014Z     --- PASS: TestQuorumAndAllHeaderBindings/future (0.00s)
2026-09-17T06:11:11.2445879Z     --- PASS: TestQuorumAndAllHeaderBindings/pre-genesis (0.00s)
2026-09-17T06:11:11.2446677Z === RUN   TestPinnedPublicConfigurationAndCompanionFiles
2026-09-17T06:11:11.2447511Z --- PASS: TestPinnedPublicConfigurationAndCompanionFiles (0.00s)
2026-09-17T06:11:11.2449215Z === RUN   TestCanonicalDecodingAndFileBounds
2026-09-17T06:11:11.2449893Z --- PASS: TestCanonicalDecodingAndFileBounds (0.00s)
2026-09-17T06:11:11.2450678Z === RUN   TestLoopbackEndpointAndStreamingLimits
2026-09-17T06:11:11.2451458Z --- PASS: TestLoopbackEndpointAndStreamingLimits (0.00s)
2026-09-17T06:11:11.2452191Z === RUN   TestRPCRejectsRedirectCompressionAndOversize
2026-09-17T06:11:11.2452974Z === RUN   TestRPCRejectsRedirectCompressionAndOversize/redirect
2026-09-17T06:11:11.2453820Z === RUN   TestRPCRejectsRedirectCompressionAndOversize/encoding
2026-09-17T06:11:11.2454906Z === RUN   TestRPCRejectsRedirectCompressionAndOversize/length
2026-09-17T06:11:11.2455797Z === RUN   TestRPCRejectsRedirectCompressionAndOversize/stream
2026-09-17T06:11:11.2456674Z --- PASS: TestRPCRejectsRedirectCompressionAndOversize (0.01s)
2026-09-17T06:11:11.2458162Z     --- PASS: TestRPCRejectsRedirectCompressionAndOversize/redirect (0.00s)
2026-09-17T06:11:11.2459325Z     --- PASS: TestRPCRejectsRedirectCompressionAndOversize/encoding (0.00s)
2026-09-17T06:11:11.2460423Z     --- PASS: TestRPCRejectsRedirectCompressionAndOversize/length (0.00s)
2026-09-17T06:11:11.2461492Z     --- PASS: TestRPCRejectsRedirectCompressionAndOversize/stream (0.01s)
2026-09-17T06:11:11.2462413Z === RUN   TestMalformedGenesisInitDoesNotCreatePrivateDirectory
2026-09-17T06:11:11.2463335Z --- PASS: TestMalformedGenesisInitDoesNotCreatePrivateDirectory (0.00s)
2026-09-17T06:11:11.2464210Z === RUN   TestUnexpectedEngineExitIsNotSuccessfulShutdown
2026-09-17T06:11:11.2465044Z --- PASS: TestUnexpectedEngineExitIsNotSuccessfulShutdown (0.00s)
2026-09-17T06:11:11.2465856Z === RUN   TestRequestedShutdownDoesNotNeedEngineExit
2026-09-17T06:11:11.2466613Z --- PASS: TestRequestedShutdownDoesNotNeedEngineExit (0.00s)
2026-09-17T06:11:11.2467465Z === RUN   TestConcurrentCancellationAndEngineExitRemainRequested
2026-09-17T06:11:11.2469425Z --- PASS: TestConcurrentCancellationAndEngineExitRemainRequested (0.00s)
2026-09-17T06:11:11.2470258Z === RUN   TestEngineExitReleasesWaitingSupervisor
2026-09-17T06:11:11.2470992Z --- PASS: TestEngineExitReleasesWaitingSupervisor (0.00s)
2026-09-17T06:11:11.2471682Z === RUN   TestLifecycleRejectsMissingContext
2026-09-17T06:11:11.2472311Z --- PASS: TestLifecycleRejectsMissingContext (0.00s)
2026-09-17T06:11:11.2472986Z === RUN   TestRealOperatorNonzeroPaymentsAndRestart
2026-09-17T06:11:11.2475887Z     operator_e2e_test.go:451: shipped init/run/sync/submit commands: wrong-domain, downgrade and unknown-profile RPC rejection; real nonzero A->B->C, encrypted outbox backup, one-node outage, signed reference-state checks, full restart and duplicate rejection passed; local NO-FUNDS only
2026-09-17T06:11:11.2478253Z --- PASS: TestRealOperatorNonzeroPaymentsAndRestart (98.94s)
2026-09-17T06:11:11.2479040Z === RUN   TestQuorumSignedWrongPostStateNeverPersists
2026-09-17T06:11:11.2479837Z --- PASS: TestQuorumSignedWrongPostStateNeverPersists (4.16s)
2026-09-17T06:11:11.2480769Z === RUN   TestPinnedNetworkProfileCannotChangeConfigurationOrAppVersion
2026-09-17T06:11:11.2481899Z === RUN   TestPinnedNetworkProfileCannotChangeConfigurationOrAppVersion/ZVTGEN01/1/2
2026-09-17T06:11:11.2483119Z === RUN   TestPinnedNetworkProfileCannotChangeConfigurationOrAppVersion/ZVTGEN01/1/3
2026-09-17T06:11:11.2484328Z === RUN   TestPinnedNetworkProfileCannotChangeConfigurationOrAppVersion/ZVTGEN01/2/2
2026-09-17T06:11:11.2485550Z === RUN   TestPinnedNetworkProfileCannotChangeConfigurationOrAppVersion/ZVTGEN01/2/3
2026-09-17T06:11:11.2486717Z === RUN   TestPinnedNetworkProfileCannotChangeConfigurationOrAppVersion/ZVTGEN02/1/2
2026-09-17T06:11:11.2487892Z === RUN   TestPinnedNetworkProfileCannotChangeConfigurationOrAppVersion/ZVTGEN02/1/3
2026-09-17T06:11:11.2489259Z === RUN   TestPinnedNetworkProfileCannotChangeConfigurationOrAppVersion/ZVTGEN02/2/2
2026-09-17T06:11:11.2490429Z === RUN   TestPinnedNetworkProfileCannotChangeConfigurationOrAppVersion/ZVTGEN02/2/3
2026-09-17T06:11:11.2491587Z === RUN   TestPinnedNetworkProfileCannotChangeConfigurationOrAppVersion/ZVTGEN03/1/2
2026-09-17T06:11:11.2492755Z === RUN   TestPinnedNetworkProfileCannotChangeConfigurationOrAppVersion/ZVTGEN03/1/3
2026-09-17T06:11:11.2493946Z === RUN   TestPinnedNetworkProfileCannotChangeConfigurationOrAppVersion/ZVTGEN03/2/2
2026-09-17T06:11:11.2495139Z === RUN   TestPinnedNetworkProfileCannotChangeConfigurationOrAppVersion/ZVTGEN03/2/3
2026-09-17T06:11:11.2496320Z --- PASS: TestPinnedNetworkProfileCannotChangeConfigurationOrAppVersion (0.02s)
2026-09-17T06:11:11.2497782Z     --- PASS: TestPinnedNetworkProfileCannotChangeConfigurationOrAppVersion/ZVTGEN01/1/2 (0.00s)
2026-09-17T06:11:11.2499744Z     --- PASS: TestPinnedNetworkProfileCannotChangeConfigurationOrAppVersion/ZVTGEN01/1/3 (0.00s)
2026-09-17T06:11:11.2501299Z     --- PASS: TestPinnedNetworkProfileCannotChangeConfigurationOrAppVersion/ZVTGEN01/2/2 (0.00s)
2026-09-17T06:11:11.2502992Z     --- PASS: TestPinnedNetworkProfileCannotChangeConfigurationOrAppVersion/ZVTGEN01/2/3 (0.00s)
2026-09-17T06:11:11.2504456Z     --- PASS: TestPinnedNetworkProfileCannotChangeConfigurationOrAppVersion/ZVTGEN02/1/2 (0.00s)
2026-09-17T06:11:11.2505984Z     --- PASS: TestPinnedNetworkProfileCannotChangeConfigurationOrAppVersion/ZVTGEN02/1/3 (0.00s)
2026-09-17T06:11:11.2507514Z     --- PASS: TestPinnedNetworkProfileCannotChangeConfigurationOrAppVersion/ZVTGEN02/2/2 (0.00s)
2026-09-17T06:11:11.2509251Z     --- PASS: TestPinnedNetworkProfileCannotChangeConfigurationOrAppVersion/ZVTGEN02/2/3 (0.00s)
2026-09-17T06:11:11.2510772Z     --- PASS: TestPinnedNetworkProfileCannotChangeConfigurationOrAppVersion/ZVTGEN03/1/2 (0.00s)
2026-09-17T06:11:11.2512311Z     --- PASS: TestPinnedNetworkProfileCannotChangeConfigurationOrAppVersion/ZVTGEN03/1/3 (0.00s)
2026-09-17T06:11:11.2513849Z     --- PASS: TestPinnedNetworkProfileCannotChangeConfigurationOrAppVersion/ZVTGEN03/2/2 (0.00s)
2026-09-17T06:11:11.2515389Z     --- PASS: TestPinnedNetworkProfileCannotChangeConfigurationOrAppVersion/ZVTGEN03/2/3 (0.00s)
2026-09-17T06:11:11.2516517Z === RUN   TestSignedHeadersUseAuthenticatedProfileHeightAndVersion
2026-09-17T06:11:11.2517487Z --- PASS: TestSignedHeadersUseAuthenticatedProfileHeightAndVersion (0.00s)
2026-09-17T06:11:11.2518752Z === RUN   TestActiveCheckpointUsesPinnedNetworkAndRetainsLegacyBounds
2026-09-17T06:11:11.2519820Z --- PASS: TestActiveCheckpointUsesPinnedNetworkAndRetainsLegacyBounds (0.00s)
2026-09-17T06:11:11.2520857Z === RUN   TestActiveCapacityReportsLogicalBytesAndExactCheckpoint
2026-09-17T06:11:11.2521839Z --- PASS: TestActiveCapacityReportsLogicalBytesAndExactCheckpoint (0.00s)
2026-09-17T06:11:11.2522836Z === RUN   TestActiveStorageCopyRefusesBeforeReadingOrCreatingAnyPath
2026-09-17T06:11:11.2523783Z --- PASS: TestActiveStorageCopyRefusesBeforeReadingOrCreatingAnyPath (0.00s)
2026-09-17T06:11:11.2524611Z === RUN   TestRealReferenceCheckpointBeforeRPC
2026-09-17T06:11:11.2525338Z === RUN   TestRealReferenceCheckpointBeforeRPC/old-valid-prefix
2026-09-17T06:11:11.2526210Z === RUN   TestRealReferenceCheckpointBeforeRPC/newer-than-exact-pin
2026-09-17T06:11:11.2527122Z === RUN   TestRealReferenceCheckpointBeforeRPC/same-height-wrong-state
2026-09-17T06:11:11.2528219Z === RUN   TestRealReferenceCheckpointBeforeRPC/corrupt-correct-pin
2026-09-17T06:11:11.2529048Z --- PASS: TestRealReferenceCheckpointBeforeRPC (53.00s)
2026-09-17T06:11:11.2530038Z     --- PASS: TestRealReferenceCheckpointBeforeRPC/old-valid-prefix (4.16s)
2026-09-17T06:11:11.2531186Z     --- PASS: TestRealReferenceCheckpointBeforeRPC/newer-than-exact-pin (4.22s)
2026-09-17T06:11:11.2532375Z     --- PASS: TestRealReferenceCheckpointBeforeRPC/same-height-wrong-state (4.22s)
2026-09-17T06:11:11.2533572Z     --- PASS: TestRealReferenceCheckpointBeforeRPC/corrupt-correct-pin (4.17s)
2026-09-17T06:11:11.2534383Z === RUN   TestRealPinnedReferencePayment
2026-09-17T06:11:11.2534994Z --- PASS: TestRealPinnedReferencePayment (41.29s)
2026-09-17T06:11:11.2535728Z === RUN   TestReferenceCheckpointRequestBoundsBeforeAccess
2026-09-17T06:11:11.2536594Z --- PASS: TestReferenceCheckpointRequestBoundsBeforeAccess (0.00s)
2026-09-17T06:11:11.2537454Z === RUN   TestReferenceCheckpointMissingContextAndNetwork
2026-09-17T06:11:11.2538520Z --- PASS: TestReferenceCheckpointMissingContextAndNetwork (0.00s)
2026-09-17T06:11:11.2539342Z === RUN   TestUnpinnedResultsNeverClaimRetainedCheckpoint
2026-09-17T06:11:11.2540183Z --- PASS: TestUnpinnedResultsNeverClaimRetainedCheckpoint (0.00s)
2026-09-17T06:11:11.2540952Z === RUN   TestStorageCheckpointCanonicalInputs
2026-09-17T06:11:11.2541626Z --- PASS: TestStorageCheckpointCanonicalInputs (0.00s)
2026-09-17T06:11:11.2542439Z === RUN   TestStorageCheckpointExactTipNotMinimumHeightOrFinality
2026-09-17T06:11:11.2543737Z --- PASS: TestStorageCheckpointExactTipNotMinimumHeightOrFinality (0.00s)
2026-09-17T06:11:11.2544735Z === RUN   TestInvalidStorageCheckpointFailsBeforeFileAccess
2026-09-17T06:11:11.2545761Z --- PASS: TestInvalidStorageCheckpointFailsBeforeFileAccess (0.00s)
2026-09-17T06:11:11.2546587Z === RUN   TestRealJournalCopyRestoreAndAdversarialReplay
2026-09-17T06:11:11.2547387Z --- PASS: TestRealJournalCopyRestoreAndAdversarialReplay (50.30s)
2026-09-17T06:11:11.2548455Z === RUN   TestBoundedCopyRejectsShortLongAndCancelledInput
2026-09-17T06:11:11.2549322Z --- PASS: TestBoundedCopyRejectsShortLongAndCancelledInput (0.00s)
2026-09-17T06:11:11.2550211Z === RUN   TestCopyIOFailureAndMidstreamCancelNeverYieldDigest
2026-09-17T06:11:11.2551186Z --- PASS: TestCopyIOFailureAndMidstreamCancelNeverYieldDigest (0.00s)
2026-09-17T06:11:11.2552043Z === RUN   TestCopyPathsAndPublicEntryRejectBeforeWorker
2026-09-17T06:11:11.2552847Z --- PASS: TestCopyPathsAndPublicEntryRejectBeforeWorker (0.00s)
2026-09-17T06:11:11.2553682Z === RUN   TestPublishCopyIsCreateOnlyAndDoesNotLinkSource
2026-09-17T06:11:11.2554523Z --- PASS: TestPublishCopyIsCreateOnlyAndDoesNotLinkSource (0.00s)
2026-09-17T06:11:11.2555411Z === RUN   TestPublicationFailureAfterLinkIsExplicitlyUncertain
2026-09-17T06:11:11.2556342Z --- PASS: TestPublicationFailureAfterLinkIsExplicitlyUncertain (0.00s)
2026-09-17T06:11:11.2557360Z === RUN   TestPublicationCancellationAndExistingSymlinkDoNotOverwrite
2026-09-17T06:11:11.2558621Z --- PASS: TestPublicationCancellationAndExistingSymlinkDoNotOverwrite (0.00s)
2026-09-17T06:11:11.2559554Z === RUN   TestCopyReportDoesNotClaimConsensusOrFunds
2026-09-17T06:11:11.2560364Z --- PASS: TestCopyReportDoesNotClaimConsensusOrFunds (0.00s)
2026-09-17T06:11:11.2561159Z === RUN   TestJournalDigestDetectsChangedAndReplacedFile
2026-09-17T06:11:11.2561990Z --- PASS: TestJournalDigestDetectsChangedAndReplacedFile (0.00s)
2026-09-17T06:11:11.2562947Z === RUN   TestCancelAfterPublishRetainsCompleteCopyWithUncertainResult
2026-09-17T06:11:11.2564048Z --- PASS: TestCancelAfterPublishRetainsCompleteCopyWithUncertainResult (0.00s)
2026-09-17T06:11:11.2564966Z === RUN   TestRealOfflineStorageInspectionAndLock
2026-09-17T06:11:11.2565690Z --- PASS: TestRealOfflineStorageInspectionAndLock (61.61s)
2026-09-17T06:11:11.2566468Z === RUN   TestStorageReportBoundariesAndNoFinalityClaims
2026-09-17T06:11:11.2567287Z === RUN   TestStorageReportBoundariesAndNoFinalityClaims/normal
2026-09-17T06:11:11.2568367Z === RUN   TestStorageReportBoundariesAndNoFinalityClaims/exact-empty
2026-09-17T06:11:11.2569271Z === RUN   TestStorageReportBoundariesAndNoFinalityClaims/one-short
2026-09-17T06:11:11.2570188Z === RUN   TestStorageReportBoundariesAndNoFinalityClaims/byte-limit
2026-09-17T06:11:11.2571074Z === RUN   TestStorageReportBoundariesAndNoFinalityClaims/record-limit
2026-09-17T06:11:11.2572018Z === RUN   TestStorageReportBoundariesAndNoFinalityClaims/record-warning
2026-09-17T06:11:11.2573055Z === RUN   TestStorageReportBoundariesAndNoFinalityClaims/record-before-warning
2026-09-17T06:11:11.2574093Z === RUN   TestStorageReportBoundariesAndNoFinalityClaims/one-output-slot
2026-09-17T06:11:11.2575090Z === RUN   TestStorageReportBoundariesAndNoFinalityClaims/two-output-slots
2026-09-17T06:11:11.2576053Z --- PASS: TestStorageReportBoundariesAndNoFinalityClaims (0.00s)
2026-09-17T06:11:11.2577145Z     --- PASS: TestStorageReportBoundariesAndNoFinalityClaims/normal (0.00s)
2026-09-17T06:11:11.2578541Z     --- PASS: TestStorageReportBoundariesAndNoFinalityClaims/exact-empty (0.00s)
2026-09-17T06:11:11.2579748Z     --- PASS: TestStorageReportBoundariesAndNoFinalityClaims/one-short (0.00s)
2026-09-17T06:11:11.2580943Z     --- PASS: TestStorageReportBoundariesAndNoFinalityClaims/byte-limit (0.00s)
2026-09-17T06:11:11.2582166Z     --- PASS: TestStorageReportBoundariesAndNoFinalityClaims/record-limit (0.00s)
2026-09-17T06:11:11.2583400Z     --- PASS: TestStorageReportBoundariesAndNoFinalityClaims/record-warning (0.00s)
2026-09-17T06:11:11.2584845Z     --- PASS: TestStorageReportBoundariesAndNoFinalityClaims/record-before-warning (0.00s)
2026-09-17T06:11:11.2586199Z     --- PASS: TestStorageReportBoundariesAndNoFinalityClaims/one-output-slot (0.00s)
2026-09-17T06:11:11.2587680Z     --- PASS: TestStorageReportBoundariesAndNoFinalityClaims/two-output-slots (0.00s)
2026-09-17T06:11:11.2588857Z === RUN   TestStorageReportRejectsContradictoryCounts
2026-09-17T06:11:11.2589647Z --- PASS: TestStorageReportRejectsContradictoryCounts (0.00s)
2026-09-17T06:11:11.2590527Z === RUN   TestJournalMetadataIsReadOnlyAndDetectsOrdinaryChanges
2026-09-17T06:11:11.2591495Z --- PASS: TestJournalMetadataIsReadOnlyAndDetectsOrdinaryChanges (0.00s)
2026-09-17T06:11:11.2592409Z === RUN   TestStorageMissingInvalidPathsNeverCreateData
2026-09-17T06:11:11.2593192Z --- PASS: TestStorageMissingInvalidPathsNeverCreateData (0.00s)
2026-09-17T06:11:11.2593893Z === RUN   FuzzCanonicalPublicConfiguration
2026-09-17T06:11:11.2594494Z === RUN   FuzzCanonicalPublicConfiguration/seed#0
2026-09-17T06:11:11.2595107Z === RUN   FuzzCanonicalPublicConfiguration/seed#1
2026-09-17T06:11:11.2595731Z --- PASS: FuzzCanonicalPublicConfiguration (0.00s)
2026-09-17T06:11:11.2596505Z     --- PASS: FuzzCanonicalPublicConfiguration/seed#0 (0.00s)
2026-09-17T06:11:11.2597329Z     --- PASS: FuzzCanonicalPublicConfiguration/seed#1 (0.00s)
2026-09-17T06:11:11.2597928Z === RUN   FuzzNumericLoopbackEndpoint
2026-09-17T06:11:11.2598636Z === RUN   FuzzNumericLoopbackEndpoint/seed#0
2026-09-17T06:11:11.2599185Z === RUN   FuzzNumericLoopbackEndpoint/seed#1
2026-09-17T06:11:11.2599744Z --- PASS: FuzzNumericLoopbackEndpoint (0.00s)
2026-09-17T06:11:11.2600432Z     --- PASS: FuzzNumericLoopbackEndpoint/seed#0 (0.00s)
2026-09-17T06:11:11.2601172Z     --- PASS: FuzzNumericLoopbackEndpoint/seed#1 (0.00s)
2026-09-17T06:11:11.2601754Z === RUN   FuzzStorageCheckpointInputs
2026-09-17T06:11:11.2602279Z === RUN   FuzzStorageCheckpointInputs/seed#0
2026-09-17T06:11:11.2602833Z === RUN   FuzzStorageCheckpointInputs/seed#1
2026-09-17T06:11:11.2603401Z === RUN   FuzzStorageCheckpointInputs/seed#2
2026-09-17T06:11:11.2603960Z --- PASS: FuzzStorageCheckpointInputs (0.00s)
2026-09-17T06:11:11.2604663Z     --- PASS: FuzzStorageCheckpointInputs/seed#0 (0.00s)
2026-09-17T06:11:11.2605395Z     --- PASS: FuzzStorageCheckpointInputs/seed#1 (0.00s)
2026-09-17T06:11:11.2606128Z     --- PASS: FuzzStorageCheckpointInputs/seed#2 (0.00s)
2026-09-17T06:11:11.2606716Z === RUN   FuzzStorageAccounting
2026-09-17T06:11:11.2607205Z === RUN   FuzzStorageAccounting/seed#0
2026-09-17T06:11:11.2607737Z === RUN   FuzzStorageAccounting/seed#1
2026-09-17T06:11:11.2608524Z --- PASS: FuzzStorageAccounting (0.00s)
2026-09-17T06:11:11.2609167Z     --- PASS: FuzzStorageAccounting/seed#0 (0.00s)
2026-09-17T06:11:11.2609842Z     --- PASS: FuzzStorageAccounting/seed#1 (0.00s)
2026-09-17T06:11:11.2610342Z PASS
2026-09-17T06:11:11.2610883Z ok  	github.com/youq616/Zevune/integration/cometbft/labnet	389.707s
2026-09-17T06:11:11.2611687Z === RUN   TestMalformedCommandsNeverCreateOrOverwrite
2026-09-17T06:11:11.2612485Z --- PASS: TestMalformedCommandsNeverCreateOrOverwrite (0.00s)
2026-09-17T06:11:11.2613208Z === RUN   TestBoundedPublicTransactionFiles
2026-09-17T06:11:11.2613841Z --- PASS: TestBoundedPublicTransactionFiles (0.00s)
2026-09-17T06:11:11.2614584Z === RUN   TestStorageCommandRejectsNetworkAndMutationFlags
2026-09-17T06:11:11.2615453Z --- PASS: TestStorageCommandRejectsNetworkAndMutationFlags (0.00s)
2026-09-17T06:11:11.2616419Z === RUN   TestSyncSubmitRejectInvalidCheckpointBeforeOtherInput
2026-09-17T06:11:11.2617369Z --- PASS: TestSyncSubmitRejectInvalidCheckpointBeforeOtherInput (0.00s)
2026-09-17T06:11:11.2618365Z === RUN   TestStorageCheckpointFlagPair
2026-09-17T06:11:11.2618908Z --- PASS: TestStorageCheckpointFlagPair (0.00s)
2026-09-17T06:11:11.2619558Z === RUN   TestCheckpointSyntaxDoesNotSelectAStorageProfile
2026-09-17T06:11:11.2620336Z --- PASS: TestCheckpointSyntaxDoesNotSelectAStorageProfile (0.00s)
2026-09-17T06:11:11.2621430Z === RUN   TestStorageCheckpointCLIRejectsPartialDuplicateAndWrongCommands
2026-09-17T06:11:11.2622553Z --- PASS: TestStorageCheckpointCLIRejectsPartialDuplicateAndWrongCommands (0.00s)
2026-09-17T06:11:11.2623625Z === RUN   TestExplicitEmptyStorageCheckpointDoesNotDisableCheck
2026-09-17T06:11:11.2624711Z --- PASS: TestExplicitEmptyStorageCheckpointDoesNotDisableCheck (0.00s)
2026-09-17T06:11:11.2625653Z === RUN   TestStorageCopyRequiresExplicitCheckpointAndOfflinePaths
2026-09-17T06:11:11.2626616Z --- PASS: TestStorageCopyRequiresExplicitCheckpointAndOfflinePaths (0.00s)
2026-09-17T06:11:11.2627334Z PASS
2026-09-17T06:11:11.2627908Z ok  	github.com/youq616/Zevune/integration/cometbft/cmd/zevune-network	0.020s
2026-09-17T06:11:17.2120622Z ##[group]Run go test -mod=readonly -race ./labnet ./cmd/zevune-network -count=1
2026-09-17T06:11:17.2121235Z [36;1mgo test -mod=readonly -race ./labnet ./cmd/zevune-network -count=1[0m
2026-09-17T06:11:17.2121930Z [36;1mgo test -mod=readonly -race -tags=operator_e2e ./labnet -run '^TestQuorumSignedWrongPostStateNeverPersists$' -count=1[0m
2026-09-17T06:11:17.2122783Z [36;1mgo test -mod=readonly ./labnet -run '^$' -fuzz '^FuzzCanonicalPublicConfiguration$' -fuzztime=3s -parallel=2[0m
2026-09-17T06:11:17.2123553Z [36;1mgo test -mod=readonly ./labnet -run '^$' -fuzz '^FuzzNumericLoopbackEndpoint$' -fuzztime=3s -parallel=2[0m
2026-09-17T06:11:17.2124041Z [36;1mcd ../..[0m
2026-09-17T06:11:17.2124490Z [36;1mgo test -mod=readonly ./internal/poolbridge -run '^$' -fuzz '^FuzzTestGenesisFrame$' -fuzztime=3s -parallel=2[0m
2026-09-17T06:11:17.2161549Z shell: /usr/bin/bash --noprofile --norc -e -o pipefail {0}
2026-09-17T06:11:17.2161895Z env:
2026-09-17T06:11:17.2162124Z   RAYON_NUM_THREADS: 2
2026-09-17T06:11:17.2162347Z   CARGO_BUILD_JOBS: 2
2026-09-17T06:11:17.2162564Z   GOTOOLCHAIN: local
2026-09-17T06:11:17.2162938Z   ZEVUNE_NETWORK_OPERATOR: /home/runner/work/_temp/zevune-local-bundle/zevune-network
2026-09-17T06:11:17.2163555Z   ZEVUNE_POOL_WORKER: /home/runner/work/_temp/zevune-local-bundle/zevune-pool-worker
2026-09-17T06:11:17.2164241Z   ZEVUNE_FUNDED_SCENARIO: /home/runner/work/Zevune/Zevune/integration/orchard/target/release/zevune-funded-scenario
2026-09-17T06:11:17.2164782Z ##[endgroup]
2026-09-17T06:12:02.8730398Z ok  	github.com/youq616/Zevune/integration/cometbft/labnet	1.187s
2026-09-17T06:12:02.8731043Z ok  	github.com/youq616/Zevune/integration/cometbft/cmd/zevune-network	1.073s
2026-09-17T06:12:10.1938420Z ok  	github.com/youq616/Zevune/integration/cometbft/labnet	5.237s
2026-09-17T06:13:01.1459003Z fuzz: elapsed: 0s, gathering baseline coverage: 0/2 completed
2026-09-17T06:13:01.1861310Z fuzz: elapsed: 0s, gathering baseline coverage: 2/2 completed, now fuzzing with 2 workers
2026-09-17T06:13:04.1465878Z fuzz: elapsed: 3s, execs: 8547 (2848/sec), new interesting: 41 (total: 43)
2026-09-17T06:13:04.1604647Z fuzz: elapsed: 3s, execs: 8547 (0/sec), new interesting: 41 (total: 43)
2026-09-17T06:13:04.1605470Z PASS
2026-09-17T06:13:04.1623661Z ok  	github.com/youq616/Zevune/integration/cometbft/labnet	3.031s
2026-09-17T06:13:05.1487723Z fuzz: elapsed: 0s, gathering baseline coverage: 0/2 completed
2026-09-17T06:13:05.1962015Z fuzz: elapsed: 0s, gathering baseline coverage: 2/2 completed, now fuzzing with 2 workers
2026-09-17T06:13:08.1489121Z fuzz: elapsed: 3s, execs: 12003 (4001/sec), new interesting: 45 (total: 47)
2026-09-17T06:13:09.1512440Z fuzz: elapsed: 4s, execs: 12003 (0/sec), new interesting: 45 (total: 47)
2026-09-17T06:13:09.1513111Z PASS
2026-09-17T06:13:09.1531241Z ok  	github.com/youq616/Zevune/integration/cometbft/labnet	4.019s
2026-09-17T06:13:11.4295466Z fuzz: elapsed: 0s, gathering baseline coverage: 0/4 completed
2026-09-17T06:13:11.4330800Z fuzz: elapsed: 0s, gathering baseline coverage: 4/4 completed, now fuzzing with 2 workers
2026-09-17T06:13:14.4304962Z fuzz: elapsed: 3s, execs: 126785 (42249/sec), new interesting: 4 (total: 8)
2026-09-17T06:13:15.4327331Z fuzz: elapsed: 4s, execs: 126785 (0/sec), new interesting: 4 (total: 8)
2026-09-17T06:13:15.4328334Z PASS
2026-09-17T06:13:15.4334156Z ok  	github.com/youq616/Zevune/internal/poolbridge	4.006s
2026-09-17T06:13:15.4478525Z ##[group]Run git diff --exit-code
2026-09-17T06:13:15.4478882Z [36;1mgit diff --exit-code[0m
2026-09-17T06:13:15.4515708Z shell: /usr/bin/bash --noprofile --norc -e -o pipefail {0}
2026-09-17T06:13:15.4516090Z env:
2026-09-17T06:13:15.4516314Z   RAYON_NUM_THREADS: 2
2026-09-17T06:13:15.4516558Z   CARGO_BUILD_JOBS: 2
2026-09-17T06:13:15.4516798Z   GOTOOLCHAIN: local
2026-09-17T06:13:15.4517215Z   ZEVUNE_NETWORK_OPERATOR: /home/runner/work/_temp/zevune-local-bundle/zevune-network
2026-09-17T06:13:15.4517875Z   ZEVUNE_POOL_WORKER: /home/runner/work/_temp/zevune-local-bundle/zevune-pool-worker
2026-09-17T06:13:15.4519163Z   ZEVUNE_FUNDED_SCENARIO: /home/runner/work/Zevune/Zevune/integration/orchard/target/release/zevune-funded-scenario
2026-09-17T06:13:15.4519801Z ##[endgroup]
2026-09-17T06:13:15.4693321Z Node 20 is being deprecated. This workflow is running with Node 24 by default. If you need to temporarily use Node 20, you can set the ACTIONS_ALLOW_USE_UNSECURE_NODE_VERSION=true environment variable. For more information see: https://github.blog/changelog/2025-09-19-deprecation-of-node-20-on-github-actions-runners/
2026-09-17T06:13:15.4694722Z ##[group]Run actions/upload-artifact@ea165f8d65b6e75b540449e92b4886f43607fa02
2026-09-17T06:13:15.4695109Z with:
2026-09-17T06:13:15.4695319Z   name: zevune-local-lab-Linux
2026-09-17T06:13:15.4695621Z   path: /home/runner/work/_temp/zevune-local-bundle/
2026-09-17T06:13:15.4695935Z   if-no-files-found: error
2026-09-17T06:13:15.4696169Z   retention-days: 7
2026-09-17T06:13:15.4696379Z   compression-level: 6
2026-09-17T06:13:15.4696594Z   overwrite: false
2026-09-17T06:13:15.4696804Z   include-hidden-files: false
2026-09-17T06:13:15.4697040Z env:
2026-09-17T06:13:15.4697222Z   RAYON_NUM_THREADS: 2
2026-09-17T06:13:15.4697460Z   CARGO_BUILD_JOBS: 2
2026-09-17T06:13:15.4697673Z   GOTOOLCHAIN: local
2026-09-17T06:13:15.4698308Z   ZEVUNE_NETWORK_OPERATOR: /home/runner/work/_temp/zevune-local-bundle/zevune-network
2026-09-17T06:13:15.4698880Z   ZEVUNE_POOL_WORKER: /home/runner/work/_temp/zevune-local-bundle/zevune-pool-worker
2026-09-17T06:13:15.4699552Z   ZEVUNE_FUNDED_SCENARIO: /home/runner/work/Zevune/Zevune/integration/orchard/target/release/zevune-funded-scenario
2026-09-17T06:13:15.4700088Z ##[endgroup]
2026-09-17T06:13:15.6379278Z (node:35485) [DEP0040] DeprecationWarning: The `punycode` module is deprecated. Please use a userland alternative instead.
2026-09-17T06:13:15.6380786Z (Use `node --trace-deprecation ...` to show where the warning was created)
2026-09-17T06:13:15.6449774Z With the provided path, there will be 6 files uploaded
2026-09-17T06:13:15.6457531Z Artifact name is valid!
2026-09-17T06:13:15.6458790Z Root directory input is valid!
2026-09-17T06:13:16.0573126Z Beginning upload of artifact content to blob storage
2026-09-17T06:13:16.7720580Z (node:35485) [DEP0169] DeprecationWarning: `url.parse()` behavior is not standardized and prone to errors that have security implications. Use the WHATWG URL API instead. CVEs are not issued for `url.parse()` vulnerabilities.
2026-09-17T06:13:17.7419354Z Uploaded bytes 8388608
2026-09-17T06:13:18.0626320Z Uploaded bytes 16777216
2026-09-17T06:13:18.2799412Z Uploaded bytes 22845728
2026-09-17T06:13:18.3568870Z Finished uploading artifact content to blob storage!
2026-09-17T06:13:18.3570346Z SHA256 digest of uploaded artifact zip is 5e11063aa8b9c091e2f7aaea2d270f043df1f308ec03180ebfd2cbc32563f26b
2026-09-17T06:13:18.3572342Z Finalizing artifact upload
2026-09-17T06:13:18.6223938Z Artifact zevune-local-lab-Linux.zip successfully finalized. Artifact ID 10483195924
2026-09-17T06:13:18.6225068Z Artifact zevune-local-lab-Linux has been successfully uploaded! Final size is 22845728 bytes. Artifact ID is 10483195924
2026-09-17T06:13:18.6230693Z Artifact download URL: https://github.com/youq616/Zevune/actions/runs/35187182266/artifacts/10483195924
2026-09-17T06:13:18.6446540Z Node 20 is being deprecated. This workflow is running with Node 24 by default. If you need to temporarily use Node 20, you can set the ACTIONS_ALLOW_USE_UNSECURE_NODE_VERSION=true environment variable. For more information see: https://github.blog/changelog/2025-09-19-deprecation-of-node-20-on-github-actions-runners/
2026-09-17T06:13:18.6448183Z Post job cleanup.
2026-09-17T06:13:18.7718300Z (node:35498) [DEP0040] DeprecationWarning: The `punycode` module is deprecated. Please use a userland alternative instead.
2026-09-17T06:13:18.7719580Z (Use `node --trace-deprecation ...` to show where the warning was created)
2026-09-17T06:13:18.7798888Z [command]/opt/hostedtoolcache/go/1.27.1/x64/bin/go env GOMODCACHE
2026-09-17T06:13:18.7849509Z [command]/opt/hostedtoolcache/go/1.27.1/x64/bin/go env GOCACHE
2026-09-17T06:13:18.7878752Z /home/runner/go/pkg/mod
2026-09-17T06:13:18.7900302Z /home/runner/.cache/go-build
2026-09-17T06:13:18.7905581Z Cache hit occurred on the primary key setup-go-Linux-x64-ubuntu24-go-1.27.1-ef6b0fbca0a8d0b6206b16c85f11c4a6c772908ae2660ca86a6b7ee95979c938, not saving cache.
2026-09-17T06:13:18.8081667Z Post job cleanup.
2026-09-17T06:13:18.8982769Z [command]/usr/bin/git version
2026-09-17T06:13:18.9029240Z git version 2.55.0
2026-09-17T06:13:18.9073507Z Temporarily overriding HOME='/home/runner/work/_temp/eb9dc1ad-d549-4b31-84af-cb9ebe2bd585' before making global git config changes
2026-09-17T06:13:18.9074761Z Adding repository directory to the temporary git global config as a safe directory
2026-09-17T06:13:18.9079724Z [command]/usr/bin/git config --global --add safe.directory /home/runner/work/Zevune/Zevune
2026-09-17T06:13:18.9119381Z [command]/usr/bin/git config --local --name-only --get-regexp core\.sshCommand
2026-09-17T06:13:18.9155189Z [command]/usr/bin/git submodule foreach --recursive sh -c "git config --local --name-only --get-regexp 'core\.sshCommand' && git config --local --unset-all 'core.sshCommand' || :"
2026-09-17T06:13:18.9433107Z [command]/usr/bin/git config --local --name-only --get-regexp http\.https\:\/\/github\.com\/\.extraheader
2026-09-17T06:13:18.9481758Z [command]/usr/bin/git submodule foreach --recursive sh -c "git config --local --name-only --get-regexp 'http\.https\:\/\/github\.com\/\.extraheader' && git config --local --unset-all 'http.https://github.com/.extraheader' || :"
2026-09-17T06:13:18.9933972Z Cleaning up orphan processes
2026-09-17T06:13:19.0308918Z ##[warning]Node.js 20 is deprecated. The following actions target Node.js 20 but are being forced to run on Node.js 24: actions/setup-go@44694675825211faa026b3c33043df3e48a5fa00, actions/upload-artifact@ea165f8d65b6e75b540449e92b4886f43607fa02. For more information see: https://github.blog/changelog/2025-09-19-deprecation-of-node-20-on-github-actions-runners/
