2026-09-17T05:53:14.0734944Z Current runner version: '2.337.0'
2026-09-17T05:53:14.0763301Z ##[group]Runner Image Provisioner
2026-09-17T05:53:14.0764310Z Hosted Compute Agent
2026-09-17T05:53:14.0764965Z Version: 20260828.587
2026-09-17T05:53:14.0765644Z Commit: abac92662cab4cc7352de4f9f9d2e2419aad9c29
2026-09-17T05:53:14.0766565Z Build Date: 2026-08-28T16:44:25Z
2026-09-17T05:53:14.0767291Z Worker ID: {5dbe9e26-4edb-4c9f-89e3-df969d695a4a}
2026-09-17T05:53:14.0768100Z Azure Region: eastus
2026-09-17T05:53:14.0768709Z ##[endgroup]
2026-09-17T05:53:14.0770527Z ##[group]Operating System
2026-09-17T05:53:14.0771317Z Ubuntu
2026-09-17T05:53:14.0772169Z 24.04.5
2026-09-17T05:53:14.0773098Z LTS
2026-09-17T05:53:14.0773679Z ##[endgroup]
2026-09-17T05:53:14.0774272Z ##[group]Runner Image
2026-09-17T05:53:14.0775041Z Image: ubuntu-24.04
2026-09-17T05:53:14.0775665Z Version: 20260907.300.1
2026-09-17T05:53:14.0777034Z Included Software: https://github.com/actions/runner-images/blob/ubuntu24/20260907.300/images/ubuntu/Ubuntu2404-Readme.md
2026-09-17T05:53:14.0778661Z Image Release: https://github.com/actions/runner-images/releases/tag/ubuntu24%2F20260907.300
2026-09-17T05:53:14.0780359Z ##[endgroup]
2026-09-17T05:53:14.0781544Z ##[group]GITHUB_TOKEN Permissions
2026-09-17T05:53:14.0783910Z Contents: read
2026-09-17T05:53:14.0784587Z Metadata: read
2026-09-17T05:53:14.0785260Z ##[endgroup]
2026-09-17T05:53:14.0787766Z Secret source: Actions
2026-09-17T05:53:14.0788844Z Cache mode: write
2026-09-17T05:53:14.0789848Z Prepare workflow directory
2026-09-17T05:53:14.1371354Z Prepare all required actions
2026-09-17T05:53:14.1424386Z Getting action download info
2026-09-17T05:53:14.3762604Z Download action repository 'actions/checkout@08c6903cd8c0fde910a37f88322edcfb5dd907a8' (SHA:08c6903cd8c0fde910a37f88322edcfb5dd907a8)
2026-09-17T05:53:14.4915425Z Download action repository 'actions/setup-go@44694675825211faa026b3c33043df3e48a5fa00' (SHA:44694675825211faa026b3c33043df3e48a5fa00)
2026-09-17T05:53:14.6752403Z Download action repository 'actions/upload-artifact@ea165f8d65b6e75b540449e92b4886f43607fa02' (SHA:ea165f8d65b6e75b540449e92b4886f43607fa02)
2026-09-17T05:53:14.8956983Z Complete job name: resources (ubuntu-latest)
2026-09-17T05:53:14.9787053Z ##[group]Run actions/checkout@08c6903cd8c0fde910a37f88322edcfb5dd907a8
2026-09-17T05:53:14.9788275Z with:
2026-09-17T05:53:14.9788788Z   persist-credentials: false
2026-09-17T05:53:14.9789598Z   fetch-depth: 2
2026-09-17T05:53:14.9790129Z   repository: youq616/Zevune
2026-09-17T05:53:14.9794324Z   token: ***
2026-09-17T05:53:14.9794813Z   ssh-strict: true
2026-09-17T05:53:14.9795304Z   ssh-user: git
2026-09-17T05:53:14.9795774Z   clean: true
2026-09-17T05:53:14.9796263Z   sparse-checkout-cone-mode: true
2026-09-17T05:53:14.9796850Z   fetch-tags: false
2026-09-17T05:53:14.9797339Z   show-progress: true
2026-09-17T05:53:14.9797832Z   lfs: false
2026-09-17T05:53:14.9798312Z   submodules: false
2026-09-17T05:53:14.9798816Z   set-safe-directory: true
2026-09-17T05:53:14.9800021Z env:
2026-09-17T05:53:14.9800536Z   RAYON_NUM_THREADS: 2
2026-09-17T05:53:14.9801093Z   CARGO_BUILD_JOBS: 2
2026-09-17T05:53:14.9801803Z   ZEVUNE_RESOURCE_SOURCE_HEAD: cd5fe98053ce64e1acc6796dae44ec0e822c124f
2026-09-17T05:53:14.9802621Z ##[endgroup]
2026-09-17T05:53:15.0912102Z Syncing repository: youq616/Zevune
2026-09-17T05:53:15.0915496Z ##[group]Getting Git version info
2026-09-17T05:53:15.0917051Z Working directory is '/home/runner/work/Zevune/Zevune'
2026-09-17T05:53:15.0919252Z [command]/usr/bin/git version
2026-09-17T05:53:15.1070242Z git version 2.55.0
2026-09-17T05:53:15.1108277Z ##[endgroup]
2026-09-17T05:53:15.1120582Z Temporarily overriding HOME='/home/runner/work/_temp/ec4f389e-08f9-4575-80b7-dc77a1141df4' before making global git config changes
2026-09-17T05:53:15.1131099Z Adding repository directory to the temporary git global config as a safe directory
2026-09-17T05:53:15.1133662Z [command]/usr/bin/git config --global --add safe.directory /home/runner/work/Zevune/Zevune
2026-09-17T05:53:15.1206847Z Deleting the contents of '/home/runner/work/Zevune/Zevune'
2026-09-17T05:53:15.1210467Z ##[group]Initializing the repository
2026-09-17T05:53:15.1212081Z [command]/usr/bin/git init /home/runner/work/Zevune/Zevune
2026-09-17T05:53:15.1362531Z hint: Using 'master' as the name for the initial branch. This default branch name
2026-09-17T05:53:15.1364138Z hint: will change to "main" in Git 3.0. To configure the initial branch name
2026-09-17T05:53:15.1365242Z hint: to use in all of your new repositories, which will suppress this warning,
2026-09-17T05:53:15.1366099Z hint: call:
2026-09-17T05:53:15.1366567Z hint:
2026-09-17T05:53:15.1367149Z hint: 	git config --global init.defaultBranch <name>
2026-09-17T05:53:15.1367827Z hint:
2026-09-17T05:53:15.1368468Z hint: Names commonly chosen instead of 'master' are 'main', 'trunk' and
2026-09-17T05:53:15.1369915Z hint: 'development'. The just-created branch can be renamed via this command:
2026-09-17T05:53:15.1371273Z hint:
2026-09-17T05:53:15.1372055Z hint: 	git branch -m <name>
2026-09-17T05:53:15.1372989Z hint:
2026-09-17T05:53:15.1374139Z hint: Disable this message with "git config set advice.defaultBranchName false"
2026-09-17T05:53:15.1392400Z Initialized empty Git repository in /home/runner/work/Zevune/Zevune/.git/
2026-09-17T05:53:15.1401961Z [command]/usr/bin/git remote add origin https://github.com/youq616/Zevune
2026-09-17T05:53:15.1448201Z ##[endgroup]
2026-09-17T05:53:15.1450547Z ##[group]Disabling automatic garbage collection
2026-09-17T05:53:15.1454322Z [command]/usr/bin/git config --local gc.auto 0
2026-09-17T05:53:15.1490290Z ##[endgroup]
2026-09-17T05:53:15.1491642Z ##[group]Setting up auth
2026-09-17T05:53:15.1499124Z [command]/usr/bin/git config --local --name-only --get-regexp core\.sshCommand
2026-09-17T05:53:15.1542715Z [command]/usr/bin/git submodule foreach --recursive sh -c "git config --local --name-only --get-regexp 'core\.sshCommand' && git config --local --unset-all 'core.sshCommand' || :"
2026-09-17T05:53:15.1985409Z [command]/usr/bin/git config --local --name-only --get-regexp http\.https\:\/\/github\.com\/\.extraheader
2026-09-17T05:53:15.2031313Z [command]/usr/bin/git submodule foreach --recursive sh -c "git config --local --name-only --get-regexp 'http\.https\:\/\/github\.com\/\.extraheader' && git config --local --unset-all 'http.https://github.com/.extraheader' || :"
2026-09-17T05:53:15.2268557Z [command]/usr/bin/git config --local http.https://github.com/.extraheader AUTHORIZATION: basic ***
2026-09-17T05:53:15.2313233Z ##[endgroup]
2026-09-17T05:53:15.2314277Z ##[group]Fetching the repository
2026-09-17T05:53:15.2323987Z [command]/usr/bin/git -c protocol.version=2 fetch --no-tags --prune --no-recurse-submodules --depth=2 origin +caece5bb6e82adc11156601880d7e1b4f2b5f463:refs/remotes/pull/11/merge
2026-09-17T05:53:15.7746010Z From https://github.com/youq616/Zevune
2026-09-17T05:53:15.7747849Z  * [new ref]         caece5bb6e82adc11156601880d7e1b4f2b5f463 -> pull/11/merge
2026-09-17T05:53:15.7836183Z ##[endgroup]
2026-09-17T05:53:15.7838880Z ##[group]Determining the checkout info
2026-09-17T05:53:15.7841469Z ##[endgroup]
2026-09-17T05:53:15.7842734Z [command]/usr/bin/git sparse-checkout disable
2026-09-17T05:53:15.7846639Z [command]/usr/bin/git config --local --unset-all extensions.worktreeConfig
2026-09-17T05:53:15.7874601Z ##[group]Checking out the ref
2026-09-17T05:53:15.7880423Z [command]/usr/bin/git checkout --progress --force refs/remotes/pull/11/merge
2026-09-17T05:53:15.8114030Z Note: switching to 'refs/remotes/pull/11/merge'.
2026-09-17T05:53:15.8115020Z 
2026-09-17T05:53:15.8115714Z You are in 'detached HEAD' state. You can look around, make experimental
2026-09-17T05:53:15.8117531Z changes and commit them, and you can discard any commits you make in this
2026-09-17T05:53:15.8119681Z state without impacting any branches by switching back to a branch.
2026-09-17T05:53:15.8121262Z 
2026-09-17T05:53:15.8122453Z If you want to create a new branch to retain commits you create, you may
2026-09-17T05:53:15.8124846Z do so (now or later) by using -c with the switch command. Example:
2026-09-17T05:53:15.8126841Z 
2026-09-17T05:53:15.8127484Z   git switch -c <new-branch-name>
2026-09-17T05:53:15.8128493Z 
2026-09-17T05:53:15.8129220Z Or undo this operation with:
2026-09-17T05:53:15.8130641Z 
2026-09-17T05:53:15.8131393Z   git switch -
2026-09-17T05:53:15.8132426Z 
2026-09-17T05:53:15.8133830Z Turn off this advice by setting config variable advice.detachedHead to false
2026-09-17T05:53:15.8135707Z 
2026-09-17T05:53:15.8137982Z HEAD is now at caece5b Merge cd5fe98053ce64e1acc6796dae44ec0e822c124f into 8324ec8bd153d9502e3e6761d25bfe281a5f3b44
2026-09-17T05:53:15.8144798Z ##[endgroup]
2026-09-17T05:53:15.8181281Z [command]/usr/bin/git log -1 --format=%H
2026-09-17T05:53:15.8212348Z caece5bb6e82adc11156601880d7e1b4f2b5f463
2026-09-17T05:53:15.8222819Z ##[group]Removing auth
2026-09-17T05:53:15.8226940Z [command]/usr/bin/git config --local --name-only --get-regexp core\.sshCommand
2026-09-17T05:53:15.8263745Z [command]/usr/bin/git submodule foreach --recursive sh -c "git config --local --name-only --get-regexp 'core\.sshCommand' && git config --local --unset-all 'core.sshCommand' || :"
2026-09-17T05:53:15.8497875Z [command]/usr/bin/git config --local --name-only --get-regexp http\.https\:\/\/github\.com\/\.extraheader
2026-09-17T05:53:15.8585398Z http.https://github.com/.extraheader
2026-09-17T05:53:15.8593637Z [command]/usr/bin/git config --local --unset-all http.https://github.com/.extraheader
2026-09-17T05:53:15.8633320Z [command]/usr/bin/git submodule foreach --recursive sh -c "git config --local --name-only --get-regexp 'http\.https\:\/\/github\.com\/\.extraheader' && git config --local --unset-all 'http.https://github.com/.extraheader' || :"
2026-09-17T05:53:15.8863954Z ##[endgroup]
2026-09-17T05:53:15.9183364Z ##[group]Run python - <<'PY'
2026-09-17T05:53:15.9184738Z [36;1mpython - <<'PY'[0m
2026-09-17T05:53:15.9186125Z [36;1mimport datetime, json, os, pathlib, subprocess[0m
2026-09-17T05:53:15.9187658Z [36;1mdef git(*args):[0m
2026-09-17T05:53:15.9189511Z [36;1m    return subprocess.check_output(['git', *args], text=True).strip()[0m
2026-09-17T05:53:15.9191505Z [36;1moutput = pathlib.Path('ci-results')[0m
2026-09-17T05:53:15.9192912Z [36;1moutput.mkdir(exist_ok=True)[0m
2026-09-17T05:53:15.9194141Z [36;1msnapshot = {[0m
2026-09-17T05:53:15.9195195Z [36;1m    'schema_version': 1,[0m
2026-09-17T05:53:15.9196497Z [36;1m    'kind': 'workflow_setup_observation',[0m
2026-09-17T05:53:15.9198434Z [36;1m    'observed_at': datetime.datetime.now(datetime.timezone.utc).isoformat(),[0m
2026-09-17T05:53:15.9200863Z [36;1m    'source_head': os.environ['ZEVUNE_RESOURCE_SOURCE_HEAD'],[0m
2026-09-17T05:53:15.9202666Z [36;1m    'checkout_commit': git('rev-parse', 'HEAD'),[0m
2026-09-17T05:53:15.9204403Z [36;1m    'checkout_tree': git('rev-parse', 'HEAD^{tree}'),[0m
2026-09-17T05:53:15.9206124Z [36;1m    'observed_execution_status': 'not_started',[0m
2026-09-17T05:53:15.9208564Z [36;1m    'scope': 'initial observation only; final workflow steps and resource result determine completion',[0m
2026-09-17T05:53:15.9211230Z [36;1m}[0m
2026-09-17T05:53:15.9212825Z [36;1mwith (output / 'payment-resource-setup.json').open('x', encoding='utf-8') as f:[0m
2026-09-17T05:53:15.9214881Z [36;1m    json.dump(snapshot, f, indent=2)[0m
2026-09-17T05:53:15.9216208Z [36;1m    f.write('\n')[0m
2026-09-17T05:53:15.9217253Z [36;1mPY[0m
2026-09-17T05:53:15.9260959Z shell: /usr/bin/bash --noprofile --norc -e -o pipefail {0}
2026-09-17T05:53:15.9262475Z env:
2026-09-17T05:53:15.9263355Z   RAYON_NUM_THREADS: 2
2026-09-17T05:53:15.9264384Z   CARGO_BUILD_JOBS: 2
2026-09-17T05:53:15.9265846Z   ZEVUNE_RESOURCE_SOURCE_HEAD: cd5fe98053ce64e1acc6796dae44ec0e822c124f
2026-09-17T05:53:15.9267563Z ##[endgroup]
2026-09-17T05:53:15.9941914Z Node 20 is being deprecated. This workflow is running with Node 24 by default. If you need to temporarily use Node 20, you can set the ACTIONS_ALLOW_USE_UNSECURE_NODE_VERSION=true environment variable. For more information see: https://github.blog/changelog/2025-09-19-deprecation-of-node-20-on-github-actions-runners/
2026-09-17T05:53:15.9948084Z ##[group]Run actions/setup-go@44694675825211faa026b3c33043df3e48a5fa00
2026-09-17T05:53:15.9949921Z with:
2026-09-17T05:53:15.9950786Z   go-version: 1.27.1
2026-09-17T05:53:15.9951734Z   cache: false
2026-09-17T05:53:15.9952650Z   check-latest: false
2026-09-17T05:53:15.9962658Z   token: ***
2026-09-17T05:53:15.9963535Z env:
2026-09-17T05:53:15.9964384Z   RAYON_NUM_THREADS: 2
2026-09-17T05:53:15.9965363Z   CARGO_BUILD_JOBS: 2
2026-09-17T05:53:15.9966760Z   ZEVUNE_RESOURCE_SOURCE_HEAD: cd5fe98053ce64e1acc6796dae44ec0e822c124f
2026-09-17T05:53:15.9968375Z ##[endgroup]
2026-09-17T05:53:16.1391126Z Setup go version spec 1.27.1
2026-09-17T05:53:16.1404298Z Attempting to download 1.27.1...
2026-09-17T05:53:16.1521403Z (node:2197) [DEP0040] DeprecationWarning: The `punycode` module is deprecated. Please use a userland alternative instead.
2026-09-17T05:53:16.5250125Z (Use `node --trace-deprecation ...` to show where the warning was created)
2026-09-17T05:53:16.5252466Z matching 1.27.1...
2026-09-17T05:53:16.5284322Z Acquiring 1.27.1 from https://github.com/actions/go-versions/releases/download/1.27.1-33583469715/go-1.27.1-linux-x64.tar.gz
2026-09-17T05:53:17.0004662Z Extracting Go...
2026-09-17T05:53:17.0131596Z [command]/usr/bin/tar xz --warning=no-unknown-keyword --overwrite -C /home/runner/work/_temp/acd6dbcb-aea3-4f56-9c4a-a0d04062520c -f /home/runner/work/_temp/d435aa6d-d792-4ac7-a177-199519ae5529
2026-09-17T05:53:18.7690768Z Successfully extracted go to /home/runner/work/_temp/acd6dbcb-aea3-4f56-9c4a-a0d04062520c
2026-09-17T05:53:18.7691832Z Adding to the cache ...
2026-09-17T05:53:25.1512166Z Successfully cached go to /opt/hostedtoolcache/go/1.27.1/x64
2026-09-17T05:53:25.1515268Z Added go to the path
2026-09-17T05:53:25.1518214Z Successfully set up Go version 1.27.1
2026-09-17T05:53:25.1758813Z go version go1.27.1 linux/amd64
2026-09-17T05:53:25.1759082Z 
2026-09-17T05:53:25.1759874Z ##[group]go env
2026-09-17T05:53:25.3208190Z AR='ar'
2026-09-17T05:53:25.3208700Z CC='gcc'
2026-09-17T05:53:25.3209084Z CGO_CFLAGS='-O2 -g'
2026-09-17T05:53:25.3209761Z CGO_CPPFLAGS=''
2026-09-17T05:53:25.3210162Z CGO_CXXFLAGS='-O2 -g'
2026-09-17T05:53:25.3210611Z CGO_ENABLED='1'
2026-09-17T05:53:25.3210999Z CGO_FFLAGS='-O2 -g'
2026-09-17T05:53:25.3211454Z CGO_LDFLAGS='-O2 -g'
2026-09-17T05:53:25.3211825Z CXX='g++'
2026-09-17T05:53:25.3212149Z GCCGO='gccgo'
2026-09-17T05:53:25.3212451Z GO111MODULE=''
2026-09-17T05:53:25.3212740Z GOAMD64='v1'
2026-09-17T05:53:25.3212964Z GOARCH='amd64'
2026-09-17T05:53:25.3213191Z GOAUTH='netrc'
2026-09-17T05:53:25.3213441Z GOBIN='/home/runner/go/bin'
2026-09-17T05:53:25.3213812Z GOCACHE='/home/runner/.cache/go-build'
2026-09-17T05:53:25.3214170Z GOCACHEPROG=''
2026-09-17T05:53:25.3214414Z GODEBUG=''
2026-09-17T05:53:25.3214661Z GOENV='/home/runner/.config/go/env'
2026-09-17T05:53:25.3214985Z GOEXE=''
2026-09-17T05:53:25.3215221Z GOEXPERIMENT=''
2026-09-17T05:53:25.3215501Z GOFIPS140='off'
2026-09-17T05:53:25.3215794Z GOFLAGS=''
2026-09-17T05:53:25.3216562Z GOGCCFLAGS='-fPIC -m64 -pthread -Wl,--no-gc-sections -fmessage-length=0 -ffile-prefix-map=/tmp/go-build3186694846=/tmp/go-build -gno-record-gcc-switches'
2026-09-17T05:53:25.3217379Z GOHOSTARCH='amd64'
2026-09-17T05:53:25.3217626Z GOHOSTOS='linux'
2026-09-17T05:53:25.3217862Z GOINSECURE=''
2026-09-17T05:53:25.3218179Z GOMOD='/home/runner/work/Zevune/Zevune/go.mod'
2026-09-17T05:53:25.3218550Z GOMODCACHE='/home/runner/go/pkg/mod'
2026-09-17T05:53:25.3218856Z GONOPROXY=''
2026-09-17T05:53:25.3219081Z GONOSUMDB=''
2026-09-17T05:53:25.3219733Z GOOS='linux'
2026-09-17T05:53:25.3220007Z GOPACKAGESDRIVER=''
2026-09-17T05:53:25.3220286Z GOPATH='/home/runner/go'
2026-09-17T05:53:25.3220846Z GOPRIVATE=''
2026-09-17T05:53:25.3221392Z GOPROXY='https://proxy.golang.org,direct'
2026-09-17T05:53:25.3221740Z GOROOT='/opt/hostedtoolcache/go/1.27.1/x64'
2026-09-17T05:53:25.3222053Z GOSUMDB='sum.golang.org'
2026-09-17T05:53:25.3222303Z GOTELEMETRY='local'
2026-09-17T05:53:25.3222585Z GOTELEMETRYDIR='/home/runner/.config/go/telemetry'
2026-09-17T05:53:25.3223100Z GOTMPDIR=''
2026-09-17T05:53:25.3223308Z GOTOOLCHAIN='local'
2026-09-17T05:53:25.3223640Z GOTOOLDIR='/opt/hostedtoolcache/go/1.27.1/x64/pkg/tool/linux_amd64'
2026-09-17T05:53:25.3224006Z GOVCS=''
2026-09-17T05:53:25.3224201Z GOVERSION='go1.27.1'
2026-09-17T05:53:25.3224420Z GOWORK=''
2026-09-17T05:53:25.3224634Z PKG_CONFIG='pkg-config'
2026-09-17T05:53:25.3224781Z 
2026-09-17T05:53:25.3225193Z ##[endgroup]
2026-09-17T05:53:25.3427962Z ##[group]Run rustup toolchain install 1.98.1 --profile minimal --component rustfmt
2026-09-17T05:53:25.3428625Z [36;1mrustup toolchain install 1.98.1 --profile minimal --component rustfmt[0m
2026-09-17T05:53:25.3468979Z shell: /usr/bin/bash --noprofile --norc -e -o pipefail {0}
2026-09-17T05:53:25.3469872Z env:
2026-09-17T05:53:25.3470109Z   RAYON_NUM_THREADS: 2
2026-09-17T05:53:25.3470350Z   CARGO_BUILD_JOBS: 2
2026-09-17T05:53:25.3470696Z   ZEVUNE_RESOURCE_SOURCE_HEAD: cd5fe98053ce64e1acc6796dae44ec0e822c124f
2026-09-17T05:53:25.3471118Z   GOTOOLCHAIN: local
2026-09-17T05:53:25.3471352Z ##[endgroup]
2026-09-17T05:53:25.3988253Z info: syncing channel updates for 1.98.1-x86_64-unknown-linux-gnu
2026-09-17T05:53:25.5168267Z info: latest update on 2026-09-03 for version 1.98.1 (48a229cea 2026-09-01)
2026-09-17T05:53:25.5169151Z info: downloading 4 components
2026-09-17T05:53:33.7437421Z 
2026-09-17T05:53:33.7514215Z   1.98.1-x86_64-unknown-linux-gnu installed - rustc 1.98.1 (48a229cea 2026-09-01)
2026-09-17T05:53:33.7514803Z 
2026-09-17T05:53:33.7615201Z ##[group]Run python -m unittest discover -s scripts/tests -p 'test_payment_resources*.py' -v
2026-09-17T05:53:33.7616424Z [36;1mpython -m unittest discover -s scripts/tests -p 'test_payment_resources*.py' -v[0m
2026-09-17T05:53:33.7654357Z shell: /usr/bin/bash --noprofile --norc -e -o pipefail {0}
2026-09-17T05:53:33.7654711Z env:
2026-09-17T05:53:33.7654907Z   RAYON_NUM_THREADS: 2
2026-09-17T05:53:33.7655128Z   CARGO_BUILD_JOBS: 2
2026-09-17T05:53:33.7655453Z   ZEVUNE_RESOURCE_SOURCE_HEAD: cd5fe98053ce64e1acc6796dae44ec0e822c124f
2026-09-17T05:53:33.7655872Z   GOTOOLCHAIN: local
2026-09-17T05:53:33.7656087Z ##[endgroup]
2026-09-17T05:53:33.9048138Z test_memory_requires_exact_kib_fields_and_positive_consistent_values (test_payment_resources.LinuxParserTests.test_memory_requires_exact_kib_fields_and_positive_consistent_values) ... ok
2026-09-17T05:53:33.9066876Z test_proc_pinned_identity_rechecks_both_sides_of_memory_read (test_payment_resources.LinuxParserTests.test_proc_pinned_identity_rechecks_both_sides_of_memory_read) ... ok
2026-09-17T05:53:33.9068859Z test_proc_stat_parentheses_identity_and_creation (test_payment_resources.LinuxParserTests.test_proc_stat_parentheses_identity_and_creation) ... ok
2026-09-17T05:53:33.9314253Z test_direct_child_parent_identity_exit_and_current_rss (test_payment_resources.NativeMemoryTests.test_direct_child_parent_identity_exit_and_current_rss) ... ok
2026-09-17T05:53:33.9320212Z test_live_self_sample_uses_real_os_counters (test_payment_resources.NativeMemoryTests.test_live_self_sample_uses_real_os_counters) ... ok
2026-09-17T05:53:33.9322574Z test_unsupported_platform_is_failure_not_skip_or_zero (test_payment_resources.NativeMemoryTests.test_unsupported_platform_is_failure_not_skip_or_zero) ... ok
2026-09-17T05:53:33.9343977Z test_budget_failure_preserves_valid_sample_and_sends_negative_ack (test_payment_resources.PersistenceAndCollectorTests.test_budget_failure_preserves_valid_sample_and_sends_negative_ack) ... ok
2026-09-17T05:53:33.9389935Z test_collector_initialization_failure_reaps_started_coordinator (test_payment_resources.PersistenceAndCollectorTests.test_collector_initialization_failure_reaps_started_coordinator) ... ok
2026-09-17T05:53:34.4202690Z test_complete_evidence_requires_all_children_stopped_and_immutable_files (test_payment_resources.PersistenceAndCollectorTests.test_complete_evidence_requires_all_children_stopped_and_immutable_files) ... ok
2026-09-17T05:53:34.4230084Z test_evidence_reservation_never_overwrites_user_file (test_payment_resources.PersistenceAndCollectorTests.test_evidence_reservation_never_overwrites_user_file) ... ok
2026-09-17T05:53:34.4252134Z test_metadata_failure_still_saves_start_and_failure_without_exception_text (test_payment_resources.PersistenceAndCollectorTests.test_metadata_failure_still_saves_start_and_failure_without_exception_text) ... ok
2026-09-17T05:53:34.4321860Z test_pid_change_parent_failure_and_missing_metric_cannot_be_success (test_payment_resources.PersistenceAndCollectorTests.test_pid_change_parent_failure_and_missing_metric_cannot_be_success) ... ok
2026-09-17T05:53:34.7425496Z test_progress_failure_keeps_confirmed_count_and_uncertain_commit (test_payment_resources.PersistenceAndCollectorTests.test_progress_failure_keeps_confirmed_count_and_uncertain_commit) ... ok
2026-09-17T05:53:34.7498711Z test_final_result_does_not_accept_empty_tests_missing_checks_or_edited_timings (test_payment_resources.ProgressAndResultTests.test_final_result_does_not_accept_empty_tests_missing_checks_or_edited_timings) ... ok
2026-09-17T05:53:34.7526020Z test_full_operation_sequence_is_paired_and_final_result_matches (test_payment_resources.ProgressAndResultTests.test_full_operation_sequence_is_paired_and_final_result_matches) ... ok
2026-09-17T05:53:34.7537089Z test_progress_completion_must_match_operation_payment_and_commit_count (test_payment_resources.ProgressAndResultTests.test_progress_completion_must_match_operation_payment_and_commit_count) ... ok
2026-09-17T05:53:34.7548295Z test_unfinished_operation_has_no_fabricated_duration (test_payment_resources.ProgressAndResultTests.test_unfinished_operation_has_no_fabricated_duration) ... ok
2026-09-17T05:53:34.7553215Z test_all_nine_exact_checkpoints_and_pending_wallet_record (test_payment_resources.ResourceSchemaTests.test_all_nine_exact_checkpoints_and_pending_wallet_record) ... ok
2026-09-17T05:53:34.7554835Z test_budget_keeps_valid_over_budget_measurement (test_payment_resources.ResourceSchemaTests.test_budget_keeps_valid_over_budget_measurement) ... ok
2026-09-17T05:53:34.7556711Z test_json_duplicates_nonfinite_scalars_and_oversize_rejected (test_payment_resources.ResourceSchemaTests.test_json_duplicates_nonfinite_scalars_and_oversize_rejected) ... ok
2026-09-17T05:53:34.7558735Z test_unknown_and_missing_fields_cannot_enter_evidence (test_payment_resources.ResourceSchemaTests.test_unknown_and_missing_fields_cannot_enter_evidence) ... ok
2026-09-17T05:53:34.7561023Z test_unsigned_numbers_reject_booleans_floats_and_out_of_bounds (test_payment_resources.ResourceSchemaTests.test_unsigned_numbers_reject_booleans_floats_and_out_of_bounds) ... ok
2026-09-17T05:53:34.7580901Z test_wallet_and_capacity_counts_are_checked_not_just_types (test_payment_resources.ResourceSchemaTests.test_wallet_and_capacity_counts_are_checked_not_just_types) ... ok
2026-09-17T05:53:34.7582195Z test_wrong_phase_height_generation_or_pid_cannot_claim_checkpoint (test_payment_resources.ResourceSchemaTests.test_wrong_phase_height_generation_or_pid_cannot_claim_checkpoint) ... ok
2026-09-17T05:53:35.0587956Z test_bad_order_is_rejected_before_copying_it_over_a_valid_prefix (test_payment_resources_evidence.EvidenceCollectorBoundaryTests.test_bad_order_is_rejected_before_copying_it_over_a_valid_prefix) ... ok
2026-09-17T05:53:35.0597091Z test_cleanup_does_not_restart_its_existing_deadline (test_payment_resources_evidence.EvidenceCollectorBoundaryTests.test_cleanup_does_not_restart_its_existing_deadline) ... ok
2026-09-17T05:53:35.3776087Z test_commit_completion_changes_confirmed_count_without_inventing_apply_success (test_payment_resources_evidence.EvidenceCollectorBoundaryTests.test_commit_completion_changes_confirmed_count_without_inventing_apply_success) ... ok
2026-09-17T05:53:35.7972759Z test_complete_checkpoints_without_result_file_are_still_failure (test_payment_resources_evidence.EvidenceCollectorBoundaryTests.test_complete_checkpoints_without_result_file_are_still_failure) ... ok
2026-09-17T05:53:36.2126352Z test_numeric_measurement_complete_cannot_stand_in_for_true (test_payment_resources_evidence.EvidenceCollectorBoundaryTests.test_numeric_measurement_complete_cannot_stand_in_for_true) ... ok
2026-09-17T05:53:36.2161900Z test_report_save_failure_does_not_acknowledge_success (test_payment_resources_evidence.EvidenceCollectorBoundaryTests.test_report_save_failure_does_not_acknowledge_success) ... ok
2026-09-17T05:53:36.2256059Z test_same_height_recovery_cannot_change_capacity (test_payment_resources_evidence.EvidenceCollectorBoundaryTests.test_same_height_recovery_cannot_change_capacity) ... ok
2026-09-17T05:53:36.2300406Z test_second_role_over_budget_retains_both_samples_in_real_report (test_payment_resources_evidence.EvidenceCollectorBoundaryTests.test_second_role_over_budget_retains_both_samples_in_real_report) ... ok
2026-09-17T05:53:36.2323353Z test_unvalidated_fields_never_enter_failure_report_or_ack (test_payment_resources_evidence.EvidenceCollectorBoundaryTests.test_unvalidated_fields_never_enter_failure_report_or_ack) ... ok
2026-09-17T05:53:36.2365898Z test_zero_exit_without_checkpoints_is_not_successful_acceptance (test_payment_resources_evidence.EvidenceCollectorBoundaryTests.test_zero_exit_without_checkpoints_is_not_successful_acceptance) ... ok
2026-09-17T05:53:36.2682383Z test_close_disk_check_and_outbox_boundaries_cannot_move (test_payment_resources_evidence.EvidenceCompletenessTests.test_close_disk_check_and_outbox_boundaries_cannot_move) ... ok
2026-09-17T05:53:36.2767343Z test_every_one_of_nine_checkpoints_is_required (test_payment_resources_evidence.EvidenceCompletenessTests.test_every_one_of_nine_checkpoints_is_required) ... ok
2026-09-17T05:53:36.2790307Z test_fixture_has_exact_fixed_go_operation_contract (test_payment_resources_evidence.EvidenceCompletenessTests.test_fixture_has_exact_fixed_go_operation_contract) ... ok
2026-09-17T05:53:36.3043853Z test_missing_or_repeated_recovery_pair_cannot_claim_complete_recovery (test_payment_resources_evidence.EvidenceCompletenessTests.test_missing_or_repeated_recovery_pair_cannot_claim_complete_recovery) ... ok
2026-09-17T05:53:36.3051074Z test_recovery_cannot_be_recorded_at_a_different_committed_height (test_payment_resources_evidence.EvidenceCompletenessTests.test_recovery_cannot_be_recorded_at_a_different_committed_height) ... ok
2026-09-17T05:53:36.3196123Z test_removing_whole_core_pair_cannot_be_hidden_by_matching_timings (test_payment_resources_evidence.EvidenceCompletenessTests.test_removing_whole_core_pair_cannot_be_hidden_by_matching_timings) ... ok
2026-09-17T05:53:36.3228892Z test_reordering_complete_core_pairs_is_not_a_valid_timing_result (test_payment_resources_evidence.EvidenceCompletenessTests.test_reordering_complete_core_pairs_is_not_a_valid_timing_result) ... ok
2026-09-17T05:53:36.3275161Z test_review_c1_wallet_recovery_after_new_payment_and_outbox_is_rejected (test_payment_resources_evidence.EvidenceCompletenessTests.test_review_c1_wallet_recovery_after_new_payment_and_outbox_is_rejected) ... ok
2026-09-17T05:53:36.3305582Z test_review_c1_worker_reopen_before_scenario_start_is_rejected (test_payment_resources_evidence.EvidenceCompletenessTests.test_review_c1_worker_reopen_before_scenario_start_is_rejected) ... ok
2026-09-17T05:53:36.3813893Z test_valid_partial_recovery_prefixes_remain_incomplete_without_fake_duration (test_payment_resources_evidence.EvidenceCompletenessTests.test_valid_partial_recovery_prefixes_remain_incomplete_without_fake_duration) ... ok
2026-09-17T05:53:36.3874028Z test_all_io_stages_produce_only_bounded_public_diagnostics (test_payment_resources_windows.PublicReadDiagnosticTests.test_all_io_stages_produce_only_bounded_public_diagnostics) ... ok
2026-09-17T05:53:36.3877309Z test_known_protocol_positions_and_os_codes_survive_without_private_context (test_payment_resources_windows.PublicReadDiagnosticTests.test_known_protocol_positions_and_os_codes_survive_without_private_context) ... ok
2026-09-17T05:53:36.3886916Z test_read_error_is_preserved_when_closing_the_same_stream_also_fails (test_payment_resources_windows.PublicReadDiagnosticTests.test_read_error_is_preserved_when_closing_the_same_stream_also_fails) ... ok
2026-09-17T05:53:36.3893514Z test_unknown_names_and_invalid_diagnostic_scalars_are_not_serialized (test_payment_resources_windows.PublicReadDiagnosticTests.test_unknown_names_and_invalid_diagnostic_scalars_are_not_serialized) ... ok
2026-09-17T05:53:36.3914873Z test_failed_crt_handle_transfer_closes_only_the_owned_windows_handle (test_payment_resources_windows.WindowsHandleOwnershipTests.test_failed_crt_handle_transfer_closes_only_the_owned_windows_handle) ... ok
2026-09-17T05:53:36.3917933Z test_failed_stream_creation_closes_crt_descriptor_not_raw_handle_twice (test_payment_resources_windows.WindowsHandleOwnershipTests.test_failed_stream_creation_closes_crt_descriptor_not_raw_handle_twice) ... ok
2026-09-17T05:53:36.3921689Z test_delete_holder_blocks_legacy_open_but_shared_reader_preserves_exact_json (test_payment_resources_windows.WindowsSharedProtocolTests.test_delete_holder_blocks_legacy_open_but_shared_reader_preserves_exact_json) ... skipped 'requires native Windows file-sharing semantics'
2026-09-17T05:53:36.3925158Z test_delete_sharing_does_not_disable_post_read_size_check (test_payment_resources_windows.WindowsSharedProtocolTests.test_delete_sharing_does_not_disable_post_read_size_check) ... skipped 'requires native Windows file-sharing semantics'
2026-09-17T05:53:36.3927384Z test_delete_sharing_does_not_disable_replacement_identity_check (test_payment_resources_windows.WindowsSharedProtocolTests.test_delete_sharing_does_not_disable_replacement_identity_check) ... skipped 'requires native Windows file-sharing semantics'
2026-09-17T05:53:36.3928570Z 
2026-09-17T05:53:36.3929159Z ----------------------------------------------------------------------
2026-09-17T05:53:36.3930441Z Ran 53 tests in 2.488s
2026-09-17T05:53:36.3931096Z 
2026-09-17T05:53:36.3931421Z OK (skipped=3)
2026-09-17T05:53:36.4216905Z ##[group]Run test -z "$(gofmt -l internal/poolbridge)"
2026-09-17T05:53:36.4217618Z [36;1mtest -z "$(gofmt -l internal/poolbridge)"[0m
2026-09-17T05:53:36.4218442Z [36;1mcargo +1.98.1 fmt --manifest-path integration/orchard/Cargo.toml --all -- --check[0m
2026-09-17T05:53:36.4265750Z shell: /usr/bin/bash --noprofile --norc -e -o pipefail {0}
2026-09-17T05:53:36.4266327Z env:
2026-09-17T05:53:36.4266658Z   RAYON_NUM_THREADS: 2
2026-09-17T05:53:36.4267037Z   CARGO_BUILD_JOBS: 2
2026-09-17T05:53:36.4267593Z   ZEVUNE_RESOURCE_SOURCE_HEAD: cd5fe98053ce64e1acc6796dae44ec0e822c124f
2026-09-17T05:53:36.4268250Z   GOTOOLCHAIN: local
2026-09-17T05:53:36.4268617Z ##[endgroup]
2026-09-17T05:53:36.6869014Z ##[group]Run python - <<'PY'
2026-09-17T05:53:36.6869682Z [36;1mpython - <<'PY'[0m
2026-09-17T05:53:36.6869960Z [36;1mimport os, pathlib, subprocess[0m
2026-09-17T05:53:36.6870287Z [36;1mdirectory = pathlib.Path('.ci-build')[0m
2026-09-17T05:53:36.6870610Z [36;1mdirectory.mkdir(exist_ok=True)[0m
2026-09-17T05:53:36.6871015Z [36;1mname = 'payment-resources.test' + ('.exe' if os.name == 'nt' else '')[0m
2026-09-17T05:53:36.6871563Z [36;1msubprocess.run(['go', 'test', '-c', '-mod=readonly', '-tags=payment_resource_e2e',[0m
2026-09-17T05:53:36.6872116Z [36;1m                '-o', str(directory / name), './internal/poolbridge'], check=True)[0m
2026-09-17T05:53:36.6872620Z [36;1msubprocess.run(['go', 'vet', '-mod=readonly', '-tags=payment_resource_e2e',[0m
2026-09-17T05:53:36.6873057Z [36;1m                './internal/poolbridge'], check=True)[0m
2026-09-17T05:53:36.6873355Z [36;1mPY[0m
2026-09-17T05:53:36.6910334Z shell: /usr/bin/bash --noprofile --norc -e -o pipefail {0}
2026-09-17T05:53:36.6910690Z env:
2026-09-17T05:53:36.6910887Z   RAYON_NUM_THREADS: 2
2026-09-17T05:53:36.6911116Z   CARGO_BUILD_JOBS: 2
2026-09-17T05:53:36.6911449Z   ZEVUNE_RESOURCE_SOURCE_HEAD: cd5fe98053ce64e1acc6796dae44ec0e822c124f
2026-09-17T05:53:36.6911827Z   GOTOOLCHAIN: local
2026-09-17T05:53:36.6912036Z ##[endgroup]
2026-09-17T05:53:47.1911306Z ##[group]Run cargo +1.98.1 build --manifest-path integration/orchard/Cargo.toml --locked --release --features local-funding-lab --bins
2026-09-17T05:53:47.1912308Z [36;1mcargo +1.98.1 build --manifest-path integration/orchard/Cargo.toml --locked --release --features local-funding-lab --bins[0m
2026-09-17T05:53:47.1949010Z shell: /usr/bin/bash --noprofile --norc -e -o pipefail {0}
2026-09-17T05:53:47.1949691Z env:
2026-09-17T05:53:47.1949981Z   RAYON_NUM_THREADS: 2
2026-09-17T05:53:47.1950216Z   CARGO_BUILD_JOBS: 2
2026-09-17T05:53:47.1950547Z   ZEVUNE_RESOURCE_SOURCE_HEAD: cd5fe98053ce64e1acc6796dae44ec0e822c124f
2026-09-17T05:53:47.1950932Z   GOTOOLCHAIN: local
2026-09-17T05:53:47.1951147Z ##[endgroup]
2026-09-17T05:53:47.2374689Z     Updating crates.io index
2026-09-17T05:53:47.4295513Z  Downloading crates ...
2026-09-17T05:53:47.4618640Z   Downloaded aead v0.5.2
2026-09-17T05:53:47.4641444Z   Downloaded argon2 v0.5.3
2026-09-17T05:53:47.4663696Z   Downloaded arrayvec v0.7.8
2026-09-17T05:53:47.4684906Z   Downloaded autocfg v1.5.1
2026-09-17T05:53:47.4710930Z   Downloaded aes v0.8.4
2026-09-17T05:53:47.4765311Z   Downloaded inout v0.1.4
2026-09-17T05:53:47.4782748Z   Downloaded crossbeam-deque v0.8.8
2026-09-17T05:53:47.4806882Z   Downloaded crossbeam-utils v0.8.23
2026-09-17T05:53:47.4846006Z   Downloaded lock_api v0.4.14
2026-09-17T05:53:47.4862464Z   Downloaded zeroize v1.9.0
2026-09-17T05:53:47.4884050Z   Downloaded digest v0.10.7
2026-09-17T05:53:47.4913003Z   Downloaded jubjub v0.10.0
2026-09-17T05:53:47.4966029Z   Downloaded getrandom v0.2.17
2026-09-17T05:53:47.5024012Z   Downloaded thiserror-impl v2.0.20
2026-09-17T05:53:47.5044465Z   Downloaded frost-rerandomized v3.0.0
2026-09-17T05:53:47.5054296Z   Downloaded opaque-debug v0.3.1
2026-09-17T05:53:47.5063675Z   Downloaded blake2 v0.10.6
2026-09-17T05:53:47.5089261Z   Downloaded document-features v0.2.12
2026-09-17T05:53:47.5102012Z   Downloaded once_cell v1.21.4
2026-09-17T05:53:47.5127879Z   Downloaded uint v0.9.5
2026-09-17T05:53:47.5143307Z   Downloaded memuse v0.2.2
2026-09-17T05:53:47.5157003Z   Downloaded nonempty v0.11.0
2026-09-17T05:53:47.5170588Z   Downloaded bitvec v1.1.1
2026-09-17T05:53:47.5344142Z   Downloaded cpufeatures v0.2.17
2026-09-17T05:53:47.5358359Z   Downloaded crunchy v0.2.4
2026-09-17T05:53:47.5367298Z   Downloaded either v1.18.0
2026-09-17T05:53:47.5382508Z   Downloaded embedded-io v0.6.1
2026-09-17T05:53:47.5396427Z   Downloaded funty v2.0.0
2026-09-17T05:53:47.5404412Z   Downloaded getset v0.1.7
2026-09-17T05:53:47.5420773Z   Downloaded halo2_legacy_pdqsort v0.1.0
2026-09-17T05:53:47.5431858Z   Downloaded halo2_poseidon v0.1.0
2026-09-17T05:53:47.5446528Z   Downloaded hex v0.4.3
2026-09-17T05:53:47.5463165Z   Downloaded lazy_static v1.5.0
2026-09-17T05:53:47.5481259Z   Downloaded num-bigint v0.4.8
2026-09-17T05:53:47.5529942Z   Downloaded base16ct v0.2.0
2026-09-17T05:53:47.5544158Z   Downloaded base64ct v1.8.3
2026-09-17T05:53:47.5569826Z   Downloaded blake2b_simd v1.0.5
2026-09-17T05:53:47.5584289Z   Downloaded block-buffer v0.10.4
2026-09-17T05:53:47.5594786Z   Downloaded byteorder v1.5.0
2026-09-17T05:53:47.5611460Z   Downloaded cfg-if v1.0.4
2026-09-17T05:53:47.5624762Z   Downloaded chacha20 v0.9.1
2026-09-17T05:53:47.5645415Z   Downloaded embedded-io v0.4.0
2026-09-17T05:53:47.5662994Z   Downloaded hash32 v0.2.1
2026-09-17T05:53:47.5677998Z   Downloaded incrementalmerkletree v0.8.1
2026-09-17T05:53:47.5690791Z   Downloaded num-integer v0.1.47
2026-09-17T05:53:47.5707217Z   Downloaded ppv-lite86 v0.2.21
2026-09-17T05:53:47.5720838Z   Downloaded radium v0.7.0
2026-09-17T05:53:47.5731071Z   Downloaded scopeguard v1.2.0
2026-09-17T05:53:47.5744159Z   Downloaded cbc v0.1.2
2026-09-17T05:53:47.5759603Z   Downloaded const-crc32-nostd v1.3.1
2026-09-17T05:53:47.5767289Z   Downloaded cobs v0.3.0
2026-09-17T05:53:47.5782349Z   Downloaded group v0.13.0
2026-09-17T05:53:47.5798094Z   Downloaded serdect v0.2.0
2026-09-17T05:53:47.5812917Z   Downloaded static_assertions v1.1.0
2026-09-17T05:53:47.5828378Z   Downloaded visibility v0.1.1
2026-09-17T05:53:47.5842120Z   Downloaded semver v1.0.28
2026-09-17T05:53:47.5866529Z   Downloaded subtle v2.6.1
2026-09-17T05:53:47.5879061Z   Downloaded tap v1.0.1
2026-09-17T05:53:47.5889273Z   Downloaded universal-hash v0.5.1
2026-09-17T05:53:47.5898615Z   Downloaded zcash_spec v0.2.1
2026-09-17T05:53:47.5911865Z   Downloaded thiserror v2.0.20
2026-09-17T05:53:47.5981028Z   Downloaded wyz v0.5.1
2026-09-17T05:53:47.5994399Z   Downloaded zeroize_derive v1.5.0
2026-09-17T05:53:47.6005062Z   Downloaded zip32 v0.2.1
2026-09-17T05:53:47.6022350Z   Downloaded zcash_note_encryption v0.4.2
2026-09-17T05:53:47.6036792Z   Downloaded version_check v0.9.5
2026-09-17T05:53:47.6050582Z   Downloaded tracing-attributes v0.1.31
2026-09-17T05:53:47.6078070Z   Downloaded crypto-common v0.1.7
2026-09-17T05:53:47.6088592Z   Downloaded generic-array v0.14.7
2026-09-17T05:53:47.6103479Z   Downloaded rand_chacha v0.3.1
2026-09-17T05:53:47.6115748Z   Downloaded rustc_version v0.4.1
2026-09-17T05:53:47.6129215Z   Downloaded stable_deref_trait v1.2.1
2026-09-17T05:53:47.6138376Z   Downloaded syn v3.0.5
2026-09-17T05:53:47.6250027Z   Downloaded tracing-core v0.1.36
2026-09-17T05:53:47.6278157Z   Downloaded unicode-ident v1.0.24
2026-09-17T05:53:47.6307137Z   Downloaded ff v0.13.1
2026-09-17T05:53:47.6323385Z   Downloaded fpe v0.6.1
2026-09-17T05:53:47.6343752Z   Downloaded halo2_proofs v0.3.5
2026-09-17T05:53:47.6426183Z   Downloaded maybe-rayon v0.1.1
2026-09-17T05:53:47.6434905Z   Downloaded num-traits v0.2.19
2026-09-17T05:53:47.6463085Z   Downloaded constant_time_eq v0.4.2
2026-09-17T05:53:47.6485568Z   Downloaded derive-getters v0.5.0
2026-09-17T05:53:47.6514889Z   Downloaded poly1305 v0.8.0
2026-09-17T05:53:47.6540609Z   Downloaded sha2 v0.10.9
2026-09-17T05:53:47.6567836Z   Downloaded corez v0.1.1
2026-09-17T05:53:47.6586665Z   Downloaded crossbeam-epoch v0.9.21
2026-09-17T05:53:47.6612436Z   Downloaded password-hash v0.5.0
2026-09-17T05:53:47.6631483Z   Downloaded pin-project-lite v0.2.17
2026-09-17T05:53:47.6695553Z   Downloaded postcard v1.1.3
2026-09-17T05:53:47.6719649Z   Downloaded quote v1.0.47
2026-09-17T05:53:47.6747596Z   Downloaded rand_core v0.6.4
2026-09-17T05:53:47.6761450Z   Downloaded cipher v0.4.4
2026-09-17T05:53:47.6776600Z   Downloaded itertools v0.14.0
2026-09-17T05:53:47.6848800Z   Downloaded litrs v1.0.0
2026-09-17T05:53:47.6879404Z   Downloaded spin v0.9.9
2026-09-17T05:53:47.6903188Z   Downloaded frost-core v3.0.0
2026-09-17T05:53:47.6937151Z   Downloaded indexmap v1.9.3
2026-09-17T05:53:47.6970182Z   Downloaded proc-macro2 v1.0.107
2026-09-17T05:53:47.7000042Z   Downloaded serde_core v1.0.229
2026-09-17T05:53:47.7028103Z   Downloaded serde_derive v1.0.229
2026-09-17T05:53:47.7059489Z   Downloaded typenum v1.20.1
2026-09-17T05:53:47.7095140Z   Downloaded chacha20poly1305 v0.10.1
2026-09-17T05:53:47.7111567Z   Downloaded heapless v0.7.17
2026-09-17T05:53:47.7149513Z   Downloaded rand v0.8.5
2026-09-17T05:53:47.7184681Z   Downloaded rayon-core v1.13.0
2026-09-17T05:53:47.7222712Z   Downloaded serde v1.0.229
2026-09-17T05:53:47.7258056Z   Downloaded bech32 v0.11.1
2026-09-17T05:53:47.7290133Z   Downloaded hashbrown v0.12.3
2026-09-17T05:53:47.7327819Z   Downloaded reddsa v0.5.2
2026-09-17T05:53:47.7380126Z   Downloaded sinsemilla v0.1.0
2026-09-17T05:53:47.7402752Z   Downloaded libm v0.2.16
2026-09-17T05:53:47.7515947Z   Downloaded zerocopy v0.8.57
2026-09-17T05:53:47.7739946Z   Downloaded rayon v1.12.0
2026-09-17T05:53:47.7837818Z   Downloaded tracing v0.1.44
2026-09-17T05:53:47.7998615Z   Downloaded syn v2.0.119
2026-09-17T05:53:47.8107555Z   Downloaded halo2_gadgets v0.5.0
2026-09-17T05:53:47.8226107Z   Downloaded pasta_curves v0.5.2
2026-09-17T05:53:47.8300400Z   Downloaded bls12_381 v0.8.0
2026-09-17T05:53:47.8353748Z   Downloaded orchard v0.15.5
2026-09-17T05:53:47.8530128Z   Downloaded libc v0.2.189
2026-09-17T05:53:47.9357119Z    Compiling libc v0.2.189
2026-09-17T05:53:47.9357765Z    Compiling cfg-if v1.0.4
2026-09-17T05:53:47.9547025Z    Compiling proc-macro2 v1.0.107
2026-09-17T05:53:48.1268737Z    Compiling quote v1.0.47
2026-09-17T05:53:48.2054642Z    Compiling unicode-ident v1.0.24
2026-09-17T05:53:48.7303166Z    Compiling getrandom v0.2.17
2026-09-17T05:53:48.7507471Z    Compiling version_check v0.9.5
2026-09-17T05:53:48.8570567Z    Compiling rand_core v0.6.4
2026-09-17T05:53:48.8920831Z    Compiling subtle v2.6.1
2026-09-17T05:53:48.9647939Z    Compiling generic-array v0.14.7
2026-09-17T05:53:48.9862635Z    Compiling typenum v1.20.1
2026-09-17T05:53:49.0259807Z    Compiling syn v2.0.119
2026-09-17T05:53:49.8712475Z    Compiling crypto-common v0.1.7
2026-09-17T05:53:49.9185614Z    Compiling radium v0.7.0
2026-09-17T05:53:50.0027828Z    Compiling tap v1.0.1
2026-09-17T05:53:50.0437530Z    Compiling wyz v0.5.1
2026-09-17T05:53:50.2733814Z    Compiling funty v2.0.0
2026-09-17T05:53:51.0420907Z    Compiling autocfg v1.5.1
2026-09-17T05:53:51.2462067Z    Compiling zerocopy v0.8.57
2026-09-17T05:53:51.3988009Z    Compiling bitvec v1.1.1
2026-09-17T05:53:52.2452966Z    Compiling zeroize_derive v1.5.0
2026-09-17T05:53:52.5011084Z    Compiling zeroize v1.9.0
2026-09-17T05:53:53.3017671Z    Compiling ff v0.13.1
2026-09-17T05:53:53.3653803Z    Compiling memuse v0.2.2
2026-09-17T05:53:53.4508592Z    Compiling arrayvec v0.7.8
2026-09-17T05:53:53.5820040Z    Compiling constant_time_eq v0.4.2
2026-09-17T05:53:53.6616081Z    Compiling crossbeam-utils v0.8.23
2026-09-17T05:53:53.7525466Z    Compiling blake2b_simd v1.0.5
2026-09-17T05:53:55.2308843Z    Compiling ppv-lite86 v0.2.21
2026-09-17T05:53:55.3878425Z    Compiling crossbeam-epoch v0.9.21
2026-09-17T05:53:55.4557740Z    Compiling rand_chacha v0.3.1
2026-09-17T05:53:55.8546981Z    Compiling group v0.13.0
2026-09-17T05:53:55.8655877Z    Compiling inout v0.1.4
2026-09-17T05:53:55.9161109Z    Compiling static_assertions v1.1.0
2026-09-17T05:53:55.9372177Z    Compiling cpufeatures v0.2.17
2026-09-17T05:53:55.9529237Z    Compiling crossbeam-deque v0.8.8
2026-09-17T05:53:55.9583734Z    Compiling spin v0.9.9
2026-09-17T05:53:56.0035550Z    Compiling lazy_static v1.5.0
2026-09-17T05:53:56.0300891Z    Compiling cipher v0.4.4
2026-09-17T05:53:56.1614681Z    Compiling rand v0.8.5
2026-09-17T05:53:56.2935179Z    Compiling rayon-core v1.13.0
2026-09-17T05:53:56.4494793Z    Compiling num-traits v0.2.19
2026-09-17T05:53:56.4971092Z    Compiling syn v3.0.5
2026-09-17T05:53:56.7094015Z    Compiling pasta_curves v0.5.2
2026-09-17T05:53:58.0455383Z    Compiling either v1.18.0
2026-09-17T05:53:59.3856872Z    Compiling indexmap v1.9.3
2026-09-17T05:53:59.4350467Z    Compiling once_cell v1.21.4
2026-09-17T05:53:59.5540213Z    Compiling serde_core v1.0.229
2026-09-17T05:53:59.6501229Z    Compiling crunchy v0.2.4
2026-09-17T05:53:59.7343372Z    Compiling tracing-core v0.1.36
2026-09-17T05:54:00.4278001Z    Compiling rayon v1.12.0
2026-09-17T05:54:02.7215752Z    Compiling tracing-attributes v0.1.31
2026-09-17T05:54:03.4143549Z    Compiling universal-hash v0.5.1
2026-09-17T05:54:03.4596901Z    Compiling block-buffer v0.10.4
2026-09-17T05:54:03.5131248Z    Compiling byteorder v1.5.0
2026-09-17T05:54:03.6526219Z    Compiling opaque-debug v0.3.1
2026-09-17T05:54:03.6723695Z    Compiling hashbrown v0.12.3
2026-09-17T05:54:04.0548985Z    Compiling hex v0.4.3
2026-09-17T05:54:04.2148025Z    Compiling libm v0.2.16
2026-09-17T05:54:04.3122280Z    Compiling pin-project-lite v0.2.17
2026-09-17T05:54:04.3390420Z    Compiling serde v1.0.229
2026-09-17T05:54:04.4320780Z    Compiling thiserror v2.0.20
2026-09-17T05:54:04.5763257Z    Compiling tracing v0.1.44
2026-09-17T05:54:05.0876450Z    Compiling poly1305 v0.8.0
2026-09-17T05:54:05.5301852Z    Compiling digest v0.10.7
2026-09-17T05:54:05.6493312Z    Compiling num-integer v0.1.47
2026-09-17T05:54:05.9792529Z    Compiling maybe-rayon v0.1.1
2026-09-17T05:54:07.6783636Z    Compiling serde_derive v1.0.229
2026-09-17T05:54:09.5098891Z    Compiling thiserror-impl v2.0.20
2026-09-17T05:54:10.1988742Z    Compiling chacha20 v0.9.1
2026-09-17T05:54:10.3175741Z    Compiling bls12_381 v0.8.0
2026-09-17T05:54:10.6075711Z    Compiling aead v0.5.2
2026-09-17T05:54:10.6750473Z    Compiling halo2_legacy_pdqsort v0.1.0
2026-09-17T05:54:10.7389970Z    Compiling halo2_proofs v0.3.5
2026-09-17T05:54:11.3608954Z    Compiling chacha20poly1305 v0.10.1
2026-09-17T05:54:11.4100683Z    Compiling jubjub v0.10.0
2026-09-17T05:54:13.8547501Z    Compiling uint v0.9.5
2026-09-17T05:54:13.9152918Z    Compiling num-bigint v0.4.8
2026-09-17T05:54:16.2817728Z    Compiling halo2_poseidon v0.1.0
2026-09-17T05:54:16.7621097Z    Compiling sinsemilla v0.1.0
2026-09-17T05:54:17.2941308Z    Compiling cbc v0.1.2
2026-09-17T05:54:17.3501854Z    Compiling zcash_spec v0.2.1
2026-09-17T05:54:17.3944064Z    Compiling base64ct v1.8.3
2026-09-17T05:54:17.5714782Z    Compiling bech32 v0.11.1
2026-09-17T05:54:17.8850422Z    Compiling zip32 v0.2.1
2026-09-17T05:54:17.9510922Z    Compiling halo2_gadgets v0.5.0
2026-09-17T05:54:18.1743404Z    Compiling password-hash v0.5.0
2026-09-17T05:54:18.8449109Z    Compiling fpe v0.6.1
2026-09-17T05:54:19.4467962Z    Compiling reddsa v0.5.2
2026-09-17T05:54:19.7152187Z    Compiling zcash_note_encryption v0.4.2
2026-09-17T05:54:19.8580075Z    Compiling blake2 v0.10.6
2026-09-17T05:54:20.2133156Z    Compiling incrementalmerkletree v0.8.1
2026-09-17T05:54:20.3363325Z    Compiling aes v0.8.4
2026-09-17T05:54:21.0388968Z    Compiling getset v0.1.7
2026-09-17T05:54:21.3103316Z    Compiling visibility v0.1.1
2026-09-17T05:54:21.4045440Z    Compiling corez v0.1.1
2026-09-17T05:54:21.4242298Z    Compiling nonempty v0.11.0
2026-09-17T05:54:21.5062188Z    Compiling orchard v0.15.5
2026-09-17T05:54:23.0943687Z    Compiling argon2 v0.5.3
2026-09-17T05:54:23.8419853Z    Compiling sha2 v0.10.9
2026-09-17T05:54:24.9844324Z    Compiling zevune-orchard-lab v0.1.0 (/home/runner/work/Zevune/Zevune/integration/orchard)
2026-09-17T05:54:50.9689715Z     Finished `release` profile [optimized] target(s) in 1m 03s
2026-09-17T05:54:50.9966330Z ##[group]Run python - <<'PY'
2026-09-17T05:54:50.9966692Z [36;1mpython - <<'PY'[0m
2026-09-17T05:54:50.9966969Z [36;1mimport os, pathlib, subprocess, sys[0m
2026-09-17T05:54:50.9967310Z [36;1msuffix = '.exe' if os.name == 'nt' else ''[0m
2026-09-17T05:54:50.9967645Z [36;1mroot = pathlib.Path.cwd()[0m
2026-09-17T05:54:50.9967989Z [36;1mbinaries = root / 'integration/orchard/target/release'[0m
2026-09-17T05:54:50.9968356Z [36;1msubprocess.run([[0m
2026-09-17T05:54:50.9968686Z [36;1m    sys.executable, 'scripts/check_payment_resources.py',[0m
2026-09-17T05:54:50.9969197Z [36;1m    '--test-executable', str(root / '.ci-build' / ('payment-resources.test' + suffix)),[0m
2026-09-17T05:54:50.9970134Z [36;1m    '--worker', str(binaries / ('zevune-pool-worker' + suffix)),[0m
2026-09-17T05:54:50.9970636Z [36;1m    '--scenario', str(binaries / ('zevune-funded-scenario' + suffix)),[0m
2026-09-17T05:54:50.9971168Z [36;1m    '--output', str(root / 'ci-results/payment-resources.json'),[0m
2026-09-17T05:54:50.9971528Z [36;1m], check=True)[0m
2026-09-17T05:54:50.9971746Z [36;1mPY[0m
2026-09-17T05:54:51.0008264Z shell: /usr/bin/bash --noprofile --norc -e -o pipefail {0}
2026-09-17T05:54:51.0008617Z env:
2026-09-17T05:54:51.0008818Z   RAYON_NUM_THREADS: 2
2026-09-17T05:54:51.0009037Z   CARGO_BUILD_JOBS: 2
2026-09-17T05:54:51.0009617Z   ZEVUNE_RESOURCE_SOURCE_HEAD: cd5fe98053ce64e1acc6796dae44ec0e822c124f
2026-09-17T05:54:51.0010027Z   GOTOOLCHAIN: local
2026-09-17T05:54:51.0010241Z ##[endgroup]
2026-09-17T05:54:51.1707834Z === RUN   TestActivePaymentResources32AndRecovery
2026-09-17T05:57:40.4867200Z     payment_resource_e2e_test.go:834: PAYMENT_RESOURCE_RESULT paid_blocks=33 actions_per_payment=2 commitments=68 nullifiers=66 fees=33000; complete Summary/capacity, full replay, receipt-bound wallets, exact outbox, physical frames and rejection non-mutation passed
2026-09-17T05:57:40.4885629Z --- PASS: TestActivePaymentResources32AndRecovery (169.32s)
2026-09-17T05:57:40.4894500Z PASS
2026-09-17T05:57:40.5701080Z PAYMENT_RESOURCE_RESULT passed
2026-09-17T05:57:40.5922407Z ##[group]Run git diff --exit-code
2026-09-17T05:57:40.5922971Z [36;1mgit diff --exit-code[0m
2026-09-17T05:57:40.5968297Z shell: /usr/bin/bash --noprofile --norc -e -o pipefail {0}
2026-09-17T05:57:40.5968905Z env:
2026-09-17T05:57:40.5969580Z   RAYON_NUM_THREADS: 2
2026-09-17T05:57:40.5970002Z   CARGO_BUILD_JOBS: 2
2026-09-17T05:57:40.5971004Z   ZEVUNE_RESOURCE_SOURCE_HEAD: cd5fe98053ce64e1acc6796dae44ec0e822c124f
2026-09-17T05:57:40.5971420Z   GOTOOLCHAIN: local
2026-09-17T05:57:40.5971643Z ##[endgroup]
2026-09-17T05:57:40.6144655Z Node 20 is being deprecated. This workflow is running with Node 24 by default. If you need to temporarily use Node 20, you can set the ACTIONS_ALLOW_USE_UNSECURE_NODE_VERSION=true environment variable. For more information see: https://github.blog/changelog/2025-09-19-deprecation-of-node-20-on-github-actions-runners/
2026-09-17T05:57:40.6146067Z ##[group]Run actions/upload-artifact@ea165f8d65b6e75b540449e92b4886f43607fa02
2026-09-17T05:57:40.6146453Z with:
2026-09-17T05:57:40.6146832Z   name: payment-resources-ubuntu-latest-caece5bb6e82adc11156601880d7e1b4f2b5f463
2026-09-17T05:57:40.6147415Z   path: ci-results/payment-resource-setup.json
ci-results/payment-resources.json

2026-09-17T05:57:40.6147840Z   if-no-files-found: error
2026-09-17T05:57:40.6148065Z   retention-days: 14
2026-09-17T05:57:40.6148293Z   compression-level: 6
2026-09-17T05:57:40.6148508Z   overwrite: false
2026-09-17T05:57:40.6148724Z   include-hidden-files: false
2026-09-17T05:57:40.6148955Z env:
2026-09-17T05:57:40.6149149Z   RAYON_NUM_THREADS: 2
2026-09-17T05:57:40.6149573Z   CARGO_BUILD_JOBS: 2
2026-09-17T05:57:40.6149890Z   ZEVUNE_RESOURCE_SOURCE_HEAD: cd5fe98053ce64e1acc6796dae44ec0e822c124f
2026-09-17T05:57:40.6150255Z   GOTOOLCHAIN: local
2026-09-17T05:57:40.6150460Z ##[endgroup]
2026-09-17T05:57:40.7892202Z (node:6496) [DEP0040] DeprecationWarning: The `punycode` module is deprecated. Please use a userland alternative instead.
2026-09-17T05:57:40.7892942Z (Use `node --trace-deprecation ...` to show where the warning was created)
2026-09-17T05:57:40.7995727Z Multiple search paths detected. Calculating the least common ancestor of all paths
2026-09-17T05:57:40.8020806Z The least common ancestor is /home/runner/work/Zevune/Zevune/ci-results. This will be the root directory of the artifact
2026-09-17T05:57:40.8028245Z With the provided path, there will be 2 files uploaded
2026-09-17T05:57:40.8029755Z Artifact name is valid!
2026-09-17T05:57:40.8030692Z Root directory input is valid!
2026-09-17T05:57:40.9947385Z Beginning upload of artifact content to blob storage
2026-09-17T05:57:41.0226820Z (node:6496) [DEP0169] DeprecationWarning: `url.parse()` behavior is not standardized and prone to errors that have security implications. Use the WHATWG URL API instead. CVEs are not issued for `url.parse()` vulnerabilities.
2026-09-17T05:57:41.0653413Z Uploaded bytes 9287
2026-09-17T05:57:41.1156539Z Finished uploading artifact content to blob storage!
2026-09-17T05:57:41.1157588Z SHA256 digest of uploaded artifact zip is 88cdc486705bdaf6dd2917a175374f0b7f415a3abed5e445369c82ebecf69681
2026-09-17T05:57:41.1159841Z Finalizing artifact upload
2026-09-17T05:57:41.3070587Z Artifact payment-resources-ubuntu-latest-caece5bb6e82adc11156601880d7e1b4f2b5f463.zip successfully finalized. Artifact ID 10481864543
2026-09-17T05:57:41.3072371Z Artifact payment-resources-ubuntu-latest-caece5bb6e82adc11156601880d7e1b4f2b5f463 has been successfully uploaded! Final size is 9287 bytes. Artifact ID is 10481864543
2026-09-17T05:57:41.3078138Z Artifact download URL: https://github.com/youq616/Zevune/actions/runs/35187185033/artifacts/10481864543
2026-09-17T05:57:41.3261699Z Node 20 is being deprecated. This workflow is running with Node 24 by default. If you need to temporarily use Node 20, you can set the ACTIONS_ALLOW_USE_UNSECURE_NODE_VERSION=true environment variable. For more information see: https://github.blog/changelog/2025-09-19-deprecation-of-node-20-on-github-actions-runners/
2026-09-17T05:57:41.3263078Z Post job cleanup.
2026-09-17T05:57:41.4604532Z (node:6510) [DEP0040] DeprecationWarning: The `punycode` module is deprecated. Please use a userland alternative instead.
2026-09-17T05:57:41.4605477Z (Use `node --trace-deprecation ...` to show where the warning was created)
2026-09-17T05:57:41.4768939Z Post job cleanup.
2026-09-17T05:57:41.5803300Z [command]/usr/bin/git version
2026-09-17T05:57:41.5847841Z git version 2.55.0
2026-09-17T05:57:41.5896057Z Temporarily overriding HOME='/home/runner/work/_temp/dcd9f3e8-7518-4716-b766-d2abde771278' before making global git config changes
2026-09-17T05:57:41.5897599Z Adding repository directory to the temporary git global config as a safe directory
2026-09-17T05:57:41.5903518Z [command]/usr/bin/git config --global --add safe.directory /home/runner/work/Zevune/Zevune
2026-09-17T05:57:41.5950301Z [command]/usr/bin/git config --local --name-only --get-regexp core\.sshCommand
2026-09-17T05:57:41.5992330Z [command]/usr/bin/git submodule foreach --recursive sh -c "git config --local --name-only --get-regexp 'core\.sshCommand' && git config --local --unset-all 'core.sshCommand' || :"
2026-09-17T05:57:41.6255915Z [command]/usr/bin/git config --local --name-only --get-regexp http\.https\:\/\/github\.com\/\.extraheader
2026-09-17T05:57:41.6305174Z [command]/usr/bin/git submodule foreach --recursive sh -c "git config --local --name-only --get-regexp 'http\.https\:\/\/github\.com\/\.extraheader' && git config --local --unset-all 'http.https://github.com/.extraheader' || :"
2026-09-17T05:57:41.6760988Z Cleaning up orphan processes
2026-09-17T05:57:41.7183778Z ##[warning]Node.js 20 is deprecated. The following actions target Node.js 20 but are being forced to run on Node.js 24: actions/setup-go@44694675825211faa026b3c33043df3e48a5fa00, actions/upload-artifact@ea165f8d65b6e75b540449e92b4886f43607fa02. For more information see: https://github.blog/changelog/2025-09-19-deprecation-of-node-20-on-github-actions-runners/
