2026-09-17T06:04:59.4510086Z Current runner version: '2.337.0'
2026-09-17T06:04:59.4546602Z ##[group]Runner Image Provisioner
2026-09-17T06:04:59.4548016Z Hosted Compute Agent
2026-09-17T06:04:59.4549420Z Version: 20260828.587
2026-09-17T06:04:59.4550607Z Commit: abac92662cab4cc7352de4f9f9d2e2419aad9c29
2026-09-17T06:04:59.4551969Z Build Date: 2026-08-28T16:44:25Z
2026-09-17T06:04:59.4553319Z Worker ID: {724ada8b-0165-47c6-99ad-b355a995173f}
2026-09-17T06:04:59.4554580Z Azure Region: eastus
2026-09-17T06:04:59.4555507Z ##[endgroup]
2026-09-17T06:04:59.4557648Z ##[group]Operating System
2026-09-17T06:04:59.4558769Z Microsoft Windows Server 2025
2026-09-17T06:04:59.4560025Z 10.0.26100
2026-09-17T06:04:59.4560970Z Datacenter
2026-09-17T06:04:59.4561967Z ##[endgroup]
2026-09-17T06:04:59.4562904Z ##[group]Runner Image
2026-09-17T06:04:59.4564028Z Image: windows-2025-vs2026
2026-09-17T06:04:59.4565133Z Version: 20260907.229.1
2026-09-17T06:04:59.4567844Z Included Software: https://github.com/actions/runner-images/blob/win25-vs2026/20260907.229/images/windows/Windows2025-VS2026-Readme.md
2026-09-17T06:04:59.4571405Z Image Release: https://github.com/actions/runner-images/releases/tag/win25-vs2026%2F20260907.229
2026-09-17T06:04:59.4573306Z ##[endgroup]
2026-09-17T06:04:59.4574711Z ##[group]GITHUB_TOKEN Permissions
2026-09-17T06:04:59.4576594Z Contents: read
2026-09-17T06:04:59.4577196Z Metadata: read
2026-09-17T06:04:59.4577741Z ##[endgroup]
2026-09-17T06:04:59.4579737Z Secret source: Actions
2026-09-17T06:04:59.4580700Z Cache mode: write
2026-09-17T06:04:59.4581385Z Prepare workflow directory
2026-09-17T06:04:59.5009496Z Prepare all required actions
2026-09-17T06:04:59.5058658Z Getting action download info
2026-09-17T06:04:59.6632755Z Download action repository 'actions/checkout@08c6903cd8c0fde910a37f88322edcfb5dd907a8' (SHA:08c6903cd8c0fde910a37f88322edcfb5dd907a8)
2026-09-17T06:04:59.8072492Z Download action repository 'actions/setup-go@44694675825211faa026b3c33043df3e48a5fa00' (SHA:44694675825211faa026b3c33043df3e48a5fa00)
2026-09-17T06:05:00.1926612Z Complete job name: integrated (windows-latest)
2026-09-17T06:05:00.3442827Z ##[group]Run actions/checkout@08c6903cd8c0fde910a37f88322edcfb5dd907a8
2026-09-17T06:05:00.3444034Z with:
2026-09-17T06:05:00.3444448Z   persist-credentials: false
2026-09-17T06:05:00.3444932Z   repository: youq616/Zevune
2026-09-17T06:05:00.3448768Z   token: ***
2026-09-17T06:05:00.3449161Z   ssh-strict: true
2026-09-17T06:05:00.3449556Z   ssh-user: git
2026-09-17T06:05:00.3449936Z   clean: true
2026-09-17T06:05:00.3450335Z   sparse-checkout-cone-mode: true
2026-09-17T06:05:00.3450810Z   fetch-depth: 1
2026-09-17T06:05:00.3451201Z   fetch-tags: false
2026-09-17T06:05:00.3451608Z   show-progress: true
2026-09-17T06:05:00.3452009Z   lfs: false
2026-09-17T06:05:00.3452662Z   submodules: false
2026-09-17T06:05:00.3453083Z   set-safe-directory: true
2026-09-17T06:05:00.3453763Z env:
2026-09-17T06:05:00.3454134Z   RAYON_NUM_THREADS: 2
2026-09-17T06:05:00.3454611Z   CARGO_BUILD_JOBS: 2
2026-09-17T06:05:00.3455212Z ##[endgroup]
2026-09-17T06:05:00.5042377Z Syncing repository: youq616/Zevune
2026-09-17T06:05:00.5045127Z ##[group]Getting Git version info
2026-09-17T06:05:00.5046072Z Working directory is 'D:\a\Zevune\Zevune'
2026-09-17T06:05:00.6051333Z [command]"C:\Program Files\Git\bin\git.exe" version
2026-09-17T06:05:01.0636432Z git version 2.55.0.windows.5
2026-09-17T06:05:01.0690062Z ##[endgroup]
2026-09-17T06:05:01.0715009Z Temporarily overriding HOME='D:\a\_temp\58131f88-c6e6-408e-9439-daeb1571ef2a' before making global git config changes
2026-09-17T06:05:01.0717529Z Adding repository directory to the temporary git global config as a safe directory
2026-09-17T06:05:01.0727541Z [command]"C:\Program Files\Git\bin\git.exe" config --global --add safe.directory D:\a\Zevune\Zevune
2026-09-17T06:05:01.2029622Z Deleting the contents of 'D:\a\Zevune\Zevune'
2026-09-17T06:05:01.2035434Z ##[group]Initializing the repository
2026-09-17T06:05:01.2044402Z [command]"C:\Program Files\Git\bin\git.exe" init D:\a\Zevune\Zevune
2026-09-17T06:05:01.3019364Z Initialized empty Git repository in D:/a/Zevune/Zevune/.git/
2026-09-17T06:05:01.3067105Z [command]"C:\Program Files\Git\bin\git.exe" remote add origin https://github.com/youq616/Zevune
2026-09-17T06:05:01.3870119Z ##[endgroup]
2026-09-17T06:05:01.3871374Z ##[group]Disabling automatic garbage collection
2026-09-17T06:05:01.3878274Z [command]"C:\Program Files\Git\bin\git.exe" config --local gc.auto 0
2026-09-17T06:05:01.4174964Z ##[endgroup]
2026-09-17T06:05:01.4176256Z ##[group]Setting up auth
2026-09-17T06:05:01.4187106Z [command]"C:\Program Files\Git\bin\git.exe" config --local --name-only --get-regexp core\.sshCommand
2026-09-17T06:05:01.4483904Z [command]"C:\Program Files\Git\bin\git.exe" submodule foreach --recursive "sh -c \"git config --local --name-only --get-regexp 'core\.sshCommand' && git config --local --unset-all 'core.sshCommand' || :\""
2026-09-17T06:05:04.0366862Z [command]"C:\Program Files\Git\bin\git.exe" config --local --name-only --get-regexp http\.https\:\/\/github\.com\/\.extraheader
2026-09-17T06:05:04.0699328Z [command]"C:\Program Files\Git\bin\git.exe" submodule foreach --recursive "sh -c \"git config --local --name-only --get-regexp 'http\.https\:\/\/github\.com\/\.extraheader' && git config --local --unset-all 'http.https://github.com/.extraheader' || :\""
2026-09-17T06:05:04.6333524Z [command]"C:\Program Files\Git\bin\git.exe" config --local http.https://github.com/.extraheader "AUTHORIZATION: basic ***"
2026-09-17T06:05:04.6653054Z ##[endgroup]
2026-09-17T06:05:04.6654135Z ##[group]Fetching the repository
2026-09-17T06:05:04.6668799Z [command]"C:\Program Files\Git\bin\git.exe" -c protocol.version=2 fetch --no-tags --prune --no-recurse-submodules --depth=1 origin +cd5fe98053ce64e1acc6796dae44ec0e822c124f:refs/remotes/origin/dev/m12-genesis-domain
2026-09-17T06:05:06.9638314Z From https://github.com/youq616/Zevune
2026-09-17T06:05:06.9639870Z  * [new ref]         cd5fe98053ce64e1acc6796dae44ec0e822c124f -> origin/dev/m12-genesis-domain
2026-09-17T06:05:06.9684623Z ##[endgroup]
2026-09-17T06:05:06.9688404Z ##[group]Determining the checkout info
2026-09-17T06:05:06.9689451Z ##[endgroup]
2026-09-17T06:05:06.9697296Z [command]"C:\Program Files\Git\bin\git.exe" sparse-checkout disable
2026-09-17T06:05:07.0216019Z [command]"C:\Program Files\Git\bin\git.exe" config --local --unset-all extensions.worktreeConfig
2026-09-17T06:05:07.0528071Z ##[group]Checking out the ref
2026-09-17T06:05:07.0537595Z [command]"C:\Program Files\Git\bin\git.exe" checkout --progress --force -B dev/m12-genesis-domain refs/remotes/origin/dev/m12-genesis-domain
2026-09-17T06:05:07.1956740Z Switched to a new branch 'dev/m12-genesis-domain'
2026-09-17T06:05:07.2032925Z branch 'dev/m12-genesis-domain' set up to track 'origin/dev/m12-genesis-domain'.
2026-09-17T06:05:07.2103500Z ##[endgroup]
2026-09-17T06:05:07.4367445Z [command]"C:\Program Files\Git\bin\git.exe" log -1 --format=%H
2026-09-17T06:05:07.6862934Z cd5fe98053ce64e1acc6796dae44ec0e822c124f
2026-09-17T06:05:07.6914506Z ##[group]Removing auth
2026-09-17T06:05:07.6925011Z [command]"C:\Program Files\Git\bin\git.exe" config --local --name-only --get-regexp core\.sshCommand
2026-09-17T06:05:07.7281215Z [command]"C:\Program Files\Git\bin\git.exe" submodule foreach --recursive "sh -c \"git config --local --name-only --get-regexp 'core\.sshCommand' && git config --local --unset-all 'core.sshCommand' || :\""
2026-09-17T06:05:08.2879392Z [command]"C:\Program Files\Git\bin\git.exe" config --local --name-only --get-regexp http\.https\:\/\/github\.com\/\.extraheader
2026-09-17T06:05:08.3142974Z http.https://github.com/.extraheader
2026-09-17T06:05:08.3182925Z [command]"C:\Program Files\Git\bin\git.exe" config --local --unset-all http.https://github.com/.extraheader
2026-09-17T06:05:08.3485650Z [command]"C:\Program Files\Git\bin\git.exe" submodule foreach --recursive "sh -c \"git config --local --name-only --get-regexp 'http\.https\:\/\/github\.com\/\.extraheader' && git config --local --unset-all 'http.https://github.com/.extraheader' || :\""
2026-09-17T06:05:08.8766189Z ##[endgroup]
2026-09-17T06:05:08.9172940Z Node 20 is being deprecated. This workflow is running with Node 24 by default. If you need to temporarily use Node 20, you can set the ACTIONS_ALLOW_USE_UNSECURE_NODE_VERSION=true environment variable. For more information see: https://github.blog/changelog/2025-09-19-deprecation-of-node-20-on-github-actions-runners/
2026-09-17T06:05:08.9175025Z ##[group]Run actions/setup-go@44694675825211faa026b3c33043df3e48a5fa00
2026-09-17T06:05:08.9175366Z with:
2026-09-17T06:05:08.9175544Z   go-version: 1.27.1
2026-09-17T06:05:08.9175800Z   cache-dependency-path: integration/cometbft/go.sum
2026-09-17T06:05:08.9176091Z   check-latest: false
2026-09-17T06:05:08.9178848Z   token: ***
2026-09-17T06:05:08.9179025Z   cache: true
2026-09-17T06:05:08.9179185Z env:
2026-09-17T06:05:08.9179342Z   RAYON_NUM_THREADS: 2
2026-09-17T06:05:08.9179538Z   CARGO_BUILD_JOBS: 2
2026-09-17T06:05:08.9179743Z ##[endgroup]
2026-09-17T06:05:09.0793404Z Setup go version spec 1.27.1
2026-09-17T06:05:09.0807658Z Attempting to download 1.27.1...
2026-09-17T06:05:09.0998390Z (node:7836) [DEP0040] DeprecationWarning: The `punycode` module is deprecated. Please use a userland alternative instead.
2026-09-17T06:05:09.0999651Z (Use `node --trace-deprecation ...` to show where the warning was created)
2026-09-17T06:05:09.5225162Z matching 1.27.1...
2026-09-17T06:05:09.5253232Z Acquiring 1.27.1 from https://github.com/actions/go-versions/releases/download/1.27.1-33583469715/go-1.27.1-win32-x64.zip
2026-09-17T06:05:10.1316095Z Extracting Go...
2026-09-17T06:05:10.2399642Z [command]"C:\Program Files\PowerShell\7\pwsh.exe" -NoLogo -NoProfile -NonInteractive -ExecutionPolicy Unrestricted -Command "$ErrorActionPreference = 'Stop' ; try { Add-Type -AssemblyName System.IO.Compression.ZipFile } catch { } ; try { [System.IO.Compression.ZipFile]::ExtractToDirectory('D:\a\_temp\go-1.27.1-win32-x64.zip', 'D:\a\_temp\3b6405a1-dccc-4f0e-863f-4aeaf954c90b', $true) } catch { if (($_.Exception.GetType().FullName -eq 'System.Management.Automation.MethodException') -or ($_.Exception.GetType().FullName -eq 'System.Management.Automation.RuntimeException') ){ Expand-Archive -LiteralPath 'D:\a\_temp\go-1.27.1-win32-x64.zip' -DestinationPath 'D:\a\_temp\3b6405a1-dccc-4f0e-863f-4aeaf954c90b' -Force } else { throw $_ } } ;"
2026-09-17T06:05:15.6612305Z Successfully extracted go to D:\a\_temp\3b6405a1-dccc-4f0e-863f-4aeaf954c90b
2026-09-17T06:05:15.6612790Z Adding to the cache ...
2026-09-17T06:05:27.5022974Z Created link C:\hostedtoolcache\windows\go\1.27.1\x64 => D:\hostedtoolcache\windows\go\1.27.1\x64
2026-09-17T06:05:27.5028544Z Created link C:\hostedtoolcache\windows\go\1.27.1\x64.complete => D:\hostedtoolcache\windows\go\1.27.1\x64.complete
2026-09-17T06:05:27.5029735Z Successfully cached go to C:\hostedtoolcache\windows\go\1.27.1\x64
2026-09-17T06:05:27.5034431Z Added go to the path
2026-09-17T06:05:27.5037087Z Successfully set up Go version 1.27.1
2026-09-17T06:05:27.8410689Z [command]C:\hostedtoolcache\windows\go\1.27.1\x64\bin\go.exe env GOMODCACHE
2026-09-17T06:05:27.8465085Z [command]C:\hostedtoolcache\windows\go\1.27.1\x64\bin\go.exe env GOCACHE
2026-09-17T06:05:27.8746897Z C:\Users\runneradmin\go\pkg\mod
2026-09-17T06:05:27.8760326Z C:\Users\runneradmin\AppData\Local\go-build
2026-09-17T06:05:28.0648024Z Cache hit for: setup-go-Windows-x64-go-1.27.1-ef6b0fbca0a8d0b6206b16c85f11c4a6c772908ae2660ca86a6b7ee95979c938
2026-09-17T06:05:28.0766673Z (node:7836) [DEP0169] DeprecationWarning: `url.parse()` behavior is not standardized and prone to errors that have security implications. Use the WHATWG URL API instead. CVEs are not issued for `url.parse()` vulnerabilities.
2026-09-17T06:05:29.1359860Z Received 205520896 of 429434914 (47.9%), 188.8 MBs/sec
2026-09-17T06:05:30.1765428Z Received 402653184 of 429434914 (93.8%), 184.8 MBs/sec
2026-09-17T06:05:30.3105216Z Received 429434914 of 429434914 (100.0%), 185.1 MBs/sec
2026-09-17T06:05:30.3108068Z Cache Size: ~410 MB (429434914 B)
2026-09-17T06:05:30.3147450Z [command]"C:\Program Files\Git\usr\bin\tar.exe" -xf D:/a/_temp/57af74f2-5923-4748-b173-1078ceef3267/cache.tzst -P -C D:/a/Zevune/Zevune --force-local --use-compress-program "zstd -d"
2026-09-17T06:06:07.3555047Z Cache restored successfully
2026-09-17T06:06:07.3793254Z Cache restored from key: setup-go-Windows-x64-go-1.27.1-ef6b0fbca0a8d0b6206b16c85f11c4a6c772908ae2660ca86a6b7ee95979c938
2026-09-17T06:06:07.3813178Z go version go1.27.1 windows/amd64
2026-09-17T06:06:07.3813381Z 
2026-09-17T06:06:07.3813653Z ##[group]go env
2026-09-17T06:06:07.7021894Z set AR=ar
2026-09-17T06:06:07.7022712Z set CC=gcc
2026-09-17T06:06:07.7023900Z set CGO_CFLAGS=-O2 -g
2026-09-17T06:06:07.7024509Z set CGO_CPPFLAGS=
2026-09-17T06:06:07.7024898Z set CGO_CXXFLAGS=-O2 -g
2026-09-17T06:06:07.7025256Z set CGO_ENABLED=1
2026-09-17T06:06:07.7025801Z set CGO_FFLAGS=-O2 -g
2026-09-17T06:06:07.7026248Z set CGO_LDFLAGS=-O2 -g
2026-09-17T06:06:07.7026630Z set CXX=g++
2026-09-17T06:06:07.7026901Z set GCCGO=gccgo
2026-09-17T06:06:07.7027216Z set GO111MODULE=
2026-09-17T06:06:07.7027520Z set GOAMD64=v1
2026-09-17T06:06:07.7027724Z set GOARCH=amd64
2026-09-17T06:06:07.7027900Z set GOAUTH=netrc
2026-09-17T06:06:07.7028118Z set GOBIN=C:\Users\runneradmin\go\bin
2026-09-17T06:06:07.7028915Z set GOCACHE=C:\Users\runneradmin\AppData\Local\go-build
2026-09-17T06:06:07.7029517Z set GOCACHEPROG=
2026-09-17T06:06:07.7029739Z set GODEBUG=
2026-09-17T06:06:07.7029982Z set GOENV=C:\Users\runneradmin\AppData\Roaming\go\env
2026-09-17T06:06:07.7030263Z set GOEXE=.exe
2026-09-17T06:06:07.7030440Z set GOEXPERIMENT=
2026-09-17T06:06:07.7030641Z set GOFIPS140=off
2026-09-17T06:06:07.7030813Z set GOFLAGS=
2026-09-17T06:06:07.7031967Z set GOGCCFLAGS=-m64 -pthread -Wl,--no-gc-sections -fmessage-length=0 -ffile-prefix-map=C:\Users\RUNNER~1\AppData\Local\Temp\go-build3442144494=/tmp/go-build -gno-record-gcc-switches
2026-09-17T06:06:07.7033621Z set GOHOSTARCH=amd64
2026-09-17T06:06:07.7033979Z set GOHOSTOS=windows
2026-09-17T06:06:07.7034304Z set GOINSECURE=
2026-09-17T06:06:07.7035152Z set GOMOD=D:\a\Zevune\Zevune\go.mod
2026-09-17T06:06:07.7035645Z set GOMODCACHE=C:\Users\runneradmin\go\pkg\mod
2026-09-17T06:06:07.7036097Z set GONOPROXY=
2026-09-17T06:06:07.7036458Z set GONOSUMDB=
2026-09-17T06:06:07.7037323Z set GOOS=windows
2026-09-17T06:06:07.7037649Z set GOPACKAGESDRIVER=
2026-09-17T06:06:07.7038021Z set GOPATH=C:\Users\runneradmin\go
2026-09-17T06:06:07.7038480Z set GOPRIVATE=
2026-09-17T06:06:07.7038866Z set GOPROXY=https://proxy.golang.org,direct
2026-09-17T06:06:07.7039409Z set GOROOT=C:\hostedtoolcache\windows\go\1.27.1\x64
2026-09-17T06:06:07.7039902Z set GOSUMDB=sum.golang.org
2026-09-17T06:06:07.7040690Z set GOTELEMETRY=local
2026-09-17T06:06:07.7041206Z set GOTELEMETRYDIR=C:\Users\runneradmin\AppData\Roaming\go\telemetry
2026-09-17T06:06:07.7041778Z set GOTMPDIR=
2026-09-17T06:06:07.7042399Z set GOTOOLCHAIN=local
2026-09-17T06:06:07.7042954Z set GOTOOLDIR=C:\hostedtoolcache\windows\go\1.27.1\x64\pkg\tool\windows_amd64
2026-09-17T06:06:07.7043555Z set GOVCS=
2026-09-17T06:06:07.7044294Z set GOVERSION=go1.27.1
2026-09-17T06:06:07.7044679Z set GOWORK=
2026-09-17T06:06:07.7045004Z set PKG_CONFIG=pkg-config
2026-09-17T06:06:07.7045291Z 
2026-09-17T06:06:07.7045739Z ##[endgroup]
2026-09-17T06:06:07.7404071Z ##[group]Run rustup toolchain install 1.98.1 --profile minimal --component rustfmt --component clippy
2026-09-17T06:06:07.7404892Z [36;1mrustup toolchain install 1.98.1 --profile minimal --component rustfmt --component clippy[0m
2026-09-17T06:06:07.7434943Z shell: C:\Program Files\Git\bin\bash.EXE --noprofile --norc -e -o pipefail {0}
2026-09-17T06:06:07.7435356Z env:
2026-09-17T06:06:07.7435802Z   RAYON_NUM_THREADS: 2
2026-09-17T06:06:07.7436025Z   CARGO_BUILD_JOBS: 2
2026-09-17T06:06:07.7436224Z   GOTOOLCHAIN: local
2026-09-17T06:06:07.7436431Z ##[endgroup]
2026-09-17T06:06:09.8011721Z info: syncing channel updates for 1.98.1-x86_64-pc-windows-msvc
2026-09-17T06:06:10.3858792Z info: latest update on 2026-09-03 for version 1.98.1 (48a229cea 2026-09-01)
2026-09-17T06:06:10.4015143Z info: downloading 5 components
2026-09-17T06:06:19.8244078Z 
2026-09-17T06:06:21.0949703Z   1.98.1-x86_64-pc-windows-msvc installed - rustc 1.98.1 (48a229cea 2026-09-01)
2026-09-17T06:06:21.0950415Z 
2026-09-17T06:06:21.1191155Z ##[group]Run test -z "$(gofmt -l internal/poolbridge integration/cometbft/poolapp)"
2026-09-17T06:06:21.1191900Z [36;1mtest -z "$(gofmt -l internal/poolbridge integration/cometbft/poolapp)"[0m
2026-09-17T06:06:21.1192443Z [36;1mcargo fmt --manifest-path integration/orchard/Cargo.toml --all -- --check[0m
2026-09-17T06:06:21.1193083Z [36;1mcargo metadata --manifest-path integration/orchard/Cargo.toml --locked --format-version=1 > /dev/null[0m
2026-09-17T06:06:21.1193602Z [36;1mgit diff --exit-code[0m
2026-09-17T06:06:21.1209415Z shell: C:\Program Files\Git\bin\bash.EXE --noprofile --norc -e -o pipefail {0}
2026-09-17T06:06:21.1210271Z env:
2026-09-17T06:06:21.1210453Z   RAYON_NUM_THREADS: 2
2026-09-17T06:06:21.1210652Z   CARGO_BUILD_JOBS: 2
2026-09-17T06:06:21.1210853Z   GOTOOLCHAIN: local
2026-09-17T06:06:21.1211040Z ##[endgroup]
2026-09-17T06:06:30.2905521Z     Updating crates.io index
2026-09-17T06:06:31.8455014Z  Downloading crates ...
2026-09-17T06:06:31.9116789Z   Downloaded zcash_note_encryption v0.4.2
2026-09-17T06:06:31.9885909Z   Downloaded aead v0.5.2
2026-09-17T06:06:32.0018112Z   Downloaded wyz v0.5.1
2026-09-17T06:06:32.0186968Z   Downloaded thiserror v2.0.20
2026-09-17T06:06:32.0982113Z   Downloaded tracing-attributes v0.1.31
2026-09-17T06:06:32.1393377Z   Downloaded version_check v0.9.5
2026-09-17T06:06:32.1504761Z   Downloaded nonempty v0.11.0
2026-09-17T06:06:32.1626133Z   Downloaded subtle v2.6.1
2026-09-17T06:06:32.1728038Z   Downloaded zeroize v1.9.0
2026-09-17T06:06:33.2139255Z   Downloaded uint v0.9.5
2026-09-17T06:06:33.4625564Z   Downloaded hashbrown v0.12.3
2026-09-17T06:06:33.4884581Z   Downloaded tap v1.0.1
2026-09-17T06:06:33.4987335Z   Downloaded zcash_spec v0.2.1
2026-09-17T06:06:33.5101775Z   Downloaded zerocopy-derive v0.8.57
2026-09-17T06:06:33.6793098Z   Downloaded zeroize_derive v1.5.0
2026-09-17T06:06:33.6884174Z   Downloaded thiserror-impl v2.0.20
2026-09-17T06:06:33.7166119Z   Downloaded tracing-core v0.1.36
2026-09-17T06:06:33.7430395Z   Downloaded typenum v1.20.1
2026-09-17T06:06:33.7645709Z   Downloaded unicode-ident v1.0.24
2026-09-17T06:06:33.7948917Z   Downloaded visibility v0.1.1
2026-09-17T06:06:33.8066784Z   Downloaded wasi v0.11.1+wasi-snapshot-preview1
2026-09-17T06:06:33.8196853Z   Downloaded libc v0.2.189
2026-09-17T06:06:34.1950317Z   Downloaded zerocopy v0.8.57
2026-09-17T06:06:34.4344539Z   Downloaded tracing v0.1.44
2026-09-17T06:06:34.5146145Z   Downloaded zip32 v0.2.1
2026-09-17T06:06:34.5303831Z   Downloaded universal-hash v0.5.1
2026-09-17T06:06:34.5391062Z   Downloaded syn v3.0.5
2026-09-17T06:06:34.6268546Z   Downloaded cipher v0.4.4
2026-09-17T06:06:34.6427480Z   Downloaded bitvec v1.1.1
2026-09-17T06:06:34.8251464Z   Downloaded blake2b_simd v1.0.5
2026-09-17T06:06:34.8382785Z   Downloaded constant_time_eq v0.4.2
2026-09-17T06:06:34.8576349Z   Downloaded blake2 v0.10.6
2026-09-17T06:06:34.8779344Z   Downloaded block-buffer v0.10.4
2026-09-17T06:06:34.8873786Z   Downloaded heapless v0.7.17
2026-09-17T06:06:34.9333971Z   Downloaded bech32 v0.11.1
2026-09-17T06:06:34.9620610Z   Downloaded syn v2.0.119
2026-09-17T06:06:35.0420602Z   Downloaded corez v0.1.1
2026-09-17T06:06:35.0569460Z   Downloaded hex v0.4.3
2026-09-17T06:06:35.0701595Z   Downloaded litrs v1.0.0
2026-09-17T06:06:35.0998109Z   Downloaded critical-section v1.2.0
2026-09-17T06:06:35.1155986Z   Downloaded generic-array v0.14.7
2026-09-17T06:06:35.1323104Z   Downloaded crossbeam-deque v0.8.8
2026-09-17T06:06:35.2018467Z   Downloaded cbc v0.1.2
2026-09-17T06:06:35.2179083Z   Downloaded crypto-common v0.1.7
2026-09-17T06:06:35.2405211Z   Downloaded crossbeam-epoch v0.9.21
2026-09-17T06:06:35.2619853Z   Downloaded opaque-debug v0.3.1
2026-09-17T06:06:35.2708142Z   Downloaded indexmap v1.9.3
2026-09-17T06:06:35.3015242Z   Downloaded byteorder v1.5.0
2026-09-17T06:06:35.3137630Z   Downloaded cfg-if v1.0.4
2026-09-17T06:06:35.3254754Z   Downloaded hash32 v0.2.1
2026-09-17T06:06:35.3428282Z   Downloaded funty v2.0.0
2026-09-17T06:06:35.3495389Z   Downloaded digest v0.10.7
2026-09-17T06:06:35.3666506Z   Downloaded either v1.18.0
2026-09-17T06:06:35.3912804Z   Downloaded embedded-io v0.4.0
2026-09-17T06:06:35.4059734Z   Downloaded embedded-io v0.6.1
2026-09-17T06:06:35.4194943Z   Downloaded num-traits v0.2.19
2026-09-17T06:06:35.4436699Z   Downloaded rand_chacha v0.3.1
2026-09-17T06:06:35.4534425Z   Downloaded ff v0.13.1
2026-09-17T06:06:35.4721764Z   Downloaded chacha20 v0.9.1
2026-09-17T06:06:35.4880834Z   Downloaded autocfg v1.5.1
2026-09-17T06:06:35.5070445Z   Downloaded maybe-rayon v0.1.1
2026-09-17T06:06:35.5186085Z   Downloaded cobs v0.3.0
2026-09-17T06:06:35.5307593Z   Downloaded cpufeatures v0.2.17
2026-09-17T06:06:35.5431816Z   Downloaded password-hash v0.5.0
2026-09-17T06:06:35.5600421Z   Downloaded rand_core v0.6.4
2026-09-17T06:06:35.5726652Z   Downloaded rayon-core v1.13.0
2026-09-17T06:06:35.6098426Z   Downloaded rustc_version v0.4.1
2026-09-17T06:06:35.6211365Z   Downloaded group v0.13.0
2026-09-17T06:06:35.6341611Z   Downloaded sha2 v0.10.9
2026-09-17T06:06:35.6649717Z   Downloaded halo2_legacy_pdqsort v0.1.0
2026-09-17T06:06:35.6746979Z   Downloaded once_cell v1.21.4
2026-09-17T06:06:35.7090060Z   Downloaded scopeguard v1.2.0
2026-09-17T06:06:35.7199594Z   Downloaded base16ct v0.2.0
2026-09-17T06:06:35.7334410Z   Downloaded derive-getters v0.5.0
2026-09-17T06:06:35.7666211Z   Downloaded frost-rerandomized v3.0.0
2026-09-17T06:06:35.7751550Z   Downloaded memuse v0.2.2
2026-09-17T06:06:35.7872089Z   Downloaded num-integer v0.1.47
2026-09-17T06:06:35.8007975Z   Downloaded pin-project-lite v0.2.17
2026-09-17T06:06:35.8799516Z   Downloaded quote v1.0.47
2026-09-17T06:06:35.9127562Z   Downloaded radium v0.7.0
2026-09-17T06:06:35.9220037Z   Downloaded serdect v0.2.0
2026-09-17T06:06:35.9362768Z   Downloaded stable_deref_trait v1.2.1
2026-09-17T06:06:35.9453569Z   Downloaded atomic-polyfill v1.0.3
2026-09-17T06:06:35.9580698Z   Downloaded base64ct v1.8.3
2026-09-17T06:06:35.9844313Z   Downloaded const-crc32-nostd v1.3.1
2026-09-17T06:06:35.9957277Z   Downloaded crunchy v0.2.4
2026-09-17T06:06:36.0040873Z   Downloaded document-features v0.2.12
2026-09-17T06:06:36.0190692Z   Downloaded fpe v0.6.1
2026-09-17T06:06:36.0418222Z   Downloaded getset v0.1.7
2026-09-17T06:06:36.0614974Z   Downloaded inout v0.1.4
2026-09-17T06:06:36.0719171Z   Downloaded lazy_static v1.5.0
2026-09-17T06:06:36.0933631Z   Downloaded lock_api v0.4.14
2026-09-17T06:06:36.1033209Z   Downloaded poly1305 v0.8.0
2026-09-17T06:06:36.1257603Z   Downloaded ppv-lite86 v0.2.21
2026-09-17T06:06:36.1407650Z   Downloaded semver v1.0.28
2026-09-17T06:06:36.1654825Z   Downloaded static_assertions v1.1.0
2026-09-17T06:06:36.1807563Z   Downloaded argon2 v0.5.3
2026-09-17T06:06:36.1963525Z   Downloaded arrayvec v0.7.8
2026-09-17T06:06:36.2154318Z   Downloaded getrandom v0.2.17
2026-09-17T06:06:36.2479095Z   Downloaded incrementalmerkletree v0.8.1
2026-09-17T06:06:36.2577907Z   Downloaded jubjub v0.10.0
2026-09-17T06:06:36.2885075Z   Downloaded serde_core v1.0.229
2026-09-17T06:06:36.3144317Z   Downloaded spin v0.9.9
2026-09-17T06:06:36.3382880Z   Downloaded crossbeam-utils v0.8.23
2026-09-17T06:06:36.3743523Z   Downloaded halo2_poseidon v0.1.0
2026-09-17T06:06:36.3882094Z   Downloaded postcard v1.1.3
2026-09-17T06:06:36.4089969Z   Downloaded serde_derive v1.0.229
2026-09-17T06:06:36.4440473Z   Downloaded chacha20poly1305 v0.10.1
2026-09-17T06:06:36.4557550Z   Downloaded frost-core v3.0.0
2026-09-17T06:06:36.4825989Z   Downloaded proc-macro2 v1.0.107
2026-09-17T06:06:36.5118911Z   Downloaded rand v0.8.5
2026-09-17T06:06:36.5417974Z   Downloaded serde v1.0.229
2026-09-17T06:06:36.5742844Z   Downloaded num-bigint v0.4.8
2026-09-17T06:06:36.6248001Z   Downloaded reddsa v0.5.2
2026-09-17T06:06:36.6842834Z   Downloaded sinsemilla v0.1.0
2026-09-17T06:06:36.8735587Z   Downloaded aes v0.8.4
2026-09-17T06:06:36.9065252Z   Downloaded itertools v0.14.0
2026-09-17T06:06:36.9721391Z   Downloaded libm v0.2.16
2026-09-17T06:06:37.0779127Z   Downloaded rayon v1.12.0
2026-09-17T06:06:37.1864582Z   Downloaded halo2_proofs v0.3.5
2026-09-17T06:06:37.2578461Z   Downloaded halo2_gadgets v0.5.0
2026-09-17T06:06:37.3593882Z   Downloaded pasta_curves v0.5.2
2026-09-17T06:06:37.4148837Z   Downloaded bls12_381 v0.8.0
2026-09-17T06:06:37.4525459Z   Downloaded orchard v0.15.5
2026-09-17T06:06:37.7704640Z ##[group]Run python - <<'PY'
2026-09-17T06:06:37.7704999Z [36;1mpython - <<'PY'[0m
2026-09-17T06:06:37.7705231Z [36;1mimport os, tempfile[0m
2026-09-17T06:06:37.7705618Z [36;1md = tempfile.mkdtemp(prefix='zevune-m7-', dir=os.environ['RUNNER_TEMP'])[0m
2026-09-17T06:06:37.7706351Z [36;1mworker = os.path.abspath('integration/orchard/target/release/zevune-pool-worker' + ('.exe' if os.name == 'nt' else ''))[0m
2026-09-17T06:06:37.7707032Z [36;1mwith open(os.environ['GITHUB_ENV'], 'a', encoding='utf-8') as f:[0m
2026-09-17T06:06:37.7707527Z [36;1m    f.write('ZEVUNE_POOL_FIXTURE=' + os.path.join(d, 'zero-value.bin') + '\n')[0m
2026-09-17T06:06:37.7707975Z [36;1m    f.write('ZEVUNE_POOL_WORKER=' + worker + '\n')[0m
2026-09-17T06:06:37.7708263Z [36;1mPY[0m
2026-09-17T06:06:37.7724298Z shell: C:\Program Files\Git\bin\bash.EXE --noprofile --norc -e -o pipefail {0}
2026-09-17T06:06:37.7724692Z env:
2026-09-17T06:06:37.7724867Z   RAYON_NUM_THREADS: 2
2026-09-17T06:06:37.7725121Z   CARGO_BUILD_JOBS: 2
2026-09-17T06:06:37.7725325Z   GOTOOLCHAIN: local
2026-09-17T06:06:37.7725525Z ##[endgroup]
2026-09-17T06:06:39.1453328Z ##[group]Run cargo test --locked --release -- --test-threads=1
2026-09-17T06:06:39.1453866Z [36;1mcargo test --locked --release -- --test-threads=1[0m
2026-09-17T06:06:39.1454317Z [36;1mcargo clippy --locked --release --all-targets -- -D warnings[0m
2026-09-17T06:06:39.1454784Z [36;1mcargo build --locked --release --bin zevune-pool-worker[0m
2026-09-17T06:06:39.1471192Z shell: C:\Program Files\Git\bin\bash.EXE --noprofile --norc -e -o pipefail {0}
2026-09-17T06:06:39.1471585Z env:
2026-09-17T06:06:39.1471756Z   RAYON_NUM_THREADS: 2
2026-09-17T06:06:39.1471964Z   CARGO_BUILD_JOBS: 2
2026-09-17T06:06:39.1472165Z   GOTOOLCHAIN: local
2026-09-17T06:06:39.1472471Z   ZEVUNE_POOL_FIXTURE: D:\a\_temp\zevune-m7-yc07ed1z\zero-value.bin
2026-09-17T06:06:39.1473009Z   ZEVUNE_POOL_WORKER: D:\a\Zevune\Zevune\integration\orchard\target\release\zevune-pool-worker.exe
2026-09-17T06:06:39.1473462Z ##[endgroup]
2026-09-17T06:06:39.5255732Z    Compiling cfg-if v1.0.4
2026-09-17T06:06:39.5256900Z    Compiling proc-macro2 v1.0.107
2026-09-17T06:06:39.5809540Z    Compiling getrandom v0.2.17
2026-09-17T06:06:39.7568794Z    Compiling rand_core v0.6.4
2026-09-17T06:06:39.9846677Z    Compiling quote v1.0.47
2026-09-17T06:06:41.6729603Z    Compiling unicode-ident v1.0.24
2026-09-17T06:06:41.8274009Z    Compiling subtle v2.6.1
2026-09-17T06:06:41.9753666Z    Compiling version_check v0.9.5
2026-09-17T06:06:42.2538519Z    Compiling generic-array v0.14.7
2026-09-17T06:06:42.6686146Z    Compiling typenum v1.20.1
2026-09-17T06:06:42.7690067Z    Compiling syn v2.0.119
2026-09-17T06:06:44.1856163Z    Compiling crypto-common v0.1.7
2026-09-17T06:06:44.2813946Z    Compiling radium v0.7.0
2026-09-17T06:06:44.4950666Z    Compiling tap v1.0.1
2026-09-17T06:06:44.5832707Z    Compiling wyz v0.5.1
2026-09-17T06:06:44.9791752Z    Compiling funty v2.0.0
2026-09-17T06:06:46.5815463Z    Compiling autocfg v1.5.1
2026-09-17T06:06:47.0003787Z    Compiling zerocopy v0.8.57
2026-09-17T06:06:47.3748110Z    Compiling bitvec v1.1.1
2026-09-17T06:06:48.4801357Z    Compiling zeroize_derive v1.5.0
2026-09-17T06:06:49.1334912Z    Compiling zeroize v1.9.0
2026-09-17T06:06:50.1550058Z    Compiling ff v0.13.1
2026-09-17T06:06:50.2759483Z    Compiling constant_time_eq v0.4.2
2026-09-17T06:06:50.4465177Z    Compiling arrayvec v0.7.8
2026-09-17T06:06:50.6926935Z    Compiling crossbeam-utils v0.8.23
2026-09-17T06:06:50.9351834Z    Compiling memuse v0.2.2
2026-09-17T06:06:51.1218193Z    Compiling blake2b_simd v1.0.5
2026-09-17T06:06:53.4820338Z    Compiling ppv-lite86 v0.2.21
2026-09-17T06:06:53.8527290Z    Compiling crossbeam-epoch v0.9.21
2026-09-17T06:06:54.0619800Z    Compiling rand_chacha v0.3.1
2026-09-17T06:06:54.8979133Z    Compiling group v0.13.0
2026-09-17T06:06:55.0865133Z    Compiling inout v0.1.4
2026-09-17T06:06:55.1868072Z    Compiling crossbeam-deque v0.8.8
2026-09-17T06:06:55.2030783Z    Compiling static_assertions v1.1.0
2026-09-17T06:06:55.2483432Z    Compiling spin v0.9.9
2026-09-17T06:06:55.3620478Z    Compiling cpufeatures v0.2.17
2026-09-17T06:06:55.4068083Z    Compiling lazy_static v1.5.0
2026-09-17T06:06:55.4081558Z    Compiling cipher v0.4.4
2026-09-17T06:06:55.6438105Z    Compiling rand v0.8.5
2026-09-17T06:06:55.9717205Z    Compiling rayon-core v1.13.0
2026-09-17T06:06:56.5289091Z    Compiling pasta_curves v0.5.2
2026-09-17T06:06:56.8984956Z    Compiling num-traits v0.2.19
2026-09-17T06:06:57.7773989Z    Compiling syn v3.0.5
2026-09-17T06:07:00.5000097Z    Compiling either v1.18.0
2026-09-17T06:07:02.9840734Z    Compiling indexmap v1.9.3
2026-09-17T06:07:03.1533119Z    Compiling serde_core v1.0.229
2026-09-17T06:07:03.4058181Z    Compiling crunchy v0.2.4
2026-09-17T06:07:03.6077117Z    Compiling once_cell v1.21.4
2026-09-17T06:07:03.8252297Z    Compiling tracing-core v0.1.36
2026-09-17T06:07:05.2897229Z    Compiling rayon v1.12.0
2026-09-17T06:07:08.9622521Z    Compiling tracing-attributes v0.1.31
2026-09-17T06:07:10.3332600Z    Compiling universal-hash v0.5.1
2026-09-17T06:07:10.4209106Z    Compiling block-buffer v0.10.4
2026-09-17T06:07:10.5254696Z    Compiling opaque-debug v0.3.1
2026-09-17T06:07:10.5667772Z    Compiling thiserror v2.0.20
2026-09-17T06:07:10.8422792Z    Compiling libm v0.2.16
2026-09-17T06:07:11.1052218Z    Compiling hex v0.4.3
2026-09-17T06:07:11.3832172Z    Compiling hashbrown v0.12.3
2026-09-17T06:07:11.9697023Z    Compiling pin-project-lite v0.2.17
2026-09-17T06:07:12.0330785Z    Compiling byteorder v1.5.0
2026-09-17T06:07:12.2753726Z    Compiling serde v1.0.229
2026-09-17T06:07:12.5536196Z    Compiling tracing v0.1.44
2026-09-17T06:07:13.5239010Z    Compiling poly1305 v0.8.0
2026-09-17T06:07:14.3746506Z    Compiling digest v0.10.7
2026-09-17T06:07:14.5781407Z    Compiling num-integer v0.1.47
2026-09-17T06:07:15.2365246Z    Compiling maybe-rayon v0.1.1
2026-09-17T06:07:17.9311894Z    Compiling thiserror-impl v2.0.20
2026-09-17T06:07:19.2342551Z    Compiling serde_derive v1.0.229
2026-09-17T06:07:22.4497292Z    Compiling chacha20 v0.9.1
2026-09-17T06:07:22.6574775Z    Compiling bls12_381 v0.8.0
2026-09-17T06:07:23.3057387Z    Compiling aead v0.5.2
2026-09-17T06:07:23.4445817Z    Compiling halo2_legacy_pdqsort v0.1.0
2026-09-17T06:07:23.5714060Z    Compiling halo2_proofs v0.3.5
2026-09-17T06:07:30.4703051Z    Compiling chacha20poly1305 v0.10.1
2026-09-17T06:07:30.5735551Z    Compiling jubjub v0.10.0
2026-09-17T06:07:35.4096727Z    Compiling uint v0.9.5
2026-09-17T06:07:35.5291434Z    Compiling num-bigint v0.4.8
2026-09-17T06:07:38.5311255Z    Compiling sinsemilla v0.1.0
2026-09-17T06:07:40.0336699Z    Compiling halo2_poseidon v0.1.0
2026-09-17T06:07:40.9788815Z    Compiling cbc v0.1.2
2026-09-17T06:07:41.0813260Z    Compiling zcash_spec v0.2.1
2026-09-17T06:07:41.1836086Z    Compiling base64ct v1.8.3
2026-09-17T06:07:41.4984029Z    Compiling bech32 v0.11.1
2026-09-17T06:07:41.6025634Z    Compiling password-hash v0.5.0
2026-09-17T06:07:42.0492781Z    Compiling zip32 v0.2.1
2026-09-17T06:07:42.6027389Z    Compiling fpe v0.6.1
2026-09-17T06:07:42.9634723Z    Compiling halo2_gadgets v0.5.0
2026-09-17T06:07:43.7999272Z    Compiling reddsa v0.5.2
2026-09-17T06:07:44.2351974Z    Compiling zcash_note_encryption v0.4.2
2026-09-17T06:07:44.4771565Z    Compiling blake2 v0.10.6
2026-09-17T06:07:45.1225391Z    Compiling incrementalmerkletree v0.8.1
2026-09-17T06:07:45.3502652Z    Compiling aes v0.8.4
2026-09-17T06:07:46.7248036Z    Compiling getset v0.1.7
2026-09-17T06:07:47.3320385Z    Compiling visibility v0.1.1
2026-09-17T06:07:47.5939296Z    Compiling nonempty v0.11.0
2026-09-17T06:07:47.7469429Z    Compiling corez v0.1.1
2026-09-17T06:07:47.7985386Z    Compiling orchard v0.15.5
2026-09-17T06:07:51.5674534Z    Compiling argon2 v0.5.3
2026-09-17T06:07:53.0327755Z    Compiling sha2 v0.10.9
2026-09-17T06:07:55.2841954Z    Compiling zevune-orchard-lab v0.1.0 (D:\a\Zevune\Zevune\integration\orchard)
2026-09-17T06:10:35.4173102Z     Finished `release` profile [optimized] target(s) in 3m 56s
2026-09-17T06:10:35.4305352Z      Running unittests src\lib.rs (target\release\deps\zevune_orchard_lab-8c28cc35c6365faf.exe)
2026-09-17T06:10:35.4430418Z 
2026-09-17T06:10:35.4430706Z running 115 tests
2026-09-17T06:10:35.4700781Z test pool::active::tests::another_process_cannot_open_held_genesis_lock ... ok
2026-09-17T06:10:35.4703230Z test pool::active::tests::budgets_include_framing_total_tail_and_the_independent_segment_cap ... ok
2026-09-17T06:10:35.5056148Z test pool::active::tests::captured_reader_requires_each_real_eof_and_poisoned_readers_cannot_resume ... ok
2026-09-17T06:10:35.5194814Z test pool::active::tests::create_is_exclusive_bounded_and_preserves_existing_bytes ... ok
2026-09-17T06:10:35.5433816Z test pool::active::tests::early_rotation_and_split_frames_are_rejected_even_with_valid_checksums ... ok
2026-09-17T06:10:35.7456911Z test pool::active::tests::failed_next_segment_publication_keeps_all_sealed_prefix_bytes_and_no_repair ... ok
2026-09-17T06:10:35.8110175Z test pool::active::tests::full_segment_and_next_frame_rotate_canonically_without_crossing ... ok
2026-09-17T06:10:35.9434003Z test pool::active::tests::interruption_leaves_metadata_unchanged_and_preserves_the_recoverable_prefix ... ok
2026-09-17T06:10:35.9547726Z test pool::active::tests::malformed_frame_and_capacity_rejection_create_no_files_or_bytes ... ok
2026-09-17T06:10:35.9772215Z test pool::active::tests::readers_retain_the_exclusive_root_lock_and_have_independent_positions ... ok
2026-09-17T06:10:35.9892764Z test pool::active::tests::unknown_entry_after_open_is_not_ignored_or_removed ... ok
2026-09-17T06:10:36.0754787Z test pool::active::tests::unknown_missing_empty_and_truncated_segments_fail_closed_without_repair ... ok
2026-09-17T06:10:36.0954555Z test pool::active::tests::windows_retained_handles_block_file_and_directory_rename_until_drop ... ok
2026-09-17T06:10:36.1027401Z test pool::capacity_tests::capacity_accounting_matches_the_actual_record_encoder ... ok
2026-09-17T06:10:38.7873957Z test pool::capacity_tests::capacity_commit_rechecks_the_budget_and_preserves_the_source ... ok
2026-09-17T06:10:44.1022250Z test pool::capacity_tests::capacity_exact_empty_frame_commits_reopens_and_stops_cleanly ... ok
2026-09-17T06:10:46.7886943Z test pool::capacity_tests::capacity_invalid_instance_still_fails_closed ... ok
2026-09-17T06:10:46.7889288Z test pool::capacity_tests::capacity_invalid_lengths_counts_and_overflow_are_rejected ... ok
2026-09-17T06:10:49.4491344Z test pool::capacity_tests::capacity_prepare_rejects_before_unpersistable_empty_block ... ok
2026-09-17T06:10:52.0972093Z test pool::capacity_tests::capacity_rejects_before_attempting_any_candidate_authorization ... ok
2026-09-17T06:10:54.7664691Z test pool::capacity_tests::capacity_selection_requires_space_for_even_an_empty_record ... ok
2026-09-17T06:11:08.1705567Z test pool::recovery::segments::index::tests::all_records_locate_correctly_across_real_production_segment_boundaries ... ok
2026-09-17T06:11:56.2463976Z test pool::recovery::segments::index::tests::both_profiles_have_exact_height_locations_and_unchanged_source ... ok
2026-09-17T06:12:17.3742704Z test pool::recovery::segments::index::tests::changed_captured_length_and_wrong_pinned_tip_are_rejected ... ok
2026-09-17T06:12:17.3745508Z test pool::recovery::segments::index::tests::exact_segment_end_is_not_attributed_to_a_nonexistent_next_segment ... ok
2026-09-17T06:12:31.6608677Z test pool::recovery::segments::index::tests::genesis_only_has_no_phantom_record ... ok
2026-09-17T06:12:36.9925165Z test pool::recovery::segments::index::tests::index_builder_rejects_gaps_overlaps_wrong_heights_hashes_and_bombs ... ok
2026-09-17T06:12:58.3355333Z test pool::recovery::segments::index::tests::metadata_or_late_replay_failure_never_yields_a_prefix_index ... ok
2026-09-17T06:12:58.3358473Z test pool::recovery::segments::reader_tests::exact_payload_requires_last_segment_eof_check_before_success ... ok
2026-09-17T06:12:58.3360520Z test pool::recovery::segments::reader_tests::hard_io_failure_at_each_boundary_permanently_invalidates_reader ... ok
2026-09-17T06:12:58.3362880Z test pool::recovery::segments::reader_tests::inconsistent_private_reader_metadata_returns_error_instead_of_panicking ... ok
2026-09-17T06:12:58.3364936Z test pool::recovery::segments::reader_tests::interrupted_short_reads_and_segment_end_checks_do_not_poison_reader ... ok
2026-09-17T06:12:58.3367494Z test pool::recovery::segments::reader_tests::truncated_or_extended_segment_cannot_be_skipped_by_retry ... ok
2026-09-17T06:13:22.7675660Z test pool::recovery::segments::tests::actual_multisegment_replay_crosses_record_boundary_and_restores_exact_bytes ... ok
2026-09-17T06:13:22.7697666Z test pool::recovery::segments::tests::empty_read_does_not_advance_and_segment_eof_is_not_journal_eof ... ok
2026-09-17T06:13:33.4615300Z test pool::recovery::segments::tests::every_publication_failure_preserves_source_and_cannot_be_retried_in_place ... ok
2026-09-17T06:13:33.4617999Z test pool::recovery::segments::tests::manifest_is_exact_bounded_and_contains_no_supplied_paths ... ok
2026-09-17T06:13:50.7903012Z test pool::recovery::segments::tests::missing_extra_swapped_truncated_or_changed_segments_are_rejected ... ok
2026-09-17T06:14:05.8385328Z test pool::recovery::segments::tests::namespace_tests::extra_file_after_open_is_rejected_without_removal_or_output ... ok
2026-09-17T06:14:19.0374242Z test pool::recovery::segments::tests::namespace_tests::failed_open_releases_directory_guard_and_all_acquired_file_locks ... ok
2026-09-17T06:15:05.7870298Z test pool::recovery::segments::tests::namespace_tests::unchanged_archives_retain_multiple_readers_and_release_handles_on_drop ... ok
2026-09-17T06:15:31.7413758Z test pool::recovery::segments::tests::namespace_tests::windows_newly_packed_handles_preserve_names_without_reopening ... ok
2026-09-17T06:15:53.3595359Z test pool::recovery::segments::tests::namespace_tests::windows_open_archive_rejects_entry_and_directory_rename_until_drop ... ok
2026-09-17T06:16:17.3310912Z test pool::recovery::segments::tests::pack_and_restore_are_create_only_and_archive_readers_keep_real_locks ... ok
2026-09-17T06:16:49.1056083Z test pool::recovery::segments::tests::partial_restore_and_lost_ack_leave_explicitly_verifiable_targets ... ok
2026-09-17T06:16:51.7386104Z test pool::recovery::tests::recovery_checkpoint_codec_bounds_and_every_truncation ... ok
2026-09-17T06:17:03.1296204Z test pool::recovery::tests::recovery_full_copy_matches_and_original_keeps_prepared_block ... ok
2026-09-17T06:17:08.6382519Z test pool::recovery::tests::recovery_invalid_store_does_not_export_a_checkpoint ... ok
2026-09-17T06:17:20.0329808Z test pool::recovery::tests::recovery_partial_write_and_lost_ack_never_replace_or_repair_source ... ok
2026-09-17T06:17:25.3527854Z test pool::recovery::tests::recovery_refuses_overwrite_live_writers_links_and_unknown_paths ... ok
2026-09-17T06:17:28.1215630Z test pool::recovery::tests::recovery_untrusted_header_sizes_are_bounded_even_with_a_matching_file_hash ... ok
2026-09-17T06:17:38.8930242Z test pool::recovery::tests::recovery_wrong_state_domain_length_or_bytes_pin_rejected ... ok
2026-09-17T06:17:44.2474337Z test pool::recovery::tests::replay_integration_tests::a_shorter_valid_archive_needs_its_own_pin_not_the_later_checkpoint ... ok
2026-09-17T06:17:58.3519401Z test pool::recovery::tests::replay_integration_tests::checkpoint_export_and_archive_copy_discard_history_but_keep_the_exact_tip ... ok
2026-09-17T06:18:06.5696269Z test pool::recovery::tests::replay_integration_tests::checkpoint_export_rejects_a_valid_same_length_alternate_history ... ok
2026-09-17T06:18:28.1652889Z test pool::recovery::tests::replay_integration_tests::every_recovery_entry_uses_isolated_replay_without_per_block_state_copies ... ok
2026-09-17T06:18:37.3084174Z test pool::recovery::tests::replay_integration_tests::injected_replay_failure_keeps_lock_and_blocks_prepared_commit_without_repair ... ok
2026-09-17T06:18:48.2443946Z test pool::recovery::tests::replay_integration_tests::normal_append_handles_preserve_history_even_after_read_cursor_rewinds ... ok
2026-09-17T06:18:53.6569619Z test pool::recovery::tests::replay_integration_tests::wrong_final_result_with_new_checksums_never_returns_a_verified_archive ... ok
2026-09-17T06:18:59.0088878Z test pool::replay::tests::a_complete_shorter_prefix_still_requires_an_independent_checkpoint ... ok
2026-09-17T06:19:04.4037014Z test pool::replay::tests::checksum_mutations_and_structural_corruption_do_not_replay ... ok
2026-09-17T06:19:04.4040133Z test pool::replay::tests::declared_size_and_record_count_are_bounded_before_body_allocation ... ok
2026-09-17T06:19:09.7988929Z test pool::replay::tests::every_truncated_frame_and_appended_byte_is_rejected ... ok
2026-09-17T06:19:15.2073540Z test pool::replay::tests::finish_requires_verified_eof_and_errors_permanently_poison_replay ... ok
2026-09-17T06:19:20.6147727Z test pool::replay::tests::fragmented_reads_and_interrupted_eof_are_retried_without_skipping ... ok
2026-09-17T06:19:25.9564517Z test pool::replay::tests::input_failure_is_never_converted_to_a_successful_empty_history ... ok
2026-09-17T06:19:31.3589268Z test pool::replay::tests::io_fault_at_every_record_byte_including_final_eof_drops_the_reconstruction ... ok
2026-09-17T06:19:36.6835487Z test pool::replay::tests::maximum_record_window_is_replayed_without_copying_the_full_state_per_block ... ok
2026-09-17T06:19:36.6855719Z test pool::replay::tests::reusable_buffer_does_not_decode_stale_tail_bytes_after_a_shorter_record ... ok
2026-09-17T06:19:36.6858051Z test pool::replay::tests::shared_eof_does_not_swallow_read_errors_or_trailing_data ... ok
2026-09-17T06:19:36.6860879Z test pool::replay::tests::shared_header_and_eof_retry_interrupted_and_short_reads ... ok
2026-09-17T06:19:36.6863106Z test pool::replay::tests::shared_header_preserves_both_profiles_and_leaves_records_unread ... ok
2026-09-17T06:19:36.6865366Z test pool::replay::tests::shared_header_rejects_bounds_before_reading_commitment_payload ... ok
2026-09-17T06:19:36.6867680Z test pool::replay::tests::shared_header_rejects_unknown_network_domain_and_truncation ... ok
2026-09-17T06:19:43.2352679Z test pool::replay::tests::startup_and_wallet_history_share_replay_and_preserve_journal_bytes ... ok
2026-09-17T06:20:19.0275556Z test pool::tests::actual_two_hop_pool_commit_replay_and_corruption ... ok
2026-09-17T06:20:24.5009889Z test pool::tests::empty_pool_lock_restart_and_no_overwrite ... ok
2026-09-17T06:20:30.0060069Z test pool::tests::lost_sync_acknowledgement_remains_uncertain_until_replay ... ok
2026-09-17T06:20:35.4723713Z test pool::tests::partial_write_poison_does_not_advance_memory_or_repair_disk ... ok
2026-09-17T06:20:35.4739608Z test pool::tests::record_decoder_rejects_truncation_trailing_and_length_bombs ... ok
2026-09-17T06:20:38.3165045Z test pool::tests::tampered_prepared_result_and_resource_limits ... ok
2026-09-17T06:21:09.5488841Z test pool::wallet_flow_tests::durable_wallet_outbox_resumes_exact_real_payment_after_lost_acknowledgement ... ok
2026-09-17T06:21:12.3269388Z test pool::wallet_flow_tests::wallet_history_replay_keeps_append_cursor_and_rejects_disk_drift ... ok
2026-09-17T06:21:48.0584553Z test pool::wallet_flow_tests::wallet_nonzero_multinote_payment_change_expiry_backup_and_rescan ... ok
2026-09-17T06:21:53.8979012Z test pool::wallet_flow_tests::wallet_rejects_changed_checkpoint_ancestry_without_mutation ... ok
2026-09-17T06:21:53.8981419Z test signing_domain_vectors::every_context_component_changes_the_bound_signature_message ... ok
2026-09-17T06:21:53.8983573Z test signing_domain_vectors::legacy_and_bound_transcripts_match_independent_sha256_vectors ... ok
2026-09-17T06:21:54.4385487Z test wallet::tests::shared_witnesses_match_upstream_frontier_for_odd_and_even_trees ... ok
2026-09-17T06:21:54.5495695Z test wallet::vault::independent_kdf_vector::argon2id_matches_independent_argon2_cffi_reference ... ok
2026-09-17T06:21:58.2379609Z test wallet::vault::store::compact_tests::compacted_checkpoint_is_authenticated_but_requires_rescan_and_new_receipt ... ok
2026-09-17T06:22:01.7307589Z test wallet::vault::store::compact_tests::compaction_requires_exact_current_pin_and_never_overwrites_targets ... ok
2026-09-17T06:22:01.8938338Z test wallet::vault::store::compact_tests::corrupt_or_poisoned_source_cannot_be_compacted_into_a_fresh_looking_copy ... ok
2026-09-17T06:22:02.7467568Z test wallet::vault::store::compact_tests::partial_and_lost_ack_compaction_preserve_source_and_do_not_repair_targets ... ok
2026-09-17T06:22:06.2878146Z test wallet::vault::store::tests::authenticated_predecessor_rejects_rewritten_hash_chain_and_other_journal ... ok
2026-09-17T06:22:09.5086390Z test wallet::vault::store::tests::bounds_padding_and_live_disk_drift_fail_closed ... ok
2026-09-17T06:22:09.6617583Z test wallet::vault::store::tests::capacity_inspection_is_read_only_and_does_not_claim_synced_balance ... ok
2026-09-17T06:22:13.1011027Z test wallet::vault::store::tests::create_sync_backup_reopen_and_exact_source_protection ... ok
2026-09-17T06:22:16.4829153Z test wallet::vault::store::tests::legacy_snapshot_import_preserves_missing_outbox_reservation ... ok
2026-09-17T06:22:16.4830992Z test wallet::vault::store::tests::lock_child ... ok
2026-09-17T06:22:16.6226261Z test wallet::vault::store::tests::lock_is_enforced_across_processes ... ok
2026-09-17T06:22:19.7629297Z test wallet::vault::store::tests::lost_acknowledgement_is_uncertain_and_reopen_reconciles_complete_record ... ok
2026-09-17T06:22:19.7644208Z test wallet::vault::store::tests::missing_and_nonregular_files_are_not_created_or_repaired ... ok
2026-09-17T06:22:22.7427626Z test wallet::vault::store::tests::partial_write_poison_preserves_failure_and_never_truncates_on_reopen ... ok
2026-09-17T06:22:22.8772445Z test wallet::vault::store::tests::truncated_and_oversized_files_never_invoke_unbounded_reads ... ok
2026-09-17T06:22:26.2486062Z test wallet::vault::store::tests::valid_prefix_needs_independent_receipt_for_rollback_detection ... ok
2026-09-17T06:22:27.1248335Z test wallet::vault::tests::encrypted_roundtrip_randomization_and_wrong_password ... ok
2026-09-17T06:22:27.1342001Z test wallet::vault::tests::rejects_lengths_versions_and_kdf_bombs_before_derivation ... ok
2026-09-17T06:22:27.1440112Z test wallet::vault::tests::snapshot_rejects_noncanonical_flags_padding_and_duplicate_reservations ... ok
2026-09-17T06:22:27.1451164Z test wire::cache::tests::concurrent_success_memoization_preserves_exact_entries_and_bounds ... ok
2026-09-17T06:22:27.1453444Z test wire::cache::tests::exact_bytes_required_even_for_a_forced_digest_collision ... ok
2026-09-17T06:22:27.1456137Z test wire::cache::tests::fifo_capacity_and_duplicate_insert_are_bounded ... ok
2026-09-17T06:22:27.1458602Z test wire::cache::tests::invalid_sizes_cannot_fill_the_cache ... ok
2026-09-17T06:22:27.1460798Z test worker::tests::bounded_frame_rejections ... ok
2026-09-17T06:22:27.1463251Z test worker::tests::fingerprint_matches_go_vector ... ok
2026-09-17T06:22:27.1465339Z test worker::tests::frame_roundtrip ... ok
2026-09-17T06:22:27.1466041Z 
2026-09-17T06:22:27.1466634Z test result: ok. 115 passed; 0 failed; 0 ignored; 0 measured; 0 filtered out; finished in 711.70s
2026-09-17T06:22:27.1467069Z 
2026-09-17T06:22:27.1501329Z      Running unittests src\bin\zevune-orchard-worker.rs (target\release\deps\zevune_orchard_worker-44b822ff81aab2c2.exe)
2026-09-17T06:22:27.1612762Z 
2026-09-17T06:22:27.1613302Z running 0 tests
2026-09-17T06:22:27.1613741Z 
2026-09-17T06:22:27.1614526Z test result: ok. 0 passed; 0 failed; 0 ignored; 0 measured; 0 filtered out; finished in 0.00s
2026-09-17T06:22:27.1615221Z 
2026-09-17T06:22:27.1629229Z      Running unittests src\bin\zevune-pool-worker.rs (target\release\deps\zevune_pool_worker-5279a52ee5383636.exe)
2026-09-17T06:22:27.1736577Z 
2026-09-17T06:22:27.1736863Z running 3 tests
2026-09-17T06:22:27.1745801Z test tests::block_decoder_bounds ... ok
2026-09-17T06:22:27.1748737Z test tests::frame_truncation_and_bombs ... ok
2026-09-17T06:22:27.1751665Z test tests::selection_frame_is_bounded_canonical_and_separate_from_blocks ... ok
2026-09-17T06:22:27.1752304Z 
2026-09-17T06:22:27.1752816Z test result: ok. 3 passed; 0 failed; 0 ignored; 0 measured; 0 filtered out; finished in 0.00s
2026-09-17T06:22:27.1753450Z 
2026-09-17T06:22:27.1771218Z      Running tests\authorization_cache.rs (target\release\deps\authorization_cache-b0bc5af9f09a5cde.exe)
2026-09-17T06:22:27.1911061Z 
2026-09-17T06:22:27.1911417Z running 1 test
2026-09-17T06:22:40.1835053Z test real_authorization_reuse_rejects_changed_bytes_and_restarts_cold ... ok
2026-09-17T06:22:40.1835724Z 
2026-09-17T06:22:40.1836248Z test result: ok. 1 passed; 0 failed; 0 ignored; 0 measured; 0 filtered out; finished in 12.99s
2026-09-17T06:22:40.1836917Z 
2026-09-17T06:22:40.1862232Z      Running tests\bridge.rs (target\release\deps\bridge-2d6d87c7b4b2ce0b.exe)
2026-09-17T06:22:40.1982135Z 
2026-09-17T06:22:40.1982589Z running 1 test
2026-09-17T06:22:56.4861015Z test real_wire_roundtrip_individual_authorization_and_rejections ... ok
2026-09-17T06:22:56.4861387Z 
2026-09-17T06:22:56.4862050Z test result: ok. 1 passed; 0 failed; 0 ignored; 0 measured; 0 filtered out; finished in 16.29s
2026-09-17T06:22:56.4862477Z 
2026-09-17T06:22:56.4888578Z      Running tests\cache_state_guards.rs (target\release\deps\cache_state_guards-eb7543413700c781.exe)
2026-09-17T06:22:56.4997351Z 
2026-09-17T06:22:56.4997704Z running 0 tests
2026-09-17T06:22:56.4997960Z 
2026-09-17T06:22:56.4998299Z test result: ok. 0 passed; 0 failed; 0 ignored; 0 measured; 0 filtered out; finished in 0.00s
2026-09-17T06:22:56.4998696Z 
2026-09-17T06:22:56.5014607Z      Running tests\default_worker_policy.rs (target\release\deps\default_worker_policy-cce630c6a2942d79.exe)
2026-09-17T06:22:56.5128764Z 
2026-09-17T06:22:56.5129043Z running 1 test
2026-09-17T06:22:56.5258468Z test default_worker_refuses_explicit_funding_arguments ... ok
2026-09-17T06:22:56.5259408Z 
2026-09-17T06:22:56.5259910Z test result: ok. 1 passed; 0 failed; 0 ignored; 0 measured; 0 filtered out; finished in 0.01s
2026-09-17T06:22:56.5260580Z 
2026-09-17T06:22:56.5278951Z      Running tests\genesis_domain.rs (target\release\deps\genesis_domain-53cce6535e770980.exe)
2026-09-17T06:22:56.5382710Z 
2026-09-17T06:22:56.5383146Z running 0 tests
2026-09-17T06:22:56.5383526Z 
2026-09-17T06:22:56.5384308Z test result: ok. 0 passed; 0 failed; 0 ignored; 0 measured; 0 filtered out; finished in 0.00s
2026-09-17T06:22:56.5385211Z 
2026-09-17T06:22:56.5401064Z      Running tests\genesis_manifest_bounds.rs (target\release\deps\genesis_manifest_bounds-b329bb7a35a78467.exe)
2026-09-17T06:22:56.5501691Z 
2026-09-17T06:22:56.5502134Z running 0 tests
2026-09-17T06:22:56.5502624Z 
2026-09-17T06:22:56.5503422Z test result: ok. 0 passed; 0 failed; 0 ignored; 0 measured; 0 filtered out; finished in 0.00s
2026-09-17T06:22:56.5504109Z 
2026-09-17T06:22:56.5519779Z      Running tests\operator_cli.rs (target\release\deps\operator_cli-dd5ca677447fc622.exe)
2026-09-17T06:22:56.5620371Z 
2026-09-17T06:22:56.5620686Z running 0 tests
2026-09-17T06:22:56.5621017Z 
2026-09-17T06:22:56.5621623Z test result: ok. 0 passed; 0 failed; 0 ignored; 0 measured; 0 filtered out; finished in 0.00s
2026-09-17T06:22:56.5622287Z 
2026-09-17T06:22:56.5638148Z      Running tests\payment_preflight.rs (target\release\deps\payment_preflight-b8cb59e5503377db.exe)
2026-09-17T06:22:56.5742558Z 
2026-09-17T06:22:56.5743009Z running 0 tests
2026-09-17T06:22:56.5743278Z 
2026-09-17T06:22:56.5743658Z test result: ok. 0 passed; 0 failed; 0 ignored; 0 measured; 0 filtered out; finished in 0.00s
2026-09-17T06:22:56.5744064Z 
2026-09-17T06:22:56.5759825Z      Running tests\pool_network.rs (target\release\deps\pool_network-a81118f5b1234391.exe)
2026-09-17T06:22:56.5877484Z 
2026-09-17T06:22:56.5877902Z running 1 test
2026-09-17T06:23:06.4782849Z test zero_value_real_proof_for_consensus ... ok
2026-09-17T06:23:06.4783301Z 
2026-09-17T06:23:06.4783638Z test result: ok. 1 passed; 0 failed; 0 ignored; 0 measured; 0 filtered out; finished in 9.89s
2026-09-17T06:23:06.4784038Z 
2026-09-17T06:23:06.4811629Z      Running tests\real_bundle.rs (target\release\deps\real_bundle-a881684daa2f885f.exe)
2026-09-17T06:23:06.4930556Z 
2026-09-17T06:23:06.4930785Z running 4 tests
2026-09-17T06:23:06.5202560Z test builder_rejects_wrong_owner_and_nonmember_path ... ok
2026-09-17T06:23:06.5250155Z test raw_key_reconstruction_preserves_local_receiver ... ok
2026-09-17T06:23:28.9775398Z test real_proofs_two_hops_and_adversarial_cases ... ok
2026-09-17T06:23:28.9777717Z test upstream_public_empty_root_vectors ... ok
2026-09-17T06:23:28.9778135Z 
2026-09-17T06:23:28.9778675Z test result: ok. 4 passed; 0 failed; 0 ignored; 0 measured; 0 filtered out; finished in 22.48s
2026-09-17T06:23:28.9779361Z 
2026-09-17T06:23:28.9808982Z      Running tests\recipient_domain.rs (target\release\deps\recipient_domain-a4a1e43c54e405bb.exe)
2026-09-17T06:23:28.9929870Z 
2026-09-17T06:23:28.9930200Z running 3 tests
2026-09-17T06:23:29.0138190Z test canonical_receiver_formats_preserve_legacy_without_domain_fallback ... ok
2026-09-17T06:23:29.0439379Z test network_recipient_requires_a_verified_history_not_only_keys ... ok
2026-09-17T06:23:29.0667425Z test recipient_parser_rejects_truncation_mutation_and_noncanonical_input ... ok
2026-09-17T06:23:29.0667975Z 
2026-09-17T06:23:29.0668511Z test result: ok. 3 passed; 0 failed; 0 ignored; 0 measured; 0 filtered out; finished in 0.07s
2026-09-17T06:23:29.0668915Z 
2026-09-17T06:23:29.0688257Z      Running tests\recovery_cli.rs (target\release\deps\recovery_cli-0836eefbc580395b.exe)
2026-09-17T06:23:29.0798019Z 
2026-09-17T06:23:29.0798399Z running 0 tests
2026-09-17T06:23:29.0798743Z 
2026-09-17T06:23:29.0799274Z test result: ok. 0 passed; 0 failed; 0 ignored; 0 measured; 0 filtered out; finished in 0.00s
2026-09-17T06:23:29.0799991Z 
2026-09-17T06:23:29.0815866Z      Running tests\test_genesis.rs (target\release\deps\test_genesis-44f4c43591290a73.exe)
2026-09-17T06:23:29.0914930Z 
2026-09-17T06:23:29.0915282Z running 0 tests
2026-09-17T06:23:29.0915571Z 
2026-09-17T06:23:29.0915999Z test result: ok. 0 passed; 0 failed; 0 ignored; 0 measured; 0 filtered out; finished in 0.00s
2026-09-17T06:23:29.0916419Z 
2026-09-17T06:23:29.0930034Z    Doc-tests zevune_orchard_lab
2026-09-17T06:23:29.2258279Z 
2026-09-17T06:23:29.2258856Z running 0 tests
2026-09-17T06:23:29.2259150Z 
2026-09-17T06:23:29.2259685Z test result: ok. 0 passed; 0 failed; 0 ignored; 0 measured; 0 filtered out; finished in 0.00s
2026-09-17T06:23:29.2260731Z 
2026-09-17T06:23:30.2902325Z     Checking cfg-if v1.0.4
2026-09-17T06:23:30.2910651Z     Checking subtle v2.6.1
2026-09-17T06:23:30.3262203Z     Checking getrandom v0.2.17
2026-09-17T06:23:30.4086962Z     Checking typenum v1.20.1
2026-09-17T06:23:30.4266151Z     Checking rand_core v0.6.4
2026-09-17T06:23:30.5701756Z     Checking tap v1.0.1
2026-09-17T06:23:30.6389367Z     Checking wyz v0.5.1
2026-09-17T06:23:30.7911693Z     Checking radium v0.7.0
2026-09-17T06:23:30.9549223Z     Checking funty v2.0.0
2026-09-17T06:23:31.1609238Z     Checking generic-array v0.14.7
2026-09-17T06:23:31.4163466Z     Checking bitvec v1.1.1
2026-09-17T06:23:31.6817272Z     Checking crypto-common v0.1.7
2026-09-17T06:23:31.7547409Z     Checking zeroize v1.9.0
2026-09-17T06:23:31.9113981Z     Checking zerocopy v0.8.57
2026-09-17T06:23:33.4283520Z     Checking ff v0.13.1
2026-09-17T06:23:33.5309343Z     Checking arrayvec v0.7.8
2026-09-17T06:23:33.6903489Z     Checking constant_time_eq v0.4.2
2026-09-17T06:23:33.7843001Z     Checking memuse v0.2.2
2026-09-17T06:23:33.9546962Z     Checking blake2b_simd v1.0.5
2026-09-17T06:23:34.4314471Z     Checking crossbeam-utils v0.8.23
2026-09-17T06:23:34.8694692Z     Checking group v0.13.0
2026-09-17T06:23:35.0572350Z     Checking inout v0.1.4
2026-09-17T06:23:35.1487620Z     Checking cpufeatures v0.2.17
2026-09-17T06:23:35.1969405Z     Checking spin v0.9.9
2026-09-17T06:23:35.2948069Z     Checking static_assertions v1.1.0
2026-09-17T06:23:35.3470370Z     Checking lazy_static v1.5.0
2026-09-17T06:23:35.4069468Z     Checking cipher v0.4.4
2026-09-17T06:23:35.6060603Z     Checking crossbeam-epoch v0.9.21
2026-09-17T06:23:35.8621981Z     Checking crossbeam-deque v0.8.8
2026-09-17T06:23:36.0592925Z     Checking ppv-lite86 v0.2.21
2026-09-17T06:23:36.0871109Z     Checking either v1.18.0
2026-09-17T06:23:36.2559079Z     Checking rayon-core v1.13.0
2026-09-17T06:23:36.4447911Z     Checking rand_chacha v0.3.1
2026-09-17T06:23:36.6867393Z     Checking rand v0.8.5
2026-09-17T06:23:36.7508065Z     Checking once_cell v1.21.4
2026-09-17T06:23:36.9377311Z     Checking tracing-core v0.1.36
2026-09-17T06:23:37.3876557Z     Checking pasta_curves v0.5.2
2026-09-17T06:23:37.3926882Z     Checking rayon v1.12.0
2026-09-17T06:23:38.2375652Z     Checking num-traits v0.2.19
2026-09-17T06:23:39.0206401Z     Checking universal-hash v0.5.1
2026-09-17T06:23:39.1174435Z     Checking block-buffer v0.10.4
2026-09-17T06:23:39.2204616Z     Checking hex v0.4.3
2026-09-17T06:23:39.4984275Z     Checking pin-project-lite v0.2.17
2026-09-17T06:23:39.5657711Z     Checking opaque-debug v0.3.1
2026-09-17T06:23:39.6102608Z     Checking byteorder v1.5.0
2026-09-17T06:23:39.7061534Z     Checking hashbrown v0.12.3
2026-09-17T06:23:39.8376555Z     Checking maybe-rayon v0.1.1
2026-09-17T06:23:39.8961587Z     Checking poly1305 v0.8.0
2026-09-17T06:23:40.1730486Z     Checking tracing v0.1.44
2026-09-17T06:23:40.2833357Z     Checking indexmap v1.9.3
2026-09-17T06:23:40.3670419Z     Checking digest v0.10.7
2026-09-17T06:23:40.5746131Z     Checking num-integer v0.1.47
2026-09-17T06:23:40.7035507Z     Checking crunchy v0.2.4
2026-09-17T06:23:40.7466946Z     Checking serde_core v1.0.229
2026-09-17T06:23:40.8481279Z     Checking chacha20 v0.9.1
2026-09-17T06:23:41.0281533Z     Checking bls12_381 v0.8.0
2026-09-17T06:23:41.1938934Z     Checking aead v0.5.2
2026-09-17T06:23:41.2916071Z     Checking halo2_legacy_pdqsort v0.1.0
2026-09-17T06:23:41.3988209Z     Checking halo2_proofs v0.3.5
2026-09-17T06:23:43.1040327Z     Checking serde v1.0.229
2026-09-17T06:23:43.6346079Z     Checking chacha20poly1305 v0.10.1
2026-09-17T06:23:43.7306737Z     Checking jubjub v0.10.0
2026-09-17T06:23:44.0695538Z     Checking thiserror v2.0.20
2026-09-17T06:23:44.1400747Z     Checking num-bigint v0.4.8
2026-09-17T06:23:44.4398801Z     Checking uint v0.9.5
2026-09-17T06:23:44.5277267Z     Checking libm v0.2.16
2026-09-17T06:23:45.4521432Z     Checking halo2_poseidon v0.1.0
2026-09-17T06:23:45.7001112Z     Checking sinsemilla v0.1.0
2026-09-17T06:23:45.8156685Z     Checking cbc v0.1.2
2026-09-17T06:23:45.9293237Z     Checking zcash_spec v0.2.1
2026-09-17T06:23:45.9998745Z     Checking bech32 v0.11.1
2026-09-17T06:23:46.3705179Z     Checking base64ct v1.8.3
2026-09-17T06:23:46.6191713Z     Checking password-hash v0.5.0
2026-09-17T06:23:46.6771642Z     Checking halo2_gadgets v0.5.0
2026-09-17T06:23:46.8969712Z     Checking zip32 v0.2.1
2026-09-17T06:23:47.0759032Z     Checking fpe v0.6.1
2026-09-17T06:23:47.2593515Z     Checking reddsa v0.5.2
2026-09-17T06:23:47.5863515Z     Checking zcash_note_encryption v0.4.2
2026-09-17T06:23:47.7669065Z     Checking blake2 v0.10.6
2026-09-17T06:23:47.9815156Z     Checking incrementalmerkletree v0.8.1
2026-09-17T06:23:48.1419166Z     Checking aes v0.8.4
2026-09-17T06:23:48.2576926Z     Checking corez v0.1.1
2026-09-17T06:23:48.2975634Z     Checking nonempty v0.11.0
2026-09-17T06:23:48.4277887Z     Checking argon2 v0.5.3
2026-09-17T06:23:48.5997005Z     Checking orchard v0.15.5
2026-09-17T06:23:48.8370571Z     Checking sha2 v0.10.9
2026-09-17T06:23:50.3826287Z     Checking zevune-orchard-lab v0.1.0 (D:\a\Zevune\Zevune\integration\orchard)
2026-09-17T06:23:52.7362554Z     Finished `release` profile [optimized] target(s) in 22.75s
2026-09-17T06:23:53.1087458Z     Finished `release` profile [optimized] target(s) in 0.24s
2026-09-17T06:23:53.1512242Z ##[group]Run go test ./... -count=1
2026-09-17T06:23:53.1512932Z [36;1mgo test ./... -count=1[0m
2026-09-17T06:23:53.1513482Z [36;1mgo vet ./...[0m
2026-09-17T06:23:53.1543050Z shell: C:\Program Files\Git\bin\bash.EXE --noprofile --norc -e -o pipefail {0}
2026-09-17T06:23:53.1543844Z env:
2026-09-17T06:23:53.1544298Z   RAYON_NUM_THREADS: 2
2026-09-17T06:23:53.1544769Z   CARGO_BUILD_JOBS: 2
2026-09-17T06:23:53.1545227Z   GOTOOLCHAIN: local
2026-09-17T06:23:53.1545896Z   ZEVUNE_POOL_FIXTURE: D:\a\_temp\zevune-m7-yc07ed1z\zero-value.bin
2026-09-17T06:23:53.1546989Z   ZEVUNE_POOL_WORKER: D:\a\Zevune\Zevune\integration\orchard\target\release\zevune-pool-worker.exe
2026-09-17T06:23:53.1547894Z ##[endgroup]
2026-09-17T06:23:54.7798509Z ?   	github.com/youq616/Zevune/cmd/latency-report	[no test files]
2026-09-17T06:23:56.2354940Z ?   	github.com/youq616/Zevune/cmd/zevuned	[no test files]
2026-09-17T06:23:57.2159962Z ok  	github.com/youq616/Zevune/internal/api	0.081s
2026-09-17T06:23:57.3705503Z ok  	github.com/youq616/Zevune/internal/latency	0.151s
2026-09-17T06:24:00.1579780Z ok  	github.com/youq616/Zevune/internal/ledger	2.788s
2026-09-17T06:24:00.1580732Z ok  	github.com/youq616/Zevune/internal/merkle	0.160s
2026-09-17T06:24:00.1581545Z ok  	github.com/youq616/Zevune/internal/orchardbridge	0.590s
2026-09-17T06:24:00.1582393Z ok  	github.com/youq616/Zevune/internal/poolbridge	1.238s
2026-09-17T06:24:00.1583757Z ok  	github.com/youq616/Zevune/internal/protocol	0.052s
2026-09-17T06:24:06.6392840Z ##[group]Run go mod download
2026-09-17T06:24:06.6393554Z [36;1mgo mod download[0m
2026-09-17T06:24:06.6394102Z [36;1mgo mod verify[0m
2026-09-17T06:24:06.6394621Z [36;1mgo mod tidy -diff[0m
2026-09-17T06:24:06.6395739Z [36;1mgo test -mod=readonly -tags=pool_e2e ./poolapp -count=1 -timeout=8m -v[0m
2026-09-17T06:24:06.6396633Z [36;1mgo test -mod=readonly ./... -count=1 -timeout=8m[0m
2026-09-17T06:24:06.6397361Z [36;1mgo vet -mod=readonly -tags=pool_e2e ./...[0m
2026-09-17T06:24:06.6419704Z shell: C:\Program Files\Git\bin\bash.EXE --noprofile --norc -e -o pipefail {0}
2026-09-17T06:24:06.6420160Z env:
2026-09-17T06:24:06.6420393Z   RAYON_NUM_THREADS: 2
2026-09-17T06:24:06.6420608Z   CARGO_BUILD_JOBS: 2
2026-09-17T06:24:06.6420807Z   GOTOOLCHAIN: local
2026-09-17T06:24:06.6421100Z   ZEVUNE_POOL_FIXTURE: D:\a\_temp\zevune-m7-yc07ed1z\zero-value.bin
2026-09-17T06:24:06.6421683Z   ZEVUNE_POOL_WORKER: D:\a\Zevune\Zevune\integration\orchard\target\release\zevune-pool-worker.exe
2026-09-17T06:24:06.6422131Z ##[endgroup]
2026-09-17T06:24:09.2064200Z all modules verified
2026-09-17T06:24:46.1760567Z === RUN   TestRealFinalizationCommitAndRestart
2026-09-17T06:24:54.3884929Z     e2e_test.go:179: real proof -> Finalize without persistence -> worker restart -> replay -> Commit -> durable restart -> duplicate rejected
2026-09-17T06:24:54.3895522Z --- PASS: TestRealFinalizationCommitAndRestart (8.21s)
2026-09-17T06:24:54.3896330Z === RUN   TestPoolNodeHelper
2026-09-17T06:24:54.3896908Z --- PASS: TestPoolNodeHelper (0.00s)
2026-09-17T06:24:54.3897592Z === RUN   TestRealPoolFourProcessConsensus
2026-09-17T06:25:21.0672763Z     e2e_test.go:516: real zero-value proof included at height 4; 4 node commits/signatures/app hashes matched independent Orchard replay
2026-09-17T06:25:46.6825401Z     e2e_test.go:554: full network restart exceeded every persisted height; spent nullifiers and 2 commitments retained; duplicate rejected
2026-09-17T06:25:46.9006638Z --- PASS: TestRealPoolFourProcessConsensus (52.51s)
2026-09-17T06:25:46.9007269Z === RUN   TestRealLegacyInitChainRejectsActiveApplicationVersion
2026-09-17T06:25:49.6405423Z --- PASS: TestRealLegacyInitChainRejectsActiveApplicationVersion (2.74s)
2026-09-17T06:25:49.6406768Z === RUN   TestGenesisBindingRejectsAmbiguityAndMismatch
2026-09-17T06:25:49.6407615Z --- PASS: TestGenesisBindingRejectsAmbiguityAndMismatch (0.00s)
2026-09-17T06:25:49.6408423Z === RUN   TestRealProposalSelectionAndAtomicRejection
2026-09-17T06:25:52.6913640Z --- PASS: TestRealProposalSelectionAndAtomicRejection (3.05s)
2026-09-17T06:25:52.6914366Z PASS
2026-09-17T06:25:52.6956672Z ok  	github.com/youq616/Zevune/integration/cometbft/poolapp	66.547s
2026-09-17T06:25:56.4583562Z ok  	github.com/youq616/Zevune/integration/cometbft/app	0.573s
2026-09-17T06:25:56.4597432Z ?   	github.com/youq616/Zevune/integration/cometbft/cmd/zevune-devnet	[no test files]
2026-09-17T06:25:57.6718867Z ok  	github.com/youq616/Zevune/integration/cometbft/cmd/zevune-network	0.130s
2026-09-17T06:26:44.2881900Z ok  	github.com/youq616/Zevune/integration/cometbft/devnet	46.610s
2026-09-17T06:26:44.2882537Z ok  	github.com/youq616/Zevune/integration/cometbft/labnet	1.247s
2026-09-17T06:26:44.2883054Z ok  	github.com/youq616/Zevune/integration/cometbft/poolapp	0.069s
2026-09-17T06:26:56.4392782Z ##[group]Run git diff --exit-code
2026-09-17T06:26:56.4393192Z [36;1mgit diff --exit-code[0m
2026-09-17T06:26:56.4409320Z shell: C:\Program Files\Git\bin\bash.EXE --noprofile --norc -e -o pipefail {0}
2026-09-17T06:26:56.4409777Z env:
2026-09-17T06:26:56.4409998Z   RAYON_NUM_THREADS: 2
2026-09-17T06:26:56.4410278Z   CARGO_BUILD_JOBS: 2
2026-09-17T06:26:56.4410517Z   GOTOOLCHAIN: local
2026-09-17T06:26:56.4410850Z   ZEVUNE_POOL_FIXTURE: D:\a\_temp\zevune-m7-yc07ed1z\zero-value.bin
2026-09-17T06:26:56.4411428Z   ZEVUNE_POOL_WORKER: D:\a\Zevune\Zevune\integration\orchard\target\release\zevune-pool-worker.exe
2026-09-17T06:26:56.4411958Z ##[endgroup]
2026-09-17T06:26:56.7591720Z Node 20 is being deprecated. This workflow is running with Node 24 by default. If you need to temporarily use Node 20, you can set the ACTIONS_ALLOW_USE_UNSECURE_NODE_VERSION=true environment variable. For more information see: https://github.blog/changelog/2025-09-19-deprecation-of-node-20-on-github-actions-runners/
2026-09-17T06:26:56.7593055Z Post job cleanup.
2026-09-17T06:26:56.9087295Z (node:9220) [DEP0040] DeprecationWarning: The `punycode` module is deprecated. Please use a userland alternative instead.
2026-09-17T06:26:56.9088667Z (Use `node --trace-deprecation ...` to show where the warning was created)
2026-09-17T06:26:57.0012776Z [command]C:\hostedtoolcache\windows\go\1.27.1\x64\bin\go.exe env GOMODCACHE
2026-09-17T06:26:57.0087946Z [command]C:\hostedtoolcache\windows\go\1.27.1\x64\bin\go.exe env GOCACHE
2026-09-17T06:26:57.0357858Z C:\Users\runneradmin\go\pkg\mod
2026-09-17T06:26:57.0390338Z C:\Users\runneradmin\AppData\Local\go-build
2026-09-17T06:26:57.0415065Z Cache hit occurred on the primary key setup-go-Windows-x64-go-1.27.1-ef6b0fbca0a8d0b6206b16c85f11c4a6c772908ae2660ca86a6b7ee95979c938, not saving cache.
2026-09-17T06:26:57.0730427Z Post job cleanup.
2026-09-17T06:26:57.2971931Z [command]"C:\Program Files\Git\bin\git.exe" version
2026-09-17T06:26:57.3310496Z git version 2.55.0.windows.5
2026-09-17T06:26:57.3382704Z Temporarily overriding HOME='D:\a\_temp\b5e0379e-42a5-4b6b-b537-d6a482f7f367' before making global git config changes
2026-09-17T06:26:57.3383937Z Adding repository directory to the temporary git global config as a safe directory
2026-09-17T06:26:57.3395847Z [command]"C:\Program Files\Git\bin\git.exe" config --global --add safe.directory D:\a\Zevune\Zevune
2026-09-17T06:26:57.3799270Z [command]"C:\Program Files\Git\bin\git.exe" config --local --name-only --get-regexp core\.sshCommand
2026-09-17T06:26:57.4145184Z [command]"C:\Program Files\Git\bin\git.exe" submodule foreach --recursive "sh -c \"git config --local --name-only --get-regexp 'core\.sshCommand' && git config --local --unset-all 'core.sshCommand' || :\""
2026-09-17T06:26:57.9489192Z [command]"C:\Program Files\Git\bin\git.exe" config --local --name-only --get-regexp http\.https\:\/\/github\.com\/\.extraheader
2026-09-17T06:26:57.9790679Z [command]"C:\Program Files\Git\bin\git.exe" submodule foreach --recursive "sh -c \"git config --local --name-only --get-regexp 'http\.https\:\/\/github\.com\/\.extraheader' && git config --local --unset-all 'http.https://github.com/.extraheader' || :\""
2026-09-17T06:26:58.5160417Z Cleaning up orphan processes
2026-09-17T06:26:58.5571279Z ##[warning]Node.js 20 is deprecated. The following actions target Node.js 20 but are being forced to run on Node.js 24: actions/setup-go@44694675825211faa026b3c33043df3e48a5fa00. For more information see: https://github.blog/changelog/2025-09-19-deprecation-of-node-20-on-github-actions-runners/
