2026-09-17T06:17:15.7920044Z Current runner version: '2.337.0'
2026-09-17T06:17:15.7946866Z ##[group]Runner Image Provisioner
2026-09-17T06:17:15.7947727Z Hosted Compute Agent
2026-09-17T06:17:15.7948359Z Version: 20260828.587
2026-09-17T06:17:15.7948972Z Commit: abac92662cab4cc7352de4f9f9d2e2419aad9c29
2026-09-17T06:17:15.7949652Z Build Date: 2026-08-28T16:44:25Z
2026-09-17T06:17:15.7950313Z Worker ID: {84c07a62-e66b-4263-b28f-42afc70cb924}
2026-09-17T06:17:15.7951089Z Azure Region: eastus
2026-09-17T06:17:15.7952121Z ##[endgroup]
2026-09-17T06:17:15.7954323Z ##[group]Operating System
2026-09-17T06:17:15.7955007Z Microsoft Windows Server 2025
2026-09-17T06:17:15.7955671Z 10.0.26100
2026-09-17T06:17:15.7956190Z Datacenter
2026-09-17T06:17:15.7956733Z ##[endgroup]
2026-09-17T06:17:15.7957254Z ##[group]Runner Image
2026-09-17T06:17:15.7957809Z Image: windows-2025-vs2026
2026-09-17T06:17:15.7958382Z Version: 20260907.229.1
2026-09-17T06:17:15.7959932Z Included Software: https://github.com/actions/runner-images/blob/win25-vs2026/20260907.229/images/windows/Windows2025-VS2026-Readme.md
2026-09-17T06:17:15.7961596Z Image Release: https://github.com/actions/runner-images/releases/tag/win25-vs2026%2F20260907.229
2026-09-17T06:17:15.7962677Z ##[endgroup]
2026-09-17T06:17:15.7964058Z ##[group]GITHUB_TOKEN Permissions
2026-09-17T06:17:15.7965917Z Contents: read
2026-09-17T06:17:15.7966525Z Metadata: read
2026-09-17T06:17:15.7967041Z ##[endgroup]
2026-09-17T06:17:15.7969036Z Secret source: Actions
2026-09-17T06:17:15.7969934Z Cache mode: write
2026-09-17T06:17:15.7970588Z Prepare workflow directory
2026-09-17T06:17:15.8377034Z Prepare all required actions
2026-09-17T06:17:15.8424972Z Getting action download info
2026-09-17T06:17:15.9782682Z Download action repository 'actions/checkout@08c6903cd8c0fde910a37f88322edcfb5dd907a8' (SHA:08c6903cd8c0fde910a37f88322edcfb5dd907a8)
2026-09-17T06:17:16.1210335Z Download action repository 'actions/setup-go@44694675825211faa026b3c33043df3e48a5fa00' (SHA:44694675825211faa026b3c33043df3e48a5fa00)
2026-09-17T06:17:16.4732721Z Complete job name: integration (windows-latest)
2026-09-17T06:17:16.6618375Z ##[group]Run actions/checkout@08c6903cd8c0fde910a37f88322edcfb5dd907a8
2026-09-17T06:17:16.6619575Z with:
2026-09-17T06:17:16.6619997Z   persist-credentials: false
2026-09-17T06:17:16.6620489Z   repository: youq616/Zevune
2026-09-17T06:17:16.6624420Z   token: ***
2026-09-17T06:17:16.6624832Z   ssh-strict: true
2026-09-17T06:17:16.6625229Z   ssh-user: git
2026-09-17T06:17:16.6625618Z   clean: true
2026-09-17T06:17:16.6626024Z   sparse-checkout-cone-mode: true
2026-09-17T06:17:16.6626525Z   fetch-depth: 1
2026-09-17T06:17:16.6626921Z   fetch-tags: false
2026-09-17T06:17:16.6627325Z   show-progress: true
2026-09-17T06:17:16.6627727Z   lfs: false
2026-09-17T06:17:16.6628101Z   submodules: false
2026-09-17T06:17:16.6628511Z   set-safe-directory: true
2026-09-17T06:17:16.6629633Z ##[endgroup]
2026-09-17T06:17:16.8461027Z Syncing repository: youq616/Zevune
2026-09-17T06:17:16.8463703Z ##[group]Getting Git version info
2026-09-17T06:17:16.8465007Z Working directory is 'D:\a\Zevune\Zevune'
2026-09-17T06:17:16.9630686Z [command]"C:\Program Files\Git\bin\git.exe" version
2026-09-17T06:17:17.5456321Z git version 2.55.0.windows.5
2026-09-17T06:17:17.5511816Z ##[endgroup]
2026-09-17T06:17:17.5535296Z Temporarily overriding HOME='D:\a\_temp\229d9bec-dc45-42d4-8334-102bffb860a5' before making global git config changes
2026-09-17T06:17:17.5536816Z Adding repository directory to the temporary git global config as a safe directory
2026-09-17T06:17:17.5549788Z [command]"C:\Program Files\Git\bin\git.exe" config --global --add safe.directory D:\a\Zevune\Zevune
2026-09-17T06:17:17.6268700Z Deleting the contents of 'D:\a\Zevune\Zevune'
2026-09-17T06:17:17.6275143Z ##[group]Initializing the repository
2026-09-17T06:17:17.6283755Z [command]"C:\Program Files\Git\bin\git.exe" init D:\a\Zevune\Zevune
2026-09-17T06:17:17.7347827Z Initialized empty Git repository in D:/a/Zevune/Zevune/.git/
2026-09-17T06:17:17.7395207Z [command]"C:\Program Files\Git\bin\git.exe" remote add origin https://github.com/youq616/Zevune
2026-09-17T06:17:17.8254219Z ##[endgroup]
2026-09-17T06:17:17.8255478Z ##[group]Disabling automatic garbage collection
2026-09-17T06:17:17.8263597Z [command]"C:\Program Files\Git\bin\git.exe" config --local gc.auto 0
2026-09-17T06:17:17.8573413Z ##[endgroup]
2026-09-17T06:17:17.8575911Z ##[group]Setting up auth
2026-09-17T06:17:17.8583983Z [command]"C:\Program Files\Git\bin\git.exe" config --local --name-only --get-regexp core\.sshCommand
2026-09-17T06:17:17.8937718Z [command]"C:\Program Files\Git\bin\git.exe" submodule foreach --recursive "sh -c \"git config --local --name-only --get-regexp 'core\.sshCommand' && git config --local --unset-all 'core.sshCommand' || :\""
2026-09-17T06:17:19.7690765Z [command]"C:\Program Files\Git\bin\git.exe" config --local --name-only --get-regexp http\.https\:\/\/github\.com\/\.extraheader
2026-09-17T06:17:19.8034574Z [command]"C:\Program Files\Git\bin\git.exe" submodule foreach --recursive "sh -c \"git config --local --name-only --get-regexp 'http\.https\:\/\/github\.com\/\.extraheader' && git config --local --unset-all 'http.https://github.com/.extraheader' || :\""
2026-09-17T06:17:20.3437973Z [command]"C:\Program Files\Git\bin\git.exe" config --local http.https://github.com/.extraheader "AUTHORIZATION: basic ***"
2026-09-17T06:17:20.3742381Z ##[endgroup]
2026-09-17T06:17:20.3743981Z ##[group]Fetching the repository
2026-09-17T06:17:20.3758331Z [command]"C:\Program Files\Git\bin\git.exe" -c protocol.version=2 fetch --no-tags --prune --no-recurse-submodules --depth=1 origin +caece5bb6e82adc11156601880d7e1b4f2b5f463:refs/remotes/pull/11/merge
2026-09-17T06:17:21.5482928Z From https://github.com/youq616/Zevune
2026-09-17T06:17:21.5484087Z  * [new ref]         caece5bb6e82adc11156601880d7e1b4f2b5f463 -> pull/11/merge
2026-09-17T06:17:21.5543692Z ##[endgroup]
2026-09-17T06:17:21.5544577Z ##[group]Determining the checkout info
2026-09-17T06:17:21.5545765Z ##[endgroup]
2026-09-17T06:17:21.5557942Z [command]"C:\Program Files\Git\bin\git.exe" sparse-checkout disable
2026-09-17T06:17:21.6038016Z [command]"C:\Program Files\Git\bin\git.exe" config --local --unset-all extensions.worktreeConfig
2026-09-17T06:17:21.6339478Z ##[group]Checking out the ref
2026-09-17T06:17:21.6348041Z [command]"C:\Program Files\Git\bin\git.exe" checkout --progress --force refs/remotes/pull/11/merge
2026-09-17T06:17:21.7911086Z Note: switching to 'refs/remotes/pull/11/merge'.
2026-09-17T06:17:21.7911665Z 
2026-09-17T06:17:21.7912075Z You are in 'detached HEAD' state. You can look around, make experimental
2026-09-17T06:17:21.7912977Z changes and commit them, and you can discard any commits you make in this
2026-09-17T06:17:21.7913568Z state without impacting any branches by switching back to a branch.
2026-09-17T06:17:21.7913913Z 
2026-09-17T06:17:21.7914124Z If you want to create a new branch to retain commits you create, you may
2026-09-17T06:17:21.7914623Z do so (now or later) by using -c with the switch command. Example:
2026-09-17T06:17:21.7915056Z 
2026-09-17T06:17:21.7915266Z   git switch -c <new-branch-name>
2026-09-17T06:17:21.7915474Z 
2026-09-17T06:17:21.7915630Z Or undo this operation with:
2026-09-17T06:17:21.7915807Z 
2026-09-17T06:17:21.7915967Z   git switch -
2026-09-17T06:17:21.7916111Z 
2026-09-17T06:17:21.7916377Z Turn off this advice by setting config variable advice.detachedHead to false
2026-09-17T06:17:21.7916987Z 
2026-09-17T06:17:21.7917587Z HEAD is now at caece5b Merge cd5fe98053ce64e1acc6796dae44ec0e822c124f into 8324ec8bd153d9502e3e6761d25bfe281a5f3b44
2026-09-17T06:17:21.8029780Z ##[endgroup]
2026-09-17T06:17:21.8401817Z [command]"C:\Program Files\Git\bin\git.exe" log -1 --format=%H
2026-09-17T06:17:21.8680685Z caece5bb6e82adc11156601880d7e1b4f2b5f463
2026-09-17T06:17:21.8722639Z ##[group]Removing auth
2026-09-17T06:17:21.8730762Z [command]"C:\Program Files\Git\bin\git.exe" config --local --name-only --get-regexp core\.sshCommand
2026-09-17T06:17:21.9036634Z [command]"C:\Program Files\Git\bin\git.exe" submodule foreach --recursive "sh -c \"git config --local --name-only --get-regexp 'core\.sshCommand' && git config --local --unset-all 'core.sshCommand' || :\""
2026-09-17T06:17:22.4526081Z [command]"C:\Program Files\Git\bin\git.exe" config --local --name-only --get-regexp http\.https\:\/\/github\.com\/\.extraheader
2026-09-17T06:17:22.4809811Z http.https://github.com/.extraheader
2026-09-17T06:17:22.4859986Z [command]"C:\Program Files\Git\bin\git.exe" config --local --unset-all http.https://github.com/.extraheader
2026-09-17T06:17:22.5171718Z [command]"C:\Program Files\Git\bin\git.exe" submodule foreach --recursive "sh -c \"git config --local --name-only --get-regexp 'http\.https\:\/\/github\.com\/\.extraheader' && git config --local --unset-all 'http.https://github.com/.extraheader' || :\""
2026-09-17T06:17:23.0578241Z ##[endgroup]
2026-09-17T06:17:23.1160887Z Node 20 is being deprecated. This workflow is running with Node 24 by default. If you need to temporarily use Node 20, you can set the ACTIONS_ALLOW_USE_UNSECURE_NODE_VERSION=true environment variable. For more information see: https://github.blog/changelog/2025-09-19-deprecation-of-node-20-on-github-actions-runners/
2026-09-17T06:17:23.1163660Z ##[group]Run actions/setup-go@44694675825211faa026b3c33043df3e48a5fa00
2026-09-17T06:17:23.1164157Z with:
2026-09-17T06:17:23.1164394Z   go-version: 1.27.1
2026-09-17T06:17:23.1164661Z   cache: true
2026-09-17T06:17:23.1164982Z   cache-dependency-path: integration/cometbft/go.sum
2026-09-17T06:17:23.1165418Z   check-latest: false
2026-09-17T06:17:23.1169959Z   token: ***
2026-09-17T06:17:23.1170176Z ##[endgroup]
2026-09-17T06:17:23.2794941Z Setup go version spec 1.27.1
2026-09-17T06:17:23.2809773Z Attempting to download 1.27.1...
2026-09-17T06:17:23.3000548Z (node:8248) [DEP0040] DeprecationWarning: The `punycode` module is deprecated. Please use a userland alternative instead.
2026-09-17T06:17:23.3001862Z (Use `node --trace-deprecation ...` to show where the warning was created)
2026-09-17T06:17:23.7236277Z matching 1.27.1...
2026-09-17T06:17:23.7263630Z Acquiring 1.27.1 from https://github.com/actions/go-versions/releases/download/1.27.1-33583469715/go-1.27.1-win32-x64.zip
2026-09-17T06:17:24.2930420Z Extracting Go...
2026-09-17T06:17:24.4190894Z [command]"C:\Program Files\PowerShell\7\pwsh.exe" -NoLogo -NoProfile -NonInteractive -ExecutionPolicy Unrestricted -Command "$ErrorActionPreference = 'Stop' ; try { Add-Type -AssemblyName System.IO.Compression.ZipFile } catch { } ; try { [System.IO.Compression.ZipFile]::ExtractToDirectory('D:\a\_temp\go-1.27.1-win32-x64.zip', 'D:\a\_temp\42eded5b-5485-40c7-aff3-ea32952720ed', $true) } catch { if (($_.Exception.GetType().FullName -eq 'System.Management.Automation.MethodException') -or ($_.Exception.GetType().FullName -eq 'System.Management.Automation.RuntimeException') ){ Expand-Archive -LiteralPath 'D:\a\_temp\go-1.27.1-win32-x64.zip' -DestinationPath 'D:\a\_temp\42eded5b-5485-40c7-aff3-ea32952720ed' -Force } else { throw $_ } } ;"
2026-09-17T06:17:29.7486243Z Successfully extracted go to D:\a\_temp\42eded5b-5485-40c7-aff3-ea32952720ed
2026-09-17T06:17:29.7486928Z Adding to the cache ...
2026-09-17T06:17:41.4152770Z Created link C:\hostedtoolcache\windows\go\1.27.1\x64 => D:\hostedtoolcache\windows\go\1.27.1\x64
2026-09-17T06:17:41.4156953Z Created link C:\hostedtoolcache\windows\go\1.27.1\x64.complete => D:\hostedtoolcache\windows\go\1.27.1\x64.complete
2026-09-17T06:17:41.4158464Z Successfully cached go to C:\hostedtoolcache\windows\go\1.27.1\x64
2026-09-17T06:17:41.4163004Z Added go to the path
2026-09-17T06:17:41.4165776Z Successfully set up Go version 1.27.1
2026-09-17T06:17:41.8373124Z [command]C:\hostedtoolcache\windows\go\1.27.1\x64\bin\go.exe env GOCACHE
2026-09-17T06:17:41.8426840Z [command]C:\hostedtoolcache\windows\go\1.27.1\x64\bin\go.exe env GOMODCACHE
2026-09-17T06:17:41.8674892Z C:\Users\runneradmin\AppData\Local\go-build
2026-09-17T06:17:41.8695995Z C:\Users\runneradmin\go\pkg\mod
2026-09-17T06:17:42.0794052Z Cache hit for: setup-go-Windows-x64-go-1.27.1-ef6b0fbca0a8d0b6206b16c85f11c4a6c772908ae2660ca86a6b7ee95979c938
2026-09-17T06:17:42.0915027Z (node:8248) [DEP0169] DeprecationWarning: `url.parse()` behavior is not standardized and prone to errors that have security implications. Use the WHATWG URL API instead. CVEs are not issued for `url.parse()` vulnerabilities.
2026-09-17T06:17:43.1490596Z Received 180355072 of 429434914 (42.0%), 165.9 MBs/sec
2026-09-17T06:17:44.1805378Z Received 381681664 of 429434914 (88.9%), 175.9 MBs/sec
2026-09-17T06:17:44.5649004Z Received 429434914 of 429434914 (100.0%), 167.3 MBs/sec
2026-09-17T06:17:44.5650488Z Cache Size: ~410 MB (429434914 B)
2026-09-17T06:17:44.5684847Z [command]"C:\Program Files\Git\usr\bin\tar.exe" -xf D:/a/_temp/05cf1c7d-cd2b-48b7-a882-668d508d9a42/cache.tzst -P -C D:/a/Zevune/Zevune --force-local --use-compress-program "zstd -d"
2026-09-17T06:18:48.8352049Z Cache restored successfully
2026-09-17T06:18:48.8606166Z Cache restored from key: setup-go-Windows-x64-go-1.27.1-ef6b0fbca0a8d0b6206b16c85f11c4a6c772908ae2660ca86a6b7ee95979c938
2026-09-17T06:18:48.8625638Z go version go1.27.1 windows/amd64
2026-09-17T06:18:48.8625852Z 
2026-09-17T06:18:48.8626154Z ##[group]go env
2026-09-17T06:18:49.7169284Z set AR=ar
2026-09-17T06:18:49.7169685Z set CC=gcc
2026-09-17T06:18:49.7170118Z set CGO_CFLAGS=-O2 -g
2026-09-17T06:18:49.7170578Z set CGO_CPPFLAGS=
2026-09-17T06:18:49.7170973Z set CGO_CXXFLAGS=-O2 -g
2026-09-17T06:18:49.7171368Z set CGO_ENABLED=1
2026-09-17T06:18:49.7171739Z set CGO_FFLAGS=-O2 -g
2026-09-17T06:18:49.7172096Z set CGO_LDFLAGS=-O2 -g
2026-09-17T06:18:49.7172425Z set CXX=g++
2026-09-17T06:18:49.7172713Z set GCCGO=gccgo
2026-09-17T06:18:49.7173061Z set GO111MODULE=
2026-09-17T06:18:49.7173405Z set GOAMD64=v1
2026-09-17T06:18:49.7173726Z set GOARCH=amd64
2026-09-17T06:18:49.7174089Z set GOAUTH=netrc
2026-09-17T06:18:49.7174477Z set GOBIN=C:\Users\runneradmin\go\bin
2026-09-17T06:18:49.7175120Z set GOCACHE=C:\Users\runneradmin\AppData\Local\go-build
2026-09-17T06:18:49.7175681Z set GOCACHEPROG=
2026-09-17T06:18:49.7176031Z set GODEBUG=
2026-09-17T06:18:49.7176466Z set GOENV=C:\Users\runneradmin\AppData\Roaming\go\env
2026-09-17T06:18:49.7177478Z set GOEXE=.exe
2026-09-17T06:18:49.7177802Z set GOEXPERIMENT=
2026-09-17T06:18:49.7178124Z set GOFIPS140=off
2026-09-17T06:18:49.7178426Z set GOFLAGS=
2026-09-17T06:18:49.7179737Z set GOGCCFLAGS=-m64 -pthread -Wl,--no-gc-sections -fmessage-length=0 -ffile-prefix-map=C:\Users\RUNNER~1\AppData\Local\Temp\go-build1740132116=/tmp/go-build -gno-record-gcc-switches
2026-09-17T06:18:49.7181014Z set GOHOSTARCH=amd64
2026-09-17T06:18:49.7181341Z set GOHOSTOS=windows
2026-09-17T06:18:49.7181670Z set GOINSECURE=
2026-09-17T06:18:49.7182043Z set GOMOD=D:\a\Zevune\Zevune\go.mod
2026-09-17T06:18:49.7182532Z set GOMODCACHE=C:\Users\runneradmin\go\pkg\mod
2026-09-17T06:18:49.7183269Z set GONOPROXY=
2026-09-17T06:18:49.7183542Z set GONOSUMDB=
2026-09-17T06:18:49.7183843Z set GOOS=windows
2026-09-17T06:18:49.7184147Z set GOPACKAGESDRIVER=
2026-09-17T06:18:49.7184520Z set GOPATH=C:\Users\runneradmin\go
2026-09-17T06:18:49.7184975Z set GOPRIVATE=
2026-09-17T06:18:49.7185368Z set GOPROXY=https://proxy.golang.org,direct
2026-09-17T06:18:49.7185901Z set GOROOT=C:\hostedtoolcache\windows\go\1.27.1\x64
2026-09-17T06:18:49.7186368Z set GOSUMDB=sum.golang.org
2026-09-17T06:18:49.7186736Z set GOTELEMETRY=local
2026-09-17T06:18:49.7187258Z set GOTELEMETRYDIR=C:\Users\runneradmin\AppData\Roaming\go\telemetry
2026-09-17T06:18:49.7187847Z set GOTMPDIR=
2026-09-17T06:18:49.7188135Z set GOTOOLCHAIN=local
2026-09-17T06:18:49.7188699Z set GOTOOLDIR=C:\hostedtoolcache\windows\go\1.27.1\x64\pkg\tool\windows_amd64
2026-09-17T06:18:49.7189308Z set GOVCS=
2026-09-17T06:18:49.7189597Z set GOVERSION=go1.27.1
2026-09-17T06:18:49.7189900Z set GOWORK=
2026-09-17T06:18:49.7190206Z set PKG_CONFIG=pkg-config
2026-09-17T06:18:49.7190437Z 
2026-09-17T06:18:49.7191207Z ##[endgroup]
2026-09-17T06:18:49.7520047Z ##[group]Run go version
2026-09-17T06:18:49.7520401Z [36;1mgo version[0m
2026-09-17T06:18:49.7520616Z [36;1mgo mod download[0m
2026-09-17T06:18:49.7520829Z [36;1mgo mod verify[0m
2026-09-17T06:18:49.7521045Z [36;1mgo mod tidy -diff[0m
2026-09-17T06:18:49.7521269Z [36;1mtest -z "$(gofmt -l .)"[0m
2026-09-17T06:18:49.7546833Z shell: C:\Program Files\Git\bin\bash.EXE --noprofile --norc -e -o pipefail {0}
2026-09-17T06:18:49.7547240Z env:
2026-09-17T06:18:49.7547421Z   GOTOOLCHAIN: local
2026-09-17T06:18:49.7547629Z ##[endgroup]
2026-09-17T06:18:50.0478033Z go version go1.27.1 windows/amd64
2026-09-17T06:18:52.4532240Z all modules verified
2026-09-17T06:18:52.7961811Z ##[group]Run go test -mod=readonly ./... -count=1 -timeout=8m -v
2026-09-17T06:18:52.7962390Z [36;1mgo test -mod=readonly ./... -count=1 -timeout=8m -v[0m
2026-09-17T06:18:52.7979619Z shell: C:\Program Files\Git\bin\bash.EXE --noprofile --norc -e -o pipefail {0}
2026-09-17T06:18:52.7980029Z env:
2026-09-17T06:18:52.7980218Z   GOTOOLCHAIN: local
2026-09-17T06:18:52.7980421Z ##[endgroup]
2026-09-17T06:18:58.5035007Z === RUN   TestGenesisValidation
2026-09-17T06:18:58.5039121Z --- PASS: TestGenesisValidation (0.03s)
2026-09-17T06:18:58.5043142Z === RUN   TestFinalizeIsNotDurableAndCommitIs
2026-09-17T06:18:58.5060706Z --- PASS: TestFinalizeIsNotDurableAndCommitIs (0.04s)
2026-09-17T06:18:58.5065944Z === RUN   TestProposalChecksNeverWrite
2026-09-17T06:18:58.5111260Z --- PASS: TestProposalChecksNeverWrite (0.01s)
2026-09-17T06:18:58.5124278Z === RUN   TestEveryTransactionEntryRemainsClosed
2026-09-17T06:18:58.5207611Z --- PASS: TestEveryTransactionEntryRemainsClosed (0.03s)
2026-09-17T06:18:58.5208431Z === RUN   TestRepeatedFinalizeCopiesAndBindsHash
2026-09-17T06:18:58.5209205Z --- PASS: TestRepeatedFinalizeCopiesAndBindsHash (0.03s)
2026-09-17T06:18:58.5209933Z === RUN   TestQueryOnlyCommittedStateAndNoProofClaims
2026-09-17T06:18:58.5210659Z --- PASS: TestQueryOnlyCommittedStateAndNoProofClaims (0.01s)
2026-09-17T06:18:58.5213188Z === RUN   TestSnapshotsAndExtensionsFailClosed
2026-09-17T06:18:58.5287170Z --- PASS: TestSnapshotsAndExtensionsFailClosed (0.01s)
2026-09-17T06:18:58.5445733Z === RUN   TestConcurrentInfoAndFinalize
2026-09-17T06:18:58.5454258Z --- PASS: TestConcurrentInfoAndFinalize (0.04s)
2026-09-17T06:18:58.5459838Z === RUN   TestClosedApplicationFails
2026-09-17T06:18:58.5514342Z --- PASS: TestClosedApplicationFails (0.01s)
2026-09-17T06:18:58.5604449Z PASS
2026-09-17T06:18:58.5630199Z ok  	github.com/youq616/Zevune/integration/cometbft/app	1.078s
2026-09-17T06:18:58.5641539Z ?   	github.com/youq616/Zevune/integration/cometbft/cmd/zevune-devnet	[no test files]
2026-09-17T06:19:00.1131491Z === RUN   TestMalformedCommandsNeverCreateOrOverwrite
2026-09-17T06:19:00.1132334Z --- PASS: TestMalformedCommandsNeverCreateOrOverwrite (0.00s)
2026-09-17T06:19:00.1132772Z === RUN   TestBoundedPublicTransactionFiles
2026-09-17T06:19:00.1133138Z --- PASS: TestBoundedPublicTransactionFiles (0.00s)
2026-09-17T06:19:00.1133578Z === RUN   TestStorageCommandRejectsNetworkAndMutationFlags
2026-09-17T06:19:00.1134028Z --- PASS: TestStorageCommandRejectsNetworkAndMutationFlags (0.00s)
2026-09-17T06:19:00.1134501Z === RUN   TestSyncSubmitRejectInvalidCheckpointBeforeOtherInput
2026-09-17T06:19:00.1135003Z --- PASS: TestSyncSubmitRejectInvalidCheckpointBeforeOtherInput (0.00s)
2026-09-17T06:19:00.1135419Z === RUN   TestStorageCheckpointFlagPair
2026-09-17T06:19:00.1135725Z --- PASS: TestStorageCheckpointFlagPair (0.00s)
2026-09-17T06:19:00.1136100Z === RUN   TestCheckpointSyntaxDoesNotSelectAStorageProfile
2026-09-17T06:19:00.1136563Z --- PASS: TestCheckpointSyntaxDoesNotSelectAStorageProfile (0.00s)
2026-09-17T06:19:00.1137092Z === RUN   TestStorageCheckpointCLIRejectsPartialDuplicateAndWrongCommands
2026-09-17T06:19:00.1137737Z --- PASS: TestStorageCheckpointCLIRejectsPartialDuplicateAndWrongCommands (0.01s)
2026-09-17T06:19:00.1138298Z === RUN   TestExplicitEmptyStorageCheckpointDoesNotDisableCheck
2026-09-17T06:19:00.1139883Z --- PASS: TestExplicitEmptyStorageCheckpointDoesNotDisableCheck (0.00s)
2026-09-17T06:19:00.1140433Z === RUN   TestStorageCopyRequiresExplicitCheckpointAndOfflinePaths
2026-09-17T06:19:00.1140967Z --- PASS: TestStorageCopyRequiresExplicitCheckpointAndOfflinePaths (0.00s)
2026-09-17T06:19:00.1141364Z PASS
2026-09-17T06:19:00.1141689Z ok  	github.com/youq616/Zevune/integration/cometbft/cmd/zevune-network	0.077s
2026-09-17T06:19:54.8129066Z === RUN   TestNodeProcessHelper
2026-09-17T06:19:54.8129681Z --- PASS: TestNodeProcessHelper (0.00s)
2026-09-17T06:19:54.8130274Z === RUN   TestFourProcessConsensusAndRecovery
2026-09-17T06:19:54.8134438Z     devnet_test.go:214: four processes verified common height=4; equal block/app hashes; >2/3 signatures verified
2026-09-17T06:19:54.8135984Z     devnet_test.go:221: payment admission rejected by real CometBFT RPC/mempool path
2026-09-17T06:19:54.8137212Z     devnet_test.go:225: one validator offline: remaining 3/4 continued committing
2026-09-17T06:19:54.8138502Z     devnet_test.go:233: two validators offline: height remained 7 over observation window
2026-09-17T06:19:54.8139656Z     devnet_test.go:239: restored quorum and lagging validator catch-up succeeded
2026-09-17T06:19:54.8140875Z     devnet_test.go:245: abrupt process termination recovered without resetting validator state
2026-09-17T06:19:54.8142219Z     devnet_test.go:256: full four-process restart resumed from durable application/consensus state
2026-09-17T06:19:54.8143213Z --- PASS: TestFourProcessConsensusAndRecovery (45.23s)
2026-09-17T06:19:54.8144157Z === RUN   TestInitAndManifestFailClosed
2026-09-17T06:19:54.8144740Z --- PASS: TestInitAndManifestFailClosed (0.15s)
2026-09-17T06:19:54.8145386Z === RUN   TestFullRestartAdvancesBeyondDurableHeight
2026-09-17T06:19:54.8146479Z     restart_test.go:53: restart advanced every node beyond highest recovered height 3 to at least 6
2026-09-17T06:19:54.8147482Z --- PASS: TestFullRestartAdvancesBeyondDurableHeight (9.14s)
2026-09-17T06:19:54.8148220Z === RUN   TestMissingSigningStateIsNotRecreated
2026-09-17T06:19:54.8148873Z --- PASS: TestMissingSigningStateIsNotRecreated (0.20s)
2026-09-17T06:19:54.8149426Z PASS
2026-09-17T06:19:54.8149922Z ok  	github.com/youq616/Zevune/integration/cometbft/devnet	54.777s
2026-09-17T06:19:54.8150665Z === RUN   TestQuorumAndAllHeaderBindings
2026-09-17T06:19:54.8151240Z === RUN   TestQuorumAndAllHeaderBindings/height
2026-09-17T06:19:54.8151856Z === RUN   TestQuorumAndAllHeaderBindings/version
2026-09-17T06:19:54.8152472Z === RUN   TestQuorumAndAllHeaderBindings/parameters
2026-09-17T06:19:54.8153119Z === RUN   TestQuorumAndAllHeaderBindings/state-length
2026-09-17T06:19:54.8153739Z === RUN   TestQuorumAndAllHeaderBindings/future
2026-09-17T06:19:54.8154355Z === RUN   TestQuorumAndAllHeaderBindings/pre-genesis
2026-09-17T06:19:54.8155050Z === RUN   TestQuorumAndAllHeaderBindings/chain
2026-09-17T06:19:54.8155644Z === RUN   TestQuorumAndAllHeaderBindings/validators
2026-09-17T06:19:54.8156300Z === RUN   TestQuorumAndAllHeaderBindings/next-validators
2026-09-17T06:19:54.8156977Z --- PASS: TestQuorumAndAllHeaderBindings (0.00s)
2026-09-17T06:19:54.8157754Z     --- PASS: TestQuorumAndAllHeaderBindings/height (0.00s)
2026-09-17T06:19:54.8158568Z     --- PASS: TestQuorumAndAllHeaderBindings/version (0.00s)
2026-09-17T06:19:54.8159382Z     --- PASS: TestQuorumAndAllHeaderBindings/parameters (0.00s)
2026-09-17T06:19:54.8160270Z     --- PASS: TestQuorumAndAllHeaderBindings/state-length (0.00s)
2026-09-17T06:19:54.8161105Z     --- PASS: TestQuorumAndAllHeaderBindings/future (0.00s)
2026-09-17T06:19:54.8161938Z     --- PASS: TestQuorumAndAllHeaderBindings/pre-genesis (0.00s)
2026-09-17T06:19:54.8162735Z     --- PASS: TestQuorumAndAllHeaderBindings/chain (0.00s)
2026-09-17T06:19:54.8163871Z     --- PASS: TestQuorumAndAllHeaderBindings/validators (0.00s)
2026-09-17T06:19:54.8164759Z     --- PASS: TestQuorumAndAllHeaderBindings/next-validators (0.00s)
2026-09-17T06:19:54.8165860Z === RUN   TestPinnedPublicConfigurationAndCompanionFiles
2026-09-17T06:19:54.8166683Z --- PASS: TestPinnedPublicConfigurationAndCompanionFiles (0.17s)
2026-09-17T06:19:54.8167437Z === RUN   TestCanonicalDecodingAndFileBounds
2026-09-17T06:19:54.8168061Z --- PASS: TestCanonicalDecodingAndFileBounds (0.04s)
2026-09-17T06:19:54.8168681Z === RUN   TestLoopbackEndpointAndStreamingLimits
2026-09-17T06:19:54.8169366Z --- PASS: TestLoopbackEndpointAndStreamingLimits (0.00s)
2026-09-17T06:19:54.8170085Z === RUN   TestRPCRejectsRedirectCompressionAndOversize
2026-09-17T06:19:54.8170850Z === RUN   TestRPCRejectsRedirectCompressionAndOversize/redirect
2026-09-17T06:19:54.8172483Z === RUN   TestRPCRejectsRedirectCompressionAndOversize/encoding
2026-09-17T06:19:54.8173379Z === RUN   TestRPCRejectsRedirectCompressionAndOversize/length
2026-09-17T06:19:54.8174182Z === RUN   TestRPCRejectsRedirectCompressionAndOversize/stream
2026-09-17T06:19:54.8175144Z --- PASS: TestRPCRejectsRedirectCompressionAndOversize (0.01s)
2026-09-17T06:19:54.8176186Z     --- PASS: TestRPCRejectsRedirectCompressionAndOversize/redirect (0.00s)
2026-09-17T06:19:54.8177321Z     --- PASS: TestRPCRejectsRedirectCompressionAndOversize/encoding (0.00s)
2026-09-17T06:19:54.8178380Z     --- PASS: TestRPCRejectsRedirectCompressionAndOversize/length (0.00s)
2026-09-17T06:19:54.8179475Z     --- PASS: TestRPCRejectsRedirectCompressionAndOversize/stream (0.01s)
2026-09-17T06:19:54.8180406Z === RUN   TestMalformedGenesisInitDoesNotCreatePrivateDirectory
2026-09-17T06:19:54.8181334Z --- PASS: TestMalformedGenesisInitDoesNotCreatePrivateDirectory (0.00s)
2026-09-17T06:19:54.8182214Z === RUN   TestUnexpectedEngineExitIsNotSuccessfulShutdown
2026-09-17T06:19:54.8183010Z --- PASS: TestUnexpectedEngineExitIsNotSuccessfulShutdown (0.00s)
2026-09-17T06:19:54.8184138Z === RUN   TestRequestedShutdownDoesNotNeedEngineExit
2026-09-17T06:19:54.8184913Z --- PASS: TestRequestedShutdownDoesNotNeedEngineExit (0.00s)
2026-09-17T06:19:54.8185776Z === RUN   TestConcurrentCancellationAndEngineExitRemainRequested
2026-09-17T06:19:54.8186747Z --- PASS: TestConcurrentCancellationAndEngineExitRemainRequested (0.00s)
2026-09-17T06:19:54.8187619Z === RUN   TestEngineExitReleasesWaitingSupervisor
2026-09-17T06:19:54.8188366Z --- PASS: TestEngineExitReleasesWaitingSupervisor (0.00s)
2026-09-17T06:19:54.8189040Z === RUN   TestLifecycleRejectsMissingContext
2026-09-17T06:19:54.8189646Z --- PASS: TestLifecycleRejectsMissingContext (0.00s)
2026-09-17T06:19:54.8190489Z === RUN   TestPinnedNetworkProfileCannotChangeConfigurationOrAppVersion
2026-09-17T06:19:54.8191612Z === RUN   TestPinnedNetworkProfileCannotChangeConfigurationOrAppVersion/ZVTGEN01/1/2
2026-09-17T06:19:54.8192860Z === RUN   TestPinnedNetworkProfileCannotChangeConfigurationOrAppVersion/ZVTGEN01/1/3
2026-09-17T06:19:54.8194090Z === RUN   TestPinnedNetworkProfileCannotChangeConfigurationOrAppVersion/ZVTGEN01/2/2
2026-09-17T06:19:54.8195332Z === RUN   TestPinnedNetworkProfileCannotChangeConfigurationOrAppVersion/ZVTGEN01/2/3
2026-09-17T06:19:54.8196558Z === RUN   TestPinnedNetworkProfileCannotChangeConfigurationOrAppVersion/ZVTGEN02/1/2
2026-09-17T06:19:54.8197785Z === RUN   TestPinnedNetworkProfileCannotChangeConfigurationOrAppVersion/ZVTGEN02/1/3
2026-09-17T06:19:54.8199021Z === RUN   TestPinnedNetworkProfileCannotChangeConfigurationOrAppVersion/ZVTGEN02/2/2
2026-09-17T06:19:54.8200250Z === RUN   TestPinnedNetworkProfileCannotChangeConfigurationOrAppVersion/ZVTGEN02/2/3
2026-09-17T06:19:54.8201552Z === RUN   TestPinnedNetworkProfileCannotChangeConfigurationOrAppVersion/ZVTGEN03/1/2
2026-09-17T06:19:54.8202756Z === RUN   TestPinnedNetworkProfileCannotChangeConfigurationOrAppVersion/ZVTGEN03/1/3
2026-09-17T06:19:54.8204287Z === RUN   TestPinnedNetworkProfileCannotChangeConfigurationOrAppVersion/ZVTGEN03/2/2
2026-09-17T06:19:54.8205546Z === RUN   TestPinnedNetworkProfileCannotChangeConfigurationOrAppVersion/ZVTGEN03/2/3
2026-09-17T06:19:54.8206767Z --- PASS: TestPinnedNetworkProfileCannotChangeConfigurationOrAppVersion (0.86s)
2026-09-17T06:19:54.8208426Z     --- PASS: TestPinnedNetworkProfileCannotChangeConfigurationOrAppVersion/ZVTGEN01/1/2 (0.23s)
2026-09-17T06:19:54.8209916Z     --- PASS: TestPinnedNetworkProfileCannotChangeConfigurationOrAppVersion/ZVTGEN01/1/3 (0.16s)
2026-09-17T06:19:54.8211484Z     --- PASS: TestPinnedNetworkProfileCannotChangeConfigurationOrAppVersion/ZVTGEN01/2/2 (0.14s)
2026-09-17T06:19:54.8212985Z     --- PASS: TestPinnedNetworkProfileCannotChangeConfigurationOrAppVersion/ZVTGEN01/2/3 (0.06s)
2026-09-17T06:19:54.8214522Z     --- PASS: TestPinnedNetworkProfileCannotChangeConfigurationOrAppVersion/ZVTGEN02/1/2 (0.02s)
2026-09-17T06:19:54.8216217Z     --- PASS: TestPinnedNetworkProfileCannotChangeConfigurationOrAppVersion/ZVTGEN02/1/3 (0.03s)
2026-09-17T06:19:54.8217725Z     --- PASS: TestPinnedNetworkProfileCannotChangeConfigurationOrAppVersion/ZVTGEN02/2/2 (0.04s)
2026-09-17T06:19:54.8219233Z     --- PASS: TestPinnedNetworkProfileCannotChangeConfigurationOrAppVersion/ZVTGEN02/2/3 (0.02s)
2026-09-17T06:19:54.8220768Z     --- PASS: TestPinnedNetworkProfileCannotChangeConfigurationOrAppVersion/ZVTGEN03/1/2 (0.05s)
2026-09-17T06:19:54.8222293Z     --- PASS: TestPinnedNetworkProfileCannotChangeConfigurationOrAppVersion/ZVTGEN03/1/3 (0.04s)
2026-09-17T06:19:54.8223765Z     --- PASS: TestPinnedNetworkProfileCannotChangeConfigurationOrAppVersion/ZVTGEN03/2/2 (0.03s)
2026-09-17T06:19:54.8225587Z     --- PASS: TestPinnedNetworkProfileCannotChangeConfigurationOrAppVersion/ZVTGEN03/2/3 (0.02s)
2026-09-17T06:19:54.8226742Z === RUN   TestSignedHeadersUseAuthenticatedProfileHeightAndVersion
2026-09-17T06:19:54.8227733Z --- PASS: TestSignedHeadersUseAuthenticatedProfileHeightAndVersion (0.00s)
2026-09-17T06:19:54.8228756Z === RUN   TestActiveCheckpointUsesPinnedNetworkAndRetainsLegacyBounds
2026-09-17T06:19:54.8229848Z --- PASS: TestActiveCheckpointUsesPinnedNetworkAndRetainsLegacyBounds (0.05s)
2026-09-17T06:19:54.8230884Z === RUN   TestActiveCapacityReportsLogicalBytesAndExactCheckpoint
2026-09-17T06:19:54.8231914Z --- PASS: TestActiveCapacityReportsLogicalBytesAndExactCheckpoint (0.00s)
2026-09-17T06:19:54.8232930Z === RUN   TestActiveStorageCopyRefusesBeforeReadingOrCreatingAnyPath
2026-09-17T06:19:54.8233935Z --- PASS: TestActiveStorageCopyRefusesBeforeReadingOrCreatingAnyPath (0.00s)
2026-09-17T06:19:54.8235218Z === RUN   TestReferenceCheckpointRequestBoundsBeforeAccess
2026-09-17T06:19:54.8236038Z --- PASS: TestReferenceCheckpointRequestBoundsBeforeAccess (0.00s)
2026-09-17T06:19:54.8236871Z === RUN   TestReferenceCheckpointMissingContextAndNetwork
2026-09-17T06:19:54.8237696Z --- PASS: TestReferenceCheckpointMissingContextAndNetwork (0.00s)
2026-09-17T06:19:54.8238521Z === RUN   TestUnpinnedResultsNeverClaimRetainedCheckpoint
2026-09-17T06:19:54.8239375Z --- PASS: TestUnpinnedResultsNeverClaimRetainedCheckpoint (0.00s)
2026-09-17T06:19:54.8240430Z === RUN   TestStorageCheckpointCanonicalInputs
2026-09-17T06:19:54.8241083Z --- PASS: TestStorageCheckpointCanonicalInputs (0.00s)
2026-09-17T06:19:54.8241944Z === RUN   TestStorageCheckpointExactTipNotMinimumHeightOrFinality
2026-09-17T06:19:54.8242905Z --- PASS: TestStorageCheckpointExactTipNotMinimumHeightOrFinality (0.00s)
2026-09-17T06:19:54.8243872Z === RUN   TestInvalidStorageCheckpointFailsBeforeFileAccess
2026-09-17T06:19:54.8244733Z --- PASS: TestInvalidStorageCheckpointFailsBeforeFileAccess (0.00s)
2026-09-17T06:19:54.8245588Z === RUN   TestBoundedCopyRejectsShortLongAndCancelledInput
2026-09-17T06:19:54.8246434Z --- PASS: TestBoundedCopyRejectsShortLongAndCancelledInput (0.00s)
2026-09-17T06:19:54.8247315Z === RUN   TestCopyIOFailureAndMidstreamCancelNeverYieldDigest
2026-09-17T06:19:54.8248211Z --- PASS: TestCopyIOFailureAndMidstreamCancelNeverYieldDigest (0.00s)
2026-09-17T06:19:54.8249055Z === RUN   TestCopyPathsAndPublicEntryRejectBeforeWorker
2026-09-17T06:19:54.8249864Z --- PASS: TestCopyPathsAndPublicEntryRejectBeforeWorker (0.00s)
2026-09-17T06:19:54.8250678Z === RUN   TestPublishCopyIsCreateOnlyAndDoesNotLinkSource
2026-09-17T06:19:54.8251652Z --- PASS: TestPublishCopyIsCreateOnlyAndDoesNotLinkSource (0.02s)
2026-09-17T06:19:54.8252531Z === RUN   TestPublicationFailureAfterLinkIsExplicitlyUncertain
2026-09-17T06:19:54.8253464Z --- PASS: TestPublicationFailureAfterLinkIsExplicitlyUncertain (0.00s)
2026-09-17T06:19:54.8254448Z === RUN   TestPublicationCancellationAndExistingSymlinkDoNotOverwrite
2026-09-17T06:19:54.8255578Z --- PASS: TestPublicationCancellationAndExistingSymlinkDoNotOverwrite (0.00s)
2026-09-17T06:19:54.8256520Z === RUN   TestCopyReportDoesNotClaimConsensusOrFunds
2026-09-17T06:19:54.8257471Z --- PASS: TestCopyReportDoesNotClaimConsensusOrFunds (0.00s)
2026-09-17T06:19:54.8258283Z === RUN   TestJournalDigestDetectsChangedAndReplacedFile
2026-09-17T06:19:54.8259107Z --- PASS: TestJournalDigestDetectsChangedAndReplacedFile (0.00s)
2026-09-17T06:19:54.8260373Z === RUN   TestCancelAfterPublishRetainsCompleteCopyWithUncertainResult
2026-09-17T06:19:54.8261475Z --- PASS: TestCancelAfterPublishRetainsCompleteCopyWithUncertainResult (0.00s)
2026-09-17T06:19:54.8262414Z === RUN   TestStorageReportBoundariesAndNoFinalityClaims
2026-09-17T06:19:54.8295681Z === RUN   TestStorageReportBoundariesAndNoFinalityClaims/normal
2026-09-17T06:19:54.8296682Z === RUN   TestStorageReportBoundariesAndNoFinalityClaims/exact-empty
2026-09-17T06:19:54.8297624Z === RUN   TestStorageReportBoundariesAndNoFinalityClaims/one-short
2026-09-17T06:19:54.8298533Z === RUN   TestStorageReportBoundariesAndNoFinalityClaims/byte-limit
2026-09-17T06:19:54.8299442Z === RUN   TestStorageReportBoundariesAndNoFinalityClaims/record-limit
2026-09-17T06:19:54.8300719Z === RUN   TestStorageReportBoundariesAndNoFinalityClaims/record-warning
2026-09-17T06:19:54.8301727Z === RUN   TestStorageReportBoundariesAndNoFinalityClaims/record-before-warning
2026-09-17T06:19:54.8302788Z === RUN   TestStorageReportBoundariesAndNoFinalityClaims/one-output-slot
2026-09-17T06:19:54.8303795Z === RUN   TestStorageReportBoundariesAndNoFinalityClaims/two-output-slots
2026-09-17T06:19:54.8304716Z --- PASS: TestStorageReportBoundariesAndNoFinalityClaims (0.00s)
2026-09-17T06:19:54.8305735Z     --- PASS: TestStorageReportBoundariesAndNoFinalityClaims/normal (0.00s)
2026-09-17T06:19:54.8306911Z     --- PASS: TestStorageReportBoundariesAndNoFinalityClaims/exact-empty (0.00s)
2026-09-17T06:19:54.8308106Z     --- PASS: TestStorageReportBoundariesAndNoFinalityClaims/one-short (0.00s)
2026-09-17T06:19:54.8309375Z     --- PASS: TestStorageReportBoundariesAndNoFinalityClaims/byte-limit (0.00s)
2026-09-17T06:19:54.8310584Z     --- PASS: TestStorageReportBoundariesAndNoFinalityClaims/record-limit (0.00s)
2026-09-17T06:19:54.8311801Z     --- PASS: TestStorageReportBoundariesAndNoFinalityClaims/record-warning (0.00s)
2026-09-17T06:19:54.8313066Z     --- PASS: TestStorageReportBoundariesAndNoFinalityClaims/record-before-warning (0.00s)
2026-09-17T06:19:54.8314406Z     --- PASS: TestStorageReportBoundariesAndNoFinalityClaims/one-output-slot (0.00s)
2026-09-17T06:19:54.8315699Z     --- PASS: TestStorageReportBoundariesAndNoFinalityClaims/two-output-slots (0.00s)
2026-09-17T06:19:54.8316651Z === RUN   TestStorageReportRejectsContradictoryCounts
2026-09-17T06:19:54.8317423Z --- PASS: TestStorageReportRejectsContradictoryCounts (0.00s)
2026-09-17T06:19:54.8318280Z === RUN   TestJournalMetadataIsReadOnlyAndDetectsOrdinaryChanges
2026-09-17T06:19:54.8319216Z --- PASS: TestJournalMetadataIsReadOnlyAndDetectsOrdinaryChanges (0.00s)
2026-09-17T06:19:54.8320071Z === RUN   TestStorageMissingInvalidPathsNeverCreateData
2026-09-17T06:19:54.8321210Z --- PASS: TestStorageMissingInvalidPathsNeverCreateData (0.00s)
2026-09-17T06:19:54.8321950Z === RUN   FuzzCanonicalPublicConfiguration
2026-09-17T06:19:54.8322548Z === RUN   FuzzCanonicalPublicConfiguration/seed#0
2026-09-17T06:19:54.8323148Z === RUN   FuzzCanonicalPublicConfiguration/seed#1
2026-09-17T06:19:54.8323766Z --- PASS: FuzzCanonicalPublicConfiguration (0.00s)
2026-09-17T06:19:54.8325553Z     --- PASS: FuzzCanonicalPublicConfiguration/seed#0 (0.00s)
2026-09-17T06:19:54.8326419Z     --- PASS: FuzzCanonicalPublicConfiguration/seed#1 (0.00s)
2026-09-17T06:19:54.8327081Z === RUN   FuzzNumericLoopbackEndpoint
2026-09-17T06:19:54.8327625Z === RUN   FuzzNumericLoopbackEndpoint/seed#0
2026-09-17T06:19:54.8328208Z === RUN   FuzzNumericLoopbackEndpoint/seed#1
2026-09-17T06:19:54.8328804Z --- PASS: FuzzNumericLoopbackEndpoint (0.00s)
2026-09-17T06:19:54.8329529Z     --- PASS: FuzzNumericLoopbackEndpoint/seed#0 (0.00s)
2026-09-17T06:19:54.8330282Z     --- PASS: FuzzNumericLoopbackEndpoint/seed#1 (0.00s)
2026-09-17T06:19:54.8330902Z === RUN   FuzzStorageCheckpointInputs
2026-09-17T06:19:54.8332325Z === RUN   FuzzStorageCheckpointInputs/seed#0
2026-09-17T06:19:54.8332967Z === RUN   FuzzStorageCheckpointInputs/seed#1
2026-09-17T06:19:54.8333554Z === RUN   FuzzStorageCheckpointInputs/seed#2
2026-09-17T06:19:54.8334156Z --- PASS: FuzzStorageCheckpointInputs (0.00s)
2026-09-17T06:19:54.8334895Z     --- PASS: FuzzStorageCheckpointInputs/seed#0 (0.00s)
2026-09-17T06:19:54.8335771Z     --- PASS: FuzzStorageCheckpointInputs/seed#1 (0.00s)
2026-09-17T06:19:54.8336496Z     --- PASS: FuzzStorageCheckpointInputs/seed#2 (0.00s)
2026-09-17T06:19:54.8337083Z === RUN   FuzzStorageAccounting
2026-09-17T06:19:54.8337566Z === RUN   FuzzStorageAccounting/seed#0
2026-09-17T06:19:54.8337937Z === RUN   FuzzStorageAccounting/seed#1
2026-09-17T06:19:54.8338224Z --- PASS: FuzzStorageAccounting (0.00s)
2026-09-17T06:19:54.8338581Z     --- PASS: FuzzStorageAccounting/seed#0 (0.00s)
2026-09-17T06:19:54.8338938Z     --- PASS: FuzzStorageAccounting/seed#1 (0.00s)
2026-09-17T06:19:54.8339201Z PASS
2026-09-17T06:19:54.8339465Z ok  	github.com/youq616/Zevune/integration/cometbft/labnet	1.236s
2026-09-17T06:19:54.8339881Z === RUN   TestGenesisBindingRejectsAmbiguityAndMismatch
2026-09-17T06:19:54.8340290Z --- PASS: TestGenesisBindingRejectsAmbiguityAndMismatch (0.00s)
2026-09-17T06:19:54.8340938Z PASS
2026-09-17T06:19:54.8341282Z ok  	github.com/youq616/Zevune/integration/cometbft/poolapp	0.043s
2026-09-17T06:19:55.7790219Z ##[group]Run go vet -mod=readonly ./...
2026-09-17T06:19:55.7790626Z [36;1mgo vet -mod=readonly ./...[0m
2026-09-17T06:19:55.7806079Z shell: C:\Program Files\Git\bin\bash.EXE --noprofile --norc -e -o pipefail {0}
2026-09-17T06:19:55.7806481Z env:
2026-09-17T06:19:55.7806654Z   GOTOOLCHAIN: local
2026-09-17T06:19:55.7806868Z ##[endgroup]
2026-09-17T06:20:07.3151720Z ##[group]Run go build -mod=readonly ./cmd/zevune-devnet
2026-09-17T06:20:07.3152221Z [36;1mgo build -mod=readonly ./cmd/zevune-devnet[0m
2026-09-17T06:20:07.3168337Z shell: C:\Program Files\Git\bin\bash.EXE --noprofile --norc -e -o pipefail {0}
2026-09-17T06:20:07.3168765Z env:
2026-09-17T06:20:07.3168940Z   GOTOOLCHAIN: local
2026-09-17T06:20:07.3169144Z ##[endgroup]
2026-09-17T06:20:11.3781709Z ##[group]Run git diff --exit-code
2026-09-17T06:20:11.3782057Z [36;1mgit diff --exit-code[0m
2026-09-17T06:20:11.3799969Z shell: C:\Program Files\Git\bin\bash.EXE --noprofile --norc -e -o pipefail {0}
2026-09-17T06:20:11.3801023Z env:
2026-09-17T06:20:11.3801323Z   GOTOOLCHAIN: local
2026-09-17T06:20:11.3801667Z ##[endgroup]
2026-09-17T06:20:11.4983813Z Node 20 is being deprecated. This workflow is running with Node 24 by default. If you need to temporarily use Node 20, you can set the ACTIONS_ALLOW_USE_UNSECURE_NODE_VERSION=true environment variable. For more information see: https://github.blog/changelog/2025-09-19-deprecation-of-node-20-on-github-actions-runners/
2026-09-17T06:20:11.4985170Z Post job cleanup.
2026-09-17T06:20:11.6519172Z (node:5792) [DEP0040] DeprecationWarning: The `punycode` module is deprecated. Please use a userland alternative instead.
2026-09-17T06:20:11.6520116Z (Use `node --trace-deprecation ...` to show where the warning was created)
2026-09-17T06:20:11.7840345Z [command]C:\hostedtoolcache\windows\go\1.27.1\x64\bin\go.exe env GOMODCACHE
2026-09-17T06:20:11.7919806Z [command]C:\hostedtoolcache\windows\go\1.27.1\x64\bin\go.exe env GOCACHE
2026-09-17T06:20:11.8273361Z C:\Users\runneradmin\go\pkg\mod
2026-09-17T06:20:11.8289429Z C:\Users\runneradmin\AppData\Local\go-build
2026-09-17T06:20:11.8307899Z Cache hit occurred on the primary key setup-go-Windows-x64-go-1.27.1-ef6b0fbca0a8d0b6206b16c85f11c4a6c772908ae2660ca86a6b7ee95979c938, not saving cache.
2026-09-17T06:20:11.8646377Z Post job cleanup.
2026-09-17T06:20:12.0641775Z [command]"C:\Program Files\Git\bin\git.exe" version
2026-09-17T06:20:12.1018928Z git version 2.55.0.windows.5
2026-09-17T06:20:12.1100281Z Temporarily overriding HOME='D:\a\_temp\22ca1e9e-6c4b-4ab4-80cc-67a48d9fca0b' before making global git config changes
2026-09-17T06:20:12.1101616Z Adding repository directory to the temporary git global config as a safe directory
2026-09-17T06:20:12.1112593Z [command]"C:\Program Files\Git\bin\git.exe" config --global --add safe.directory D:\a\Zevune\Zevune
2026-09-17T06:20:12.1431036Z [command]"C:\Program Files\Git\bin\git.exe" config --local --name-only --get-regexp core\.sshCommand
2026-09-17T06:20:12.1739049Z [command]"C:\Program Files\Git\bin\git.exe" submodule foreach --recursive "sh -c \"git config --local --name-only --get-regexp 'core\.sshCommand' && git config --local --unset-all 'core.sshCommand' || :\""
2026-09-17T06:20:12.7481069Z [command]"C:\Program Files\Git\bin\git.exe" config --local --name-only --get-regexp http\.https\:\/\/github\.com\/\.extraheader
2026-09-17T06:20:12.7784193Z [command]"C:\Program Files\Git\bin\git.exe" submodule foreach --recursive "sh -c \"git config --local --name-only --get-regexp 'http\.https\:\/\/github\.com\/\.extraheader' && git config --local --unset-all 'http.https://github.com/.extraheader' || :\""
2026-09-17T06:20:13.3337364Z Cleaning up orphan processes
2026-09-17T06:20:13.3632015Z ##[warning]Node.js 20 is deprecated. The following actions target Node.js 20 but are being forced to run on Node.js 24: actions/setup-go@44694675825211faa026b3c33043df3e48a5fa00. For more information see: https://github.blog/changelog/2025-09-19-deprecation-of-node-20-on-github-actions-runners/
