2026-09-17T06:06:35.3947196Z Current runner version: '2.337.0'
2026-09-17T06:06:35.3969287Z ##[group]Runner Image Provisioner
2026-09-17T06:06:35.3970129Z Hosted Compute Agent
2026-09-17T06:06:35.3970651Z Version: 20260828.587
2026-09-17T06:06:35.3971184Z Commit: abac92662cab4cc7352de4f9f9d2e2419aad9c29
2026-09-17T06:06:35.3971790Z Build Date: 2026-08-28T16:44:25Z
2026-09-17T06:06:35.3972375Z Worker ID: {9bd6c03a-593d-4874-919e-551aca93a005}
2026-09-17T06:06:35.3972982Z Azure Region: centralus
2026-09-17T06:06:35.3973497Z ##[endgroup]
2026-09-17T06:06:35.3974603Z ##[group]Operating System
2026-09-17T06:06:35.3975136Z Microsoft Windows Server 2025
2026-09-17T06:06:35.3975866Z 10.0.26100
2026-09-17T06:06:35.3976437Z Datacenter
2026-09-17T06:06:35.3976999Z ##[endgroup]
2026-09-17T06:06:35.3977613Z ##[group]Runner Image
2026-09-17T06:06:35.3978250Z Image: windows-2025-vs2026
2026-09-17T06:06:35.3978947Z Version: 20260907.229.1
2026-09-17T06:06:35.3980764Z Included Software: https://github.com/actions/runner-images/blob/win25-vs2026/20260907.229/images/windows/Windows2025-VS2026-Readme.md
2026-09-17T06:06:35.3982812Z Image Release: https://github.com/actions/runner-images/releases/tag/win25-vs2026%2F20260907.229
2026-09-17T06:06:35.3983976Z ##[endgroup]
2026-09-17T06:06:35.3985481Z ##[group]GITHUB_TOKEN Permissions
2026-09-17T06:06:35.3988376Z Contents: read
2026-09-17T06:06:35.3989135Z Metadata: read
2026-09-17T06:06:35.3989846Z ##[endgroup]
2026-09-17T06:06:35.3992064Z Secret source: Actions
2026-09-17T06:06:35.3993142Z Cache mode: write
2026-09-17T06:06:35.3993962Z Prepare workflow directory
2026-09-17T06:06:35.4346396Z Prepare all required actions
2026-09-17T06:06:35.4392143Z Getting action download info
2026-09-17T06:06:35.6450460Z Download action repository 'actions/checkout@08c6903cd8c0fde910a37f88322edcfb5dd907a8' (SHA:08c6903cd8c0fde910a37f88322edcfb5dd907a8)
2026-09-17T06:06:35.7505364Z Download action repository 'actions/setup-go@44694675825211faa026b3c33043df3e48a5fa00' (SHA:44694675825211faa026b3c33043df3e48a5fa00)
2026-09-17T06:06:36.1453341Z Download action repository 'actions/upload-artifact@ea165f8d65b6e75b540449e92b4886f43607fa02' (SHA:ea165f8d65b6e75b540449e92b4886f43607fa02)
2026-09-17T06:06:36.4205636Z Complete job name: operator (windows-latest)
2026-09-17T06:06:36.5375289Z ##[group]Run actions/checkout@08c6903cd8c0fde910a37f88322edcfb5dd907a8
2026-09-17T06:06:36.5376976Z with:
2026-09-17T06:06:36.5377515Z   persist-credentials: false
2026-09-17T06:06:36.5378180Z   repository: youq616/Zevune
2026-09-17T06:06:36.5382343Z   token: ***
2026-09-17T06:06:36.5382837Z   ssh-strict: true
2026-09-17T06:06:36.5383421Z   ssh-user: git
2026-09-17T06:06:36.5383931Z   clean: true
2026-09-17T06:06:36.5384438Z   sparse-checkout-cone-mode: true
2026-09-17T06:06:36.5385112Z   fetch-depth: 1
2026-09-17T06:06:36.5385588Z   fetch-tags: false
2026-09-17T06:06:36.5386099Z   show-progress: true
2026-09-17T06:06:36.5386616Z   lfs: false
2026-09-17T06:06:36.5387114Z   submodules: false
2026-09-17T06:06:36.5387700Z   set-safe-directory: true
2026-09-17T06:06:36.5388509Z env:
2026-09-17T06:06:36.5389018Z   RAYON_NUM_THREADS: 2
2026-09-17T06:06:36.5389559Z   CARGO_BUILD_JOBS: 2
2026-09-17T06:06:36.5390058Z ##[endgroup]
2026-09-17T06:06:36.6702548Z Syncing repository: youq616/Zevune
2026-09-17T06:06:36.6704939Z ##[group]Getting Git version info
2026-09-17T06:06:36.6705682Z Working directory is 'D:\a\Zevune\Zevune'
2026-09-17T06:06:36.7360054Z [command]"C:\Program Files\Git\bin\git.exe" version
2026-09-17T06:06:37.0285948Z git version 2.55.0.windows.5
2026-09-17T06:06:37.0328395Z ##[endgroup]
2026-09-17T06:06:37.0347392Z Temporarily overriding HOME='D:\a\_temp\d0c39dbb-9cab-407a-a2d4-892c49eeb405' before making global git config changes
2026-09-17T06:06:37.0349979Z Adding repository directory to the temporary git global config as a safe directory
2026-09-17T06:06:37.0356910Z [command]"C:\Program Files\Git\bin\git.exe" config --global --add safe.directory D:\a\Zevune\Zevune
2026-09-17T06:06:37.0891328Z Deleting the contents of 'D:\a\Zevune\Zevune'
2026-09-17T06:06:37.0898108Z ##[group]Initializing the repository
2026-09-17T06:06:37.0905721Z [command]"C:\Program Files\Git\bin\git.exe" init D:\a\Zevune\Zevune
2026-09-17T06:06:37.1536996Z Initialized empty Git repository in D:/a/Zevune/Zevune/.git/
2026-09-17T06:06:37.1582226Z [command]"C:\Program Files\Git\bin\git.exe" remote add origin https://github.com/youq616/Zevune
2026-09-17T06:06:37.2102175Z ##[endgroup]
2026-09-17T06:06:37.2103859Z ##[group]Disabling automatic garbage collection
2026-09-17T06:06:37.2110673Z [command]"C:\Program Files\Git\bin\git.exe" config --local gc.auto 0
2026-09-17T06:06:37.2369810Z ##[endgroup]
2026-09-17T06:06:37.2371781Z ##[group]Setting up auth
2026-09-17T06:06:37.2382802Z [command]"C:\Program Files\Git\bin\git.exe" config --local --name-only --get-regexp core\.sshCommand
2026-09-17T06:06:37.2660173Z [command]"C:\Program Files\Git\bin\git.exe" submodule foreach --recursive "sh -c \"git config --local --name-only --get-regexp 'core\.sshCommand' && git config --local --unset-all 'core.sshCommand' || :\""
2026-09-17T06:06:38.5062288Z [command]"C:\Program Files\Git\bin\git.exe" config --local --name-only --get-regexp http\.https\:\/\/github\.com\/\.extraheader
2026-09-17T06:06:38.5324290Z [command]"C:\Program Files\Git\bin\git.exe" submodule foreach --recursive "sh -c \"git config --local --name-only --get-regexp 'http\.https\:\/\/github\.com\/\.extraheader' && git config --local --unset-all 'http.https://github.com/.extraheader' || :\""
2026-09-17T06:06:38.9899397Z [command]"C:\Program Files\Git\bin\git.exe" config --local http.https://github.com/.extraheader "AUTHORIZATION: basic ***"
2026-09-17T06:06:39.0172418Z ##[endgroup]
2026-09-17T06:06:39.0173457Z ##[group]Fetching the repository
2026-09-17T06:06:39.0184955Z [command]"C:\Program Files\Git\bin\git.exe" -c protocol.version=2 fetch --no-tags --prune --no-recurse-submodules --depth=1 origin +cd5fe98053ce64e1acc6796dae44ec0e822c124f:refs/remotes/origin/dev/m12-genesis-domain
2026-09-17T06:06:40.0639202Z From https://github.com/youq616/Zevune
2026-09-17T06:06:40.0640174Z  * [new ref]         cd5fe98053ce64e1acc6796dae44ec0e822c124f -> origin/dev/m12-genesis-domain
2026-09-17T06:06:40.0681640Z ##[endgroup]
2026-09-17T06:06:40.0684622Z ##[group]Determining the checkout info
2026-09-17T06:06:40.0686043Z ##[endgroup]
2026-09-17T06:06:40.0703080Z [command]"C:\Program Files\Git\bin\git.exe" sparse-checkout disable
2026-09-17T06:06:40.1136265Z [command]"C:\Program Files\Git\bin\git.exe" config --local --unset-all extensions.worktreeConfig
2026-09-17T06:06:40.1396400Z ##[group]Checking out the ref
2026-09-17T06:06:40.1408644Z [command]"C:\Program Files\Git\bin\git.exe" checkout --progress --force -B dev/m12-genesis-domain refs/remotes/origin/dev/m12-genesis-domain
2026-09-17T06:06:40.2413555Z Switched to a new branch 'dev/m12-genesis-domain'
2026-09-17T06:06:40.2463920Z branch 'dev/m12-genesis-domain' set up to track 'origin/dev/m12-genesis-domain'.
2026-09-17T06:06:40.2509547Z ##[endgroup]
2026-09-17T06:06:40.2833376Z [command]"C:\Program Files\Git\bin\git.exe" log -1 --format=%H
2026-09-17T06:06:40.3062162Z cd5fe98053ce64e1acc6796dae44ec0e822c124f
2026-09-17T06:06:40.3098938Z ##[group]Removing auth
2026-09-17T06:06:40.3106918Z [command]"C:\Program Files\Git\bin\git.exe" config --local --name-only --get-regexp core\.sshCommand
2026-09-17T06:06:40.3356881Z [command]"C:\Program Files\Git\bin\git.exe" submodule foreach --recursive "sh -c \"git config --local --name-only --get-regexp 'core\.sshCommand' && git config --local --unset-all 'core.sshCommand' || :\""
2026-09-17T06:06:40.8419333Z [command]"C:\Program Files\Git\bin\git.exe" config --local --name-only --get-regexp http\.https\:\/\/github\.com\/\.extraheader
2026-09-17T06:06:40.8646784Z http.https://github.com/.extraheader
2026-09-17T06:06:40.8684492Z [command]"C:\Program Files\Git\bin\git.exe" config --local --unset-all http.https://github.com/.extraheader
2026-09-17T06:06:40.8944876Z [command]"C:\Program Files\Git\bin\git.exe" submodule foreach --recursive "sh -c \"git config --local --name-only --get-regexp 'http\.https\:\/\/github\.com\/\.extraheader' && git config --local --unset-all 'http.https://github.com/.extraheader' || :\""
2026-09-17T06:06:41.3483694Z ##[endgroup]
2026-09-17T06:06:41.3871333Z Node 20 is being deprecated. This workflow is running with Node 24 by default. If you need to temporarily use Node 20, you can set the ACTIONS_ALLOW_USE_UNSECURE_NODE_VERSION=true environment variable. For more information see: https://github.blog/changelog/2025-09-19-deprecation-of-node-20-on-github-actions-runners/
2026-09-17T06:06:41.3873127Z ##[group]Run actions/setup-go@44694675825211faa026b3c33043df3e48a5fa00
2026-09-17T06:06:41.3873590Z with:
2026-09-17T06:06:41.3873868Z   go-version: 1.27.1
2026-09-17T06:06:41.3874201Z   cache-dependency-path: integration/cometbft/go.sum
2026-09-17T06:06:41.3874629Z   check-latest: false
2026-09-17T06:06:41.3877015Z   token: ***
2026-09-17T06:06:41.3877295Z   cache: true
2026-09-17T06:06:41.3877570Z env:
2026-09-17T06:06:41.3877811Z   RAYON_NUM_THREADS: 2
2026-09-17T06:06:41.3878098Z   CARGO_BUILD_JOBS: 2
2026-09-17T06:06:41.3878390Z ##[endgroup]
2026-09-17T06:06:41.5304598Z Setup go version spec 1.27.1
2026-09-17T06:06:41.5316014Z Attempting to download 1.27.1...
2026-09-17T06:06:41.5481241Z (node:6660) [DEP0040] DeprecationWarning: The `punycode` module is deprecated. Please use a userland alternative instead.
2026-09-17T06:06:41.5482014Z (Use `node --trace-deprecation ...` to show where the warning was created)
2026-09-17T06:06:42.1749594Z matching 1.27.1...
2026-09-17T06:06:42.1772596Z Acquiring 1.27.1 from https://github.com/actions/go-versions/releases/download/1.27.1-33583469715/go-1.27.1-win32-x64.zip
2026-09-17T06:06:42.9247394Z Extracting Go...
2026-09-17T06:06:43.0010546Z [command]"C:\Program Files\PowerShell\7\pwsh.exe" -NoLogo -NoProfile -NonInteractive -ExecutionPolicy Unrestricted -Command "$ErrorActionPreference = 'Stop' ; try { Add-Type -AssemblyName System.IO.Compression.ZipFile } catch { } ; try { [System.IO.Compression.ZipFile]::ExtractToDirectory('D:\a\_temp\go-1.27.1-win32-x64.zip', 'D:\a\_temp\5af845fb-6b95-4207-88b7-8fb49aef55f9', $true) } catch { if (($_.Exception.GetType().FullName -eq 'System.Management.Automation.MethodException') -or ($_.Exception.GetType().FullName -eq 'System.Management.Automation.RuntimeException') ){ Expand-Archive -LiteralPath 'D:\a\_temp\go-1.27.1-win32-x64.zip' -DestinationPath 'D:\a\_temp\5af845fb-6b95-4207-88b7-8fb49aef55f9' -Force } else { throw $_ } } ;"
2026-09-17T06:06:46.5267515Z Successfully extracted go to D:\a\_temp\5af845fb-6b95-4207-88b7-8fb49aef55f9
2026-09-17T06:06:46.5268087Z Adding to the cache ...
2026-09-17T06:06:56.1028539Z Created link C:\hostedtoolcache\windows\go\1.27.1\x64 => D:\hostedtoolcache\windows\go\1.27.1\x64
2026-09-17T06:06:56.1031962Z Created link C:\hostedtoolcache\windows\go\1.27.1\x64.complete => D:\hostedtoolcache\windows\go\1.27.1\x64.complete
2026-09-17T06:06:56.1033489Z Successfully cached go to C:\hostedtoolcache\windows\go\1.27.1\x64
2026-09-17T06:06:56.1039332Z Added go to the path
2026-09-17T06:06:56.1041756Z Successfully set up Go version 1.27.1
2026-09-17T06:06:56.4136760Z [command]C:\hostedtoolcache\windows\go\1.27.1\x64\bin\go.exe env GOCACHE
2026-09-17T06:06:56.4183436Z [command]C:\hostedtoolcache\windows\go\1.27.1\x64\bin\go.exe env GOMODCACHE
2026-09-17T06:06:56.4392928Z C:\Users\runneradmin\AppData\Local\go-build
2026-09-17T06:06:56.4418402Z C:\Users\runneradmin\go\pkg\mod
2026-09-17T06:06:56.6541234Z Cache hit for: setup-go-Windows-x64-go-1.27.1-ef6b0fbca0a8d0b6206b16c85f11c4a6c772908ae2660ca86a6b7ee95979c938
2026-09-17T06:06:56.6650622Z (node:6660) [DEP0169] DeprecationWarning: `url.parse()` behavior is not standardized and prone to errors that have security implications. Use the WHATWG URL API instead. CVEs are not issued for `url.parse()` vulnerabilities.
2026-09-17T06:06:58.2384067Z Received 134217728 of 429434914 (31.3%), 90.0 MBs/sec
2026-09-17T06:06:59.3377265Z Received 268435456 of 429434914 (62.5%), 101.5 MBs/sec
2026-09-17T06:07:00.4292489Z Received 402653184 of 429434914 (93.8%), 106.3 MBs/sec
2026-09-17T06:07:00.6340005Z Received 429434914 of 429434914 (100.0%), 107.2 MBs/sec
2026-09-17T06:07:00.6348120Z Cache Size: ~410 MB (429434914 B)
2026-09-17T06:07:00.6414478Z [command]"C:\Program Files\Git\usr\bin\tar.exe" -xf D:/a/_temp/727dc435-1774-4839-97d3-aefcc76bef1f/cache.tzst -P -C D:/a/Zevune/Zevune --force-local --use-compress-program "zstd -d"
2026-09-17T06:07:26.9621341Z Cache restored successfully
2026-09-17T06:07:27.0004163Z Cache restored from key: setup-go-Windows-x64-go-1.27.1-ef6b0fbca0a8d0b6206b16c85f11c4a6c772908ae2660ca86a6b7ee95979c938
2026-09-17T06:07:27.0026014Z go version go1.27.1 windows/amd64
2026-09-17T06:07:27.0026224Z 
2026-09-17T06:07:27.0026732Z ##[group]go env
2026-09-17T06:07:27.2396707Z set AR=ar
2026-09-17T06:07:27.2397074Z set CC=gcc
2026-09-17T06:07:27.2397442Z set CGO_CFLAGS=-O2 -g
2026-09-17T06:07:27.2397900Z set CGO_CPPFLAGS=
2026-09-17T06:07:27.2398186Z set CGO_CXXFLAGS=-O2 -g
2026-09-17T06:07:27.2398601Z set CGO_ENABLED=1
2026-09-17T06:07:27.2398969Z set CGO_FFLAGS=-O2 -g
2026-09-17T06:07:27.2399243Z set CGO_LDFLAGS=-O2 -g
2026-09-17T06:07:27.2399537Z set CXX=g++
2026-09-17T06:07:27.2399815Z set GCCGO=gccgo
2026-09-17T06:07:27.2400089Z set GO111MODULE=
2026-09-17T06:07:27.2400348Z set GOAMD64=v1
2026-09-17T06:07:27.2400595Z set GOARCH=amd64
2026-09-17T06:07:27.2400871Z set GOAUTH=netrc
2026-09-17T06:07:27.2401186Z set GOBIN=C:\Users\runneradmin\go\bin
2026-09-17T06:07:27.2401592Z set GOCACHE=C:\Users\runneradmin\AppData\Local\go-build
2026-09-17T06:07:27.2401955Z set GOCACHEPROG=
2026-09-17T06:07:27.2402199Z set GODEBUG=
2026-09-17T06:07:27.2402557Z set GOENV=C:\Users\runneradmin\AppData\Roaming\go\env
2026-09-17T06:07:27.2402882Z set GOEXE=.exe
2026-09-17T06:07:27.2403159Z set GOEXPERIMENT=
2026-09-17T06:07:27.2403425Z set GOFIPS140=off
2026-09-17T06:07:27.2403709Z set GOFLAGS=
2026-09-17T06:07:27.2404434Z set GOGCCFLAGS=-m64 -pthread -Wl,--no-gc-sections -fmessage-length=0 -ffile-prefix-map=C:\Users\RUNNER~1\AppData\Local\Temp\go-build1363454568=/tmp/go-build -gno-record-gcc-switches
2026-09-17T06:07:27.2405125Z set GOHOSTARCH=amd64
2026-09-17T06:07:27.2405468Z set GOHOSTOS=windows
2026-09-17T06:07:27.2405735Z set GOINSECURE=
2026-09-17T06:07:27.2406059Z set GOMOD=D:\a\Zevune\Zevune\go.mod
2026-09-17T06:07:27.2406408Z set GOMODCACHE=C:\Users\runneradmin\go\pkg\mod
2026-09-17T06:07:27.2406767Z set GONOPROXY=
2026-09-17T06:07:27.2407028Z set GONOSUMDB=
2026-09-17T06:07:27.2407266Z set GOOS=windows
2026-09-17T06:07:27.2407532Z set GOPACKAGESDRIVER=
2026-09-17T06:07:27.2407885Z set GOPATH=C:\Users\runneradmin\go
2026-09-17T06:07:27.2408223Z set GOPRIVATE=
2026-09-17T06:07:27.2408554Z set GOPROXY=https://proxy.golang.org,direct
2026-09-17T06:07:27.2408927Z set GOROOT=C:\hostedtoolcache\windows\go\1.27.1\x64
2026-09-17T06:07:27.2409326Z set GOSUMDB=sum.golang.org
2026-09-17T06:07:27.2409630Z set GOTELEMETRY=local
2026-09-17T06:07:27.2409983Z set GOTELEMETRYDIR=C:\Users\runneradmin\AppData\Roaming\go\telemetry
2026-09-17T06:07:27.2410403Z set GOTMPDIR=
2026-09-17T06:07:27.2410678Z set GOTOOLCHAIN=local
2026-09-17T06:07:27.2411208Z set GOTOOLDIR=C:\hostedtoolcache\windows\go\1.27.1\x64\pkg\tool\windows_amd64
2026-09-17T06:07:27.2411830Z set GOVCS=
2026-09-17T06:07:27.2412102Z set GOVERSION=go1.27.1
2026-09-17T06:07:27.2412424Z set GOWORK=
2026-09-17T06:07:27.2412675Z set PKG_CONFIG=pkg-config
2026-09-17T06:07:27.2412896Z 
2026-09-17T06:07:27.2413291Z ##[endgroup]
2026-09-17T06:07:27.2703699Z ##[group]Run rustup toolchain install 1.98.1 --profile minimal --component rustfmt --component clippy
2026-09-17T06:07:27.2704634Z [36;1mrustup toolchain install 1.98.1 --profile minimal --component rustfmt --component clippy[0m
2026-09-17T06:07:27.2723250Z shell: C:\Program Files\Git\bin\bash.EXE --noprofile --norc -e -o pipefail {0}
2026-09-17T06:07:27.2723696Z env:
2026-09-17T06:07:27.2724174Z   RAYON_NUM_THREADS: 2
2026-09-17T06:07:27.2724470Z   CARGO_BUILD_JOBS: 2
2026-09-17T06:07:27.2724767Z   GOTOOLCHAIN: local
2026-09-17T06:07:27.2725052Z ##[endgroup]
2026-09-17T06:07:28.1566830Z info: syncing channel updates for 1.98.1-x86_64-pc-windows-msvc
2026-09-17T06:07:28.6944586Z info: latest update on 2026-09-03 for version 1.98.1 (48a229cea 2026-09-01)
2026-09-17T06:07:28.7055834Z info: downloading 5 components
2026-09-17T06:07:36.7546348Z 
2026-09-17T06:07:36.7837728Z   1.98.1-x86_64-pc-windows-msvc installed - rustc 1.98.1 (48a229cea 2026-09-01)
2026-09-17T06:07:36.7838539Z 
2026-09-17T06:07:36.8065703Z ##[group]Run test -z "$(gofmt -l integration/cometbft/labnet integration/cometbft/cmd/zevune-network)"
2026-09-17T06:07:36.8066595Z [36;1mtest -z "$(gofmt -l integration/cometbft/labnet integration/cometbft/cmd/zevune-network)"[0m
2026-09-17T06:07:36.8067163Z [36;1mpython -m unittest discover -s scripts/tests -v[0m
2026-09-17T06:07:36.8067532Z [36;1mcd integration/orchard[0m
2026-09-17T06:07:36.8067916Z [36;1mcargo fmt --all -- --check[0m
2026-09-17T06:07:36.8068360Z [36;1mcargo build --locked --release --features local-funding-lab --bins[0m
2026-09-17T06:07:36.8068784Z [36;1mgit diff --exit-code[0m
2026-09-17T06:07:36.8079468Z shell: C:\Program Files\Git\bin\bash.EXE --noprofile --norc -e -o pipefail {0}
2026-09-17T06:07:36.8079921Z env:
2026-09-17T06:07:36.8080222Z   RAYON_NUM_THREADS: 2
2026-09-17T06:07:36.8080511Z   CARGO_BUILD_JOBS: 2
2026-09-17T06:07:36.8080788Z   GOTOOLCHAIN: local
2026-09-17T06:07:36.8081038Z ##[endgroup]
2026-09-17T06:07:38.6169966Z test_duplicate_archive_path_rejected (test_crate_notices.CrateNoticeTests.test_duplicate_archive_path_rejected) ... ok
2026-09-17T06:07:38.6505237Z test_inventory_is_create_only (test_crate_notices.CrateNoticeTests.test_inventory_is_create_only) ... ok
2026-09-17T06:07:38.6513506Z test_lock_rejects_path_identities_and_duplicates (test_crate_notices.CrateNoticeTests.test_lock_rejects_path_identities_and_duplicates) ... ok
2026-09-17T06:07:38.6520728Z test_member_and_expanded_byte_limits (test_crate_notices.CrateNoticeTests.test_member_and_expanded_byte_limits) ... ok
2026-09-17T06:07:38.6734877Z test_missing_notices_is_not_distribution_approval (test_crate_notices.CrateNoticeTests.test_missing_notices_is_not_distribution_approval) ... ok
2026-09-17T06:07:38.6743143Z test_pinned_archive_collects_notices_not_source (test_crate_notices.CrateNoticeTests.test_pinned_archive_collects_notices_not_source) ... ok
2026-09-17T06:07:38.6745478Z test_registry_checksum_required_and_workspace_separate (test_crate_notices.CrateNoticeTests.test_registry_checksum_required_and_workspace_separate) ... ok
2026-09-17T06:07:38.6754867Z test_traversal_foreign_root_and_symlink_rejected (test_crate_notices.CrateNoticeTests.test_traversal_foreign_root_and_symlink_rejected) ... ok
2026-09-17T06:07:38.6759140Z test_wrong_archive_checksum_fails_before_parsing (test_crate_notices.CrateNoticeTests.test_wrong_archive_checksum_fails_before_parsing) ... ok
2026-09-17T06:07:38.6768838Z test_command_failure_stops_cohort_and_never_reports_completion (test_funded_rust.FundedRustPlanTests.test_command_failure_stops_cohort_and_never_reports_completion) ... ok
2026-09-17T06:07:38.6775976Z test_commands_keep_flags_and_never_filter_test_names (test_funded_rust.FundedRustPlanTests.test_commands_keep_flags_and_never_filter_test_names) ... ok
2026-09-17T06:07:38.6781617Z test_empty_or_incomplete_inventory_fails (test_funded_rust.FundedRustPlanTests.test_empty_or_incomplete_inventory_fails) ... ok
2026-09-17T06:07:38.6784512Z test_future_binary_and_integration_targets_join_automatically (test_funded_rust.FundedRustPlanTests.test_future_binary_and_integration_targets_join_automatically) ... ok
2026-09-17T06:07:38.6795840Z test_invalid_names_and_duplicate_targets_fail (test_funded_rust.FundedRustPlanTests.test_invalid_names_and_duplicate_targets_fail) ... ok
2026-09-17T06:07:38.6801224Z test_metadata_failure_is_a_nonzero_exit (test_funded_rust.FundedRustPlanTests.test_metadata_failure_is_a_nonzero_exit) ... ok
2026-09-17T06:07:38.6808998Z test_plan_only_is_not_a_test_execution (test_funded_rust.FundedRustPlanTests.test_plan_only_is_not_a_test_execution) ... ok
2026-09-17T06:07:38.6813915Z test_reordering_metadata_does_not_change_plan (test_funded_rust.FundedRustPlanTests.test_reordering_metadata_does_not_change_plan) ... ok
2026-09-17T06:07:38.6817369Z test_target_union_is_complete_and_disjoint (test_funded_rust.FundedRustPlanTests.test_target_union_is_complete_and_disjoint) ... ok
2026-09-17T06:07:38.6819699Z test_unknown_cohort_or_schema_fails (test_funded_rust.FundedRustPlanTests.test_unknown_cohort_or_schema_fails) ... ok
2026-09-17T06:07:38.6837376Z test_unknown_or_disabled_targets_are_not_silently_omitted (test_funded_rust.FundedRustPlanTests.test_unknown_or_disabled_targets_are_not_silently_omitted) ... ok
2026-09-17T06:07:38.6844961Z test_unselected_features_fail (test_funded_rust.FundedRustPlanTests.test_unselected_features_fail) ... ok
2026-09-17T06:07:38.6855549Z test_wrong_workspace_identity_fails (test_funded_rust.FundedRustPlanTests.test_wrong_workspace_identity_fails) ... ok
2026-09-17T06:07:38.6868326Z test_directory_is_not_packaged (test_local_bundle.BundleManifestTests.test_directory_is_not_packaged) ... ok
2026-09-17T06:07:38.6886920Z test_manifest_hashes_only_explicit_regular_files (test_local_bundle.BundleManifestTests.test_manifest_hashes_only_explicit_regular_files) ... ok
2026-09-17T06:07:38.7101663Z test_signer_material_is_ignored_without_creating_secret_files (test_local_bundle.BundleManifestTests.test_signer_material_is_ignored_without_creating_secret_files) ... ok
2026-09-17T06:07:38.7104660Z test_memory_requires_exact_kib_fields_and_positive_consistent_values (test_payment_resources.LinuxParserTests.test_memory_requires_exact_kib_fields_and_positive_consistent_values) ... ok
2026-09-17T06:07:38.7105934Z test_proc_pinned_identity_rechecks_both_sides_of_memory_read (test_payment_resources.LinuxParserTests.test_proc_pinned_identity_rechecks_both_sides_of_memory_read) ... skipped 'Linux proc descriptor semantics'
2026-09-17T06:07:38.7107265Z test_proc_stat_parentheses_identity_and_creation (test_payment_resources.LinuxParserTests.test_proc_stat_parentheses_identity_and_creation) ... ok
2026-09-17T06:07:38.7395602Z test_direct_child_parent_identity_exit_and_current_rss (test_payment_resources.NativeMemoryTests.test_direct_child_parent_identity_exit_and_current_rss) ... ok
2026-09-17T06:07:38.7416335Z test_live_self_sample_uses_real_os_counters (test_payment_resources.NativeMemoryTests.test_live_self_sample_uses_real_os_counters) ... ok
2026-09-17T06:07:38.7418977Z test_unsupported_platform_is_failure_not_skip_or_zero (test_payment_resources.NativeMemoryTests.test_unsupported_platform_is_failure_not_skip_or_zero) ... ok
2026-09-17T06:07:38.7882588Z test_budget_failure_preserves_valid_sample_and_sends_negative_ack (test_payment_resources.PersistenceAndCollectorTests.test_budget_failure_preserves_valid_sample_and_sends_negative_ack) ... ok
2026-09-17T06:07:38.8058452Z test_collector_initialization_failure_reaps_started_coordinator (test_payment_resources.PersistenceAndCollectorTests.test_collector_initialization_failure_reaps_started_coordinator) ... ok
2026-09-17T06:07:39.5251516Z test_complete_evidence_requires_all_children_stopped_and_immutable_files (test_payment_resources.PersistenceAndCollectorTests.test_complete_evidence_requires_all_children_stopped_and_immutable_files) ... ok
2026-09-17T06:07:39.5372552Z test_evidence_reservation_never_overwrites_user_file (test_payment_resources.PersistenceAndCollectorTests.test_evidence_reservation_never_overwrites_user_file) ... ok
2026-09-17T06:07:39.5491965Z test_metadata_failure_still_saves_start_and_failure_without_exception_text (test_payment_resources.PersistenceAndCollectorTests.test_metadata_failure_still_saves_start_and_failure_without_exception_text) ... ok
2026-09-17T06:07:39.5894596Z test_pid_change_parent_failure_and_missing_metric_cannot_be_success (test_payment_resources.PersistenceAndCollectorTests.test_pid_change_parent_failure_and_missing_metric_cannot_be_success) ... ok
2026-09-17T06:07:40.0232782Z test_progress_failure_keeps_confirmed_count_and_uncertain_commit (test_payment_resources.PersistenceAndCollectorTests.test_progress_failure_keeps_confirmed_count_and_uncertain_commit) ... ok
2026-09-17T06:07:40.0300385Z test_final_result_does_not_accept_empty_tests_missing_checks_or_edited_timings (test_payment_resources.ProgressAndResultTests.test_final_result_does_not_accept_empty_tests_missing_checks_or_edited_timings) ... ok
2026-09-17T06:07:40.0322401Z test_full_operation_sequence_is_paired_and_final_result_matches (test_payment_resources.ProgressAndResultTests.test_full_operation_sequence_is_paired_and_final_result_matches) ... ok
2026-09-17T06:07:40.0331273Z test_progress_completion_must_match_operation_payment_and_commit_count (test_payment_resources.ProgressAndResultTests.test_progress_completion_must_match_operation_payment_and_commit_count) ... ok
2026-09-17T06:07:40.0340089Z test_unfinished_operation_has_no_fabricated_duration (test_payment_resources.ProgressAndResultTests.test_unfinished_operation_has_no_fabricated_duration) ... ok
2026-09-17T06:07:40.0345331Z test_all_nine_exact_checkpoints_and_pending_wallet_record (test_payment_resources.ResourceSchemaTests.test_all_nine_exact_checkpoints_and_pending_wallet_record) ... ok
2026-09-17T06:07:40.0346698Z test_budget_keeps_valid_over_budget_measurement (test_payment_resources.ResourceSchemaTests.test_budget_keeps_valid_over_budget_measurement) ... ok
2026-09-17T06:07:40.0348314Z test_json_duplicates_nonfinite_scalars_and_oversize_rejected (test_payment_resources.ResourceSchemaTests.test_json_duplicates_nonfinite_scalars_and_oversize_rejected) ... ok
2026-09-17T06:07:40.0349480Z test_unknown_and_missing_fields_cannot_enter_evidence (test_payment_resources.ResourceSchemaTests.test_unknown_and_missing_fields_cannot_enter_evidence) ... ok
2026-09-17T06:07:40.0350780Z test_unsigned_numbers_reject_booleans_floats_and_out_of_bounds (test_payment_resources.ResourceSchemaTests.test_unsigned_numbers_reject_booleans_floats_and_out_of_bounds) ... ok
2026-09-17T06:07:40.0352002Z test_wallet_and_capacity_counts_are_checked_not_just_types (test_payment_resources.ResourceSchemaTests.test_wallet_and_capacity_counts_are_checked_not_just_types) ... ok
2026-09-17T06:07:40.0353806Z test_wrong_phase_height_generation_or_pid_cannot_claim_checkpoint (test_payment_resources.ResourceSchemaTests.test_wrong_phase_height_generation_or_pid_cannot_claim_checkpoint) ... ok
2026-09-17T06:07:40.4697226Z test_bad_order_is_rejected_before_copying_it_over_a_valid_prefix (test_payment_resources_evidence.EvidenceCollectorBoundaryTests.test_bad_order_is_rejected_before_copying_it_over_a_valid_prefix) ... ok
2026-09-17T06:07:40.4704205Z test_cleanup_does_not_restart_its_existing_deadline (test_payment_resources_evidence.EvidenceCollectorBoundaryTests.test_cleanup_does_not_restart_its_existing_deadline) ... ok
2026-09-17T06:07:40.9622860Z test_commit_completion_changes_confirmed_count_without_inventing_apply_success (test_payment_resources_evidence.EvidenceCollectorBoundaryTests.test_commit_completion_changes_confirmed_count_without_inventing_apply_success) ... ok
2026-09-17T06:07:41.5764364Z test_complete_checkpoints_without_result_file_are_still_failure (test_payment_resources_evidence.EvidenceCollectorBoundaryTests.test_complete_checkpoints_without_result_file_are_still_failure) ... ok
2026-09-17T06:07:42.2126188Z test_numeric_measurement_complete_cannot_stand_in_for_true (test_payment_resources_evidence.EvidenceCollectorBoundaryTests.test_numeric_measurement_complete_cannot_stand_in_for_true) ... ok
2026-09-17T06:07:42.2286844Z test_report_save_failure_does_not_acknowledge_success (test_payment_resources_evidence.EvidenceCollectorBoundaryTests.test_report_save_failure_does_not_acknowledge_success) ... ok
2026-09-17T06:07:42.2669721Z test_same_height_recovery_cannot_change_capacity (test_payment_resources_evidence.EvidenceCollectorBoundaryTests.test_same_height_recovery_cannot_change_capacity) ... ok
2026-09-17T06:07:42.2968463Z test_second_role_over_budget_retains_both_samples_in_real_report (test_payment_resources_evidence.EvidenceCollectorBoundaryTests.test_second_role_over_budget_retains_both_samples_in_real_report) ... ok
2026-09-17T06:07:42.3085105Z test_unvalidated_fields_never_enter_failure_report_or_ack (test_payment_resources_evidence.EvidenceCollectorBoundaryTests.test_unvalidated_fields_never_enter_failure_report_or_ack) ... ok
2026-09-17T06:07:42.3315224Z test_zero_exit_without_checkpoints_is_not_successful_acceptance (test_payment_resources_evidence.EvidenceCollectorBoundaryTests.test_zero_exit_without_checkpoints_is_not_successful_acceptance) ... ok
2026-09-17T06:07:42.3543250Z test_close_disk_check_and_outbox_boundaries_cannot_move (test_payment_resources_evidence.EvidenceCompletenessTests.test_close_disk_check_and_outbox_boundaries_cannot_move) ... ok
2026-09-17T06:07:42.3614158Z test_every_one_of_nine_checkpoints_is_required (test_payment_resources_evidence.EvidenceCompletenessTests.test_every_one_of_nine_checkpoints_is_required) ... ok
2026-09-17T06:07:42.3631888Z test_fixture_has_exact_fixed_go_operation_contract (test_payment_resources_evidence.EvidenceCompletenessTests.test_fixture_has_exact_fixed_go_operation_contract) ... ok
2026-09-17T06:07:42.3849875Z test_missing_or_repeated_recovery_pair_cannot_claim_complete_recovery (test_payment_resources_evidence.EvidenceCompletenessTests.test_missing_or_repeated_recovery_pair_cannot_claim_complete_recovery) ... ok
2026-09-17T06:07:42.3853932Z test_recovery_cannot_be_recorded_at_a_different_committed_height (test_payment_resources_evidence.EvidenceCompletenessTests.test_recovery_cannot_be_recorded_at_a_different_committed_height) ... ok
2026-09-17T06:07:42.3973992Z test_removing_whole_core_pair_cannot_be_hidden_by_matching_timings (test_payment_resources_evidence.EvidenceCompletenessTests.test_removing_whole_core_pair_cannot_be_hidden_by_matching_timings) ... ok
2026-09-17T06:07:42.4000748Z test_reordering_complete_core_pairs_is_not_a_valid_timing_result (test_payment_resources_evidence.EvidenceCompletenessTests.test_reordering_complete_core_pairs_is_not_a_valid_timing_result) ... ok
2026-09-17T06:07:42.4039521Z test_review_c1_wallet_recovery_after_new_payment_and_outbox_is_rejected (test_payment_resources_evidence.EvidenceCompletenessTests.test_review_c1_wallet_recovery_after_new_payment_and_outbox_is_rejected) ... ok
2026-09-17T06:07:42.4064626Z test_review_c1_worker_reopen_before_scenario_start_is_rejected (test_payment_resources_evidence.EvidenceCompletenessTests.test_review_c1_worker_reopen_before_scenario_start_is_rejected) ... ok
2026-09-17T06:07:42.4458381Z test_valid_partial_recovery_prefixes_remain_incomplete_without_fake_duration (test_payment_resources_evidence.EvidenceCompletenessTests.test_valid_partial_recovery_prefixes_remain_incomplete_without_fake_duration) ... ok
2026-09-17T06:07:42.4548003Z test_all_io_stages_produce_only_bounded_public_diagnostics (test_payment_resources_windows.PublicReadDiagnosticTests.test_all_io_stages_produce_only_bounded_public_diagnostics) ... ok
2026-09-17T06:07:42.4551135Z test_known_protocol_positions_and_os_codes_survive_without_private_context (test_payment_resources_windows.PublicReadDiagnosticTests.test_known_protocol_positions_and_os_codes_survive_without_private_context) ... ok
2026-09-17T06:07:42.4564324Z test_read_error_is_preserved_when_closing_the_same_stream_also_fails (test_payment_resources_windows.PublicReadDiagnosticTests.test_read_error_is_preserved_when_closing_the_same_stream_also_fails) ... ok
2026-09-17T06:07:42.4568756Z test_unknown_names_and_invalid_diagnostic_scalars_are_not_serialized (test_payment_resources_windows.PublicReadDiagnosticTests.test_unknown_names_and_invalid_diagnostic_scalars_are_not_serialized) ... ok
2026-09-17T06:07:42.4572896Z test_failed_crt_handle_transfer_closes_only_the_owned_windows_handle (test_payment_resources_windows.WindowsHandleOwnershipTests.test_failed_crt_handle_transfer_closes_only_the_owned_windows_handle) ... ok
2026-09-17T06:07:42.4579228Z test_failed_stream_creation_closes_crt_descriptor_not_raw_handle_twice (test_payment_resources_windows.WindowsHandleOwnershipTests.test_failed_stream_creation_closes_crt_descriptor_not_raw_handle_twice) ... ok
2026-09-17T06:07:42.4593290Z test_delete_holder_blocks_legacy_open_but_shared_reader_preserves_exact_json (test_payment_resources_windows.WindowsSharedProtocolTests.test_delete_holder_blocks_legacy_open_but_shared_reader_preserves_exact_json) ... ok
2026-09-17T06:07:42.4677253Z test_delete_sharing_does_not_disable_post_read_size_check (test_payment_resources_windows.WindowsSharedProtocolTests.test_delete_sharing_does_not_disable_post_read_size_check) ... ok
2026-09-17T06:07:42.4698074Z test_delete_sharing_does_not_disable_replacement_identity_check (test_payment_resources_windows.WindowsSharedProtocolTests.test_delete_sharing_does_not_disable_replacement_identity_check) ... ok
2026-09-17T06:07:42.4699242Z test_broken_clock_is_unknown_not_zero_duration (test_prepare_timing.PrepareTimingTests.test_broken_clock_is_unknown_not_zero_duration) ... ok
2026-09-17T06:07:42.4700282Z test_exact_stages_allow_only_submicrosecond_rounding (test_prepare_timing.PrepareTimingTests.test_exact_stages_allow_only_submicrosecond_rounding) ... ok
2026-09-17T06:07:42.4702391Z test_integer_types_bounds_and_missing_stages_fail (test_prepare_timing.PrepareTimingTests.test_integer_types_bounds_and_missing_stages_fail) ... ok
2026-09-17T06:07:42.4703990Z test_wrong_scope_or_unknown_fields_cannot_claim_finality (test_prepare_timing.PrepareTimingTests.test_wrong_scope_or_unknown_fields_cannot_claim_finality) ... ok
2026-09-17T06:07:42.4705044Z test_declared_wire_and_manifest_resource_bounds (test_protocol_vectors.ProtocolTranscriptVectors.test_declared_wire_and_manifest_resource_bounds) ... ok
2026-09-17T06:07:42.4708434Z test_legacy_and_genesis_bound_reference_vectors (test_protocol_vectors.ProtocolTranscriptVectors.test_legacy_and_genesis_bound_reference_vectors) ... ok
2026-09-17T06:07:42.7172846Z test_create_only (test_source_snapshot.SourceSnapshotTests.test_create_only) ... ok
2026-09-17T06:07:42.9570660Z test_excludes_untracked_ignored_and_modified_working_copy (test_source_snapshot.SourceSnapshotTests.test_excludes_untracked_ignored_and_modified_working_copy) ... ok
2026-09-17T06:07:43.2016302Z test_file_count_and_size_are_checked_before_blob_fetch (test_source_snapshot.SourceSnapshotTests.test_file_count_and_size_are_checked_before_blob_fetch) ... ok
2026-09-17T06:07:43.4145665Z test_modified_batch_payload_fails_identity_check (test_source_snapshot.SourceSnapshotTests.test_modified_batch_payload_fails_identity_check) ... ok
2026-09-17T06:07:43.7256738Z test_no_checkout_eol_filter_changes (test_source_snapshot.SourceSnapshotTests.test_no_checkout_eol_filter_changes) ... ok
2026-09-17T06:07:43.8931245Z test_non_oid_and_option_inputs_rejected (test_source_snapshot.SourceSnapshotTests.test_non_oid_and_option_inputs_rejected) ... ok
2026-09-17T06:07:44.1766868Z test_tracked_link_refused_without_following_it (test_source_snapshot.SourceSnapshotTests.test_tracked_link_refused_without_following_it) ... ok
2026-09-17T06:07:44.4612917Z test_uses_captured_commit_not_moving_head (test_source_snapshot.SourceSnapshotTests.test_uses_captured_commit_not_moving_head) ... ok
2026-09-17T06:07:44.5245496Z test_cli_failure_is_redacted_and_returns_nonzero (test_verify_local_lab.BundleVerificationTests.test_cli_failure_is_redacted_and_returns_nonzero) ... ok
2026-09-17T06:07:44.5332518Z test_directory_cannot_substitute_for_executable (test_verify_local_lab.BundleVerificationTests.test_directory_cannot_substitute_for_executable) ... ok
2026-09-17T06:07:44.5412017Z test_duplicate_json_fields_rejected_even_with_matching_pin (test_verify_local_lab.BundleVerificationTests.test_duplicate_json_fields_rejected_even_with_matching_pin) ... ok
2026-09-17T06:07:44.5618937Z test_each_modified_payload_is_rejected (test_verify_local_lab.BundleVerificationTests.test_each_modified_payload_is_rejected) ... ok
2026-09-17T06:07:44.5699504Z test_file_size_change_is_rejected (test_verify_local_lab.BundleVerificationTests.test_file_size_change_is_rejected) ... ok
2026-09-17T06:07:44.5804562Z test_invalid_sizes_and_hashes_are_rejected (test_verify_local_lab.BundleVerificationTests.test_invalid_sizes_and_hashes_are_rejected) ... ok
2026-09-17T06:07:44.5920011Z test_matching_bundle_verifies_without_launch_or_mutation (test_verify_local_lab.BundleVerificationTests.test_matching_bundle_verifies_without_launch_or_mutation) ... ok
2026-09-17T06:07:44.6000112Z test_missing_and_unlisted_files_rejected (test_verify_local_lab.BundleVerificationTests.test_missing_and_unlisted_files_rejected) ... ok
2026-09-17T06:07:44.6076761Z test_oversized_manifest_rejected_before_parse (test_verify_local_lab.BundleVerificationTests.test_oversized_manifest_rejected_before_parse) ... ok
2026-09-17T06:07:44.6153820Z test_rewritten_manifest_without_trusted_pin_rejected (test_verify_local_lab.BundleVerificationTests.test_rewritten_manifest_without_trusted_pin_rejected) ... ok
2026-09-17T06:07:44.6274090Z test_strict_false_flags_not_numeric_zero (test_verify_local_lab.BundleVerificationTests.test_strict_false_flags_not_numeric_zero) ... ok
2026-09-17T06:07:44.6357011Z test_unknown_and_legacy_manifest_fields_rejected (test_verify_local_lab.BundleVerificationTests.test_unknown_and_legacy_manifest_fields_rejected) ... ok
2026-09-17T06:07:44.6452632Z test_unsafe_duplicate_and_unknown_filenames_rejected (test_verify_local_lab.BundleVerificationTests.test_unsafe_duplicate_and_unknown_filenames_rejected) ... ok
2026-09-17T06:07:44.6571349Z test_windows_bundle_supported_but_mixed_platform_refused (test_verify_local_lab.BundleVerificationTests.test_windows_bundle_supported_but_mixed_platform_refused) ... ok
2026-09-17T06:07:44.6644292Z test_windows_reparse_point_is_not_regular_input (test_verify_local_lab.BundleVerificationTests.test_windows_reparse_point_is_not_regular_input) ... ok
2026-09-17T06:07:44.6719494Z test_wrong_independent_pin_and_commit_rejected (test_verify_local_lab.BundleVerificationTests.test_wrong_independent_pin_and_commit_rejected) ... ok
2026-09-17T06:07:44.6721406Z test_capacity_report_must_be_one_record (test_wallet_compaction.CompactionTests.test_capacity_report_must_be_one_record) ... ok
2026-09-17T06:07:44.6722994Z test_compact_frame_requires_pin_and_exactly_two_paths (test_wallet_compaction.CompactionTests.test_compact_frame_requires_pin_and_exactly_two_paths) ... ok
2026-09-17T06:07:44.6774132Z test_confirmation_and_response_checks_without_scanning_or_spending (test_wallet_compaction.CompactionTests.test_confirmation_and_response_checks_without_scanning_or_spending) ... ok
2026-09-17T06:07:44.6776289Z test_mismatched_source_target_and_claimed_payment_status_rejected (test_wallet_compaction.CompactionTests.test_mismatched_source_target_and_claimed_payment_status_rejected) ... ok
2026-09-17T06:07:44.6819666Z test_missing_pin_or_existing_target_never_asks_password_or_starts_backend (test_wallet_compaction.CompactionTests.test_missing_pin_or_existing_target_never_asks_password_or_starts_backend) ... ok
2026-09-17T06:07:44.6821862Z test_receipt_handover_is_not_balance_or_finality (test_wallet_compaction.CompactionTests.test_receipt_handover_is_not_balance_or_finality) ... ok
2026-09-17T06:07:44.6840975Z test_active_manifest_keeps_lab2_payments_and_isolates_legacy_domain (test_wallet_network.NetworkIdentityTests.test_active_manifest_keeps_lab2_payments_and_isolates_legacy_domain) ... ok
2026-09-17T06:07:44.6866125Z test_addresses_reject_mutation_and_noncanonical_text (test_wallet_network.NetworkIdentityTests.test_addresses_reject_mutation_and_noncanonical_text) ... ok
2026-09-17T06:07:44.6876363Z test_bound_checksum_and_expected_identity (test_wallet_network.NetworkIdentityTests.test_bound_checksum_and_expected_identity) ... ok
2026-09-17T06:07:44.6993772Z test_invalid_payment_numbers_fail_before_password_or_backend (test_wallet_network.NetworkIdentityTests.test_invalid_payment_numbers_fail_before_password_or_backend) ... ok
2026-09-17T06:07:44.7054440Z test_network_address_frontend_checks_backend_identity (test_wallet_network.NetworkIdentityTests.test_network_address_frontend_checks_backend_identity) ... ok
2026-09-17T06:07:44.7063838Z test_network_address_wire_operation_has_exact_field_count (test_wallet_network.NetworkIdentityTests.test_network_address_wire_operation_has_exact_field_count) ... ok
2026-09-17T06:07:44.7077317Z test_pinned_genesis_is_read_only_and_profile_is_explicit (test_wallet_network.NetworkIdentityTests.test_pinned_genesis_is_read_only_and_profile_is_explicit) ... ok
2026-09-17T06:07:44.7096860Z test_public_supply_precheck_rejects_bad_allocation_not_just_pin (test_wallet_network.NetworkIdentityTests.test_public_supply_precheck_rejects_bad_allocation_not_just_pin) ... ok
2026-09-17T06:07:44.7353963Z test_truncated_unknown_overlarge_and_wrong_network_frames_fail (test_wallet_network.NetworkIdentityTests.test_truncated_unknown_overlarge_and_wrong_network_frames_fail) ... ok
2026-09-17T06:07:44.7364822Z test_untrusted_pin_missing_and_nonregular_files_fail (test_wallet_network.NetworkIdentityTests.test_untrusted_pin_missing_and_nonregular_files_fail) ... ok
2026-09-17T06:07:44.7414334Z test_wrong_network_frontend_stops_before_password_and_backend (test_wallet_network.NetworkIdentityTests.test_wrong_network_frontend_stops_before_password_and_backend) ... ok
2026-09-17T06:07:44.7434618Z test_console_storage_never_selects_history_or_constructs_payment (test_wallet_storage.StorageStatusTests.test_console_storage_never_selects_history_or_constructs_payment) ... ok
2026-09-17T06:07:44.7435598Z test_extra_missing_and_unsupported_fields_fail (test_wallet_storage.StorageStatusTests.test_extra_missing_and_unsupported_fields_fail) ... ok
2026-09-17T06:07:44.7436744Z test_new_and_full_reports_are_not_balance_or_confirmation (test_wallet_storage.StorageStatusTests.test_new_and_full_reports_are_not_balance_or_confirmation) ... ok
2026-09-17T06:07:44.7438224Z test_rejects_false_capacity_and_noncanonical_types (test_wallet_storage.StorageStatusTests.test_rejects_false_capacity_and_noncanonical_types) ... ok
2026-09-17T06:07:44.7439758Z test_storage_request_has_one_field_and_existing_private_pin (test_wallet_storage.StorageStatusTests.test_storage_request_has_one_field_and_existing_private_pin) ... ok
2026-09-17T06:07:44.7441744Z test_address_checksum_and_numeric_canonicality (test_zevune_wallet.WalletConsoleTests.test_address_checksum_and_numeric_canonicality) ... ok
2026-09-17T06:07:44.7444746Z test_no_echo_fallback_and_confirmation (test_zevune_wallet.WalletConsoleTests.test_no_echo_fallback_and_confirmation) ... ok
2026-09-17T06:07:44.7476031Z test_private_input_never_enters_arguments_or_environment (test_zevune_wallet.WalletConsoleTests.test_private_input_never_enters_arguments_or_environment) ... ok
2026-09-17T06:07:44.7477848Z test_request_bounds_and_receipt (test_zevune_wallet.WalletConsoleTests.test_request_bounds_and_receipt) ... ok
2026-09-17T06:07:44.7494170Z test_wrong_executable_digest_prevents_execution (test_zevune_wallet.WalletConsoleTests.test_wrong_executable_digest_prevents_execution) ... ok
2026-09-17T06:07:44.7494721Z 
2026-09-17T06:07:44.7494906Z ----------------------------------------------------------------------
2026-09-17T06:07:44.7495377Z Ran 135 tests in 6.154s
2026-09-17T06:07:44.7495530Z 
2026-09-17T06:07:44.7495673Z OK (skipped=1)
2026-09-17T06:07:46.0987665Z     Updating crates.io index
2026-09-17T06:07:46.6418797Z  Downloading crates ...
2026-09-17T06:07:46.8007227Z   Downloaded aead v0.5.2
2026-09-17T06:07:46.8135204Z   Downloaded autocfg v1.5.1
2026-09-17T06:07:46.8250917Z   Downloaded base64ct v1.8.3
2026-09-17T06:07:46.8456613Z   Downloaded cobs v0.3.0
2026-09-17T06:07:46.8540984Z   Downloaded const-crc32-nostd v1.3.1
2026-09-17T06:07:46.8594313Z   Downloaded arrayvec v0.7.8
2026-09-17T06:07:46.8732013Z   Downloaded crypto-common v0.1.7
2026-09-17T06:07:46.8799711Z   Downloaded base16ct v0.2.0
2026-09-17T06:07:46.8906074Z   Downloaded crunchy v0.2.4
2026-09-17T06:07:46.8971475Z   Downloaded derive-getters v0.5.0
2026-09-17T06:07:46.9179555Z   Downloaded cpufeatures v0.2.17
2026-09-17T06:07:46.9280179Z   Downloaded block-buffer v0.10.4
2026-09-17T06:07:46.9339035Z   Downloaded tracing-core v0.1.36
2026-09-17T06:07:46.9495263Z   Downloaded scopeguard v1.2.0
2026-09-17T06:07:46.9557933Z   Downloaded cfg-if v1.0.4
2026-09-17T06:07:46.9633768Z   Downloaded version_check v0.9.5
2026-09-17T06:07:46.9704276Z   Downloaded visibility v0.1.1
2026-09-17T06:07:46.9791544Z   Downloaded serdect v0.2.0
2026-09-17T06:07:46.9893508Z   Downloaded lazy_static v1.5.0
2026-09-17T06:07:47.0015428Z   Downloaded tap v1.0.1
2026-09-17T06:07:47.0065799Z   Downloaded generic-array v0.14.7
2026-09-17T06:07:47.0155133Z   Downloaded universal-hash v0.5.1
2026-09-17T06:07:47.0203714Z   Downloaded thiserror-impl v2.0.20
2026-09-17T06:07:47.0294265Z   Downloaded rand_chacha v0.3.1
2026-09-17T06:07:47.0377079Z   Downloaded zeroize_derive v1.5.0
2026-09-17T06:07:47.0434041Z   Downloaded halo2_legacy_pdqsort v0.1.0
2026-09-17T06:07:47.0510453Z   Downloaded maybe-rayon v0.1.1
2026-09-17T06:07:47.0560183Z   Downloaded opaque-debug v0.3.1
2026-09-17T06:07:47.0624885Z   Downloaded getset v0.1.7
2026-09-17T06:07:47.0729763Z   Downloaded nonempty v0.11.0
2026-09-17T06:07:47.0817024Z   Downloaded hex v0.4.3
2026-09-17T06:07:47.0914418Z   Downloaded embedded-io v0.6.1
2026-09-17T06:07:47.1000241Z   Downloaded funty v2.0.0
2026-09-17T06:07:47.1045243Z   Downloaded rustc_version v0.4.1
2026-09-17T06:07:47.1144637Z   Downloaded document-features v0.2.12
2026-09-17T06:07:47.1213446Z   Downloaded frost-rerandomized v3.0.0
2026-09-17T06:07:47.1274726Z   Downloaded embedded-io v0.4.0
2026-09-17T06:07:47.1394027Z   Downloaded subtle v2.6.1
2026-09-17T06:07:47.1480069Z   Downloaded memuse v0.2.2
2026-09-17T06:07:47.1556407Z   Downloaded radium v0.7.0
2026-09-17T06:07:47.1615946Z   Downloaded cbc v0.1.2
2026-09-17T06:07:47.1696050Z   Downloaded argon2 v0.5.3
2026-09-17T06:07:47.1790334Z   Downloaded byteorder v1.5.0
2026-09-17T06:07:47.1866884Z   Downloaded constant_time_eq v0.4.2
2026-09-17T06:07:47.1987451Z   Downloaded crossbeam-deque v0.8.8
2026-09-17T06:07:47.2065462Z   Downloaded group v0.13.0
2026-09-17T06:07:47.2143509Z   Downloaded sha2 v0.10.9
2026-09-17T06:07:47.2324428Z   Downloaded corez v0.1.1
2026-09-17T06:07:47.2417505Z   Downloaded pin-project-lite v0.2.17
2026-09-17T06:07:47.2854082Z   Downloaded zip32 v0.2.1
2026-09-17T06:07:47.2949853Z   Downloaded cipher v0.4.4
2026-09-17T06:07:47.3040187Z   Downloaded hash32 v0.2.1
2026-09-17T06:07:47.3124190Z   Downloaded static_assertions v1.1.0
2026-09-17T06:07:47.3221370Z   Downloaded ff v0.13.1
2026-09-17T06:07:47.3295455Z   Downloaded rand_core v0.6.4
2026-09-17T06:07:47.3366033Z   Downloaded stable_deref_trait v1.2.1
2026-09-17T06:07:47.3416712Z   Downloaded either v1.18.0
2026-09-17T06:07:47.3510792Z   Downloaded tracing-attributes v0.1.31
2026-09-17T06:07:47.3692844Z   Downloaded wyz v0.5.1
2026-09-17T06:07:47.3755904Z   Downloaded zcash_note_encryption v0.4.2
2026-09-17T06:07:47.3826880Z   Downloaded zcash_spec v0.2.1
2026-09-17T06:07:47.3913347Z   Downloaded zeroize v1.9.0
2026-09-17T06:07:47.4019149Z   Downloaded lock_api v0.4.14
2026-09-17T06:07:47.4075512Z   Downloaded ppv-lite86 v0.2.21
2026-09-17T06:07:47.4141599Z   Downloaded num-integer v0.1.47
2026-09-17T06:07:47.4239195Z   Downloaded digest v0.10.7
2026-09-17T06:07:47.4355365Z   Downloaded incrementalmerkletree v0.8.1
2026-09-17T06:07:47.4431887Z   Downloaded inout v0.1.4
2026-09-17T06:07:47.4491784Z   Downloaded thiserror v2.0.20
2026-09-17T06:07:47.4984442Z   Downloaded password-hash v0.5.0
2026-09-17T06:07:47.5096552Z   Downloaded crossbeam-utils v0.8.23
2026-09-17T06:07:47.5288779Z   Downloaded fpe v0.6.1
2026-09-17T06:07:47.5386828Z   Downloaded chacha20 v0.9.1
2026-09-17T06:07:47.5484859Z   Downloaded crossbeam-epoch v0.9.21
2026-09-17T06:07:47.6064659Z   Downloaded once_cell v1.21.4
2026-09-17T06:07:47.6238933Z   Downloaded semver v1.0.28
2026-09-17T06:07:47.6395340Z   Downloaded spin v0.9.9
2026-09-17T06:07:47.6525489Z   Downloaded getrandom v0.2.17
2026-09-17T06:07:47.6718571Z   Downloaded quote v1.0.47
2026-09-17T06:07:47.6883097Z   Downloaded jubjub v0.10.0
2026-09-17T06:07:47.7056395Z   Downloaded litrs v1.0.0
2026-09-17T06:07:47.7244599Z   Downloaded poly1305 v0.8.0
2026-09-17T06:07:47.7380609Z   Downloaded halo2_poseidon v0.1.0
2026-09-17T06:07:47.7485458Z   Downloaded serde_derive v1.0.229
2026-09-17T06:07:47.7669395Z   Downloaded blake2b_simd v1.0.5
2026-09-17T06:07:48.2560327Z   Downloaded blake2 v0.10.6
2026-09-17T06:07:48.2689561Z   Downloaded serde_core v1.0.229
2026-09-17T06:07:48.2836688Z   Downloaded uint v0.9.5
2026-09-17T06:07:48.2913879Z   Downloaded unicode-ident v1.0.24
2026-09-17T06:07:48.3065302Z   Downloaded chacha20poly1305 v0.10.1
2026-09-17T06:07:48.3177022Z   Downloaded postcard v1.1.3
2026-09-17T06:07:48.3307609Z   Downloaded bech32 v0.11.1
2026-09-17T06:07:48.3483554Z   Downloaded frost-core v3.0.0
2026-09-17T06:07:48.3656032Z   Downloaded heapless v0.7.17
2026-09-17T06:07:48.3896439Z   Downloaded indexmap v1.9.3
2026-09-17T06:07:48.4081255Z   Downloaded rayon-core v1.13.0
2026-09-17T06:07:48.4322761Z   Downloaded proc-macro2 v1.0.107
2026-09-17T06:07:48.4512978Z   Downloaded num-traits v0.2.19
2026-09-17T06:07:48.4663811Z   Downloaded rand v0.8.5
2026-09-17T06:07:48.4864838Z   Downloaded serde v1.0.229
2026-09-17T06:07:48.5036686Z   Downloaded typenum v1.20.1
2026-09-17T06:07:48.5190292Z   Downloaded hashbrown v0.12.3
2026-09-17T06:07:48.5360472Z   Downloaded num-bigint v0.4.8
2026-09-17T06:07:48.5692409Z   Downloaded sinsemilla v0.1.0
2026-09-17T06:07:48.5768334Z   Downloaded reddsa v0.5.2
2026-09-17T06:07:48.6066805Z   Downloaded aes v0.8.4
2026-09-17T06:07:48.6248455Z   Downloaded itertools v0.14.0
2026-09-17T06:07:48.6702250Z   Downloaded libm v0.2.16
2026-09-17T06:07:48.7353520Z   Downloaded halo2_proofs v0.3.5
2026-09-17T06:07:48.7868970Z   Downloaded rayon v1.12.0
2026-09-17T06:07:48.8456573Z   Downloaded bitvec v1.1.1
2026-09-17T06:07:48.9503872Z   Downloaded halo2_gadgets v0.5.0
2026-09-17T06:07:49.0103351Z   Downloaded syn v2.0.119
2026-09-17T06:07:49.0642565Z   Downloaded syn v3.0.5
2026-09-17T06:07:49.1204924Z   Downloaded pasta_curves v0.5.2
2026-09-17T06:07:49.1512539Z   Downloaded zerocopy v0.8.57
2026-09-17T06:07:49.7840682Z   Downloaded bls12_381 v0.8.0
2026-09-17T06:07:49.8074562Z   Downloaded orchard v0.15.5
2026-09-17T06:07:49.8769275Z   Downloaded tracing v0.1.44
2026-09-17T06:07:50.0314316Z    Compiling cfg-if v1.0.4
2026-09-17T06:07:50.0315110Z    Compiling proc-macro2 v1.0.107
2026-09-17T06:07:50.0778243Z    Compiling getrandom v0.2.17
2026-09-17T06:07:50.2217093Z    Compiling rand_core v0.6.4
2026-09-17T06:07:50.4311109Z    Compiling quote v1.0.47
2026-09-17T06:07:51.6644667Z    Compiling unicode-ident v1.0.24
2026-09-17T06:07:51.7931773Z    Compiling version_check v0.9.5
2026-09-17T06:07:52.0338101Z    Compiling subtle v2.6.1
2026-09-17T06:07:52.1567352Z    Compiling generic-array v0.14.7
2026-09-17T06:07:52.5003883Z    Compiling typenum v1.20.1
2026-09-17T06:07:52.5210305Z    Compiling syn v2.0.119
2026-09-17T06:07:53.6777839Z    Compiling crypto-common v0.1.7
2026-09-17T06:07:53.7710641Z    Compiling radium v0.7.0
2026-09-17T06:07:53.9613392Z    Compiling tap v1.0.1
2026-09-17T06:07:54.0311439Z    Compiling wyz v0.5.1
2026-09-17T06:07:54.3661268Z    Compiling zerocopy v0.8.57
2026-09-17T06:07:54.6332125Z    Compiling autocfg v1.5.1
2026-09-17T06:07:54.9563123Z    Compiling funty v2.0.0
2026-09-17T06:07:56.2170605Z    Compiling bitvec v1.1.1
2026-09-17T06:07:56.8886184Z    Compiling zeroize_derive v1.5.0
2026-09-17T06:07:58.5130449Z    Compiling ff v0.13.1
2026-09-17T06:07:58.6221245Z    Compiling zeroize v1.9.0
2026-09-17T06:07:58.7825765Z    Compiling arrayvec v0.7.8
2026-09-17T06:07:58.9818217Z    Compiling crossbeam-utils v0.8.23
2026-09-17T06:07:59.1789984Z    Compiling constant_time_eq v0.4.2
2026-09-17T06:07:59.3287534Z    Compiling memuse v0.2.2
2026-09-17T06:07:59.4620685Z    Compiling blake2b_simd v1.0.5
2026-09-17T06:08:00.7460409Z    Compiling ppv-lite86 v0.2.21
2026-09-17T06:08:01.0557763Z    Compiling crossbeam-epoch v0.9.21
2026-09-17T06:08:01.8291060Z    Compiling rand_chacha v0.3.1
2026-09-17T06:08:02.1268972Z    Compiling group v0.13.0
2026-09-17T06:08:02.2825319Z    Compiling inout v0.1.4
2026-09-17T06:08:02.3721312Z    Compiling spin v0.9.9
2026-09-17T06:08:02.4598553Z    Compiling cpufeatures v0.2.17
2026-09-17T06:08:02.4937948Z    Compiling static_assertions v1.1.0
2026-09-17T06:08:02.5017211Z    Compiling crossbeam-deque v0.8.8
2026-09-17T06:08:02.5415205Z    Compiling lazy_static v1.5.0
2026-09-17T06:08:02.5894079Z    Compiling cipher v0.4.4
2026-09-17T06:08:02.6907998Z    Compiling rand v0.8.5
2026-09-17T06:08:03.2129954Z    Compiling rayon-core v1.13.0
2026-09-17T06:08:03.3524301Z    Compiling pasta_curves v0.5.2
2026-09-17T06:08:03.5703895Z    Compiling num-traits v0.2.19
2026-09-17T06:08:03.7100843Z    Compiling syn v3.0.5
2026-09-17T06:08:05.7384421Z    Compiling either v1.18.0
2026-09-17T06:08:07.8826919Z    Compiling indexmap v1.9.3
2026-09-17T06:08:08.0663736Z    Compiling serde_core v1.0.229
2026-09-17T06:08:08.2959908Z    Compiling once_cell v1.21.4
2026-09-17T06:08:08.5124343Z    Compiling crunchy v0.2.4
2026-09-17T06:08:08.7242120Z    Compiling tracing-core v0.1.36
2026-09-17T06:08:09.9539775Z    Compiling rayon v1.12.0
2026-09-17T06:08:13.1001546Z    Compiling tracing-attributes v0.1.31
2026-09-17T06:08:14.3492630Z    Compiling universal-hash v0.5.1
2026-09-17T06:08:14.4324129Z    Compiling block-buffer v0.10.4
2026-09-17T06:08:14.5335012Z    Compiling hashbrown v0.12.3
2026-09-17T06:08:15.0644359Z    Compiling serde v1.0.229
2026-09-17T06:08:15.7857956Z    Compiling hex v0.4.3
2026-09-17T06:08:16.0175609Z    Compiling byteorder v1.5.0
2026-09-17T06:08:16.2262776Z    Compiling thiserror v2.0.20
2026-09-17T06:08:16.7103420Z    Compiling pin-project-lite v0.2.17
2026-09-17T06:08:16.7703501Z    Compiling libm v0.2.16
2026-09-17T06:08:17.2497154Z    Compiling opaque-debug v0.3.1
2026-09-17T06:08:17.2881679Z    Compiling poly1305 v0.8.0
2026-09-17T06:08:18.0048956Z    Compiling tracing v0.1.44
2026-09-17T06:08:18.8951686Z    Compiling digest v0.10.7
2026-09-17T06:08:19.0923200Z    Compiling num-integer v0.1.47
2026-09-17T06:08:19.6351979Z    Compiling maybe-rayon v0.1.1
2026-09-17T06:08:21.8636683Z    Compiling thiserror-impl v2.0.20
2026-09-17T06:08:22.9569573Z    Compiling serde_derive v1.0.229
2026-09-17T06:08:25.5234263Z    Compiling chacha20 v0.9.1
2026-09-17T06:08:25.7146805Z    Compiling bls12_381 v0.8.0
2026-09-17T06:08:26.2574246Z    Compiling aead v0.5.2
2026-09-17T06:08:26.3838157Z    Compiling halo2_legacy_pdqsort v0.1.0
2026-09-17T06:08:26.4942699Z    Compiling halo2_proofs v0.3.5
2026-09-17T06:08:31.9992773Z    Compiling chacha20poly1305 v0.10.1
2026-09-17T06:08:32.0891448Z    Compiling jubjub v0.10.0
2026-09-17T06:08:35.5720923Z    Compiling uint v0.9.5
2026-09-17T06:08:35.6757894Z    Compiling num-bigint v0.4.8
2026-09-17T06:08:37.9506457Z    Compiling sinsemilla v0.1.0
2026-09-17T06:08:39.1047860Z    Compiling halo2_poseidon v0.1.0
2026-09-17T06:08:39.8777368Z    Compiling cbc v0.1.2
2026-09-17T06:08:39.9683741Z    Compiling zcash_spec v0.2.1
2026-09-17T06:08:40.0544124Z    Compiling base64ct v1.8.3
2026-09-17T06:08:40.3127252Z    Compiling bech32 v0.11.1
2026-09-17T06:08:40.4581477Z    Compiling password-hash v0.5.0
2026-09-17T06:08:40.7893656Z    Compiling zip32 v0.2.1
2026-09-17T06:08:41.2821525Z    Compiling fpe v0.6.1
2026-09-17T06:08:41.5541189Z    Compiling halo2_gadgets v0.5.0
2026-09-17T06:08:42.2307593Z    Compiling reddsa v0.5.2
2026-09-17T06:08:42.6058577Z    Compiling zcash_note_encryption v0.4.2
2026-09-17T06:08:42.8196933Z    Compiling blake2 v0.10.6
2026-09-17T06:08:43.3768388Z    Compiling incrementalmerkletree v0.8.1
2026-09-17T06:08:43.5723619Z    Compiling aes v0.8.4
2026-09-17T06:08:44.7127129Z    Compiling visibility v0.1.1
2026-09-17T06:08:44.9490519Z    Compiling getset v0.1.7
2026-09-17T06:08:45.4323275Z    Compiling nonempty v0.11.0
2026-09-17T06:08:45.5565701Z    Compiling corez v0.1.1
2026-09-17T06:08:45.6014578Z    Compiling orchard v0.15.5
2026-09-17T06:08:48.4144678Z    Compiling argon2 v0.5.3
2026-09-17T06:08:49.5732166Z    Compiling sha2 v0.10.9
2026-09-17T06:08:51.3542220Z    Compiling zevune-orchard-lab v0.1.0 (D:\a\Zevune\Zevune\integration\orchard)
2026-09-17T06:09:37.8560251Z     Finished `release` profile [optimized] target(s) in 1m 51s
2026-09-17T06:09:37.9740350Z ##[group]Run python scripts/build_local_lab.py --output "$RUNNER_TEMP/zevune-local-bundle"
2026-09-17T06:09:37.9741285Z [36;1mpython scripts/build_local_lab.py --output "$RUNNER_TEMP/zevune-local-bundle"[0m
2026-09-17T06:09:37.9752222Z shell: C:\Program Files\Git\bin\bash.EXE --noprofile --norc -e -o pipefail {0}
2026-09-17T06:09:37.9752663Z env:
2026-09-17T06:09:37.9752939Z   RAYON_NUM_THREADS: 2
2026-09-17T06:09:37.9753314Z   CARGO_BUILD_JOBS: 2
2026-09-17T06:09:37.9753592Z   GOTOOLCHAIN: local
2026-09-17T06:09:37.9753846Z ##[endgroup]
2026-09-17T06:10:17.6995717Z    Compiling cfg-if v1.0.4
2026-09-17T06:10:17.6996863Z    Compiling proc-macro2 v1.0.107
2026-09-17T06:10:18.2111345Z    Compiling getrandom v0.2.17
2026-09-17T06:10:18.3459165Z    Compiling rand_core v0.6.4
2026-09-17T06:10:18.5521738Z    Compiling quote v1.0.47
2026-09-17T06:10:18.5918221Z    Compiling unicode-ident v1.0.24
2026-09-17T06:10:18.7829055Z    Compiling subtle v2.6.1
2026-09-17T06:10:18.9011217Z    Compiling version_check v0.9.5
2026-09-17T06:10:19.2782007Z    Compiling generic-array v0.14.7
2026-09-17T06:10:19.3837879Z    Compiling typenum v1.20.1
2026-09-17T06:10:19.4608725Z    Compiling syn v2.0.119
2026-09-17T06:10:20.6800800Z    Compiling crypto-common v0.1.7
2026-09-17T06:10:20.7742340Z    Compiling radium v0.7.0
2026-09-17T06:10:20.9839525Z    Compiling tap v1.0.1
2026-09-17T06:10:21.0656255Z    Compiling wyz v0.5.1
2026-09-17T06:10:21.4417427Z    Compiling zerocopy v0.8.57
2026-09-17T06:10:21.7342703Z    Compiling autocfg v1.5.1
2026-09-17T06:10:22.0608711Z    Compiling funty v2.0.0
2026-09-17T06:10:23.3265545Z    Compiling bitvec v1.1.1
2026-09-17T06:10:23.9691172Z    Compiling zeroize_derive v1.5.0
2026-09-17T06:10:25.6262039Z    Compiling ff v0.13.1
2026-09-17T06:10:25.7449507Z    Compiling zeroize v1.9.0
2026-09-17T06:10:25.8889478Z    Compiling memuse v0.2.2
2026-09-17T06:10:26.0424736Z    Compiling arrayvec v0.7.8
2026-09-17T06:10:26.2492240Z    Compiling constant_time_eq v0.4.2
2026-09-17T06:10:26.4001277Z    Compiling crossbeam-utils v0.8.23
2026-09-17T06:10:26.6351262Z    Compiling blake2b_simd v1.0.5
2026-09-17T06:10:27.8526096Z    Compiling ppv-lite86 v0.2.21
2026-09-17T06:10:28.1421209Z    Compiling crossbeam-epoch v0.9.21
2026-09-17T06:10:28.3406828Z    Compiling rand_chacha v0.3.1
2026-09-17T06:10:29.2826189Z    Compiling group v0.13.0
2026-09-17T06:10:29.4511718Z    Compiling inout v0.1.4
2026-09-17T06:10:29.5495679Z    Compiling crossbeam-deque v0.8.8
2026-09-17T06:10:29.6119283Z    Compiling spin v0.9.9
2026-09-17T06:10:29.7197518Z    Compiling cpufeatures v0.2.17
2026-09-17T06:10:29.7360616Z    Compiling static_assertions v1.1.0
2026-09-17T06:10:29.7852646Z    Compiling lazy_static v1.5.0
2026-09-17T06:10:29.7860202Z    Compiling cipher v0.4.4
2026-09-17T06:10:30.0089793Z    Compiling rand v0.8.5
2026-09-17T06:10:30.2854845Z    Compiling rayon-core v1.13.0
2026-09-17T06:10:30.6286004Z    Compiling pasta_curves v0.5.2
2026-09-17T06:10:30.7552270Z    Compiling num-traits v0.2.19
2026-09-17T06:10:30.9196668Z    Compiling syn v3.0.5
2026-09-17T06:10:33.1921755Z    Compiling either v1.18.0
2026-09-17T06:10:36.0502222Z    Compiling indexmap v1.9.3
2026-09-17T06:10:37.1296273Z    Compiling serde_core v1.0.229
2026-09-17T06:10:37.8568045Z    Compiling once_cell v1.21.4
2026-09-17T06:10:38.6156257Z    Compiling crunchy v0.2.4
2026-09-17T06:10:39.4049530Z    Compiling tracing-core v0.1.36
2026-09-17T06:10:41.5082620Z    Compiling rayon v1.12.0
2026-09-17T06:10:45.8143755Z    Compiling tracing-attributes v0.1.31
2026-09-17T06:10:47.3684255Z    Compiling universal-hash v0.5.1
2026-09-17T06:10:47.4805896Z    Compiling block-buffer v0.10.4
2026-09-17T06:10:47.6177668Z    Compiling libm v0.2.16
2026-09-17T06:10:47.9701574Z    Compiling hex v0.4.3
2026-09-17T06:10:48.4148424Z    Compiling thiserror v2.0.20
2026-09-17T06:10:48.8910208Z    Compiling serde v1.0.229
2026-09-17T06:10:49.2722233Z    Compiling pin-project-lite v0.2.17
2026-09-17T06:10:49.3488105Z    Compiling byteorder v1.5.0
2026-09-17T06:10:49.7292114Z    Compiling hashbrown v0.12.3
2026-09-17T06:10:50.3849505Z    Compiling opaque-debug v0.3.1
2026-09-17T06:10:50.4376139Z    Compiling poly1305 v0.8.0
2026-09-17T06:10:51.8402095Z    Compiling tracing v0.1.44
2026-09-17T06:10:52.5357035Z    Compiling digest v0.10.7
2026-09-17T06:10:52.7734559Z    Compiling num-integer v0.1.47
2026-09-17T06:10:53.4668286Z    Compiling maybe-rayon v0.1.1
2026-09-17T06:10:56.2044429Z    Compiling thiserror-impl v2.0.20
2026-09-17T06:10:57.5736155Z    Compiling serde_derive v1.0.229
2026-09-17T06:11:00.7658697Z    Compiling chacha20 v0.9.1
2026-09-17T06:11:01.0213204Z    Compiling bls12_381 v0.8.0
2026-09-17T06:11:01.7806189Z    Compiling aead v0.5.2
2026-09-17T06:11:01.9650336Z    Compiling halo2_legacy_pdqsort v0.1.0
2026-09-17T06:11:02.0945785Z    Compiling halo2_proofs v0.3.5
2026-09-17T06:11:09.2520535Z    Compiling chacha20poly1305 v0.10.1
2026-09-17T06:11:09.3871040Z    Compiling jubjub v0.10.0
2026-09-17T06:11:11.9271299Z    Compiling uint v0.9.5
2026-09-17T06:11:12.0769111Z    Compiling num-bigint v0.4.8
2026-09-17T06:11:18.3779496Z    Compiling sinsemilla v0.1.0
2026-09-17T06:11:19.1213094Z    Compiling halo2_poseidon v0.1.0
2026-09-17T06:11:19.9783666Z    Compiling cbc v0.1.2
2026-09-17T06:11:20.1323074Z    Compiling zcash_spec v0.2.1
2026-09-17T06:11:20.1919869Z    Compiling bech32 v0.11.1
2026-09-17T06:11:20.3161608Z    Compiling base64ct v1.8.3
2026-09-17T06:11:20.6179110Z    Compiling zip32 v0.2.1
2026-09-17T06:11:20.7845822Z    Compiling password-hash v0.5.0
2026-09-17T06:11:21.2731872Z    Compiling fpe v0.6.1
2026-09-17T06:11:22.1382910Z    Compiling halo2_gadgets v0.5.0
2026-09-17T06:11:22.5160884Z    Compiling reddsa v0.5.2
2026-09-17T06:11:22.9895601Z    Compiling zcash_note_encryption v0.4.2
2026-09-17T06:11:23.2821406Z    Compiling blake2 v0.10.6
2026-09-17T06:11:24.0264900Z    Compiling incrementalmerkletree v0.8.1
2026-09-17T06:11:24.2700567Z    Compiling aes v0.8.4
2026-09-17T06:11:25.7354370Z    Compiling visibility v0.1.1
2026-09-17T06:11:26.0596147Z    Compiling getset v0.1.7
2026-09-17T06:11:26.5874785Z    Compiling corez v0.1.1
2026-09-17T06:11:26.6377955Z    Compiling nonempty v0.11.0
2026-09-17T06:11:26.7798008Z    Compiling argon2 v0.5.3
2026-09-17T06:11:27.9529501Z    Compiling orchard v0.15.5
2026-09-17T06:11:30.1189294Z    Compiling sha2 v0.10.9
2026-09-17T06:11:31.9330873Z    Compiling zevune-orchard-lab v0.1.0 (C:\Users\RUNNER~1\AppData\Local\Temp\zevune-source-build-ud1drfjb\source\integration\orchard)
2026-09-17T06:12:14.6568846Z     Finished `release` profile [optimized] target(s) in 1m 57s
2026-09-17T06:12:15.0929711Z {"built": true, "source_commit": "cd5fe98053ce64e1acc6796dae44ec0e822c124f", "real_funds_allowed": false, "manifest_sha256": "656a3336bee998d84d62e114fa338749140ffbd6348f6503cef13cb60746b168"}
2026-09-17T06:12:15.1220222Z ##[group]Run python - <<'PY'
2026-09-17T06:12:15.1220691Z [36;1mpython - <<'PY'[0m
2026-09-17T06:12:15.1221045Z [36;1mimport os[0m
2026-09-17T06:12:15.1221340Z [36;1mfrom pathlib import Path[0m
2026-09-17T06:12:15.1221670Z [36;1msuffix = '.exe' if os.name == 'nt' else ''[0m
2026-09-17T06:12:15.1222132Z [36;1mbundle = Path(os.environ['RUNNER_TEMP']) / 'zevune-local-bundle'[0m
2026-09-17T06:12:15.1222751Z [36;1mwith open(os.environ['GITHUB_ENV'], 'a', encoding='utf-8') as f:[0m
2026-09-17T06:12:15.1224188Z [36;1m    for key, path in [('ZEVUNE_NETWORK_OPERATOR', bundle / ('zevune-network' + suffix)), ('ZEVUNE_POOL_WORKER', bundle / ('zevune-pool-worker' + suffix)), ('ZEVUNE_FUNDED_SCENARIO', Path('integration/orchard/target/release').absolute() / ('zevune-funded-scenario' + suffix))]:[0m
2026-09-17T06:12:15.1225415Z [36;1m        f.write(key + '=' + str(path) + '\n')[0m
2026-09-17T06:12:15.1225745Z [36;1mPY[0m
2026-09-17T06:12:15.1236813Z shell: C:\Program Files\Git\bin\bash.EXE --noprofile --norc -e -o pipefail {0}
2026-09-17T06:12:15.1237341Z env:
2026-09-17T06:12:15.1237612Z   RAYON_NUM_THREADS: 2
2026-09-17T06:12:15.1237885Z   CARGO_BUILD_JOBS: 2
2026-09-17T06:12:15.1238189Z   GOTOOLCHAIN: local
2026-09-17T06:12:15.1238496Z ##[endgroup]
2026-09-17T06:12:15.2246744Z ##[group]Run go test -mod=readonly -tags=operator_e2e ./labnet ./cmd/zevune-network -count=1 -timeout=15m -v
2026-09-17T06:12:15.2248093Z [36;1mgo test -mod=readonly -tags=operator_e2e ./labnet ./cmd/zevune-network -count=1 -timeout=15m -v[0m
2026-09-17T06:12:15.2249039Z [36;1mgo vet -mod=readonly -tags=operator_e2e ./labnet ./cmd/zevune-network[0m
2026-09-17T06:12:15.2262684Z shell: C:\Program Files\Git\bin\bash.EXE --noprofile --norc -e -o pipefail {0}
2026-09-17T06:12:15.2263187Z env:
2026-09-17T06:12:15.2263522Z   RAYON_NUM_THREADS: 2
2026-09-17T06:12:15.2263801Z   CARGO_BUILD_JOBS: 2
2026-09-17T06:12:15.2264060Z   GOTOOLCHAIN: local
2026-09-17T06:12:15.2264456Z   ZEVUNE_NETWORK_OPERATOR: D:\a\_temp\zevune-local-bundle\zevune-network.exe
2026-09-17T06:12:15.2265003Z   ZEVUNE_POOL_WORKER: D:\a\_temp\zevune-local-bundle\zevune-pool-worker.exe
2026-09-17T06:12:15.2265704Z   ZEVUNE_FUNDED_SCENARIO: D:\a\Zevune\Zevune\integration\orchard\target\release\zevune-funded-scenario.exe
2026-09-17T06:12:15.2266197Z ##[endgroup]
2026-09-17T06:20:39.2700274Z === RUN   TestActiveFundedFourNodePaymentRestart
2026-09-17T06:20:39.2704643Z     active_funded_e2e_test.go:246: active profile: shipped init/run/sync/submit/storage, InitChain version rejection, genuine nonzero A->B, all-four-node restart, B->C spend, wallet history reopen, signed next-header verification and duplicate rejection passed; low-height NO-FUNDS scenario
2026-09-17T06:20:39.2707394Z --- PASS: TestActiveFundedFourNodePaymentRestart (104.23s)
2026-09-17T06:20:39.2708164Z === RUN   TestQuorumAndAllHeaderBindings
2026-09-17T06:20:39.2708805Z === RUN   TestQuorumAndAllHeaderBindings/future
2026-09-17T06:20:39.2710478Z === RUN   TestQuorumAndAllHeaderBindings/pre-genesis
2026-09-17T06:20:39.2711274Z === RUN   TestQuorumAndAllHeaderBindings/height
2026-09-17T06:20:39.2712118Z === RUN   TestQuorumAndAllHeaderBindings/validators
2026-09-17T06:20:39.2712766Z === RUN   TestQuorumAndAllHeaderBindings/parameters
2026-09-17T06:20:39.2713749Z === RUN   TestQuorumAndAllHeaderBindings/state-length
2026-09-17T06:20:39.2714652Z === RUN   TestQuorumAndAllHeaderBindings/chain
2026-09-17T06:20:39.2715252Z === RUN   TestQuorumAndAllHeaderBindings/version
2026-09-17T06:20:39.2716051Z === RUN   TestQuorumAndAllHeaderBindings/next-validators
2026-09-17T06:20:39.2717534Z --- PASS: TestQuorumAndAllHeaderBindings (0.00s)
2026-09-17T06:20:39.2718237Z     --- PASS: TestQuorumAndAllHeaderBindings/future (0.00s)
2026-09-17T06:20:39.2718984Z     --- PASS: TestQuorumAndAllHeaderBindings/pre-genesis (0.00s)
2026-09-17T06:20:39.2719745Z     --- PASS: TestQuorumAndAllHeaderBindings/height (0.00s)
2026-09-17T06:20:39.2720514Z     --- PASS: TestQuorumAndAllHeaderBindings/validators (0.00s)
2026-09-17T06:20:39.2721491Z     --- PASS: TestQuorumAndAllHeaderBindings/parameters (0.00s)
2026-09-17T06:20:39.2722270Z     --- PASS: TestQuorumAndAllHeaderBindings/state-length (0.00s)
2026-09-17T06:20:39.2723017Z     --- PASS: TestQuorumAndAllHeaderBindings/chain (0.00s)
2026-09-17T06:20:39.2724047Z     --- PASS: TestQuorumAndAllHeaderBindings/version (0.00s)
2026-09-17T06:20:39.2724832Z     --- PASS: TestQuorumAndAllHeaderBindings/next-validators (0.00s)
2026-09-17T06:20:39.2726830Z === RUN   TestPinnedPublicConfigurationAndCompanionFiles
2026-09-17T06:20:39.2727644Z --- PASS: TestPinnedPublicConfigurationAndCompanionFiles (0.08s)
2026-09-17T06:20:39.2728524Z === RUN   TestCanonicalDecodingAndFileBounds
2026-09-17T06:20:39.2729147Z --- PASS: TestCanonicalDecodingAndFileBounds (0.01s)
2026-09-17T06:20:39.2729945Z === RUN   TestLoopbackEndpointAndStreamingLimits
2026-09-17T06:20:39.2730855Z --- PASS: TestLoopbackEndpointAndStreamingLimits (0.00s)
2026-09-17T06:20:39.2731533Z === RUN   TestRPCRejectsRedirectCompressionAndOversize
2026-09-17T06:20:39.2732502Z === RUN   TestRPCRejectsRedirectCompressionAndOversize/redirect
2026-09-17T06:20:39.2733256Z === RUN   TestRPCRejectsRedirectCompressionAndOversize/encoding
2026-09-17T06:20:39.2736549Z === RUN   TestRPCRejectsRedirectCompressionAndOversize/length
2026-09-17T06:20:39.2738788Z === RUN   TestRPCRejectsRedirectCompressionAndOversize/stream
2026-09-17T06:20:39.2739878Z --- PASS: TestRPCRejectsRedirectCompressionAndOversize (0.01s)
2026-09-17T06:20:39.2741025Z     --- PASS: TestRPCRejectsRedirectCompressionAndOversize/redirect (0.00s)
2026-09-17T06:20:39.2742167Z     --- PASS: TestRPCRejectsRedirectCompressionAndOversize/encoding (0.00s)
2026-09-17T06:20:39.2743604Z     --- PASS: TestRPCRejectsRedirectCompressionAndOversize/length (0.00s)
2026-09-17T06:20:39.2744727Z     --- PASS: TestRPCRejectsRedirectCompressionAndOversize/stream (0.01s)
2026-09-17T06:20:39.2745555Z === RUN   TestMalformedGenesisInitDoesNotCreatePrivateDirectory
2026-09-17T06:20:39.2746409Z --- PASS: TestMalformedGenesisInitDoesNotCreatePrivateDirectory (0.00s)
2026-09-17T06:20:39.2747426Z === RUN   TestUnexpectedEngineExitIsNotSuccessfulShutdown
2026-09-17T06:20:39.2748175Z --- PASS: TestUnexpectedEngineExitIsNotSuccessfulShutdown (0.00s)
2026-09-17T06:20:39.2749055Z === RUN   TestRequestedShutdownDoesNotNeedEngineExit
2026-09-17T06:20:39.2749980Z --- PASS: TestRequestedShutdownDoesNotNeedEngineExit (0.00s)
2026-09-17T06:20:39.2750896Z === RUN   TestConcurrentCancellationAndEngineExitRemainRequested
2026-09-17T06:20:39.2751855Z --- PASS: TestConcurrentCancellationAndEngineExitRemainRequested (0.00s)
2026-09-17T06:20:39.2752758Z === RUN   TestEngineExitReleasesWaitingSupervisor
2026-09-17T06:20:39.2753638Z --- PASS: TestEngineExitReleasesWaitingSupervisor (0.00s)
2026-09-17T06:20:39.2754237Z === RUN   TestLifecycleRejectsMissingContext
2026-09-17T06:20:39.2754970Z --- PASS: TestLifecycleRejectsMissingContext (0.00s)
2026-09-17T06:20:39.2755582Z === RUN   TestRealOperatorNonzeroPaymentsAndRestart
2026-09-17T06:20:39.2757824Z     operator_e2e_test.go:451: shipped init/run/sync/submit commands: wrong-domain, downgrade and unknown-profile RPC rejection; real nonzero A->B->C, encrypted outbox backup, one-node outage, signed reference-state checks, full restart and duplicate rejection passed; local NO-FUNDS only
2026-09-17T06:20:39.2759755Z --- PASS: TestRealOperatorNonzeroPaymentsAndRestart (117.22s)
2026-09-17T06:20:39.2760577Z === RUN   TestQuorumSignedWrongPostStateNeverPersists
2026-09-17T06:20:39.2761593Z --- PASS: TestQuorumSignedWrongPostStateNeverPersists (4.49s)
2026-09-17T06:20:39.2762505Z === RUN   TestPinnedNetworkProfileCannotChangeConfigurationOrAppVersion
2026-09-17T06:20:39.2763854Z === RUN   TestPinnedNetworkProfileCannotChangeConfigurationOrAppVersion/ZVTGEN01/1/2
2026-09-17T06:20:39.2765073Z === RUN   TestPinnedNetworkProfileCannotChangeConfigurationOrAppVersion/ZVTGEN01/1/3
2026-09-17T06:20:39.2766287Z === RUN   TestPinnedNetworkProfileCannotChangeConfigurationOrAppVersion/ZVTGEN01/2/2
2026-09-17T06:20:39.2767427Z === RUN   TestPinnedNetworkProfileCannotChangeConfigurationOrAppVersion/ZVTGEN01/2/3
2026-09-17T06:20:39.2768544Z === RUN   TestPinnedNetworkProfileCannotChangeConfigurationOrAppVersion/ZVTGEN02/1/2
2026-09-17T06:20:39.2769603Z === RUN   TestPinnedNetworkProfileCannotChangeConfigurationOrAppVersion/ZVTGEN02/1/3
2026-09-17T06:20:39.2770548Z === RUN   TestPinnedNetworkProfileCannotChangeConfigurationOrAppVersion/ZVTGEN02/2/2
2026-09-17T06:20:39.2771932Z === RUN   TestPinnedNetworkProfileCannotChangeConfigurationOrAppVersion/ZVTGEN02/2/3
2026-09-17T06:20:39.2773148Z === RUN   TestPinnedNetworkProfileCannotChangeConfigurationOrAppVersion/ZVTGEN03/1/2
2026-09-17T06:20:39.2774273Z === RUN   TestPinnedNetworkProfileCannotChangeConfigurationOrAppVersion/ZVTGEN03/1/3
2026-09-17T06:20:39.2775441Z === RUN   TestPinnedNetworkProfileCannotChangeConfigurationOrAppVersion/ZVTGEN03/2/2
2026-09-17T06:20:39.2776902Z === RUN   TestPinnedNetworkProfileCannotChangeConfigurationOrAppVersion/ZVTGEN03/2/3
2026-09-17T06:20:39.2778152Z --- PASS: TestPinnedNetworkProfileCannotChangeConfigurationOrAppVersion (0.99s)
2026-09-17T06:20:39.2780295Z     --- PASS: TestPinnedNetworkProfileCannotChangeConfigurationOrAppVersion/ZVTGEN01/1/2 (0.02s)
2026-09-17T06:20:39.2781746Z     --- PASS: TestPinnedNetworkProfileCannotChangeConfigurationOrAppVersion/ZVTGEN01/1/3 (0.06s)
2026-09-17T06:20:39.2783312Z     --- PASS: TestPinnedNetworkProfileCannotChangeConfigurationOrAppVersion/ZVTGEN01/2/2 (0.10s)
2026-09-17T06:20:39.2785261Z     --- PASS: TestPinnedNetworkProfileCannotChangeConfigurationOrAppVersion/ZVTGEN01/2/3 (0.11s)
2026-09-17T06:20:39.2786722Z     --- PASS: TestPinnedNetworkProfileCannotChangeConfigurationOrAppVersion/ZVTGEN02/1/2 (0.09s)
2026-09-17T06:20:39.2788185Z     --- PASS: TestPinnedNetworkProfileCannotChangeConfigurationOrAppVersion/ZVTGEN02/1/3 (0.08s)
2026-09-17T06:20:39.2789442Z     --- PASS: TestPinnedNetworkProfileCannotChangeConfigurationOrAppVersion/ZVTGEN02/2/2 (0.09s)
2026-09-17T06:20:39.2790855Z     --- PASS: TestPinnedNetworkProfileCannotChangeConfigurationOrAppVersion/ZVTGEN02/2/3 (0.11s)
2026-09-17T06:20:39.2792478Z     --- PASS: TestPinnedNetworkProfileCannotChangeConfigurationOrAppVersion/ZVTGEN03/1/2 (0.07s)
2026-09-17T06:20:39.2794957Z     --- PASS: TestPinnedNetworkProfileCannotChangeConfigurationOrAppVersion/ZVTGEN03/1/3 (0.06s)
2026-09-17T06:20:39.2796541Z     --- PASS: TestPinnedNetworkProfileCannotChangeConfigurationOrAppVersion/ZVTGEN03/2/2 (0.08s)
2026-09-17T06:20:39.2799071Z     --- PASS: TestPinnedNetworkProfileCannotChangeConfigurationOrAppVersion/ZVTGEN03/2/3 (0.11s)
2026-09-17T06:20:39.2800173Z === RUN   TestSignedHeadersUseAuthenticatedProfileHeightAndVersion
2026-09-17T06:20:39.2801242Z --- PASS: TestSignedHeadersUseAuthenticatedProfileHeightAndVersion (0.00s)
2026-09-17T06:20:39.2802361Z === RUN   TestActiveCheckpointUsesPinnedNetworkAndRetainsLegacyBounds
2026-09-17T06:20:39.2803511Z --- PASS: TestActiveCheckpointUsesPinnedNetworkAndRetainsLegacyBounds (0.11s)
2026-09-17T06:20:39.2804628Z === RUN   TestActiveCapacityReportsLogicalBytesAndExactCheckpoint
2026-09-17T06:20:39.2805693Z --- PASS: TestActiveCapacityReportsLogicalBytesAndExactCheckpoint (0.00s)
2026-09-17T06:20:39.2806821Z === RUN   TestActiveStorageCopyRefusesBeforeReadingOrCreatingAnyPath
2026-09-17T06:20:39.2808002Z --- PASS: TestActiveStorageCopyRefusesBeforeReadingOrCreatingAnyPath (0.00s)
2026-09-17T06:20:39.2808956Z === RUN   TestRealReferenceCheckpointBeforeRPC
2026-09-17T06:20:39.2809875Z === RUN   TestRealReferenceCheckpointBeforeRPC/old-valid-prefix
2026-09-17T06:20:39.2810813Z === RUN   TestRealReferenceCheckpointBeforeRPC/newer-than-exact-pin
2026-09-17T06:20:39.2811903Z === RUN   TestRealReferenceCheckpointBeforeRPC/same-height-wrong-state
2026-09-17T06:20:39.2812910Z === RUN   TestRealReferenceCheckpointBeforeRPC/corrupt-correct-pin
2026-09-17T06:20:39.2813885Z --- PASS: TestRealReferenceCheckpointBeforeRPC (59.19s)
2026-09-17T06:20:39.2815008Z     --- PASS: TestRealReferenceCheckpointBeforeRPC/old-valid-prefix (4.49s)
2026-09-17T06:20:39.2816156Z     --- PASS: TestRealReferenceCheckpointBeforeRPC/newer-than-exact-pin (5.06s)
2026-09-17T06:20:39.2817190Z     --- PASS: TestRealReferenceCheckpointBeforeRPC/same-height-wrong-state (4.92s)
2026-09-17T06:20:39.2818176Z     --- PASS: TestRealReferenceCheckpointBeforeRPC/corrupt-correct-pin (4.76s)
2026-09-17T06:20:39.2818946Z === RUN   TestRealPinnedReferencePayment
2026-09-17T06:20:39.2819785Z --- PASS: TestRealPinnedReferencePayment (48.83s)
2026-09-17T06:20:39.2820469Z === RUN   TestReferenceCheckpointRequestBoundsBeforeAccess
2026-09-17T06:20:39.2821508Z --- PASS: TestReferenceCheckpointRequestBoundsBeforeAccess (0.00s)
2026-09-17T06:20:39.2822290Z === RUN   TestReferenceCheckpointMissingContextAndNetwork
2026-09-17T06:20:39.2823045Z --- PASS: TestReferenceCheckpointMissingContextAndNetwork (0.00s)
2026-09-17T06:20:39.2823839Z === RUN   TestUnpinnedResultsNeverClaimRetainedCheckpoint
2026-09-17T06:20:39.2824632Z --- PASS: TestUnpinnedResultsNeverClaimRetainedCheckpoint (0.00s)
2026-09-17T06:20:39.2825381Z === RUN   TestStorageCheckpointCanonicalInputs
2026-09-17T06:20:39.2826582Z --- PASS: TestStorageCheckpointCanonicalInputs (0.00s)
2026-09-17T06:20:39.2827325Z === RUN   TestStorageCheckpointExactTipNotMinimumHeightOrFinality
2026-09-17T06:20:39.2828271Z --- PASS: TestStorageCheckpointExactTipNotMinimumHeightOrFinality (0.00s)
2026-09-17T06:20:39.2829081Z === RUN   TestInvalidStorageCheckpointFailsBeforeFileAccess
2026-09-17T06:20:39.2829908Z --- PASS: TestInvalidStorageCheckpointFailsBeforeFileAccess (0.00s)
2026-09-17T06:20:39.2830691Z === RUN   TestRealJournalCopyRestoreAndAdversarialReplay
2026-09-17T06:20:39.2831559Z --- PASS: TestRealJournalCopyRestoreAndAdversarialReplay (53.92s)
2026-09-17T06:20:39.2832322Z === RUN   TestBoundedCopyRejectsShortLongAndCancelledInput
2026-09-17T06:20:39.2833079Z --- PASS: TestBoundedCopyRejectsShortLongAndCancelledInput (0.00s)
2026-09-17T06:20:39.2834181Z === RUN   TestCopyIOFailureAndMidstreamCancelNeverYieldDigest
2026-09-17T06:20:39.2835011Z --- PASS: TestCopyIOFailureAndMidstreamCancelNeverYieldDigest (0.00s)
2026-09-17T06:20:39.2835829Z === RUN   TestCopyPathsAndPublicEntryRejectBeforeWorker
2026-09-17T06:20:39.2836559Z --- PASS: TestCopyPathsAndPublicEntryRejectBeforeWorker (0.00s)
2026-09-17T06:20:39.2837343Z === RUN   TestPublishCopyIsCreateOnlyAndDoesNotLinkSource
2026-09-17T06:20:39.2838122Z --- PASS: TestPublishCopyIsCreateOnlyAndDoesNotLinkSource (0.01s)
2026-09-17T06:20:39.2838914Z === RUN   TestPublicationFailureAfterLinkIsExplicitlyUncertain
2026-09-17T06:20:39.2839735Z --- PASS: TestPublicationFailureAfterLinkIsExplicitlyUncertain (0.00s)
2026-09-17T06:20:39.2840654Z === RUN   TestPublicationCancellationAndExistingSymlinkDoNotOverwrite
2026-09-17T06:20:39.2841583Z --- PASS: TestPublicationCancellationAndExistingSymlinkDoNotOverwrite (0.00s)
2026-09-17T06:20:39.2842425Z === RUN   TestCopyReportDoesNotClaimConsensusOrFunds
2026-09-17T06:20:39.2843143Z --- PASS: TestCopyReportDoesNotClaimConsensusOrFunds (0.00s)
2026-09-17T06:20:39.2844162Z === RUN   TestJournalDigestDetectsChangedAndReplacedFile
2026-09-17T06:20:39.2844948Z --- PASS: TestJournalDigestDetectsChangedAndReplacedFile (0.00s)
2026-09-17T06:20:39.2845786Z === RUN   TestCancelAfterPublishRetainsCompleteCopyWithUncertainResult
2026-09-17T06:20:39.2847072Z --- PASS: TestCancelAfterPublishRetainsCompleteCopyWithUncertainResult (0.00s)
2026-09-17T06:20:39.2848125Z === RUN   TestRealOfflineStorageInspectionAndLock
2026-09-17T06:20:39.2849053Z --- PASS: TestRealOfflineStorageInspectionAndLock (73.72s)
2026-09-17T06:20:39.2849778Z === RUN   TestStorageReportBoundariesAndNoFinalityClaims
2026-09-17T06:20:39.2850761Z === RUN   TestStorageReportBoundariesAndNoFinalityClaims/normal
2026-09-17T06:20:39.2851758Z === RUN   TestStorageReportBoundariesAndNoFinalityClaims/exact-empty
2026-09-17T06:20:39.2852557Z === RUN   TestStorageReportBoundariesAndNoFinalityClaims/one-short
2026-09-17T06:20:39.2853680Z === RUN   TestStorageReportBoundariesAndNoFinalityClaims/byte-limit
2026-09-17T06:20:39.2854901Z === RUN   TestStorageReportBoundariesAndNoFinalityClaims/record-limit
2026-09-17T06:20:39.2855958Z === RUN   TestStorageReportBoundariesAndNoFinalityClaims/record-warning
2026-09-17T06:20:39.2857014Z === RUN   TestStorageReportBoundariesAndNoFinalityClaims/record-before-warning
2026-09-17T06:20:39.2858170Z === RUN   TestStorageReportBoundariesAndNoFinalityClaims/one-output-slot
2026-09-17T06:20:39.2859444Z === RUN   TestStorageReportBoundariesAndNoFinalityClaims/two-output-slots
2026-09-17T06:20:39.2860300Z --- PASS: TestStorageReportBoundariesAndNoFinalityClaims (0.00s)
2026-09-17T06:20:39.2861476Z     --- PASS: TestStorageReportBoundariesAndNoFinalityClaims/normal (0.00s)
2026-09-17T06:20:39.2862632Z     --- PASS: TestStorageReportBoundariesAndNoFinalityClaims/exact-empty (0.00s)
2026-09-17T06:20:39.2863659Z     --- PASS: TestStorageReportBoundariesAndNoFinalityClaims/one-short (0.00s)
2026-09-17T06:20:39.2864931Z     --- PASS: TestStorageReportBoundariesAndNoFinalityClaims/byte-limit (0.00s)
2026-09-17T06:20:39.2866325Z     --- PASS: TestStorageReportBoundariesAndNoFinalityClaims/record-limit (0.00s)
2026-09-17T06:20:39.2867607Z     --- PASS: TestStorageReportBoundariesAndNoFinalityClaims/record-warning (0.00s)
2026-09-17T06:20:39.2868909Z     --- PASS: TestStorageReportBoundariesAndNoFinalityClaims/record-before-warning (0.00s)
2026-09-17T06:20:39.2870283Z     --- PASS: TestStorageReportBoundariesAndNoFinalityClaims/one-output-slot (0.00s)
2026-09-17T06:20:39.2871701Z     --- PASS: TestStorageReportBoundariesAndNoFinalityClaims/two-output-slots (0.00s)
2026-09-17T06:20:39.2872713Z === RUN   TestStorageReportRejectsContradictoryCounts
2026-09-17T06:20:39.2873450Z --- PASS: TestStorageReportRejectsContradictoryCounts (0.00s)
2026-09-17T06:20:39.2874696Z === RUN   TestJournalMetadataIsReadOnlyAndDetectsOrdinaryChanges
2026-09-17T06:20:39.2875801Z --- PASS: TestJournalMetadataIsReadOnlyAndDetectsOrdinaryChanges (0.00s)
2026-09-17T06:20:39.2876622Z === RUN   TestStorageMissingInvalidPathsNeverCreateData
2026-09-17T06:20:39.2877335Z --- PASS: TestStorageMissingInvalidPathsNeverCreateData (0.00s)
2026-09-17T06:20:39.2878317Z === RUN   FuzzCanonicalPublicConfiguration
2026-09-17T06:20:39.2879960Z === RUN   FuzzCanonicalPublicConfiguration/seed#0
2026-09-17T06:20:39.2880610Z === RUN   FuzzCanonicalPublicConfiguration/seed#1
2026-09-17T06:20:39.2881245Z --- PASS: FuzzCanonicalPublicConfiguration (0.00s)
2026-09-17T06:20:39.2882273Z     --- PASS: FuzzCanonicalPublicConfiguration/seed#0 (0.00s)
2026-09-17T06:20:39.2883246Z     --- PASS: FuzzCanonicalPublicConfiguration/seed#1 (0.00s)
2026-09-17T06:20:39.2883908Z === RUN   FuzzNumericLoopbackEndpoint
2026-09-17T06:20:39.2884917Z === RUN   FuzzNumericLoopbackEndpoint/seed#0
2026-09-17T06:20:39.2885484Z === RUN   FuzzNumericLoopbackEndpoint/seed#1
2026-09-17T06:20:39.2886287Z --- PASS: FuzzNumericLoopbackEndpoint (0.00s)
2026-09-17T06:20:39.2886998Z     --- PASS: FuzzNumericLoopbackEndpoint/seed#0 (0.00s)
2026-09-17T06:20:39.2887731Z     --- PASS: FuzzNumericLoopbackEndpoint/seed#1 (0.00s)
2026-09-17T06:20:39.2888367Z === RUN   FuzzStorageCheckpointInputs
2026-09-17T06:20:39.2889122Z === RUN   FuzzStorageCheckpointInputs/seed#0
2026-09-17T06:20:39.2889680Z === RUN   FuzzStorageCheckpointInputs/seed#1
2026-09-17T06:20:39.2890496Z === RUN   FuzzStorageCheckpointInputs/seed#2
2026-09-17T06:20:39.2891064Z --- PASS: FuzzStorageCheckpointInputs (0.00s)
2026-09-17T06:20:39.2891951Z     --- PASS: FuzzStorageCheckpointInputs/seed#0 (0.00s)
2026-09-17T06:20:39.2892820Z     --- PASS: FuzzStorageCheckpointInputs/seed#1 (0.00s)
2026-09-17T06:20:39.2893991Z     --- PASS: FuzzStorageCheckpointInputs/seed#2 (0.00s)
2026-09-17T06:20:39.2894708Z === RUN   FuzzStorageAccounting
2026-09-17T06:20:39.2895508Z === RUN   FuzzStorageAccounting/seed#0
2026-09-17T06:20:39.2896095Z === RUN   FuzzStorageAccounting/seed#1
2026-09-17T06:20:39.2896811Z --- PASS: FuzzStorageAccounting (0.00s)
2026-09-17T06:20:39.2897349Z     --- PASS: FuzzStorageAccounting/seed#0 (0.00s)
2026-09-17T06:20:39.2898383Z     --- PASS: FuzzStorageAccounting/seed#1 (0.00s)
2026-09-17T06:20:39.2898979Z PASS
2026-09-17T06:20:39.2899578Z ok  	github.com/youq616/Zevune/integration/cometbft/labnet	462.860s
2026-09-17T06:20:39.2900315Z === RUN   TestMalformedCommandsNeverCreateOrOverwrite
2026-09-17T06:20:39.2901951Z --- PASS: TestMalformedCommandsNeverCreateOrOverwrite (0.00s)
2026-09-17T06:20:39.2903022Z === RUN   TestBoundedPublicTransactionFiles
2026-09-17T06:20:39.2903850Z --- PASS: TestBoundedPublicTransactionFiles (0.00s)
2026-09-17T06:20:39.2904661Z === RUN   TestStorageCommandRejectsNetworkAndMutationFlags
2026-09-17T06:20:39.2905450Z --- PASS: TestStorageCommandRejectsNetworkAndMutationFlags (0.00s)
2026-09-17T06:20:39.2906326Z === RUN   TestSyncSubmitRejectInvalidCheckpointBeforeOtherInput
2026-09-17T06:20:39.2907191Z --- PASS: TestSyncSubmitRejectInvalidCheckpointBeforeOtherInput (0.00s)
2026-09-17T06:20:39.2908007Z === RUN   TestStorageCheckpointFlagPair
2026-09-17T06:20:39.2908597Z --- PASS: TestStorageCheckpointFlagPair (0.00s)
2026-09-17T06:20:39.2909844Z === RUN   TestCheckpointSyntaxDoesNotSelectAStorageProfile
2026-09-17T06:20:39.2910700Z --- PASS: TestCheckpointSyntaxDoesNotSelectAStorageProfile (0.00s)
2026-09-17T06:20:39.2911678Z === RUN   TestStorageCheckpointCLIRejectsPartialDuplicateAndWrongCommands
2026-09-17T06:20:39.2912816Z --- PASS: TestStorageCheckpointCLIRejectsPartialDuplicateAndWrongCommands (0.00s)
2026-09-17T06:20:39.2913794Z === RUN   TestExplicitEmptyStorageCheckpointDoesNotDisableCheck
2026-09-17T06:20:39.2914720Z --- PASS: TestExplicitEmptyStorageCheckpointDoesNotDisableCheck (0.00s)
2026-09-17T06:20:39.2915653Z === RUN   TestStorageCopyRequiresExplicitCheckpointAndOfflinePaths
2026-09-17T06:20:39.2916566Z --- PASS: TestStorageCopyRequiresExplicitCheckpointAndOfflinePaths (0.00s)
2026-09-17T06:20:39.2917289Z PASS
2026-09-17T06:20:39.2917954Z ok  	github.com/youq616/Zevune/integration/cometbft/cmd/zevune-network	0.043s
2026-09-17T06:20:55.4900048Z ##[group]Run git diff --exit-code
2026-09-17T06:20:55.4900511Z [36;1mgit diff --exit-code[0m
2026-09-17T06:20:55.4912088Z shell: C:\Program Files\Git\bin\bash.EXE --noprofile --norc -e -o pipefail {0}
2026-09-17T06:20:55.4912563Z env:
2026-09-17T06:20:55.4913009Z   RAYON_NUM_THREADS: 2
2026-09-17T06:20:55.4913616Z   CARGO_BUILD_JOBS: 2
2026-09-17T06:20:55.4913953Z   GOTOOLCHAIN: local
2026-09-17T06:20:55.4914438Z   ZEVUNE_NETWORK_OPERATOR: D:\a\_temp\zevune-local-bundle\zevune-network.exe
2026-09-17T06:20:55.4914976Z   ZEVUNE_POOL_WORKER: D:\a\_temp\zevune-local-bundle\zevune-pool-worker.exe
2026-09-17T06:20:55.4915624Z   ZEVUNE_FUNDED_SCENARIO: D:\a\Zevune\Zevune\integration\orchard\target\release\zevune-funded-scenario.exe
2026-09-17T06:20:55.4916145Z ##[endgroup]
2026-09-17T06:20:56.4391229Z Node 20 is being deprecated. This workflow is running with Node 24 by default. If you need to temporarily use Node 20, you can set the ACTIONS_ALLOW_USE_UNSECURE_NODE_VERSION=true environment variable. For more information see: https://github.blog/changelog/2025-09-19-deprecation-of-node-20-on-github-actions-runners/
2026-09-17T06:20:56.4392801Z ##[group]Run actions/upload-artifact@ea165f8d65b6e75b540449e92b4886f43607fa02
2026-09-17T06:20:56.4393156Z with:
2026-09-17T06:20:56.4393337Z   name: zevune-local-lab-Windows
2026-09-17T06:20:56.4393615Z   path: D:\a\_temp/zevune-local-bundle/
2026-09-17T06:20:56.4393907Z   if-no-files-found: error
2026-09-17T06:20:56.4394173Z   retention-days: 7
2026-09-17T06:20:56.4394444Z   compression-level: 6
2026-09-17T06:20:56.4394697Z   overwrite: false
2026-09-17T06:20:56.4394906Z   include-hidden-files: false
2026-09-17T06:20:56.4395123Z env:
2026-09-17T06:20:56.4395308Z   RAYON_NUM_THREADS: 2
2026-09-17T06:20:56.4395536Z   CARGO_BUILD_JOBS: 2
2026-09-17T06:20:56.4395708Z   GOTOOLCHAIN: local
2026-09-17T06:20:56.4395985Z   ZEVUNE_NETWORK_OPERATOR: D:\a\_temp\zevune-local-bundle\zevune-network.exe
2026-09-17T06:20:56.4396405Z   ZEVUNE_POOL_WORKER: D:\a\_temp\zevune-local-bundle\zevune-pool-worker.exe
2026-09-17T06:20:56.4396884Z   ZEVUNE_FUNDED_SCENARIO: D:\a\Zevune\Zevune\integration\orchard\target\release\zevune-funded-scenario.exe
2026-09-17T06:20:56.4397304Z ##[endgroup]
2026-09-17T06:20:56.6487576Z (node:4964) [DEP0040] DeprecationWarning: The `punycode` module is deprecated. Please use a userland alternative instead.
2026-09-17T06:20:56.6488513Z (Use `node --trace-deprecation ...` to show where the warning was created)
2026-09-17T06:20:56.6572350Z With the provided path, there will be 6 files uploaded
2026-09-17T06:20:56.6578647Z Artifact name is valid!
2026-09-17T06:20:56.6580296Z Root directory input is valid!
2026-09-17T06:20:56.9076176Z Beginning upload of artifact content to blob storage
2026-09-17T06:20:57.5933650Z (node:4964) [DEP0169] DeprecationWarning: `url.parse()` behavior is not standardized and prone to errors that have security implications. Use the WHATWG URL API instead. CVEs are not issued for `url.parse()` vulnerabilities.
2026-09-17T06:20:58.1262743Z Uploaded bytes 8388608
2026-09-17T06:20:58.6503073Z Uploaded bytes 16777216
2026-09-17T06:20:58.8336512Z Uploaded bytes 22392795
2026-09-17T06:20:58.8786402Z Finished uploading artifact content to blob storage!
2026-09-17T06:20:58.8787943Z SHA256 digest of uploaded artifact zip is a1fd89e8ec56cfd00634198dab218268cfb2a0583eaf7a1e919de3b57d755e16
2026-09-17T06:20:58.8790295Z Finalizing artifact upload
2026-09-17T06:20:59.0830231Z Artifact zevune-local-lab-Windows.zip successfully finalized. Artifact ID 10483507310
2026-09-17T06:20:59.0831360Z Artifact zevune-local-lab-Windows has been successfully uploaded! Final size is 22392795 bytes. Artifact ID is 10483507310
2026-09-17T06:20:59.0841956Z Artifact download URL: https://github.com/youq616/Zevune/actions/runs/35187182266/artifacts/10483507310
2026-09-17T06:20:59.1191116Z Node 20 is being deprecated. This workflow is running with Node 24 by default. If you need to temporarily use Node 20, you can set the ACTIONS_ALLOW_USE_UNSECURE_NODE_VERSION=true environment variable. For more information see: https://github.blog/changelog/2025-09-19-deprecation-of-node-20-on-github-actions-runners/
2026-09-17T06:20:59.1192408Z Post job cleanup.
2026-09-17T06:20:59.2652741Z (node:8740) [DEP0040] DeprecationWarning: The `punycode` module is deprecated. Please use a userland alternative instead.
2026-09-17T06:20:59.2653463Z (Use `node --trace-deprecation ...` to show where the warning was created)
2026-09-17T06:20:59.3346386Z [command]C:\hostedtoolcache\windows\go\1.27.1\x64\bin\go.exe env GOMODCACHE
2026-09-17T06:20:59.3432435Z [command]C:\hostedtoolcache\windows\go\1.27.1\x64\bin\go.exe env GOCACHE
2026-09-17T06:20:59.3630527Z C:\Users\runneradmin\go\pkg\mod
2026-09-17T06:20:59.3686950Z C:\Users\runneradmin\AppData\Local\go-build
2026-09-17T06:20:59.3713839Z Cache hit occurred on the primary key setup-go-Windows-x64-go-1.27.1-ef6b0fbca0a8d0b6206b16c85f11c4a6c772908ae2660ca86a6b7ee95979c938, not saving cache.
2026-09-17T06:20:59.3992684Z Post job cleanup.
2026-09-17T06:20:59.5607879Z [command]"C:\Program Files\Git\bin\git.exe" version
2026-09-17T06:20:59.5872909Z git version 2.55.0.windows.5
2026-09-17T06:20:59.5938139Z Temporarily overriding HOME='D:\a\_temp\20bfac89-1c8b-4ba5-aabe-3125624b4979' before making global git config changes
2026-09-17T06:20:59.5939199Z Adding repository directory to the temporary git global config as a safe directory
2026-09-17T06:20:59.5949143Z [command]"C:\Program Files\Git\bin\git.exe" config --global --add safe.directory D:\a\Zevune\Zevune
2026-09-17T06:20:59.6312966Z [command]"C:\Program Files\Git\bin\git.exe" config --local --name-only --get-regexp core\.sshCommand
2026-09-17T06:20:59.6624852Z [command]"C:\Program Files\Git\bin\git.exe" submodule foreach --recursive "sh -c \"git config --local --name-only --get-regexp 'core\.sshCommand' && git config --local --unset-all 'core.sshCommand' || :\""
2026-09-17T06:21:00.6186890Z [command]"C:\Program Files\Git\bin\git.exe" config --local --name-only --get-regexp http\.https\:\/\/github\.com\/\.extraheader
2026-09-17T06:21:00.6463068Z [command]"C:\Program Files\Git\bin\git.exe" submodule foreach --recursive "sh -c \"git config --local --name-only --get-regexp 'http\.https\:\/\/github\.com\/\.extraheader' && git config --local --unset-all 'http.https://github.com/.extraheader' || :\""
2026-09-17T06:21:01.1620794Z Cleaning up orphan processes
2026-09-17T06:21:01.1962904Z Terminate orphan process: pid (1520) (vctip)
2026-09-17T06:21:01.2299601Z ##[warning]Node.js 20 is deprecated. The following actions target Node.js 20 but are being forced to run on Node.js 24: actions/setup-go@44694675825211faa026b3c33043df3e48a5fa00, actions/upload-artifact@ea165f8d65b6e75b540449e92b4886f43607fa02. For more information see: https://github.blog/changelog/2025-09-19-deprecation-of-node-20-on-github-actions-runners/
