2026-09-17T06:27:04.6005678Z Current runner version: '2.337.0'
2026-09-17T06:27:04.6029121Z ##[group]Runner Image Provisioner
2026-09-17T06:27:04.6030068Z Hosted Compute Agent
2026-09-17T06:27:04.6030798Z Version: 20260828.587
2026-09-17T06:27:04.6031474Z Commit: abac92662cab4cc7352de4f9f9d2e2419aad9c29
2026-09-17T06:27:04.6032269Z Build Date: 2026-08-28T16:44:25Z
2026-09-17T06:27:04.6033032Z Worker ID: {62a6f251-aa38-4fb6-a417-e0e3070f230f}
2026-09-17T06:27:04.6033789Z Azure Region: westus2
2026-09-17T06:27:04.6034427Z ##[endgroup]
2026-09-17T06:27:04.6035916Z ##[group]Operating System
2026-09-17T06:27:04.6036931Z Ubuntu
2026-09-17T06:27:04.6037611Z 24.04.5
2026-09-17T06:27:04.6038198Z LTS
2026-09-17T06:27:04.6038779Z ##[endgroup]
2026-09-17T06:27:04.6039365Z ##[group]Runner Image
2026-09-17T06:27:04.6039964Z Image: ubuntu-24.04
2026-09-17T06:27:04.6040657Z Version: 20260907.300.1
2026-09-17T06:27:04.6041942Z Included Software: https://github.com/actions/runner-images/blob/ubuntu24/20260907.300/images/ubuntu/Ubuntu2404-Readme.md
2026-09-17T06:27:04.6043634Z Image Release: https://github.com/actions/runner-images/releases/tag/ubuntu24%2F20260907.300
2026-09-17T06:27:04.6044640Z ##[endgroup]
2026-09-17T06:27:04.6045874Z ##[group]GITHUB_TOKEN Permissions
2026-09-17T06:27:04.6048052Z Contents: read
2026-09-17T06:27:04.6048786Z Metadata: read
2026-09-17T06:27:04.6049360Z ##[endgroup]
2026-09-17T06:27:04.6051410Z Secret source: Actions
2026-09-17T06:27:04.6052446Z Cache mode: write
2026-09-17T06:27:04.6053181Z Prepare workflow directory
2026-09-17T06:27:04.6465471Z Prepare all required actions
2026-09-17T06:27:04.6511984Z Getting action download info
2026-09-17T06:27:05.0032532Z Download action repository 'actions/checkout@08c6903cd8c0fde910a37f88322edcfb5dd907a8' (SHA:08c6903cd8c0fde910a37f88322edcfb5dd907a8)
2026-09-17T06:27:05.1418201Z Download action repository 'actions/setup-go@44694675825211faa026b3c33043df3e48a5fa00' (SHA:44694675825211faa026b3c33043df3e48a5fa00)
2026-09-17T06:27:05.4878746Z Complete job name: growth (ubuntu-latest)
2026-09-17T06:27:05.5646928Z ##[group]Run actions/checkout@08c6903cd8c0fde910a37f88322edcfb5dd907a8
2026-09-17T06:27:05.5648123Z with:
2026-09-17T06:27:05.5648582Z   persist-credentials: false
2026-09-17T06:27:05.5649135Z   repository: youq616/Zevune
2026-09-17T06:27:05.5653075Z   token: ***
2026-09-17T06:27:05.5653519Z   ssh-strict: true
2026-09-17T06:27:05.5653973Z   ssh-user: git
2026-09-17T06:27:05.5654407Z   clean: true
2026-09-17T06:27:05.5654869Z   sparse-checkout-cone-mode: true
2026-09-17T06:27:05.5655414Z   fetch-depth: 1
2026-09-17T06:27:05.5655867Z   fetch-tags: false
2026-09-17T06:27:05.5656541Z   show-progress: true
2026-09-17T06:27:05.5657022Z   lfs: false
2026-09-17T06:27:05.5657453Z   submodules: false
2026-09-17T06:27:05.5657916Z   set-safe-directory: true
2026-09-17T06:27:05.5658648Z env:
2026-09-17T06:27:05.5659073Z   RAYON_NUM_THREADS: 2
2026-09-17T06:27:05.5659557Z   CARGO_BUILD_JOBS: 2
2026-09-17T06:27:05.5660013Z ##[endgroup]
2026-09-17T06:27:05.6697255Z Syncing repository: youq616/Zevune
2026-09-17T06:27:05.6699867Z ##[group]Getting Git version info
2026-09-17T06:27:05.6701002Z Working directory is '/home/runner/work/Zevune/Zevune'
2026-09-17T06:27:05.6702714Z [command]/usr/bin/git version
2026-09-17T06:27:05.6813985Z git version 2.55.0
2026-09-17T06:27:05.6868280Z ##[endgroup]
2026-09-17T06:27:05.6875919Z Temporarily overriding HOME='/home/runner/work/_temp/dce7cc96-1976-4a55-bdc1-c11b9ff7e3f2' before making global git config changes
2026-09-17T06:27:05.6880187Z Adding repository directory to the temporary git global config as a safe directory
2026-09-17T06:27:05.6887892Z [command]/usr/bin/git config --global --add safe.directory /home/runner/work/Zevune/Zevune
2026-09-17T06:27:05.6942662Z Deleting the contents of '/home/runner/work/Zevune/Zevune'
2026-09-17T06:27:05.6944953Z ##[group]Initializing the repository
2026-09-17T06:27:05.6946763Z [command]/usr/bin/git init /home/runner/work/Zevune/Zevune
2026-09-17T06:27:05.7049111Z hint: Using 'master' as the name for the initial branch. This default branch name
2026-09-17T06:27:05.7058325Z hint: will change to "main" in Git 3.0. To configure the initial branch name
2026-09-17T06:27:05.7060376Z hint: to use in all of your new repositories, which will suppress this warning,
2026-09-17T06:27:05.7062561Z hint: call:
2026-09-17T06:27:05.7063581Z hint:
2026-09-17T06:27:05.7065326Z hint: 	git config --global init.defaultBranch <name>
2026-09-17T06:27:05.7067222Z hint:
2026-09-17T06:27:05.7068462Z hint: Names commonly chosen instead of 'master' are 'main', 'trunk' and
2026-09-17T06:27:05.7070331Z hint: 'development'. The just-created branch can be renamed via this command:
2026-09-17T06:27:05.7071805Z hint:
2026-09-17T06:27:05.7072645Z hint: 	git branch -m <name>
2026-09-17T06:27:05.7073593Z hint:
2026-09-17T06:27:05.7075139Z hint: Disable this message with "git config set advice.defaultBranchName false"
2026-09-17T06:27:05.7077538Z Initialized empty Git repository in /home/runner/work/Zevune/Zevune/.git/
2026-09-17T06:27:05.7081222Z [command]/usr/bin/git remote add origin https://github.com/youq616/Zevune
2026-09-17T06:27:05.7131726Z ##[endgroup]
2026-09-17T06:27:05.7133650Z ##[group]Disabling automatic garbage collection
2026-09-17T06:27:05.7138638Z [command]/usr/bin/git config --local gc.auto 0
2026-09-17T06:27:05.7178447Z ##[endgroup]
2026-09-17T06:27:05.7180431Z ##[group]Setting up auth
2026-09-17T06:27:05.7190235Z [command]/usr/bin/git config --local --name-only --get-regexp core\.sshCommand
2026-09-17T06:27:05.7234414Z [command]/usr/bin/git submodule foreach --recursive sh -c "git config --local --name-only --get-regexp 'core\.sshCommand' && git config --local --unset-all 'core.sshCommand' || :"
2026-09-17T06:27:05.7619969Z [command]/usr/bin/git config --local --name-only --get-regexp http\.https\:\/\/github\.com\/\.extraheader
2026-09-17T06:27:05.7660395Z [command]/usr/bin/git submodule foreach --recursive sh -c "git config --local --name-only --get-regexp 'http\.https\:\/\/github\.com\/\.extraheader' && git config --local --unset-all 'http.https://github.com/.extraheader' || :"
2026-09-17T06:27:05.7888993Z [command]/usr/bin/git config --local http.https://github.com/.extraheader AUTHORIZATION: basic ***
2026-09-17T06:27:05.7930832Z ##[endgroup]
2026-09-17T06:27:05.7932525Z ##[group]Fetching the repository
2026-09-17T06:27:05.7942109Z [command]/usr/bin/git -c protocol.version=2 fetch --no-tags --prune --no-recurse-submodules --depth=1 origin +caece5bb6e82adc11156601880d7e1b4f2b5f463:refs/remotes/pull/11/merge
2026-09-17T06:27:06.2540849Z From https://github.com/youq616/Zevune
2026-09-17T06:27:06.2542655Z  * [new ref]         caece5bb6e82adc11156601880d7e1b4f2b5f463 -> pull/11/merge
2026-09-17T06:27:06.2547292Z ##[endgroup]
2026-09-17T06:27:06.2548423Z ##[group]Determining the checkout info
2026-09-17T06:27:06.2550123Z ##[endgroup]
2026-09-17T06:27:06.2555996Z [command]/usr/bin/git sparse-checkout disable
2026-09-17T06:27:06.2608083Z [command]/usr/bin/git config --local --unset-all extensions.worktreeConfig
2026-09-17T06:27:06.2645987Z ##[group]Checking out the ref
2026-09-17T06:27:06.2649783Z [command]/usr/bin/git checkout --progress --force refs/remotes/pull/11/merge
2026-09-17T06:27:06.2873900Z Note: switching to 'refs/remotes/pull/11/merge'.
2026-09-17T06:27:06.2874673Z 
2026-09-17T06:27:06.2875136Z You are in 'detached HEAD' state. You can look around, make experimental
2026-09-17T06:27:06.2876554Z changes and commit them, and you can discard any commits you make in this
2026-09-17T06:27:06.2877670Z state without impacting any branches by switching back to a branch.
2026-09-17T06:27:06.2878290Z 
2026-09-17T06:27:06.2878879Z If you want to create a new branch to retain commits you create, you may
2026-09-17T06:27:06.2879880Z do so (now or later) by using -c with the switch command. Example:
2026-09-17T06:27:06.2880506Z 
2026-09-17T06:27:06.2880905Z   git switch -c <new-branch-name>
2026-09-17T06:27:06.2881806Z 
2026-09-17T06:27:06.2882389Z Or undo this operation with:
2026-09-17T06:27:06.2883213Z 
2026-09-17T06:27:06.2883735Z   git switch -
2026-09-17T06:27:06.2884747Z 
2026-09-17T06:27:06.2885720Z Turn off this advice by setting config variable advice.detachedHead to false
2026-09-17T06:27:06.2887125Z 
2026-09-17T06:27:06.2888382Z HEAD is now at caece5b Merge cd5fe98053ce64e1acc6796dae44ec0e822c124f into 8324ec8bd153d9502e3e6761d25bfe281a5f3b44
2026-09-17T06:27:06.2892618Z ##[endgroup]
2026-09-17T06:27:06.2930899Z [command]/usr/bin/git log -1 --format=%H
2026-09-17T06:27:06.2957076Z caece5bb6e82adc11156601880d7e1b4f2b5f463
2026-09-17T06:27:06.2966207Z ##[group]Removing auth
2026-09-17T06:27:06.2970040Z [command]/usr/bin/git config --local --name-only --get-regexp core\.sshCommand
2026-09-17T06:27:06.3002898Z [command]/usr/bin/git submodule foreach --recursive sh -c "git config --local --name-only --get-regexp 'core\.sshCommand' && git config --local --unset-all 'core.sshCommand' || :"
2026-09-17T06:27:06.3222096Z [command]/usr/bin/git config --local --name-only --get-regexp http\.https\:\/\/github\.com\/\.extraheader
2026-09-17T06:27:06.3251180Z http.https://github.com/.extraheader
2026-09-17T06:27:06.3260013Z [command]/usr/bin/git config --local --unset-all http.https://github.com/.extraheader
2026-09-17T06:27:06.3293224Z [command]/usr/bin/git submodule foreach --recursive sh -c "git config --local --name-only --get-regexp 'http\.https\:\/\/github\.com\/\.extraheader' && git config --local --unset-all 'http.https://github.com/.extraheader' || :"
2026-09-17T06:27:06.3506727Z ##[endgroup]
2026-09-17T06:27:06.3851666Z Node 20 is being deprecated. This workflow is running with Node 24 by default. If you need to temporarily use Node 20, you can set the ACTIONS_ALLOW_USE_UNSECURE_NODE_VERSION=true environment variable. For more information see: https://github.blog/changelog/2025-09-19-deprecation-of-node-20-on-github-actions-runners/
2026-09-17T06:27:06.3854437Z ##[group]Run actions/setup-go@44694675825211faa026b3c33043df3e48a5fa00
2026-09-17T06:27:06.3855167Z with:
2026-09-17T06:27:06.3855600Z   go-version: 1.27.1
2026-09-17T06:27:06.3856156Z   cache-dependency-path: integration/cometbft/go.sum
2026-09-17T06:27:06.3857212Z   check-latest: false
2026-09-17T06:27:06.3861159Z   token: ***
2026-09-17T06:27:06.3861600Z   cache: true
2026-09-17T06:27:06.3862022Z env:
2026-09-17T06:27:06.3862433Z   RAYON_NUM_THREADS: 2
2026-09-17T06:27:06.3862898Z   CARGO_BUILD_JOBS: 2
2026-09-17T06:27:06.3863360Z ##[endgroup]
2026-09-17T06:27:06.5168009Z Setup go version spec 1.27.1
2026-09-17T06:27:06.5179376Z Attempting to download 1.27.1...
2026-09-17T06:27:06.5287605Z (node:2268) [DEP0040] DeprecationWarning: The `punycode` module is deprecated. Please use a userland alternative instead.
2026-09-17T06:27:06.5289208Z (Use `node --trace-deprecation ...` to show where the warning was created)
2026-09-17T06:27:07.3292165Z matching 1.27.1...
2026-09-17T06:27:07.3317524Z Acquiring 1.27.1 from https://github.com/actions/go-versions/releases/download/1.27.1-33583469715/go-1.27.1-linux-x64.tar.gz
2026-09-17T06:27:07.8624372Z Extracting Go...
2026-09-17T06:27:07.8745894Z [command]/usr/bin/tar xz --warning=no-unknown-keyword --overwrite -C /home/runner/work/_temp/2f6c8293-14fe-4b06-b23d-9d05326f63e1 -f /home/runner/work/_temp/1a19cf1a-0385-494c-b912-b0017ae79caa
2026-09-17T06:27:09.5998259Z Successfully extracted go to /home/runner/work/_temp/2f6c8293-14fe-4b06-b23d-9d05326f63e1
2026-09-17T06:27:09.5999329Z Adding to the cache ...
2026-09-17T06:27:16.5243242Z Successfully cached go to /opt/hostedtoolcache/go/1.27.1/x64
2026-09-17T06:27:16.5245936Z Added go to the path
2026-09-17T06:27:16.5248968Z Successfully set up Go version 1.27.1
2026-09-17T06:27:16.5494531Z [command]/opt/hostedtoolcache/go/1.27.1/x64/bin/go env GOMODCACHE
2026-09-17T06:27:16.5543300Z [command]/opt/hostedtoolcache/go/1.27.1/x64/bin/go env GOCACHE
2026-09-17T06:27:16.5589746Z /home/runner/go/pkg/mod
2026-09-17T06:27:16.5609140Z /home/runner/.cache/go-build
2026-09-17T06:27:16.7968780Z Cache hit for: setup-go-Linux-x64-ubuntu24-go-1.27.1-ef6b0fbca0a8d0b6206b16c85f11c4a6c772908ae2660ca86a6b7ee95979c938
2026-09-17T06:27:16.8083741Z (node:2268) [DEP0169] DeprecationWarning: `url.parse()` behavior is not standardized and prone to errors that have security implications. Use the WHATWG URL API instead. CVEs are not issued for `url.parse()` vulnerabilities.
2026-09-17T06:27:18.0874429Z Received 4194304 of 484452015 (0.9%), 4.0 MBs/sec
2026-09-17T06:27:19.0896758Z Received 109051904 of 484452015 (22.5%), 51.9 MBs/sec
2026-09-17T06:27:20.0894160Z Received 222298112 of 484452015 (45.9%), 70.6 MBs/sec
2026-09-17T06:27:21.0907765Z Received 264241152 of 484452015 (54.5%), 63.0 MBs/sec
2026-09-17T06:27:22.0906726Z Received 352321536 of 484452015 (72.7%), 67.1 MBs/sec
2026-09-17T06:27:23.0904322Z Received 402653184 of 484452015 (83.1%), 64.0 MBs/sec
2026-09-17T06:27:24.0907825Z Received 480257711 of 484452015 (99.1%), 65.4 MBs/sec
2026-09-17T06:27:24.4961040Z Received 484452015 of 484452015 (100.0%), 62.4 MBs/sec
2026-09-17T06:27:24.4962139Z Cache Size: ~462 MB (484452015 B)
2026-09-17T06:27:24.5001833Z [command]/usr/bin/tar -xf /home/runner/work/_temp/bf54d677-5a2a-41a8-b8da-de793c7cb43f/cache.tzst -P -C /home/runner/work/Zevune/Zevune --use-compress-program unzstd
2026-09-17T06:27:27.1658247Z Cache restored successfully
2026-09-17T06:27:27.1865516Z Cache restored from key: setup-go-Linux-x64-ubuntu24-go-1.27.1-ef6b0fbca0a8d0b6206b16c85f11c4a6c772908ae2660ca86a6b7ee95979c938
2026-09-17T06:27:27.1887817Z go version go1.27.1 linux/amd64
2026-09-17T06:27:27.1888058Z 
2026-09-17T06:27:27.1888671Z ##[group]go env
2026-09-17T06:27:27.2116163Z AR='ar'
2026-09-17T06:27:27.2116841Z CC='gcc'
2026-09-17T06:27:27.2117224Z CGO_CFLAGS='-O2 -g'
2026-09-17T06:27:27.2117559Z CGO_CPPFLAGS=''
2026-09-17T06:27:27.2117811Z CGO_CXXFLAGS='-O2 -g'
2026-09-17T06:27:27.2118283Z CGO_ENABLED='1'
2026-09-17T06:27:27.2118664Z CGO_FFLAGS='-O2 -g'
2026-09-17T06:27:27.2119047Z CGO_LDFLAGS='-O2 -g'
2026-09-17T06:27:27.2119427Z CXX='g++'
2026-09-17T06:27:27.2119780Z GCCGO='gccgo'
2026-09-17T06:27:27.2120180Z GO111MODULE=''
2026-09-17T06:27:27.2120555Z GOAMD64='v1'
2026-09-17T06:27:27.2120950Z GOARCH='amd64'
2026-09-17T06:27:27.2121333Z GOAUTH='netrc'
2026-09-17T06:27:27.2121709Z GOBIN='/home/runner/go/bin'
2026-09-17T06:27:27.2122178Z GOCACHE='/home/runner/.cache/go-build'
2026-09-17T06:27:27.2122656Z GOCACHEPROG=''
2026-09-17T06:27:27.2122997Z GODEBUG=''
2026-09-17T06:27:27.2123369Z GOENV='/home/runner/.config/go/env'
2026-09-17T06:27:27.2123811Z GOEXE=''
2026-09-17T06:27:27.2124135Z GOEXPERIMENT=''
2026-09-17T06:27:27.2124509Z GOFIPS140='off'
2026-09-17T06:27:27.2124852Z GOFLAGS=''
2026-09-17T06:27:27.2126055Z GOGCCFLAGS='-fPIC -m64 -pthread -Wl,--no-gc-sections -fmessage-length=0 -ffile-prefix-map=/tmp/go-build3645200906=/tmp/go-build -gno-record-gcc-switches'
2026-09-17T06:27:27.2127531Z GOHOSTARCH='amd64'
2026-09-17T06:27:27.2127900Z GOHOSTOS='linux'
2026-09-17T06:27:27.2128266Z GOINSECURE=''
2026-09-17T06:27:27.2128679Z GOMOD='/home/runner/work/Zevune/Zevune/go.mod'
2026-09-17T06:27:27.2129025Z GOMODCACHE='/home/runner/go/pkg/mod'
2026-09-17T06:27:27.2129297Z GONOPROXY=''
2026-09-17T06:27:27.2129509Z GONOSUMDB=''
2026-09-17T06:27:27.2129706Z GOOS='linux'
2026-09-17T06:27:27.2129910Z GOPACKAGESDRIVER=''
2026-09-17T06:27:27.2130146Z GOPATH='/home/runner/go'
2026-09-17T06:27:27.2130377Z GOPRIVATE=''
2026-09-17T06:27:27.2130664Z GOPROXY='https://proxy.golang.org,direct'
2026-09-17T06:27:27.2131012Z GOROOT='/opt/hostedtoolcache/go/1.27.1/x64'
2026-09-17T06:27:27.2131320Z GOSUMDB='sum.golang.org'
2026-09-17T06:27:27.2131571Z GOTELEMETRY='local'
2026-09-17T06:27:27.2131855Z GOTELEMETRYDIR='/home/runner/.config/go/telemetry'
2026-09-17T06:27:27.2132168Z GOTMPDIR=''
2026-09-17T06:27:27.2132381Z GOTOOLCHAIN='local'
2026-09-17T06:27:27.2132750Z GOTOOLDIR='/opt/hostedtoolcache/go/1.27.1/x64/pkg/tool/linux_amd64'
2026-09-17T06:27:27.2133113Z GOVCS=''
2026-09-17T06:27:27.2133345Z GOVERSION='go1.27.1'
2026-09-17T06:27:27.2133557Z GOWORK=''
2026-09-17T06:27:27.2133892Z PKG_CONFIG='pkg-config'
2026-09-17T06:27:27.2134047Z 
2026-09-17T06:27:27.2134330Z ##[endgroup]
2026-09-17T06:27:27.2351961Z ##[group]Run rustup toolchain install 1.98.1 --profile minimal
2026-09-17T06:27:27.2352687Z [36;1mrustup toolchain install 1.98.1 --profile minimal[0m
2026-09-17T06:27:27.2395848Z shell: /usr/bin/bash --noprofile --norc -e -o pipefail {0}
2026-09-17T06:27:27.2396539Z env:
2026-09-17T06:27:27.2396789Z   RAYON_NUM_THREADS: 2
2026-09-17T06:27:27.2397027Z   CARGO_BUILD_JOBS: 2
2026-09-17T06:27:27.2397245Z   GOTOOLCHAIN: local
2026-09-17T06:27:27.2397478Z ##[endgroup]
2026-09-17T06:27:27.3009276Z info: syncing channel updates for 1.98.1-x86_64-unknown-linux-gnu
2026-09-17T06:27:27.4688799Z info: latest update on 2026-09-03 for version 1.98.1 (48a229cea 2026-09-01)
2026-09-17T06:27:27.4689285Z info: downloading 3 components
2026-09-17T06:27:34.7536777Z 
2026-09-17T06:27:34.7607027Z   1.98.1-x86_64-unknown-linux-gnu installed - rustc 1.98.1 (48a229cea 2026-09-01)
2026-09-17T06:27:34.7607614Z 
2026-09-17T06:27:34.7683282Z ##[group]Run cargo +1.98.1 build --manifest-path integration/orchard/Cargo.toml --locked --release --features local-funding-lab --bins
2026-09-17T06:27:34.7684285Z [36;1mcargo +1.98.1 build --manifest-path integration/orchard/Cargo.toml --locked --release --features local-funding-lab --bins[0m
2026-09-17T06:27:34.7722616Z shell: /usr/bin/bash --noprofile --norc -e -o pipefail {0}
2026-09-17T06:27:34.7722967Z env:
2026-09-17T06:27:34.7723158Z   RAYON_NUM_THREADS: 2
2026-09-17T06:27:34.7723383Z   CARGO_BUILD_JOBS: 2
2026-09-17T06:27:34.7723596Z   GOTOOLCHAIN: local
2026-09-17T06:27:34.7723814Z ##[endgroup]
2026-09-17T06:27:34.8098234Z     Updating crates.io index
2026-09-17T06:27:35.1731398Z  Downloading crates ...
2026-09-17T06:27:35.2699237Z   Downloaded aead v0.5.2
2026-09-17T06:27:35.2750830Z   Downloaded tap v1.0.1
2026-09-17T06:27:35.2767753Z   Downloaded const-crc32-nostd v1.3.1
2026-09-17T06:27:35.2781477Z   Downloaded generic-array v0.14.7
2026-09-17T06:27:35.2800182Z   Downloaded scopeguard v1.2.0
2026-09-17T06:27:35.2817315Z   Downloaded arrayvec v0.7.8
2026-09-17T06:27:35.2843487Z   Downloaded cpufeatures v0.2.17
2026-09-17T06:27:35.2859959Z   Downloaded frost-rerandomized v3.0.0
2026-09-17T06:27:35.2877510Z   Downloaded stable_deref_trait v1.2.1
2026-09-17T06:27:35.2887792Z   Downloaded lock_api v0.4.14
2026-09-17T06:27:35.2898662Z   Downloaded pin-project-lite v0.2.17
2026-09-17T06:27:35.2969617Z   Downloaded cipher v0.4.4
2026-09-17T06:27:35.2984581Z   Downloaded halo2_poseidon v0.1.0
2026-09-17T06:27:35.3003789Z   Downloaded crossbeam-utils v0.8.23
2026-09-17T06:27:35.3040207Z   Downloaded thiserror v2.0.20
2026-09-17T06:27:35.3140230Z   Downloaded num-traits v0.2.19
2026-09-17T06:27:35.3171350Z   Downloaded rayon-core v1.13.0
2026-09-17T06:27:35.3213165Z   Downloaded serde_core v1.0.229
2026-09-17T06:27:35.3243483Z   Downloaded autocfg v1.5.1
2026-09-17T06:27:35.3263165Z   Downloaded itertools v0.14.0
2026-09-17T06:27:35.3334709Z   Downloaded thiserror-impl v2.0.20
2026-09-17T06:27:35.3350203Z   Downloaded base64ct v1.8.3
2026-09-17T06:27:35.3375839Z   Downloaded argon2 v0.5.3
2026-09-17T06:27:35.3392617Z   Downloaded chacha20 v0.9.1
2026-09-17T06:27:35.3412123Z   Downloaded document-features v0.2.12
2026-09-17T06:27:35.3425293Z   Downloaded inout v0.1.4
2026-09-17T06:27:35.3436637Z   Downloaded version_check v0.9.5
2026-09-17T06:27:35.3450278Z   Downloaded zeroize_derive v1.5.0
2026-09-17T06:27:35.3461559Z   Downloaded embedded-io v0.4.0
2026-09-17T06:27:35.3481728Z   Downloaded funty v2.0.0
2026-09-17T06:27:35.3491254Z   Downloaded sinsemilla v0.1.0
2026-09-17T06:27:35.3514229Z   Downloaded visibility v0.1.1
2026-09-17T06:27:35.3528365Z   Downloaded zcash_spec v0.2.1
2026-09-17T06:27:35.3541421Z   Downloaded universal-hash v0.5.1
2026-09-17T06:27:35.3551183Z   Downloaded uint v0.9.5
2026-09-17T06:27:35.3568744Z   Downloaded wyz v0.5.1
2026-09-17T06:27:35.3582480Z   Downloaded getrandom v0.2.17
2026-09-17T06:27:35.3614625Z   Downloaded nonempty v0.11.0
2026-09-17T06:27:35.3632821Z   Downloaded zcash_note_encryption v0.4.2
2026-09-17T06:27:35.3656945Z   Downloaded zeroize v1.9.0
2026-09-17T06:27:35.3663303Z   Downloaded unicode-ident v1.0.24
2026-09-17T06:27:35.3691813Z   Downloaded zip32 v0.2.1
2026-09-17T06:27:35.3708291Z   Downloaded tracing-attributes v0.1.31
2026-09-17T06:27:35.3735202Z   Downloaded tracing-core v0.1.36
2026-09-17T06:27:35.3762539Z   Downloaded cobs v0.3.0
2026-09-17T06:27:35.3777231Z   Downloaded rand_chacha v0.3.1
2026-09-17T06:27:35.3788976Z   Downloaded rustc_version v0.4.1
2026-09-17T06:27:35.3802590Z   Downloaded typenum v1.20.1
2026-09-17T06:27:35.3838712Z   Downloaded ppv-lite86 v0.2.21
2026-09-17T06:27:35.3852241Z   Downloaded syn v3.0.5
2026-09-17T06:27:35.3984727Z   Downloaded zerocopy v0.8.57
2026-09-17T06:27:35.4236951Z   Downloaded tracing v0.1.44
2026-09-17T06:27:35.4398817Z   Downloaded embedded-io v0.6.1
2026-09-17T06:27:35.4413070Z   Downloaded halo2_legacy_pdqsort v0.1.0
2026-09-17T06:27:35.4425395Z   Downloaded sha2 v0.10.9
2026-09-17T06:27:35.4453646Z   Downloaded digest v0.10.7
2026-09-17T06:27:35.4474023Z   Downloaded hash32 v0.2.1
2026-09-17T06:27:35.4490970Z   Downloaded lazy_static v1.5.0
2026-09-17T06:27:35.4509479Z   Downloaded base16ct v0.2.0
2026-09-17T06:27:35.4525024Z   Downloaded corez v0.1.1
2026-09-17T06:27:35.4544530Z   Downloaded halo2_proofs v0.3.5
2026-09-17T06:27:35.4637235Z   Downloaded incrementalmerkletree v0.8.1
2026-09-17T06:27:35.4647553Z   Downloaded cbc v0.1.2
2026-09-17T06:27:35.4667298Z   Downloaded num-integer v0.1.47
2026-09-17T06:27:35.4687907Z   Downloaded block-buffer v0.10.4
2026-09-17T06:27:35.4688963Z   Downloaded derive-getters v0.5.0
2026-09-17T06:27:35.4715435Z   Downloaded either v1.18.0
2026-09-17T06:27:35.4731832Z   Downloaded group v0.13.0
2026-09-17T06:27:35.4748907Z   Downloaded maybe-rayon v0.1.1
2026-09-17T06:27:35.4758398Z   Downloaded memuse v0.2.2
2026-09-17T06:27:35.4774086Z   Downloaded opaque-debug v0.3.1
2026-09-17T06:27:35.4785118Z   Downloaded serdect v0.2.0
2026-09-17T06:27:35.4800511Z   Downloaded crunchy v0.2.4
2026-09-17T06:27:35.4811184Z   Downloaded constant_time_eq v0.4.2
2026-09-17T06:27:35.4832688Z   Downloaded crossbeam-deque v0.8.8
2026-09-17T06:27:35.4849583Z   Downloaded static_assertions v1.1.0
2026-09-17T06:27:35.4865589Z   Downloaded subtle v2.6.1
2026-09-17T06:27:35.4879275Z   Downloaded blake2b_simd v1.0.5
2026-09-17T06:27:35.4894870Z   Downloaded getset v0.1.7
2026-09-17T06:27:35.4912414Z   Downloaded once_cell v1.21.4
2026-09-17T06:27:35.4939683Z   Downloaded radium v0.7.0
2026-09-17T06:27:35.4950318Z   Downloaded spin v0.9.9
2026-09-17T06:27:35.4973998Z   Downloaded cfg-if v1.0.4
2026-09-17T06:27:35.4987759Z   Downloaded hex v0.4.3
2026-09-17T06:27:35.5004051Z   Downloaded heapless v0.7.17
2026-09-17T06:27:35.5042739Z   Downloaded fpe v0.6.1
2026-09-17T06:27:35.5063046Z   Downloaded password-hash v0.5.0
2026-09-17T06:27:35.5081704Z   Downloaded poly1305 v0.8.0
2026-09-17T06:27:35.5107878Z   Downloaded quote v1.0.47
2026-09-17T06:27:35.5135934Z   Downloaded crossbeam-epoch v0.9.21
2026-09-17T06:27:35.5161957Z   Downloaded ff v0.13.1
2026-09-17T06:27:35.5178018Z   Downloaded litrs v1.0.0
2026-09-17T06:27:35.5209683Z   Downloaded postcard v1.1.3
2026-09-17T06:27:35.5233999Z   Downloaded blake2 v0.10.6
2026-09-17T06:27:35.5260669Z   Downloaded byteorder v1.5.0
2026-09-17T06:27:35.5276936Z   Downloaded crypto-common v0.1.7
2026-09-17T06:27:35.5286373Z   Downloaded rand_core v0.6.4
2026-09-17T06:27:35.5300717Z   Downloaded semver v1.0.28
2026-09-17T06:27:35.5324660Z   Downloaded serde_derive v1.0.229
2026-09-17T06:27:35.5355935Z   Downloaded rand v0.8.5
2026-09-17T06:27:35.5391300Z   Downloaded chacha20poly1305 v0.10.1
2026-09-17T06:27:35.5407762Z   Downloaded jubjub v0.10.0
2026-09-17T06:27:35.5441619Z   Downloaded frost-core v3.0.0
2026-09-17T06:27:35.5476005Z   Downloaded proc-macro2 v1.0.107
2026-09-17T06:27:35.5506755Z   Downloaded serde v1.0.229
2026-09-17T06:27:35.5541973Z   Downloaded bech32 v0.11.1
2026-09-17T06:27:35.5574053Z   Downloaded hashbrown v0.12.3
2026-09-17T06:27:35.5612026Z   Downloaded indexmap v1.9.3
2026-09-17T06:27:35.5644767Z   Downloaded reddsa v0.5.2
2026-09-17T06:27:35.5697605Z   Downloaded libm v0.2.16
2026-09-17T06:27:35.5811148Z   Downloaded num-bigint v0.4.8
2026-09-17T06:27:35.5860259Z   Downloaded aes v0.8.4
2026-09-17T06:27:35.5895434Z   Downloaded pasta_curves v0.5.2
2026-09-17T06:27:35.5969676Z   Downloaded rayon v1.12.0
2026-09-17T06:27:35.6067281Z   Downloaded bitvec v1.1.1
2026-09-17T06:27:35.6240880Z   Downloaded syn v2.0.119
2026-09-17T06:27:35.6348395Z   Downloaded halo2_gadgets v0.5.0
2026-09-17T06:27:35.6465583Z   Downloaded orchard v0.15.5
2026-09-17T06:27:35.6638345Z   Downloaded bls12_381 v0.8.0
2026-09-17T06:27:35.6691860Z   Downloaded libc v0.2.189
2026-09-17T06:27:35.7507096Z    Compiling libc v0.2.189
2026-09-17T06:27:35.7507851Z    Compiling cfg-if v1.0.4
2026-09-17T06:27:35.7679055Z    Compiling proc-macro2 v1.0.107
2026-09-17T06:27:35.9330355Z    Compiling quote v1.0.47
2026-09-17T06:27:36.0258309Z    Compiling unicode-ident v1.0.24
2026-09-17T06:27:36.4980932Z    Compiling getrandom v0.2.17
2026-09-17T06:27:36.5174096Z    Compiling version_check v0.9.5
2026-09-17T06:27:36.6180647Z    Compiling rand_core v0.6.4
2026-09-17T06:27:36.6474873Z    Compiling subtle v2.6.1
2026-09-17T06:27:36.7130417Z    Compiling generic-array v0.14.7
2026-09-17T06:27:36.7427647Z    Compiling typenum v1.20.1
2026-09-17T06:27:36.7710203Z    Compiling syn v2.0.119
2026-09-17T06:27:37.5341263Z    Compiling crypto-common v0.1.7
2026-09-17T06:27:37.5801529Z    Compiling radium v0.7.0
2026-09-17T06:27:37.6519474Z    Compiling tap v1.0.1
2026-09-17T06:27:37.6864529Z    Compiling wyz v0.5.1
2026-09-17T06:27:37.8867710Z    Compiling zerocopy v0.8.57
2026-09-17T06:27:38.0132657Z    Compiling funty v2.0.0
2026-09-17T06:27:38.7337181Z    Compiling autocfg v1.5.1
2026-09-17T06:27:38.9191185Z    Compiling bitvec v1.1.1
2026-09-17T06:27:39.6921093Z    Compiling zeroize_derive v1.5.0
2026-09-17T06:27:40.6423646Z    Compiling ff v0.13.1
2026-09-17T06:27:40.6992577Z    Compiling zeroize v1.9.0
2026-09-17T06:27:40.7747988Z    Compiling memuse v0.2.2
2026-09-17T06:27:40.8537285Z    Compiling arrayvec v0.7.8
2026-09-17T06:27:40.9757437Z    Compiling crossbeam-utils v0.8.23
2026-09-17T06:27:41.0602937Z    Compiling constant_time_eq v0.4.2
2026-09-17T06:27:41.1352070Z    Compiling blake2b_simd v1.0.5
2026-09-17T06:27:42.3030350Z    Compiling ppv-lite86 v0.2.21
2026-09-17T06:27:42.4982786Z    Compiling crossbeam-epoch v0.9.21
2026-09-17T06:27:42.6886504Z    Compiling rand_chacha v0.3.1
2026-09-17T06:27:42.9350449Z    Compiling group v0.13.0
2026-09-17T06:27:43.0300491Z    Compiling inout v0.1.4
2026-09-17T06:27:43.0772147Z    Compiling static_assertions v1.1.0
2026-09-17T06:27:43.0773478Z    Compiling crossbeam-deque v0.8.8
2026-09-17T06:27:43.0974773Z    Compiling spin v0.9.9
2026-09-17T06:27:43.1432227Z    Compiling cpufeatures v0.2.17
2026-09-17T06:27:43.1503884Z    Compiling lazy_static v1.5.0
2026-09-17T06:27:43.1638171Z    Compiling cipher v0.4.4
2026-09-17T06:27:43.2867811Z    Compiling rand v0.8.5
2026-09-17T06:27:43.4101768Z    Compiling rayon-core v1.13.0
2026-09-17T06:27:43.5539786Z    Compiling num-traits v0.2.19
2026-09-17T06:27:43.5995256Z    Compiling syn v3.0.5
2026-09-17T06:27:43.7747039Z    Compiling pasta_curves v0.5.2
2026-09-17T06:27:44.9692851Z    Compiling either v1.18.0
2026-09-17T06:27:46.1777850Z    Compiling indexmap v1.9.3
2026-09-17T06:27:46.2229064Z    Compiling once_cell v1.21.4
2026-09-17T06:27:46.3308093Z    Compiling crunchy v0.2.4
2026-09-17T06:27:46.3975678Z    Compiling serde_core v1.0.229
2026-09-17T06:27:46.4964763Z    Compiling tracing-core v0.1.36
2026-09-17T06:27:47.1415820Z    Compiling rayon v1.12.0
2026-09-17T06:27:49.1923974Z    Compiling tracing-attributes v0.1.31
2026-09-17T06:27:49.8047436Z    Compiling universal-hash v0.5.1
2026-09-17T06:27:49.8468091Z    Compiling block-buffer v0.10.4
2026-09-17T06:27:49.8972068Z    Compiling libm v0.2.16
2026-09-17T06:27:49.9873124Z    Compiling serde v1.0.229
2026-09-17T06:27:50.0728780Z    Compiling hashbrown v0.12.3
2026-09-17T06:27:50.4258396Z    Compiling hex v0.4.3
2026-09-17T06:27:50.5721217Z    Compiling thiserror v2.0.20
2026-09-17T06:27:50.6732101Z    Compiling pin-project-lite v0.2.17
2026-09-17T06:27:50.6972474Z    Compiling opaque-debug v0.3.1
2026-09-17T06:27:50.7134474Z    Compiling byteorder v1.5.0
2026-09-17T06:27:50.8469761Z    Compiling poly1305 v0.8.0
2026-09-17T06:27:51.2603674Z    Compiling tracing v0.1.44
2026-09-17T06:27:51.7537640Z    Compiling digest v0.10.7
2026-09-17T06:27:51.8645499Z    Compiling num-integer v0.1.47
2026-09-17T06:27:52.1744334Z    Compiling maybe-rayon v0.1.1
2026-09-17T06:27:53.6754515Z    Compiling thiserror-impl v2.0.20
2026-09-17T06:27:54.3547537Z    Compiling serde_derive v1.0.229
2026-09-17T06:27:56.0288216Z    Compiling chacha20 v0.9.1
2026-09-17T06:27:56.1420934Z    Compiling bls12_381 v0.8.0
2026-09-17T06:27:56.4184978Z    Compiling aead v0.5.2
2026-09-17T06:27:56.4842165Z    Compiling halo2_legacy_pdqsort v0.1.0
2026-09-17T06:27:56.5468447Z    Compiling halo2_proofs v0.3.5
2026-09-17T06:27:58.0575104Z    Compiling chacha20poly1305 v0.10.1
2026-09-17T06:27:58.1017504Z    Compiling jubjub v0.10.0
2026-09-17T06:28:00.3812949Z    Compiling uint v0.9.5
2026-09-17T06:28:00.3833272Z    Compiling num-bigint v0.4.8
2026-09-17T06:28:01.7158382Z    Compiling sinsemilla v0.1.0
2026-09-17T06:28:02.9056714Z    Compiling halo2_poseidon v0.1.0
2026-09-17T06:28:03.3652219Z    Compiling cbc v0.1.2
2026-09-17T06:28:03.4182455Z    Compiling zcash_spec v0.2.1
2026-09-17T06:28:03.4616946Z    Compiling base64ct v1.8.3
2026-09-17T06:28:03.5402702Z    Compiling bech32 v0.11.1
2026-09-17T06:28:03.6240646Z    Compiling password-hash v0.5.0
2026-09-17T06:28:03.8367560Z    Compiling zip32 v0.2.1
2026-09-17T06:28:04.1110877Z    Compiling fpe v0.6.1
2026-09-17T06:28:04.2692406Z    Compiling halo2_gadgets v0.5.0
2026-09-17T06:28:04.7108409Z    Compiling reddsa v0.5.2
2026-09-17T06:28:04.9531779Z    Compiling zcash_note_encryption v0.4.2
2026-09-17T06:28:05.0798157Z    Compiling blake2 v0.10.6
2026-09-17T06:28:05.4160706Z    Compiling incrementalmerkletree v0.8.1
2026-09-17T06:28:05.5248718Z    Compiling aes v0.8.4
2026-09-17T06:28:06.1911652Z    Compiling visibility v0.1.1
2026-09-17T06:28:06.2812013Z    Compiling getset v0.1.7
2026-09-17T06:28:06.5317701Z    Compiling nonempty v0.11.0
2026-09-17T06:28:06.6037017Z    Compiling corez v0.1.1
2026-09-17T06:28:06.6223704Z    Compiling argon2 v0.5.3
2026-09-17T06:28:07.3014127Z    Compiling sha2 v0.10.9
2026-09-17T06:28:08.4077422Z    Compiling orchard v0.15.5
2026-09-17T06:28:10.7695864Z    Compiling zevune-orchard-lab v0.1.0 (/home/runner/work/Zevune/Zevune/integration/orchard)
2026-09-17T06:28:35.6967831Z     Finished `release` profile [optimized] target(s) in 1m 00s
2026-09-17T06:28:35.7209976Z ##[group]Run python - <<'PY'
2026-09-17T06:28:35.7210331Z [36;1mpython - <<'PY'[0m
2026-09-17T06:28:35.7210576Z [36;1mimport os[0m
2026-09-17T06:28:35.7210848Z [36;1msuffix = '.exe' if os.name == 'nt' else ''[0m
2026-09-17T06:28:35.7211283Z [36;1mwith open(os.environ['GITHUB_ENV'], 'a', encoding='utf-8') as output:[0m
2026-09-17T06:28:35.7211784Z [36;1m    for key, binary in [('ZEVUNE_POOL_WORKER', 'zevune-pool-worker'),[0m
2026-09-17T06:28:35.7212283Z [36;1m                        ('ZEVUNE_FUNDED_SCENARIO', 'zevune-funded-scenario')]:[0m
2026-09-17T06:28:35.7212913Z [36;1m        output.write(key + '=' + os.path.abspath('integration/orchard/target/release/' + binary + suffix) + '\n')[0m
2026-09-17T06:28:35.7213422Z [36;1mPY[0m
2026-09-17T06:28:35.7249610Z shell: /usr/bin/bash --noprofile --norc -e -o pipefail {0}
2026-09-17T06:28:35.7249969Z env:
2026-09-17T06:28:35.7250161Z   RAYON_NUM_THREADS: 2
2026-09-17T06:28:35.7250380Z   CARGO_BUILD_JOBS: 2
2026-09-17T06:28:35.7250636Z   GOTOOLCHAIN: local
2026-09-17T06:28:35.7250860Z ##[endgroup]
2026-09-17T06:28:35.7513621Z ##[group]Run go test -mod=readonly -tags=pool_e2e,funded_e2e ./poolapp -run '^TestActiveSegmentedLedger100000BlocksBoundaryPaymentsAndRestart$' -count=1 -timeout=25m -v
2026-09-17T06:28:35.7514915Z [36;1mgo test -mod=readonly -tags=pool_e2e,funded_e2e ./poolapp -run '^TestActiveSegmentedLedger100000BlocksBoundaryPaymentsAndRestart$' -count=1 -timeout=25m -v[0m
2026-09-17T06:28:35.7549501Z shell: /usr/bin/bash --noprofile --norc -e -o pipefail {0}
2026-09-17T06:28:35.7549851Z env:
2026-09-17T06:28:35.7550045Z   RAYON_NUM_THREADS: 2
2026-09-17T06:28:35.7550270Z   CARGO_BUILD_JOBS: 2
2026-09-17T06:28:35.7550480Z   GOTOOLCHAIN: local
2026-09-17T06:28:35.7550950Z   ZEVUNE_POOL_WORKER: /home/runner/work/Zevune/Zevune/integration/orchard/target/release/zevune-pool-worker
2026-09-17T06:28:35.7551732Z   ZEVUNE_FUNDED_SCENARIO: /home/runner/work/Zevune/Zevune/integration/orchard/target/release/zevune-funded-scenario
2026-09-17T06:28:35.7552271Z ##[endgroup]
2026-09-17T06:28:37.0283785Z === RUN   TestActiveSegmentedLedger100000BlocksBoundaryPaymentsAndRestart
2026-09-17T06:29:19.1796837Z     active_growth_e2e_test.go:407: ACTIVE_BOUNDARY heights=9999,10000,10001,10002; selection, preview, finalize and commit agree; real A->B then recovered B->C, full wallet history, exact outbox recovery and pre-expiry duplicate rejection passed
2026-09-17T06:29:25.7522946Z     active_growth_e2e_test.go:414: ACTIVE_GROWTH_PROGRESS committed_blocks=25000 paid_blocks=2 logical_bytes=3768544 segments=4 elapsed_ms=38968
2026-09-17T06:29:36.6755578Z     active_growth_e2e_test.go:414: ACTIVE_GROWTH_PROGRESS committed_blocks=50000 paid_blocks=2 logical_bytes=7518544 segments=8 elapsed_ms=49892
2026-09-17T06:29:47.5667811Z     active_growth_e2e_test.go:414: ACTIVE_GROWTH_PROGRESS committed_blocks=75000 paid_blocks=2 logical_bytes=11268544 segments=11 elapsed_ms=60783
2026-09-17T06:29:58.5052987Z     active_growth_e2e_test.go:414: ACTIVE_GROWTH_PROGRESS committed_blocks=100000 paid_blocks=2 logical_bytes=15018544 segments=15 elapsed_ms=71721
2026-09-17T06:30:01.0473646Z     active_growth_e2e_test.go:443: ACTIVE_GROWTH_RESULT committed_blocks=100000 empty_blocks=99998 paid_blocks=2 logical_bytes=15018544 segments=15 segment_limit_bytes=1048576 growth_elapsed_ms=71721 replay_elapsed_ms=2412 continued_height=100001
2026-09-17T06:30:01.0477971Z     active_growth_e2e_test.go:444: growth counts are actual local worker commits, not four-node consensus heights; about 15 MB of records does not prove growth beyond 64 MiB or the commitment limit; timing includes durable writes and boundary proof/wallet checks, not payment latency or throughput
2026-09-17T06:30:01.0565084Z --- PASS: TestActiveSegmentedLedger100000BlocksBoundaryPaymentsAndRestart (84.03s)
2026-09-17T06:30:01.0569494Z PASS
2026-09-17T06:30:01.0582050Z ok  	github.com/youq616/Zevune/integration/cometbft/poolapp	84.041s
2026-09-17T06:30:01.2552000Z ##[group]Run git diff --exit-code
2026-09-17T06:30:01.2552335Z [36;1mgit diff --exit-code[0m
2026-09-17T06:30:01.2588412Z shell: /usr/bin/bash --noprofile --norc -e -o pipefail {0}
2026-09-17T06:30:01.2588763Z env:
2026-09-17T06:30:01.2588964Z   RAYON_NUM_THREADS: 2
2026-09-17T06:30:01.2589185Z   CARGO_BUILD_JOBS: 2
2026-09-17T06:30:01.2589399Z   GOTOOLCHAIN: local
2026-09-17T06:30:01.2589868Z   ZEVUNE_POOL_WORKER: /home/runner/work/Zevune/Zevune/integration/orchard/target/release/zevune-pool-worker
2026-09-17T06:30:01.2590663Z   ZEVUNE_FUNDED_SCENARIO: /home/runner/work/Zevune/Zevune/integration/orchard/target/release/zevune-funded-scenario
2026-09-17T06:30:01.2591196Z ##[endgroup]
2026-09-17T06:30:01.2865288Z Node 20 is being deprecated. This workflow is running with Node 24 by default. If you need to temporarily use Node 20, you can set the ACTIONS_ALLOW_USE_UNSECURE_NODE_VERSION=true environment variable. For more information see: https://github.blog/changelog/2025-09-19-deprecation-of-node-20-on-github-actions-runners/
2026-09-17T06:30:01.2866850Z Post job cleanup.
2026-09-17T06:30:01.4108204Z (node:4248) [DEP0040] DeprecationWarning: The `punycode` module is deprecated. Please use a userland alternative instead.
2026-09-17T06:30:01.4108999Z (Use `node --trace-deprecation ...` to show where the warning was created)
2026-09-17T06:30:01.4184468Z [command]/opt/hostedtoolcache/go/1.27.1/x64/bin/go env GOMODCACHE
2026-09-17T06:30:01.4235406Z [command]/opt/hostedtoolcache/go/1.27.1/x64/bin/go env GOCACHE
2026-09-17T06:30:01.4265297Z /home/runner/go/pkg/mod
2026-09-17T06:30:01.4287440Z /home/runner/.cache/go-build
2026-09-17T06:30:01.4296188Z Cache hit occurred on the primary key setup-go-Linux-x64-ubuntu24-go-1.27.1-ef6b0fbca0a8d0b6206b16c85f11c4a6c772908ae2660ca86a6b7ee95979c938, not saving cache.
2026-09-17T06:30:01.4506808Z Post job cleanup.
2026-09-17T06:30:01.5394729Z [command]/usr/bin/git version
2026-09-17T06:30:01.5437966Z git version 2.55.0
2026-09-17T06:30:01.5476971Z Temporarily overriding HOME='/home/runner/work/_temp/7b7ce62b-38d4-400c-8dda-0274dfa76ee1' before making global git config changes
2026-09-17T06:30:01.5478385Z Adding repository directory to the temporary git global config as a safe directory
2026-09-17T06:30:01.5482961Z [command]/usr/bin/git config --global --add safe.directory /home/runner/work/Zevune/Zevune
2026-09-17T06:30:01.5522161Z [command]/usr/bin/git config --local --name-only --get-regexp core\.sshCommand
2026-09-17T06:30:01.5561146Z [command]/usr/bin/git submodule foreach --recursive sh -c "git config --local --name-only --get-regexp 'core\.sshCommand' && git config --local --unset-all 'core.sshCommand' || :"
2026-09-17T06:30:01.5868239Z [command]/usr/bin/git config --local --name-only --get-regexp http\.https\:\/\/github\.com\/\.extraheader
2026-09-17T06:30:01.5913396Z [command]/usr/bin/git submodule foreach --recursive sh -c "git config --local --name-only --get-regexp 'http\.https\:\/\/github\.com\/\.extraheader' && git config --local --unset-all 'http.https://github.com/.extraheader' || :"
2026-09-17T06:30:01.6335903Z Cleaning up orphan processes
2026-09-17T06:30:01.6702173Z ##[warning]Node.js 20 is deprecated. The following actions target Node.js 20 but are being forced to run on Node.js 24: actions/setup-go@44694675825211faa026b3c33043df3e48a5fa00. For more information see: https://github.blog/changelog/2025-09-19-deprecation-of-node-20-on-github-actions-runners/
