2026-09-17T06:07:06.6786942Z Current runner version: '2.337.0'
2026-09-17T06:07:06.6813103Z ##[group]Runner Image Provisioner
2026-09-17T06:07:06.6814037Z Hosted Compute Agent
2026-09-17T06:07:06.6814735Z Version: 20260828.587
2026-09-17T06:07:06.6815469Z Commit: abac92662cab4cc7352de4f9f9d2e2419aad9c29
2026-09-17T06:07:06.6816238Z Build Date: 2026-08-28T16:44:25Z
2026-09-17T06:07:06.6817007Z Worker ID: {03a52211-08fb-44ee-a809-075788de99d8}
2026-09-17T06:07:06.6817755Z Azure Region: westcentralus
2026-09-17T06:07:06.6818772Z ##[endgroup]
2026-09-17T06:07:06.6820327Z ##[group]Operating System
2026-09-17T06:07:06.6820984Z Ubuntu
2026-09-17T06:07:06.6821585Z 24.04.5
2026-09-17T06:07:06.6822202Z LTS
2026-09-17T06:07:06.6822734Z ##[endgroup]
2026-09-17T06:07:06.6823424Z ##[group]Runner Image
2026-09-17T06:07:06.6824054Z Image: ubuntu-24.04
2026-09-17T06:07:06.6824693Z Version: 20260907.300.1
2026-09-17T06:07:06.6826030Z Included Software: https://github.com/actions/runner-images/blob/ubuntu24/20260907.300/images/ubuntu/Ubuntu2404-Readme.md
2026-09-17T06:07:06.6827781Z Image Release: https://github.com/actions/runner-images/releases/tag/ubuntu24%2F20260907.300
2026-09-17T06:07:06.6828954Z ##[endgroup]
2026-09-17T06:07:06.6830198Z ##[group]GITHUB_TOKEN Permissions
2026-09-17T06:07:06.6832098Z Contents: read
2026-09-17T06:07:06.6832832Z Metadata: read
2026-09-17T06:07:06.6833445Z ##[endgroup]
2026-09-17T06:07:06.6835571Z Secret source: Actions
2026-09-17T06:07:06.6836665Z Cache mode: write
2026-09-17T06:07:06.6837438Z Prepare workflow directory
2026-09-17T06:07:06.7300809Z Prepare all required actions
2026-09-17T06:07:06.7349144Z Getting action download info
2026-09-17T06:07:07.0195826Z Download action repository 'actions/checkout@08c6903cd8c0fde910a37f88322edcfb5dd907a8' (SHA:08c6903cd8c0fde910a37f88322edcfb5dd907a8)
2026-09-17T06:07:07.2363020Z Complete job name: tests (ubuntu-latest)
2026-09-17T06:07:07.3127266Z ##[group]Run actions/checkout@08c6903cd8c0fde910a37f88322edcfb5dd907a8
2026-09-17T06:07:07.3128500Z with:
2026-09-17T06:07:07.3128965Z   persist-credentials: false
2026-09-17T06:07:07.3129530Z   repository: youq616/Zevune
2026-09-17T06:07:07.3133294Z   token: ***
2026-09-17T06:07:07.3133743Z   ssh-strict: true
2026-09-17T06:07:07.3134200Z   ssh-user: git
2026-09-17T06:07:07.3134639Z   clean: true
2026-09-17T06:07:07.3135095Z   sparse-checkout-cone-mode: true
2026-09-17T06:07:07.3135630Z   fetch-depth: 1
2026-09-17T06:07:07.3136070Z   fetch-tags: false
2026-09-17T06:07:07.3136524Z   show-progress: true
2026-09-17T06:07:07.3136977Z   lfs: false
2026-09-17T06:07:07.3137400Z   submodules: false
2026-09-17T06:07:07.3137857Z   set-safe-directory: true
2026-09-17T06:07:07.3138649Z env:
2026-09-17T06:07:07.3139075Z   RAYON_NUM_THREADS: 2
2026-09-17T06:07:07.3139545Z   CARGO_BUILD_JOBS: 2
2026-09-17T06:07:07.3139998Z ##[endgroup]
2026-09-17T06:07:07.4189073Z Syncing repository: youq616/Zevune
2026-09-17T06:07:07.4191747Z ##[group]Getting Git version info
2026-09-17T06:07:07.4192817Z Working directory is '/home/runner/work/Zevune/Zevune'
2026-09-17T06:07:07.4194435Z [command]/usr/bin/git version
2026-09-17T06:07:07.4219965Z git version 2.55.0
2026-09-17T06:07:07.4241518Z ##[endgroup]
2026-09-17T06:07:07.4257479Z Temporarily overriding HOME='/home/runner/work/_temp/fe707b72-faff-4071-bd38-0c9c9f7bdefb' before making global git config changes
2026-09-17T06:07:07.4259949Z Adding repository directory to the temporary git global config as a safe directory
2026-09-17T06:07:07.4263875Z [command]/usr/bin/git config --global --add safe.directory /home/runner/work/Zevune/Zevune
2026-09-17T06:07:07.4315349Z Deleting the contents of '/home/runner/work/Zevune/Zevune'
2026-09-17T06:07:07.4319211Z ##[group]Initializing the repository
2026-09-17T06:07:07.4323730Z [command]/usr/bin/git init /home/runner/work/Zevune/Zevune
2026-09-17T06:07:07.4416932Z hint: Using 'master' as the name for the initial branch. This default branch name
2026-09-17T06:07:07.4419265Z hint: will change to "main" in Git 3.0. To configure the initial branch name
2026-09-17T06:07:07.4420762Z hint: to use in all of your new repositories, which will suppress this warning,
2026-09-17T06:07:07.4422293Z hint: call:
2026-09-17T06:07:07.4422949Z hint:
2026-09-17T06:07:07.4423754Z hint: 	git config --global init.defaultBranch <name>
2026-09-17T06:07:07.4424746Z hint:
2026-09-17T06:07:07.4425671Z hint: Names commonly chosen instead of 'master' are 'main', 'trunk' and
2026-09-17T06:07:07.4427162Z hint: 'development'. The just-created branch can be renamed via this command:
2026-09-17T06:07:07.4428634Z hint:
2026-09-17T06:07:07.4429304Z hint: 	git branch -m <name>
2026-09-17T06:07:07.4430073Z hint:
2026-09-17T06:07:07.4431078Z hint: Disable this message with "git config set advice.defaultBranchName false"
2026-09-17T06:07:07.4432691Z Initialized empty Git repository in /home/runner/work/Zevune/Zevune/.git/
2026-09-17T06:07:07.4435882Z [command]/usr/bin/git remote add origin https://github.com/youq616/Zevune
2026-09-17T06:07:07.4473501Z ##[endgroup]
2026-09-17T06:07:07.4474662Z ##[group]Disabling automatic garbage collection
2026-09-17T06:07:07.4478350Z [command]/usr/bin/git config --local gc.auto 0
2026-09-17T06:07:07.4512396Z ##[endgroup]
2026-09-17T06:07:07.4513530Z ##[group]Setting up auth
2026-09-17T06:07:07.4520219Z [command]/usr/bin/git config --local --name-only --get-regexp core\.sshCommand
2026-09-17T06:07:07.4556484Z [command]/usr/bin/git submodule foreach --recursive sh -c "git config --local --name-only --get-regexp 'core\.sshCommand' && git config --local --unset-all 'core.sshCommand' || :"
2026-09-17T06:07:07.4903629Z [command]/usr/bin/git config --local --name-only --get-regexp http\.https\:\/\/github\.com\/\.extraheader
2026-09-17T06:07:07.4946453Z [command]/usr/bin/git submodule foreach --recursive sh -c "git config --local --name-only --get-regexp 'http\.https\:\/\/github\.com\/\.extraheader' && git config --local --unset-all 'http.https://github.com/.extraheader' || :"
2026-09-17T06:07:07.5209988Z [command]/usr/bin/git config --local http.https://github.com/.extraheader AUTHORIZATION: basic ***
2026-09-17T06:07:07.5253198Z ##[endgroup]
2026-09-17T06:07:07.5254040Z ##[group]Fetching the repository
2026-09-17T06:07:07.5265293Z [command]/usr/bin/git -c protocol.version=2 fetch --no-tags --prune --no-recurse-submodules --depth=1 origin +caece5bb6e82adc11156601880d7e1b4f2b5f463:refs/remotes/pull/11/merge
2026-09-17T06:07:08.6760371Z From https://github.com/youq616/Zevune
2026-09-17T06:07:08.6762308Z  * [new ref]         caece5bb6e82adc11156601880d7e1b4f2b5f463 -> pull/11/merge
2026-09-17T06:07:08.6766472Z ##[endgroup]
2026-09-17T06:07:08.6768392Z ##[group]Determining the checkout info
2026-09-17T06:07:08.6770346Z ##[endgroup]
2026-09-17T06:07:08.6775803Z [command]/usr/bin/git sparse-checkout disable
2026-09-17T06:07:08.6834895Z [command]/usr/bin/git config --local --unset-all extensions.worktreeConfig
2026-09-17T06:07:08.6870127Z ##[group]Checking out the ref
2026-09-17T06:07:08.6873357Z [command]/usr/bin/git checkout --progress --force refs/remotes/pull/11/merge
2026-09-17T06:07:08.7105860Z Note: switching to 'refs/remotes/pull/11/merge'.
2026-09-17T06:07:08.7106737Z 
2026-09-17T06:07:08.7107420Z You are in 'detached HEAD' state. You can look around, make experimental
2026-09-17T06:07:08.7109280Z changes and commit them, and you can discard any commits you make in this
2026-09-17T06:07:08.7110864Z state without impacting any branches by switching back to a branch.
2026-09-17T06:07:08.7112137Z 
2026-09-17T06:07:08.7113132Z If you want to create a new branch to retain commits you create, you may
2026-09-17T06:07:08.7115355Z do so (now or later) by using -c with the switch command. Example:
2026-09-17T06:07:08.7116741Z 
2026-09-17T06:07:08.7117503Z   git switch -c <new-branch-name>
2026-09-17T06:07:08.7118851Z 
2026-09-17T06:07:08.7119572Z Or undo this operation with:
2026-09-17T06:07:08.7120568Z 
2026-09-17T06:07:08.7121209Z   git switch -
2026-09-17T06:07:08.7122149Z 
2026-09-17T06:07:08.7123462Z Turn off this advice by setting config variable advice.detachedHead to false
2026-09-17T06:07:08.7125261Z 
2026-09-17T06:07:08.7127656Z HEAD is now at caece5b Merge cd5fe98053ce64e1acc6796dae44ec0e822c124f into 8324ec8bd153d9502e3e6761d25bfe281a5f3b44
2026-09-17T06:07:08.7134405Z ##[endgroup]
2026-09-17T06:07:08.7170621Z [command]/usr/bin/git log -1 --format=%H
2026-09-17T06:07:08.7201520Z caece5bb6e82adc11156601880d7e1b4f2b5f463
2026-09-17T06:07:08.7212336Z ##[group]Removing auth
2026-09-17T06:07:08.7216032Z [command]/usr/bin/git config --local --name-only --get-regexp core\.sshCommand
2026-09-17T06:07:08.7253425Z [command]/usr/bin/git submodule foreach --recursive sh -c "git config --local --name-only --get-regexp 'core\.sshCommand' && git config --local --unset-all 'core.sshCommand' || :"
2026-09-17T06:07:08.7503092Z [command]/usr/bin/git config --local --name-only --get-regexp http\.https\:\/\/github\.com\/\.extraheader
2026-09-17T06:07:08.7536480Z http.https://github.com/.extraheader
2026-09-17T06:07:08.7544288Z [command]/usr/bin/git config --local --unset-all http.https://github.com/.extraheader
2026-09-17T06:07:08.7584475Z [command]/usr/bin/git submodule foreach --recursive sh -c "git config --local --name-only --get-regexp 'http\.https\:\/\/github\.com\/\.extraheader' && git config --local --unset-all 'http.https://github.com/.extraheader' || :"
2026-09-17T06:07:08.7828513Z ##[endgroup]
2026-09-17T06:07:08.8135711Z ##[group]Run rustup toolchain install 1.98.1 --profile minimal --component rustfmt --component clippy
2026-09-17T06:07:08.8138976Z [36;1mrustup toolchain install 1.98.1 --profile minimal --component rustfmt --component clippy[0m
2026-09-17T06:07:08.8189260Z shell: /usr/bin/bash --noprofile --norc -e -o pipefail {0}
2026-09-17T06:07:08.8190815Z env:
2026-09-17T06:07:08.8191691Z   RAYON_NUM_THREADS: 2
2026-09-17T06:07:08.8192703Z   CARGO_BUILD_JOBS: 2
2026-09-17T06:07:08.8193667Z ##[endgroup]
2026-09-17T06:07:08.8602979Z info: syncing channel updates for 1.98.1-x86_64-unknown-linux-gnu
2026-09-17T06:07:09.1736964Z info: latest update on 2026-09-03 for version 1.98.1 (48a229cea 2026-09-01)
2026-09-17T06:07:09.1739727Z info: downloading 5 components
2026-09-17T06:07:17.7736785Z 
2026-09-17T06:07:17.7814069Z   1.98.1-x86_64-unknown-linux-gnu installed - rustc 1.98.1 (48a229cea 2026-09-01)
2026-09-17T06:07:17.7814750Z 
2026-09-17T06:07:17.7931733Z ##[group]Run rustc --version
2026-09-17T06:07:17.7932129Z [36;1mrustc --version[0m
2026-09-17T06:07:17.7932459Z [36;1mcargo fmt --all -- --check[0m
2026-09-17T06:07:17.7932868Z [36;1mcargo metadata --locked --format-version=1 > /dev/null[0m
2026-09-17T06:07:17.7933349Z [36;1mtest -z "$(git status --porcelain --untracked-files=no)"[0m
2026-09-17T06:07:17.7975835Z shell: /usr/bin/bash --noprofile --norc -e -o pipefail {0}
2026-09-17T06:07:17.7976259Z env:
2026-09-17T06:07:17.7976560Z   RAYON_NUM_THREADS: 2
2026-09-17T06:07:17.8053146Z   CARGO_BUILD_JOBS: 2
2026-09-17T06:07:17.8053519Z ##[endgroup]
2026-09-17T06:07:17.8430825Z rustc 1.98.1 (48a229cea 2026-09-01)
2026-09-17T06:07:18.1284112Z     Updating crates.io index
2026-09-17T06:07:18.7446723Z  Downloading crates ...
2026-09-17T06:07:18.9745361Z   Downloaded aead v0.5.2
2026-09-17T06:07:18.9891057Z   Downloaded arrayvec v0.7.8
2026-09-17T06:07:19.0102686Z   Downloaded atomic-polyfill v1.0.3
2026-09-17T06:07:19.0146935Z   Downloaded cfg-if v1.0.4
2026-09-17T06:07:19.0163585Z   Downloaded subtle v2.6.1
2026-09-17T06:07:19.0248313Z   Downloaded funty v2.0.0
2026-09-17T06:07:19.0256732Z   Downloaded cpufeatures v0.2.17
2026-09-17T06:07:19.0271292Z   Downloaded maybe-rayon v0.1.1
2026-09-17T06:07:19.0279547Z   Downloaded cbc v0.1.2
2026-09-17T06:07:19.0295153Z   Downloaded chacha20 v0.9.1
2026-09-17T06:07:19.0318888Z   Downloaded argon2 v0.5.3
2026-09-17T06:07:19.0337921Z   Downloaded aes v0.8.4
2026-09-17T06:07:19.0379855Z   Downloaded crunchy v0.2.4
2026-09-17T06:07:19.0389327Z   Downloaded cobs v0.3.0
2026-09-17T06:07:19.0409095Z   Downloaded generic-array v0.14.7
2026-09-17T06:07:19.0423594Z   Downloaded uint v0.9.5
2026-09-17T06:07:19.0469512Z   Downloaded universal-hash v0.5.1
2026-09-17T06:07:19.0499078Z   Downloaded unicode-ident v1.0.24
2026-09-17T06:07:19.0509017Z   Downloaded lazy_static v1.5.0
2026-09-17T06:07:19.0528820Z   Downloaded hash32 v0.2.1
2026-09-17T06:07:19.0534113Z   Downloaded const-crc32-nostd v1.3.1
2026-09-17T06:07:19.0575482Z   Downloaded document-features v0.2.12
2026-09-17T06:07:19.0592971Z   Downloaded tap v1.0.1
2026-09-17T06:07:19.0603558Z   Downloaded pin-project-lite v0.2.17
2026-09-17T06:07:19.0675950Z   Downloaded embedded-io v0.4.0
2026-09-17T06:07:19.0696608Z   Downloaded crypto-common v0.1.7
2026-09-17T06:07:19.0706176Z   Downloaded inout v0.1.4
2026-09-17T06:07:19.0717689Z   Downloaded serdect v0.2.0
2026-09-17T06:07:19.0732179Z   Downloaded stable_deref_trait v1.2.1
2026-09-17T06:07:19.0741432Z   Downloaded getset v0.1.7
2026-09-17T06:07:19.0757629Z   Downloaded visibility v0.1.1
2026-09-17T06:07:19.0784431Z   Downloaded block-buffer v0.10.4
2026-09-17T06:07:19.0795225Z   Downloaded frost-rerandomized v3.0.0
2026-09-17T06:07:19.0804569Z   Downloaded halo2_legacy_pdqsort v0.1.0
2026-09-17T06:07:19.0815658Z   Downloaded rand_chacha v0.3.1
2026-09-17T06:07:19.0826838Z   Downloaded scopeguard v1.2.0
2026-09-17T06:07:19.0839635Z   Downloaded base16ct v0.2.0
2026-09-17T06:07:19.0853267Z   Downloaded opaque-debug v0.3.1
2026-09-17T06:07:19.0862575Z   Downloaded version_check v0.9.5
2026-09-17T06:07:19.0887404Z   Downloaded zeroize_derive v1.5.0
2026-09-17T06:07:19.0905201Z   Downloaded thiserror v2.0.20
2026-09-17T06:07:19.0981343Z   Downloaded zcash_spec v0.2.1
2026-09-17T06:07:19.0994548Z   Downloaded nonempty v0.11.0
2026-09-17T06:07:19.1013299Z   Downloaded derive-getters v0.5.0
2026-09-17T06:07:19.1045117Z   Downloaded radium v0.7.0
2026-09-17T06:07:19.1055765Z   Downloaded rustc_version v0.4.1
2026-09-17T06:07:19.1069584Z   Downloaded corez v0.1.1
2026-09-17T06:07:19.1087675Z   Downloaded group v0.13.0
2026-09-17T06:07:19.1103556Z   Downloaded digest v0.10.7
2026-09-17T06:07:19.1123144Z   Downloaded either v1.18.0
2026-09-17T06:07:19.1138369Z   Downloaded ff v0.13.1
2026-09-17T06:07:19.1154464Z   Downloaded hex v0.4.3
2026-09-17T06:07:19.1170848Z   Downloaded num-integer v0.1.47
2026-09-17T06:07:19.1187273Z   Downloaded incrementalmerkletree v0.8.1
2026-09-17T06:07:19.1201000Z   Downloaded thiserror-impl v2.0.20
2026-09-17T06:07:19.1217902Z   Downloaded cipher v0.4.4
2026-09-17T06:07:19.1234770Z   Downloaded critical-section v1.2.0
2026-09-17T06:07:19.1252795Z   Downloaded embedded-io v0.6.1
2026-09-17T06:07:19.1266355Z   Downloaded lock_api v0.4.14
2026-09-17T06:07:19.1279250Z   Downloaded base64ct v1.8.3
2026-09-17T06:07:19.1305774Z   Downloaded ppv-lite86 v0.2.21
2026-09-17T06:07:19.1321025Z   Downloaded wasi v0.11.1+wasi-snapshot-preview1
2026-09-17T06:07:19.1337289Z   Downloaded zip32 v0.2.1
2026-09-17T06:07:19.1356053Z   Downloaded static_assertions v1.1.0
2026-09-17T06:07:19.1371089Z   Downloaded sha2 v0.10.9
2026-09-17T06:07:19.1397334Z   Downloaded wyz v0.5.1
2026-09-17T06:07:19.1410240Z   Downloaded tracing-attributes v0.1.31
2026-09-17T06:07:19.1438521Z   Downloaded zcash_note_encryption v0.4.2
2026-09-17T06:07:19.1452761Z   Downloaded typenum v1.20.1
2026-09-17T06:07:19.1493925Z   Downloaded zeroize v1.9.0
2026-09-17T06:07:19.1514095Z   Downloaded tracing-core v0.1.36
2026-09-17T06:07:19.1544931Z   Downloaded constant_time_eq v0.4.2
2026-09-17T06:07:19.1567965Z   Downloaded crossbeam-deque v0.8.8
2026-09-17T06:07:19.1584349Z   Downloaded memuse v0.2.2
2026-09-17T06:07:19.1598994Z   Downloaded password-hash v0.5.0
2026-09-17T06:07:19.1618384Z   Downloaded poly1305 v0.8.0
2026-09-17T06:07:19.1649781Z   Downloaded rand_core v0.6.4
2026-09-17T06:07:19.1663793Z   Downloaded jubjub v0.10.0
2026-09-17T06:07:19.1697885Z   Downloaded once_cell v1.21.4
2026-09-17T06:07:19.1724779Z   Downloaded quote v1.0.47
2026-09-17T06:07:19.1754226Z   Downloaded crossbeam-epoch v0.9.21
2026-09-17T06:07:19.1780616Z   Downloaded fpe v0.6.1
2026-09-17T06:07:19.1801290Z   Downloaded crossbeam-utils v0.8.23
2026-09-17T06:07:19.1829991Z   Downloaded spin v0.9.9
2026-09-17T06:07:19.1854123Z   Downloaded postcard v1.1.3
2026-09-17T06:07:19.1878197Z   Downloaded semver v1.0.28
2026-09-17T06:07:19.1903342Z   Downloaded halo2_poseidon v0.1.0
2026-09-17T06:07:19.1918976Z   Downloaded autocfg v1.5.1
2026-09-17T06:07:19.1938593Z   Downloaded blake2b_simd v1.0.5
2026-09-17T06:07:19.1953358Z   Downloaded blake2 v0.10.6
2026-09-17T06:07:19.1980218Z   Downloaded byteorder v1.5.0
2026-09-17T06:07:19.1997011Z   Downloaded zerocopy-derive v0.8.57
2026-09-17T06:07:19.2098807Z   Downloaded indexmap v1.9.3
2026-09-17T06:07:19.2132175Z   Downloaded litrs v1.0.0
2026-09-17T06:07:19.2163322Z   Downloaded num-traits v0.2.19
2026-09-17T06:07:19.2190486Z   Downloaded getrandom v0.2.17
2026-09-17T06:07:19.2220809Z   Downloaded serde_core v1.0.229
2026-09-17T06:07:19.2258961Z   Downloaded serde_derive v1.0.229
2026-09-17T06:07:19.2298725Z   Downloaded chacha20poly1305 v0.10.1
2026-09-17T06:07:19.2322524Z   Downloaded rayon-core v1.13.0
2026-09-17T06:07:19.2379352Z   Downloaded proc-macro2 v1.0.107
2026-09-17T06:07:19.2413134Z   Downloaded heapless v0.7.17
2026-09-17T06:07:19.2452265Z   Downloaded rand v0.8.5
2026-09-17T06:07:19.2488300Z   Downloaded bech32 v0.11.1
2026-09-17T06:07:19.2520797Z   Downloaded frost-core v3.0.0
2026-09-17T06:07:19.2555260Z   Downloaded serde v1.0.229
2026-09-17T06:07:19.2592678Z   Downloaded num-bigint v0.4.8
2026-09-17T06:07:19.2642584Z   Downloaded hashbrown v0.12.3
2026-09-17T06:07:19.2682513Z   Downloaded reddsa v0.5.2
2026-09-17T06:07:19.2736519Z   Downloaded sinsemilla v0.1.0
2026-09-17T06:07:19.2761378Z   Downloaded itertools v0.14.0
2026-09-17T06:07:19.2836784Z   Downloaded libm v0.2.16
2026-09-17T06:07:19.2954669Z   Downloaded rayon v1.12.0
2026-09-17T06:07:19.3056293Z   Downloaded halo2_proofs v0.3.5
2026-09-17T06:07:19.3139669Z   Downloaded bitvec v1.1.1
2026-09-17T06:07:19.3319530Z   Downloaded halo2_gadgets v0.5.0
2026-09-17T06:07:19.3443566Z   Downloaded syn v2.0.119
2026-09-17T06:07:19.3555647Z   Downloaded pasta_curves v0.5.2
2026-09-17T06:07:19.3632766Z   Downloaded zerocopy v0.8.57
2026-09-17T06:07:19.3865645Z   Downloaded syn v3.0.5
2026-09-17T06:07:19.3978552Z   Downloaded tracing v0.1.44
2026-09-17T06:07:19.4147419Z   Downloaded bls12_381 v0.8.0
2026-09-17T06:07:19.4202464Z   Downloaded orchard v0.15.5
2026-09-17T06:07:19.4386348Z   Downloaded libc v0.2.189
2026-09-17T06:07:19.5411167Z ##[group]Run cargo test --locked --release -- --nocapture --test-threads=1
2026-09-17T06:07:19.5411701Z [36;1mcargo test --locked --release -- --nocapture --test-threads=1[0m
2026-09-17T06:07:19.5451114Z shell: /usr/bin/bash --noprofile --norc -e -o pipefail {0}
2026-09-17T06:07:19.5451462Z env:
2026-09-17T06:07:19.5451659Z   RAYON_NUM_THREADS: 2
2026-09-17T06:07:19.5451880Z   CARGO_BUILD_JOBS: 2
2026-09-17T06:07:19.5452095Z ##[endgroup]
2026-09-17T06:07:19.6814922Z    Compiling libc v0.2.189
2026-09-17T06:07:19.6815547Z    Compiling cfg-if v1.0.4
2026-09-17T06:07:19.7019925Z    Compiling proc-macro2 v1.0.107
2026-09-17T06:07:19.8999365Z    Compiling unicode-ident v1.0.24
2026-09-17T06:07:19.9364112Z    Compiling quote v1.0.47
2026-09-17T06:07:20.5042684Z    Compiling getrandom v0.2.17
2026-09-17T06:07:20.5081153Z    Compiling subtle v2.6.1
2026-09-17T06:07:20.5755021Z    Compiling version_check v0.9.5
2026-09-17T06:07:20.6319987Z    Compiling rand_core v0.6.4
2026-09-17T06:07:20.7128251Z    Compiling generic-array v0.14.7
2026-09-17T06:07:20.7623452Z    Compiling typenum v1.20.1
2026-09-17T06:07:20.7744807Z    Compiling syn v2.0.119
2026-09-17T06:07:21.5982730Z    Compiling crypto-common v0.1.7
2026-09-17T06:07:21.6449728Z    Compiling radium v0.7.0
2026-09-17T06:07:21.7241587Z    Compiling tap v1.0.1
2026-09-17T06:07:21.7602778Z    Compiling wyz v0.5.1
2026-09-17T06:07:21.9652933Z    Compiling funty v2.0.0
2026-09-17T06:07:22.7144322Z    Compiling autocfg v1.5.1
2026-09-17T06:07:22.9131354Z    Compiling zerocopy v0.8.57
2026-09-17T06:07:23.0656590Z    Compiling bitvec v1.1.1
2026-09-17T06:07:23.9588037Z    Compiling zeroize_derive v1.5.0
2026-09-17T06:07:24.2193818Z    Compiling zeroize v1.9.0
2026-09-17T06:07:24.9517724Z    Compiling ff v0.13.1
2026-09-17T06:07:25.0151053Z    Compiling memuse v0.2.2
2026-09-17T06:07:25.0987714Z    Compiling arrayvec v0.7.8
2026-09-17T06:07:25.2270466Z    Compiling crossbeam-utils v0.8.23
2026-09-17T06:07:25.3176194Z    Compiling constant_time_eq v0.4.2
2026-09-17T06:07:25.3961674Z    Compiling blake2b_simd v1.0.5
2026-09-17T06:07:26.9062375Z    Compiling ppv-lite86 v0.2.21
2026-09-17T06:07:27.0632643Z    Compiling crossbeam-epoch v0.9.21
2026-09-17T06:07:27.1517649Z    Compiling rand_chacha v0.3.1
2026-09-17T06:07:27.5516584Z    Compiling group v0.13.0
2026-09-17T06:07:27.5913347Z    Compiling inout v0.1.4
2026-09-17T06:07:27.6431236Z    Compiling static_assertions v1.1.0
2026-09-17T06:07:27.6518593Z    Compiling cpufeatures v0.2.17
2026-09-17T06:07:27.6651805Z    Compiling crossbeam-deque v0.8.8
2026-09-17T06:07:27.6716214Z    Compiling spin v0.9.9
2026-09-17T06:07:27.7179964Z    Compiling lazy_static v1.5.0
2026-09-17T06:07:27.7428939Z    Compiling cipher v0.4.4
2026-09-17T06:07:27.8709983Z    Compiling rand v0.8.5
2026-09-17T06:07:28.0049449Z    Compiling rayon-core v1.13.0
2026-09-17T06:07:28.1663773Z    Compiling num-traits v0.2.19
2026-09-17T06:07:28.2181664Z    Compiling syn v3.0.5
2026-09-17T06:07:28.4007016Z    Compiling pasta_curves v0.5.2
2026-09-17T06:07:29.7576701Z    Compiling either v1.18.0
2026-09-17T06:07:31.0983851Z    Compiling indexmap v1.9.3
2026-09-17T06:07:31.1512983Z    Compiling once_cell v1.21.4
2026-09-17T06:07:31.2759185Z    Compiling serde_core v1.0.229
2026-09-17T06:07:31.3734170Z    Compiling crunchy v0.2.4
2026-09-17T06:07:31.4620696Z    Compiling tracing-core v0.1.36
2026-09-17T06:07:32.1874416Z    Compiling rayon v1.12.0
2026-09-17T06:07:34.5148230Z    Compiling tracing-attributes v0.1.31
2026-09-17T06:07:35.1982903Z    Compiling universal-hash v0.5.1
2026-09-17T06:07:35.2447133Z    Compiling block-buffer v0.10.4
2026-09-17T06:07:35.2987747Z    Compiling serde v1.0.229
2026-09-17T06:07:35.3934651Z    Compiling hashbrown v0.12.3
2026-09-17T06:07:35.7695005Z    Compiling opaque-debug v0.3.1
2026-09-17T06:07:35.7875918Z    Compiling pin-project-lite v0.2.17
2026-09-17T06:07:35.8132447Z    Compiling libm v0.2.16
2026-09-17T06:07:35.9116110Z    Compiling hex v0.4.3
2026-09-17T06:07:36.0624924Z    Compiling byteorder v1.5.0
2026-09-17T06:07:36.2015775Z    Compiling thiserror v2.0.20
2026-09-17T06:07:36.3483636Z    Compiling tracing v0.1.44
2026-09-17T06:07:36.5481648Z    Compiling poly1305 v0.8.0
2026-09-17T06:07:37.2957893Z    Compiling digest v0.10.7
2026-09-17T06:07:37.4239321Z    Compiling num-integer v0.1.47
2026-09-17T06:07:37.7607641Z    Compiling maybe-rayon v0.1.1
2026-09-17T06:07:39.4406575Z    Compiling serde_derive v1.0.229
2026-09-17T06:07:41.3269460Z    Compiling thiserror-impl v2.0.20
2026-09-17T06:07:42.0169830Z    Compiling chacha20 v0.9.1
2026-09-17T06:07:42.1379707Z    Compiling bls12_381 v0.8.0
2026-09-17T06:07:42.4259531Z    Compiling aead v0.5.2
2026-09-17T06:07:42.4951244Z    Compiling halo2_legacy_pdqsort v0.1.0
2026-09-17T06:07:42.5619599Z    Compiling halo2_proofs v0.3.5
2026-09-17T06:07:42.7259436Z    Compiling chacha20poly1305 v0.10.1
2026-09-17T06:07:42.7786992Z    Compiling jubjub v0.10.0
2026-09-17T06:07:45.1717478Z    Compiling uint v0.9.5
2026-09-17T06:07:45.2294744Z    Compiling num-bigint v0.4.8
2026-09-17T06:07:48.2750916Z    Compiling halo2_poseidon v0.1.0
2026-09-17T06:07:48.6820964Z    Compiling sinsemilla v0.1.0
2026-09-17T06:07:48.7604377Z    Compiling cbc v0.1.2
2026-09-17T06:07:48.8169645Z    Compiling zcash_spec v0.2.1
2026-09-17T06:07:48.8617426Z    Compiling bech32 v0.11.1
2026-09-17T06:07:49.1825168Z    Compiling base64ct v1.8.3
2026-09-17T06:07:49.3678678Z    Compiling password-hash v0.5.0
2026-09-17T06:07:49.9241728Z    Compiling halo2_gadgets v0.5.0
2026-09-17T06:07:50.0544683Z    Compiling zip32 v0.2.1
2026-09-17T06:07:50.3501722Z    Compiling fpe v0.6.1
2026-09-17T06:07:50.9716461Z    Compiling reddsa v0.5.2
2026-09-17T06:07:51.2368025Z    Compiling zcash_note_encryption v0.4.2
2026-09-17T06:07:51.3862369Z    Compiling blake2 v0.10.6
2026-09-17T06:07:51.7598755Z    Compiling incrementalmerkletree v0.8.1
2026-09-17T06:07:51.8808486Z    Compiling aes v0.8.4
2026-09-17T06:07:52.6037277Z    Compiling getset v0.1.7
2026-09-17T06:07:52.8835352Z    Compiling visibility v0.1.1
2026-09-17T06:07:52.9814584Z    Compiling nonempty v0.11.0
2026-09-17T06:07:53.0599132Z    Compiling corez v0.1.1
2026-09-17T06:07:53.0800585Z    Compiling argon2 v0.5.3
2026-09-17T06:07:53.8289326Z    Compiling orchard v0.15.5
2026-09-17T06:07:55.2202104Z    Compiling sha2 v0.10.9
2026-09-17T06:07:56.6134507Z    Compiling zevune-orchard-lab v0.1.0 (/home/runner/work/Zevune/Zevune/integration/orchard)
2026-09-17T06:09:19.5167437Z     Finished `release` profile [optimized] target(s) in 1m 59s
2026-09-17T06:09:19.5249332Z      Running unittests src/lib.rs (target/release/deps/zevune_orchard_lab-5ea7533f368c424e)
2026-09-17T06:09:19.5263910Z 
2026-09-17T06:09:19.5264088Z running 121 tests
2026-09-17T06:09:19.5293361Z test pool::active::tests::adding_a_hard_link_after_open_poison_checks_without_modifying_ledger_bytes ... ok
2026-09-17T06:09:19.5332708Z test pool::active::tests::another_process_cannot_open_held_genesis_lock ... ok
2026-09-17T06:09:19.5333731Z test pool::active::tests::budgets_include_framing_total_tail_and_the_independent_segment_cap ... ok
2026-09-17T06:09:19.5361921Z test pool::active::tests::captured_reader_requires_each_real_eof_and_poisoned_readers_cannot_resume ... ok
2026-09-17T06:09:19.5373155Z test pool::active::tests::create_is_exclusive_bounded_and_preserves_existing_bytes ... ok
2026-09-17T06:09:19.5394496Z test pool::active::tests::early_rotation_and_split_frames_are_rejected_even_with_valid_checksums ... ok
2026-09-17T06:09:19.5610014Z test pool::active::tests::failed_next_segment_publication_keeps_all_sealed_prefix_bytes_and_no_repair ... ok
2026-09-17T06:09:19.5717185Z test pool::active::tests::full_segment_and_next_frame_rotate_canonically_without_crossing ... ok
2026-09-17T06:09:19.5796084Z test pool::active::tests::interruption_leaves_metadata_unchanged_and_preserves_the_recoverable_prefix ... ok
2026-09-17T06:09:19.5804914Z test pool::active::tests::malformed_frame_and_capacity_rejection_create_no_files_or_bytes ... ok
2026-09-17T06:09:19.5822615Z test pool::active::tests::readers_retain_the_exclusive_root_lock_and_have_independent_positions ... ok
2026-09-17T06:09:19.5857349Z test pool::active::tests::symlinks_hard_links_and_replaced_names_are_rejected ... ok
2026-09-17T06:09:19.5867344Z test pool::active::tests::unknown_entry_after_open_is_not_ignored_or_removed ... ok
2026-09-17T06:09:19.5921641Z test pool::active::tests::unknown_missing_empty_and_truncated_segments_fail_closed_without_repair ... ok
2026-09-17T06:09:19.5928396Z test pool::capacity_tests::capacity_accounting_matches_the_actual_record_encoder ... ok
2026-09-17T06:09:21.8617594Z test pool::capacity_tests::capacity_commit_rechecks_the_budget_and_preserves_the_source ... ok
2026-09-17T06:09:26.3975420Z test pool::capacity_tests::capacity_exact_empty_frame_commits_reopens_and_stops_cleanly ... ok
2026-09-17T06:09:28.6554045Z test pool::capacity_tests::capacity_invalid_instance_still_fails_closed ... ok
2026-09-17T06:09:28.6554808Z test pool::capacity_tests::capacity_invalid_lengths_counts_and_overflow_are_rejected ... ok
2026-09-17T06:09:30.9135223Z test pool::capacity_tests::capacity_prepare_rejects_before_unpersistable_empty_block ... ok
2026-09-17T06:09:33.1741692Z test pool::capacity_tests::capacity_rejects_before_attempting_any_candidate_authorization ... ok
2026-09-17T06:09:35.4329324Z test pool::capacity_tests::capacity_selection_requires_space_for_even_an_empty_record ... ok
2026-09-17T06:09:46.9011677Z test pool::recovery::segments::index::tests::all_records_locate_correctly_across_real_production_segment_boundaries ... ok
2026-09-17T06:10:23.1639429Z test pool::recovery::segments::index::tests::both_profiles_have_exact_height_locations_and_unchanged_source ... ok
2026-09-17T06:10:41.2436605Z test pool::recovery::segments::index::tests::changed_captured_length_and_wrong_pinned_tip_are_rejected ... ok
2026-09-17T06:10:41.2449621Z test pool::recovery::segments::index::tests::exact_segment_end_is_not_attributed_to_a_nonexistent_next_segment ... ok
2026-09-17T06:10:52.5471140Z test pool::recovery::segments::index::tests::genesis_only_has_no_phantom_record ... ok
2026-09-17T06:10:57.0691355Z test pool::recovery::segments::index::tests::index_builder_rejects_gaps_overlaps_wrong_heights_hashes_and_bombs ... ok
2026-09-17T06:11:15.1429851Z test pool::recovery::segments::index::tests::metadata_or_late_replay_failure_never_yields_a_prefix_index ... ok
2026-09-17T06:11:26.4406830Z test pool::recovery::segments::index::tests::moved_named_archive_cannot_reuse_its_old_index_verdict ... ok
2026-09-17T06:11:26.4408769Z test pool::recovery::segments::reader_tests::exact_payload_requires_last_segment_eof_check_before_success ... ok
2026-09-17T06:11:26.4410019Z test pool::recovery::segments::reader_tests::hard_io_failure_at_each_boundary_permanently_invalidates_reader ... ok
2026-09-17T06:11:26.4411350Z test pool::recovery::segments::reader_tests::inconsistent_private_reader_metadata_returns_error_instead_of_panicking ... ok
2026-09-17T06:11:26.4412701Z test pool::recovery::segments::reader_tests::interrupted_short_reads_and_segment_end_checks_do_not_poison_reader ... ok
2026-09-17T06:11:26.4413926Z test pool::recovery::segments::reader_tests::truncated_or_extended_segment_cannot_be_skipped_by_retry ... ok
2026-09-17T06:11:47.1071874Z test pool::recovery::segments::tests::actual_multisegment_replay_crosses_record_boundary_and_restores_exact_bytes ... ok
2026-09-17T06:11:47.1078321Z test pool::recovery::segments::tests::empty_read_does_not_advance_and_segment_eof_is_not_journal_eof ... ok
2026-09-17T06:11:56.1373930Z test pool::recovery::segments::tests::every_publication_failure_preserves_source_and_cannot_be_retried_in_place ... ok
2026-09-17T06:12:09.7914674Z test pool::recovery::segments::tests::links_and_nonregular_inputs_are_refused_and_late_corruption_precedes_output_creation ... ok
2026-09-17T06:12:09.7917235Z test pool::recovery::segments::tests::manifest_is_exact_bounded_and_contains_no_supplied_paths ... ok
2026-09-17T06:12:23.4087081Z test pool::recovery::segments::tests::missing_extra_swapped_truncated_or_changed_segments_are_rejected ... ok
2026-09-17T06:12:34.7329987Z test pool::recovery::segments::tests::namespace_tests::extra_file_after_open_is_rejected_without_removal_or_output ... ok
2026-09-17T06:12:43.7541966Z test pool::recovery::segments::tests::namespace_tests::failed_open_releases_directory_guard_and_all_acquired_file_locks ... ok
2026-09-17T06:12:59.5588877Z test pool::recovery::segments::tests::namespace_tests::renamed_and_replaced_directory_cannot_be_verified_or_receive_restore_output ... ok
2026-09-17T06:13:13.1181334Z test pool::recovery::segments::tests::namespace_tests::replaced_manifest_with_identical_bytes_is_not_the_retained_object ... ok
2026-09-17T06:13:24.4031905Z test pool::recovery::segments::tests::namespace_tests::replaced_segment_symlink_is_rejected_even_when_it_targets_original_bytes ... ok
2026-09-17T06:14:00.5326243Z test pool::recovery::segments::tests::namespace_tests::unchanged_archives_retain_multiple_readers_and_release_handles_on_drop ... ok
2026-09-17T06:14:20.8679281Z test pool::recovery::segments::tests::pack_and_restore_are_create_only_and_archive_readers_keep_real_locks ... ok
2026-09-17T06:14:47.9863872Z test pool::recovery::segments::tests::partial_restore_and_lost_ack_leave_explicitly_verifiable_targets ... ok
2026-09-17T06:14:59.3113032Z test pool::recovery::segments::tests::persistent_segment_path_replacement_is_rejected_before_restore ... ok
2026-09-17T06:15:01.5649359Z test pool::recovery::tests::recovery_checkpoint_codec_bounds_and_every_truncation ... ok
2026-09-17T06:15:10.6150230Z test pool::recovery::tests::recovery_full_copy_matches_and_original_keeps_prepared_block ... ok
2026-09-17T06:15:15.1585780Z test pool::recovery::tests::recovery_invalid_store_does_not_export_a_checkpoint ... ok
2026-09-17T06:15:24.2186551Z test pool::recovery::tests::recovery_partial_write_and_lost_ack_never_replace_or_repair_source ... ok
2026-09-17T06:15:30.9929296Z test pool::recovery::tests::recovery_readonly_archive_and_changed_source_are_checked_before_target_creation ... ok
2026-09-17T06:15:35.5624847Z test pool::recovery::tests::recovery_refuses_overwrite_live_writers_links_and_unknown_paths ... ok
2026-09-17T06:15:37.8234221Z test pool::recovery::tests::recovery_untrusted_header_sizes_are_bounded_even_with_a_matching_file_hash ... ok
2026-09-17T06:15:46.8430370Z test pool::recovery::tests::recovery_wrong_state_domain_length_or_bytes_pin_rejected ... ok
2026-09-17T06:15:51.4135668Z test pool::recovery::tests::replay_integration_tests::a_shorter_valid_archive_needs_its_own_pin_not_the_later_checkpoint ... ok
2026-09-17T06:16:02.7364940Z test pool::recovery::tests::replay_integration_tests::checkpoint_export_and_archive_copy_discard_history_but_keep_the_exact_tip ... ok
2026-09-17T06:16:09.5149675Z test pool::recovery::tests::replay_integration_tests::checkpoint_export_rejects_a_valid_same_length_alternate_history ... ok
2026-09-17T06:16:27.6119939Z test pool::recovery::tests::replay_integration_tests::every_recovery_entry_uses_isolated_replay_without_per_block_state_copies ... ok
2026-09-17T06:16:34.3860053Z test pool::recovery::tests::replay_integration_tests::injected_replay_failure_keeps_lock_and_blocks_prepared_commit_without_repair ... ok
2026-09-17T06:16:43.4136517Z test pool::recovery::tests::replay_integration_tests::normal_append_handles_preserve_history_even_after_read_cursor_rewinds ... ok
2026-09-17T06:16:47.9305254Z test pool::recovery::tests::replay_integration_tests::wrong_final_result_with_new_checksums_never_returns_a_verified_archive ... ok
2026-09-17T06:16:52.4494296Z test pool::replay::tests::a_complete_shorter_prefix_still_requires_an_independent_checkpoint ... ok
2026-09-17T06:16:56.9604392Z test pool::replay::tests::checksum_mutations_and_structural_corruption_do_not_replay ... ok
2026-09-17T06:16:56.9605389Z test pool::replay::tests::declared_size_and_record_count_are_bounded_before_body_allocation ... ok
2026-09-17T06:17:01.4675061Z test pool::replay::tests::every_truncated_frame_and_appended_byte_is_rejected ... ok
2026-09-17T06:17:05.9927164Z test pool::replay::tests::finish_requires_verified_eof_and_errors_permanently_poison_replay ... ok
2026-09-17T06:17:10.5350222Z test pool::replay::tests::fragmented_reads_and_interrupted_eof_are_retried_without_skipping ... ok
2026-09-17T06:17:15.0859127Z test pool::replay::tests::input_failure_is_never_converted_to_a_successful_empty_history ... ok
2026-09-17T06:17:19.6171590Z test pool::replay::tests::io_fault_at_every_record_byte_including_final_eof_drops_the_reconstruction ... ok
2026-09-17T06:17:24.1553296Z test pool::replay::tests::maximum_record_window_is_replayed_without_copying_the_full_state_per_block ... ok
2026-09-17T06:17:24.1567369Z test pool::replay::tests::reusable_buffer_does_not_decode_stale_tail_bytes_after_a_shorter_record ... ok
2026-09-17T06:17:24.1568605Z test pool::replay::tests::shared_eof_does_not_swallow_read_errors_or_trailing_data ... ok
2026-09-17T06:17:24.1569560Z test pool::replay::tests::shared_header_and_eof_retry_interrupted_and_short_reads ... ok
2026-09-17T06:17:24.1570522Z test pool::replay::tests::shared_header_preserves_both_profiles_and_leaves_records_unread ... ok
2026-09-17T06:17:24.1571321Z test pool::replay::tests::shared_header_rejects_bounds_before_reading_commitment_payload ... ok
2026-09-17T06:17:24.1572248Z test pool::replay::tests::shared_header_rejects_unknown_network_domain_and_truncation ... ok
2026-09-17T06:17:28.6669140Z test pool::replay::tests::startup_and_wallet_history_share_replay_and_preserve_journal_bytes ... ok
2026-09-17T06:17:56.8251577Z test pool::tests::actual_two_hop_pool_commit_replay_and_corruption ... ok
2026-09-17T06:18:01.3719200Z test pool::tests::empty_pool_lock_restart_and_no_overwrite ... ok
2026-09-17T06:18:05.8892165Z test pool::tests::lost_sync_acknowledgement_remains_uncertain_until_replay ... ok
2026-09-17T06:18:10.4066132Z test pool::tests::partial_write_poison_does_not_advance_memory_or_repair_disk ... ok
2026-09-17T06:18:10.4144924Z test pool::tests::record_decoder_rejects_truncation_trailing_and_length_bombs ... ok
2026-09-17T06:18:12.6783238Z test pool::tests::tampered_prepared_result_and_resource_limits ... ok
2026-09-17T06:18:38.9477607Z test pool::wallet_flow_tests::durable_wallet_outbox_resumes_exact_real_payment_after_lost_acknowledgement ... ok
2026-09-17T06:18:41.2034935Z test pool::wallet_flow_tests::wallet_history_replay_keeps_append_cursor_and_rejects_disk_drift ... ok
2026-09-17T06:19:10.3263699Z test pool::wallet_flow_tests::wallet_nonzero_multinote_payment_change_expiry_backup_and_rescan ... ok
2026-09-17T06:19:15.0624012Z test pool::wallet_flow_tests::wallet_rejects_changed_checkpoint_ancestry_without_mutation ... ok
2026-09-17T06:19:15.0627053Z test signing_domain_vectors::every_context_component_changes_the_bound_signature_message ... ok
2026-09-17T06:19:15.0628431Z test signing_domain_vectors::legacy_and_bound_transcripts_match_independent_sha256_vectors ... ok
2026-09-17T06:19:15.4576076Z test wallet::tests::shared_witnesses_match_upstream_frontier_for_odd_and_even_trees ... ok
2026-09-17T06:19:15.5551506Z test wallet::vault::independent_kdf_vector::argon2id_matches_independent_argon2_cffi_reference ... ok
2026-09-17T06:19:18.6004442Z test wallet::vault::store::compact_tests::compacted_checkpoint_is_authenticated_but_requires_rescan_and_new_receipt ... ok
2026-09-17T06:19:21.4692352Z test wallet::vault::store::compact_tests::compaction_requires_exact_current_pin_and_never_overwrites_targets ... ok
2026-09-17T06:19:21.5756516Z test wallet::vault::store::compact_tests::corrupt_or_poisoned_source_cannot_be_compacted_into_a_fresh_looking_copy ... ok
2026-09-17T06:19:22.2804945Z test wallet::vault::store::compact_tests::partial_and_lost_ack_compaction_preserve_source_and_do_not_repair_targets ... ok
2026-09-17T06:19:25.0735704Z test wallet::vault::store::tests::authenticated_predecessor_rejects_rewritten_hash_chain_and_other_journal ... ok
2026-09-17T06:19:27.4580337Z test wallet::vault::store::tests::bounds_padding_and_live_disk_drift_fail_closed ... ok
2026-09-17T06:19:27.5633803Z test wallet::vault::store::tests::capacity_inspection_is_read_only_and_does_not_claim_synced_balance ... ok
2026-09-17T06:19:30.4593079Z test wallet::vault::store::tests::create_sync_backup_reopen_and_exact_source_protection ... ok
2026-09-17T06:19:33.2811893Z test wallet::vault::store::tests::legacy_snapshot_import_preserves_missing_outbox_reservation ... ok
2026-09-17T06:19:33.2812733Z test wallet::vault::store::tests::lock_child ... ok
2026-09-17T06:19:33.3899918Z test wallet::vault::store::tests::lock_is_enforced_across_processes ... ok
2026-09-17T06:19:35.9823831Z test wallet::vault::store::tests::lost_acknowledgement_is_uncertain_and_reopen_reconciles_complete_record ... ok
2026-09-17T06:19:36.0894992Z test wallet::vault::store::tests::missing_and_nonregular_files_are_not_created_or_repaired ... ok
2026-09-17T06:19:38.6083698Z test wallet::vault::store::tests::partial_write_poison_preserves_failure_and_never_truncates_on_reopen ... ok
2026-09-17T06:19:38.7166620Z test wallet::vault::store::tests::truncated_and_oversized_files_never_invoke_unbounded_reads ... ok
2026-09-17T06:19:41.4065282Z test wallet::vault::store::tests::valid_prefix_needs_independent_receipt_for_rollback_detection ... ok
2026-09-17T06:19:42.2197241Z test wallet::vault::tests::encrypted_roundtrip_randomization_and_wrong_password ... ok
2026-09-17T06:19:42.2286417Z test wallet::vault::tests::rejects_lengths_versions_and_kdf_bombs_before_derivation ... ok
2026-09-17T06:19:42.2368989Z test wallet::vault::tests::snapshot_rejects_noncanonical_flags_padding_and_duplicate_reservations ... ok
2026-09-17T06:19:42.2373906Z test wire::cache::tests::concurrent_success_memoization_preserves_exact_entries_and_bounds ... ok
2026-09-17T06:19:42.2374897Z test wire::cache::tests::exact_bytes_required_even_for_a_forced_digest_collision ... ok
2026-09-17T06:19:42.2375754Z test wire::cache::tests::fifo_capacity_and_duplicate_insert_are_bounded ... ok
2026-09-17T06:19:42.2377110Z test wire::cache::tests::invalid_sizes_cannot_fill_the_cache ... ok
2026-09-17T06:19:42.2377743Z test worker::tests::bounded_frame_rejections ... ok
2026-09-17T06:19:42.2378450Z test worker::tests::fingerprint_matches_go_vector ... ok
2026-09-17T06:19:42.2379180Z test worker::tests::frame_roundtrip ... ok
2026-09-17T06:19:42.2379518Z 
2026-09-17T06:19:42.2379797Z test result: ok. 121 passed; 0 failed; 0 ignored; 0 measured; 0 filtered out; finished in 622.71s
2026-09-17T06:19:42.2380173Z 
2026-09-17T06:19:42.2388489Z      Running unittests src/bin/zevune-orchard-worker.rs (target/release/deps/zevune_orchard_worker-cd84f4d9aac9e10a)
2026-09-17T06:19:42.2400136Z 
2026-09-17T06:19:42.2400287Z running 0 tests
2026-09-17T06:19:42.2400478Z 
2026-09-17T06:19:42.2400731Z test result: ok. 0 passed; 0 failed; 0 ignored; 0 measured; 0 filtered out; finished in 0.00s
2026-09-17T06:19:42.2401128Z 
2026-09-17T06:19:42.2404652Z      Running unittests src/bin/zevune-pool-worker.rs (target/release/deps/zevune_pool_worker-c8c07100e193c907)
2026-09-17T06:19:42.2412008Z 
2026-09-17T06:19:42.2412134Z running 3 tests
2026-09-17T06:19:42.2414110Z test tests::block_decoder_bounds ... ok
2026-09-17T06:19:42.2415138Z test tests::frame_truncation_and_bombs ... ok
2026-09-17T06:19:42.2415821Z test tests::selection_frame_is_bounded_canonical_and_separate_from_blocks ... ok
2026-09-17T06:19:42.2416144Z 
2026-09-17T06:19:42.2416541Z test result: ok. 3 passed; 0 failed; 0 ignored; 0 measured; 0 filtered out; finished in 0.00s
2026-09-17T06:19:42.2417073Z 
2026-09-17T06:19:42.2418516Z      Running tests/authorization_cache.rs (target/release/deps/authorization_cache-d80d49074bec5de6)
2026-09-17T06:19:42.2430131Z 
2026-09-17T06:19:42.2430332Z running 1 test
2026-09-17T06:19:53.2804166Z test real_authorization_reuse_rejects_changed_bytes_and_restarts_cold ... AUTH_CACHE_SAMPLE scope=authorization_only samples=32 cold_us=27499 warm_total_us=2592 transaction_bytes=9166
2026-09-17T06:19:53.2810868Z ok
2026-09-17T06:19:53.2813629Z 
2026-09-17T06:19:53.2814065Z test result: ok. 1 passed; 0 failed; 0 ignored; 0 measured; 0 filtered out; finished in 11.04s
2026-09-17T06:19:53.2814635Z 
2026-09-17T06:19:53.2822503Z      Running tests/bridge.rs (target/release/deps/bridge-cda5b5ed74dd728b)
2026-09-17T06:19:53.2835917Z 
2026-09-17T06:19:53.2836174Z running 1 test
2026-09-17T06:20:06.6250096Z test real_wire_roundtrip_individual_authorization_and_rejections ... ok
2026-09-17T06:20:06.6250712Z 
2026-09-17T06:20:06.6251264Z test result: ok. 1 passed; 0 failed; 0 ignored; 0 measured; 0 filtered out; finished in 13.34s
2026-09-17T06:20:06.6251763Z 
2026-09-17T06:20:06.6262024Z      Running tests/cache_state_guards.rs (target/release/deps/cache_state_guards-5ead73e6d643655e)
2026-09-17T06:20:06.6273952Z 
2026-09-17T06:20:06.6274144Z running 0 tests
2026-09-17T06:20:06.6274347Z 
2026-09-17T06:20:06.6274636Z test result: ok. 0 passed; 0 failed; 0 ignored; 0 measured; 0 filtered out; finished in 0.00s
2026-09-17T06:20:06.6275025Z 
2026-09-17T06:20:06.6276437Z      Running tests/default_worker_policy.rs (target/release/deps/default_worker_policy-479792fe47624099)
2026-09-17T06:20:06.6285613Z 
2026-09-17T06:20:06.6285749Z running 1 test
2026-09-17T06:20:06.6300595Z test default_worker_refuses_explicit_funding_arguments ... ok
2026-09-17T06:20:06.6301047Z 
2026-09-17T06:20:06.6301480Z test result: ok. 1 passed; 0 failed; 0 ignored; 0 measured; 0 filtered out; finished in 0.00s
2026-09-17T06:20:06.6301911Z 
2026-09-17T06:20:06.6302617Z      Running tests/genesis_domain.rs (target/release/deps/genesis_domain-f530e40902e25b8e)
2026-09-17T06:20:06.6312001Z 
2026-09-17T06:20:06.6312133Z running 0 tests
2026-09-17T06:20:06.6312322Z 
2026-09-17T06:20:06.6312679Z test result: ok. 0 passed; 0 failed; 0 ignored; 0 measured; 0 filtered out; finished in 0.00s
2026-09-17T06:20:06.6313188Z 
2026-09-17T06:20:06.6314233Z      Running tests/genesis_manifest_bounds.rs (target/release/deps/genesis_manifest_bounds-b5536276992f4a6e)
2026-09-17T06:20:06.6323326Z 
2026-09-17T06:20:06.6323475Z running 0 tests
2026-09-17T06:20:06.6323651Z 
2026-09-17T06:20:06.6324015Z test result: ok. 0 passed; 0 failed; 0 ignored; 0 measured; 0 filtered out; finished in 0.00s
2026-09-17T06:20:06.6324529Z 
2026-09-17T06:20:06.6325808Z      Running tests/operator_cli.rs (target/release/deps/operator_cli-287e6082c7030018)
2026-09-17T06:20:06.6334970Z 
2026-09-17T06:20:06.6335117Z running 0 tests
2026-09-17T06:20:06.6335309Z 
2026-09-17T06:20:06.6335686Z test result: ok. 0 passed; 0 failed; 0 ignored; 0 measured; 0 filtered out; finished in 0.00s
2026-09-17T06:20:06.6336185Z 
2026-09-17T06:20:06.6337074Z      Running tests/payment_preflight.rs (target/release/deps/payment_preflight-d68a7de54a8fe8d9)
2026-09-17T06:20:06.6345856Z 
2026-09-17T06:20:06.6345987Z running 0 tests
2026-09-17T06:20:06.6346161Z 
2026-09-17T06:20:06.6346524Z test result: ok. 0 passed; 0 failed; 0 ignored; 0 measured; 0 filtered out; finished in 0.00s
2026-09-17T06:20:06.6347030Z 
2026-09-17T06:20:06.6347890Z      Running tests/pool_network.rs (target/release/deps/pool_network-c8f8ae5b9cd9a26d)
2026-09-17T06:20:06.6358961Z 
2026-09-17T06:20:06.6359095Z running 1 test
2026-09-17T06:20:15.3296704Z test zero_value_real_proof_for_consensus ... ok
2026-09-17T06:20:15.3296999Z 
2026-09-17T06:20:15.3297432Z test result: ok. 1 passed; 0 failed; 0 ignored; 0 measured; 0 filtered out; finished in 8.69s
2026-09-17T06:20:15.3297844Z 
2026-09-17T06:20:15.3305098Z      Running tests/real_bundle.rs (target/release/deps/real_bundle-20f99c112b3d5369)
2026-09-17T06:20:15.3318626Z 
2026-09-17T06:20:15.3318756Z running 4 tests
2026-09-17T06:20:15.3529789Z test builder_rejects_wrong_owner_and_nonmember_path ... ok
2026-09-17T06:20:15.3560613Z test raw_key_reconstruction_preserves_local_receiver ... ok
2026-09-17T06:20:24.0333706Z test real_proofs_two_hops_and_adversarial_cases ... M4_PHASE valid_proof_and_signatures_and_read_only_check: passed
2026-09-17T06:20:24.0415737Z M4_PHASE recipient_decryption_change_wrong_key_and_raw_key_recovery: passed
2026-09-17T06:20:24.0428960Z M4_PHASE network_expiry_anchor_and_value_balance_rejections: passed
2026-09-17T06:20:24.0528314Z M4_PHASE corrupted_proof_noncanonical_length_signatures_ciphertext_and_version: passed
2026-09-17T06:20:29.6602767Z M4_PHASE duplicate_checks_and_real_proof_unbacked_pool_delta_rejection: passed
2026-09-17T06:20:35.2123015Z M4_PHASE verified_receiver_note_can_be_spent_onward: passed
2026-09-17T06:20:35.2124502Z M4_METRICS {"scope":"single_process_real_crypto_not_network_latency","key_build_ms":5362.573,"first_proof_ms":3248.155,"second_proof_ms":3204.166,"negative_delta_proof_ms":3297.605,"first_verify_ms":26.744,"second_verify_ms":26.625,"first_recipient_scan_ms":1.975,"actions_per_valid_bundle":2,"proof_bytes":7264}
2026-09-17T06:20:35.2215108Z ok
2026-09-17T06:20:35.2216869Z test upstream_public_empty_root_vectors ... ok
2026-09-17T06:20:35.2217198Z 
2026-09-17T06:20:35.2217570Z test result: ok. 4 passed; 0 failed; 0 ignored; 0 measured; 0 filtered out; finished in 19.89s
2026-09-17T06:20:35.2218400Z 
2026-09-17T06:20:35.2229350Z      Running tests/recipient_domain.rs (target/release/deps/recipient_domain-bf48c57b14c78bc5)
2026-09-17T06:20:35.2239231Z 
2026-09-17T06:20:35.2239376Z running 3 tests
2026-09-17T06:20:35.2417632Z test canonical_receiver_formats_preserve_legacy_without_domain_fallback ... ok
2026-09-17T06:20:35.2697622Z test network_recipient_requires_a_verified_history_not_only_keys ... ok
2026-09-17T06:20:35.2911586Z test recipient_parser_rejects_truncation_mutation_and_noncanonical_input ... ok
2026-09-17T06:20:35.2912147Z 
2026-09-17T06:20:35.2912506Z test result: ok. 3 passed; 0 failed; 0 ignored; 0 measured; 0 filtered out; finished in 0.07s
2026-09-17T06:20:35.2912904Z 
2026-09-17T06:20:35.2914784Z      Running tests/recovery_cli.rs (target/release/deps/recovery_cli-db19acbe6913f296)
2026-09-17T06:20:35.2926728Z 
2026-09-17T06:20:35.2926900Z running 0 tests
2026-09-17T06:20:35.2927103Z 
2026-09-17T06:20:35.2927978Z test result: ok. 0 passed; 0 failed; 0 ignored; 0 measured; 0 filtered out; finished in 0.00s
2026-09-17T06:20:35.2928565Z 
2026-09-17T06:20:35.2928869Z      Running tests/test_genesis.rs (target/release/deps/test_genesis-c254433454550e36)
2026-09-17T06:20:35.2937838Z 
2026-09-17T06:20:35.2937990Z running 0 tests
2026-09-17T06:20:35.2938424Z 
2026-09-17T06:20:35.2938802Z test result: ok. 0 passed; 0 failed; 0 ignored; 0 measured; 0 filtered out; finished in 0.00s
2026-09-17T06:20:35.2939323Z 
2026-09-17T06:20:35.2939610Z    Doc-tests zevune_orchard_lab
2026-09-17T06:20:35.3569777Z 
2026-09-17T06:20:35.3570341Z running 0 tests
2026-09-17T06:20:35.3570612Z 
2026-09-17T06:20:35.3571062Z test result: ok. 0 passed; 0 failed; 0 ignored; 0 measured; 0 filtered out; finished in 0.00s
2026-09-17T06:20:35.3571611Z 
2026-09-17T06:20:35.3639187Z ##[group]Run cargo clippy --locked --release --all-targets -- -D warnings
2026-09-17T06:20:35.3639733Z [36;1mcargo clippy --locked --release --all-targets -- -D warnings[0m
2026-09-17T06:20:35.3679446Z shell: /usr/bin/bash --noprofile --norc -e -o pipefail {0}
2026-09-17T06:20:35.3679785Z env:
2026-09-17T06:20:35.3679982Z   RAYON_NUM_THREADS: 2
2026-09-17T06:20:35.3680237Z   CARGO_BUILD_JOBS: 2
2026-09-17T06:20:35.3680452Z ##[endgroup]
2026-09-17T06:20:35.5370972Z     Checking cfg-if v1.0.4
2026-09-17T06:20:35.5371454Z     Checking libc v0.2.189
2026-09-17T06:20:35.5576005Z     Checking subtle v2.6.1
2026-09-17T06:20:35.6371226Z     Checking typenum v1.20.1
2026-09-17T06:20:36.0703742Z     Checking generic-array v0.14.7
2026-09-17T06:20:36.1498779Z     Checking getrandom v0.2.17
2026-09-17T06:20:36.2163391Z     Checking rand_core v0.6.4
2026-09-17T06:20:36.2924551Z     Checking tap v1.0.1
2026-09-17T06:20:36.3219644Z     Checking wyz v0.5.1
2026-09-17T06:20:36.3820079Z     Checking crypto-common v0.1.7
2026-09-17T06:20:36.4023362Z     Checking radium v0.7.0
2026-09-17T06:20:36.4222653Z     Checking funty v2.0.0
2026-09-17T06:20:36.4835785Z     Checking zeroize v1.9.0
2026-09-17T06:20:36.5460503Z     Checking zerocopy v0.8.57
2026-09-17T06:20:36.6977571Z     Checking bitvec v1.1.1
2026-09-17T06:20:37.9984146Z     Checking ff v0.13.1
2026-09-17T06:20:38.0459611Z     Checking arrayvec v0.7.8
2026-09-17T06:20:38.1378995Z     Checking memuse v0.2.2
2026-09-17T06:20:38.2006433Z     Checking constant_time_eq v0.4.2
2026-09-17T06:20:38.2459782Z     Checking blake2b_simd v1.0.5
2026-09-17T06:20:38.4769749Z     Checking crossbeam-utils v0.8.23
2026-09-17T06:20:38.6812578Z     Checking group v0.13.0
2026-09-17T06:20:38.7336972Z     Checking ppv-lite86 v0.2.21
2026-09-17T06:20:38.7494398Z     Checking inout v0.1.4
2026-09-17T06:20:38.7880174Z     Checking static_assertions v1.1.0
2026-09-17T06:20:38.8050305Z     Checking spin v0.9.9
2026-09-17T06:20:38.8403486Z     Checking cpufeatures v0.2.17
2026-09-17T06:20:38.8570176Z     Checking lazy_static v1.5.0
2026-09-17T06:20:38.8751363Z     Checking cipher v0.4.4
2026-09-17T06:20:38.9176518Z     Checking rand_chacha v0.3.1
2026-09-17T06:20:38.9718307Z     Checking crossbeam-epoch v0.9.21
2026-09-17T06:20:39.0176213Z     Checking rand v0.8.5
2026-09-17T06:20:39.1051650Z     Checking crossbeam-deque v0.8.8
2026-09-17T06:20:39.1835052Z     Checking either v1.18.0
2026-09-17T06:20:39.2614336Z     Checking rayon-core v1.13.0
2026-09-17T06:20:39.3638480Z     Checking pasta_curves v0.5.2
2026-09-17T06:20:39.4888583Z     Checking once_cell v1.21.4
2026-09-17T06:20:39.5666502Z     Checking tracing-core v0.1.36
2026-09-17T06:20:39.7669504Z     Checking rayon v1.12.0
2026-09-17T06:20:39.8022192Z     Checking num-traits v0.2.19
2026-09-17T06:20:40.1236990Z     Checking universal-hash v0.5.1
2026-09-17T06:20:40.1621201Z     Checking block-buffer v0.10.4
2026-09-17T06:20:40.2009577Z     Checking opaque-debug v0.3.1
2026-09-17T06:20:40.2165193Z     Checking hashbrown v0.12.3
2026-09-17T06:20:40.4716751Z     Checking hex v0.4.3
2026-09-17T06:20:40.5782371Z     Checking pin-project-lite v0.2.17
2026-09-17T06:20:40.6011973Z     Checking byteorder v1.5.0
2026-09-17T06:20:40.7055224Z     Checking tracing v0.1.44
2026-09-17T06:20:40.7949474Z     Checking indexmap v1.9.3
2026-09-17T06:20:40.9625776Z     Checking maybe-rayon v0.1.1
2026-09-17T06:20:40.9804673Z     Checking poly1305 v0.8.0
2026-09-17T06:20:40.9864232Z     Checking digest v0.10.7
2026-09-17T06:20:41.0757688Z     Checking num-integer v0.1.47
2026-09-17T06:20:41.1232664Z     Checking crunchy v0.2.4
2026-09-17T06:20:41.1414210Z     Checking serde_core v1.0.229
2026-09-17T06:20:41.1989710Z     Checking chacha20 v0.9.1
2026-09-17T06:20:41.2901824Z     Checking bls12_381 v0.8.0
2026-09-17T06:20:41.3708619Z     Checking aead v0.5.2
2026-09-17T06:20:41.4174374Z     Checking halo2_legacy_pdqsort v0.1.0
2026-09-17T06:20:41.4652376Z     Checking halo2_proofs v0.3.5
2026-09-17T06:20:42.3549011Z     Checking serde v1.0.229
2026-09-17T06:20:42.6235691Z     Checking chacha20poly1305 v0.10.1
2026-09-17T06:20:42.6627002Z     Checking jubjub v0.10.0
2026-09-17T06:20:42.8145812Z     Checking thiserror v2.0.20
2026-09-17T06:20:42.8386758Z     Checking num-bigint v0.4.8
2026-09-17T06:20:43.2286092Z     Checking uint v0.9.5
2026-09-17T06:20:43.2712646Z     Checking libm v0.2.16
2026-09-17T06:20:43.5816362Z     Checking sinsemilla v0.1.0
2026-09-17T06:20:43.9089945Z     Checking halo2_poseidon v0.1.0
2026-09-17T06:20:44.1212782Z     Checking cbc v0.1.2
2026-09-17T06:20:44.1648476Z     Checking zcash_spec v0.2.1
2026-09-17T06:20:44.1945120Z     Checking base64ct v1.8.3
2026-09-17T06:20:44.2343385Z     Checking bech32 v0.11.1
2026-09-17T06:20:44.3170853Z     Checking password-hash v0.5.0
2026-09-17T06:20:44.4313304Z     Checking zip32 v0.2.1
2026-09-17T06:20:44.4558494Z     Checking halo2_gadgets v0.5.0
2026-09-17T06:20:44.5226382Z     Checking fpe v0.6.1
2026-09-17T06:20:44.6286778Z     Checking reddsa v0.5.2
2026-09-17T06:20:44.7912123Z     Checking zcash_note_encryption v0.4.2
2026-09-17T06:20:44.8736882Z     Checking blake2 v0.10.6
2026-09-17T06:20:44.9979256Z     Checking incrementalmerkletree v0.8.1
2026-09-17T06:20:45.0703107Z     Checking aes v0.8.4
2026-09-17T06:20:45.3196046Z     Checking corez v0.1.1
2026-09-17T06:20:45.3366208Z     Checking nonempty v0.11.0
2026-09-17T06:20:45.3769964Z     Checking argon2 v0.5.3
2026-09-17T06:20:45.3951064Z     Checking orchard v0.15.5
2026-09-17T06:20:45.5769067Z     Checking sha2 v0.10.9
2026-09-17T06:20:46.4584860Z     Checking zevune-orchard-lab v0.1.0 (/home/runner/work/Zevune/Zevune/integration/orchard)
2026-09-17T06:20:47.5948799Z     Finished `release` profile [optimized] target(s) in 12.17s
2026-09-17T06:20:47.6102375Z ##[group]Run git diff --exit-code
2026-09-17T06:20:47.6102724Z [36;1mgit diff --exit-code[0m
2026-09-17T06:20:47.6141813Z shell: /usr/bin/bash --noprofile --norc -e -o pipefail {0}
2026-09-17T06:20:47.6142155Z env:
2026-09-17T06:20:47.6142359Z   RAYON_NUM_THREADS: 2
2026-09-17T06:20:47.6142584Z   CARGO_BUILD_JOBS: 2
2026-09-17T06:20:47.6142799Z ##[endgroup]
2026-09-17T06:20:47.6334185Z Post job cleanup.
2026-09-17T06:20:47.7292497Z [command]/usr/bin/git version
2026-09-17T06:20:47.7336533Z git version 2.55.0
2026-09-17T06:20:47.7377711Z Temporarily overriding HOME='/home/runner/work/_temp/3718067a-f4d0-417b-a3b7-d8c4b45edad1' before making global git config changes
2026-09-17T06:20:47.7379958Z Adding repository directory to the temporary git global config as a safe directory
2026-09-17T06:20:47.7384508Z [command]/usr/bin/git config --global --add safe.directory /home/runner/work/Zevune/Zevune
2026-09-17T06:20:47.7432193Z [command]/usr/bin/git config --local --name-only --get-regexp core\.sshCommand
2026-09-17T06:20:47.7471359Z [command]/usr/bin/git submodule foreach --recursive sh -c "git config --local --name-only --get-regexp 'core\.sshCommand' && git config --local --unset-all 'core.sshCommand' || :"
2026-09-17T06:20:47.7740472Z [command]/usr/bin/git config --local --name-only --get-regexp http\.https\:\/\/github\.com\/\.extraheader
2026-09-17T06:20:47.7784759Z [command]/usr/bin/git submodule foreach --recursive sh -c "git config --local --name-only --get-regexp 'http\.https\:\/\/github\.com\/\.extraheader' && git config --local --unset-all 'http.https://github.com/.extraheader' || :"
2026-09-17T06:20:47.8237019Z Cleaning up orphan processes
