2026-09-17T06:20:53.6152884Z Current runner version: '2.337.0'
2026-09-17T06:20:53.6188714Z ##[group]Runner Image Provisioner
2026-09-17T06:20:53.6189980Z Hosted Compute Agent
2026-09-17T06:20:53.6190871Z Version: 20260828.587
2026-09-17T06:20:53.6191984Z Commit: abac92662cab4cc7352de4f9f9d2e2419aad9c29
2026-09-17T06:20:53.6193188Z Build Date: 2026-08-28T16:44:25Z
2026-09-17T06:20:53.6194310Z Worker ID: {03cbe62c-dd60-46f2-b475-0ec1497a9587}
2026-09-17T06:20:53.6195591Z Azure Region: westcentralus
2026-09-17T06:20:53.6196600Z ##[endgroup]
2026-09-17T06:20:53.6198902Z ##[group]Operating System
2026-09-17T06:20:53.6199965Z Microsoft Windows Server 2025
2026-09-17T06:20:53.6201536Z 10.0.26100
2026-09-17T06:20:53.6202473Z Datacenter
2026-09-17T06:20:53.6203397Z ##[endgroup]
2026-09-17T06:20:53.6204326Z ##[group]Runner Image
2026-09-17T06:20:53.6205347Z Image: windows-2025-vs2026
2026-09-17T06:20:53.6206401Z Version: 20260907.229.1
2026-09-17T06:20:53.6209221Z Included Software: https://github.com/actions/runner-images/blob/win25-vs2026/20260907.229/images/windows/Windows2025-VS2026-Readme.md
2026-09-17T06:20:53.6212458Z Image Release: https://github.com/actions/runner-images/releases/tag/win25-vs2026%2F20260907.229
2026-09-17T06:20:53.6214348Z ##[endgroup]
2026-09-17T06:20:53.6216252Z ##[group]GITHUB_TOKEN Permissions
2026-09-17T06:20:53.6220326Z Contents: read
2026-09-17T06:20:53.6221338Z Metadata: read
2026-09-17T06:20:53.6222282Z ##[endgroup]
2026-09-17T06:20:53.6225144Z Secret source: Actions
2026-09-17T06:20:53.6226647Z Cache mode: write
2026-09-17T06:20:53.6227754Z Prepare workflow directory
2026-09-17T06:20:53.6773422Z Prepare all required actions
2026-09-17T06:20:53.6822544Z Getting action download info
2026-09-17T06:20:53.9501676Z Download action repository 'actions/checkout@08c6903cd8c0fde910a37f88322edcfb5dd907a8' (SHA:08c6903cd8c0fde910a37f88322edcfb5dd907a8)
2026-09-17T06:20:54.2312693Z Complete job name: funded-library (windows-latest)
2026-09-17T06:20:54.3921270Z ##[group]Run actions/checkout@08c6903cd8c0fde910a37f88322edcfb5dd907a8
2026-09-17T06:20:54.3922506Z with:
2026-09-17T06:20:54.3922930Z   persist-credentials: false
2026-09-17T06:20:54.3923421Z   repository: youq616/Zevune
2026-09-17T06:20:54.3927696Z   token: ***
2026-09-17T06:20:54.3928109Z   ssh-strict: true
2026-09-17T06:20:54.3928512Z   ssh-user: git
2026-09-17T06:20:54.3928900Z   clean: true
2026-09-17T06:20:54.3929320Z   sparse-checkout-cone-mode: true
2026-09-17T06:20:54.3929814Z   fetch-depth: 1
2026-09-17T06:20:54.3930208Z   fetch-tags: false
2026-09-17T06:20:54.3930623Z   show-progress: true
2026-09-17T06:20:54.3931043Z   lfs: false
2026-09-17T06:20:54.3931435Z   submodules: false
2026-09-17T06:20:54.3931860Z   set-safe-directory: true
2026-09-17T06:20:54.3932554Z env:
2026-09-17T06:20:54.3932968Z   RAYON_NUM_THREADS: 2
2026-09-17T06:20:54.3933408Z   CARGO_BUILD_JOBS: 2
2026-09-17T06:20:54.3933818Z ##[endgroup]
2026-09-17T06:20:54.5377697Z Syncing repository: youq616/Zevune
2026-09-17T06:20:54.5379443Z ##[group]Getting Git version info
2026-09-17T06:20:54.5380080Z Working directory is 'D:\a\Zevune\Zevune'
2026-09-17T06:20:54.6516506Z [command]"C:\Program Files\Git\bin\git.exe" version
2026-09-17T06:20:55.1534394Z git version 2.55.0.windows.5
2026-09-17T06:20:55.1590300Z ##[endgroup]
2026-09-17T06:20:55.1610511Z Temporarily overriding HOME='D:\a\_temp\0aa9167a-afd7-4ad6-b2cb-9bd578e2a2ae' before making global git config changes
2026-09-17T06:20:55.1611952Z Adding repository directory to the temporary git global config as a safe directory
2026-09-17T06:20:55.1620917Z [command]"C:\Program Files\Git\bin\git.exe" config --global --add safe.directory D:\a\Zevune\Zevune
2026-09-17T06:20:55.2450675Z Deleting the contents of 'D:\a\Zevune\Zevune'
2026-09-17T06:20:55.2456843Z ##[group]Initializing the repository
2026-09-17T06:20:55.2465757Z [command]"C:\Program Files\Git\bin\git.exe" init D:\a\Zevune\Zevune
2026-09-17T06:20:55.3433828Z Initialized empty Git repository in D:/a/Zevune/Zevune/.git/
2026-09-17T06:20:55.3482275Z [command]"C:\Program Files\Git\bin\git.exe" remote add origin https://github.com/youq616/Zevune
2026-09-17T06:20:55.4350916Z ##[endgroup]
2026-09-17T06:20:55.4359067Z ##[group]Disabling automatic garbage collection
2026-09-17T06:20:55.4361289Z [command]"C:\Program Files\Git\bin\git.exe" config --local gc.auto 0
2026-09-17T06:20:55.4654617Z ##[endgroup]
2026-09-17T06:20:55.4655830Z ##[group]Setting up auth
2026-09-17T06:20:55.4666452Z [command]"C:\Program Files\Git\bin\git.exe" config --local --name-only --get-regexp core\.sshCommand
2026-09-17T06:20:55.4970111Z [command]"C:\Program Files\Git\bin\git.exe" submodule foreach --recursive "sh -c \"git config --local --name-only --get-regexp 'core\.sshCommand' && git config --local --unset-all 'core.sshCommand' || :\""
2026-09-17T06:20:57.3449532Z [command]"C:\Program Files\Git\bin\git.exe" config --local --name-only --get-regexp http\.https\:\/\/github\.com\/\.extraheader
2026-09-17T06:20:57.3770354Z [command]"C:\Program Files\Git\bin\git.exe" submodule foreach --recursive "sh -c \"git config --local --name-only --get-regexp 'http\.https\:\/\/github\.com\/\.extraheader' && git config --local --unset-all 'http.https://github.com/.extraheader' || :\""
2026-09-17T06:20:57.9320263Z [command]"C:\Program Files\Git\bin\git.exe" config --local http.https://github.com/.extraheader "AUTHORIZATION: basic ***"
2026-09-17T06:20:57.9631526Z ##[endgroup]
2026-09-17T06:20:57.9632209Z ##[group]Fetching the repository
2026-09-17T06:20:57.9644738Z [command]"C:\Program Files\Git\bin\git.exe" -c protocol.version=2 fetch --no-tags --prune --no-recurse-submodules --depth=1 origin +caece5bb6e82adc11156601880d7e1b4f2b5f463:refs/remotes/pull/11/merge
2026-09-17T06:20:59.6494762Z From https://github.com/youq616/Zevune
2026-09-17T06:20:59.6495622Z  * [new ref]         caece5bb6e82adc11156601880d7e1b4f2b5f463 -> pull/11/merge
2026-09-17T06:20:59.6540425Z ##[endgroup]
2026-09-17T06:20:59.6544516Z ##[group]Determining the checkout info
2026-09-17T06:20:59.6545645Z ##[endgroup]
2026-09-17T06:20:59.6554195Z [command]"C:\Program Files\Git\bin\git.exe" sparse-checkout disable
2026-09-17T06:20:59.7088219Z [command]"C:\Program Files\Git\bin\git.exe" config --local --unset-all extensions.worktreeConfig
2026-09-17T06:20:59.7406135Z ##[group]Checking out the ref
2026-09-17T06:20:59.7420521Z [command]"C:\Program Files\Git\bin\git.exe" checkout --progress --force refs/remotes/pull/11/merge
2026-09-17T06:20:59.9275111Z Note: switching to 'refs/remotes/pull/11/merge'.
2026-09-17T06:20:59.9275640Z 
2026-09-17T06:20:59.9276063Z You are in 'detached HEAD' state. You can look around, make experimental
2026-09-17T06:20:59.9277085Z changes and commit them, and you can discard any commits you make in this
2026-09-17T06:20:59.9277573Z state without impacting any branches by switching back to a branch.
2026-09-17T06:20:59.9277974Z 
2026-09-17T06:20:59.9278337Z If you want to create a new branch to retain commits you create, you may
2026-09-17T06:20:59.9278785Z do so (now or later) by using -c with the switch command. Example:
2026-09-17T06:20:59.9279051Z 
2026-09-17T06:20:59.9279186Z   git switch -c <new-branch-name>
2026-09-17T06:20:59.9279355Z 
2026-09-17T06:20:59.9279455Z Or undo this operation with:
2026-09-17T06:20:59.9279617Z 
2026-09-17T06:20:59.9279704Z   git switch -
2026-09-17T06:20:59.9279821Z 
2026-09-17T06:20:59.9280020Z Turn off this advice by setting config variable advice.detachedHead to false
2026-09-17T06:20:59.9280325Z 
2026-09-17T06:20:59.9280684Z HEAD is now at caece5b Merge cd5fe98053ce64e1acc6796dae44ec0e822c124f into 8324ec8bd153d9502e3e6761d25bfe281a5f3b44
2026-09-17T06:20:59.9412683Z ##[endgroup]
2026-09-17T06:20:59.9826473Z [command]"C:\Program Files\Git\bin\git.exe" log -1 --format=%H
2026-09-17T06:21:00.0178675Z caece5bb6e82adc11156601880d7e1b4f2b5f463
2026-09-17T06:21:00.0240431Z ##[group]Removing auth
2026-09-17T06:21:00.0249779Z [command]"C:\Program Files\Git\bin\git.exe" config --local --name-only --get-regexp core\.sshCommand
2026-09-17T06:21:00.0574838Z [command]"C:\Program Files\Git\bin\git.exe" submodule foreach --recursive "sh -c \"git config --local --name-only --get-regexp 'core\.sshCommand' && git config --local --unset-all 'core.sshCommand' || :\""
2026-09-17T06:21:00.6202888Z [command]"C:\Program Files\Git\bin\git.exe" config --local --name-only --get-regexp http\.https\:\/\/github\.com\/\.extraheader
2026-09-17T06:21:00.6477592Z http.https://github.com/.extraheader
2026-09-17T06:21:00.6522999Z [command]"C:\Program Files\Git\bin\git.exe" config --local --unset-all http.https://github.com/.extraheader
2026-09-17T06:21:00.6848698Z [command]"C:\Program Files\Git\bin\git.exe" submodule foreach --recursive "sh -c \"git config --local --name-only --get-regexp 'http\.https\:\/\/github\.com\/\.extraheader' && git config --local --unset-all 'http.https://github.com/.extraheader' || :\""
2026-09-17T06:21:01.2449148Z ##[endgroup]
2026-09-17T06:21:01.2899365Z ##[group]Run rustup toolchain install 1.98.1 --profile minimal --component rustfmt --component clippy
2026-09-17T06:21:01.2900250Z [36;1mrustup toolchain install 1.98.1 --profile minimal --component rustfmt --component clippy[0m
2026-09-17T06:21:01.2922778Z shell: C:\Program Files\Git\bin\bash.EXE --noprofile --norc -e -o pipefail {0}
2026-09-17T06:21:01.2923186Z env:
2026-09-17T06:21:01.2923360Z   RAYON_NUM_THREADS: 2
2026-09-17T06:21:01.2923560Z   CARGO_BUILD_JOBS: 2
2026-09-17T06:21:01.2923759Z ##[endgroup]
2026-09-17T06:21:02.4709937Z info: syncing channel updates for 1.98.1-x86_64-pc-windows-msvc
2026-09-17T06:21:03.2746149Z info: latest update on 2026-09-03 for version 1.98.1 (48a229cea 2026-09-01)
2026-09-17T06:21:03.2923797Z info: downloading 5 components
2026-09-17T06:21:12.2173025Z 
2026-09-17T06:21:12.2480032Z   1.98.1-x86_64-pc-windows-msvc installed - rustc 1.98.1 (48a229cea 2026-09-01)
2026-09-17T06:21:12.2480437Z 
2026-09-17T06:21:12.2756307Z ##[group]Run python -m unittest discover -s scripts/tests -p test_funded_rust.py -v
2026-09-17T06:21:12.2756973Z [36;1mpython -m unittest discover -s scripts/tests -p test_funded_rust.py -v[0m
2026-09-17T06:21:12.2773687Z shell: C:\Program Files\Git\bin\bash.EXE --noprofile --norc -e -o pipefail {0}
2026-09-17T06:21:12.2774073Z env:
2026-09-17T06:21:12.2774239Z   RAYON_NUM_THREADS: 2
2026-09-17T06:21:12.2774429Z   CARGO_BUILD_JOBS: 2
2026-09-17T06:21:12.2774619Z ##[endgroup]
2026-09-17T06:21:14.7069409Z test_command_failure_stops_cohort_and_never_reports_completion (test_funded_rust.FundedRustPlanTests.test_command_failure_stops_cohort_and_never_reports_completion) ... ok
2026-09-17T06:21:14.7082171Z test_commands_keep_flags_and_never_filter_test_names (test_funded_rust.FundedRustPlanTests.test_commands_keep_flags_and_never_filter_test_names) ... ok
2026-09-17T06:21:14.7094208Z test_empty_or_incomplete_inventory_fails (test_funded_rust.FundedRustPlanTests.test_empty_or_incomplete_inventory_fails) ... ok
2026-09-17T06:21:14.7099965Z test_future_binary_and_integration_targets_join_automatically (test_funded_rust.FundedRustPlanTests.test_future_binary_and_integration_targets_join_automatically) ... ok
2026-09-17T06:21:14.7123237Z test_invalid_names_and_duplicate_targets_fail (test_funded_rust.FundedRustPlanTests.test_invalid_names_and_duplicate_targets_fail) ... ok
2026-09-17T06:21:14.7129513Z test_metadata_failure_is_a_nonzero_exit (test_funded_rust.FundedRustPlanTests.test_metadata_failure_is_a_nonzero_exit) ... ok
2026-09-17T06:21:14.7139504Z test_plan_only_is_not_a_test_execution (test_funded_rust.FundedRustPlanTests.test_plan_only_is_not_a_test_execution) ... ok
2026-09-17T06:21:14.7146782Z test_reordering_metadata_does_not_change_plan (test_funded_rust.FundedRustPlanTests.test_reordering_metadata_does_not_change_plan) ... ok
2026-09-17T06:21:14.7155115Z test_target_union_is_complete_and_disjoint (test_funded_rust.FundedRustPlanTests.test_target_union_is_complete_and_disjoint) ... ok
2026-09-17T06:21:14.7157291Z test_unknown_cohort_or_schema_fails (test_funded_rust.FundedRustPlanTests.test_unknown_cohort_or_schema_fails) ... ok
2026-09-17T06:21:14.7189102Z test_unknown_or_disabled_targets_are_not_silently_omitted (test_funded_rust.FundedRustPlanTests.test_unknown_or_disabled_targets_are_not_silently_omitted) ... ok
2026-09-17T06:21:14.7200004Z test_unselected_features_fail (test_funded_rust.FundedRustPlanTests.test_unselected_features_fail) ... ok
2026-09-17T06:21:14.7311734Z test_wrong_workspace_identity_fails (test_funded_rust.FundedRustPlanTests.test_wrong_workspace_identity_fails) ... ok
2026-09-17T06:21:14.7312953Z 
2026-09-17T06:21:14.7313195Z ----------------------------------------------------------------------
2026-09-17T06:21:14.7313771Z Ran 13 tests in 0.025s
2026-09-17T06:21:14.7313981Z 
2026-09-17T06:21:14.7314080Z OK
2026-09-17T06:21:14.7990329Z ##[group]Run cargo fmt --all -- --check
2026-09-17T06:21:14.7990729Z [36;1mcargo fmt --all -- --check[0m
2026-09-17T06:21:14.7991067Z [36;1mcargo metadata --locked --format-version=1 > /dev/null[0m
2026-09-17T06:21:14.7991406Z [36;1mgit diff --exit-code[0m
2026-09-17T06:21:14.8008998Z shell: C:\Program Files\Git\bin\bash.EXE --noprofile --norc -e -o pipefail {0}
2026-09-17T06:21:14.8009403Z env:
2026-09-17T06:21:14.8009582Z   RAYON_NUM_THREADS: 2
2026-09-17T06:21:14.8009786Z   CARGO_BUILD_JOBS: 2
2026-09-17T06:21:14.8009980Z ##[endgroup]
2026-09-17T06:21:16.7904412Z     Updating crates.io index
2026-09-17T06:21:18.1426357Z  Downloading crates ...
2026-09-17T06:21:18.3819632Z   Downloaded derive-getters v0.5.0
2026-09-17T06:21:18.4393631Z   Downloaded subtle v2.6.1
2026-09-17T06:21:18.4526770Z   Downloaded aead v0.5.2
2026-09-17T06:21:18.4745609Z   Downloaded thiserror-impl v2.0.20
2026-09-17T06:21:18.4972899Z   Downloaded crypto-common v0.1.7
2026-09-17T06:21:18.5067455Z   Downloaded tracing-core v0.1.36
2026-09-17T06:21:18.5370067Z   Downloaded crunchy v0.2.4
2026-09-17T06:21:18.5465088Z   Downloaded atomic-polyfill v1.0.3
2026-09-17T06:21:18.5653133Z   Downloaded zeroize_derive v1.5.0
2026-09-17T06:21:18.5744464Z   Downloaded serdect v0.2.0
2026-09-17T06:21:18.5932678Z   Downloaded generic-array v0.14.7
2026-09-17T06:21:18.6116206Z   Downloaded universal-hash v0.5.1
2026-09-17T06:21:18.6224416Z   Downloaded lazy_static v1.5.0
2026-09-17T06:21:18.6484589Z   Downloaded opaque-debug v0.3.1
2026-09-17T06:21:18.6755889Z   Downloaded hex v0.4.3
2026-09-17T06:21:18.6909523Z   Downloaded rand_chacha v0.3.1
2026-09-17T06:21:18.7011654Z   Downloaded embedded-io v0.6.1
2026-09-17T06:21:18.7245234Z   Downloaded frost-rerandomized v3.0.0
2026-09-17T06:21:18.7353418Z   Downloaded funty v2.0.0
2026-09-17T06:21:18.7423653Z   Downloaded getset v0.1.7
2026-09-17T06:21:18.7595881Z   Downloaded nonempty v0.11.0
2026-09-17T06:21:18.7765656Z   Downloaded rustc_version v0.4.1
2026-09-17T06:21:18.7904225Z   Downloaded document-features v0.2.12
2026-09-17T06:21:18.8034470Z   Downloaded halo2_legacy_pdqsort v0.1.0
2026-09-17T06:21:18.8173257Z   Downloaded stable_deref_trait v1.2.1
2026-09-17T06:21:18.8287434Z   Downloaded const-crc32-nostd v1.3.1
2026-09-17T06:21:18.8370233Z   Downloaded scopeguard v1.2.0
2026-09-17T06:21:18.8487674Z   Downloaded version_check v0.9.5
2026-09-17T06:21:18.8648988Z   Downloaded tap v1.0.1
2026-09-17T06:21:18.8780582Z   Downloaded zcash_spec v0.2.1
2026-09-17T06:21:18.8941240Z   Downloaded visibility v0.1.1
2026-09-17T06:21:18.9073227Z   Downloaded zcash_note_encryption v0.4.2
2026-09-17T06:21:18.9271301Z   Downloaded uint v0.9.5
2026-09-17T06:21:18.9440171Z   Downloaded wyz v0.5.1
2026-09-17T06:21:18.9574670Z   Downloaded block-buffer v0.10.4
2026-09-17T06:21:18.9722440Z   Downloaded radium v0.7.0
2026-09-17T06:21:18.9825421Z   Downloaded cfg-if v1.0.4
2026-09-17T06:21:18.9985916Z   Downloaded embedded-io v0.4.0
2026-09-17T06:21:19.0247966Z   Downloaded hash32 v0.2.1
2026-09-17T06:21:19.2280232Z   Downloaded maybe-rayon v0.1.1
2026-09-17T06:21:19.2366763Z   Downloaded cpufeatures v0.2.17
2026-09-17T06:21:19.2500735Z   Downloaded inout v0.1.4
2026-09-17T06:21:19.2790432Z   Downloaded byteorder v1.5.0
2026-09-17T06:21:19.2936618Z   Downloaded chacha20 v0.9.1
2026-09-17T06:21:19.3108978Z   Downloaded cipher v0.4.4
2026-09-17T06:21:19.3311451Z   Downloaded argon2 v0.5.3
2026-09-17T06:21:19.3522911Z   Downloaded autocfg v1.5.1
2026-09-17T06:21:19.3707822Z   Downloaded base16ct v0.2.0
2026-09-17T06:21:19.3885852Z   Downloaded constant_time_eq v0.4.2
2026-09-17T06:21:19.4125608Z   Downloaded memuse v0.2.2
2026-09-17T06:21:19.4388536Z   Downloaded base64ct v1.8.3
2026-09-17T06:21:19.4794328Z   Downloaded crossbeam-deque v0.8.8
2026-09-17T06:21:19.5241311Z   Downloaded either v1.18.0
2026-09-17T06:21:19.5400649Z   Downloaded group v0.13.0
2026-09-17T06:21:19.5544992Z   Downloaded wasi v0.11.1+wasi-snapshot-preview1
2026-09-17T06:21:19.5735045Z   Downloaded num-integer v0.1.47
2026-09-17T06:21:19.5883747Z   Downloaded static_assertions v1.1.0
2026-09-17T06:21:19.6078635Z   Downloaded thiserror v2.0.20
2026-09-17T06:21:19.7019345Z   Downloaded ff v0.13.1
2026-09-17T06:21:19.7151219Z   Downloaded incrementalmerkletree v0.8.1
2026-09-17T06:21:19.7304701Z   Downloaded lock_api v0.4.14
2026-09-17T06:21:19.7423409Z   Downloaded rand_core v0.6.4
2026-09-17T06:21:19.7549280Z   Downloaded sha2 v0.10.9
2026-09-17T06:21:19.7906942Z   Downloaded zip32 v0.2.1
2026-09-17T06:21:19.8205937Z   Downloaded quote v1.0.47
2026-09-17T06:21:19.8823010Z   Downloaded cobs v0.3.0
2026-09-17T06:21:19.8964975Z   Downloaded poly1305 v0.8.0
2026-09-17T06:21:19.9261354Z   Downloaded zeroize v1.9.0
2026-09-17T06:21:19.9439008Z   Downloaded password-hash v0.5.0
2026-09-17T06:21:19.9622249Z   Downloaded tracing-attributes v0.1.31
2026-09-17T06:21:19.9946433Z   Downloaded unicode-ident v1.0.24
2026-09-17T06:21:20.0403511Z   Downloaded fpe v0.6.1
2026-09-17T06:21:20.0595217Z   Downloaded pin-project-lite v0.2.17
2026-09-17T06:21:20.1494003Z   Downloaded cbc v0.1.2
2026-09-17T06:21:20.1631636Z   Downloaded ppv-lite86 v0.2.21
2026-09-17T06:21:20.1751737Z   Downloaded corez v0.1.1
2026-09-17T06:21:20.1972969Z   Downloaded critical-section v1.2.0
2026-09-17T06:21:20.2182336Z   Downloaded crossbeam-utils v0.8.23
2026-09-17T06:21:20.2635116Z   Downloaded arrayvec v0.7.8
2026-09-17T06:21:20.2837023Z   Downloaded crossbeam-epoch v0.9.21
2026-09-17T06:21:20.3101552Z   Downloaded halo2_poseidon v0.1.0
2026-09-17T06:21:20.3241616Z   Downloaded once_cell v1.21.4
2026-09-17T06:21:20.3554434Z   Downloaded digest v0.10.7
2026-09-17T06:21:20.3744701Z   Downloaded semver v1.0.28
2026-09-17T06:21:20.4105160Z   Downloaded spin v0.9.9
2026-09-17T06:21:20.9025240Z   Downloaded blake2 v0.10.6
2026-09-17T06:21:20.9289367Z   Downloaded blake2b_simd v1.0.5
2026-09-17T06:21:20.9429447Z   Downloaded litrs v1.0.0
2026-09-17T06:21:20.9754095Z   Downloaded postcard v1.1.3
2026-09-17T06:21:21.0047808Z   Downloaded proc-macro2 v1.0.107
2026-09-17T06:21:21.0660728Z   Downloaded indexmap v1.9.3
2026-09-17T06:21:21.0977974Z   Downloaded jubjub v0.10.0
2026-09-17T06:21:21.1346505Z   Downloaded serde_derive v1.0.229
2026-09-17T06:21:21.1709230Z   Downloaded typenum v1.20.1
2026-09-17T06:21:21.2275746Z   Downloaded num-traits v0.2.19
2026-09-17T06:21:21.2565267Z   Downloaded zerocopy-derive v0.8.57
2026-09-17T06:21:22.1150005Z   Downloaded bech32 v0.11.1
2026-09-17T06:21:22.3337890Z   Downloaded frost-core v3.0.0
2026-09-17T06:21:22.5264877Z   Downloaded heapless v0.7.17
2026-09-17T06:21:22.7703350Z   Downloaded rayon-core v1.13.0
2026-09-17T06:21:22.8885764Z   Downloaded chacha20poly1305 v0.10.1
2026-09-17T06:21:22.9318332Z   Downloaded getrandom v0.2.17
2026-09-17T06:21:23.5458075Z   Downloaded rand v0.8.5
2026-09-17T06:21:23.5910310Z   Downloaded serde v1.0.229
2026-09-17T06:21:23.8197538Z   Downloaded serde_core v1.0.229
2026-09-17T06:21:23.9955095Z   Downloaded hashbrown v0.12.3
2026-09-17T06:21:24.2355067Z   Downloaded num-bigint v0.4.8
2026-09-17T06:21:24.6904365Z   Downloaded reddsa v0.5.2
2026-09-17T06:21:24.9702184Z   Downloaded sinsemilla v0.1.0
2026-09-17T06:21:24.9882412Z   Downloaded aes v0.8.4
2026-09-17T06:21:25.0203423Z   Downloaded zerocopy v0.8.57
2026-09-17T06:21:25.3819132Z   Downloaded syn v3.0.5
2026-09-17T06:21:25.4966822Z   Downloaded syn v2.0.119
2026-09-17T06:21:25.6086476Z   Downloaded tracing v0.1.44
2026-09-17T06:21:25.7043189Z   Downloaded itertools v0.14.0
2026-09-17T06:21:25.8122322Z   Downloaded libm v0.2.16
2026-09-17T06:21:26.9195415Z   Downloaded rayon v1.12.0
2026-09-17T06:21:27.0543237Z   Downloaded halo2_proofs v0.3.5
2026-09-17T06:21:27.1780176Z   Downloaded bitvec v1.1.1
2026-09-17T06:21:27.3997019Z   Downloaded halo2_gadgets v0.5.0
2026-09-17T06:21:27.5334111Z   Downloaded pasta_curves v0.5.2
2026-09-17T06:21:27.6077649Z   Downloaded bls12_381 v0.8.0
2026-09-17T06:21:27.6703262Z   Downloaded orchard v0.15.5
2026-09-17T06:21:28.2082029Z   Downloaded libc v0.2.189
2026-09-17T06:21:29.5146463Z ##[group]Run python scripts/run_funded_rust.py library
2026-09-17T06:21:29.5146930Z [36;1mpython scripts/run_funded_rust.py library[0m
2026-09-17T06:21:29.5162160Z shell: C:\Program Files\Git\bin\bash.EXE --noprofile --norc -e -o pipefail {0}
2026-09-17T06:21:29.5162566Z env:
2026-09-17T06:21:29.5162733Z   RAYON_NUM_THREADS: 2
2026-09-17T06:21:29.5162920Z   CARGO_BUILD_JOBS: 2
2026-09-17T06:21:29.5163101Z ##[endgroup]
2026-09-17T06:21:29.7085390Z {"cohort": "library", "commands": [["cargo", "test", "--locked", "--release", "--features", "local-funding-lab", "--lib", "--", "--test-threads=1"]], "documentation_tests": false, "test_targets": [["lib", "zevune_orchard_lab"]]}
2026-09-17T06:21:29.7086675Z RUN cargo test --locked --release --features local-funding-lab --lib -- --test-threads=1
2026-09-17T06:21:30.0011129Z    Compiling cfg-if v1.0.4
2026-09-17T06:21:30.0011697Z    Compiling proc-macro2 v1.0.107
2026-09-17T06:21:30.0533501Z    Compiling getrandom v0.2.17
2026-09-17T06:21:30.2422737Z    Compiling rand_core v0.6.4
2026-09-17T06:21:30.4888480Z    Compiling quote v1.0.47
2026-09-17T06:21:32.3129636Z    Compiling unicode-ident v1.0.24
2026-09-17T06:21:32.4594065Z    Compiling subtle v2.6.1
2026-09-17T06:21:32.6139462Z    Compiling version_check v0.9.5
2026-09-17T06:21:32.9169435Z    Compiling generic-array v0.14.7
2026-09-17T06:21:33.3741610Z    Compiling typenum v1.20.1
2026-09-17T06:21:33.4343040Z    Compiling syn v2.0.119
2026-09-17T06:21:34.9276928Z    Compiling crypto-common v0.1.7
2026-09-17T06:21:35.0294307Z    Compiling radium v0.7.0
2026-09-17T06:21:35.2452081Z    Compiling tap v1.0.1
2026-09-17T06:21:35.3332407Z    Compiling wyz v0.5.1
2026-09-17T06:21:35.7545875Z    Compiling zerocopy v0.8.57
2026-09-17T06:21:36.1423221Z    Compiling funty v2.0.0
2026-09-17T06:21:37.7361416Z    Compiling autocfg v1.5.1
2026-09-17T06:21:38.1372153Z    Compiling bitvec v1.1.1
2026-09-17T06:21:39.1953417Z    Compiling zeroize_derive v1.5.0
2026-09-17T06:21:40.9785207Z    Compiling ff v0.13.1
2026-09-17T06:21:41.1067920Z    Compiling zeroize v1.9.0
2026-09-17T06:21:41.2836572Z    Compiling memuse v0.2.2
2026-09-17T06:21:41.4417954Z    Compiling arrayvec v0.7.8
2026-09-17T06:21:41.6912339Z    Compiling crossbeam-utils v0.8.23
2026-09-17T06:21:41.9598518Z    Compiling constant_time_eq v0.4.2
2026-09-17T06:21:42.1460670Z    Compiling blake2b_simd v1.0.5
2026-09-17T06:21:44.1595535Z    Compiling ppv-lite86 v0.2.21
2026-09-17T06:21:44.5568955Z    Compiling crossbeam-epoch v0.9.21
2026-09-17T06:21:45.4968646Z    Compiling rand_chacha v0.3.1
2026-09-17T06:21:45.5507476Z    Compiling group v0.13.0
2026-09-17T06:21:45.7299300Z    Compiling inout v0.1.4
2026-09-17T06:21:45.8319313Z    Compiling static_assertions v1.1.0
2026-09-17T06:21:45.8796900Z    Compiling crossbeam-deque v0.8.8
2026-09-17T06:21:46.1000458Z    Compiling spin v0.9.9
2026-09-17T06:21:46.2011947Z    Compiling cpufeatures v0.2.17
2026-09-17T06:21:46.2454137Z    Compiling lazy_static v1.5.0
2026-09-17T06:21:46.3140006Z    Compiling cipher v0.4.4
2026-09-17T06:21:46.4056486Z    Compiling rand v0.8.5
2026-09-17T06:21:47.0453934Z    Compiling rayon-core v1.13.0
2026-09-17T06:21:47.2146905Z    Compiling pasta_curves v0.5.2
2026-09-17T06:21:47.4891435Z    Compiling num-traits v0.2.19
2026-09-17T06:21:47.6509633Z    Compiling syn v3.0.5
2026-09-17T06:21:50.3647087Z    Compiling either v1.18.0
2026-09-17T06:21:52.9870693Z    Compiling indexmap v1.9.3
2026-09-17T06:21:53.1599109Z    Compiling once_cell v1.21.4
2026-09-17T06:21:53.3959178Z    Compiling crunchy v0.2.4
2026-09-17T06:21:53.5982828Z    Compiling serde_core v1.0.229
2026-09-17T06:21:53.9015972Z    Compiling tracing-core v0.1.36
2026-09-17T06:21:55.3249023Z    Compiling rayon v1.12.0
2026-09-17T06:21:59.1170984Z    Compiling tracing-attributes v0.1.31
2026-09-17T06:22:00.5173223Z    Compiling universal-hash v0.5.1
2026-09-17T06:22:00.6163520Z    Compiling block-buffer v0.10.4
2026-09-17T06:22:00.7261893Z    Compiling hashbrown v0.12.3
2026-09-17T06:22:01.3772682Z    Compiling hex v0.4.3
2026-09-17T06:22:01.6680965Z    Compiling byteorder v1.5.0
2026-09-17T06:22:01.9133852Z    Compiling opaque-debug v0.3.1
2026-09-17T06:22:01.9546678Z    Compiling libm v0.2.16
2026-09-17T06:22:02.2237654Z    Compiling pin-project-lite v0.2.17
2026-09-17T06:22:02.2820382Z    Compiling thiserror v2.0.20
2026-09-17T06:22:02.5878673Z    Compiling serde v1.0.229
2026-09-17T06:22:02.9494980Z    Compiling tracing v0.1.44
2026-09-17T06:22:03.3669444Z    Compiling poly1305 v0.8.0
2026-09-17T06:22:04.7499726Z    Compiling digest v0.10.7
2026-09-17T06:22:04.9622744Z    Compiling num-integer v0.1.47
2026-09-17T06:22:05.6155838Z    Compiling maybe-rayon v0.1.1
2026-09-17T06:22:08.4332927Z    Compiling thiserror-impl v2.0.20
2026-09-17T06:22:09.7937999Z    Compiling serde_derive v1.0.229
2026-09-17T06:22:13.1773281Z    Compiling chacha20 v0.9.1
2026-09-17T06:22:13.3831007Z    Compiling bls12_381 v0.8.0
2026-09-17T06:22:14.0317571Z    Compiling aead v0.5.2
2026-09-17T06:22:14.1718298Z    Compiling halo2_legacy_pdqsort v0.1.0
2026-09-17T06:22:14.2958942Z    Compiling halo2_proofs v0.3.5
2026-09-17T06:22:21.3996186Z    Compiling chacha20poly1305 v0.10.1
2026-09-17T06:22:21.5064076Z    Compiling jubjub v0.10.0
2026-09-17T06:22:26.5584165Z    Compiling uint v0.9.5
2026-09-17T06:22:26.5726597Z    Compiling num-bigint v0.4.8
2026-09-17T06:22:29.2420830Z    Compiling halo2_poseidon v0.1.0
2026-09-17T06:22:30.2126137Z    Compiling sinsemilla v0.1.0
2026-09-17T06:22:31.7421013Z    Compiling cbc v0.1.2
2026-09-17T06:22:31.8579203Z    Compiling zcash_spec v0.2.1
2026-09-17T06:22:31.9591047Z    Compiling bech32 v0.11.1
2026-09-17T06:22:32.5765794Z    Compiling base64ct v1.8.3
2026-09-17T06:22:32.9214025Z    Compiling password-hash v0.5.0
2026-09-17T06:22:32.9603202Z    Compiling zip32 v0.2.1
2026-09-17T06:22:33.5401283Z    Compiling fpe v0.6.1
2026-09-17T06:22:34.3364871Z    Compiling halo2_gadgets v0.5.0
2026-09-17T06:22:34.8075710Z    Compiling reddsa v0.5.2
2026-09-17T06:22:35.2882890Z    Compiling zcash_note_encryption v0.4.2
2026-09-17T06:22:35.5532578Z    Compiling blake2 v0.10.6
2026-09-17T06:22:36.2375196Z    Compiling incrementalmerkletree v0.8.1
2026-09-17T06:22:36.4759023Z    Compiling aes v0.8.4
2026-09-17T06:22:37.9654008Z    Compiling getset v0.1.7
2026-09-17T06:22:38.6057025Z    Compiling visibility v0.1.1
2026-09-17T06:22:38.9038287Z    Compiling corez v0.1.1
2026-09-17T06:22:38.9518072Z    Compiling nonempty v0.11.0
2026-09-17T06:22:39.1033573Z    Compiling argon2 v0.5.3
2026-09-17T06:22:40.5674969Z    Compiling orchard v0.15.5
2026-09-17T06:22:43.3565744Z    Compiling sha2 v0.10.9
2026-09-17T06:23:09.8929222Z    Compiling zevune-orchard-lab v0.1.0 (D:\a\Zevune\Zevune\integration\orchard)
2026-09-17T06:23:46.9533946Z     Finished `release` profile [optimized] target(s) in 2m 17s
2026-09-17T06:23:46.9600852Z      Running unittests src\lib.rs (target\release\deps\zevune_orchard_lab-a0dda5613daa790f.exe)
2026-09-17T06:23:46.9726194Z 
2026-09-17T06:23:46.9726565Z running 134 tests
2026-09-17T06:23:47.0004757Z test pool::active::tests::another_process_cannot_open_held_genesis_lock ... ok
2026-09-17T06:23:47.0005947Z test pool::active::tests::budgets_include_framing_total_tail_and_the_independent_segment_cap ... ok
2026-09-17T06:23:47.0321770Z test pool::active::tests::captured_reader_requires_each_real_eof_and_poisoned_readers_cannot_resume ... ok
2026-09-17T06:23:47.0435105Z test pool::active::tests::create_is_exclusive_bounded_and_preserves_existing_bytes ... ok
2026-09-17T06:23:47.0836701Z test pool::active::tests::early_rotation_and_split_frames_are_rejected_even_with_valid_checksums ... ok
2026-09-17T06:23:47.3047488Z test pool::active::tests::failed_next_segment_publication_keeps_all_sealed_prefix_bytes_and_no_repair ... ok
2026-09-17T06:23:47.3758572Z test pool::active::tests::full_segment_and_next_frame_rotate_canonically_without_crossing ... ok
2026-09-17T06:23:47.5001348Z test pool::active::tests::interruption_leaves_metadata_unchanged_and_preserves_the_recoverable_prefix ... ok
2026-09-17T06:23:47.5117995Z test pool::active::tests::malformed_frame_and_capacity_rejection_create_no_files_or_bytes ... ok
2026-09-17T06:23:47.5308846Z test pool::active::tests::readers_retain_the_exclusive_root_lock_and_have_independent_positions ... ok
2026-09-17T06:23:47.5408367Z test pool::active::tests::unknown_entry_after_open_is_not_ignored_or_removed ... ok
2026-09-17T06:23:47.6152125Z test pool::active::tests::unknown_missing_empty_and_truncated_segments_fail_closed_without_repair ... ok
2026-09-17T06:23:47.6351449Z test pool::active::tests::windows_retained_handles_block_file_and_directory_rename_until_drop ... ok
2026-09-17T06:24:27.7255082Z test pool::active_flow_tests::active_profile_domain_rejections_preserve_bytes_reservations_and_legacy_contract ... ok
2026-09-17T06:24:43.8024940Z test pool::active_flow_tests::active_write_failures_poison_store_without_publishing_partial_state ... ok
2026-09-17T06:25:43.7753737Z test pool::active_flow_tests::legacy_normal_commits_stop_at_10000_without_mutating_state_or_journal ... ok
2026-09-17T06:27:01.6644036Z test pool::active_flow_tests::real_payments_rotate_default_segments_cross_10000_and_reopen_through_10002 ... ok
2026-09-17T06:27:01.6670721Z test pool::capacity_tests::capacity_accounting_matches_the_actual_record_encoder ... ok
2026-09-17T06:27:04.3077983Z test pool::capacity_tests::capacity_commit_rechecks_the_budget_and_preserves_the_source ... ok
2026-09-17T06:27:09.6435995Z test pool::capacity_tests::capacity_exact_empty_frame_commits_reopens_and_stops_cleanly ... ok
2026-09-17T06:27:33.6652973Z test pool::capacity_tests::capacity_genuine_payments_share_one_exact_budget_without_state_leaks ... ok
2026-09-17T06:27:36.8021378Z test pool::capacity_tests::capacity_invalid_instance_still_fails_closed ... ok
2026-09-17T06:27:36.8024518Z test pool::capacity_tests::capacity_invalid_lengths_counts_and_overflow_are_rejected ... ok
2026-09-17T06:27:40.3875860Z test pool::capacity_tests::capacity_prepare_rejects_before_unpersistable_empty_block ... ok
2026-09-17T06:27:44.2196759Z test pool::capacity_tests::capacity_rejects_before_attempting_any_candidate_authorization ... ok
2026-09-17T06:27:47.6876976Z test pool::capacity_tests::capacity_selection_requires_space_for_even_an_empty_record ... ok
2026-09-17T06:28:01.8683512Z test pool::recovery::segments::index::tests::all_records_locate_correctly_across_real_production_segment_boundaries ... ok
2026-09-17T06:28:44.7374522Z test pool::recovery::segments::index::tests::both_profiles_have_exact_height_locations_and_unchanged_source ... ok
2026-09-17T06:29:06.0125988Z test pool::recovery::segments::index::tests::changed_captured_length_and_wrong_pinned_tip_are_rejected ... ok
2026-09-17T06:29:06.0128358Z test pool::recovery::segments::index::tests::exact_segment_end_is_not_attributed_to_a_nonexistent_next_segment ... ok
2026-09-17T06:29:19.2401261Z test pool::recovery::segments::index::tests::genesis_only_has_no_phantom_record ... ok
2026-09-17T06:29:58.5597134Z test pool::recovery::segments::index::tests::genuine_nonzero_payment_index_cannot_bypass_authorization_or_double_spend ... ok
2026-09-17T06:30:04.5615663Z test pool::recovery::segments::index::tests::index_builder_rejects_gaps_overlaps_wrong_heights_hashes_and_bombs ... ok
2026-09-17T06:30:28.9886102Z test pool::recovery::segments::index::tests::metadata_or_late_replay_failure_never_yields_a_prefix_index ... ok
2026-09-17T06:30:28.9890186Z test pool::recovery::segments::reader_tests::exact_payload_requires_last_segment_eof_check_before_success ... ok
2026-09-17T06:30:28.9891641Z test pool::recovery::segments::reader_tests::hard_io_failure_at_each_boundary_permanently_invalidates_reader ... ok
2026-09-17T06:30:28.9893643Z test pool::recovery::segments::reader_tests::inconsistent_private_reader_metadata_returns_error_instead_of_panicking ... ok
2026-09-17T06:30:28.9895913Z test pool::recovery::segments::reader_tests::interrupted_short_reads_and_segment_end_checks_do_not_poison_reader ... ok
2026-09-17T06:30:28.9898024Z test pool::recovery::segments::reader_tests::truncated_or_extended_segment_cannot_be_skipped_by_retry ... ok
2026-09-17T06:30:53.9089904Z test pool::recovery::segments::tests::actual_multisegment_replay_crosses_record_boundary_and_restores_exact_bytes ... ok
2026-09-17T06:30:53.9112564Z test pool::recovery::segments::tests::empty_read_does_not_advance_and_segment_eof_is_not_journal_eof ... ok
2026-09-17T06:31:05.4734648Z test pool::recovery::segments::tests::every_publication_failure_preserves_source_and_cannot_be_retried_in_place ... ok
2026-09-17T06:31:05.4738225Z test pool::recovery::segments::tests::manifest_is_exact_bounded_and_contains_no_supplied_paths ... ok
2026-09-17T06:31:21.4788282Z test pool::recovery::segments::tests::missing_extra_swapped_truncated_or_changed_segments_are_rejected ... ok
2026-09-17T06:31:34.7143131Z test pool::recovery::segments::tests::namespace_tests::extra_file_after_open_is_rejected_without_removal_or_output ... ok
2026-09-17T06:31:45.4544893Z test pool::recovery::segments::tests::namespace_tests::failed_open_releases_directory_guard_and_all_acquired_file_locks ... ok
2026-09-17T06:32:29.3410568Z test pool::recovery::segments::tests::namespace_tests::unchanged_archives_retain_multiple_readers_and_release_handles_on_drop ... ok
2026-09-17T06:32:53.1531789Z test pool::recovery::segments::tests::namespace_tests::windows_newly_packed_handles_preserve_names_without_reopening ... ok
2026-09-17T06:33:15.4665597Z test pool::recovery::segments::tests::namespace_tests::windows_open_archive_rejects_entry_and_directory_rename_until_drop ... ok
2026-09-17T06:33:39.6516840Z test pool::recovery::segments::tests::pack_and_restore_are_create_only_and_archive_readers_keep_real_locks ... ok
2026-09-17T06:34:12.7886884Z test pool::recovery::segments::tests::partial_restore_and_lost_ack_leave_explicitly_verifiable_targets ... ok
2026-09-17T06:34:50.7144184Z test pool::recovery::segments::tests::payment_boundary_tests::real_zero_value_authorization_crosses_segment_boundary_and_rehashed_corruption_cannot_restore ... ok
2026-09-17T06:35:30.5823951Z test pool::recovery::segments::tests::real_payment_restore_continues_but_rehashed_bad_signature_is_still_rejected ... ok
2026-09-17T06:35:33.2889257Z test pool::recovery::tests::recovery_checkpoint_codec_bounds_and_every_truncation ... ok
2026-09-17T06:35:44.2427737Z test pool::recovery::tests::recovery_full_copy_matches_and_original_keeps_prepared_block ... ok
2026-09-17T06:35:49.6489321Z test pool::recovery::tests::recovery_invalid_store_does_not_export_a_checkpoint ... ok
2026-09-17T06:36:00.9011798Z test pool::recovery::tests::recovery_legacy_funded_header_is_preserved_not_relabelled_as_lab2 ... ok
2026-09-17T06:36:13.1712059Z test pool::recovery::tests::recovery_partial_write_and_lost_ack_never_replace_or_repair_source ... ok
2026-09-17T06:36:47.2174416Z test pool::recovery::tests::recovery_real_lab2_payment_replay_and_rechecksums_cannot_bypass_authorization ... ok
2026-09-17T06:36:52.6666666Z test pool::recovery::tests::recovery_refuses_overwrite_live_writers_links_and_unknown_paths ... ok
2026-09-17T06:36:55.4001633Z test pool::recovery::tests::recovery_untrusted_header_sizes_are_bounded_even_with_a_matching_file_hash ... ok
2026-09-17T06:37:06.4723906Z test pool::recovery::tests::recovery_wrong_state_domain_length_or_bytes_pin_rejected ... ok
2026-09-17T06:37:11.9093807Z test pool::recovery::tests::replay_integration_tests::a_shorter_valid_archive_needs_its_own_pin_not_the_later_checkpoint ... ok
2026-09-17T06:37:26.7554878Z test pool::recovery::tests::replay_integration_tests::checkpoint_export_and_archive_copy_discard_history_but_keep_the_exact_tip ... ok
2026-09-17T06:37:35.0146043Z test pool::recovery::tests::replay_integration_tests::checkpoint_export_rejects_a_valid_same_length_alternate_history ... ok
2026-09-17T06:37:56.9069639Z test pool::recovery::tests::replay_integration_tests::every_recovery_entry_uses_isolated_replay_without_per_block_state_copies ... ok
2026-09-17T06:38:05.1450517Z test pool::recovery::tests::replay_integration_tests::injected_replay_failure_keeps_lock_and_blocks_prepared_commit_without_repair ... ok
2026-09-17T06:38:17.0158671Z test pool::recovery::tests::replay_integration_tests::normal_append_handles_preserve_history_even_after_read_cursor_rewinds ... ok
2026-09-17T06:38:22.5811066Z test pool::recovery::tests::replay_integration_tests::wrong_final_result_with_new_checksums_never_returns_a_verified_archive ... ok
2026-09-17T06:38:28.2407020Z test pool::replay::tests::a_complete_shorter_prefix_still_requires_an_independent_checkpoint ... ok
2026-09-17T06:38:33.7344897Z test pool::replay::tests::checksum_mutations_and_structural_corruption_do_not_replay ... ok
2026-09-17T06:38:33.7347676Z test pool::replay::tests::declared_size_and_record_count_are_bounded_before_body_allocation ... ok
2026-09-17T06:38:39.1223535Z test pool::replay::tests::every_truncated_frame_and_appended_byte_is_rejected ... ok
2026-09-17T06:38:44.7013251Z test pool::replay::tests::finish_requires_verified_eof_and_errors_permanently_poison_replay ... ok
2026-09-17T06:38:50.0640407Z test pool::replay::tests::fragmented_reads_and_interrupted_eof_are_retried_without_skipping ... ok
2026-09-17T06:38:55.5312583Z test pool::replay::tests::input_failure_is_never_converted_to_a_successful_empty_history ... ok
2026-09-17T06:39:01.6059881Z test pool::replay::tests::io_fault_at_every_record_byte_including_final_eof_drops_the_reconstruction ... ok
2026-09-17T06:39:07.0319763Z test pool::replay::tests::maximum_record_window_is_replayed_without_copying_the_full_state_per_block ... ok
2026-09-17T06:39:32.3777838Z test pool::replay::tests::real_bound_payments_replay_and_partly_valid_blocks_are_discarded ... ok
2026-09-17T06:39:32.3797733Z test pool::replay::tests::reusable_buffer_does_not_decode_stale_tail_bytes_after_a_shorter_record ... ok
2026-09-17T06:39:32.3799900Z test pool::replay::tests::shared_eof_does_not_swallow_read_errors_or_trailing_data ... ok
2026-09-17T06:39:32.3802274Z test pool::replay::tests::shared_header_and_eof_retry_interrupted_and_short_reads ... ok
2026-09-17T06:39:32.3804944Z test pool::replay::tests::shared_header_preserves_both_profiles_and_leaves_records_unread ... ok
2026-09-17T06:39:32.3807357Z test pool::replay::tests::shared_header_rejects_bounds_before_reading_commitment_payload ... ok
2026-09-17T06:39:32.3809890Z test pool::replay::tests::shared_header_rejects_unknown_network_domain_and_truncation ... ok
2026-09-17T06:39:37.7653309Z test pool::replay::tests::startup_and_wallet_history_share_replay_and_preserve_journal_bytes ... ok
2026-09-17T06:39:40.8646430Z test pool::root_cache_tests::cached_root_matches_uncached_summary_for_initialization_clones_and_empty_blocks ... ok
2026-09-17T06:40:04.9744582Z test pool::selection::tests::genuine_selection_matches_prefix_reference_and_never_persists ... ok
2026-09-17T06:40:24.1461935Z test pool::selection::tests::same_block_output_cannot_become_a_selection_anchor ... ok
2026-09-17T06:40:27.2568505Z test pool::selection::tests::selector_bounds_and_unavailable_store_fail_closed ... ok
2026-09-17T06:40:27.2950791Z test pool::testnet::tests::different_manifests_bind_different_initial_states ... ok
2026-09-17T06:40:27.3401367Z test pool::testnet::tests::fixed_supply_and_canonical_openings ... ok
2026-09-17T06:41:03.7652567Z test pool::tests::actual_two_hop_pool_commit_replay_and_corruption ... ok
2026-09-17T06:41:09.1949293Z test pool::tests::empty_pool_lock_restart_and_no_overwrite ... ok
2026-09-17T06:41:14.6007196Z test pool::tests::lost_sync_acknowledgement_remains_uncertain_until_replay ... ok
2026-09-17T06:41:20.0485152Z test pool::tests::partial_write_poison_does_not_advance_memory_or_repair_disk ... ok
2026-09-17T06:41:20.0501656Z test pool::tests::record_decoder_rejects_truncation_trailing_and_length_bombs ... ok
2026-09-17T06:41:23.1435089Z test pool::tests::tampered_prepared_result_and_resource_limits ... ok
2026-09-17T06:41:58.5558076Z test pool::wallet_flow_tests::durable_wallet_outbox_resumes_exact_real_payment_after_lost_acknowledgement ... ok
2026-09-17T06:42:01.6653983Z test pool::wallet_flow_tests::wallet_history_replay_keeps_append_cursor_and_rejects_disk_drift ... ok
2026-09-17T06:42:40.4389406Z test pool::wallet_flow_tests::wallet_nonzero_multinote_payment_change_expiry_backup_and_rescan ... ok
2026-09-17T06:42:46.9004183Z test pool::wallet_flow_tests::wallet_rejects_changed_checkpoint_ancestry_without_mutation ... ok
2026-09-17T06:42:46.9008170Z test signing_domain_vectors::every_context_component_changes_the_bound_signature_message ... ok
2026-09-17T06:42:46.9009896Z test signing_domain_vectors::legacy_and_bound_transcripts_match_independent_sha256_vectors ... ok
2026-09-17T06:42:47.4715541Z test wallet::tests::shared_witnesses_match_upstream_frontier_for_odd_and_even_trees ... ok
2026-09-17T06:42:47.6042563Z test wallet::vault::independent_kdf_vector::argon2id_matches_independent_argon2_cffi_reference ... ok
2026-09-17T06:42:51.5571542Z test wallet::vault::store::compact_tests::compacted_checkpoint_is_authenticated_but_requires_rescan_and_new_receipt ... ok
2026-09-17T06:42:55.3710138Z test wallet::vault::store::compact_tests::compaction_requires_exact_current_pin_and_never_overwrites_targets ... ok
2026-09-17T06:42:55.4993283Z test wallet::vault::store::compact_tests::corrupt_or_poisoned_source_cannot_be_compacted_into_a_fresh_looking_copy ... ok
2026-09-17T06:44:00.0713595Z test wallet::vault::store::compact_tests::full_journal_compacts_exact_real_outbox_and_continues_after_confirmation ... ok
2026-09-17T06:44:00.8933315Z test wallet::vault::store::compact_tests::partial_and_lost_ack_compaction_preserve_source_and_do_not_repair_targets ... ok
2026-09-17T06:44:04.5515114Z test wallet::vault::store::tests::authenticated_predecessor_rejects_rewritten_hash_chain_and_other_journal ... ok
2026-09-17T06:44:07.7959992Z test wallet::vault::store::tests::bounds_padding_and_live_disk_drift_fail_closed ... ok
2026-09-17T06:44:07.9233019Z test wallet::vault::store::tests::capacity_inspection_is_read_only_and_does_not_claim_synced_balance ... ok
2026-09-17T06:44:11.7019654Z test wallet::vault::store::tests::create_sync_backup_reopen_and_exact_source_protection ... ok
2026-09-17T06:45:10.1497315Z test wallet::vault::store::tests::full_real_journal_reopens_and_recovers_identical_outbox_without_capacity_bypass ... ok
2026-09-17T06:45:13.8981119Z test wallet::vault::store::tests::legacy_snapshot_import_preserves_missing_outbox_reservation ... ok
2026-09-17T06:45:13.8983809Z test wallet::vault::store::tests::lock_child ... ok
2026-09-17T06:45:14.0368761Z test wallet::vault::store::tests::lock_is_enforced_across_processes ... ok
2026-09-17T06:45:17.5431951Z test wallet::vault::store::tests::lost_acknowledgement_is_uncertain_and_reopen_reconciles_complete_record ... ok
2026-09-17T06:45:17.5450186Z test wallet::vault::store::tests::missing_and_nonregular_files_are_not_created_or_repaired ... ok
2026-09-17T06:45:20.8601228Z test wallet::vault::store::tests::partial_write_poison_preserves_failure_and_never_truncates_on_reopen ... ok
2026-09-17T06:45:21.0385583Z test wallet::vault::store::tests::truncated_and_oversized_files_never_invoke_unbounded_reads ... ok
2026-09-17T06:45:24.6683437Z test wallet::vault::store::tests::valid_prefix_needs_independent_receipt_for_rollback_detection ... ok
2026-09-17T06:45:25.5642449Z test wallet::vault::tests::encrypted_roundtrip_randomization_and_wrong_password ... ok
2026-09-17T06:45:25.5782615Z test wallet::vault::tests::rejects_lengths_versions_and_kdf_bombs_before_derivation ... ok
2026-09-17T06:45:25.5889418Z test wallet::vault::tests::snapshot_rejects_noncanonical_flags_padding_and_duplicate_reservations ... ok
2026-09-17T06:45:25.5901311Z test wire::cache::tests::concurrent_success_memoization_preserves_exact_entries_and_bounds ... ok
2026-09-17T06:45:25.5904646Z test wire::cache::tests::exact_bytes_required_even_for_a_forced_digest_collision ... ok
2026-09-17T06:45:25.5908658Z test wire::cache::tests::fifo_capacity_and_duplicate_insert_are_bounded ... ok
2026-09-17T06:45:25.5910144Z test wire::cache::tests::invalid_sizes_cannot_fill_the_cache ... ok
2026-09-17T06:45:25.5912878Z test worker::tests::bounded_frame_rejections ... ok
2026-09-17T06:45:25.5915706Z test worker::tests::fingerprint_matches_go_vector ... ok
2026-09-17T06:45:25.5918783Z test worker::tests::frame_roundtrip ... ok
2026-09-17T06:45:25.5919427Z 
2026-09-17T06:45:25.5920358Z test result: ok. 134 passed; 0 failed; 0 ignored; 0 measured; 0 filtered out; finished in 1298.62s
2026-09-17T06:45:25.5921086Z 
2026-09-17T06:45:25.6034356Z FUNDED_COHORT_COMPLETE library
2026-09-17T06:45:25.6537203Z ##[group]Run git diff --exit-code
2026-09-17T06:45:25.6537908Z [36;1mgit diff --exit-code[0m
2026-09-17T06:45:25.6561316Z shell: C:\Program Files\Git\bin\bash.EXE --noprofile --norc -e -o pipefail {0}
2026-09-17T06:45:25.6561895Z env:
2026-09-17T06:45:25.6562143Z   RAYON_NUM_THREADS: 2
2026-09-17T06:45:25.6562423Z   CARGO_BUILD_JOBS: 2
2026-09-17T06:45:25.6562737Z ##[endgroup]
2026-09-17T06:45:25.7852461Z Post job cleanup.
2026-09-17T06:45:26.0341300Z [command]"C:\Program Files\Git\bin\git.exe" version
2026-09-17T06:45:26.0689168Z git version 2.55.0.windows.5
2026-09-17T06:45:26.0764152Z Temporarily overriding HOME='D:\a\_temp\69b5e2fb-0af9-4212-8e54-0106ff9b0328' before making global git config changes
2026-09-17T06:45:26.0765633Z Adding repository directory to the temporary git global config as a safe directory
2026-09-17T06:45:26.0778246Z [command]"C:\Program Files\Git\bin\git.exe" config --global --add safe.directory D:\a\Zevune\Zevune
2026-09-17T06:45:26.1106068Z [command]"C:\Program Files\Git\bin\git.exe" config --local --name-only --get-regexp core\.sshCommand
2026-09-17T06:45:26.1436362Z [command]"C:\Program Files\Git\bin\git.exe" submodule foreach --recursive "sh -c \"git config --local --name-only --get-regexp 'core\.sshCommand' && git config --local --unset-all 'core.sshCommand' || :\""
2026-09-17T06:45:26.7197822Z [command]"C:\Program Files\Git\bin\git.exe" config --local --name-only --get-regexp http\.https\:\/\/github\.com\/\.extraheader
2026-09-17T06:45:26.7617298Z [command]"C:\Program Files\Git\bin\git.exe" submodule foreach --recursive "sh -c \"git config --local --name-only --get-regexp 'http\.https\:\/\/github\.com\/\.extraheader' && git config --local --unset-all 'http.https://github.com/.extraheader' || :\""
2026-09-17T06:45:27.3603618Z Cleaning up orphan processes
