2026-09-17T14:03:14.3663303Z Current runner version: '2.337.0'
2026-09-17T14:03:14.3690304Z ##[group]Runner Image Provisioner
2026-09-17T14:03:14.3691801Z Hosted Compute Agent
2026-09-17T14:03:14.3692502Z Version: 20260828.587
2026-09-17T14:03:14.3693247Z Commit: abac92662cab4cc7352de4f9f9d2e2419aad9c29
2026-09-17T14:03:14.3694146Z Build Date: 2026-08-28T16:44:25Z
2026-09-17T14:03:14.3694860Z Worker ID: {99020f3f-7686-46f8-9d2e-58162c5c4bbb}
2026-09-17T14:03:14.3695564Z Azure Region: eastus2
2026-09-17T14:03:14.3696212Z ##[endgroup]
2026-09-17T14:03:14.3697765Z ##[group]Operating System
2026-09-17T14:03:14.3698570Z Ubuntu
2026-09-17T14:03:14.3699155Z 24.04.5
2026-09-17T14:03:14.3699669Z LTS
2026-09-17T14:03:14.3700260Z ##[endgroup]
2026-09-17T14:03:14.3701211Z ##[group]Runner Image
2026-09-17T14:03:14.3702025Z Image: ubuntu-24.04
2026-09-17T14:03:14.3702636Z Version: 20260907.300.1
2026-09-17T14:03:14.3703994Z Included Software: https://github.com/actions/runner-images/blob/ubuntu24/20260907.300/images/ubuntu/Ubuntu2404-Readme.md
2026-09-17T14:03:14.3705606Z Image Release: https://github.com/actions/runner-images/releases/tag/ubuntu24%2F20260907.300
2026-09-17T14:03:14.3706616Z ##[endgroup]
2026-09-17T14:03:14.3707800Z ##[group]GITHUB_TOKEN Permissions
2026-09-17T14:03:14.3710205Z Contents: read
2026-09-17T14:03:14.3711140Z Metadata: read
2026-09-17T14:03:14.3711783Z ##[endgroup]
2026-09-17T14:03:14.3714095Z Secret source: Actions
2026-09-17T14:03:14.3715030Z Cache mode: write
2026-09-17T14:03:14.3716324Z Prepare workflow directory
2026-09-17T14:03:14.4140043Z Prepare all required actions
2026-09-17T14:03:14.4190570Z Getting action download info
2026-09-17T14:03:14.6845657Z Download action repository 'actions/checkout@08c6903cd8c0fde910a37f88322edcfb5dd907a8' (SHA:08c6903cd8c0fde910a37f88322edcfb5dd907a8)
2026-09-17T14:03:14.9257072Z Complete job name: funded-library (ubuntu-latest)
2026-09-17T14:03:15.0184309Z ##[group]Run actions/checkout@08c6903cd8c0fde910a37f88322edcfb5dd907a8
2026-09-17T14:03:15.0185448Z with:
2026-09-17T14:03:15.0185951Z   persist-credentials: false
2026-09-17T14:03:15.0186501Z   repository: youq616/Zevune
2026-09-17T14:03:15.0190475Z   token: ***
2026-09-17T14:03:15.0191278Z   ssh-strict: true
2026-09-17T14:03:15.0191761Z   ssh-user: git
2026-09-17T14:03:15.0192213Z   clean: true
2026-09-17T14:03:15.0192678Z   sparse-checkout-cone-mode: true
2026-09-17T14:03:15.0193227Z   fetch-depth: 1
2026-09-17T14:03:15.0193680Z   fetch-tags: false
2026-09-17T14:03:15.0194145Z   show-progress: true
2026-09-17T14:03:15.0194627Z   lfs: false
2026-09-17T14:03:15.0195054Z   submodules: false
2026-09-17T14:03:15.0195522Z   set-safe-directory: true
2026-09-17T14:03:15.0196309Z env:
2026-09-17T14:03:15.0196738Z   RAYON_NUM_THREADS: 2
2026-09-17T14:03:15.0197220Z   CARGO_BUILD_JOBS: 2
2026-09-17T14:03:15.0197680Z ##[endgroup]
2026-09-17T14:03:15.1240688Z Syncing repository: youq616/Zevune
2026-09-17T14:03:15.1243765Z ##[group]Getting Git version info
2026-09-17T14:03:15.1244953Z Working directory is '/home/runner/work/Zevune/Zevune'
2026-09-17T14:03:15.1246647Z [command]/usr/bin/git version
2026-09-17T14:03:15.1309366Z git version 2.55.0
2026-09-17T14:03:15.1334837Z ##[endgroup]
2026-09-17T14:03:15.1368914Z Temporarily overriding HOME='/home/runner/work/_temp/2bd6ea22-f1f6-4a53-b8c7-a7f845b66a9e' before making global git config changes
2026-09-17T14:03:15.1371641Z Adding repository directory to the temporary git global config as a safe directory
2026-09-17T14:03:15.1376038Z [command]/usr/bin/git config --global --add safe.directory /home/runner/work/Zevune/Zevune
2026-09-17T14:03:15.1437655Z Deleting the contents of '/home/runner/work/Zevune/Zevune'
2026-09-17T14:03:15.1443440Z ##[group]Initializing the repository
2026-09-17T14:03:15.1448734Z [command]/usr/bin/git init /home/runner/work/Zevune/Zevune
2026-09-17T14:03:15.1599504Z hint: Using 'master' as the name for the initial branch. This default branch name
2026-09-17T14:03:15.1601442Z hint: will change to "main" in Git 3.0. To configure the initial branch name
2026-09-17T14:03:15.1603347Z hint: to use in all of your new repositories, which will suppress this warning,
2026-09-17T14:03:15.1605288Z hint: call:
2026-09-17T14:03:15.1612066Z hint:
2026-09-17T14:03:15.1613140Z hint: 	git config --global init.defaultBranch <name>
2026-09-17T14:03:15.1614146Z hint:
2026-09-17T14:03:15.1615114Z hint: Names commonly chosen instead of 'master' are 'main', 'trunk' and
2026-09-17T14:03:15.1616862Z hint: 'development'. The just-created branch can be renamed via this command:
2026-09-17T14:03:15.1618086Z hint:
2026-09-17T14:03:15.1618758Z hint: 	git branch -m <name>
2026-09-17T14:03:15.1619534Z hint:
2026-09-17T14:03:15.1620581Z hint: Disable this message with "git config set advice.defaultBranchName false"
2026-09-17T14:03:15.1622461Z Initialized empty Git repository in /home/runner/work/Zevune/Zevune/.git/
2026-09-17T14:03:15.1627007Z [command]/usr/bin/git remote add origin https://github.com/youq616/Zevune
2026-09-17T14:03:15.1684736Z ##[endgroup]
2026-09-17T14:03:15.1686106Z ##[group]Disabling automatic garbage collection
2026-09-17T14:03:15.1690372Z [command]/usr/bin/git config --local gc.auto 0
2026-09-17T14:03:15.1729712Z ##[endgroup]
2026-09-17T14:03:15.1731504Z ##[group]Setting up auth
2026-09-17T14:03:15.1736609Z [command]/usr/bin/git config --local --name-only --get-regexp core\.sshCommand
2026-09-17T14:03:15.1782474Z [command]/usr/bin/git submodule foreach --recursive sh -c "git config --local --name-only --get-regexp 'core\.sshCommand' && git config --local --unset-all 'core.sshCommand' || :"
2026-09-17T14:03:15.2192210Z [command]/usr/bin/git config --local --name-only --get-regexp http\.https\:\/\/github\.com\/\.extraheader
2026-09-17T14:03:15.2229536Z [command]/usr/bin/git submodule foreach --recursive sh -c "git config --local --name-only --get-regexp 'http\.https\:\/\/github\.com\/\.extraheader' && git config --local --unset-all 'http.https://github.com/.extraheader' || :"
2026-09-17T14:03:15.2464445Z [command]/usr/bin/git config --local http.https://github.com/.extraheader AUTHORIZATION: basic ***
2026-09-17T14:03:15.2505365Z ##[endgroup]
2026-09-17T14:03:15.2506533Z ##[group]Fetching the repository
2026-09-17T14:03:15.2516028Z [command]/usr/bin/git -c protocol.version=2 fetch --no-tags --prune --no-recurse-submodules --depth=1 origin +066f033f2ca441bdd8533c8e1e4bfe2d3faa84a5:refs/remotes/pull/15/merge
2026-09-17T14:03:16.4322496Z From https://github.com/youq616/Zevune
2026-09-17T14:03:16.4324993Z  * [new ref]         066f033f2ca441bdd8533c8e1e4bfe2d3faa84a5 -> pull/15/merge
2026-09-17T14:03:16.4329292Z ##[endgroup]
2026-09-17T14:03:16.4331596Z ##[group]Determining the checkout info
2026-09-17T14:03:16.4333334Z ##[endgroup]
2026-09-17T14:03:16.4337232Z [command]/usr/bin/git sparse-checkout disable
2026-09-17T14:03:16.4390471Z [command]/usr/bin/git config --local --unset-all extensions.worktreeConfig
2026-09-17T14:03:16.4423969Z ##[group]Checking out the ref
2026-09-17T14:03:16.4428535Z [command]/usr/bin/git checkout --progress --force refs/remotes/pull/15/merge
2026-09-17T14:03:16.5301638Z Note: switching to 'refs/remotes/pull/15/merge'.
2026-09-17T14:03:16.5302682Z 
2026-09-17T14:03:16.5303368Z You are in 'detached HEAD' state. You can look around, make experimental
2026-09-17T14:03:16.5305178Z changes and commit them, and you can discard any commits you make in this
2026-09-17T14:03:16.5306922Z state without impacting any branches by switching back to a branch.
2026-09-17T14:03:16.5307968Z 
2026-09-17T14:03:16.5308713Z If you want to create a new branch to retain commits you create, you may
2026-09-17T14:03:16.5310328Z do so (now or later) by using -c with the switch command. Example:
2026-09-17T14:03:16.5311446Z 
2026-09-17T14:03:16.5311851Z   git switch -c <new-branch-name>
2026-09-17T14:03:16.5312511Z 
2026-09-17T14:03:16.5312998Z Or undo this operation with:
2026-09-17T14:03:16.5313754Z 
2026-09-17T14:03:16.5314274Z   git switch -
2026-09-17T14:03:16.5315004Z 
2026-09-17T14:03:16.5315912Z Turn off this advice by setting config variable advice.detachedHead to false
2026-09-17T14:03:16.5317805Z 
2026-09-17T14:03:16.5319706Z HEAD is now at 066f033 Merge 99ec771c57207167f473d23ffd07b54f15a36abc into 0927af157a3cc35abde14b036bc50a99a793a32b
2026-09-17T14:03:16.5325935Z ##[endgroup]
2026-09-17T14:03:16.5375604Z [command]/usr/bin/git log -1 --format=%H
2026-09-17T14:03:16.5402620Z 066f033f2ca441bdd8533c8e1e4bfe2d3faa84a5
2026-09-17T14:03:16.5413312Z ##[group]Removing auth
2026-09-17T14:03:16.5417015Z [command]/usr/bin/git config --local --name-only --get-regexp core\.sshCommand
2026-09-17T14:03:16.5454058Z [command]/usr/bin/git submodule foreach --recursive sh -c "git config --local --name-only --get-regexp 'core\.sshCommand' && git config --local --unset-all 'core.sshCommand' || :"
2026-09-17T14:03:16.5684977Z [command]/usr/bin/git config --local --name-only --get-regexp http\.https\:\/\/github\.com\/\.extraheader
2026-09-17T14:03:16.5715934Z http.https://github.com/.extraheader
2026-09-17T14:03:16.5723904Z [command]/usr/bin/git config --local --unset-all http.https://github.com/.extraheader
2026-09-17T14:03:16.5763276Z [command]/usr/bin/git submodule foreach --recursive sh -c "git config --local --name-only --get-regexp 'http\.https\:\/\/github\.com\/\.extraheader' && git config --local --unset-all 'http.https://github.com/.extraheader' || :"
2026-09-17T14:03:16.5996278Z ##[endgroup]
2026-09-17T14:03:16.6251715Z ##[group]Run rustup toolchain install 1.98.1 --profile minimal --component rustfmt --component clippy
2026-09-17T14:03:16.6254862Z [36;1mrustup toolchain install 1.98.1 --profile minimal --component rustfmt --component clippy[0m
2026-09-17T14:03:16.6298957Z shell: /usr/bin/bash --noprofile --norc -e -o pipefail {0}
2026-09-17T14:03:16.6300609Z env:
2026-09-17T14:03:16.6301850Z   RAYON_NUM_THREADS: 2
2026-09-17T14:03:16.6302907Z   CARGO_BUILD_JOBS: 2
2026-09-17T14:03:16.6303911Z ##[endgroup]
2026-09-17T14:03:16.6929211Z info: syncing channel updates for 1.98.1-x86_64-unknown-linux-gnu
2026-09-17T14:03:16.8590953Z info: latest update on 2026-09-03 for version 1.98.1 (48a229cea 2026-09-01)
2026-09-17T14:03:16.8593062Z info: downloading 5 components
2026-09-17T14:03:24.8342392Z 
2026-09-17T14:03:24.8413051Z   1.98.1-x86_64-unknown-linux-gnu installed - rustc 1.98.1 (48a229cea 2026-09-01)
2026-09-17T14:03:24.8413691Z 
2026-09-17T14:03:24.8529599Z ##[group]Run python -m unittest discover -s scripts/tests -p test_funded_rust.py -v
2026-09-17T14:03:24.8530323Z [36;1mpython -m unittest discover -s scripts/tests -p test_funded_rust.py -v[0m
2026-09-17T14:03:24.8567810Z shell: /usr/bin/bash --noprofile --norc -e -o pipefail {0}
2026-09-17T14:03:24.8568212Z env:
2026-09-17T14:03:24.8634695Z   RAYON_NUM_THREADS: 2
2026-09-17T14:03:24.8635200Z   CARGO_BUILD_JOBS: 2
2026-09-17T14:03:24.8635729Z ##[endgroup]
2026-09-17T14:03:25.0009671Z test_command_failure_stops_cohort_and_never_reports_completion (test_funded_rust.FundedRustPlanTests.test_command_failure_stops_cohort_and_never_reports_completion) ... ok
2026-09-17T14:03:25.0015502Z test_commands_keep_flags_and_never_filter_test_names (test_funded_rust.FundedRustPlanTests.test_commands_keep_flags_and_never_filter_test_names) ... ok
2026-09-17T14:03:25.0020604Z test_empty_or_incomplete_inventory_fails (test_funded_rust.FundedRustPlanTests.test_empty_or_incomplete_inventory_fails) ... ok
2026-09-17T14:03:25.0023089Z test_future_binary_and_integration_targets_join_automatically (test_funded_rust.FundedRustPlanTests.test_future_binary_and_integration_targets_join_automatically) ... ok
2026-09-17T14:03:25.0032643Z test_invalid_names_and_duplicate_targets_fail (test_funded_rust.FundedRustPlanTests.test_invalid_names_and_duplicate_targets_fail) ... ok
2026-09-17T14:03:25.0039601Z test_metadata_failure_is_a_nonzero_exit (test_funded_rust.FundedRustPlanTests.test_metadata_failure_is_a_nonzero_exit) ... ok
2026-09-17T14:03:25.0047440Z test_plan_only_is_not_a_test_execution (test_funded_rust.FundedRustPlanTests.test_plan_only_is_not_a_test_execution) ... ok
2026-09-17T14:03:25.0051913Z test_reordering_metadata_does_not_change_plan (test_funded_rust.FundedRustPlanTests.test_reordering_metadata_does_not_change_plan) ... ok
2026-09-17T14:03:25.0056177Z test_target_union_is_complete_and_disjoint (test_funded_rust.FundedRustPlanTests.test_target_union_is_complete_and_disjoint) ... ok
2026-09-17T14:03:25.0058099Z test_unknown_cohort_or_schema_fails (test_funded_rust.FundedRustPlanTests.test_unknown_cohort_or_schema_fails) ... ok
2026-09-17T14:03:25.0069327Z test_unknown_or_disabled_targets_are_not_silently_omitted (test_funded_rust.FundedRustPlanTests.test_unknown_or_disabled_targets_are_not_silently_omitted) ... ok
2026-09-17T14:03:25.0074314Z test_unselected_features_fail (test_funded_rust.FundedRustPlanTests.test_unselected_features_fail) ... ok
2026-09-17T14:03:25.0079394Z test_wrong_workspace_identity_fails (test_funded_rust.FundedRustPlanTests.test_wrong_workspace_identity_fails) ... ok
2026-09-17T14:03:25.0080274Z 
2026-09-17T14:03:25.0080605Z ----------------------------------------------------------------------
2026-09-17T14:03:25.0081511Z Ran 13 tests in 0.008s
2026-09-17T14:03:25.0081795Z 
2026-09-17T14:03:25.0081956Z OK
2026-09-17T14:03:25.0239415Z ##[group]Run cargo fmt --all -- --check
2026-09-17T14:03:25.0239870Z [36;1mcargo fmt --all -- --check[0m
2026-09-17T14:03:25.0240269Z [36;1mcargo metadata --locked --format-version=1 > /dev/null[0m
2026-09-17T14:03:25.0240668Z [36;1mgit diff --exit-code[0m
2026-09-17T14:03:25.0278333Z shell: /usr/bin/bash --noprofile --norc -e -o pipefail {0}
2026-09-17T14:03:25.0278741Z env:
2026-09-17T14:03:25.0279058Z   RAYON_NUM_THREADS: 2
2026-09-17T14:03:25.0279322Z   CARGO_BUILD_JOBS: 2
2026-09-17T14:03:25.0279588Z ##[endgroup]
2026-09-17T14:03:25.1620155Z Diff in /home/runner/work/Zevune/Zevune/integration/orchard/src/pool/active/incremental.rs:154:
2026-09-17T14:03:25.1621378Z          }
2026-09-17T14:03:25.1621742Z          let mut appended = 0;
2026-09-17T14:03:25.1622199Z          if let Some(base) = self.segments.last() {
2026-09-17T14:03:25.1626546Z -            let index = self.segments.len().checked_sub(1).ok_or(PoolError::Bounds)?;
2026-09-17T14:03:25.1627658Z +            let index = self
2026-09-17T14:03:25.1628381Z +                .segments
2026-09-17T14:03:25.1629063Z +                .len()
2026-09-17T14:03:25.1629773Z +                .checked_sub(1)
2026-09-17T14:03:25.1630505Z +                .ok_or(PoolError::Bounds)?;
2026-09-17T14:03:25.1631748Z              let next = later.segments.get(index).ok_or(PoolError::Stale)?;
2026-09-17T14:03:25.1632830Z -            let length = next.length.checked_sub(base.length).ok_or(PoolError::Stale)?;
2026-09-17T14:03:25.1633600Z +            let length = next
2026-09-17T14:03:25.1634269Z +                .length
2026-09-17T14:03:25.1634935Z +                .checked_sub(base.length)
2026-09-17T14:03:25.1635690Z +                .ok_or(PoolError::Stale)?;
2026-09-17T14:03:25.1636411Z              if length != 0 {
2026-09-17T14:03:25.1637310Z                  emit_range(&mut consume, &mut appended, index, base.length, length)?;
2026-09-17T14:03:25.1638052Z              }
2026-09-17T14:03:25.1805872Z Diff in /home/runner/work/Zevune/Zevune/integration/orchard/src/pool/active_flow_tests.rs:135:
2026-09-17T14:03:25.1807004Z      assert_eq!(plan.base_checkpoint(), base_pin);
2026-09-17T14:03:25.1807478Z      assert_eq!(plan.checkpoint(), later_pin);
2026-09-17T14:03:25.1808278Z      assert_eq!(plan.reused_bytes(), base_pin.length());
2026-09-17T14:03:25.1809228Z -    assert_eq!(plan.appended_bytes(), later_pin.length() - base_pin.length());
2026-09-17T14:03:25.1809827Z +    assert_eq!(
2026-09-17T14:03:25.1810115Z +        plan.appended_bytes(),
2026-09-17T14:03:25.1810482Z +        later_pin.length() - base_pin.length()
2026-09-17T14:03:25.1811210Z +    );
2026-09-17T14:03:25.1811467Z      assert_eq!(
2026-09-17T14:03:25.1811753Z          plan.new_segment_count(),
2026-09-17T14:03:25.1812182Z          later_pin.segment_count() - base_pin.segment_count()
2026-09-17T14:03:25.1877925Z Diff in /home/runner/work/Zevune/Zevune/integration/orchard/src/pool/recovery/active/incremental/tests.rs:311:
2026-09-17T14:03:25.1879228Z              assert_eq!(directory_bytes(changed_path), changed);
2026-09-17T14:03:25.1879658Z              assert_eq!(
2026-09-17T14:03:25.1880116Z                  directory_bytes(if change_base { &later_path } else { &base_path }),
2026-09-17T14:03:25.1880725Z -                if change_base { original_later } else { original_base }
2026-09-17T14:03:25.1881420Z +                if change_base {
2026-09-17T14:03:25.1881751Z +                    original_later
2026-09-17T14:03:25.1882075Z +                } else {
2026-09-17T14:03:25.1882368Z +                    original_base
2026-09-17T14:03:25.1882678Z +                }
2026-09-17T14:03:25.1882927Z              );
2026-09-17T14:03:25.1883177Z          }
2026-09-17T14:03:25.1883450Z      }
2026-09-17T14:03:25.1884052Z Diff in /home/runner/work/Zevune/Zevune/integration/orchard/src/pool/recovery/active/incremental/tests.rs:425:
2026-09-17T14:03:25.1884986Z              assert_eq!(base.incremental_plan(&mut later), Err(PoolError::Corrupt));
2026-09-17T14:03:25.1885867Z              assert_eq!(directory_bytes(&base_path), base_bytes);
2026-09-17T14:03:25.1886429Z              assert_eq!(directory_bytes(&later_path), later_bytes);
2026-09-17T14:03:25.1887086Z -            assert_eq!(fs::read(alias).unwrap(), fs::read(path.join(SEGMENT)).unwrap());
2026-09-17T14:03:25.1887639Z +            assert_eq!(
2026-09-17T14:03:25.1887962Z +                fs::read(alias).unwrap(),
2026-09-17T14:03:25.1888337Z +                fs::read(path.join(SEGMENT)).unwrap()
2026-09-17T14:03:25.1888665Z +            );
2026-09-17T14:03:25.1888879Z          }
2026-09-17T14:03:25.1889078Z      }
2026-09-17T14:03:25.1889273Z  }
2026-09-17T14:03:25.2769675Z Diff in /home/runner/work/Zevune/Zevune/integration/orchard/tests/active_incremental_cli.rs:24:
2026-09-17T14:03:25.2770685Z      fn new() -> Self {
2026-09-17T14:03:25.2771619Z          let mut nonce = [0; 16];
2026-09-17T14:03:25.2772252Z          OsRng.fill_bytes(&mut nonce);
2026-09-17T14:03:25.2773466Z -        let path = std::env::temp_dir().join(format!("zevune-active-incremental-cli-{}", hex(&nonce)));
2026-09-17T14:03:25.2774488Z +        let path =
2026-09-17T14:03:25.2775344Z +            std::env::temp_dir().join(format!("zevune-active-incremental-cli-{}", hex(&nonce)));
2026-09-17T14:03:25.2776323Z          fs::create_dir(&path).unwrap();
2026-09-17T14:03:25.2776895Z          Self(path)
2026-09-17T14:03:25.2777342Z      }
2026-09-17T14:03:25.2778069Z Diff in /home/runner/work/Zevune/Zevune/integration/orchard/tests/active_incremental_cli.rs:161:
2026-09-17T14:03:25.2778654Z      );
2026-09-17T14:03:25.2779018Z      assert!(output.stderr.is_empty());
2026-09-17T14:03:25.2779445Z      assert!(output.stdout.is_ascii());
2026-09-17T14:03:25.2780014Z -    assert_eq!(output.stdout.iter().filter(|&&byte| byte == b'\n').count(), 1);
2026-09-17T14:03:25.2780589Z +    assert_eq!(
2026-09-17T14:03:25.2781261Z +        output.stdout.iter().filter(|&&byte| byte == b'\n').count(),
2026-09-17T14:03:25.2781719Z +        1
2026-09-17T14:03:25.2781961Z +    );
2026-09-17T14:03:25.2782295Z      assert_eq!(output.stdout, expected.as_bytes());
2026-09-17T14:03:25.2782675Z  }
2026-09-17T14:03:25.2782895Z  
2026-09-17T14:03:25.2783476Z Diff in /home/runner/work/Zevune/Zevune/integration/orchard/tests/active_incremental_cli.rs:304:
2026-09-17T14:03:25.2784178Z      assert!(alice.pending_id().is_none());
2026-09-17T14:03:25.2784583Z      drop(history);
2026-09-17T14:03:25.2784866Z      let second = bob
2026-09-17T14:03:25.2785402Z -        .build_payment(carol.receive_address(0).unwrap(), 40_000, 1_000, 100, &prover)
2026-09-17T14:03:25.2785971Z +        .build_payment(
2026-09-17T14:03:25.2786335Z +            carol.receive_address(0).unwrap(),
2026-09-17T14:03:25.2786714Z +            40_000,
2026-09-17T14:03:25.2786982Z +            1_000,
2026-09-17T14:03:25.2787240Z +            100,
2026-09-17T14:03:25.2787506Z +            &prover,
2026-09-17T14:03:25.2787772Z +        )
2026-09-17T14:03:25.2788023Z          .unwrap()
2026-09-17T14:03:25.2788564Z          .bytes()
2026-09-17T14:03:25.2788829Z          .to_vec();
2026-09-17T14:03:25.2789441Z Diff in /home/runner/work/Zevune/Zevune/integration/orchard/tests/active_incremental_cli.rs:373:
2026-09-17T14:03:25.2790038Z          Err(PoolError::Authorization)
2026-09-17T14:03:25.2790306Z      ));
2026-09-17T14:03:25.2790498Z      failure(
2026-09-17T14:03:25.2791201Z -        &call_readonly(&plan_args(&source, base_pin, &forged_path, forged_pin), &dir),
2026-09-17T14:03:25.2791694Z +        &call_readonly(
2026-09-17T14:03:25.2792054Z +            &plan_args(&source, base_pin, &forged_path, forged_pin),
2026-09-17T14:03:25.2792405Z +            &dir,
2026-09-17T14:03:25.2792607Z +        ),
2026-09-17T14:03:25.2792802Z          &dir,
2026-09-17T14:03:25.2792992Z      );
2026-09-17T14:03:25.2793263Z      success(&call_readonly(&args, &dir), &expected);
2026-09-17T14:03:25.2793841Z Diff in /home/runner/work/Zevune/Zevune/integration/orchard/tests/active_incremental_cli.rs:526:
2026-09-17T14:03:25.2794336Z          drop(right);
2026-09-17T14:03:25.2794726Z          drop(left);
2026-09-17T14:03:25.2794949Z          failure(
2026-09-17T14:03:25.2795384Z -            &call_readonly(&plan_args(&base.path, base.pin, &later.path, later.pin), &f.dir),
2026-09-17T14:03:25.2795837Z +            &call_readonly(
2026-09-17T14:03:25.2796213Z +                &plan_args(&base.path, base.pin, &later.path, later.pin),
2026-09-17T14:03:25.2796574Z +                &f.dir,
2026-09-17T14:03:25.2796800Z +            ),
2026-09-17T14:03:25.2797010Z              &f.dir,
2026-09-17T14:03:25.2797215Z          );
2026-09-17T14:03:25.2797408Z      }
2026-09-17T14:03:25.2797873Z Diff in /home/runner/work/Zevune/Zevune/integration/orchard/tests/active_incremental_cli.rs:543:
2026-09-17T14:03:25.2798559Z  fn active_incremental_cli_wrong_pins_missing_and_damaged_bytes_fail_on_either_side() {
2026-09-17T14:03:25.2799007Z      let f = fixture(1, 3);
2026-09-17T14:03:25.2799422Z      let args = plan_args(&f.base.path, f.base.pin, &f.later.path, f.later.pin);
2026-09-17T14:03:25.2800045Z -    for (key, pin) in [("--base-checkpoint", f.later.pin), ("--checkpoint", f.base.pin)] {
2026-09-17T14:03:25.2800482Z +    for (key, pin) in [
2026-09-17T14:03:25.2800968Z +        ("--base-checkpoint", f.later.pin),
2026-09-17T14:03:25.2801321Z +        ("--checkpoint", f.base.pin),
2026-09-17T14:03:25.2801590Z +    ] {
2026-09-17T14:03:25.2801830Z          let mut wrong_pin = args.clone();
2026-09-17T14:03:25.2802210Z          set_option(&mut wrong_pin, key, hex(&pin.to_bytes()));
2026-09-17T14:03:25.2802635Z          failure(&call_readonly(&wrong_pin, &f.dir), &f.dir);
2026-09-17T14:03:25.3127513Z ##[error]Process completed with exit code 1.
2026-09-17T14:03:25.3278853Z Post job cleanup.
2026-09-17T14:03:25.4139140Z [command]/usr/bin/git version
2026-09-17T14:03:25.4185932Z git version 2.55.0
2026-09-17T14:03:25.4230673Z Temporarily overriding HOME='/home/runner/work/_temp/ea9906c0-dec3-440c-97d3-95e3b8ea4029' before making global git config changes
2026-09-17T14:03:25.4232368Z Adding repository directory to the temporary git global config as a safe directory
2026-09-17T14:03:25.4237166Z [command]/usr/bin/git config --global --add safe.directory /home/runner/work/Zevune/Zevune
2026-09-17T14:03:25.4282194Z [command]/usr/bin/git config --local --name-only --get-regexp core\.sshCommand
2026-09-17T14:03:25.4319505Z [command]/usr/bin/git submodule foreach --recursive sh -c "git config --local --name-only --get-regexp 'core\.sshCommand' && git config --local --unset-all 'core.sshCommand' || :"
2026-09-17T14:03:25.4561902Z [command]/usr/bin/git config --local --name-only --get-regexp http\.https\:\/\/github\.com\/\.extraheader
2026-09-17T14:03:25.4600446Z [command]/usr/bin/git submodule foreach --recursive sh -c "git config --local --name-only --get-regexp 'http\.https\:\/\/github\.com\/\.extraheader' && git config --local --unset-all 'http.https://github.com/.extraheader' || :"
2026-09-17T14:03:25.5034753Z Cleaning up orphan processes
