2026-09-17T14:03:18.0622069Z Current runner version: '2.337.0'
2026-09-17T14:03:18.0646736Z ##[group]Runner Image Provisioner
2026-09-17T14:03:18.0647607Z Hosted Compute Agent
2026-09-17T14:03:18.0648187Z Version: 20260828.587
2026-09-17T14:03:18.0648779Z Commit: abac92662cab4cc7352de4f9f9d2e2419aad9c29
2026-09-17T14:03:18.0649466Z Build Date: 2026-08-28T16:44:25Z
2026-09-17T14:03:18.0650595Z Worker ID: {d5f9691d-eb68-459d-a4af-7e642759052f}
2026-09-17T14:03:18.0651258Z Azure Region: westus2
2026-09-17T14:03:18.0651790Z ##[endgroup]
2026-09-17T14:03:18.0653252Z ##[group]Operating System
2026-09-17T14:03:18.0653916Z Microsoft Windows Server 2025
2026-09-17T14:03:18.0654479Z 10.0.26100
2026-09-17T14:03:18.0654935Z Datacenter
2026-09-17T14:03:18.0655422Z ##[endgroup]
2026-09-17T14:03:18.0655914Z ##[group]Runner Image
2026-09-17T14:03:18.0656449Z Image: windows-2025-vs2026
2026-09-17T14:03:18.0657033Z Version: 20260907.229.1
2026-09-17T14:03:18.0658463Z Included Software: https://github.com/actions/runner-images/blob/win25-vs2026/20260907.229/images/windows/Windows2025-VS2026-Readme.md
2026-09-17T14:03:18.0660502Z Image Release: https://github.com/actions/runner-images/releases/tag/win25-vs2026%2F20260907.229
2026-09-17T14:03:18.0661561Z ##[endgroup]
2026-09-17T14:03:18.0662702Z ##[group]GITHUB_TOKEN Permissions
2026-09-17T14:03:18.0664970Z Contents: read
2026-09-17T14:03:18.0666178Z Metadata: read
2026-09-17T14:03:18.0666683Z ##[endgroup]
2026-09-17T14:03:18.0668890Z Secret source: Actions
2026-09-17T14:03:18.0669722Z Cache mode: write
2026-09-17T14:03:18.0670430Z Prepare workflow directory
2026-09-17T14:03:18.1152895Z Prepare all required actions
2026-09-17T14:03:18.1200149Z Getting action download info
2026-09-17T14:03:18.4662421Z Download action repository 'actions/checkout@08c6903cd8c0fde910a37f88322edcfb5dd907a8' (SHA:08c6903cd8c0fde910a37f88322edcfb5dd907a8)
2026-09-17T14:03:18.5990954Z Download action repository 'actions/setup-go@44694675825211faa026b3c33043df3e48a5fa00' (SHA:44694675825211faa026b3c33043df3e48a5fa00)
2026-09-17T14:03:19.0072665Z Complete job name: integration (windows-latest)
2026-09-17T14:03:19.1602156Z ##[group]Run actions/checkout@08c6903cd8c0fde910a37f88322edcfb5dd907a8
2026-09-17T14:03:19.1603513Z with:
2026-09-17T14:03:19.1603977Z   persist-credentials: false
2026-09-17T14:03:19.1604515Z   repository: youq616/Zevune
2026-09-17T14:03:19.1608430Z   token: ***
2026-09-17T14:03:19.1608867Z   ssh-strict: true
2026-09-17T14:03:19.1609317Z   ssh-user: git
2026-09-17T14:03:19.1609748Z   clean: true
2026-09-17T14:03:19.1610202Z   sparse-checkout-cone-mode: true
2026-09-17T14:03:19.1610739Z   fetch-depth: 1
2026-09-17T14:03:19.1611187Z   fetch-tags: false
2026-09-17T14:03:19.1611642Z   show-progress: true
2026-09-17T14:03:19.1612106Z   lfs: false
2026-09-17T14:03:19.1612535Z   submodules: false
2026-09-17T14:03:19.1612993Z   set-safe-directory: true
2026-09-17T14:03:19.1613697Z ##[endgroup]
2026-09-17T14:03:19.3120764Z Syncing repository: youq616/Zevune
2026-09-17T14:03:19.3122715Z ##[group]Getting Git version info
2026-09-17T14:03:19.3123438Z Working directory is 'D:\a\Zevune\Zevune'
2026-09-17T14:03:19.4043319Z [command]"C:\Program Files\Git\bin\git.exe" version
2026-09-17T14:03:19.7393825Z git version 2.55.0.windows.5
2026-09-17T14:03:19.7447571Z ##[endgroup]
2026-09-17T14:03:19.7469004Z Temporarily overriding HOME='D:\a\_temp\2a3aeb76-01dc-4671-9eee-c666370a5660' before making global git config changes
2026-09-17T14:03:19.7473588Z Adding repository directory to the temporary git global config as a safe directory
2026-09-17T14:03:19.7483391Z [command]"C:\Program Files\Git\bin\git.exe" config --global --add safe.directory D:\a\Zevune\Zevune
2026-09-17T14:03:19.8213223Z Deleting the contents of 'D:\a\Zevune\Zevune'
2026-09-17T14:03:19.8219387Z ##[group]Initializing the repository
2026-09-17T14:03:19.8227916Z [command]"C:\Program Files\Git\bin\git.exe" init D:\a\Zevune\Zevune
2026-09-17T14:03:19.8953317Z Initialized empty Git repository in D:/a/Zevune/Zevune/.git/
2026-09-17T14:03:19.9000287Z [command]"C:\Program Files\Git\bin\git.exe" remote add origin https://github.com/youq616/Zevune
2026-09-17T14:03:19.9579040Z ##[endgroup]
2026-09-17T14:03:19.9580606Z ##[group]Disabling automatic garbage collection
2026-09-17T14:03:19.9587589Z [command]"C:\Program Files\Git\bin\git.exe" config --local gc.auto 0
2026-09-17T14:03:19.9880116Z ##[endgroup]
2026-09-17T14:03:19.9882019Z ##[group]Setting up auth
2026-09-17T14:03:19.9891522Z [command]"C:\Program Files\Git\bin\git.exe" config --local --name-only --get-regexp core\.sshCommand
2026-09-17T14:03:20.0188303Z [command]"C:\Program Files\Git\bin\git.exe" submodule foreach --recursive "sh -c \"git config --local --name-only --get-regexp 'core\.sshCommand' && git config --local --unset-all 'core.sshCommand' || :\""
2026-09-17T14:03:21.4610357Z [command]"C:\Program Files\Git\bin\git.exe" config --local --name-only --get-regexp http\.https\:\/\/github\.com\/\.extraheader
2026-09-17T14:03:21.4905454Z [command]"C:\Program Files\Git\bin\git.exe" submodule foreach --recursive "sh -c \"git config --local --name-only --get-regexp 'http\.https\:\/\/github\.com\/\.extraheader' && git config --local --unset-all 'http.https://github.com/.extraheader' || :\""
2026-09-17T14:03:22.0320447Z [command]"C:\Program Files\Git\bin\git.exe" config --local http.https://github.com/.extraheader "AUTHORIZATION: basic ***"
2026-09-17T14:03:22.0629164Z ##[endgroup]
2026-09-17T14:03:22.0630449Z ##[group]Fetching the repository
2026-09-17T14:03:22.0651431Z [command]"C:\Program Files\Git\bin\git.exe" -c protocol.version=2 fetch --no-tags --prune --no-recurse-submodules --depth=1 origin +066f033f2ca441bdd8533c8e1e4bfe2d3faa84a5:refs/remotes/pull/15/merge
2026-09-17T14:03:24.0811160Z From https://github.com/youq616/Zevune
2026-09-17T14:03:24.0812398Z  * [new ref]         066f033f2ca441bdd8533c8e1e4bfe2d3faa84a5 -> pull/15/merge
2026-09-17T14:03:24.0856281Z ##[endgroup]
2026-09-17T14:03:24.0857308Z ##[group]Determining the checkout info
2026-09-17T14:03:24.0858539Z ##[endgroup]
2026-09-17T14:03:24.0871251Z [command]"C:\Program Files\Git\bin\git.exe" sparse-checkout disable
2026-09-17T14:03:24.1345903Z [command]"C:\Program Files\Git\bin\git.exe" config --local --unset-all extensions.worktreeConfig
2026-09-17T14:03:24.1693143Z ##[group]Checking out the ref
2026-09-17T14:03:24.1702429Z [command]"C:\Program Files\Git\bin\git.exe" checkout --progress --force refs/remotes/pull/15/merge
2026-09-17T14:03:24.4694804Z Note: switching to 'refs/remotes/pull/15/merge'.
2026-09-17T14:03:24.4695601Z 
2026-09-17T14:03:24.4696075Z You are in 'detached HEAD' state. You can look around, make experimental
2026-09-17T14:03:24.4696926Z changes and commit them, and you can discard any commits you make in this
2026-09-17T14:03:24.4697725Z state without impacting any branches by switching back to a branch.
2026-09-17T14:03:24.4698064Z 
2026-09-17T14:03:24.4698305Z If you want to create a new branch to retain commits you create, you may
2026-09-17T14:03:24.4698819Z do so (now or later) by using -c with the switch command. Example:
2026-09-17T14:03:24.4699187Z 
2026-09-17T14:03:24.4699446Z   git switch -c <new-branch-name>
2026-09-17T14:03:24.4699721Z 
2026-09-17T14:03:24.4699843Z Or undo this operation with:
2026-09-17T14:03:24.4700041Z 
2026-09-17T14:03:24.4700183Z   git switch -
2026-09-17T14:03:24.4700444Z 
2026-09-17T14:03:24.4700702Z Turn off this advice by setting config variable advice.detachedHead to false
2026-09-17T14:03:24.4701059Z 
2026-09-17T14:03:24.4701461Z HEAD is now at 066f033 Merge 99ec771c57207167f473d23ffd07b54f15a36abc into 0927af157a3cc35abde14b036bc50a99a793a32b
2026-09-17T14:03:24.4818047Z ##[endgroup]
2026-09-17T14:03:24.5214466Z [command]"C:\Program Files\Git\bin\git.exe" log -1 --format=%H
2026-09-17T14:03:24.5476502Z 066f033f2ca441bdd8533c8e1e4bfe2d3faa84a5
2026-09-17T14:03:24.5515427Z ##[group]Removing auth
2026-09-17T14:03:24.5523495Z [command]"C:\Program Files\Git\bin\git.exe" config --local --name-only --get-regexp core\.sshCommand
2026-09-17T14:03:24.5805262Z [command]"C:\Program Files\Git\bin\git.exe" submodule foreach --recursive "sh -c \"git config --local --name-only --get-regexp 'core\.sshCommand' && git config --local --unset-all 'core.sshCommand' || :\""
2026-09-17T14:03:25.0933733Z [command]"C:\Program Files\Git\bin\git.exe" config --local --name-only --get-regexp http\.https\:\/\/github\.com\/\.extraheader
2026-09-17T14:03:25.1199498Z http.https://github.com/.extraheader
2026-09-17T14:03:25.1241384Z [command]"C:\Program Files\Git\bin\git.exe" config --local --unset-all http.https://github.com/.extraheader
2026-09-17T14:03:25.1631372Z [command]"C:\Program Files\Git\bin\git.exe" submodule foreach --recursive "sh -c \"git config --local --name-only --get-regexp 'http\.https\:\/\/github\.com\/\.extraheader' && git config --local --unset-all 'http.https://github.com/.extraheader' || :\""
2026-09-17T14:03:25.7220405Z ##[endgroup]
2026-09-17T14:03:25.7730716Z Node 20 is being deprecated. This workflow is running with Node 24 by default. If you need to temporarily use Node 20, you can set the ACTIONS_ALLOW_USE_UNSECURE_NODE_VERSION=true environment variable. For more information see: https://github.blog/changelog/2025-09-19-deprecation-of-node-20-on-github-actions-runners/
2026-09-17T14:03:25.7732728Z ##[group]Run actions/setup-go@44694675825211faa026b3c33043df3e48a5fa00
2026-09-17T14:03:25.7733065Z with:
2026-09-17T14:03:25.7733250Z   go-version: 1.27.1
2026-09-17T14:03:25.7733444Z   cache: true
2026-09-17T14:03:25.7733678Z   cache-dependency-path: integration/cometbft/go.sum
2026-09-17T14:03:25.7733984Z   check-latest: false
2026-09-17T14:03:25.7736332Z   token: ***
2026-09-17T14:03:25.7736521Z ##[endgroup]
2026-09-17T14:03:25.9351413Z Setup go version spec 1.27.1
2026-09-17T14:03:25.9364696Z Attempting to download 1.27.1...
2026-09-17T14:03:25.9553923Z (node:3336) [DEP0040] DeprecationWarning: The `punycode` module is deprecated. Please use a userland alternative instead.
2026-09-17T14:03:25.9555192Z (Use `node --trace-deprecation ...` to show where the warning was created)
2026-09-17T14:03:26.6241625Z matching 1.27.1...
2026-09-17T14:03:26.6269592Z Acquiring 1.27.1 from https://github.com/actions/go-versions/releases/download/1.27.1-33583469715/go-1.27.1-win32-x64.zip
2026-09-17T14:03:27.3158881Z Extracting Go...
2026-09-17T14:03:27.4307836Z [command]"C:\Program Files\PowerShell\7\pwsh.exe" -NoLogo -NoProfile -NonInteractive -ExecutionPolicy Unrestricted -Command "$ErrorActionPreference = 'Stop' ; try { Add-Type -AssemblyName System.IO.Compression.ZipFile } catch { } ; try { [System.IO.Compression.ZipFile]::ExtractToDirectory('D:\a\_temp\go-1.27.1-win32-x64.zip', 'D:\a\_temp\27ea8d0c-4a68-4fde-bc99-e1d39b6336f3', $true) } catch { if (($_.Exception.GetType().FullName -eq 'System.Management.Automation.MethodException') -or ($_.Exception.GetType().FullName -eq 'System.Management.Automation.RuntimeException') ){ Expand-Archive -LiteralPath 'D:\a\_temp\go-1.27.1-win32-x64.zip' -DestinationPath 'D:\a\_temp\27ea8d0c-4a68-4fde-bc99-e1d39b6336f3' -Force } else { throw $_ } } ;"
2026-09-17T14:03:32.7696472Z Successfully extracted go to D:\a\_temp\27ea8d0c-4a68-4fde-bc99-e1d39b6336f3
2026-09-17T14:03:32.7696935Z Adding to the cache ...
2026-09-17T14:03:44.1776166Z Created link C:\hostedtoolcache\windows\go\1.27.1\x64 => D:\hostedtoolcache\windows\go\1.27.1\x64
2026-09-17T14:03:44.1781968Z Created link C:\hostedtoolcache\windows\go\1.27.1\x64.complete => D:\hostedtoolcache\windows\go\1.27.1\x64.complete
2026-09-17T14:03:44.1783096Z Successfully cached go to C:\hostedtoolcache\windows\go\1.27.1\x64
2026-09-17T14:03:44.1789069Z Added go to the path
2026-09-17T14:03:44.1791938Z Successfully set up Go version 1.27.1
2026-09-17T14:03:44.5345445Z [command]C:\hostedtoolcache\windows\go\1.27.1\x64\bin\go.exe env GOCACHE
2026-09-17T14:03:44.5399497Z [command]C:\hostedtoolcache\windows\go\1.27.1\x64\bin\go.exe env GOMODCACHE
2026-09-17T14:03:44.5668572Z C:\Users\runneradmin\AppData\Local\go-build
2026-09-17T14:03:44.5701304Z C:\Users\runneradmin\go\pkg\mod
2026-09-17T14:03:44.9398684Z Cache hit for: setup-go-Windows-x64-go-1.27.1-ef6b0fbca0a8d0b6206b16c85f11c4a6c772908ae2660ca86a6b7ee95979c938
2026-09-17T14:03:44.9527600Z (node:3336) [DEP0169] DeprecationWarning: `url.parse()` behavior is not standardized and prone to errors that have security implications. Use the WHATWG URL API instead. CVEs are not issued for `url.parse()` vulnerabilities.
2026-09-17T14:03:46.2390149Z Received 37748736 of 429434914 (8.8%), 36.0 MBs/sec
2026-09-17T14:03:47.2487249Z Received 142606336 of 429434914 (33.2%), 68.0 MBs/sec
2026-09-17T14:03:48.2422112Z Received 268435456 of 429434914 (62.5%), 85.2 MBs/sec
2026-09-17T14:03:49.2490606Z Received 402653184 of 429434914 (93.8%), 95.8 MBs/sec
2026-09-17T14:03:49.6003686Z Received 429434914 of 429434914 (100.0%), 93.9 MBs/sec
2026-09-17T14:03:49.6006651Z Cache Size: ~410 MB (429434914 B)
2026-09-17T14:03:49.6080735Z [command]"C:\Program Files\Git\usr\bin\tar.exe" -xf D:/a/_temp/76916ac8-376a-4de4-8755-d2ecf8105776/cache.tzst -P -C D:/a/Zevune/Zevune --force-local --use-compress-program "zstd -d"
2026-09-17T14:04:19.4134834Z Cache restored successfully
2026-09-17T14:04:19.4375366Z Cache restored from key: setup-go-Windows-x64-go-1.27.1-ef6b0fbca0a8d0b6206b16c85f11c4a6c772908ae2660ca86a6b7ee95979c938
2026-09-17T14:04:19.4394296Z go version go1.27.1 windows/amd64
2026-09-17T14:04:19.4394500Z 
2026-09-17T14:04:19.4394770Z ##[group]go env
2026-09-17T14:04:19.7180468Z set AR=ar
2026-09-17T14:04:19.7180817Z set CC=gcc
2026-09-17T14:04:19.7181225Z set CGO_CFLAGS=-O2 -g
2026-09-17T14:04:19.7181627Z set CGO_CPPFLAGS=
2026-09-17T14:04:19.7182002Z set CGO_CXXFLAGS=-O2 -g
2026-09-17T14:04:19.7182396Z set CGO_ENABLED=1
2026-09-17T14:04:19.7183004Z set CGO_FFLAGS=-O2 -g
2026-09-17T14:04:19.7183355Z set CGO_LDFLAGS=-O2 -g
2026-09-17T14:04:19.7184592Z set CXX=g++
2026-09-17T14:04:19.7184915Z set GCCGO=gccgo
2026-09-17T14:04:19.7185262Z set GO111MODULE=
2026-09-17T14:04:19.7185585Z set GOAMD64=v1
2026-09-17T14:04:19.7193086Z set GOARCH=amd64
2026-09-17T14:04:19.7193632Z set GOAUTH=netrc
2026-09-17T14:04:19.7194054Z set GOBIN=C:\Users\runneradmin\go\bin
2026-09-17T14:04:19.7194668Z set GOCACHE=C:\Users\runneradmin\AppData\Local\go-build
2026-09-17T14:04:19.7195248Z set GOCACHEPROG=
2026-09-17T14:04:19.7195606Z set GODEBUG=
2026-09-17T14:04:19.7196059Z set GOENV=C:\Users\runneradmin\AppData\Roaming\go\env
2026-09-17T14:04:19.7196662Z set GOEXE=.exe
2026-09-17T14:04:19.7197007Z set GOEXPERIMENT=
2026-09-17T14:04:19.7197362Z set GOFIPS140=off
2026-09-17T14:04:19.7197704Z set GOFLAGS=
2026-09-17T14:04:19.7199009Z set GOGCCFLAGS=-m64 -pthread -Wl,--no-gc-sections -fmessage-length=0 -ffile-prefix-map=C:\Users\RUNNER~1\AppData\Local\Temp\go-build237809495=/tmp/go-build -gno-record-gcc-switches
2026-09-17T14:04:19.7200553Z set GOHOSTARCH=amd64
2026-09-17T14:04:19.7200945Z set GOHOSTOS=windows
2026-09-17T14:04:19.7201321Z set GOINSECURE=
2026-09-17T14:04:19.7201700Z set GOMOD=D:\a\Zevune\Zevune\go.mod
2026-09-17T14:04:19.7202273Z set GOMODCACHE=C:\Users\runneradmin\go\pkg\mod
2026-09-17T14:04:19.7202907Z set GONOPROXY=
2026-09-17T14:04:19.7203286Z set GONOSUMDB=
2026-09-17T14:04:19.7203599Z set GOOS=windows
2026-09-17T14:04:19.7203925Z set GOPACKAGESDRIVER=
2026-09-17T14:04:19.7204372Z set GOPATH=C:\Users\runneradmin\go
2026-09-17T14:04:19.7204715Z set GOPRIVATE=
2026-09-17T14:04:19.7204981Z set GOPROXY=https://proxy.golang.org,direct
2026-09-17T14:04:19.7205323Z set GOROOT=C:\hostedtoolcache\windows\go\1.27.1\x64
2026-09-17T14:04:19.7206232Z set GOSUMDB=sum.golang.org
2026-09-17T14:04:19.7206476Z set GOTELEMETRY=local
2026-09-17T14:04:19.7206803Z set GOTELEMETRYDIR=C:\Users\runneradmin\AppData\Roaming\go\telemetry
2026-09-17T14:04:19.7207158Z set GOTMPDIR=
2026-09-17T14:04:19.7207354Z set GOTOOLCHAIN=local
2026-09-17T14:04:19.7207703Z set GOTOOLDIR=C:\hostedtoolcache\windows\go\1.27.1\x64\pkg\tool\windows_amd64
2026-09-17T14:04:19.7208089Z set GOVCS=
2026-09-17T14:04:19.7208292Z set GOVERSION=go1.27.1
2026-09-17T14:04:19.7208764Z set GOWORK=
2026-09-17T14:04:19.7208964Z set PKG_CONFIG=pkg-config
2026-09-17T14:04:19.7209115Z 
2026-09-17T14:04:19.7209433Z ##[endgroup]
2026-09-17T14:04:19.7532166Z ##[group]Run go version
2026-09-17T14:04:19.7532532Z [36;1mgo version[0m
2026-09-17T14:04:19.7532756Z [36;1mgo mod download[0m
2026-09-17T14:04:19.7532977Z [36;1mgo mod verify[0m
2026-09-17T14:04:19.7533202Z [36;1mgo mod tidy -diff[0m
2026-09-17T14:04:19.7533431Z [36;1mtest -z "$(gofmt -l .)"[0m
2026-09-17T14:04:19.7556107Z shell: C:\Program Files\Git\bin\bash.EXE --noprofile --norc -e -o pipefail {0}
2026-09-17T14:04:19.7556524Z env:
2026-09-17T14:04:19.7556707Z   GOTOOLCHAIN: local
2026-09-17T14:04:19.7556919Z ##[endgroup]
2026-09-17T14:04:20.0289608Z go version go1.27.1 windows/amd64
2026-09-17T14:04:22.5106327Z all modules verified
2026-09-17T14:04:22.8533102Z ##[group]Run go test -mod=readonly ./... -count=1 -timeout=8m -v
2026-09-17T14:04:22.8533660Z [36;1mgo test -mod=readonly ./... -count=1 -timeout=8m -v[0m
2026-09-17T14:04:22.8550454Z shell: C:\Program Files\Git\bin\bash.EXE --noprofile --norc -e -o pipefail {0}
2026-09-17T14:04:22.8550886Z env:
2026-09-17T14:04:22.8551073Z   GOTOOLCHAIN: local
2026-09-17T14:04:22.8551279Z ##[endgroup]
2026-09-17T14:04:25.2243693Z === RUN   TestGenesisValidation
2026-09-17T14:04:25.2294076Z --- PASS: TestGenesisValidation (0.01s)
2026-09-17T14:04:25.2298330Z === RUN   TestFinalizeIsNotDurableAndCommitIs
2026-09-17T14:04:25.2307093Z --- PASS: TestFinalizeIsNotDurableAndCommitIs (0.01s)
2026-09-17T14:04:25.2307853Z === RUN   TestProposalChecksNeverWrite
2026-09-17T14:04:25.2341847Z --- PASS: TestProposalChecksNeverWrite (0.01s)
2026-09-17T14:04:25.2344751Z === RUN   TestEveryTransactionEntryRemainsClosed
2026-09-17T14:04:25.2385397Z --- PASS: TestEveryTransactionEntryRemainsClosed (0.01s)
2026-09-17T14:04:25.2386372Z === RUN   TestRepeatedFinalizeCopiesAndBindsHash
2026-09-17T14:04:25.2387550Z --- PASS: TestRepeatedFinalizeCopiesAndBindsHash (0.01s)
2026-09-17T14:04:25.2388906Z === RUN   TestQueryOnlyCommittedStateAndNoProofClaims
2026-09-17T14:04:25.2389653Z --- PASS: TestQueryOnlyCommittedStateAndNoProofClaims (0.01s)
2026-09-17T14:04:25.2390336Z === RUN   TestSnapshotsAndExtensionsFailClosed
2026-09-17T14:04:25.2391015Z --- PASS: TestSnapshotsAndExtensionsFailClosed (0.01s)
2026-09-17T14:04:25.2391638Z === RUN   TestConcurrentInfoAndFinalize
2026-09-17T14:04:25.2392611Z --- PASS: TestConcurrentInfoAndFinalize (0.07s)
2026-09-17T14:04:25.2393179Z === RUN   TestClosedApplicationFails
2026-09-17T14:04:25.2393718Z --- PASS: TestClosedApplicationFails (0.01s)
2026-09-17T14:04:25.2394199Z PASS
2026-09-17T14:04:25.2394704Z ok  	github.com/youq616/Zevune/integration/cometbft/app	0.292s
2026-09-17T14:04:25.2395617Z ?   	github.com/youq616/Zevune/integration/cometbft/cmd/zevune-devnet	[no test files]
2026-09-17T14:04:27.5226720Z === RUN   TestMalformedCommandsNeverCreateOrOverwrite
2026-09-17T14:04:27.5227335Z --- PASS: TestMalformedCommandsNeverCreateOrOverwrite (0.00s)
2026-09-17T14:04:27.5227843Z === RUN   TestBoundedPublicTransactionFiles
2026-09-17T14:04:27.5228459Z --- PASS: TestBoundedPublicTransactionFiles (0.00s)
2026-09-17T14:04:27.5228946Z === RUN   TestStorageCommandRejectsNetworkAndMutationFlags
2026-09-17T14:04:27.5229493Z --- PASS: TestStorageCommandRejectsNetworkAndMutationFlags (0.00s)
2026-09-17T14:04:27.5230059Z === RUN   TestSyncSubmitRejectInvalidCheckpointBeforeOtherInput
2026-09-17T14:04:27.5230631Z --- PASS: TestSyncSubmitRejectInvalidCheckpointBeforeOtherInput (0.01s)
2026-09-17T14:04:27.5231126Z === RUN   TestStorageCheckpointFlagPair
2026-09-17T14:04:27.5232136Z --- PASS: TestStorageCheckpointFlagPair (0.00s)
2026-09-17T14:04:27.5232595Z === RUN   TestCheckpointSyntaxDoesNotSelectAStorageProfile
2026-09-17T14:04:27.5233138Z --- PASS: TestCheckpointSyntaxDoesNotSelectAStorageProfile (0.00s)
2026-09-17T14:04:27.5233756Z === RUN   TestStorageCheckpointCLIRejectsPartialDuplicateAndWrongCommands
2026-09-17T14:04:27.5235322Z --- PASS: TestStorageCheckpointCLIRejectsPartialDuplicateAndWrongCommands (0.00s)
2026-09-17T14:04:27.5235969Z === RUN   TestExplicitEmptyStorageCheckpointDoesNotDisableCheck
2026-09-17T14:04:27.5236550Z --- PASS: TestExplicitEmptyStorageCheckpointDoesNotDisableCheck (0.00s)
2026-09-17T14:04:27.5238195Z === RUN   TestStorageCopyRequiresExplicitCheckpointAndOfflinePaths
2026-09-17T14:04:27.5238817Z --- PASS: TestStorageCopyRequiresExplicitCheckpointAndOfflinePaths (0.00s)
2026-09-17T14:04:27.5239292Z PASS
2026-09-17T14:04:27.5239681Z ok  	github.com/youq616/Zevune/integration/cometbft/cmd/zevune-network	0.523s
2026-09-17T14:05:15.2553250Z === RUN   TestNodeProcessHelper
2026-09-17T14:05:15.2553842Z --- PASS: TestNodeProcessHelper (0.00s)
2026-09-17T14:05:15.2554440Z === RUN   TestFourProcessConsensusAndRecovery
2026-09-17T14:05:15.2559298Z     devnet_test.go:214: four processes verified common height=4; equal block/app hashes; >2/3 signatures verified
2026-09-17T14:05:15.2560800Z     devnet_test.go:221: payment admission rejected by real CometBFT RPC/mempool path
2026-09-17T14:05:15.2561998Z     devnet_test.go:225: one validator offline: remaining 3/4 continued committing
2026-09-17T14:05:15.2563165Z     devnet_test.go:233: two validators offline: height remained 7 over observation window
2026-09-17T14:05:15.2565096Z     devnet_test.go:239: restored quorum and lagging validator catch-up succeeded
2026-09-17T14:05:15.2566356Z     devnet_test.go:245: abrupt process termination recovered without resetting validator state
2026-09-17T14:05:15.2567690Z     devnet_test.go:256: full four-process restart resumed from durable application/consensus state
2026-09-17T14:05:15.2568660Z --- PASS: TestFourProcessConsensusAndRecovery (39.01s)
2026-09-17T14:05:15.2569301Z === RUN   TestInitAndManifestFailClosed
2026-09-17T14:05:15.2570691Z --- PASS: TestInitAndManifestFailClosed (0.10s)
2026-09-17T14:05:15.2571373Z === RUN   TestFullRestartAdvancesBeyondDurableHeight
2026-09-17T14:05:15.2572494Z     restart_test.go:53: restart advanced every node beyond highest recovered height 3 to at least 6
2026-09-17T14:05:15.2573548Z --- PASS: TestFullRestartAdvancesBeyondDurableHeight (8.54s)
2026-09-17T14:05:15.2574307Z === RUN   TestMissingSigningStateIsNotRecreated
2026-09-17T14:05:15.2575010Z --- PASS: TestMissingSigningStateIsNotRecreated (0.10s)
2026-09-17T14:05:15.2576347Z PASS
2026-09-17T14:05:15.2576857Z ok  	github.com/youq616/Zevune/integration/cometbft/devnet	48.260s
2026-09-17T14:05:15.2577559Z === RUN   TestQuorumAndAllHeaderBindings
2026-09-17T14:05:15.2578157Z === RUN   TestQuorumAndAllHeaderBindings/parameters
2026-09-17T14:05:15.2578851Z === RUN   TestQuorumAndAllHeaderBindings/state-length
2026-09-17T14:05:15.2579481Z === RUN   TestQuorumAndAllHeaderBindings/future
2026-09-17T14:05:15.2580146Z === RUN   TestQuorumAndAllHeaderBindings/pre-genesis
2026-09-17T14:05:15.2581522Z === RUN   TestQuorumAndAllHeaderBindings/chain
2026-09-17T14:05:15.2582188Z === RUN   TestQuorumAndAllHeaderBindings/height
2026-09-17T14:05:15.2582834Z === RUN   TestQuorumAndAllHeaderBindings/version
2026-09-17T14:05:15.2583505Z === RUN   TestQuorumAndAllHeaderBindings/validators
2026-09-17T14:05:15.2584202Z === RUN   TestQuorumAndAllHeaderBindings/next-validators
2026-09-17T14:05:15.2584891Z --- PASS: TestQuorumAndAllHeaderBindings (0.00s)
2026-09-17T14:05:15.2585694Z     --- PASS: TestQuorumAndAllHeaderBindings/parameters (0.00s)
2026-09-17T14:05:15.2587394Z     --- PASS: TestQuorumAndAllHeaderBindings/state-length (0.00s)
2026-09-17T14:05:15.2588267Z     --- PASS: TestQuorumAndAllHeaderBindings/future (0.00s)
2026-09-17T14:05:15.2589105Z     --- PASS: TestQuorumAndAllHeaderBindings/pre-genesis (0.00s)
2026-09-17T14:05:15.2589930Z     --- PASS: TestQuorumAndAllHeaderBindings/chain (0.00s)
2026-09-17T14:05:15.2590752Z     --- PASS: TestQuorumAndAllHeaderBindings/height (0.00s)
2026-09-17T14:05:15.2591552Z     --- PASS: TestQuorumAndAllHeaderBindings/version (0.00s)
2026-09-17T14:05:15.2593399Z     --- PASS: TestQuorumAndAllHeaderBindings/validators (0.00s)
2026-09-17T14:05:15.2594342Z     --- PASS: TestQuorumAndAllHeaderBindings/next-validators (0.00s)
2026-09-17T14:05:15.2595199Z === RUN   TestPinnedPublicConfigurationAndCompanionFiles
2026-09-17T14:05:15.2596049Z --- PASS: TestPinnedPublicConfigurationAndCompanionFiles (0.04s)
2026-09-17T14:05:15.2596785Z === RUN   TestCanonicalDecodingAndFileBounds
2026-09-17T14:05:15.2597425Z --- PASS: TestCanonicalDecodingAndFileBounds (0.02s)
2026-09-17T14:05:15.2598852Z === RUN   TestLoopbackEndpointAndStreamingLimits
2026-09-17T14:05:15.2599603Z --- PASS: TestLoopbackEndpointAndStreamingLimits (0.00s)
2026-09-17T14:05:15.2600378Z === RUN   TestRPCRejectsRedirectCompressionAndOversize
2026-09-17T14:05:15.2601123Z === RUN   TestRPCRejectsRedirectCompressionAndOversize/redirect
2026-09-17T14:05:15.2602773Z === RUN   TestRPCRejectsRedirectCompressionAndOversize/encoding
2026-09-17T14:05:15.2604568Z === RUN   TestRPCRejectsRedirectCompressionAndOversize/length
2026-09-17T14:05:15.2605420Z === RUN   TestRPCRejectsRedirectCompressionAndOversize/stream
2026-09-17T14:05:15.2606256Z --- PASS: TestRPCRejectsRedirectCompressionAndOversize (0.01s)
2026-09-17T14:05:15.2607300Z     --- PASS: TestRPCRejectsRedirectCompressionAndOversize/redirect (0.00s)
2026-09-17T14:05:15.2608439Z     --- PASS: TestRPCRejectsRedirectCompressionAndOversize/encoding (0.00s)
2026-09-17T14:05:15.2610224Z     --- PASS: TestRPCRejectsRedirectCompressionAndOversize/length (0.00s)
2026-09-17T14:05:15.2611312Z     --- PASS: TestRPCRejectsRedirectCompressionAndOversize/stream (0.01s)
2026-09-17T14:05:15.2612272Z === RUN   TestMalformedGenesisInitDoesNotCreatePrivateDirectory
2026-09-17T14:05:15.2613226Z --- PASS: TestMalformedGenesisInitDoesNotCreatePrivateDirectory (0.00s)
2026-09-17T14:05:15.2614176Z === RUN   TestUnexpectedEngineExitIsNotSuccessfulShutdown
2026-09-17T14:05:15.2615758Z --- PASS: TestUnexpectedEngineExitIsNotSuccessfulShutdown (0.00s)
2026-09-17T14:05:15.2616621Z === RUN   TestRequestedShutdownDoesNotNeedEngineExit
2026-09-17T14:05:15.2617392Z --- PASS: TestRequestedShutdownDoesNotNeedEngineExit (0.00s)
2026-09-17T14:05:15.2618259Z === RUN   TestConcurrentCancellationAndEngineExitRemainRequested
2026-09-17T14:05:15.2619235Z --- PASS: TestConcurrentCancellationAndEngineExitRemainRequested (0.00s)
2026-09-17T14:05:15.2620102Z === RUN   TestEngineExitReleasesWaitingSupervisor
2026-09-17T14:05:15.2622640Z --- PASS: TestEngineExitReleasesWaitingSupervisor (0.00s)
2026-09-17T14:05:15.2623396Z === RUN   TestLifecycleRejectsMissingContext
2026-09-17T14:05:15.2624083Z --- PASS: TestLifecycleRejectsMissingContext (0.00s)
2026-09-17T14:05:15.2624972Z === RUN   TestPinnedNetworkProfileCannotChangeConfigurationOrAppVersion
2026-09-17T14:05:15.2626124Z === RUN   TestPinnedNetworkProfileCannotChangeConfigurationOrAppVersion/ZVTGEN01/1/2
2026-09-17T14:05:15.2628170Z === RUN   TestPinnedNetworkProfileCannotChangeConfigurationOrAppVersion/ZVTGEN01/1/3
2026-09-17T14:05:15.2629267Z === RUN   TestPinnedNetworkProfileCannotChangeConfigurationOrAppVersion/ZVTGEN01/2/2
2026-09-17T14:05:15.2629933Z === RUN   TestPinnedNetworkProfileCannotChangeConfigurationOrAppVersion/ZVTGEN01/2/3
2026-09-17T14:05:15.2630573Z === RUN   TestPinnedNetworkProfileCannotChangeConfigurationOrAppVersion/ZVTGEN02/1/2
2026-09-17T14:05:15.2631196Z === RUN   TestPinnedNetworkProfileCannotChangeConfigurationOrAppVersion/ZVTGEN02/1/3
2026-09-17T14:05:15.2631820Z === RUN   TestPinnedNetworkProfileCannotChangeConfigurationOrAppVersion/ZVTGEN02/2/2
2026-09-17T14:05:15.2632445Z === RUN   TestPinnedNetworkProfileCannotChangeConfigurationOrAppVersion/ZVTGEN02/2/3
2026-09-17T14:05:15.2633076Z === RUN   TestPinnedNetworkProfileCannotChangeConfigurationOrAppVersion/ZVTGEN03/1/2
2026-09-17T14:05:15.2633713Z === RUN   TestPinnedNetworkProfileCannotChangeConfigurationOrAppVersion/ZVTGEN03/1/3
2026-09-17T14:05:15.2634593Z === RUN   TestPinnedNetworkProfileCannotChangeConfigurationOrAppVersion/ZVTGEN03/2/2
2026-09-17T14:05:15.2635436Z === RUN   TestPinnedNetworkProfileCannotChangeConfigurationOrAppVersion/ZVTGEN03/2/3
2026-09-17T14:05:15.2636075Z --- PASS: TestPinnedNetworkProfileCannotChangeConfigurationOrAppVersion (1.04s)
2026-09-17T14:05:15.2636828Z     --- PASS: TestPinnedNetworkProfileCannotChangeConfigurationOrAppVersion/ZVTGEN01/1/2 (0.05s)
2026-09-17T14:05:15.2637605Z     --- PASS: TestPinnedNetworkProfileCannotChangeConfigurationOrAppVersion/ZVTGEN01/1/3 (0.05s)
2026-09-17T14:05:15.2638388Z     --- PASS: TestPinnedNetworkProfileCannotChangeConfigurationOrAppVersion/ZVTGEN01/2/2 (0.02s)
2026-09-17T14:05:15.2639160Z     --- PASS: TestPinnedNetworkProfileCannotChangeConfigurationOrAppVersion/ZVTGEN01/2/3 (0.02s)
2026-09-17T14:05:15.2640164Z     --- PASS: TestPinnedNetworkProfileCannotChangeConfigurationOrAppVersion/ZVTGEN02/1/2 (0.02s)
2026-09-17T14:05:15.2641263Z     --- PASS: TestPinnedNetworkProfileCannotChangeConfigurationOrAppVersion/ZVTGEN02/1/3 (0.02s)
2026-09-17T14:05:15.2642092Z     --- PASS: TestPinnedNetworkProfileCannotChangeConfigurationOrAppVersion/ZVTGEN02/2/2 (0.09s)
2026-09-17T14:05:15.2642877Z     --- PASS: TestPinnedNetworkProfileCannotChangeConfigurationOrAppVersion/ZVTGEN02/2/3 (0.09s)
2026-09-17T14:05:15.2643638Z     --- PASS: TestPinnedNetworkProfileCannotChangeConfigurationOrAppVersion/ZVTGEN03/1/2 (0.15s)
2026-09-17T14:05:15.2644395Z     --- PASS: TestPinnedNetworkProfileCannotChangeConfigurationOrAppVersion/ZVTGEN03/1/3 (0.44s)
2026-09-17T14:05:15.2645159Z     --- PASS: TestPinnedNetworkProfileCannotChangeConfigurationOrAppVersion/ZVTGEN03/2/2 (0.07s)
2026-09-17T14:05:15.2646219Z     --- PASS: TestPinnedNetworkProfileCannotChangeConfigurationOrAppVersion/ZVTGEN03/2/3 (0.02s)
2026-09-17T14:05:15.2646863Z === RUN   TestSignedHeadersUseAuthenticatedProfileHeightAndVersion
2026-09-17T14:05:15.2647424Z --- PASS: TestSignedHeadersUseAuthenticatedProfileHeightAndVersion (0.00s)
2026-09-17T14:05:15.2648001Z === RUN   TestActiveCheckpointUsesPinnedNetworkAndRetainsLegacyBounds
2026-09-17T14:05:15.2648669Z --- PASS: TestActiveCheckpointUsesPinnedNetworkAndRetainsLegacyBounds (0.02s)
2026-09-17T14:05:15.2649317Z === RUN   TestActiveCapacityReportsLogicalBytesAndExactCheckpoint
2026-09-17T14:05:15.2649843Z --- PASS: TestActiveCapacityReportsLogicalBytesAndExactCheckpoint (0.00s)
2026-09-17T14:05:15.2673381Z === RUN   TestActiveStorageCopyRefusesBeforeReadingOrCreatingAnyPath
2026-09-17T14:05:15.2674325Z --- PASS: TestActiveStorageCopyRefusesBeforeReadingOrCreatingAnyPath (0.00s)
2026-09-17T14:05:15.2675182Z === RUN   TestReferenceCheckpointRequestBoundsBeforeAccess
2026-09-17T14:05:15.2675961Z --- PASS: TestReferenceCheckpointRequestBoundsBeforeAccess (0.00s)
2026-09-17T14:05:15.2676761Z === RUN   TestReferenceCheckpointMissingContextAndNetwork
2026-09-17T14:05:15.2677532Z --- PASS: TestReferenceCheckpointMissingContextAndNetwork (0.00s)
2026-09-17T14:05:15.2678348Z === RUN   TestUnpinnedResultsNeverClaimRetainedCheckpoint
2026-09-17T14:05:15.2679154Z --- PASS: TestUnpinnedResultsNeverClaimRetainedCheckpoint (0.00s)
2026-09-17T14:05:15.2679963Z === RUN   TestStorageCheckpointCanonicalInputs
2026-09-17T14:05:15.2680646Z --- PASS: TestStorageCheckpointCanonicalInputs (0.00s)
2026-09-17T14:05:15.2681852Z === RUN   TestStorageCheckpointExactTipNotMinimumHeightOrFinality
2026-09-17T14:05:15.2682876Z --- PASS: TestStorageCheckpointExactTipNotMinimumHeightOrFinality (0.00s)
2026-09-17T14:05:15.2683855Z === RUN   TestInvalidStorageCheckpointFailsBeforeFileAccess
2026-09-17T14:05:15.2684745Z --- PASS: TestInvalidStorageCheckpointFailsBeforeFileAccess (0.00s)
2026-09-17T14:05:15.2685610Z === RUN   TestBoundedCopyRejectsShortLongAndCancelledInput
2026-09-17T14:05:15.2686456Z --- PASS: TestBoundedCopyRejectsShortLongAndCancelledInput (0.00s)
2026-09-17T14:05:15.2687384Z === RUN   TestCopyIOFailureAndMidstreamCancelNeverYieldDigest
2026-09-17T14:05:15.2688321Z --- PASS: TestCopyIOFailureAndMidstreamCancelNeverYieldDigest (0.00s)
2026-09-17T14:05:15.2689215Z === RUN   TestCopyPathsAndPublicEntryRejectBeforeWorker
2026-09-17T14:05:15.2690369Z --- PASS: TestCopyPathsAndPublicEntryRejectBeforeWorker (0.00s)
2026-09-17T14:05:15.2691229Z === RUN   TestPublishCopyIsCreateOnlyAndDoesNotLinkSource
2026-09-17T14:05:15.2692091Z --- PASS: TestPublishCopyIsCreateOnlyAndDoesNotLinkSource (0.01s)
2026-09-17T14:05:15.2692992Z === RUN   TestPublicationFailureAfterLinkIsExplicitlyUncertain
2026-09-17T14:05:15.2694050Z --- PASS: TestPublicationFailureAfterLinkIsExplicitlyUncertain (0.00s)
2026-09-17T14:05:15.2695061Z === RUN   TestPublicationCancellationAndExistingSymlinkDoNotOverwrite
2026-09-17T14:05:15.2696121Z --- PASS: TestPublicationCancellationAndExistingSymlinkDoNotOverwrite (0.00s)
2026-09-17T14:05:15.2697052Z === RUN   TestCopyReportDoesNotClaimConsensusOrFunds
2026-09-17T14:05:15.2698032Z --- PASS: TestCopyReportDoesNotClaimConsensusOrFunds (0.00s)
2026-09-17T14:05:15.2698852Z === RUN   TestJournalDigestDetectsChangedAndReplacedFile
2026-09-17T14:05:15.2699649Z --- PASS: TestJournalDigestDetectsChangedAndReplacedFile (0.00s)
2026-09-17T14:05:15.2700602Z === RUN   TestCancelAfterPublishRetainsCompleteCopyWithUncertainResult
2026-09-17T14:05:15.2702041Z --- PASS: TestCancelAfterPublishRetainsCompleteCopyWithUncertainResult (0.00s)
2026-09-17T14:05:15.2703033Z === RUN   TestStorageReportBoundariesAndNoFinalityClaims
2026-09-17T14:05:15.2703844Z === RUN   TestStorageReportBoundariesAndNoFinalityClaims/normal
2026-09-17T14:05:15.2704745Z === RUN   TestStorageReportBoundariesAndNoFinalityClaims/exact-empty
2026-09-17T14:05:15.2705672Z === RUN   TestStorageReportBoundariesAndNoFinalityClaims/one-short
2026-09-17T14:05:15.2706588Z === RUN   TestStorageReportBoundariesAndNoFinalityClaims/byte-limit
2026-09-17T14:05:15.2707510Z === RUN   TestStorageReportBoundariesAndNoFinalityClaims/record-limit
2026-09-17T14:05:15.2708492Z === RUN   TestStorageReportBoundariesAndNoFinalityClaims/record-warning
2026-09-17T14:05:15.2709555Z === RUN   TestStorageReportBoundariesAndNoFinalityClaims/record-before-warning
2026-09-17T14:05:15.2710597Z === RUN   TestStorageReportBoundariesAndNoFinalityClaims/one-output-slot
2026-09-17T14:05:15.2711567Z === RUN   TestStorageReportBoundariesAndNoFinalityClaims/two-output-slots
2026-09-17T14:05:15.2712505Z --- PASS: TestStorageReportBoundariesAndNoFinalityClaims (0.00s)
2026-09-17T14:05:15.2713562Z     --- PASS: TestStorageReportBoundariesAndNoFinalityClaims/normal (0.00s)
2026-09-17T14:05:15.2714735Z     --- PASS: TestStorageReportBoundariesAndNoFinalityClaims/exact-empty (0.00s)
2026-09-17T14:05:15.2715904Z     --- PASS: TestStorageReportBoundariesAndNoFinalityClaims/one-short (0.00s)
2026-09-17T14:05:15.2717033Z     --- PASS: TestStorageReportBoundariesAndNoFinalityClaims/byte-limit (0.00s)
2026-09-17T14:05:15.2718243Z     --- PASS: TestStorageReportBoundariesAndNoFinalityClaims/record-limit (0.00s)
2026-09-17T14:05:15.2719475Z     --- PASS: TestStorageReportBoundariesAndNoFinalityClaims/record-warning (0.00s)
2026-09-17T14:05:15.2720800Z     --- PASS: TestStorageReportBoundariesAndNoFinalityClaims/record-before-warning (0.00s)
2026-09-17T14:05:15.2722499Z     --- PASS: TestStorageReportBoundariesAndNoFinalityClaims/one-output-slot (0.00s)
2026-09-17T14:05:15.2723760Z     --- PASS: TestStorageReportBoundariesAndNoFinalityClaims/two-output-slots (0.00s)
2026-09-17T14:05:15.2724689Z === RUN   TestStorageReportRejectsContradictoryCounts
2026-09-17T14:05:15.2725462Z --- PASS: TestStorageReportRejectsContradictoryCounts (0.00s)
2026-09-17T14:05:15.2726346Z === RUN   TestJournalMetadataIsReadOnlyAndDetectsOrdinaryChanges
2026-09-17T14:05:15.2727318Z --- PASS: TestJournalMetadataIsReadOnlyAndDetectsOrdinaryChanges (0.00s)
2026-09-17T14:05:15.2728230Z === RUN   TestStorageMissingInvalidPathsNeverCreateData
2026-09-17T14:05:15.2729042Z --- PASS: TestStorageMissingInvalidPathsNeverCreateData (0.00s)
2026-09-17T14:05:15.2729805Z === RUN   FuzzCanonicalPublicConfiguration
2026-09-17T14:05:15.2730440Z === RUN   FuzzCanonicalPublicConfiguration/seed#0
2026-09-17T14:05:15.2732131Z === RUN   FuzzCanonicalPublicConfiguration/seed#1
2026-09-17T14:05:15.2732828Z --- PASS: FuzzCanonicalPublicConfiguration (0.00s)
2026-09-17T14:05:15.2733647Z     --- PASS: FuzzCanonicalPublicConfiguration/seed#0 (0.00s)
2026-09-17T14:05:15.2734485Z     --- PASS: FuzzCanonicalPublicConfiguration/seed#1 (0.00s)
2026-09-17T14:05:15.2735148Z === RUN   FuzzNumericLoopbackEndpoint
2026-09-17T14:05:15.2735691Z === RUN   FuzzNumericLoopbackEndpoint/seed#0
2026-09-17T14:05:15.2736267Z === RUN   FuzzNumericLoopbackEndpoint/seed#1
2026-09-17T14:05:15.2736870Z --- PASS: FuzzNumericLoopbackEndpoint (0.00s)
2026-09-17T14:05:15.2737607Z     --- PASS: FuzzNumericLoopbackEndpoint/seed#0 (0.00s)
2026-09-17T14:05:15.2738380Z     --- PASS: FuzzNumericLoopbackEndpoint/seed#1 (0.00s)
2026-09-17T14:05:15.2739010Z === RUN   FuzzStorageCheckpointInputs
2026-09-17T14:05:15.2740412Z === RUN   FuzzStorageCheckpointInputs/seed#0
2026-09-17T14:05:15.2741067Z === RUN   FuzzStorageCheckpointInputs/seed#1
2026-09-17T14:05:15.2741684Z === RUN   FuzzStorageCheckpointInputs/seed#2
2026-09-17T14:05:15.2742648Z --- PASS: FuzzStorageCheckpointInputs (0.00s)
2026-09-17T14:05:15.2743401Z     --- PASS: FuzzStorageCheckpointInputs/seed#0 (0.00s)
2026-09-17T14:05:15.2744157Z     --- PASS: FuzzStorageCheckpointInputs/seed#1 (0.00s)
2026-09-17T14:05:15.2744904Z     --- PASS: FuzzStorageCheckpointInputs/seed#2 (0.00s)
2026-09-17T14:05:15.2745509Z === RUN   FuzzStorageAccounting
2026-09-17T14:05:15.2746014Z === RUN   FuzzStorageAccounting/seed#0
2026-09-17T14:05:15.2746547Z === RUN   FuzzStorageAccounting/seed#1
2026-09-17T14:05:15.2747076Z --- PASS: FuzzStorageAccounting (0.00s)
2026-09-17T14:05:15.2747724Z     --- PASS: FuzzStorageAccounting/seed#0 (0.00s)
2026-09-17T14:05:15.2748399Z     --- PASS: FuzzStorageAccounting/seed#1 (0.00s)
2026-09-17T14:05:15.2748908Z PASS
2026-09-17T14:05:15.2749408Z ok  	github.com/youq616/Zevune/integration/cometbft/labnet	1.224s
2026-09-17T14:05:15.2750225Z === RUN   TestGenesisBindingRejectsAmbiguityAndMismatch
2026-09-17T14:05:15.2751023Z --- PASS: TestGenesisBindingRejectsAmbiguityAndMismatch (0.00s)
2026-09-17T14:05:15.2751653Z PASS
2026-09-17T14:05:15.2752152Z ok  	github.com/youq616/Zevune/integration/cometbft/poolapp	0.064s
2026-09-17T14:05:15.7705865Z ##[group]Run go vet -mod=readonly ./...
2026-09-17T14:05:15.7706459Z [36;1mgo vet -mod=readonly ./...[0m
2026-09-17T14:05:15.7734348Z shell: C:\Program Files\Git\bin\bash.EXE --noprofile --norc -e -o pipefail {0}
2026-09-17T14:05:15.7735045Z env:
2026-09-17T14:05:15.7735343Z   GOTOOLCHAIN: local
2026-09-17T14:05:15.7735692Z ##[endgroup]
2026-09-17T14:05:25.9780332Z ##[group]Run go build -mod=readonly ./cmd/zevune-devnet
2026-09-17T14:05:25.9780805Z [36;1mgo build -mod=readonly ./cmd/zevune-devnet[0m
2026-09-17T14:05:25.9797355Z shell: C:\Program Files\Git\bin\bash.EXE --noprofile --norc -e -o pipefail {0}
2026-09-17T14:05:25.9797811Z env:
2026-09-17T14:05:25.9797993Z   GOTOOLCHAIN: local
2026-09-17T14:05:25.9798222Z ##[endgroup]
2026-09-17T14:05:28.2680856Z ##[group]Run git diff --exit-code
2026-09-17T14:05:28.2681224Z [36;1mgit diff --exit-code[0m
2026-09-17T14:05:28.2698412Z shell: C:\Program Files\Git\bin\bash.EXE --noprofile --norc -e -o pipefail {0}
2026-09-17T14:05:28.2698816Z env:
2026-09-17T14:05:28.2699002Z   GOTOOLCHAIN: local
2026-09-17T14:05:28.2699216Z ##[endgroup]
2026-09-17T14:05:28.3680017Z Node 20 is being deprecated. This workflow is running with Node 24 by default. If you need to temporarily use Node 20, you can set the ACTIONS_ALLOW_USE_UNSECURE_NODE_VERSION=true environment variable. For more information see: https://github.blog/changelog/2025-09-19-deprecation-of-node-20-on-github-actions-runners/
2026-09-17T14:05:28.3682136Z Post job cleanup.
2026-09-17T14:05:28.5254792Z (node:6400) [DEP0040] DeprecationWarning: The `punycode` module is deprecated. Please use a userland alternative instead.
2026-09-17T14:05:28.5256120Z (Use `node --trace-deprecation ...` to show where the warning was created)
2026-09-17T14:05:28.6586904Z [command]C:\hostedtoolcache\windows\go\1.27.1\x64\bin\go.exe env GOMODCACHE
2026-09-17T14:05:28.6665483Z [command]C:\hostedtoolcache\windows\go\1.27.1\x64\bin\go.exe env GOCACHE
2026-09-17T14:05:28.7040645Z C:\Users\runneradmin\go\pkg\mod
2026-09-17T14:05:28.7055914Z C:\Users\runneradmin\AppData\Local\go-build
2026-09-17T14:05:28.7073439Z Cache hit occurred on the primary key setup-go-Windows-x64-go-1.27.1-ef6b0fbca0a8d0b6206b16c85f11c4a6c772908ae2660ca86a6b7ee95979c938, not saving cache.
2026-09-17T14:05:28.7442768Z Post job cleanup.
2026-09-17T14:05:28.9408091Z [command]"C:\Program Files\Git\bin\git.exe" version
2026-09-17T14:05:28.9716346Z git version 2.55.0.windows.5
2026-09-17T14:05:28.9793219Z Temporarily overriding HOME='D:\a\_temp\396903ef-8339-4f40-b44b-7d69ff02b1e6' before making global git config changes
2026-09-17T14:05:28.9794607Z Adding repository directory to the temporary git global config as a safe directory
2026-09-17T14:05:28.9805381Z [command]"C:\Program Files\Git\bin\git.exe" config --global --add safe.directory D:\a\Zevune\Zevune
2026-09-17T14:05:29.0145225Z [command]"C:\Program Files\Git\bin\git.exe" config --local --name-only --get-regexp core\.sshCommand
2026-09-17T14:05:29.0547199Z [command]"C:\Program Files\Git\bin\git.exe" submodule foreach --recursive "sh -c \"git config --local --name-only --get-regexp 'core\.sshCommand' && git config --local --unset-all 'core.sshCommand' || :\""
2026-09-17T14:05:29.6486204Z [command]"C:\Program Files\Git\bin\git.exe" config --local --name-only --get-regexp http\.https\:\/\/github\.com\/\.extraheader
2026-09-17T14:05:29.6811906Z [command]"C:\Program Files\Git\bin\git.exe" submodule foreach --recursive "sh -c \"git config --local --name-only --get-regexp 'http\.https\:\/\/github\.com\/\.extraheader' && git config --local --unset-all 'http.https://github.com/.extraheader' || :\""
2026-09-17T14:05:30.2615615Z Cleaning up orphan processes
2026-09-17T14:05:30.2653571Z ##[warning]Node.js 20 is deprecated. The following actions target Node.js 20 but are being forced to run on Node.js 24: actions/setup-go@44694675825211faa026b3c33043df3e48a5fa00. For more information see: https://github.blog/changelog/2025-09-19-deprecation-of-node-20-on-github-actions-runners/
