2026-09-17T14:03:20.0066133Z Current runner version: '2.337.0'
2026-09-17T14:03:20.0100138Z ##[group]Runner Image Provisioner
2026-09-17T14:03:20.0101514Z Hosted Compute Agent
2026-09-17T14:03:20.0102221Z Version: 20260828.587
2026-09-17T14:03:20.0102978Z Commit: abac92662cab4cc7352de4f9f9d2e2419aad9c29
2026-09-17T14:03:20.0103852Z Build Date: 2026-08-28T16:44:25Z
2026-09-17T14:03:20.0104658Z Worker ID: {1d245d0a-411a-4b6b-89de-dcaf73839d03}
2026-09-17T14:03:20.0105493Z Azure Region: westus3
2026-09-17T14:03:20.0106170Z ##[endgroup]
2026-09-17T14:03:20.0107819Z ##[group]Operating System
2026-09-17T14:03:20.0108600Z Microsoft Windows Server 2025
2026-09-17T14:03:20.0109338Z 10.0.26100
2026-09-17T14:03:20.0109983Z Datacenter
2026-09-17T14:03:20.0110625Z ##[endgroup]
2026-09-17T14:03:20.0111201Z ##[group]Runner Image
2026-09-17T14:03:20.0111918Z Image: windows-2025-vs2026
2026-09-17T14:03:20.0112575Z Version: 20260907.229.1
2026-09-17T14:03:20.0114129Z Included Software: https://github.com/actions/runner-images/blob/win25-vs2026/20260907.229/images/windows/Windows2025-VS2026-Readme.md
2026-09-17T14:03:20.0115823Z Image Release: https://github.com/actions/runner-images/releases/tag/win25-vs2026%2F20260907.229
2026-09-17T14:03:20.0116995Z ##[endgroup]
2026-09-17T14:03:20.0118430Z ##[group]GITHUB_TOKEN Permissions
2026-09-17T14:03:20.0121292Z Contents: read
2026-09-17T14:03:20.0122076Z Metadata: read
2026-09-17T14:03:20.0122896Z ##[endgroup]
2026-09-17T14:03:20.0125135Z Secret source: Actions
2026-09-17T14:03:20.0126325Z Cache mode: write
2026-09-17T14:03:20.0127413Z Prepare workflow directory
2026-09-17T14:03:20.0501418Z Prepare all required actions
2026-09-17T14:03:20.0551274Z Getting action download info
2026-09-17T14:03:20.3355018Z Download action repository 'actions/checkout@08c6903cd8c0fde910a37f88322edcfb5dd907a8' (SHA:08c6903cd8c0fde910a37f88322edcfb5dd907a8)
2026-09-17T14:03:21.8687037Z Download action repository 'actions/setup-go@44694675825211faa026b3c33043df3e48a5fa00' (SHA:44694675825211faa026b3c33043df3e48a5fa00)
2026-09-17T14:03:23.3257873Z Complete job name: boundary (windows-latest)
2026-09-17T14:03:23.4915671Z ##[group]Run actions/checkout@08c6903cd8c0fde910a37f88322edcfb5dd907a8
2026-09-17T14:03:23.4916719Z with:
2026-09-17T14:03:23.4916951Z   persist-credentials: false
2026-09-17T14:03:23.4917221Z   repository: youq616/Zevune
2026-09-17T14:03:23.4919446Z   token: ***
2026-09-17T14:03:23.4919646Z   ssh-strict: true
2026-09-17T14:03:23.4919854Z   ssh-user: git
2026-09-17T14:03:23.4920063Z   clean: true
2026-09-17T14:03:23.4920273Z   sparse-checkout-cone-mode: true
2026-09-17T14:03:23.4920537Z   fetch-depth: 1
2026-09-17T14:03:23.4920745Z   fetch-tags: false
2026-09-17T14:03:23.4920940Z   show-progress: true
2026-09-17T14:03:23.4921147Z   lfs: false
2026-09-17T14:03:23.4921347Z   submodules: false
2026-09-17T14:03:23.4921549Z   set-safe-directory: true
2026-09-17T14:03:23.4921954Z env:
2026-09-17T14:03:23.4922134Z   RAYON_NUM_THREADS: 2
2026-09-17T14:03:23.4922331Z   CARGO_BUILD_JOBS: 2
2026-09-17T14:03:23.4922556Z ##[endgroup]
2026-09-17T14:03:23.6396802Z Syncing repository: youq616/Zevune
2026-09-17T14:03:23.6398300Z ##[group]Getting Git version info
2026-09-17T14:03:23.6398769Z Working directory is 'D:\a\Zevune\Zevune'
2026-09-17T14:03:23.7212636Z [command]"C:\Program Files\Git\bin\git.exe" version
2026-09-17T14:03:24.3789716Z git version 2.55.0.windows.5
2026-09-17T14:03:24.3844631Z ##[endgroup]
2026-09-17T14:03:24.3864890Z Temporarily overriding HOME='D:\a\_temp\bff83f94-8c9e-4f9b-83ad-2cfa84434e85' before making global git config changes
2026-09-17T14:03:24.3865722Z Adding repository directory to the temporary git global config as a safe directory
2026-09-17T14:03:24.3876435Z [command]"C:\Program Files\Git\bin\git.exe" config --global --add safe.directory D:\a\Zevune\Zevune
2026-09-17T14:03:24.4627200Z Deleting the contents of 'D:\a\Zevune\Zevune'
2026-09-17T14:03:24.4632759Z ##[group]Initializing the repository
2026-09-17T14:03:24.4641230Z [command]"C:\Program Files\Git\bin\git.exe" init D:\a\Zevune\Zevune
2026-09-17T14:03:24.6461006Z Initialized empty Git repository in D:/a/Zevune/Zevune/.git/
2026-09-17T14:03:24.6521323Z [command]"C:\Program Files\Git\bin\git.exe" remote add origin https://github.com/youq616/Zevune
2026-09-17T14:03:24.7295767Z ##[endgroup]
2026-09-17T14:03:24.7296355Z ##[group]Disabling automatic garbage collection
2026-09-17T14:03:24.7308919Z [command]"C:\Program Files\Git\bin\git.exe" config --local gc.auto 0
2026-09-17T14:03:24.7576426Z ##[endgroup]
2026-09-17T14:03:24.7577206Z ##[group]Setting up auth
2026-09-17T14:03:24.7588584Z [command]"C:\Program Files\Git\bin\git.exe" config --local --name-only --get-regexp core\.sshCommand
2026-09-17T14:03:24.7879662Z [command]"C:\Program Files\Git\bin\git.exe" submodule foreach --recursive "sh -c \"git config --local --name-only --get-regexp 'core\.sshCommand' && git config --local --unset-all 'core.sshCommand' || :\""
2026-09-17T14:03:27.2043296Z [command]"C:\Program Files\Git\bin\git.exe" config --local --name-only --get-regexp http\.https\:\/\/github\.com\/\.extraheader
2026-09-17T14:03:27.2299664Z [command]"C:\Program Files\Git\bin\git.exe" submodule foreach --recursive "sh -c \"git config --local --name-only --get-regexp 'http\.https\:\/\/github\.com\/\.extraheader' && git config --local --unset-all 'http.https://github.com/.extraheader' || :\""
2026-09-17T14:03:27.7522515Z [command]"C:\Program Files\Git\bin\git.exe" config --local http.https://github.com/.extraheader "AUTHORIZATION: basic ***"
2026-09-17T14:03:27.7804957Z ##[endgroup]
2026-09-17T14:03:27.7806613Z ##[group]Fetching the repository
2026-09-17T14:03:27.7827033Z [command]"C:\Program Files\Git\bin\git.exe" -c protocol.version=2 fetch --no-tags --prune --no-recurse-submodules --depth=1 origin +066f033f2ca441bdd8533c8e1e4bfe2d3faa84a5:refs/remotes/pull/15/merge
2026-09-17T14:03:30.5361786Z From https://github.com/youq616/Zevune
2026-09-17T14:03:30.5362844Z  * [new ref]         066f033f2ca441bdd8533c8e1e4bfe2d3faa84a5 -> pull/15/merge
2026-09-17T14:03:30.5411430Z ##[endgroup]
2026-09-17T14:03:30.5415880Z ##[group]Determining the checkout info
2026-09-17T14:03:30.5417028Z ##[endgroup]
2026-09-17T14:03:30.5424461Z [command]"C:\Program Files\Git\bin\git.exe" sparse-checkout disable
2026-09-17T14:03:30.5856155Z [command]"C:\Program Files\Git\bin\git.exe" config --local --unset-all extensions.worktreeConfig
2026-09-17T14:03:30.6118678Z ##[group]Checking out the ref
2026-09-17T14:03:30.6125817Z [command]"C:\Program Files\Git\bin\git.exe" checkout --progress --force refs/remotes/pull/15/merge
2026-09-17T14:03:30.8759656Z Note: switching to 'refs/remotes/pull/15/merge'.
2026-09-17T14:03:30.8759996Z 
2026-09-17T14:03:30.8760305Z You are in 'detached HEAD' state. You can look around, make experimental
2026-09-17T14:03:30.8760993Z changes and commit them, and you can discard any commits you make in this
2026-09-17T14:03:30.8761618Z state without impacting any branches by switching back to a branch.
2026-09-17T14:03:30.8761928Z 
2026-09-17T14:03:30.8762363Z If you want to create a new branch to retain commits you create, you may
2026-09-17T14:03:30.8762973Z do so (now or later) by using -c with the switch command. Example:
2026-09-17T14:03:30.8763287Z 
2026-09-17T14:03:30.8763560Z   git switch -c <new-branch-name>
2026-09-17T14:03:30.8763843Z 
2026-09-17T14:03:30.8764202Z Or undo this operation with:
2026-09-17T14:03:30.8764789Z 
2026-09-17T14:03:30.8764959Z   git switch -
2026-09-17T14:03:30.8765306Z 
2026-09-17T14:03:30.8765643Z Turn off this advice by setting config variable advice.detachedHead to false
2026-09-17T14:03:30.8765933Z 
2026-09-17T14:03:30.8773644Z HEAD is now at 066f033 Merge 99ec771c57207167f473d23ffd07b54f15a36abc into 0927af157a3cc35abde14b036bc50a99a793a32b
2026-09-17T14:03:30.8976816Z ##[endgroup]
2026-09-17T14:03:30.9402439Z [command]"C:\Program Files\Git\bin\git.exe" log -1 --format=%H
2026-09-17T14:03:30.9715160Z 066f033f2ca441bdd8533c8e1e4bfe2d3faa84a5
2026-09-17T14:03:30.9754238Z ##[group]Removing auth
2026-09-17T14:03:30.9764457Z [command]"C:\Program Files\Git\bin\git.exe" config --local --name-only --get-regexp core\.sshCommand
2026-09-17T14:03:31.0027186Z [command]"C:\Program Files\Git\bin\git.exe" submodule foreach --recursive "sh -c \"git config --local --name-only --get-regexp 'core\.sshCommand' && git config --local --unset-all 'core.sshCommand' || :\""
2026-09-17T14:03:31.5187826Z [command]"C:\Program Files\Git\bin\git.exe" config --local --name-only --get-regexp http\.https\:\/\/github\.com\/\.extraheader
2026-09-17T14:03:31.5418340Z http.https://github.com/.extraheader
2026-09-17T14:03:31.5459511Z [command]"C:\Program Files\Git\bin\git.exe" config --local --unset-all http.https://github.com/.extraheader
2026-09-17T14:03:31.5735044Z [command]"C:\Program Files\Git\bin\git.exe" submodule foreach --recursive "sh -c \"git config --local --name-only --get-regexp 'http\.https\:\/\/github\.com\/\.extraheader' && git config --local --unset-all 'http.https://github.com/.extraheader' || :\""
2026-09-17T14:03:32.1392318Z ##[endgroup]
2026-09-17T14:03:32.1800537Z Node 20 is being deprecated. This workflow is running with Node 24 by default. If you need to temporarily use Node 20, you can set the ACTIONS_ALLOW_USE_UNSECURE_NODE_VERSION=true environment variable. For more information see: https://github.blog/changelog/2025-09-19-deprecation-of-node-20-on-github-actions-runners/
2026-09-17T14:03:32.1802463Z ##[group]Run actions/setup-go@44694675825211faa026b3c33043df3e48a5fa00
2026-09-17T14:03:32.1802893Z with:
2026-09-17T14:03:32.1803183Z   go-version: 1.27.1
2026-09-17T14:03:32.1803484Z   cache: false
2026-09-17T14:03:32.1803779Z   check-latest: false
2026-09-17T14:03:32.1805988Z   token: ***
2026-09-17T14:03:32.1806276Z env:
2026-09-17T14:03:32.1806557Z   RAYON_NUM_THREADS: 2
2026-09-17T14:03:32.1806863Z   CARGO_BUILD_JOBS: 2
2026-09-17T14:03:32.1807156Z ##[endgroup]
2026-09-17T14:03:32.3306977Z Setup go version spec 1.27.1
2026-09-17T14:03:32.3319007Z Attempting to download 1.27.1...
2026-09-17T14:03:32.3490416Z (node:8168) [DEP0040] DeprecationWarning: The `punycode` module is deprecated. Please use a userland alternative instead.
2026-09-17T14:03:32.3491229Z (Use `node --trace-deprecation ...` to show where the warning was created)
2026-09-17T14:03:33.2773582Z matching 1.27.1...
2026-09-17T14:03:33.2799599Z Acquiring 1.27.1 from https://github.com/actions/go-versions/releases/download/1.27.1-33583469715/go-1.27.1-win32-x64.zip
2026-09-17T14:03:34.1596165Z Extracting Go...
2026-09-17T14:03:34.2812836Z [command]"C:\Program Files\PowerShell\7\pwsh.exe" -NoLogo -NoProfile -NonInteractive -ExecutionPolicy Unrestricted -Command "$ErrorActionPreference = 'Stop' ; try { Add-Type -AssemblyName System.IO.Compression.ZipFile } catch { } ; try { [System.IO.Compression.ZipFile]::ExtractToDirectory('D:\a\_temp\go-1.27.1-win32-x64.zip', 'D:\a\_temp\96e7b678-e443-4dc4-8d52-989f5368af5d', $true) } catch { if (($_.Exception.GetType().FullName -eq 'System.Management.Automation.MethodException') -or ($_.Exception.GetType().FullName -eq 'System.Management.Automation.RuntimeException') ){ Expand-Archive -LiteralPath 'D:\a\_temp\go-1.27.1-win32-x64.zip' -DestinationPath 'D:\a\_temp\96e7b678-e443-4dc4-8d52-989f5368af5d' -Force } else { throw $_ } } ;"
2026-09-17T14:03:38.2394301Z Successfully extracted go to D:\a\_temp\96e7b678-e443-4dc4-8d52-989f5368af5d
2026-09-17T14:03:38.2395623Z Adding to the cache ...
2026-09-17T14:03:48.2472539Z Created link C:\hostedtoolcache\windows\go\1.27.1\x64 => D:\hostedtoolcache\windows\go\1.27.1\x64
2026-09-17T14:03:48.2476751Z Created link C:\hostedtoolcache\windows\go\1.27.1\x64.complete => D:\hostedtoolcache\windows\go\1.27.1\x64.complete
2026-09-17T14:03:48.2477752Z Successfully cached go to C:\hostedtoolcache\windows\go\1.27.1\x64
2026-09-17T14:03:48.2485012Z Added go to the path
2026-09-17T14:03:48.2487861Z Successfully set up Go version 1.27.1
2026-09-17T14:03:48.4634556Z go version go1.27.1 windows/amd64
2026-09-17T14:03:48.4635595Z 
2026-09-17T14:03:48.4636577Z ##[group]go env
2026-09-17T14:03:53.1690281Z set AR=ar
2026-09-17T14:03:53.1691073Z set CC=gcc
2026-09-17T14:03:53.1691448Z set CGO_CFLAGS=-O2 -g
2026-09-17T14:03:53.1691859Z set CGO_CPPFLAGS=
2026-09-17T14:03:53.1692177Z set CGO_CXXFLAGS=-O2 -g
2026-09-17T14:03:53.1692521Z set CGO_ENABLED=1
2026-09-17T14:03:53.1692821Z set CGO_FFLAGS=-O2 -g
2026-09-17T14:03:53.1693113Z set CGO_LDFLAGS=-O2 -g
2026-09-17T14:03:53.1693444Z set CXX=g++
2026-09-17T14:03:53.1693728Z set GCCGO=gccgo
2026-09-17T14:03:53.1694012Z set GO111MODULE=
2026-09-17T14:03:53.1694333Z set GOAMD64=v1
2026-09-17T14:03:53.1694645Z set GOARCH=amd64
2026-09-17T14:03:53.1694936Z set GOAUTH=netrc
2026-09-17T14:03:53.1695264Z set GOBIN=C:\Users\runneradmin\go\bin
2026-09-17T14:03:53.1695645Z set GOCACHE=C:\Users\runneradmin\AppData\Local\go-build
2026-09-17T14:03:53.1696274Z set GOCACHEPROG=
2026-09-17T14:03:53.1696571Z set GODEBUG=
2026-09-17T14:03:53.1696912Z set GOENV=C:\Users\runneradmin\AppData\Roaming\go\env
2026-09-17T14:03:53.1697360Z set GOEXE=.exe
2026-09-17T14:03:53.1699188Z set GOEXPERIMENT=
2026-09-17T14:03:53.1699656Z set GOFIPS140=off
2026-09-17T14:03:53.1699955Z set GOFLAGS=
2026-09-17T14:03:53.1700898Z set GOGCCFLAGS=-m64 -pthread -Wl,--no-gc-sections -fmessage-length=0 -ffile-prefix-map=C:\Users\RUNNER~1\AppData\Local\Temp\go-build4127042276=/tmp/go-build -gno-record-gcc-switches
2026-09-17T14:03:53.1701672Z set GOHOSTARCH=amd64
2026-09-17T14:03:53.1701984Z set GOHOSTOS=windows
2026-09-17T14:03:53.1702311Z set GOINSECURE=
2026-09-17T14:03:53.1702628Z set GOMOD=D:\a\Zevune\Zevune\go.mod
2026-09-17T14:03:53.1702994Z set GOMODCACHE=C:\Users\runneradmin\go\pkg\mod
2026-09-17T14:03:53.1703340Z set GONOPROXY=
2026-09-17T14:03:53.1703630Z set GONOSUMDB=
2026-09-17T14:03:53.1703936Z set GOOS=windows
2026-09-17T14:03:53.1704275Z set GOPACKAGESDRIVER=
2026-09-17T14:03:53.1704603Z set GOPATH=C:\Users\runneradmin\go
2026-09-17T14:03:53.1704981Z set GOPRIVATE=
2026-09-17T14:03:53.1705315Z set GOPROXY=https://proxy.golang.org,direct
2026-09-17T14:03:53.1705730Z set GOROOT=C:\hostedtoolcache\windows\go\1.27.1\x64
2026-09-17T14:03:53.1706147Z set GOSUMDB=sum.golang.org
2026-09-17T14:03:53.1706430Z set GOTELEMETRY=local
2026-09-17T14:03:53.1706812Z set GOTELEMETRYDIR=C:\Users\runneradmin\AppData\Roaming\go\telemetry
2026-09-17T14:03:53.1707207Z set GOTMPDIR=
2026-09-17T14:03:53.1707486Z set GOTOOLCHAIN=local
2026-09-17T14:03:53.1707864Z set GOTOOLDIR=C:\hostedtoolcache\windows\go\1.27.1\x64\pkg\tool\windows_amd64
2026-09-17T14:03:53.1708331Z set GOVCS=
2026-09-17T14:03:53.1708671Z set GOVERSION=go1.27.1
2026-09-17T14:03:53.1708940Z set GOWORK=
2026-09-17T14:03:53.1709259Z set PKG_CONFIG=pkg-config
2026-09-17T14:03:53.1709420Z 
2026-09-17T14:03:53.1709857Z ##[endgroup]
2026-09-17T14:03:53.2011706Z ##[group]Run rustup toolchain install 1.98.1 --profile minimal --component rustfmt --component clippy
2026-09-17T14:03:53.2012976Z [36;1mrustup toolchain install 1.98.1 --profile minimal --component rustfmt --component clippy[0m
2026-09-17T14:03:53.2031189Z shell: C:\Program Files\Git\bin\bash.EXE --noprofile --norc -e -o pipefail {0}
2026-09-17T14:03:53.2031702Z env:
2026-09-17T14:03:53.2031989Z   RAYON_NUM_THREADS: 2
2026-09-17T14:03:53.2032335Z   CARGO_BUILD_JOBS: 2
2026-09-17T14:03:53.2033126Z   GOTOOLCHAIN: local
2026-09-17T14:03:53.2033415Z ##[endgroup]
2026-09-17T14:03:54.1290559Z info: syncing channel updates for 1.98.1-x86_64-pc-windows-msvc
2026-09-17T14:03:54.5969406Z info: latest update on 2026-09-03 for version 1.98.1 (48a229cea 2026-09-01)
2026-09-17T14:03:54.6111386Z info: downloading 5 components
2026-09-17T14:04:06.2568601Z 
2026-09-17T14:04:06.2900291Z   1.98.1-x86_64-pc-windows-msvc installed - rustc 1.98.1 (48a229cea 2026-09-01)
2026-09-17T14:04:06.2901720Z 
2026-09-17T14:04:06.3159750Z ##[group]Run rustc --version
2026-09-17T14:04:06.3160212Z [36;1mrustc --version[0m
2026-09-17T14:04:06.3160554Z [36;1mcargo fmt --all -- --check[0m
2026-09-17T14:04:06.3161000Z [36;1mcargo metadata --locked --format-version=1 > /dev/null[0m
2026-09-17T14:04:06.3161737Z [36;1mtest -z "$(git status --porcelain --untracked-files=no)"[0m
2026-09-17T14:04:06.3173923Z shell: C:\Program Files\Git\bin\bash.EXE --noprofile --norc -e -o pipefail {0}
2026-09-17T14:04:06.3174395Z env:
2026-09-17T14:04:06.3174681Z   RAYON_NUM_THREADS: 2
2026-09-17T14:04:06.3175052Z   CARGO_BUILD_JOBS: 2
2026-09-17T14:04:06.3175344Z   GOTOOLCHAIN: local
2026-09-17T14:04:06.3175670Z ##[endgroup]
2026-09-17T14:04:07.0057991Z rustc 1.98.1 (48a229cea 2026-09-01)
2026-09-17T14:04:08.4362548Z Diff in \\?\D:\a\Zevune\Zevune\integration\orchard\src\pool\active\incremental.rs:154:
2026-09-17T14:04:08.4363322Z          }
2026-09-17T14:04:08.4363792Z          let mut appended = 0;
2026-09-17T14:04:08.4364748Z          if let Some(base) = self.segments.last() {
2026-09-17T14:04:08.4366115Z [31m-            let index = self.segments.len().checked_sub(1).ok_or(PoolError::Bounds)?;
2026-09-17T14:04:08.4366868Z [0m[32m+            let index = self
2026-09-17T14:04:08.4367351Z [0m[32m+                .segments
2026-09-17T14:04:08.4367784Z [0m[32m+                .len()
2026-09-17T14:04:08.4368238Z [0m[32m+                .checked_sub(1)
2026-09-17T14:04:08.4368845Z [0m[32m+                .ok_or(PoolError::Bounds)?;
2026-09-17T14:04:08.4369677Z [0m             let next = later.segments.get(index).ok_or(PoolError::Stale)?;
2026-09-17T14:04:08.4370296Z [31m-            let length = next.length.checked_sub(base.length).ok_or(PoolError::Stale)?;
2026-09-17T14:04:08.4370818Z [0m[32m+            let length = next
2026-09-17T14:04:08.4371184Z [0m[32m+                .length
2026-09-17T14:04:08.4371733Z [0m[32m+                .checked_sub(base.length)
2026-09-17T14:04:08.4372258Z [0m[32m+                .ok_or(PoolError::Stale)?;
2026-09-17T14:04:08.4372694Z [0m             if length != 0 {
2026-09-17T14:04:08.4373384Z                  emit_range(&mut consume, &mut appended, index, base.length, length)?;
2026-09-17T14:04:08.4373867Z              }
2026-09-17T14:04:08.4567432Z Diff in \\?\D:\a\Zevune\Zevune\integration\orchard\src\pool\active_flow_tests.rs:135:
2026-09-17T14:04:08.4568529Z      assert_eq!(plan.base_checkpoint(), base_pin);
2026-09-17T14:04:08.4569234Z      assert_eq!(plan.checkpoint(), later_pin);
2026-09-17T14:04:08.4569954Z      assert_eq!(plan.reused_bytes(), base_pin.length());
2026-09-17T14:04:08.4570972Z [31m-    assert_eq!(plan.appended_bytes(), later_pin.length() - base_pin.length());
2026-09-17T14:04:08.4571726Z [0m[32m+    assert_eq!(
2026-09-17T14:04:08.4572290Z [0m[32m+        plan.appended_bytes(),
2026-09-17T14:04:08.4572954Z [0m[32m+        later_pin.length() - base_pin.length()
2026-09-17T14:04:08.4573585Z [0m[32m+    );
2026-09-17T14:04:08.4574127Z [0m     assert_eq!(
2026-09-17T14:04:08.4574655Z          plan.new_segment_count(),
2026-09-17T14:04:08.4575374Z          later_pin.segment_count() - base_pin.segment_count()
2026-09-17T14:04:08.4651356Z Diff in \\?\D:\a\Zevune\Zevune\integration\orchard\src\pool\recovery\active\incremental\tests.rs:311:
2026-09-17T14:04:08.4652566Z              assert_eq!(directory_bytes(changed_path), changed);
2026-09-17T14:04:08.4653213Z              assert_eq!(
2026-09-17T14:04:08.4654142Z                  directory_bytes(if change_base { &later_path } else { &base_path }),
2026-09-17T14:04:08.4655115Z [31m-                if change_base { original_later } else { original_base }
2026-09-17T14:04:08.4655809Z [0m[32m+                if change_base {
2026-09-17T14:04:08.4656464Z [0m[32m+                    original_later
2026-09-17T14:04:08.4657050Z [0m[32m+                } else {
2026-09-17T14:04:08.4657612Z [0m[32m+                    original_base
2026-09-17T14:04:08.4661009Z [0m[32m+                }
2026-09-17T14:04:08.4661646Z [0m             );
2026-09-17T14:04:08.4662143Z          }
2026-09-17T14:04:08.4662529Z      }
2026-09-17T14:04:08.4663328Z Diff in \\?\D:\a\Zevune\Zevune\integration\orchard\src\pool\recovery\active\incremental\tests.rs:425:
2026-09-17T14:04:08.4665273Z              assert_eq!(base.incremental_plan(&mut later), Err(PoolError::Corrupt));
2026-09-17T14:04:08.4666227Z              assert_eq!(directory_bytes(&base_path), base_bytes);
2026-09-17T14:04:08.4667146Z              assert_eq!(directory_bytes(&later_path), later_bytes);
2026-09-17T14:04:08.4668216Z [31m-            assert_eq!(fs::read(alias).unwrap(), fs::read(path.join(SEGMENT)).unwrap());
2026-09-17T14:04:08.4669004Z [0m[32m+            assert_eq!(
2026-09-17T14:04:08.4669714Z [0m[32m+                fs::read(alias).unwrap(),
2026-09-17T14:04:08.4670535Z [0m[32m+                fs::read(path.join(SEGMENT)).unwrap()
2026-09-17T14:04:08.4671190Z [0m[32m+            );
2026-09-17T14:04:08.4671677Z [0m         }
2026-09-17T14:04:08.4672051Z      }
2026-09-17T14:04:08.4672467Z  }
2026-09-17T14:04:08.5792308Z Diff in \\?\D:\a\Zevune\Zevune\integration\orchard\tests\active_incremental_cli.rs:24:
2026-09-17T14:04:08.5793152Z      fn new() -> Self {
2026-09-17T14:04:08.5793751Z          let mut nonce = [0; 16];
2026-09-17T14:04:08.5794283Z          OsRng.fill_bytes(&mut nonce);
2026-09-17T14:04:08.5795475Z [31m-        let path = std::env::temp_dir().join(format!("zevune-active-incremental-cli-{}", hex(&nonce)));
2026-09-17T14:04:08.5796289Z [0m[32m+        let path =
2026-09-17T14:04:08.5797104Z [0m[32m+            std::env::temp_dir().join(format!("zevune-active-incremental-cli-{}", hex(&nonce)));
2026-09-17T14:04:08.5797915Z [0m         fs::create_dir(&path).unwrap();
2026-09-17T14:04:08.5798386Z          Self(path)
2026-09-17T14:04:08.5798752Z      }
2026-09-17T14:04:08.5799351Z Diff in \\?\D:\a\Zevune\Zevune\integration\orchard\tests\active_incremental_cli.rs:161:
2026-09-17T14:04:08.5799996Z      );
2026-09-17T14:04:08.5800369Z      assert!(output.stderr.is_empty());
2026-09-17T14:04:08.5800880Z      assert!(output.stdout.is_ascii());
2026-09-17T14:04:08.5801625Z [31m-    assert_eq!(output.stdout.iter().filter(|&&byte| byte == b'\n').count(), 1);
2026-09-17T14:04:08.5802221Z [0m[32m+    assert_eq!(
2026-09-17T14:04:08.5802872Z [0m[32m+        output.stdout.iter().filter(|&&byte| byte == b'\n').count(),
2026-09-17T14:04:08.5803467Z [0m[32m+        1
2026-09-17T14:04:08.5803935Z [0m[32m+    );
2026-09-17T14:04:08.5804507Z [0m     assert_eq!(output.stdout, expected.as_bytes());
2026-09-17T14:04:08.5805033Z  }
2026-09-17T14:04:08.5805404Z  
2026-09-17T14:04:08.5806342Z Diff in \\?\D:\a\Zevune\Zevune\integration\orchard\tests\active_incremental_cli.rs:304:
2026-09-17T14:04:08.5807152Z      assert!(alice.pending_id().is_none());
2026-09-17T14:04:08.5807618Z      drop(history);
2026-09-17T14:04:08.5808022Z      let second = bob
2026-09-17T14:04:08.5808791Z [31m-        .build_payment(carol.receive_address(0).unwrap(), 40_000, 1_000, 100, &prover)
2026-09-17T14:04:08.5809492Z [0m[32m+        .build_payment(
2026-09-17T14:04:08.5810035Z [0m[32m+            carol.receive_address(0).unwrap(),
2026-09-17T14:04:08.5810643Z [0m[32m+            40_000,
2026-09-17T14:04:08.5811125Z [0m[32m+            1_000,
2026-09-17T14:04:08.5811616Z [0m[32m+            100,
2026-09-17T14:04:08.5812132Z [0m[32m+            &prover,
2026-09-17T14:04:08.5812689Z [0m[32m+        )
2026-09-17T14:04:08.5813145Z [0m         .unwrap()
2026-09-17T14:04:08.5813573Z          .bytes()
2026-09-17T14:04:08.5814033Z          .to_vec();
2026-09-17T14:04:08.5814627Z Diff in \\?\D:\a\Zevune\Zevune\integration\orchard\tests\active_incremental_cli.rs:373:
2026-09-17T14:04:08.5815404Z          Err(PoolError::Authorization)
2026-09-17T14:04:08.5815946Z      ));
2026-09-17T14:04:08.5816316Z      failure(
2026-09-17T14:04:08.5818108Z [31m-        &call_readonly(&plan_args(&source, base_pin, &forged_path, forged_pin), &dir),
2026-09-17T14:04:08.5818856Z [0m[32m+        &call_readonly(
2026-09-17T14:04:08.5819486Z [0m[32m+            &plan_args(&source, base_pin, &forged_path, forged_pin),
2026-09-17T14:04:08.5820273Z [0m[32m+            &dir,
2026-09-17T14:04:08.5820734Z [0m[32m+        ),
2026-09-17T14:04:08.5821136Z [0m         &dir,
2026-09-17T14:04:08.5821536Z      );
2026-09-17T14:04:08.5822030Z      success(&call_readonly(&args, &dir), &expected);
2026-09-17T14:04:08.5822827Z Diff in \\?\D:\a\Zevune\Zevune\integration\orchard\tests\active_incremental_cli.rs:526:
2026-09-17T14:04:08.5824003Z          drop(right);
2026-09-17T14:04:08.5824448Z          drop(left);
2026-09-17T14:04:08.5824895Z          failure(
2026-09-17T14:04:08.5825613Z [31m-            &call_readonly(&plan_args(&base.path, base.pin, &later.path, later.pin), &f.dir),
2026-09-17T14:04:08.5826356Z [0m[32m+            &call_readonly(
2026-09-17T14:04:08.5827021Z [0m[32m+                &plan_args(&base.path, base.pin, &later.path, later.pin),
2026-09-17T14:04:08.5827690Z [0m[32m+                &f.dir,
2026-09-17T14:04:08.5828156Z [0m[32m+            ),
2026-09-17T14:04:08.5828587Z [0m             &f.dir,
2026-09-17T14:04:08.5829217Z          );
2026-09-17T14:04:08.5829581Z      }
2026-09-17T14:04:08.5830246Z Diff in \\?\D:\a\Zevune\Zevune\integration\orchard\tests\active_incremental_cli.rs:543:
2026-09-17T14:04:08.5831156Z  fn active_incremental_cli_wrong_pins_missing_and_damaged_bytes_fail_on_either_side() {
2026-09-17T14:04:08.5831818Z      let f = fixture(1, 3);
2026-09-17T14:04:08.5832428Z      let args = plan_args(&f.base.path, f.base.pin, &f.later.path, f.later.pin);
2026-09-17T14:04:08.5833486Z [31m-    for (key, pin) in [("--base-checkpoint", f.later.pin), ("--checkpoint", f.base.pin)] {
2026-09-17T14:04:08.5834166Z [0m[32m+    for (key, pin) in [
2026-09-17T14:04:08.5834740Z [0m[32m+        ("--base-checkpoint", f.later.pin),
2026-09-17T14:04:08.5835332Z [0m[32m+        ("--checkpoint", f.base.pin),
2026-09-17T14:04:08.5835833Z [0m[32m+    ] {
2026-09-17T14:04:08.5836319Z [0m         let mut wrong_pin = args.clone();
2026-09-17T14:04:08.5837032Z          set_option(&mut wrong_pin, key, hex(&pin.to_bytes()));
2026-09-17T14:04:08.5837792Z          failure(&call_readonly(&wrong_pin, &f.dir), &f.dir);
2026-09-17T14:04:08.6747044Z ##[error]Process completed with exit code 1.
2026-09-17T14:04:08.6995212Z Post job cleanup.
2026-09-17T14:04:08.8643899Z [command]"C:\Program Files\Git\bin\git.exe" version
2026-09-17T14:04:08.8955153Z git version 2.55.0.windows.5
2026-09-17T14:04:08.9037864Z Temporarily overriding HOME='D:\a\_temp\fb6f6c93-14a6-446d-a7ba-d98b7bbf5188' before making global git config changes
2026-09-17T14:04:08.9039072Z Adding repository directory to the temporary git global config as a safe directory
2026-09-17T14:04:08.9050643Z [command]"C:\Program Files\Git\bin\git.exe" config --global --add safe.directory D:\a\Zevune\Zevune
2026-09-17T14:04:08.9361547Z [command]"C:\Program Files\Git\bin\git.exe" config --local --name-only --get-regexp core\.sshCommand
2026-09-17T14:04:08.9703287Z [command]"C:\Program Files\Git\bin\git.exe" submodule foreach --recursive "sh -c \"git config --local --name-only --get-regexp 'core\.sshCommand' && git config --local --unset-all 'core.sshCommand' || :\""
2026-09-17T14:04:09.4848444Z [command]"C:\Program Files\Git\bin\git.exe" config --local --name-only --get-regexp http\.https\:\/\/github\.com\/\.extraheader
2026-09-17T14:04:09.5125823Z [command]"C:\Program Files\Git\bin\git.exe" submodule foreach --recursive "sh -c \"git config --local --name-only --get-regexp 'http\.https\:\/\/github\.com\/\.extraheader' && git config --local --unset-all 'http.https://github.com/.extraheader' || :\""
2026-09-17T14:04:10.2648801Z Cleaning up orphan processes
2026-09-17T14:04:10.2690035Z ##[warning]Node.js 20 is deprecated. The following actions target Node.js 20 but are being forced to run on Node.js 24: actions/setup-go@44694675825211faa026b3c33043df3e48a5fa00. For more information see: https://github.blog/changelog/2025-09-19-deprecation-of-node-20-on-github-actions-runners/
