2026-09-17T14:02:42.6797707Z Current runner version: '2.337.0'
2026-09-17T14:02:42.6834323Z ##[group]Runner Image Provisioner
2026-09-17T14:02:42.6835964Z Hosted Compute Agent
2026-09-17T14:02:42.6836990Z Version: 20260828.587
2026-09-17T14:02:42.6838623Z Commit: abac92662cab4cc7352de4f9f9d2e2419aad9c29
2026-09-17T14:02:42.6839899Z Build Date: 2026-08-28T16:44:25Z
2026-09-17T14:02:42.6841170Z Worker ID: {35babd58-f53d-43ca-a263-c7cefd14009f}
2026-09-17T14:02:42.6842410Z Azure Region: eastus
2026-09-17T14:02:42.6843351Z ##[endgroup]
2026-09-17T14:02:42.6845869Z ##[group]Operating System
2026-09-17T14:02:42.6847010Z Ubuntu
2026-09-17T14:02:42.6848346Z 24.04.5
2026-09-17T14:02:42.6849337Z LTS
2026-09-17T14:02:42.6850332Z ##[endgroup]
2026-09-17T14:02:42.6851372Z ##[group]Runner Image
2026-09-17T14:02:42.6852350Z Image: ubuntu-24.04
2026-09-17T14:02:42.6853547Z Version: 20260907.300.1
2026-09-17T14:02:42.6855962Z Included Software: https://github.com/actions/runner-images/blob/ubuntu24/20260907.300/images/ubuntu/Ubuntu2404-Readme.md
2026-09-17T14:02:42.6859173Z Image Release: https://github.com/actions/runner-images/releases/tag/ubuntu24%2F20260907.300
2026-09-17T14:02:42.6861078Z ##[endgroup]
2026-09-17T14:02:42.6863088Z ##[group]GITHUB_TOKEN Permissions
2026-09-17T14:02:42.6866042Z Contents: read
2026-09-17T14:02:42.6867071Z Metadata: read
2026-09-17T14:02:42.6868478Z ##[endgroup]
2026-09-17T14:02:42.6871832Z Secret source: Actions
2026-09-17T14:02:42.6873572Z Cache mode: write
2026-09-17T14:02:42.6874802Z Prepare workflow directory
2026-09-17T14:02:42.7492615Z Prepare all required actions
2026-09-17T14:02:42.7565064Z Getting action download info
2026-09-17T14:02:42.9293005Z Download action repository 'actions/checkout@08c6903cd8c0fde910a37f88322edcfb5dd907a8' (SHA:08c6903cd8c0fde910a37f88322edcfb5dd907a8)
2026-09-17T14:02:43.0517120Z Download action repository 'actions/setup-go@44694675825211faa026b3c33043df3e48a5fa00' (SHA:44694675825211faa026b3c33043df3e48a5fa00)
2026-09-17T14:02:43.3328456Z Complete job name: boundary (ubuntu-latest)
2026-09-17T14:02:43.4115541Z ##[group]Run actions/checkout@08c6903cd8c0fde910a37f88322edcfb5dd907a8
2026-09-17T14:02:43.4116735Z with:
2026-09-17T14:02:43.4117406Z   persist-credentials: false
2026-09-17T14:02:43.4117951Z   repository: youq616/Zevune
2026-09-17T14:02:43.4121639Z   token: ***
2026-09-17T14:02:43.4122068Z   ssh-strict: true
2026-09-17T14:02:43.4122499Z   ssh-user: git
2026-09-17T14:02:43.4122909Z   clean: true
2026-09-17T14:02:43.4123356Z   sparse-checkout-cone-mode: true
2026-09-17T14:02:43.4123874Z   fetch-depth: 1
2026-09-17T14:02:43.4124294Z   fetch-tags: false
2026-09-17T14:02:43.4124746Z   show-progress: true
2026-09-17T14:02:43.4125186Z   lfs: false
2026-09-17T14:02:43.4125584Z   submodules: false
2026-09-17T14:02:43.4126038Z   set-safe-directory: true
2026-09-17T14:02:43.4126781Z env:
2026-09-17T14:02:43.4127336Z   RAYON_NUM_THREADS: 2
2026-09-17T14:02:43.4127804Z   CARGO_BUILD_JOBS: 2
2026-09-17T14:02:43.4128242Z ##[endgroup]
2026-09-17T14:02:43.5181156Z Syncing repository: youq616/Zevune
2026-09-17T14:02:43.5183869Z ##[group]Getting Git version info
2026-09-17T14:02:43.5185026Z Working directory is '/home/runner/work/Zevune/Zevune'
2026-09-17T14:02:43.5186359Z [command]/usr/bin/git version
2026-09-17T14:02:43.5259929Z git version 2.55.0
2026-09-17T14:02:43.5298281Z ##[endgroup]
2026-09-17T14:02:43.5306614Z Temporarily overriding HOME='/home/runner/work/_temp/e538ae3e-a2a6-4fe2-a9f5-cd8a444d58e5' before making global git config changes
2026-09-17T14:02:43.5309044Z Adding repository directory to the temporary git global config as a safe directory
2026-09-17T14:02:43.5313042Z [command]/usr/bin/git config --global --add safe.directory /home/runner/work/Zevune/Zevune
2026-09-17T14:02:43.5366241Z Deleting the contents of '/home/runner/work/Zevune/Zevune'
2026-09-17T14:02:43.5369960Z ##[group]Initializing the repository
2026-09-17T14:02:43.5375514Z [command]/usr/bin/git init /home/runner/work/Zevune/Zevune
2026-09-17T14:02:43.5482997Z hint: Using 'master' as the name for the initial branch. This default branch name
2026-09-17T14:02:43.5484881Z hint: will change to "main" in Git 3.0. To configure the initial branch name
2026-09-17T14:02:43.5486139Z hint: to use in all of your new repositories, which will suppress this warning,
2026-09-17T14:02:43.5486947Z hint: call:
2026-09-17T14:02:43.5487718Z hint:
2026-09-17T14:02:43.5488305Z hint: 	git config --global init.defaultBranch <name>
2026-09-17T14:02:43.5488977Z hint:
2026-09-17T14:02:43.5489612Z hint: Names commonly chosen instead of 'master' are 'main', 'trunk' and
2026-09-17T14:02:43.5490632Z hint: 'development'. The just-created branch can be renamed via this command:
2026-09-17T14:02:43.5491382Z hint:
2026-09-17T14:02:43.5491803Z hint: 	git branch -m <name>
2026-09-17T14:02:43.5492285Z hint:
2026-09-17T14:02:43.5492923Z hint: Disable this message with "git config set advice.defaultBranchName false"
2026-09-17T14:02:43.5498562Z Initialized empty Git repository in /home/runner/work/Zevune/Zevune/.git/
2026-09-17T14:02:43.5508755Z [command]/usr/bin/git remote add origin https://github.com/youq616/Zevune
2026-09-17T14:02:43.5556367Z ##[endgroup]
2026-09-17T14:02:43.5557778Z ##[group]Disabling automatic garbage collection
2026-09-17T14:02:43.5559879Z [command]/usr/bin/git config --local gc.auto 0
2026-09-17T14:02:43.5602034Z ##[endgroup]
2026-09-17T14:02:43.5603820Z ##[group]Setting up auth
2026-09-17T14:02:43.5605075Z [command]/usr/bin/git config --local --name-only --get-regexp core\.sshCommand
2026-09-17T14:02:43.5642425Z [command]/usr/bin/git submodule foreach --recursive sh -c "git config --local --name-only --get-regexp 'core\.sshCommand' && git config --local --unset-all 'core.sshCommand' || :"
2026-09-17T14:02:43.6012270Z [command]/usr/bin/git config --local --name-only --get-regexp http\.https\:\/\/github\.com\/\.extraheader
2026-09-17T14:02:43.6056373Z [command]/usr/bin/git submodule foreach --recursive sh -c "git config --local --name-only --get-regexp 'http\.https\:\/\/github\.com\/\.extraheader' && git config --local --unset-all 'http.https://github.com/.extraheader' || :"
2026-09-17T14:02:43.6297843Z [command]/usr/bin/git config --local http.https://github.com/.extraheader AUTHORIZATION: basic ***
2026-09-17T14:02:43.6342404Z ##[endgroup]
2026-09-17T14:02:43.6356886Z ##[group]Fetching the repository
2026-09-17T14:02:43.6358808Z [command]/usr/bin/git -c protocol.version=2 fetch --no-tags --prune --no-recurse-submodules --depth=1 origin +066f033f2ca441bdd8533c8e1e4bfe2d3faa84a5:refs/remotes/pull/15/merge
2026-09-17T14:02:44.8598059Z From https://github.com/youq616/Zevune
2026-09-17T14:02:44.8600060Z  * [new ref]         066f033f2ca441bdd8533c8e1e4bfe2d3faa84a5 -> pull/15/merge
2026-09-17T14:02:44.8604354Z ##[endgroup]
2026-09-17T14:02:44.8606087Z ##[group]Determining the checkout info
2026-09-17T14:02:44.8608652Z ##[endgroup]
2026-09-17T14:02:44.8612965Z [command]/usr/bin/git sparse-checkout disable
2026-09-17T14:02:44.8667480Z [command]/usr/bin/git config --local --unset-all extensions.worktreeConfig
2026-09-17T14:02:44.8701266Z ##[group]Checking out the ref
2026-09-17T14:02:44.8706416Z [command]/usr/bin/git checkout --progress --force refs/remotes/pull/15/merge
2026-09-17T14:02:44.9591083Z Note: switching to 'refs/remotes/pull/15/merge'.
2026-09-17T14:02:44.9591743Z 
2026-09-17T14:02:44.9592165Z You are in 'detached HEAD' state. You can look around, make experimental
2026-09-17T14:02:44.9593136Z changes and commit them, and you can discard any commits you make in this
2026-09-17T14:02:44.9594117Z state without impacting any branches by switching back to a branch.
2026-09-17T14:02:44.9594694Z 
2026-09-17T14:02:44.9595073Z If you want to create a new branch to retain commits you create, you may
2026-09-17T14:02:44.9595950Z do so (now or later) by using -c with the switch command. Example:
2026-09-17T14:02:44.9596546Z 
2026-09-17T14:02:44.9596765Z   git switch -c <new-branch-name>
2026-09-17T14:02:44.9597154Z 
2026-09-17T14:02:44.9597586Z Or undo this operation with:
2026-09-17T14:02:44.9597950Z 
2026-09-17T14:02:44.9598133Z   git switch -
2026-09-17T14:02:44.9598733Z 
2026-09-17T14:02:44.9599286Z Turn off this advice by setting config variable advice.detachedHead to false
2026-09-17T14:02:44.9600084Z 
2026-09-17T14:02:44.9601522Z HEAD is now at 066f033 Merge 99ec771c57207167f473d23ffd07b54f15a36abc into 0927af157a3cc35abde14b036bc50a99a793a32b
2026-09-17T14:02:44.9607945Z ##[endgroup]
2026-09-17T14:02:44.9664884Z [command]/usr/bin/git log -1 --format=%H
2026-09-17T14:02:44.9694166Z 066f033f2ca441bdd8533c8e1e4bfe2d3faa84a5
2026-09-17T14:02:44.9703988Z ##[group]Removing auth
2026-09-17T14:02:44.9707999Z [command]/usr/bin/git config --local --name-only --get-regexp core\.sshCommand
2026-09-17T14:02:44.9742881Z [command]/usr/bin/git submodule foreach --recursive sh -c "git config --local --name-only --get-regexp 'core\.sshCommand' && git config --local --unset-all 'core.sshCommand' || :"
2026-09-17T14:02:44.9966504Z [command]/usr/bin/git config --local --name-only --get-regexp http\.https\:\/\/github\.com\/\.extraheader
2026-09-17T14:02:44.9995754Z http.https://github.com/.extraheader
2026-09-17T14:02:45.0003231Z [command]/usr/bin/git config --local --unset-all http.https://github.com/.extraheader
2026-09-17T14:02:45.0038887Z [command]/usr/bin/git submodule foreach --recursive sh -c "git config --local --name-only --get-regexp 'http\.https\:\/\/github\.com\/\.extraheader' && git config --local --unset-all 'http.https://github.com/.extraheader' || :"
2026-09-17T14:02:45.0259948Z ##[endgroup]
2026-09-17T14:02:45.0572327Z Node 20 is being deprecated. This workflow is running with Node 24 by default. If you need to temporarily use Node 20, you can set the ACTIONS_ALLOW_USE_UNSECURE_NODE_VERSION=true environment variable. For more information see: https://github.blog/changelog/2025-09-19-deprecation-of-node-20-on-github-actions-runners/
2026-09-17T14:02:45.0576758Z ##[group]Run actions/setup-go@44694675825211faa026b3c33043df3e48a5fa00
2026-09-17T14:02:45.0578167Z with:
2026-09-17T14:02:45.0578632Z   go-version: 1.27.1
2026-09-17T14:02:45.0579152Z   cache: false
2026-09-17T14:02:45.0579676Z   check-latest: false
2026-09-17T14:02:45.0588124Z   token: ***
2026-09-17T14:02:45.0588630Z env:
2026-09-17T14:02:45.0589075Z   RAYON_NUM_THREADS: 2
2026-09-17T14:02:45.0589634Z   CARGO_BUILD_JOBS: 2
2026-09-17T14:02:45.0590160Z ##[endgroup]
2026-09-17T14:02:45.1890443Z Setup go version spec 1.27.1
2026-09-17T14:02:45.1901304Z Attempting to download 1.27.1...
2026-09-17T14:02:45.2013349Z (node:2330) [DEP0040] DeprecationWarning: The `punycode` module is deprecated. Please use a userland alternative instead.
2026-09-17T14:02:45.2015359Z (Use `node --trace-deprecation ...` to show where the warning was created)
2026-09-17T14:02:45.6835497Z matching 1.27.1...
2026-09-17T14:02:45.6860762Z Acquiring 1.27.1 from https://github.com/actions/go-versions/releases/download/1.27.1-33583469715/go-1.27.1-linux-x64.tar.gz
2026-09-17T14:02:46.1175121Z Extracting Go...
2026-09-17T14:02:46.1310694Z [command]/usr/bin/tar xz --warning=no-unknown-keyword --overwrite -C /home/runner/work/_temp/2273bc64-8901-44af-a7ed-b50b3a0eb8d3 -f /home/runner/work/_temp/2dff32c1-0c33-4703-afaa-8e99662bbdc3
2026-09-17T14:02:47.8423894Z Successfully extracted go to /home/runner/work/_temp/2273bc64-8901-44af-a7ed-b50b3a0eb8d3
2026-09-17T14:02:47.8424451Z Adding to the cache ...
2026-09-17T14:02:53.8152054Z Successfully cached go to /opt/hostedtoolcache/go/1.27.1/x64
2026-09-17T14:02:53.8154367Z Added go to the path
2026-09-17T14:02:53.8157593Z Successfully set up Go version 1.27.1
2026-09-17T14:02:53.8393337Z go version go1.27.1 linux/amd64
2026-09-17T14:02:53.8394150Z 
2026-09-17T14:02:53.8394947Z ##[group]go env
2026-09-17T14:02:53.9747659Z AR='ar'
2026-09-17T14:02:53.9748093Z CC='gcc'
2026-09-17T14:02:53.9748542Z CGO_CFLAGS='-O2 -g'
2026-09-17T14:02:53.9748937Z CGO_CPPFLAGS=''
2026-09-17T14:02:53.9749315Z CGO_CXXFLAGS='-O2 -g'
2026-09-17T14:02:53.9749677Z CGO_ENABLED='1'
2026-09-17T14:02:53.9750015Z CGO_FFLAGS='-O2 -g'
2026-09-17T14:02:53.9750361Z CGO_LDFLAGS='-O2 -g'
2026-09-17T14:02:53.9750700Z CXX='g++'
2026-09-17T14:02:53.9751653Z GCCGO='gccgo'
2026-09-17T14:02:53.9751992Z GO111MODULE=''
2026-09-17T14:02:53.9752317Z GOAMD64='v1'
2026-09-17T14:02:53.9752677Z GOARCH='amd64'
2026-09-17T14:02:53.9753017Z GOAUTH='netrc'
2026-09-17T14:02:53.9753417Z GOBIN='/home/runner/go/bin'
2026-09-17T14:02:53.9753875Z GOCACHE='/home/runner/.cache/go-build'
2026-09-17T14:02:53.9754326Z GOCACHEPROG=''
2026-09-17T14:02:53.9754680Z GODEBUG=''
2026-09-17T14:02:53.9755079Z GOENV='/home/runner/.config/go/env'
2026-09-17T14:02:53.9755586Z GOEXE=''
2026-09-17T14:02:53.9755888Z GOEXPERIMENT=''
2026-09-17T14:02:53.9756222Z GOFIPS140='off'
2026-09-17T14:02:53.9756530Z GOFLAGS=''
2026-09-17T14:02:53.9757898Z GOGCCFLAGS='-fPIC -m64 -pthread -Wl,--no-gc-sections -fmessage-length=0 -ffile-prefix-map=/tmp/go-build3768126405=/tmp/go-build -gno-record-gcc-switches'
2026-09-17T14:02:53.9759019Z GOHOSTARCH='amd64'
2026-09-17T14:02:53.9759359Z GOHOSTOS='linux'
2026-09-17T14:02:53.9759684Z GOINSECURE=''
2026-09-17T14:02:53.9760108Z GOMOD='/home/runner/work/Zevune/Zevune/go.mod'
2026-09-17T14:02:53.9760633Z GOMODCACHE='/home/runner/go/pkg/mod'
2026-09-17T14:02:53.9761051Z GONOPROXY=''
2026-09-17T14:02:53.9761346Z GONOSUMDB=''
2026-09-17T14:02:53.9761644Z GOOS='linux'
2026-09-17T14:02:53.9761948Z GOPACKAGESDRIVER=''
2026-09-17T14:02:53.9762298Z GOPATH='/home/runner/go'
2026-09-17T14:02:53.9762642Z GOPRIVATE=''
2026-09-17T14:02:53.9763043Z GOPROXY='https://proxy.golang.org,direct'
2026-09-17T14:02:53.9763877Z GOROOT='/opt/hostedtoolcache/go/1.27.1/x64'
2026-09-17T14:02:53.9764392Z GOSUMDB='sum.golang.org'
2026-09-17T14:02:53.9764772Z GOTELEMETRY='local'
2026-09-17T14:02:53.9765303Z GOTELEMETRYDIR='/home/runner/.config/go/telemetry'
2026-09-17T14:02:53.9765820Z GOTMPDIR=''
2026-09-17T14:02:53.9766198Z GOTOOLCHAIN='local'
2026-09-17T14:02:53.9766765Z GOTOOLDIR='/opt/hostedtoolcache/go/1.27.1/x64/pkg/tool/linux_amd64'
2026-09-17T14:02:53.9767561Z GOVCS=''
2026-09-17T14:02:53.9767871Z GOVERSION='go1.27.1'
2026-09-17T14:02:53.9768203Z GOWORK=''
2026-09-17T14:02:53.9768546Z PKG_CONFIG='pkg-config'
2026-09-17T14:02:53.9768795Z 
2026-09-17T14:02:53.9769475Z ##[endgroup]
2026-09-17T14:02:53.9982568Z ##[group]Run rustup toolchain install 1.98.1 --profile minimal --component rustfmt --component clippy
2026-09-17T14:02:53.9983396Z [36;1mrustup toolchain install 1.98.1 --profile minimal --component rustfmt --component clippy[0m
2026-09-17T14:02:54.0027982Z shell: /usr/bin/bash --noprofile --norc -e -o pipefail {0}
2026-09-17T14:02:54.0028355Z env:
2026-09-17T14:02:54.0028560Z   RAYON_NUM_THREADS: 2
2026-09-17T14:02:54.0028790Z   CARGO_BUILD_JOBS: 2
2026-09-17T14:02:54.0029011Z   GOTOOLCHAIN: local
2026-09-17T14:02:54.0029231Z ##[endgroup]
2026-09-17T14:02:54.0539337Z info: syncing channel updates for 1.98.1-x86_64-unknown-linux-gnu
2026-09-17T14:02:54.1761172Z info: latest update on 2026-09-03 for version 1.98.1 (48a229cea 2026-09-01)
2026-09-17T14:02:54.1761721Z info: downloading 5 components
2026-09-17T14:03:02.0801667Z 
2026-09-17T14:03:02.0873932Z   1.98.1-x86_64-unknown-linux-gnu installed - rustc 1.98.1 (48a229cea 2026-09-01)
2026-09-17T14:03:02.0874513Z 
2026-09-17T14:03:02.0956712Z ##[group]Run rustc --version
2026-09-17T14:03:02.0957018Z [36;1mrustc --version[0m
2026-09-17T14:03:02.0957577Z [36;1mcargo fmt --all -- --check[0m
2026-09-17T14:03:02.0957926Z [36;1mcargo metadata --locked --format-version=1 > /dev/null[0m
2026-09-17T14:03:02.0958358Z [36;1mtest -z "$(git status --porcelain --untracked-files=no)"[0m
2026-09-17T14:03:02.0996666Z shell: /usr/bin/bash --noprofile --norc -e -o pipefail {0}
2026-09-17T14:03:02.0997014Z env:
2026-09-17T14:03:02.0997466Z   RAYON_NUM_THREADS: 2
2026-09-17T14:03:02.0997715Z   CARGO_BUILD_JOBS: 2
2026-09-17T14:03:02.0997928Z   GOTOOLCHAIN: local
2026-09-17T14:03:02.0998141Z ##[endgroup]
2026-09-17T14:03:02.1338963Z rustc 1.98.1 (48a229cea 2026-09-01)
2026-09-17T14:03:02.2559073Z Diff in /home/runner/work/Zevune/Zevune/integration/orchard/src/pool/active/incremental.rs:154:
2026-09-17T14:03:02.2560048Z          }
2026-09-17T14:03:02.2560527Z          let mut appended = 0;
2026-09-17T14:03:02.2561707Z          if let Some(base) = self.segments.last() {
2026-09-17T14:03:02.2562556Z -            let index = self.segments.len().checked_sub(1).ok_or(PoolError::Bounds)?;
2026-09-17T14:03:02.2563292Z +            let index = self
2026-09-17T14:03:02.2563721Z +                .segments
2026-09-17T14:03:02.2564111Z +                .len()
2026-09-17T14:03:02.2564505Z +                .checked_sub(1)
2026-09-17T14:03:02.2565051Z +                .ok_or(PoolError::Bounds)?;
2026-09-17T14:03:02.2566125Z              let next = later.segments.get(index).ok_or(PoolError::Stale)?;
2026-09-17T14:03:02.2567078Z -            let length = next.length.checked_sub(base.length).ok_or(PoolError::Stale)?;
2026-09-17T14:03:02.2568065Z +            let length = next
2026-09-17T14:03:02.2568483Z +                .length
2026-09-17T14:03:02.2568913Z +                .checked_sub(base.length)
2026-09-17T14:03:02.2569432Z +                .ok_or(PoolError::Stale)?;
2026-09-17T14:03:02.2570072Z              if length != 0 {
2026-09-17T14:03:02.2571310Z                  emit_range(&mut consume, &mut appended, index, base.length, length)?;
2026-09-17T14:03:02.2572046Z              }
2026-09-17T14:03:02.2736875Z Diff in /home/runner/work/Zevune/Zevune/integration/orchard/src/pool/active_flow_tests.rs:135:
2026-09-17T14:03:02.2738220Z      assert_eq!(plan.base_checkpoint(), base_pin);
2026-09-17T14:03:02.2738942Z      assert_eq!(plan.checkpoint(), later_pin);
2026-09-17T14:03:02.2739690Z      assert_eq!(plan.reused_bytes(), base_pin.length());
2026-09-17T14:03:02.2740520Z -    assert_eq!(plan.appended_bytes(), later_pin.length() - base_pin.length());
2026-09-17T14:03:02.2741222Z +    assert_eq!(
2026-09-17T14:03:02.2741607Z +        plan.appended_bytes(),
2026-09-17T14:03:02.2742108Z +        later_pin.length() - base_pin.length()
2026-09-17T14:03:02.2742607Z +    );
2026-09-17T14:03:02.2742953Z      assert_eq!(
2026-09-17T14:03:02.2743453Z          plan.new_segment_count(),
2026-09-17T14:03:02.2744262Z          later_pin.segment_count() - base_pin.segment_count()
2026-09-17T14:03:02.2811661Z Diff in /home/runner/work/Zevune/Zevune/integration/orchard/src/pool/recovery/active/incremental/tests.rs:311:
2026-09-17T14:03:02.2813191Z              assert_eq!(directory_bytes(changed_path), changed);
2026-09-17T14:03:02.2813893Z              assert_eq!(
2026-09-17T14:03:02.2815085Z                  directory_bytes(if change_base { &later_path } else { &base_path }),
2026-09-17T14:03:02.2815930Z -                if change_base { original_later } else { original_base }
2026-09-17T14:03:02.2816595Z +                if change_base {
2026-09-17T14:03:02.2817045Z +                    original_later
2026-09-17T14:03:02.2817778Z +                } else {
2026-09-17T14:03:02.2818184Z +                    original_base
2026-09-17T14:03:02.2818611Z +                }
2026-09-17T14:03:02.2819017Z              );
2026-09-17T14:03:02.2819373Z          }
2026-09-17T14:03:02.2819689Z      }
2026-09-17T14:03:02.2820975Z Diff in /home/runner/work/Zevune/Zevune/integration/orchard/src/pool/recovery/active/incremental/tests.rs:425:
2026-09-17T14:03:02.2822745Z              assert_eq!(base.incremental_plan(&mut later), Err(PoolError::Corrupt));
2026-09-17T14:03:02.2823904Z              assert_eq!(directory_bytes(&base_path), base_bytes);
2026-09-17T14:03:02.2824962Z              assert_eq!(directory_bytes(&later_path), later_bytes);
2026-09-17T14:03:02.2825821Z -            assert_eq!(fs::read(alias).unwrap(), fs::read(path.join(SEGMENT)).unwrap());
2026-09-17T14:03:02.2826547Z +            assert_eq!(
2026-09-17T14:03:02.2826975Z +                fs::read(alias).unwrap(),
2026-09-17T14:03:02.2827734Z +                fs::read(path.join(SEGMENT)).unwrap()
2026-09-17T14:03:02.2828219Z +            );
2026-09-17T14:03:02.2828572Z          }
2026-09-17T14:03:02.2828878Z      }
2026-09-17T14:03:02.2829154Z  }
2026-09-17T14:03:02.3738154Z Diff in /home/runner/work/Zevune/Zevune/integration/orchard/tests/active_incremental_cli.rs:24:
2026-09-17T14:03:02.3739249Z      fn new() -> Self {
2026-09-17T14:03:02.3739637Z          let mut nonce = [0; 16];
2026-09-17T14:03:02.3740077Z          OsRng.fill_bytes(&mut nonce);
2026-09-17T14:03:02.3740691Z -        let path = std::env::temp_dir().join(format!("zevune-active-incremental-cli-{}", hex(&nonce)));
2026-09-17T14:03:02.3741254Z +        let path =
2026-09-17T14:03:02.3741880Z +            std::env::temp_dir().join(format!("zevune-active-incremental-cli-{}", hex(&nonce)));
2026-09-17T14:03:02.3742525Z          fs::create_dir(&path).unwrap();
2026-09-17T14:03:02.3742885Z          Self(path)
2026-09-17T14:03:02.3743176Z      }
2026-09-17T14:03:02.3743812Z Diff in /home/runner/work/Zevune/Zevune/integration/orchard/tests/active_incremental_cli.rs:161:
2026-09-17T14:03:02.3744388Z      );
2026-09-17T14:03:02.3744693Z      assert!(output.stderr.is_empty());
2026-09-17T14:03:02.3745099Z      assert!(output.stdout.is_ascii());
2026-09-17T14:03:02.3745584Z -    assert_eq!(output.stdout.iter().filter(|&&byte| byte == b'\n').count(), 1);
2026-09-17T14:03:02.3746069Z +    assert_eq!(
2026-09-17T14:03:02.3746426Z +        output.stdout.iter().filter(|&&byte| byte == b'\n').count(),
2026-09-17T14:03:02.3746843Z +        1
2026-09-17T14:03:02.3747056Z +    );
2026-09-17T14:03:02.3747921Z      assert_eq!(output.stdout, expected.as_bytes());
2026-09-17T14:03:02.3748289Z  }
2026-09-17T14:03:02.3748488Z  
2026-09-17T14:03:02.3749006Z Diff in /home/runner/work/Zevune/Zevune/integration/orchard/tests/active_incremental_cli.rs:304:
2026-09-17T14:03:02.3749674Z      assert!(alice.pending_id().is_none());
2026-09-17T14:03:02.3750043Z      drop(history);
2026-09-17T14:03:02.3750320Z      let second = bob
2026-09-17T14:03:02.3750766Z -        .build_payment(carol.receive_address(0).unwrap(), 40_000, 1_000, 100, &prover)
2026-09-17T14:03:02.3751259Z +        .build_payment(
2026-09-17T14:03:02.3751566Z +            carol.receive_address(0).unwrap(),
2026-09-17T14:03:02.3751896Z +            40_000,
2026-09-17T14:03:02.3752140Z +            1_000,
2026-09-17T14:03:02.3752370Z +            100,
2026-09-17T14:03:02.3752600Z +            &prover,
2026-09-17T14:03:02.3752827Z +        )
2026-09-17T14:03:02.3753066Z          .unwrap()
2026-09-17T14:03:02.3753314Z          .bytes()
2026-09-17T14:03:02.3753562Z          .to_vec();
2026-09-17T14:03:02.3754038Z Diff in /home/runner/work/Zevune/Zevune/integration/orchard/tests/active_incremental_cli.rs:373:
2026-09-17T14:03:02.3754684Z          Err(PoolError::Authorization)
2026-09-17T14:03:02.3754981Z      ));
2026-09-17T14:03:02.3755194Z      failure(
2026-09-17T14:03:02.3755581Z -        &call_readonly(&plan_args(&source, base_pin, &forged_path, forged_pin), &dir),
2026-09-17T14:03:02.3756041Z +        &call_readonly(
2026-09-17T14:03:02.3756378Z +            &plan_args(&source, base_pin, &forged_path, forged_pin),
2026-09-17T14:03:02.3756745Z +            &dir,
2026-09-17T14:03:02.3756962Z +        ),
2026-09-17T14:03:02.3757441Z          &dir,
2026-09-17T14:03:02.3757672Z      );
2026-09-17T14:03:02.3758197Z      success(&call_readonly(&args, &dir), &expected);
2026-09-17T14:03:02.3758781Z Diff in /home/runner/work/Zevune/Zevune/integration/orchard/tests/active_incremental_cli.rs:526:
2026-09-17T14:03:02.3759343Z          drop(right);
2026-09-17T14:03:02.3759610Z          drop(left);
2026-09-17T14:03:02.3759885Z          failure(
2026-09-17T14:03:02.3760298Z -            &call_readonly(&plan_args(&base.path, base.pin, &later.path, later.pin), &f.dir),
2026-09-17T14:03:02.3760776Z +            &call_readonly(
2026-09-17T14:03:02.3761136Z +                &plan_args(&base.path, base.pin, &later.path, later.pin),
2026-09-17T14:03:02.3761528Z +                &f.dir,
2026-09-17T14:03:02.3761762Z +            ),
2026-09-17T14:03:02.3762022Z              &f.dir,
2026-09-17T14:03:02.3762233Z          );
2026-09-17T14:03:02.3762419Z      }
2026-09-17T14:03:02.3762822Z Diff in /home/runner/work/Zevune/Zevune/integration/orchard/tests/active_incremental_cli.rs:543:
2026-09-17T14:03:02.3763612Z  fn active_incremental_cli_wrong_pins_missing_and_damaged_bytes_fail_on_either_side() {
2026-09-17T14:03:02.3764067Z      let f = fixture(1, 3);
2026-09-17T14:03:02.3764512Z      let args = plan_args(&f.base.path, f.base.pin, &f.later.path, f.later.pin);
2026-09-17T14:03:02.3765059Z -    for (key, pin) in [("--base-checkpoint", f.later.pin), ("--checkpoint", f.base.pin)] {
2026-09-17T14:03:02.3765481Z +    for (key, pin) in [
2026-09-17T14:03:02.3765732Z +        ("--base-checkpoint", f.later.pin),
2026-09-17T14:03:02.3766024Z +        ("--checkpoint", f.base.pin),
2026-09-17T14:03:02.3766274Z +    ] {
2026-09-17T14:03:02.3766557Z          let mut wrong_pin = args.clone();
2026-09-17T14:03:02.3767010Z          set_option(&mut wrong_pin, key, hex(&pin.to_bytes()));
2026-09-17T14:03:02.3767788Z          failure(&call_readonly(&wrong_pin, &f.dir), &f.dir);
2026-09-17T14:03:02.4106491Z ##[error]Process completed with exit code 1.
2026-09-17T14:03:02.4306724Z Post job cleanup.
2026-09-17T14:03:02.5151213Z [command]/usr/bin/git version
2026-09-17T14:03:02.5195384Z git version 2.55.0
2026-09-17T14:03:02.5240385Z Temporarily overriding HOME='/home/runner/work/_temp/bcf3f50b-5411-4e2d-9ab0-4b319c64e875' before making global git config changes
2026-09-17T14:03:02.5241428Z Adding repository directory to the temporary git global config as a safe directory
2026-09-17T14:03:02.5246319Z [command]/usr/bin/git config --global --add safe.directory /home/runner/work/Zevune/Zevune
2026-09-17T14:03:02.5286399Z [command]/usr/bin/git config --local --name-only --get-regexp core\.sshCommand
2026-09-17T14:03:02.5320600Z [command]/usr/bin/git submodule foreach --recursive sh -c "git config --local --name-only --get-regexp 'core\.sshCommand' && git config --local --unset-all 'core.sshCommand' || :"
2026-09-17T14:03:02.5567999Z [command]/usr/bin/git config --local --name-only --get-regexp http\.https\:\/\/github\.com\/\.extraheader
2026-09-17T14:03:02.5602888Z [command]/usr/bin/git submodule foreach --recursive sh -c "git config --local --name-only --get-regexp 'http\.https\:\/\/github\.com\/\.extraheader' && git config --local --unset-all 'http.https://github.com/.extraheader' || :"
2026-09-17T14:03:02.6014810Z Cleaning up orphan processes
2026-09-17T14:03:02.6310837Z ##[warning]Node.js 20 is deprecated. The following actions target Node.js 20 but are being forced to run on Node.js 24: actions/setup-go@44694675825211faa026b3c33043df3e48a5fa00. For more information see: https://github.blog/changelog/2025-09-19-deprecation-of-node-20-on-github-actions-runners/
