2026-09-17T14:02:44.8412198Z Current runner version: '2.337.0'
2026-09-17T14:02:44.8437111Z ##[group]Runner Image Provisioner
2026-09-17T14:02:44.8437923Z Hosted Compute Agent
2026-09-17T14:02:44.8438500Z Version: 20260828.587
2026-09-17T14:02:44.8439106Z Commit: abac92662cab4cc7352de4f9f9d2e2419aad9c29
2026-09-17T14:02:44.8439790Z Build Date: 2026-08-28T16:44:25Z
2026-09-17T14:02:44.8440441Z Worker ID: {82b63460-019e-4a55-b62b-778f2d2d716d}
2026-09-17T14:02:44.8441215Z Azure Region: westus3
2026-09-17T14:02:44.8441896Z ##[endgroup]
2026-09-17T14:02:44.8443386Z ##[group]Operating System
2026-09-17T14:02:44.8443999Z Microsoft Windows Server 2025
2026-09-17T14:02:44.8445338Z 10.0.26100
2026-09-17T14:02:44.8446151Z Datacenter
2026-09-17T14:02:44.8446949Z ##[endgroup]
2026-09-17T14:02:44.8447760Z ##[group]Runner Image
2026-09-17T14:02:44.8448560Z Image: windows-2025-vs2026
2026-09-17T14:02:44.8449318Z Version: 20260907.229.1
2026-09-17T14:02:44.8451496Z Included Software: https://github.com/actions/runner-images/blob/win25-vs2026/20260907.229/images/windows/Windows2025-VS2026-Readme.md
2026-09-17T14:02:44.8454851Z Image Release: https://github.com/actions/runner-images/releases/tag/win25-vs2026%2F20260907.229
2026-09-17T14:02:44.8455837Z ##[endgroup]
2026-09-17T14:02:44.8456944Z ##[group]GITHUB_TOKEN Permissions
2026-09-17T14:02:44.8458775Z Contents: read
2026-09-17T14:02:44.8459343Z Metadata: read
2026-09-17T14:02:44.8459859Z ##[endgroup]
2026-09-17T14:02:44.8461862Z Secret source: Actions
2026-09-17T14:02:44.8462749Z Cache mode: write
2026-09-17T14:02:44.8463408Z Prepare workflow directory
2026-09-17T14:02:44.8910556Z Prepare all required actions
2026-09-17T14:02:44.8958378Z Getting action download info
2026-09-17T14:02:45.2134322Z Download action repository 'actions/checkout@08c6903cd8c0fde910a37f88322edcfb5dd907a8' (SHA:08c6903cd8c0fde910a37f88322edcfb5dd907a8)
2026-09-17T14:02:45.5102415Z Complete job name: tests (windows-latest)
2026-09-17T14:02:45.6591732Z ##[group]Run actions/checkout@08c6903cd8c0fde910a37f88322edcfb5dd907a8
2026-09-17T14:02:45.6593210Z with:
2026-09-17T14:02:45.6593672Z   persist-credentials: false
2026-09-17T14:02:45.6594204Z   repository: youq616/Zevune
2026-09-17T14:02:45.6598802Z   token: ***
2026-09-17T14:02:45.6599258Z   ssh-strict: true
2026-09-17T14:02:45.6599700Z   ssh-user: git
2026-09-17T14:02:45.6600114Z   clean: true
2026-09-17T14:02:45.6600562Z   sparse-checkout-cone-mode: true
2026-09-17T14:02:45.6601092Z   fetch-depth: 1
2026-09-17T14:02:45.6601531Z   fetch-tags: false
2026-09-17T14:02:45.6601974Z   show-progress: true
2026-09-17T14:02:45.6602429Z   lfs: false
2026-09-17T14:02:45.6602849Z   submodules: false
2026-09-17T14:02:45.6603301Z   set-safe-directory: true
2026-09-17T14:02:45.6604038Z env:
2026-09-17T14:02:45.6604467Z   RAYON_NUM_THREADS: 2
2026-09-17T14:02:45.6604932Z   CARGO_BUILD_JOBS: 2
2026-09-17T14:02:45.6605377Z ##[endgroup]
2026-09-17T14:02:45.8061460Z Syncing repository: youq616/Zevune
2026-09-17T14:02:45.8063305Z ##[group]Getting Git version info
2026-09-17T14:02:45.8063980Z Working directory is 'D:\a\Zevune\Zevune'
2026-09-17T14:02:45.9150000Z [command]"C:\Program Files\Git\bin\git.exe" version
2026-09-17T14:02:46.3309676Z git version 2.55.0.windows.5
2026-09-17T14:02:46.3370003Z ##[endgroup]
2026-09-17T14:02:46.3391794Z Temporarily overriding HOME='D:\a\_temp\203d5d68-c7c2-433f-99c4-38029793045f' before making global git config changes
2026-09-17T14:02:46.3395857Z Adding repository directory to the temporary git global config as a safe directory
2026-09-17T14:02:46.3405003Z [command]"C:\Program Files\Git\bin\git.exe" config --global --add safe.directory D:\a\Zevune\Zevune
2026-09-17T14:02:46.4166203Z Deleting the contents of 'D:\a\Zevune\Zevune'
2026-09-17T14:02:46.4173492Z ##[group]Initializing the repository
2026-09-17T14:02:46.4185467Z [command]"C:\Program Files\Git\bin\git.exe" init D:\a\Zevune\Zevune
2026-09-17T14:02:46.5114762Z Initialized empty Git repository in D:/a/Zevune/Zevune/.git/
2026-09-17T14:02:46.5167552Z [command]"C:\Program Files\Git\bin\git.exe" remote add origin https://github.com/youq616/Zevune
2026-09-17T14:02:46.5861364Z ##[endgroup]
2026-09-17T14:02:46.5863553Z ##[group]Disabling automatic garbage collection
2026-09-17T14:02:46.5872668Z [command]"C:\Program Files\Git\bin\git.exe" config --local gc.auto 0
2026-09-17T14:02:46.6182836Z ##[endgroup]
2026-09-17T14:02:46.6184545Z ##[group]Setting up auth
2026-09-17T14:02:46.6197024Z [command]"C:\Program Files\Git\bin\git.exe" config --local --name-only --get-regexp core\.sshCommand
2026-09-17T14:02:46.6541765Z [command]"C:\Program Files\Git\bin\git.exe" submodule foreach --recursive "sh -c \"git config --local --name-only --get-regexp 'core\.sshCommand' && git config --local --unset-all 'core.sshCommand' || :\""
2026-09-17T14:02:48.2432189Z [command]"C:\Program Files\Git\bin\git.exe" config --local --name-only --get-regexp http\.https\:\/\/github\.com\/\.extraheader
2026-09-17T14:02:48.2754570Z [command]"C:\Program Files\Git\bin\git.exe" submodule foreach --recursive "sh -c \"git config --local --name-only --get-regexp 'http\.https\:\/\/github\.com\/\.extraheader' && git config --local --unset-all 'http.https://github.com/.extraheader' || :\""
2026-09-17T14:02:48.8643104Z [command]"C:\Program Files\Git\bin\git.exe" config --local http.https://github.com/.extraheader "AUTHORIZATION: basic ***"
2026-09-17T14:02:48.8974065Z ##[endgroup]
2026-09-17T14:02:48.8975440Z ##[group]Fetching the repository
2026-09-17T14:02:48.8988308Z [command]"C:\Program Files\Git\bin\git.exe" -c protocol.version=2 fetch --no-tags --prune --no-recurse-submodules --depth=1 origin +066f033f2ca441bdd8533c8e1e4bfe2d3faa84a5:refs/remotes/pull/15/merge
2026-09-17T14:02:51.2105535Z From https://github.com/youq616/Zevune
2026-09-17T14:02:51.2106503Z  * [new ref]         066f033f2ca441bdd8533c8e1e4bfe2d3faa84a5 -> pull/15/merge
2026-09-17T14:02:51.2149175Z ##[endgroup]
2026-09-17T14:02:51.2153993Z ##[group]Determining the checkout info
2026-09-17T14:02:51.2156021Z ##[endgroup]
2026-09-17T14:02:51.2164687Z [command]"C:\Program Files\Git\bin\git.exe" sparse-checkout disable
2026-09-17T14:02:51.2685514Z [command]"C:\Program Files\Git\bin\git.exe" config --local --unset-all extensions.worktreeConfig
2026-09-17T14:02:51.2982832Z ##[group]Checking out the ref
2026-09-17T14:02:51.2996283Z [command]"C:\Program Files\Git\bin\git.exe" checkout --progress --force refs/remotes/pull/15/merge
2026-09-17T14:02:51.6130385Z Note: switching to 'refs/remotes/pull/15/merge'.
2026-09-17T14:02:51.6130894Z 
2026-09-17T14:02:51.6131237Z You are in 'detached HEAD' state. You can look around, make experimental
2026-09-17T14:02:51.6132125Z changes and commit them, and you can discard any commits you make in this
2026-09-17T14:02:51.6132963Z state without impacting any branches by switching back to a branch.
2026-09-17T14:02:51.6133460Z 
2026-09-17T14:02:51.6133860Z If you want to create a new branch to retain commits you create, you may
2026-09-17T14:02:51.6134672Z do so (now or later) by using -c with the switch command. Example:
2026-09-17T14:02:51.6135178Z 
2026-09-17T14:02:51.6135439Z   git switch -c <new-branch-name>
2026-09-17T14:02:51.6135801Z 
2026-09-17T14:02:51.6135962Z Or undo this operation with:
2026-09-17T14:02:51.6136321Z 
2026-09-17T14:02:51.6136490Z   git switch -
2026-09-17T14:02:51.6136806Z 
2026-09-17T14:02:51.6137197Z Turn off this advice by setting config variable advice.detachedHead to false
2026-09-17T14:02:51.6137720Z 
2026-09-17T14:02:51.6138372Z HEAD is now at 066f033 Merge 99ec771c57207167f473d23ffd07b54f15a36abc into 0927af157a3cc35abde14b036bc50a99a793a32b
2026-09-17T14:02:51.6263155Z ##[endgroup]
2026-09-17T14:02:51.6729796Z [command]"C:\Program Files\Git\bin\git.exe" log -1 --format=%H
2026-09-17T14:02:51.7005101Z 066f033f2ca441bdd8533c8e1e4bfe2d3faa84a5
2026-09-17T14:02:51.7044773Z ##[group]Removing auth
2026-09-17T14:02:51.7052903Z [command]"C:\Program Files\Git\bin\git.exe" config --local --name-only --get-regexp core\.sshCommand
2026-09-17T14:02:51.7358171Z [command]"C:\Program Files\Git\bin\git.exe" submodule foreach --recursive "sh -c \"git config --local --name-only --get-regexp 'core\.sshCommand' && git config --local --unset-all 'core.sshCommand' || :\""
2026-09-17T14:02:52.2951010Z [command]"C:\Program Files\Git\bin\git.exe" config --local --name-only --get-regexp http\.https\:\/\/github\.com\/\.extraheader
2026-09-17T14:02:52.3212034Z http.https://github.com/.extraheader
2026-09-17T14:02:52.3254968Z [command]"C:\Program Files\Git\bin\git.exe" config --local --unset-all http.https://github.com/.extraheader
2026-09-17T14:02:52.3556455Z [command]"C:\Program Files\Git\bin\git.exe" submodule foreach --recursive "sh -c \"git config --local --name-only --get-regexp 'http\.https\:\/\/github\.com\/\.extraheader' && git config --local --unset-all 'http.https://github.com/.extraheader' || :\""
2026-09-17T14:02:52.8844550Z ##[endgroup]
2026-09-17T14:02:52.9249065Z ##[group]Run rustup toolchain install 1.98.1 --profile minimal --component rustfmt --component clippy
2026-09-17T14:02:52.9250101Z [36;1mrustup toolchain install 1.98.1 --profile minimal --component rustfmt --component clippy[0m
2026-09-17T14:02:52.9272323Z shell: C:\Program Files\Git\bin\bash.EXE --noprofile --norc -e -o pipefail {0}
2026-09-17T14:02:52.9272731Z env:
2026-09-17T14:02:52.9272910Z   RAYON_NUM_THREADS: 2
2026-09-17T14:02:52.9273113Z   CARGO_BUILD_JOBS: 2
2026-09-17T14:02:52.9273305Z ##[endgroup]
2026-09-17T14:02:53.8413577Z info: syncing channel updates for 1.98.1-x86_64-pc-windows-msvc
2026-09-17T14:02:54.4713116Z info: latest update on 2026-09-03 for version 1.98.1 (48a229cea 2026-09-01)
2026-09-17T14:02:54.4868302Z info: downloading 5 components
2026-09-17T14:03:04.2642605Z 
2026-09-17T14:03:04.2952100Z   1.98.1-x86_64-pc-windows-msvc installed - rustc 1.98.1 (48a229cea 2026-09-01)
2026-09-17T14:03:04.2952461Z 
2026-09-17T14:03:04.3212212Z ##[group]Run rustc --version
2026-09-17T14:03:04.3212564Z [36;1mrustc --version[0m
2026-09-17T14:03:04.3212816Z [36;1mcargo fmt --all -- --check[0m
2026-09-17T14:03:04.3213179Z [36;1mcargo metadata --locked --format-version=1 > /dev/null[0m
2026-09-17T14:03:04.3213606Z [36;1mtest -z "$(git status --porcelain --untracked-files=no)"[0m
2026-09-17T14:03:04.3233175Z shell: C:\Program Files\Git\bin\bash.EXE --noprofile --norc -e -o pipefail {0}
2026-09-17T14:03:04.3233682Z env:
2026-09-17T14:03:04.3233895Z   RAYON_NUM_THREADS: 2
2026-09-17T14:03:04.3234142Z   CARGO_BUILD_JOBS: 2
2026-09-17T14:03:04.3234380Z ##[endgroup]
2026-09-17T14:03:05.0867402Z rustc 1.98.1 (48a229cea 2026-09-01)
2026-09-17T14:03:06.5830092Z Diff in \\?\D:\a\Zevune\Zevune\integration\orchard\src\pool\active\incremental.rs:154:
2026-09-17T14:03:06.5830987Z          }
2026-09-17T14:03:06.5831409Z          let mut appended = 0;
2026-09-17T14:03:06.5832449Z          if let Some(base) = self.segments.last() {
2026-09-17T14:03:06.5840148Z [31m-            let index = self.segments.len().checked_sub(1).ok_or(PoolError::Bounds)?;
2026-09-17T14:03:06.5841073Z [0m[32m+            let index = self
2026-09-17T14:03:06.5841628Z [0m[32m+                .segments
2026-09-17T14:03:06.5842138Z [0m[32m+                .len()
2026-09-17T14:03:06.5842652Z [0m[32m+                .checked_sub(1)
2026-09-17T14:03:06.5843379Z [0m[32m+                .ok_or(PoolError::Bounds)?;
2026-09-17T14:03:06.5844308Z [0m             let next = later.segments.get(index).ok_or(PoolError::Stale)?;
2026-09-17T14:03:06.5845475Z [31m-            let length = next.length.checked_sub(base.length).ok_or(PoolError::Stale)?;
2026-09-17T14:03:06.5846373Z [0m[32m+            let length = next
2026-09-17T14:03:06.5847272Z [0m[32m+                .length
2026-09-17T14:03:06.5847837Z [0m[32m+                .checked_sub(base.length)
2026-09-17T14:03:06.5848561Z [0m[32m+                .ok_or(PoolError::Stale)?;
2026-09-17T14:03:06.5849168Z [0m             if length != 0 {
2026-09-17T14:03:06.5849822Z                  emit_range(&mut consume, &mut appended, index, base.length, length)?;
2026-09-17T14:03:06.5850820Z              }
2026-09-17T14:03:06.6066154Z Diff in \\?\D:\a\Zevune\Zevune\integration\orchard\src\pool\active_flow_tests.rs:135:
2026-09-17T14:03:06.6066856Z      assert_eq!(plan.base_checkpoint(), base_pin);
2026-09-17T14:03:06.6067309Z      assert_eq!(plan.checkpoint(), later_pin);
2026-09-17T14:03:06.6067777Z      assert_eq!(plan.reused_bytes(), base_pin.length());
2026-09-17T14:03:06.6068627Z [31m-    assert_eq!(plan.appended_bytes(), later_pin.length() - base_pin.length());
2026-09-17T14:03:06.6069240Z [0m[32m+    assert_eq!(
2026-09-17T14:03:06.6069619Z [0m[32m+        plan.appended_bytes(),
2026-09-17T14:03:06.6070107Z [0m[32m+        later_pin.length() - base_pin.length()
2026-09-17T14:03:06.6070537Z [0m[32m+    );
2026-09-17T14:03:06.6070827Z [0m     assert_eq!(
2026-09-17T14:03:06.6071133Z          plan.new_segment_count(),
2026-09-17T14:03:06.6071554Z          later_pin.segment_count() - base_pin.segment_count()
2026-09-17T14:03:06.6160215Z Diff in \\?\D:\a\Zevune\Zevune\integration\orchard\src\pool\recovery\active\incremental\tests.rs:311:
2026-09-17T14:03:06.6161995Z              assert_eq!(directory_bytes(changed_path), changed);
2026-09-17T14:03:06.6162661Z              assert_eq!(
2026-09-17T14:03:06.6163236Z                  directory_bytes(if change_base { &later_path } else { &base_path }),
2026-09-17T14:03:06.6164251Z [31m-                if change_base { original_later } else { original_base }
2026-09-17T14:03:06.6164963Z [0m[32m+                if change_base {
2026-09-17T14:03:06.6165861Z [0m[32m+                    original_later
2026-09-17T14:03:06.6166367Z [0m[32m+                } else {
2026-09-17T14:03:06.6166837Z [0m[32m+                    original_base
2026-09-17T14:03:06.6167331Z [0m[32m+                }
2026-09-17T14:03:06.6170581Z [0m             );
2026-09-17T14:03:06.6170961Z          }
2026-09-17T14:03:06.6171232Z      }
2026-09-17T14:03:06.6171896Z Diff in \\?\D:\a\Zevune\Zevune\integration\orchard\src\pool\recovery\active\incremental\tests.rs:425:
2026-09-17T14:03:06.6172989Z              assert_eq!(base.incremental_plan(&mut later), Err(PoolError::Corrupt));
2026-09-17T14:03:06.6173762Z              assert_eq!(directory_bytes(&base_path), base_bytes);
2026-09-17T14:03:06.6174410Z              assert_eq!(directory_bytes(&later_path), later_bytes);
2026-09-17T14:03:06.6175532Z [31m-            assert_eq!(fs::read(alias).unwrap(), fs::read(path.join(SEGMENT)).unwrap());
2026-09-17T14:03:06.6176315Z [0m[32m+            assert_eq!(
2026-09-17T14:03:06.6176910Z [0m[32m+                fs::read(alias).unwrap(),
2026-09-17T14:03:06.6177633Z [0m[32m+                fs::read(path.join(SEGMENT)).unwrap()
2026-09-17T14:03:06.6178204Z [0m[32m+            );
2026-09-17T14:03:06.6178583Z [0m         }
2026-09-17T14:03:06.6178869Z      }
2026-09-17T14:03:06.6179135Z  }
2026-09-17T14:03:06.7399600Z Diff in \\?\D:\a\Zevune\Zevune\integration\orchard\tests\active_incremental_cli.rs:24:
2026-09-17T14:03:06.7400590Z      fn new() -> Self {
2026-09-17T14:03:06.7401037Z          let mut nonce = [0; 16];
2026-09-17T14:03:06.7401557Z          OsRng.fill_bytes(&mut nonce);
2026-09-17T14:03:06.7403087Z [31m-        let path = std::env::temp_dir().join(format!("zevune-active-incremental-cli-{}", hex(&nonce)));
2026-09-17T14:03:06.7404101Z [0m[32m+        let path =
2026-09-17T14:03:06.7405123Z [0m[32m+            std::env::temp_dir().join(format!("zevune-active-incremental-cli-{}", hex(&nonce)));
2026-09-17T14:03:06.7406193Z [0m         fs::create_dir(&path).unwrap();
2026-09-17T14:03:06.7406704Z          Self(path)
2026-09-17T14:03:06.7407060Z      }
2026-09-17T14:03:06.7407679Z Diff in \\?\D:\a\Zevune\Zevune\integration\orchard\tests\active_incremental_cli.rs:161:
2026-09-17T14:03:06.7408466Z      );
2026-09-17T14:03:06.7408833Z      assert!(output.stderr.is_empty());
2026-09-17T14:03:06.7409387Z      assert!(output.stdout.is_ascii());
2026-09-17T14:03:06.7410490Z [31m-    assert_eq!(output.stdout.iter().filter(|&&byte| byte == b'\n').count(), 1);
2026-09-17T14:03:06.7411529Z [0m[32m+    assert_eq!(
2026-09-17T14:03:06.7412173Z [0m[32m+        output.stdout.iter().filter(|&&byte| byte == b'\n').count(),
2026-09-17T14:03:06.7412824Z [0m[32m+        1
2026-09-17T14:03:06.7413174Z [0m[32m+    );
2026-09-17T14:03:06.7413661Z [0m     assert_eq!(output.stdout, expected.as_bytes());
2026-09-17T14:03:06.7414188Z  }
2026-09-17T14:03:06.7414450Z  
2026-09-17T14:03:06.7414965Z Diff in \\?\D:\a\Zevune\Zevune\integration\orchard\tests\active_incremental_cli.rs:304:
2026-09-17T14:03:06.7415712Z      assert!(alice.pending_id().is_none());
2026-09-17T14:03:06.7416178Z      drop(history);
2026-09-17T14:03:06.7416513Z      let second = bob
2026-09-17T14:03:06.7417311Z [31m-        .build_payment(carol.receive_address(0).unwrap(), 40_000, 1_000, 100, &prover)
2026-09-17T14:03:06.7418129Z [0m[32m+        .build_payment(
2026-09-17T14:03:06.7418683Z [0m[32m+            carol.receive_address(0).unwrap(),
2026-09-17T14:03:06.7419238Z [0m[32m+            40_000,
2026-09-17T14:03:06.7419656Z [0m[32m+            1_000,
2026-09-17T14:03:06.7420230Z [0m[32m+            100,
2026-09-17T14:03:06.7420631Z [0m[32m+            &prover,
2026-09-17T14:03:06.7421066Z [0m[32m+        )
2026-09-17T14:03:06.7421443Z [0m         .unwrap()
2026-09-17T14:03:06.7421771Z          .bytes()
2026-09-17T14:03:06.7422044Z          .to_vec();
2026-09-17T14:03:06.7422588Z Diff in \\?\D:\a\Zevune\Zevune\integration\orchard\tests\active_incremental_cli.rs:373:
2026-09-17T14:03:06.7423325Z          Err(PoolError::Authorization)
2026-09-17T14:03:06.7423731Z      ));
2026-09-17T14:03:06.7423994Z      failure(
2026-09-17T14:03:06.7425738Z [31m-        &call_readonly(&plan_args(&source, base_pin, &forged_path, forged_pin), &dir),
2026-09-17T14:03:06.7426609Z [0m[32m+        &call_readonly(
2026-09-17T14:03:06.7427256Z [0m[32m+            &plan_args(&source, base_pin, &forged_path, forged_pin),
2026-09-17T14:03:06.7427909Z [0m[32m+            &dir,
2026-09-17T14:03:06.7428308Z [0m[32m+        ),
2026-09-17T14:03:06.7428660Z [0m         &dir,
2026-09-17T14:03:06.7428952Z      );
2026-09-17T14:03:06.7429300Z      success(&call_readonly(&args, &dir), &expected);
2026-09-17T14:03:06.7430422Z Diff in \\?\D:\a\Zevune\Zevune\integration\orchard\tests\active_incremental_cli.rs:526:
2026-09-17T14:03:06.7431115Z          drop(right);
2026-09-17T14:03:06.7431441Z          drop(left);
2026-09-17T14:03:06.7431747Z          failure(
2026-09-17T14:03:06.7432564Z [31m-            &call_readonly(&plan_args(&base.path, base.pin, &later.path, later.pin), &f.dir),
2026-09-17T14:03:06.7433399Z [0m[32m+            &call_readonly(
2026-09-17T14:03:06.7434119Z [0m[32m+                &plan_args(&base.path, base.pin, &later.path, later.pin),
2026-09-17T14:03:06.7434818Z [0m[32m+                &f.dir,
2026-09-17T14:03:06.7435258Z [0m[32m+            ),
2026-09-17T14:03:06.7435649Z [0m             &f.dir,
2026-09-17T14:03:06.7435987Z          );
2026-09-17T14:03:06.7436262Z      }
2026-09-17T14:03:06.7436806Z Diff in \\?\D:\a\Zevune\Zevune\integration\orchard\tests\active_incremental_cli.rs:543:
2026-09-17T14:03:06.7437796Z  fn active_incremental_cli_wrong_pins_missing_and_damaged_bytes_fail_on_either_side() {
2026-09-17T14:03:06.7438548Z      let f = fixture(1, 3);
2026-09-17T14:03:06.7439134Z      let args = plan_args(&f.base.path, f.base.pin, &f.later.path, f.later.pin);
2026-09-17T14:03:06.7440213Z [31m-    for (key, pin) in [("--base-checkpoint", f.later.pin), ("--checkpoint", f.base.pin)] {
2026-09-17T14:03:06.7441039Z [0m[32m+    for (key, pin) in [
2026-09-17T14:03:06.7441606Z [0m[32m+        ("--base-checkpoint", f.later.pin),
2026-09-17T14:03:06.7442234Z [0m[32m+        ("--checkpoint", f.base.pin),
2026-09-17T14:03:06.7442742Z [0m[32m+    ] {
2026-09-17T14:03:06.7443172Z [0m         let mut wrong_pin = args.clone();
2026-09-17T14:03:06.7443738Z          set_option(&mut wrong_pin, key, hex(&pin.to_bytes()));
2026-09-17T14:03:06.7445395Z          failure(&call_readonly(&wrong_pin, &f.dir), &f.dir);
2026-09-17T14:03:06.8319824Z ##[error]Process completed with exit code 1.
2026-09-17T14:03:06.8591086Z Post job cleanup.
2026-09-17T14:03:07.0500248Z [command]"C:\Program Files\Git\bin\git.exe" version
2026-09-17T14:03:07.0775336Z git version 2.55.0.windows.5
2026-09-17T14:03:07.0848704Z Temporarily overriding HOME='D:\a\_temp\83ddc0bc-0fb7-4919-a6b6-22ee8753485a' before making global git config changes
2026-09-17T14:03:07.0849821Z Adding repository directory to the temporary git global config as a safe directory
2026-09-17T14:03:07.0859608Z [command]"C:\Program Files\Git\bin\git.exe" config --global --add safe.directory D:\a\Zevune\Zevune
2026-09-17T14:03:07.1173479Z [command]"C:\Program Files\Git\bin\git.exe" config --local --name-only --get-regexp core\.sshCommand
2026-09-17T14:03:07.1475629Z [command]"C:\Program Files\Git\bin\git.exe" submodule foreach --recursive "sh -c \"git config --local --name-only --get-regexp 'core\.sshCommand' && git config --local --unset-all 'core.sshCommand' || :\""
2026-09-17T14:03:07.7010938Z [command]"C:\Program Files\Git\bin\git.exe" config --local --name-only --get-regexp http\.https\:\/\/github\.com\/\.extraheader
2026-09-17T14:03:07.7306685Z [command]"C:\Program Files\Git\bin\git.exe" submodule foreach --recursive "sh -c \"git config --local --name-only --get-regexp 'http\.https\:\/\/github\.com\/\.extraheader' && git config --local --unset-all 'http.https://github.com/.extraheader' || :\""
2026-09-17T14:03:08.2818825Z Cleaning up orphan processes
