2026-09-17T14:03:30.3768026Z Current runner version: '2.337.0'
2026-09-17T14:03:30.3794098Z ##[group]Runner Image Provisioner
2026-09-17T14:03:30.3794991Z Hosted Compute Agent
2026-09-17T14:03:30.3795776Z Version: 20260828.587
2026-09-17T14:03:30.3796483Z Commit: abac92662cab4cc7352de4f9f9d2e2419aad9c29
2026-09-17T14:03:30.3797217Z Build Date: 2026-08-28T16:44:25Z
2026-09-17T14:03:30.3797997Z Worker ID: {ac745d52-d73b-4aa3-80cf-05c15344c9d6}
2026-09-17T14:03:30.3799055Z Azure Region: centralus
2026-09-17T14:03:30.3799893Z ##[endgroup]
2026-09-17T14:03:30.3801544Z ##[group]Operating System
2026-09-17T14:03:30.3802371Z Ubuntu
2026-09-17T14:03:30.3803102Z 24.04.5
2026-09-17T14:03:30.3803743Z LTS
2026-09-17T14:03:30.3804270Z ##[endgroup]
2026-09-17T14:03:30.3805029Z ##[group]Runner Image
2026-09-17T14:03:30.3805648Z Image: ubuntu-24.04
2026-09-17T14:03:30.3806295Z Version: 20260907.300.1
2026-09-17T14:03:30.3807612Z Included Software: https://github.com/actions/runner-images/blob/ubuntu24/20260907.300/images/ubuntu/Ubuntu2404-Readme.md
2026-09-17T14:03:30.3809282Z Image Release: https://github.com/actions/runner-images/releases/tag/ubuntu24%2F20260907.300
2026-09-17T14:03:30.3810279Z ##[endgroup]
2026-09-17T14:03:30.3811481Z ##[group]GITHUB_TOKEN Permissions
2026-09-17T14:03:30.3813901Z Contents: read
2026-09-17T14:03:30.3814648Z Metadata: read
2026-09-17T14:03:30.3815242Z ##[endgroup]
2026-09-17T14:03:30.3817627Z Secret source: Actions
2026-09-17T14:03:30.3818755Z Cache mode: write
2026-09-17T14:03:30.3819695Z Prepare workflow directory
2026-09-17T14:03:30.4239417Z Prepare all required actions
2026-09-17T14:03:30.4289380Z Getting action download info
2026-09-17T14:03:30.7880284Z Download action repository 'actions/checkout@08c6903cd8c0fde910a37f88322edcfb5dd907a8' (SHA:08c6903cd8c0fde910a37f88322edcfb5dd907a8)
2026-09-17T14:03:30.8967060Z Download action repository 'actions/setup-go@44694675825211faa026b3c33043df3e48a5fa00' (SHA:44694675825211faa026b3c33043df3e48a5fa00)
2026-09-17T14:03:31.4227465Z Download action repository 'actions/upload-artifact@ea165f8d65b6e75b540449e92b4886f43607fa02' (SHA:ea165f8d65b6e75b540449e92b4886f43607fa02)
2026-09-17T14:03:31.6299141Z Complete job name: operator (ubuntu-latest)
2026-09-17T14:03:31.7195178Z ##[group]Run actions/checkout@08c6903cd8c0fde910a37f88322edcfb5dd907a8
2026-09-17T14:03:31.7196326Z with:
2026-09-17T14:03:31.7196824Z   persist-credentials: false
2026-09-17T14:03:31.7197458Z   repository: youq616/Zevune
2026-09-17T14:03:31.7201716Z   token: ***
2026-09-17T14:03:31.7202442Z   ssh-strict: true
2026-09-17T14:03:31.7202933Z   ssh-user: git
2026-09-17T14:03:31.7203420Z   clean: true
2026-09-17T14:03:31.7203913Z   sparse-checkout-cone-mode: true
2026-09-17T14:03:31.7204489Z   fetch-depth: 1
2026-09-17T14:03:31.7205001Z   fetch-tags: false
2026-09-17T14:03:31.7205494Z   show-progress: true
2026-09-17T14:03:31.7205991Z   lfs: false
2026-09-17T14:03:31.7206458Z   submodules: false
2026-09-17T14:03:31.7206950Z   set-safe-directory: true
2026-09-17T14:03:31.7207703Z env:
2026-09-17T14:03:31.7208149Z   RAYON_NUM_THREADS: 2
2026-09-17T14:03:31.7208678Z   CARGO_BUILD_JOBS: 2
2026-09-17T14:03:31.7209168Z ##[endgroup]
2026-09-17T14:03:31.8267433Z Syncing repository: youq616/Zevune
2026-09-17T14:03:31.8270138Z ##[group]Getting Git version info
2026-09-17T14:03:31.8271330Z Working directory is '/home/runner/work/Zevune/Zevune'
2026-09-17T14:03:31.8273362Z [command]/usr/bin/git version
2026-09-17T14:03:31.8291619Z git version 2.55.0
2026-09-17T14:03:31.8312639Z ##[endgroup]
2026-09-17T14:03:31.8327581Z Temporarily overriding HOME='/home/runner/work/_temp/7497a443-4440-4cf1-8489-eb3cf4b9ae35' before making global git config changes
2026-09-17T14:03:31.8330179Z Adding repository directory to the temporary git global config as a safe directory
2026-09-17T14:03:31.8332786Z [command]/usr/bin/git config --global --add safe.directory /home/runner/work/Zevune/Zevune
2026-09-17T14:03:31.8380675Z Deleting the contents of '/home/runner/work/Zevune/Zevune'
2026-09-17T14:03:31.8385106Z ##[group]Initializing the repository
2026-09-17T14:03:31.8389497Z [command]/usr/bin/git init /home/runner/work/Zevune/Zevune
2026-09-17T14:03:31.8479678Z hint: Using 'master' as the name for the initial branch. This default branch name
2026-09-17T14:03:31.8482228Z hint: will change to "main" in Git 3.0. To configure the initial branch name
2026-09-17T14:03:31.8483657Z hint: to use in all of your new repositories, which will suppress this warning,
2026-09-17T14:03:31.8484731Z hint: call:
2026-09-17T14:03:31.8485542Z hint:
2026-09-17T14:03:31.8486431Z hint: 	git config --global init.defaultBranch <name>
2026-09-17T14:03:31.8487356Z hint:
2026-09-17T14:03:31.8488462Z hint: Names commonly chosen instead of 'master' are 'main', 'trunk' and
2026-09-17T14:03:31.8489762Z hint: 'development'. The just-created branch can be renamed via this command:
2026-09-17T14:03:31.8490840Z hint:
2026-09-17T14:03:31.8491934Z hint: 	git branch -m <name>
2026-09-17T14:03:31.8492796Z hint:
2026-09-17T14:03:31.8493948Z hint: Disable this message with "git config set advice.defaultBranchName false"
2026-09-17T14:03:31.8495396Z Initialized empty Git repository in /home/runner/work/Zevune/Zevune/.git/
2026-09-17T14:03:31.8498145Z [command]/usr/bin/git remote add origin https://github.com/youq616/Zevune
2026-09-17T14:03:31.8539656Z ##[endgroup]
2026-09-17T14:03:31.8540539Z ##[group]Disabling automatic garbage collection
2026-09-17T14:03:31.8542731Z [command]/usr/bin/git config --local gc.auto 0
2026-09-17T14:03:31.8577474Z ##[endgroup]
2026-09-17T14:03:31.8579016Z ##[group]Setting up auth
2026-09-17T14:03:31.8583602Z [command]/usr/bin/git config --local --name-only --get-regexp core\.sshCommand
2026-09-17T14:03:31.8620277Z [command]/usr/bin/git submodule foreach --recursive sh -c "git config --local --name-only --get-regexp 'core\.sshCommand' && git config --local --unset-all 'core.sshCommand' || :"
2026-09-17T14:03:31.8968367Z [command]/usr/bin/git config --local --name-only --get-regexp http\.https\:\/\/github\.com\/\.extraheader
2026-09-17T14:03:31.9012264Z [command]/usr/bin/git submodule foreach --recursive sh -c "git config --local --name-only --get-regexp 'http\.https\:\/\/github\.com\/\.extraheader' && git config --local --unset-all 'http.https://github.com/.extraheader' || :"
2026-09-17T14:03:31.9279550Z [command]/usr/bin/git config --local http.https://github.com/.extraheader AUTHORIZATION: basic ***
2026-09-17T14:03:31.9324054Z ##[endgroup]
2026-09-17T14:03:31.9324915Z ##[group]Fetching the repository
2026-09-17T14:03:31.9333638Z [command]/usr/bin/git -c protocol.version=2 fetch --no-tags --prune --no-recurse-submodules --depth=1 origin +066f033f2ca441bdd8533c8e1e4bfe2d3faa84a5:refs/remotes/pull/15/merge
2026-09-17T14:03:33.3946189Z From https://github.com/youq616/Zevune
2026-09-17T14:03:33.3948816Z  * [new ref]         066f033f2ca441bdd8533c8e1e4bfe2d3faa84a5 -> pull/15/merge
2026-09-17T14:03:33.3952114Z ##[endgroup]
2026-09-17T14:03:33.3954946Z ##[group]Determining the checkout info
2026-09-17T14:03:33.3955924Z ##[endgroup]
2026-09-17T14:03:33.3961629Z [command]/usr/bin/git sparse-checkout disable
2026-09-17T14:03:33.4016176Z [command]/usr/bin/git config --local --unset-all extensions.worktreeConfig
2026-09-17T14:03:33.4051683Z ##[group]Checking out the ref
2026-09-17T14:03:33.4057391Z [command]/usr/bin/git checkout --progress --force refs/remotes/pull/15/merge
2026-09-17T14:03:33.4963924Z Note: switching to 'refs/remotes/pull/15/merge'.
2026-09-17T14:03:33.4964397Z 
2026-09-17T14:03:33.4964690Z You are in 'detached HEAD' state. You can look around, make experimental
2026-09-17T14:03:33.4965305Z changes and commit them, and you can discard any commits you make in this
2026-09-17T14:03:33.4965892Z state without impacting any branches by switching back to a branch.
2026-09-17T14:03:33.4966261Z 
2026-09-17T14:03:33.4966574Z If you want to create a new branch to retain commits you create, you may
2026-09-17T14:03:33.4967131Z do so (now or later) by using -c with the switch command. Example:
2026-09-17T14:03:33.4967443Z 
2026-09-17T14:03:33.4967604Z   git switch -c <new-branch-name>
2026-09-17T14:03:33.4968313Z 
2026-09-17T14:03:33.4968471Z Or undo this operation with:
2026-09-17T14:03:33.4968694Z 
2026-09-17T14:03:33.4968834Z   git switch -
2026-09-17T14:03:33.4969058Z 
2026-09-17T14:03:33.4969342Z Turn off this advice by setting config variable advice.detachedHead to false
2026-09-17T14:03:33.4969703Z 
2026-09-17T14:03:33.4970116Z HEAD is now at 066f033 Merge 99ec771c57207167f473d23ffd07b54f15a36abc into 0927af157a3cc35abde14b036bc50a99a793a32b
2026-09-17T14:03:33.4979775Z ##[endgroup]
2026-09-17T14:03:33.5036500Z [command]/usr/bin/git log -1 --format=%H
2026-09-17T14:03:33.5065659Z 066f033f2ca441bdd8533c8e1e4bfe2d3faa84a5
2026-09-17T14:03:33.5075151Z ##[group]Removing auth
2026-09-17T14:03:33.5078621Z [command]/usr/bin/git config --local --name-only --get-regexp core\.sshCommand
2026-09-17T14:03:33.5113509Z [command]/usr/bin/git submodule foreach --recursive sh -c "git config --local --name-only --get-regexp 'core\.sshCommand' && git config --local --unset-all 'core.sshCommand' || :"
2026-09-17T14:03:33.5354544Z [command]/usr/bin/git config --local --name-only --get-regexp http\.https\:\/\/github\.com\/\.extraheader
2026-09-17T14:03:33.5386546Z http.https://github.com/.extraheader
2026-09-17T14:03:33.5395053Z [command]/usr/bin/git config --local --unset-all http.https://github.com/.extraheader
2026-09-17T14:03:33.5432025Z [command]/usr/bin/git submodule foreach --recursive sh -c "git config --local --name-only --get-regexp 'http\.https\:\/\/github\.com\/\.extraheader' && git config --local --unset-all 'http.https://github.com/.extraheader' || :"
2026-09-17T14:03:33.5663979Z ##[endgroup]
2026-09-17T14:03:33.5938040Z Node 20 is being deprecated. This workflow is running with Node 24 by default. If you need to temporarily use Node 20, you can set the ACTIONS_ALLOW_USE_UNSECURE_NODE_VERSION=true environment variable. For more information see: https://github.blog/changelog/2025-09-19-deprecation-of-node-20-on-github-actions-runners/
2026-09-17T14:03:33.5940065Z ##[group]Run actions/setup-go@44694675825211faa026b3c33043df3e48a5fa00
2026-09-17T14:03:33.5940587Z with:
2026-09-17T14:03:33.5940889Z   go-version: 1.27.1
2026-09-17T14:03:33.5941281Z   cache-dependency-path: integration/cometbft/go.sum
2026-09-17T14:03:33.5941724Z   check-latest: false
2026-09-17T14:03:33.5944973Z   token: ***
2026-09-17T14:03:33.5945280Z   cache: true
2026-09-17T14:03:33.5945575Z env:
2026-09-17T14:03:33.5945865Z   RAYON_NUM_THREADS: 2
2026-09-17T14:03:33.5946201Z   CARGO_BUILD_JOBS: 2
2026-09-17T14:03:33.5946517Z ##[endgroup]
2026-09-17T14:03:33.7357272Z Setup go version spec 1.27.1
2026-09-17T14:03:33.7378785Z Attempting to download 1.27.1...
2026-09-17T14:03:33.7489777Z (node:2274) [DEP0040] DeprecationWarning: The `punycode` module is deprecated. Please use a userland alternative instead.
2026-09-17T14:03:33.7491202Z (Use `node --trace-deprecation ...` to show where the warning was created)
2026-09-17T14:03:34.5953703Z matching 1.27.1...
2026-09-17T14:03:34.5977064Z Acquiring 1.27.1 from https://github.com/actions/go-versions/releases/download/1.27.1-33583469715/go-1.27.1-linux-x64.tar.gz
2026-09-17T14:03:35.2742704Z Extracting Go...
2026-09-17T14:03:35.2933463Z [command]/usr/bin/tar xz --warning=no-unknown-keyword --overwrite -C /home/runner/work/_temp/0ccc248d-25bb-4ce7-a3ad-773cb9185040 -f /home/runner/work/_temp/f205dab8-8919-4f63-a0d6-52b66d1b94f2
2026-09-17T14:03:37.1312752Z Successfully extracted go to /home/runner/work/_temp/0ccc248d-25bb-4ce7-a3ad-773cb9185040
2026-09-17T14:03:37.1313367Z Adding to the cache ...
2026-09-17T14:03:43.2057790Z Successfully cached go to /opt/hostedtoolcache/go/1.27.1/x64
2026-09-17T14:03:43.2060622Z Added go to the path
2026-09-17T14:03:43.2063251Z Successfully set up Go version 1.27.1
2026-09-17T14:03:43.2289343Z [command]/opt/hostedtoolcache/go/1.27.1/x64/bin/go env GOMODCACHE
2026-09-17T14:03:43.2332733Z [command]/opt/hostedtoolcache/go/1.27.1/x64/bin/go env GOCACHE
2026-09-17T14:03:43.2377668Z /home/runner/go/pkg/mod
2026-09-17T14:03:43.2397283Z /home/runner/.cache/go-build
2026-09-17T14:03:43.3847537Z Cache hit for: setup-go-Linux-x64-ubuntu24-go-1.27.1-ef6b0fbca0a8d0b6206b16c85f11c4a6c772908ae2660ca86a6b7ee95979c938
2026-09-17T14:03:43.3959725Z (node:2274) [DEP0169] DeprecationWarning: `url.parse()` behavior is not standardized and prone to errors that have security implications. Use the WHATWG URL API instead. CVEs are not issued for `url.parse()` vulnerabilities.
2026-09-17T14:03:44.5991990Z Received 100663296 of 484452015 (20.8%), 96.0 MBs/sec
2026-09-17T14:03:45.5998457Z Received 268435456 of 484452015 (55.4%), 127.9 MBs/sec
2026-09-17T14:03:46.6009838Z Received 402653184 of 484452015 (83.1%), 127.9 MBs/sec
2026-09-17T14:03:47.0980804Z Received 484452015 of 484452015 (100.0%), 132.0 MBs/sec
2026-09-17T14:03:47.0981497Z Cache Size: ~462 MB (484452015 B)
2026-09-17T14:03:47.1016014Z [command]/usr/bin/tar -xf /home/runner/work/_temp/f33aadcd-4f67-4bb8-bece-dc5fc30e10f4/cache.tzst -P -C /home/runner/work/Zevune/Zevune --use-compress-program unzstd
2026-09-17T14:03:49.8072741Z Cache restored successfully
2026-09-17T14:03:49.8352065Z Cache restored from key: setup-go-Linux-x64-ubuntu24-go-1.27.1-ef6b0fbca0a8d0b6206b16c85f11c4a6c772908ae2660ca86a6b7ee95979c938
2026-09-17T14:03:49.8379115Z go version go1.27.1 linux/amd64
2026-09-17T14:03:49.8379334Z 
2026-09-17T14:03:49.8379653Z ##[group]go env
2026-09-17T14:03:49.8544916Z AR='ar'
2026-09-17T14:03:49.8545260Z CC='gcc'
2026-09-17T14:03:49.8545618Z CGO_CFLAGS='-O2 -g'
2026-09-17T14:03:49.8546000Z CGO_CPPFLAGS=''
2026-09-17T14:03:49.8546387Z CGO_CXXFLAGS='-O2 -g'
2026-09-17T14:03:49.8546755Z CGO_ENABLED='1'
2026-09-17T14:03:49.8547433Z CGO_FFLAGS='-O2 -g'
2026-09-17T14:03:49.8547795Z CGO_LDFLAGS='-O2 -g'
2026-09-17T14:03:49.8548141Z CXX='g++'
2026-09-17T14:03:49.8548455Z GCCGO='gccgo'
2026-09-17T14:03:49.8548808Z GO111MODULE=''
2026-09-17T14:03:49.8549140Z GOAMD64='v1'
2026-09-17T14:03:49.8549462Z GOARCH='amd64'
2026-09-17T14:03:49.8549785Z GOAUTH='netrc'
2026-09-17T14:03:49.8550145Z GOBIN='/home/runner/go/bin'
2026-09-17T14:03:49.8550607Z GOCACHE='/home/runner/.cache/go-build'
2026-09-17T14:03:49.8551088Z GOCACHEPROG=''
2026-09-17T14:03:49.8551414Z GODEBUG=''
2026-09-17T14:03:49.8551902Z GOENV='/home/runner/.config/go/env'
2026-09-17T14:03:49.8552337Z GOEXE=''
2026-09-17T14:03:49.8552659Z GOEXPERIMENT=''
2026-09-17T14:03:49.8553001Z GOFIPS140='off'
2026-09-17T14:03:49.8553331Z GOFLAGS=''
2026-09-17T14:03:49.8554440Z GOGCCFLAGS='-fPIC -m64 -pthread -Wl,--no-gc-sections -fmessage-length=0 -ffile-prefix-map=/tmp/go-build4220066420=/tmp/go-build -gno-record-gcc-switches'
2026-09-17T14:03:49.8555605Z GOHOSTARCH='amd64'
2026-09-17T14:03:49.8555972Z GOHOSTOS='linux'
2026-09-17T14:03:49.8556333Z GOINSECURE=''
2026-09-17T14:03:49.8556782Z GOMOD='/home/runner/work/Zevune/Zevune/go.mod'
2026-09-17T14:03:49.8557336Z GOMODCACHE='/home/runner/go/pkg/mod'
2026-09-17T14:03:49.8557781Z GONOPROXY=''
2026-09-17T14:03:49.8558107Z GONOSUMDB=''
2026-09-17T14:03:49.8558427Z GOOS='linux'
2026-09-17T14:03:49.8558779Z GOPACKAGESDRIVER=''
2026-09-17T14:03:49.8559157Z GOPATH='/home/runner/go'
2026-09-17T14:03:49.8559555Z GOPRIVATE=''
2026-09-17T14:03:49.8559988Z GOPROXY='https://proxy.golang.org,direct'
2026-09-17T14:03:49.8560584Z GOROOT='/opt/hostedtoolcache/go/1.27.1/x64'
2026-09-17T14:03:49.8561087Z GOSUMDB='sum.golang.org'
2026-09-17T14:03:49.8561475Z GOTELEMETRY='local'
2026-09-17T14:03:49.8562096Z GOTELEMETRYDIR='/home/runner/.config/go/telemetry'
2026-09-17T14:03:49.8562616Z GOTMPDIR=''
2026-09-17T14:03:49.8563002Z GOTOOLCHAIN='local'
2026-09-17T14:03:49.8563543Z GOTOOLDIR='/opt/hostedtoolcache/go/1.27.1/x64/pkg/tool/linux_amd64'
2026-09-17T14:03:49.8564159Z GOVCS=''
2026-09-17T14:03:49.8564523Z GOVERSION='go1.27.1'
2026-09-17T14:03:49.8564884Z GOWORK=''
2026-09-17T14:03:49.8565220Z PKG_CONFIG='pkg-config'
2026-09-17T14:03:49.8565465Z 
2026-09-17T14:03:49.8565936Z ##[endgroup]
2026-09-17T14:03:49.8824897Z ##[group]Run rustup toolchain install 1.98.1 --profile minimal --component rustfmt --component clippy
2026-09-17T14:03:49.8825804Z [36;1mrustup toolchain install 1.98.1 --profile minimal --component rustfmt --component clippy[0m
2026-09-17T14:03:49.8875452Z shell: /usr/bin/bash --noprofile --norc -e -o pipefail {0}
2026-09-17T14:03:49.8875822Z env:
2026-09-17T14:03:49.8876035Z   RAYON_NUM_THREADS: 2
2026-09-17T14:03:49.8876271Z   CARGO_BUILD_JOBS: 2
2026-09-17T14:03:49.8876498Z   GOTOOLCHAIN: local
2026-09-17T14:03:49.8876724Z ##[endgroup]
2026-09-17T14:03:49.9486430Z info: syncing channel updates for 1.98.1-x86_64-unknown-linux-gnu
2026-09-17T14:03:50.5061308Z info: latest update on 2026-09-03 for version 1.98.1 (48a229cea 2026-09-01)
2026-09-17T14:03:50.5062198Z info: downloading 5 components
2026-09-17T14:03:59.0422938Z 
2026-09-17T14:03:59.0499188Z   1.98.1-x86_64-unknown-linux-gnu installed - rustc 1.98.1 (48a229cea 2026-09-01)
2026-09-17T14:03:59.0499584Z 
2026-09-17T14:03:59.0585734Z ##[group]Run test -z "$(gofmt -l integration/cometbft/labnet integration/cometbft/cmd/zevune-network)"
2026-09-17T14:03:59.0586492Z [36;1mtest -z "$(gofmt -l integration/cometbft/labnet integration/cometbft/cmd/zevune-network)"[0m
2026-09-17T14:03:59.0587032Z [36;1mpython -m unittest discover -s scripts/tests -v[0m
2026-09-17T14:03:59.0587386Z [36;1mcd integration/orchard[0m
2026-09-17T14:03:59.0587668Z [36;1mcargo fmt --all -- --check[0m
2026-09-17T14:03:59.0588061Z [36;1mcargo build --locked --release --features local-funding-lab --bins[0m
2026-09-17T14:03:59.0588462Z [36;1mgit diff --exit-code[0m
2026-09-17T14:03:59.0628934Z shell: /usr/bin/bash --noprofile --norc -e -o pipefail {0}
2026-09-17T14:03:59.0629292Z env:
2026-09-17T14:03:59.0629506Z   RAYON_NUM_THREADS: 2
2026-09-17T14:03:59.0629745Z   CARGO_BUILD_JOBS: 2
2026-09-17T14:03:59.0629981Z   GOTOOLCHAIN: local
2026-09-17T14:03:59.0630211Z ##[endgroup]
2026-09-17T14:03:59.2798662Z test_duplicate_archive_path_rejected (test_crate_notices.CrateNoticeTests.test_duplicate_archive_path_rejected) ... ok
2026-09-17T14:03:59.2822796Z test_inventory_is_create_only (test_crate_notices.CrateNoticeTests.test_inventory_is_create_only) ... ok
2026-09-17T14:03:59.2831014Z test_lock_rejects_path_identities_and_duplicates (test_crate_notices.CrateNoticeTests.test_lock_rejects_path_identities_and_duplicates) ... ok
2026-09-17T14:03:59.2838685Z test_member_and_expanded_byte_limits (test_crate_notices.CrateNoticeTests.test_member_and_expanded_byte_limits) ... ok
2026-09-17T14:03:59.2850332Z test_missing_notices_is_not_distribution_approval (test_crate_notices.CrateNoticeTests.test_missing_notices_is_not_distribution_approval) ... ok
2026-09-17T14:03:59.2857636Z test_pinned_archive_collects_notices_not_source (test_crate_notices.CrateNoticeTests.test_pinned_archive_collects_notices_not_source) ... ok
2026-09-17T14:03:59.2859505Z test_registry_checksum_required_and_workspace_separate (test_crate_notices.CrateNoticeTests.test_registry_checksum_required_and_workspace_separate) ... ok
2026-09-17T14:03:59.2884164Z test_traversal_foreign_root_and_symlink_rejected (test_crate_notices.CrateNoticeTests.test_traversal_foreign_root_and_symlink_rejected) ... ok
2026-09-17T14:03:59.2888914Z test_wrong_archive_checksum_fails_before_parsing (test_crate_notices.CrateNoticeTests.test_wrong_archive_checksum_fails_before_parsing) ... ok
2026-09-17T14:03:59.2895431Z test_command_failure_stops_cohort_and_never_reports_completion (test_funded_rust.FundedRustPlanTests.test_command_failure_stops_cohort_and_never_reports_completion) ... ok
2026-09-17T14:03:59.2900501Z test_commands_keep_flags_and_never_filter_test_names (test_funded_rust.FundedRustPlanTests.test_commands_keep_flags_and_never_filter_test_names) ... ok
2026-09-17T14:03:59.2905110Z test_empty_or_incomplete_inventory_fails (test_funded_rust.FundedRustPlanTests.test_empty_or_incomplete_inventory_fails) ... ok
2026-09-17T14:03:59.2907027Z test_future_binary_and_integration_targets_join_automatically (test_funded_rust.FundedRustPlanTests.test_future_binary_and_integration_targets_join_automatically) ... ok
2026-09-17T14:03:59.2915744Z test_invalid_names_and_duplicate_targets_fail (test_funded_rust.FundedRustPlanTests.test_invalid_names_and_duplicate_targets_fail) ... ok
2026-09-17T14:03:59.2922487Z test_metadata_failure_is_a_nonzero_exit (test_funded_rust.FundedRustPlanTests.test_metadata_failure_is_a_nonzero_exit) ... ok
2026-09-17T14:03:59.2929941Z test_plan_only_is_not_a_test_execution (test_funded_rust.FundedRustPlanTests.test_plan_only_is_not_a_test_execution) ... ok
2026-09-17T14:03:59.2933753Z test_reordering_metadata_does_not_change_plan (test_funded_rust.FundedRustPlanTests.test_reordering_metadata_does_not_change_plan) ... ok
2026-09-17T14:03:59.2937169Z test_target_union_is_complete_and_disjoint (test_funded_rust.FundedRustPlanTests.test_target_union_is_complete_and_disjoint) ... ok
2026-09-17T14:03:59.2939080Z test_unknown_cohort_or_schema_fails (test_funded_rust.FundedRustPlanTests.test_unknown_cohort_or_schema_fails) ... ok
2026-09-17T14:03:59.2949416Z test_unknown_or_disabled_targets_are_not_silently_omitted (test_funded_rust.FundedRustPlanTests.test_unknown_or_disabled_targets_are_not_silently_omitted) ... ok
2026-09-17T14:03:59.2952763Z test_unselected_features_fail (test_funded_rust.FundedRustPlanTests.test_unselected_features_fail) ... ok
2026-09-17T14:03:59.2957279Z test_wrong_workspace_identity_fails (test_funded_rust.FundedRustPlanTests.test_wrong_workspace_identity_fails) ... ok
2026-09-17T14:03:59.2961543Z test_directory_is_not_packaged (test_local_bundle.BundleManifestTests.test_directory_is_not_packaged) ... ok
2026-09-17T14:03:59.2966565Z test_manifest_hashes_only_explicit_regular_files (test_local_bundle.BundleManifestTests.test_manifest_hashes_only_explicit_regular_files) ... ok
2026-09-17T14:03:59.2990079Z test_signer_material_is_ignored_without_creating_secret_files (test_local_bundle.BundleManifestTests.test_signer_material_is_ignored_without_creating_secret_files) ... ok
2026-09-17T14:03:59.2993293Z test_memory_requires_exact_kib_fields_and_positive_consistent_values (test_payment_resources.LinuxParserTests.test_memory_requires_exact_kib_fields_and_positive_consistent_values) ... ok
2026-09-17T14:03:59.3007837Z test_proc_pinned_identity_rechecks_both_sides_of_memory_read (test_payment_resources.LinuxParserTests.test_proc_pinned_identity_rechecks_both_sides_of_memory_read) ... ok
2026-09-17T14:03:59.3010007Z test_proc_stat_parentheses_identity_and_creation (test_payment_resources.LinuxParserTests.test_proc_stat_parentheses_identity_and_creation) ... ok
2026-09-17T14:03:59.3254601Z test_direct_child_parent_identity_exit_and_current_rss (test_payment_resources.NativeMemoryTests.test_direct_child_parent_identity_exit_and_current_rss) ... ok
2026-09-17T14:03:59.3259850Z test_live_self_sample_uses_real_os_counters (test_payment_resources.NativeMemoryTests.test_live_self_sample_uses_real_os_counters) ... ok
2026-09-17T14:03:59.3261027Z test_unsupported_platform_is_failure_not_skip_or_zero (test_payment_resources.NativeMemoryTests.test_unsupported_platform_is_failure_not_skip_or_zero) ... ok
2026-09-17T14:03:59.3282622Z test_budget_failure_preserves_valid_sample_and_sends_negative_ack (test_payment_resources.PersistenceAndCollectorTests.test_budget_failure_preserves_valid_sample_and_sends_negative_ack) ... ok
2026-09-17T14:03:59.3318545Z test_collector_initialization_failure_reaps_started_coordinator (test_payment_resources.PersistenceAndCollectorTests.test_collector_initialization_failure_reaps_started_coordinator) ... ok
2026-09-17T14:03:59.7617329Z test_complete_evidence_requires_all_children_stopped_and_immutable_files (test_payment_resources.PersistenceAndCollectorTests.test_complete_evidence_requires_all_children_stopped_and_immutable_files) ... ok
2026-09-17T14:03:59.7638143Z test_evidence_reservation_never_overwrites_user_file (test_payment_resources.PersistenceAndCollectorTests.test_evidence_reservation_never_overwrites_user_file) ... ok
2026-09-17T14:03:59.7655445Z test_metadata_failure_still_saves_start_and_failure_without_exception_text (test_payment_resources.PersistenceAndCollectorTests.test_metadata_failure_still_saves_start_and_failure_without_exception_text) ... ok
2026-09-17T14:03:59.7716211Z test_pid_change_parent_failure_and_missing_metric_cannot_be_success (test_payment_resources.PersistenceAndCollectorTests.test_pid_change_parent_failure_and_missing_metric_cannot_be_success) ... ok
2026-09-17T14:04:00.0660555Z test_progress_failure_keeps_confirmed_count_and_uncertain_commit (test_payment_resources.PersistenceAndCollectorTests.test_progress_failure_keeps_confirmed_count_and_uncertain_commit) ... ok
2026-09-17T14:04:00.0731253Z test_final_result_does_not_accept_empty_tests_missing_checks_or_edited_timings (test_payment_resources.ProgressAndResultTests.test_final_result_does_not_accept_empty_tests_missing_checks_or_edited_timings) ... ok
2026-09-17T14:04:00.0757653Z test_full_operation_sequence_is_paired_and_final_result_matches (test_payment_resources.ProgressAndResultTests.test_full_operation_sequence_is_paired_and_final_result_matches) ... ok
2026-09-17T14:04:00.0767302Z test_progress_completion_must_match_operation_payment_and_commit_count (test_payment_resources.ProgressAndResultTests.test_progress_completion_must_match_operation_payment_and_commit_count) ... ok
2026-09-17T14:04:00.0776759Z test_unfinished_operation_has_no_fabricated_duration (test_payment_resources.ProgressAndResultTests.test_unfinished_operation_has_no_fabricated_duration) ... ok
2026-09-17T14:04:00.0781200Z test_all_nine_exact_checkpoints_and_pending_wallet_record (test_payment_resources.ResourceSchemaTests.test_all_nine_exact_checkpoints_and_pending_wallet_record) ... ok
2026-09-17T14:04:00.0783203Z test_budget_keeps_valid_over_budget_measurement (test_payment_resources.ResourceSchemaTests.test_budget_keeps_valid_over_budget_measurement) ... ok
2026-09-17T14:04:00.0785113Z test_json_duplicates_nonfinite_scalars_and_oversize_rejected (test_payment_resources.ResourceSchemaTests.test_json_duplicates_nonfinite_scalars_and_oversize_rejected) ... ok
2026-09-17T14:04:00.0787085Z test_unknown_and_missing_fields_cannot_enter_evidence (test_payment_resources.ResourceSchemaTests.test_unknown_and_missing_fields_cannot_enter_evidence) ... ok
2026-09-17T14:04:00.0789067Z test_unsigned_numbers_reject_booleans_floats_and_out_of_bounds (test_payment_resources.ResourceSchemaTests.test_unsigned_numbers_reject_booleans_floats_and_out_of_bounds) ... ok
2026-09-17T14:04:00.0791085Z test_wallet_and_capacity_counts_are_checked_not_just_types (test_payment_resources.ResourceSchemaTests.test_wallet_and_capacity_counts_are_checked_not_just_types) ... ok
2026-09-17T14:04:00.0792811Z test_wrong_phase_height_generation_or_pid_cannot_claim_checkpoint (test_payment_resources.ResourceSchemaTests.test_wrong_phase_height_generation_or_pid_cannot_claim_checkpoint) ... ok
2026-09-17T14:04:00.3678867Z test_bad_order_is_rejected_before_copying_it_over_a_valid_prefix (test_payment_resources_evidence.EvidenceCollectorBoundaryTests.test_bad_order_is_rejected_before_copying_it_over_a_valid_prefix) ... ok
2026-09-17T14:04:00.3686518Z test_cleanup_does_not_restart_its_existing_deadline (test_payment_resources_evidence.EvidenceCollectorBoundaryTests.test_cleanup_does_not_restart_its_existing_deadline) ... ok
2026-09-17T14:04:00.6665622Z test_commit_completion_changes_confirmed_count_without_inventing_apply_success (test_payment_resources_evidence.EvidenceCollectorBoundaryTests.test_commit_completion_changes_confirmed_count_without_inventing_apply_success) ... ok
2026-09-17T14:04:01.0642976Z test_complete_checkpoints_without_result_file_are_still_failure (test_payment_resources_evidence.EvidenceCollectorBoundaryTests.test_complete_checkpoints_without_result_file_are_still_failure) ... ok
2026-09-17T14:04:01.4576959Z test_numeric_measurement_complete_cannot_stand_in_for_true (test_payment_resources_evidence.EvidenceCollectorBoundaryTests.test_numeric_measurement_complete_cannot_stand_in_for_true) ... ok
2026-09-17T14:04:01.4608535Z test_report_save_failure_does_not_acknowledge_success (test_payment_resources_evidence.EvidenceCollectorBoundaryTests.test_report_save_failure_does_not_acknowledge_success) ... ok
2026-09-17T14:04:01.4685593Z test_same_height_recovery_cannot_change_capacity (test_payment_resources_evidence.EvidenceCollectorBoundaryTests.test_same_height_recovery_cannot_change_capacity) ... ok
2026-09-17T14:04:01.4723024Z test_second_role_over_budget_retains_both_samples_in_real_report (test_payment_resources_evidence.EvidenceCollectorBoundaryTests.test_second_role_over_budget_retains_both_samples_in_real_report) ... ok
2026-09-17T14:04:01.4740752Z test_unvalidated_fields_never_enter_failure_report_or_ack (test_payment_resources_evidence.EvidenceCollectorBoundaryTests.test_unvalidated_fields_never_enter_failure_report_or_ack) ... ok
2026-09-17T14:04:01.4776279Z test_zero_exit_without_checkpoints_is_not_successful_acceptance (test_payment_resources_evidence.EvidenceCollectorBoundaryTests.test_zero_exit_without_checkpoints_is_not_successful_acceptance) ... ok
2026-09-17T14:04:01.5095623Z test_close_disk_check_and_outbox_boundaries_cannot_move (test_payment_resources_evidence.EvidenceCompletenessTests.test_close_disk_check_and_outbox_boundaries_cannot_move) ... ok
2026-09-17T14:04:01.5175987Z test_every_one_of_nine_checkpoints_is_required (test_payment_resources_evidence.EvidenceCompletenessTests.test_every_one_of_nine_checkpoints_is_required) ... ok
2026-09-17T14:04:01.5198000Z test_fixture_has_exact_fixed_go_operation_contract (test_payment_resources_evidence.EvidenceCompletenessTests.test_fixture_has_exact_fixed_go_operation_contract) ... ok
2026-09-17T14:04:01.5440549Z test_missing_or_repeated_recovery_pair_cannot_claim_complete_recovery (test_payment_resources_evidence.EvidenceCompletenessTests.test_missing_or_repeated_recovery_pair_cannot_claim_complete_recovery) ... ok
2026-09-17T14:04:01.5446474Z test_recovery_cannot_be_recorded_at_a_different_committed_height (test_payment_resources_evidence.EvidenceCompletenessTests.test_recovery_cannot_be_recorded_at_a_different_committed_height) ... ok
2026-09-17T14:04:01.5581426Z test_removing_whole_core_pair_cannot_be_hidden_by_matching_timings (test_payment_resources_evidence.EvidenceCompletenessTests.test_removing_whole_core_pair_cannot_be_hidden_by_matching_timings) ... ok
2026-09-17T14:04:01.5613076Z test_reordering_complete_core_pairs_is_not_a_valid_timing_result (test_payment_resources_evidence.EvidenceCompletenessTests.test_reordering_complete_core_pairs_is_not_a_valid_timing_result) ... ok
2026-09-17T14:04:01.5657430Z test_review_c1_wallet_recovery_after_new_payment_and_outbox_is_rejected (test_payment_resources_evidence.EvidenceCompletenessTests.test_review_c1_wallet_recovery_after_new_payment_and_outbox_is_rejected) ... ok
2026-09-17T14:04:01.5688228Z test_review_c1_worker_reopen_before_scenario_start_is_rejected (test_payment_resources_evidence.EvidenceCompletenessTests.test_review_c1_worker_reopen_before_scenario_start_is_rejected) ... ok
2026-09-17T14:04:01.6107282Z test_valid_partial_recovery_prefixes_remain_incomplete_without_fake_duration (test_payment_resources_evidence.EvidenceCompletenessTests.test_valid_partial_recovery_prefixes_remain_incomplete_without_fake_duration) ... ok
2026-09-17T14:04:01.6158340Z test_all_io_stages_produce_only_bounded_public_diagnostics (test_payment_resources_windows.PublicReadDiagnosticTests.test_all_io_stages_produce_only_bounded_public_diagnostics) ... ok
2026-09-17T14:04:01.6161019Z test_known_protocol_positions_and_os_codes_survive_without_private_context (test_payment_resources_windows.PublicReadDiagnosticTests.test_known_protocol_positions_and_os_codes_survive_without_private_context) ... ok
2026-09-17T14:04:01.6169968Z test_read_error_is_preserved_when_closing_the_same_stream_also_fails (test_payment_resources_windows.PublicReadDiagnosticTests.test_read_error_is_preserved_when_closing_the_same_stream_also_fails) ... ok
2026-09-17T14:04:01.6175129Z test_unknown_names_and_invalid_diagnostic_scalars_are_not_serialized (test_payment_resources_windows.PublicReadDiagnosticTests.test_unknown_names_and_invalid_diagnostic_scalars_are_not_serialized) ... ok
2026-09-17T14:04:01.6189026Z test_failed_crt_handle_transfer_closes_only_the_owned_windows_handle (test_payment_resources_windows.WindowsHandleOwnershipTests.test_failed_crt_handle_transfer_closes_only_the_owned_windows_handle) ... ok
2026-09-17T14:04:01.6198867Z test_failed_stream_creation_closes_crt_descriptor_not_raw_handle_twice (test_payment_resources_windows.WindowsHandleOwnershipTests.test_failed_stream_creation_closes_crt_descriptor_not_raw_handle_twice) ... ok
2026-09-17T14:04:01.6202193Z test_delete_holder_blocks_legacy_open_but_shared_reader_preserves_exact_json (test_payment_resources_windows.WindowsSharedProtocolTests.test_delete_holder_blocks_legacy_open_but_shared_reader_preserves_exact_json) ... skipped 'requires native Windows file-sharing semantics'
2026-09-17T14:04:01.6205635Z test_delete_sharing_does_not_disable_post_read_size_check (test_payment_resources_windows.WindowsSharedProtocolTests.test_delete_sharing_does_not_disable_post_read_size_check) ... skipped 'requires native Windows file-sharing semantics'
2026-09-17T14:04:01.6208507Z test_delete_sharing_does_not_disable_replacement_identity_check (test_payment_resources_windows.WindowsSharedProtocolTests.test_delete_sharing_does_not_disable_replacement_identity_check) ... skipped 'requires native Windows file-sharing semantics'
2026-09-17T14:04:01.6210815Z test_broken_clock_is_unknown_not_zero_duration (test_prepare_timing.PrepareTimingTests.test_broken_clock_is_unknown_not_zero_duration) ... ok
2026-09-17T14:04:01.6212495Z test_exact_stages_allow_only_submicrosecond_rounding (test_prepare_timing.PrepareTimingTests.test_exact_stages_allow_only_submicrosecond_rounding) ... ok
2026-09-17T14:04:01.6213573Z test_integer_types_bounds_and_missing_stages_fail (test_prepare_timing.PrepareTimingTests.test_integer_types_bounds_and_missing_stages_fail) ... ok
2026-09-17T14:04:01.6214660Z test_wrong_scope_or_unknown_fields_cannot_claim_finality (test_prepare_timing.PrepareTimingTests.test_wrong_scope_or_unknown_fields_cannot_claim_finality) ... ok
2026-09-17T14:04:01.6216253Z test_declared_wire_and_manifest_resource_bounds (test_protocol_vectors.ProtocolTranscriptVectors.test_declared_wire_and_manifest_resource_bounds) ... ok
2026-09-17T14:04:01.6217336Z test_legacy_and_genesis_bound_reference_vectors (test_protocol_vectors.ProtocolTranscriptVectors.test_legacy_and_genesis_bound_reference_vectors) ... ok
2026-09-17T14:04:01.6464133Z test_create_only (test_source_snapshot.SourceSnapshotTests.test_create_only) ... ok
2026-09-17T14:04:01.6721001Z test_excludes_untracked_ignored_and_modified_working_copy (test_source_snapshot.SourceSnapshotTests.test_excludes_untracked_ignored_and_modified_working_copy) ... ok
2026-09-17T14:04:01.6983085Z test_file_count_and_size_are_checked_before_blob_fetch (test_source_snapshot.SourceSnapshotTests.test_file_count_and_size_are_checked_before_blob_fetch) ... ok
2026-09-17T14:04:01.7220110Z test_modified_batch_payload_fails_identity_check (test_source_snapshot.SourceSnapshotTests.test_modified_batch_payload_fails_identity_check) ... ok
2026-09-17T14:04:01.7546278Z test_no_checkout_eol_filter_changes (test_source_snapshot.SourceSnapshotTests.test_no_checkout_eol_filter_changes) ... ok
2026-09-17T14:04:01.7727068Z test_non_oid_and_option_inputs_rejected (test_source_snapshot.SourceSnapshotTests.test_non_oid_and_option_inputs_rejected) ... ok
2026-09-17T14:04:01.8015003Z test_tracked_link_refused_without_following_it (test_source_snapshot.SourceSnapshotTests.test_tracked_link_refused_without_following_it) ... ok
2026-09-17T14:04:01.8315934Z test_uses_captured_commit_not_moving_head (test_source_snapshot.SourceSnapshotTests.test_uses_captured_commit_not_moving_head) ... ok
2026-09-17T14:04:01.8752320Z test_cli_failure_is_redacted_and_returns_nonzero (test_verify_local_lab.BundleVerificationTests.test_cli_failure_is_redacted_and_returns_nonzero) ... ok
2026-09-17T14:04:01.8766162Z test_directory_cannot_substitute_for_executable (test_verify_local_lab.BundleVerificationTests.test_directory_cannot_substitute_for_executable) ... ok
2026-09-17T14:04:01.8779359Z test_duplicate_json_fields_rejected_even_with_matching_pin (test_verify_local_lab.BundleVerificationTests.test_duplicate_json_fields_rejected_even_with_matching_pin) ... ok
2026-09-17T14:04:01.8818966Z test_each_modified_payload_is_rejected (test_verify_local_lab.BundleVerificationTests.test_each_modified_payload_is_rejected) ... ok
2026-09-17T14:04:01.8831616Z test_file_size_change_is_rejected (test_verify_local_lab.BundleVerificationTests.test_file_size_change_is_rejected) ... ok
2026-09-17T14:04:01.8861747Z test_invalid_sizes_and_hashes_are_rejected (test_verify_local_lab.BundleVerificationTests.test_invalid_sizes_and_hashes_are_rejected) ... ok
2026-09-17T14:04:01.8881340Z test_matching_bundle_verifies_without_launch_or_mutation (test_verify_local_lab.BundleVerificationTests.test_matching_bundle_verifies_without_launch_or_mutation) ... ok
2026-09-17T14:04:01.8894377Z test_missing_and_unlisted_files_rejected (test_verify_local_lab.BundleVerificationTests.test_missing_and_unlisted_files_rejected) ... ok
2026-09-17T14:04:01.8904731Z test_oversized_manifest_rejected_before_parse (test_verify_local_lab.BundleVerificationTests.test_oversized_manifest_rejected_before_parse) ... ok
2026-09-17T14:04:01.8916096Z test_rewritten_manifest_without_trusted_pin_rejected (test_verify_local_lab.BundleVerificationTests.test_rewritten_manifest_without_trusted_pin_rejected) ... ok
2026-09-17T14:04:01.8961092Z test_strict_false_flags_not_numeric_zero (test_verify_local_lab.BundleVerificationTests.test_strict_false_flags_not_numeric_zero) ... ok
2026-09-17T14:04:01.8976149Z test_unknown_and_legacy_manifest_fields_rejected (test_verify_local_lab.BundleVerificationTests.test_unknown_and_legacy_manifest_fields_rejected) ... ok
2026-09-17T14:04:01.9000152Z test_unsafe_duplicate_and_unknown_filenames_rejected (test_verify_local_lab.BundleVerificationTests.test_unsafe_duplicate_and_unknown_filenames_rejected) ... ok
2026-09-17T14:04:01.9018675Z test_windows_bundle_supported_but_mixed_platform_refused (test_verify_local_lab.BundleVerificationTests.test_windows_bundle_supported_but_mixed_platform_refused) ... ok
2026-09-17T14:04:01.9028834Z test_windows_reparse_point_is_not_regular_input (test_verify_local_lab.BundleVerificationTests.test_windows_reparse_point_is_not_regular_input) ... ok
2026-09-17T14:04:01.9041357Z test_wrong_independent_pin_and_commit_rejected (test_verify_local_lab.BundleVerificationTests.test_wrong_independent_pin_and_commit_rejected) ... ok
2026-09-17T14:04:01.9043172Z test_capacity_report_must_be_one_record (test_wallet_compaction.CompactionTests.test_capacity_report_must_be_one_record) ... ok
2026-09-17T14:04:01.9044618Z test_compact_frame_requires_pin_and_exactly_two_paths (test_wallet_compaction.CompactionTests.test_compact_frame_requires_pin_and_exactly_two_paths) ... ok
2026-09-17T14:04:01.9094692Z test_confirmation_and_response_checks_without_scanning_or_spending (test_wallet_compaction.CompactionTests.test_confirmation_and_response_checks_without_scanning_or_spending) ... ok
2026-09-17T14:04:01.9096823Z test_mismatched_source_target_and_claimed_payment_status_rejected (test_wallet_compaction.CompactionTests.test_mismatched_source_target_and_claimed_payment_status_rejected) ... ok
2026-09-17T14:04:01.9159114Z test_missing_pin_or_existing_target_never_asks_password_or_starts_backend (test_wallet_compaction.CompactionTests.test_missing_pin_or_existing_target_never_asks_password_or_starts_backend) ... ok
2026-09-17T14:04:01.9160991Z test_receipt_handover_is_not_balance_or_finality (test_wallet_compaction.CompactionTests.test_receipt_handover_is_not_balance_or_finality) ... ok
2026-09-17T14:04:01.9162932Z test_active_manifest_keeps_lab2_payments_and_isolates_legacy_domain (test_wallet_network.NetworkIdentityTests.test_active_manifest_keeps_lab2_payments_and_isolates_legacy_domain) ... ok
2026-09-17T14:04:01.9171155Z test_addresses_reject_mutation_and_noncanonical_text (test_wallet_network.NetworkIdentityTests.test_addresses_reject_mutation_and_noncanonical_text) ... ok
2026-09-17T14:04:01.9175419Z test_bound_checksum_and_expected_identity (test_wallet_network.NetworkIdentityTests.test_bound_checksum_and_expected_identity) ... ok
2026-09-17T14:04:01.9301590Z test_invalid_payment_numbers_fail_before_password_or_backend (test_wallet_network.NetworkIdentityTests.test_invalid_payment_numbers_fail_before_password_or_backend) ... ok
2026-09-17T14:04:01.9363387Z test_network_address_frontend_checks_backend_identity (test_wallet_network.NetworkIdentityTests.test_network_address_frontend_checks_backend_identity) ... ok
2026-09-17T14:04:01.9367056Z test_network_address_wire_operation_has_exact_field_count (test_wallet_network.NetworkIdentityTests.test_network_address_wire_operation_has_exact_field_count) ... ok
2026-09-17T14:04:01.9372633Z test_pinned_genesis_is_read_only_and_profile_is_explicit (test_wallet_network.NetworkIdentityTests.test_pinned_genesis_is_read_only_and_profile_is_explicit) ... ok
2026-09-17T14:04:01.9384178Z test_public_supply_precheck_rejects_bad_allocation_not_just_pin (test_wallet_network.NetworkIdentityTests.test_public_supply_precheck_rejects_bad_allocation_not_just_pin) ... ok
2026-09-17T14:04:01.9744910Z test_truncated_unknown_overlarge_and_wrong_network_frames_fail (test_wallet_network.NetworkIdentityTests.test_truncated_unknown_overlarge_and_wrong_network_frames_fail) ... ok
2026-09-17T14:04:01.9748968Z test_untrusted_pin_missing_and_nonregular_files_fail (test_wallet_network.NetworkIdentityTests.test_untrusted_pin_missing_and_nonregular_files_fail) ... ok
2026-09-17T14:04:01.9801447Z test_wrong_network_frontend_stops_before_password_and_backend (test_wallet_network.NetworkIdentityTests.test_wrong_network_frontend_stops_before_password_and_backend) ... ok
2026-09-17T14:04:01.9825760Z test_console_storage_never_selects_history_or_constructs_payment (test_wallet_storage.StorageStatusTests.test_console_storage_never_selects_history_or_constructs_payment) ... ok
2026-09-17T14:04:01.9827097Z test_extra_missing_and_unsupported_fields_fail (test_wallet_storage.StorageStatusTests.test_extra_missing_and_unsupported_fields_fail) ... ok
2026-09-17T14:04:01.9828367Z test_new_and_full_reports_are_not_balance_or_confirmation (test_wallet_storage.StorageStatusTests.test_new_and_full_reports_are_not_balance_or_confirmation) ... ok
2026-09-17T14:04:01.9829748Z test_rejects_false_capacity_and_noncanonical_types (test_wallet_storage.StorageStatusTests.test_rejects_false_capacity_and_noncanonical_types) ... ok
2026-09-17T14:04:01.9831021Z test_storage_request_has_one_field_and_existing_private_pin (test_wallet_storage.StorageStatusTests.test_storage_request_has_one_field_and_existing_private_pin) ... ok
2026-09-17T14:04:01.9832508Z test_address_checksum_and_numeric_canonicality (test_zevune_wallet.WalletConsoleTests.test_address_checksum_and_numeric_canonicality) ... ok
2026-09-17T14:04:01.9835852Z test_no_echo_fallback_and_confirmation (test_zevune_wallet.WalletConsoleTests.test_no_echo_fallback_and_confirmation) ... ok
2026-09-17T14:04:01.9848148Z test_private_input_never_enters_arguments_or_environment (test_zevune_wallet.WalletConsoleTests.test_private_input_never_enters_arguments_or_environment) ... ok
2026-09-17T14:04:01.9849254Z test_request_bounds_and_receipt (test_zevune_wallet.WalletConsoleTests.test_request_bounds_and_receipt) ... ok
2026-09-17T14:04:01.9854374Z test_wrong_executable_digest_prevents_execution (test_zevune_wallet.WalletConsoleTests.test_wrong_executable_digest_prevents_execution) ... ok
2026-09-17T14:04:01.9854957Z 
2026-09-17T14:04:01.9855150Z ----------------------------------------------------------------------
2026-09-17T14:04:01.9855538Z Ran 135 tests in 2.707s
2026-09-17T14:04:01.9855700Z 
2026-09-17T14:04:01.9855794Z OK (skipped=3)
2026-09-17T14:04:02.1320626Z Diff in /home/runner/work/Zevune/Zevune/integration/orchard/src/pool/active/incremental.rs:154:
2026-09-17T14:04:02.1321534Z          }
2026-09-17T14:04:02.1322205Z          let mut appended = 0;
2026-09-17T14:04:02.1322925Z          if let Some(base) = self.segments.last() {
2026-09-17T14:04:02.1323709Z -            let index = self.segments.len().checked_sub(1).ok_or(PoolError::Bounds)?;
2026-09-17T14:04:02.1324412Z +            let index = self
2026-09-17T14:04:02.1325596Z +                .segments
2026-09-17T14:04:02.1325973Z +                .len()
2026-09-17T14:04:02.1326350Z +                .checked_sub(1)
2026-09-17T14:04:02.1326819Z +                .ok_or(PoolError::Bounds)?;
2026-09-17T14:04:02.1327813Z              let next = later.segments.get(index).ok_or(PoolError::Stale)?;
2026-09-17T14:04:02.1328675Z -            let length = next.length.checked_sub(base.length).ok_or(PoolError::Stale)?;
2026-09-17T14:04:02.1329373Z +            let length = next
2026-09-17T14:04:02.1329788Z +                .length
2026-09-17T14:04:02.1330191Z +                .checked_sub(base.length)
2026-09-17T14:04:02.1330677Z +                .ok_or(PoolError::Stale)?;
2026-09-17T14:04:02.1331259Z              if length != 0 {
2026-09-17T14:04:02.1332896Z                  emit_range(&mut consume, &mut appended, index, base.length, length)?;
2026-09-17T14:04:02.1333599Z              }
2026-09-17T14:04:02.1492482Z Diff in /home/runner/work/Zevune/Zevune/integration/orchard/src/pool/active_flow_tests.rs:135:
2026-09-17T14:04:02.1493608Z      assert_eq!(plan.base_checkpoint(), base_pin);
2026-09-17T14:04:02.1494277Z      assert_eq!(plan.checkpoint(), later_pin);
2026-09-17T14:04:02.1494961Z      assert_eq!(plan.reused_bytes(), base_pin.length());
2026-09-17T14:04:02.1495740Z -    assert_eq!(plan.appended_bytes(), later_pin.length() - base_pin.length());
2026-09-17T14:04:02.1496417Z +    assert_eq!(
2026-09-17T14:04:02.1496784Z +        plan.appended_bytes(),
2026-09-17T14:04:02.1497250Z +        later_pin.length() - base_pin.length()
2026-09-17T14:04:02.1497708Z +    );
2026-09-17T14:04:02.1498045Z      assert_eq!(
2026-09-17T14:04:02.1498534Z          plan.new_segment_count(),
2026-09-17T14:04:02.1499277Z          later_pin.segment_count() - base_pin.segment_count()
2026-09-17T14:04:02.1563653Z Diff in /home/runner/work/Zevune/Zevune/integration/orchard/src/pool/recovery/active/incremental/tests.rs:311:
2026-09-17T14:04:02.1564989Z              assert_eq!(directory_bytes(changed_path), changed);
2026-09-17T14:04:02.1565643Z              assert_eq!(
2026-09-17T14:04:02.1566757Z                  directory_bytes(if change_base { &later_path } else { &base_path }),
2026-09-17T14:04:02.1567555Z -                if change_base { original_later } else { original_base }
2026-09-17T14:04:02.1568164Z +                if change_base {
2026-09-17T14:04:02.1568780Z +                    original_later
2026-09-17T14:04:02.1569258Z +                } else {
2026-09-17T14:04:02.1569662Z +                    original_base
2026-09-17T14:04:02.1570087Z +                }
2026-09-17T14:04:02.1570481Z              );
2026-09-17T14:04:02.1570831Z          }
2026-09-17T14:04:02.1571152Z      }
2026-09-17T14:04:02.1572181Z Diff in /home/runner/work/Zevune/Zevune/integration/orchard/src/pool/recovery/active/incremental/tests.rs:425:
2026-09-17T14:04:02.1573697Z              assert_eq!(base.incremental_plan(&mut later), Err(PoolError::Corrupt));
2026-09-17T14:04:02.1574773Z              assert_eq!(directory_bytes(&base_path), base_bytes);
2026-09-17T14:04:02.1575769Z              assert_eq!(directory_bytes(&later_path), later_bytes);
2026-09-17T14:04:02.1576566Z -            assert_eq!(fs::read(alias).unwrap(), fs::read(path.join(SEGMENT)).unwrap());
2026-09-17T14:04:02.1577239Z +            assert_eq!(
2026-09-17T14:04:02.1577666Z +                fs::read(alias).unwrap(),
2026-09-17T14:04:02.1578196Z +                fs::read(path.join(SEGMENT)).unwrap()
2026-09-17T14:04:02.1578673Z +            );
2026-09-17T14:04:02.1578994Z          }
2026-09-17T14:04:02.1579301Z      }
2026-09-17T14:04:02.1579599Z  }
2026-09-17T14:04:02.2443842Z Diff in /home/runner/work/Zevune/Zevune/integration/orchard/tests/active_incremental_cli.rs:24:
2026-09-17T14:04:02.2444803Z      fn new() -> Self {
2026-09-17T14:04:02.2445351Z          let mut nonce = [0; 16];
2026-09-17T14:04:02.2445910Z          OsRng.fill_bytes(&mut nonce);
2026-09-17T14:04:02.2446748Z -        let path = std::env::temp_dir().join(format!("zevune-active-incremental-cli-{}", hex(&nonce)));
2026-09-17T14:04:02.2447881Z +        let path =
2026-09-17T14:04:02.2448488Z +            std::env::temp_dir().join(format!("zevune-active-incremental-cli-{}", hex(&nonce)));
2026-09-17T14:04:02.2449370Z          fs::create_dir(&path).unwrap();
2026-09-17T14:04:02.2449874Z          Self(path)
2026-09-17T14:04:02.2450217Z      }
2026-09-17T14:04:02.2450902Z Diff in /home/runner/work/Zevune/Zevune/integration/orchard/tests/active_incremental_cli.rs:161:
2026-09-17T14:04:02.2451681Z      );
2026-09-17T14:04:02.2452277Z      assert!(output.stderr.is_empty());
2026-09-17T14:04:02.2452828Z      assert!(output.stdout.is_ascii());
2026-09-17T14:04:02.2453507Z -    assert_eq!(output.stdout.iter().filter(|&&byte| byte == b'\n').count(), 1);
2026-09-17T14:04:02.2454390Z +    assert_eq!(
2026-09-17T14:04:02.2454878Z +        output.stdout.iter().filter(|&&byte| byte == b'\n').count(),
2026-09-17T14:04:02.2455430Z +        1
2026-09-17T14:04:02.2455721Z +    );
2026-09-17T14:04:02.2456209Z      assert_eq!(output.stdout, expected.as_bytes());
2026-09-17T14:04:02.2456715Z  }
2026-09-17T14:04:02.2456998Z  
2026-09-17T14:04:02.2457691Z Diff in /home/runner/work/Zevune/Zevune/integration/orchard/tests/active_incremental_cli.rs:304:
2026-09-17T14:04:02.2458624Z      assert!(alice.pending_id().is_none());
2026-09-17T14:04:02.2459136Z      drop(history);
2026-09-17T14:04:02.2459531Z      let second = bob
2026-09-17T14:04:02.2460160Z -        .build_payment(carol.receive_address(0).unwrap(), 40_000, 1_000, 100, &prover)
2026-09-17T14:04:02.2460852Z +        .build_payment(
2026-09-17T14:04:02.2461301Z +            carol.receive_address(0).unwrap(),
2026-09-17T14:04:02.2461974Z +            40_000,
2026-09-17T14:04:02.2462345Z +            1_000,
2026-09-17T14:04:02.2462689Z +            100,
2026-09-17T14:04:02.2463038Z +            &prover,
2026-09-17T14:04:02.2463371Z +        )
2026-09-17T14:04:02.2463733Z          .unwrap()
2026-09-17T14:04:02.2464111Z          .bytes()
2026-09-17T14:04:02.2464504Z          .to_vec();
2026-09-17T14:04:02.2465232Z Diff in /home/runner/work/Zevune/Zevune/integration/orchard/tests/active_incremental_cli.rs:373:
2026-09-17T14:04:02.2466207Z          Err(PoolError::Authorization)
2026-09-17T14:04:02.2466656Z      ));
2026-09-17T14:04:02.2466989Z      failure(
2026-09-17T14:04:02.2467573Z -        &call_readonly(&plan_args(&source, base_pin, &forged_path, forged_pin), &dir),
2026-09-17T14:04:02.2468263Z +        &call_readonly(
2026-09-17T14:04:02.2468788Z +            &plan_args(&source, base_pin, &forged_path, forged_pin),
2026-09-17T14:04:02.2469358Z +            &dir,
2026-09-17T14:04:02.2469685Z +        ),
2026-09-17T14:04:02.2470031Z          &dir,
2026-09-17T14:04:02.2470359Z      );
2026-09-17T14:04:02.2470874Z      success(&call_readonly(&args, &dir), &expected);
2026-09-17T14:04:02.2471958Z Diff in /home/runner/work/Zevune/Zevune/integration/orchard/tests/active_incremental_cli.rs:526:
2026-09-17T14:04:02.2472830Z          drop(right);
2026-09-17T14:04:02.2473246Z          drop(left);
2026-09-17T14:04:02.2473661Z          failure(
2026-09-17T14:04:02.2474292Z -            &call_readonly(&plan_args(&base.path, base.pin, &later.path, later.pin), &f.dir),
2026-09-17T14:04:02.2475009Z +            &call_readonly(
2026-09-17T14:04:02.2475580Z +                &plan_args(&base.path, base.pin, &later.path, later.pin),
2026-09-17T14:04:02.2476174Z +                &f.dir,
2026-09-17T14:04:02.2476533Z +            ),
2026-09-17T14:04:02.2476937Z              &f.dir,
2026-09-17T14:04:02.2477297Z          );
2026-09-17T14:04:02.2477606Z      }
2026-09-17T14:04:02.2478300Z Diff in /home/runner/work/Zevune/Zevune/integration/orchard/tests/active_incremental_cli.rs:543:
2026-09-17T14:04:02.2479497Z  fn active_incremental_cli_wrong_pins_missing_and_damaged_bytes_fail_on_either_side() {
2026-09-17T14:04:02.2480279Z      let f = fixture(1, 3);
2026-09-17T14:04:02.2481052Z      let args = plan_args(&f.base.path, f.base.pin, &f.later.path, f.later.pin);
2026-09-17T14:04:02.2482181Z -    for (key, pin) in [("--base-checkpoint", f.later.pin), ("--checkpoint", f.base.pin)] {
2026-09-17T14:04:02.2483164Z +    for (key, pin) in [
2026-09-17T14:04:02.2483593Z +        ("--base-checkpoint", f.later.pin),
2026-09-17T14:04:02.2484097Z +        ("--checkpoint", f.base.pin),
2026-09-17T14:04:02.2484522Z +    ] {
2026-09-17T14:04:02.2485013Z          let mut wrong_pin = args.clone();
2026-09-17T14:04:02.2485798Z          set_option(&mut wrong_pin, key, hex(&pin.to_bytes()));
2026-09-17T14:04:02.2486673Z          failure(&call_readonly(&wrong_pin, &f.dir), &f.dir);
2026-09-17T14:04:02.2816515Z ##[error]Process completed with exit code 1.
2026-09-17T14:04:02.2974263Z Post job cleanup.
2026-09-17T14:04:02.3865048Z [command]/usr/bin/git version
2026-09-17T14:04:02.3909176Z git version 2.55.0
2026-09-17T14:04:02.3947831Z Temporarily overriding HOME='/home/runner/work/_temp/58d39018-7ed8-4455-a616-599a82f3cb04' before making global git config changes
2026-09-17T14:04:02.3949152Z Adding repository directory to the temporary git global config as a safe directory
2026-09-17T14:04:02.3952409Z [command]/usr/bin/git config --global --add safe.directory /home/runner/work/Zevune/Zevune
2026-09-17T14:04:02.3997490Z [command]/usr/bin/git config --local --name-only --get-regexp core\.sshCommand
2026-09-17T14:04:02.4034084Z [command]/usr/bin/git submodule foreach --recursive sh -c "git config --local --name-only --get-regexp 'core\.sshCommand' && git config --local --unset-all 'core.sshCommand' || :"
2026-09-17T14:04:02.4302776Z [command]/usr/bin/git config --local --name-only --get-regexp http\.https\:\/\/github\.com\/\.extraheader
2026-09-17T14:04:02.4344449Z [command]/usr/bin/git submodule foreach --recursive sh -c "git config --local --name-only --get-regexp 'http\.https\:\/\/github\.com\/\.extraheader' && git config --local --unset-all 'http.https://github.com/.extraheader' || :"
2026-09-17T14:04:02.4798770Z Cleaning up orphan processes
2026-09-17T14:04:02.5138263Z ##[warning]Node.js 20 is deprecated. The following actions target Node.js 20 but are being forced to run on Node.js 24: actions/setup-go@44694675825211faa026b3c33043df3e48a5fa00. For more information see: https://github.blog/changelog/2025-09-19-deprecation-of-node-20-on-github-actions-runners/
