2026-09-17T14:03:15.6793755Z Current runner version: '2.337.0'
2026-09-17T14:03:15.6814248Z ##[group]Runner Image Provisioner
2026-09-17T14:03:15.6814889Z Hosted Compute Agent
2026-09-17T14:03:15.6815309Z Version: 20260828.587
2026-09-17T14:03:15.6815835Z Commit: abac92662cab4cc7352de4f9f9d2e2419aad9c29
2026-09-17T14:03:15.6816396Z Build Date: 2026-08-28T16:44:25Z
2026-09-17T14:03:15.6816908Z Worker ID: {28bd9e6e-d7f8-4ee8-b100-315d506ad196}
2026-09-17T14:03:15.6817488Z Azure Region: westus
2026-09-17T14:03:15.6817895Z ##[endgroup]
2026-09-17T14:03:15.6818924Z ##[group]Operating System
2026-09-17T14:03:15.6819398Z Microsoft Windows Server 2025
2026-09-17T14:03:15.6819856Z 10.0.26100
2026-09-17T14:03:15.6820253Z Datacenter
2026-09-17T14:03:15.6820641Z ##[endgroup]
2026-09-17T14:03:15.6821046Z ##[group]Runner Image
2026-09-17T14:03:15.6821482Z Image: windows-2025-vs2026
2026-09-17T14:03:15.6821952Z Version: 20260907.229.1
2026-09-17T14:03:15.6823081Z Included Software: https://github.com/actions/runner-images/blob/win25-vs2026/20260907.229/images/windows/Windows2025-VS2026-Readme.md
2026-09-17T14:03:15.6824416Z Image Release: https://github.com/actions/runner-images/releases/tag/win25-vs2026%2F20260907.229
2026-09-17T14:03:15.6825193Z ##[endgroup]
2026-09-17T14:03:15.6826043Z ##[group]GITHUB_TOKEN Permissions
2026-09-17T14:03:15.6827488Z Contents: read
2026-09-17T14:03:15.6827919Z Metadata: read
2026-09-17T14:03:15.6828331Z ##[endgroup]
2026-09-17T14:03:15.6829902Z Secret source: Actions
2026-09-17T14:03:15.6830560Z Cache mode: write
2026-09-17T14:03:15.6831110Z Prepare workflow directory
2026-09-17T14:03:15.7145337Z Prepare all required actions
2026-09-17T14:03:15.7184465Z Getting action download info
2026-09-17T14:03:16.0447820Z Download action repository 'actions/checkout@08c6903cd8c0fde910a37f88322edcfb5dd907a8' (SHA:08c6903cd8c0fde910a37f88322edcfb5dd907a8)
2026-09-17T14:03:16.4302469Z Complete job name: funded-library (windows-latest)
2026-09-17T14:03:16.6492558Z ##[group]Run actions/checkout@08c6903cd8c0fde910a37f88322edcfb5dd907a8
2026-09-17T14:03:16.6493635Z with:
2026-09-17T14:03:16.6494006Z   persist-credentials: false
2026-09-17T14:03:16.6494427Z   repository: youq616/Zevune
2026-09-17T14:03:16.6497621Z   token: ***
2026-09-17T14:03:16.6497967Z   ssh-strict: true
2026-09-17T14:03:16.6498308Z   ssh-user: git
2026-09-17T14:03:16.6498634Z   clean: true
2026-09-17T14:03:16.6498986Z   sparse-checkout-cone-mode: true
2026-09-17T14:03:16.6499402Z   fetch-depth: 1
2026-09-17T14:03:16.6499743Z   fetch-tags: false
2026-09-17T14:03:16.6500090Z   show-progress: true
2026-09-17T14:03:16.6500436Z   lfs: false
2026-09-17T14:03:16.6500767Z   submodules: false
2026-09-17T14:03:16.6501132Z   set-safe-directory: true
2026-09-17T14:03:16.6501683Z env:
2026-09-17T14:03:16.6501997Z   RAYON_NUM_THREADS: 2
2026-09-17T14:03:16.6502356Z   CARGO_BUILD_JOBS: 2
2026-09-17T14:03:16.6502706Z ##[endgroup]
2026-09-17T14:03:16.7655034Z Syncing repository: youq616/Zevune
2026-09-17T14:03:16.7657817Z ##[group]Getting Git version info
2026-09-17T14:03:16.7659249Z Working directory is 'D:\a\Zevune\Zevune'
2026-09-17T14:03:16.8226780Z [command]"C:\Program Files\Git\bin\git.exe" version
2026-09-17T14:03:17.0929255Z git version 2.55.0.windows.5
2026-09-17T14:03:17.0966496Z ##[endgroup]
2026-09-17T14:03:17.0981844Z Temporarily overriding HOME='D:\a\_temp\d3cf2c4f-9cb7-4e92-b428-8b90c745c41d' before making global git config changes
2026-09-17T14:03:17.0982879Z Adding repository directory to the temporary git global config as a safe directory
2026-09-17T14:03:17.0990086Z [command]"C:\Program Files\Git\bin\git.exe" config --global --add safe.directory D:\a\Zevune\Zevune
2026-09-17T14:03:17.1238496Z Deleting the contents of 'D:\a\Zevune\Zevune'
2026-09-17T14:03:17.1243308Z ##[group]Initializing the repository
2026-09-17T14:03:17.1249818Z [command]"C:\Program Files\Git\bin\git.exe" init D:\a\Zevune\Zevune
2026-09-17T14:03:17.1587502Z Initialized empty Git repository in D:/a/Zevune/Zevune/.git/
2026-09-17T14:03:17.1618058Z [command]"C:\Program Files\Git\bin\git.exe" remote add origin https://github.com/youq616/Zevune
2026-09-17T14:03:17.3227539Z ##[endgroup]
2026-09-17T14:03:17.3228213Z ##[group]Disabling automatic garbage collection
2026-09-17T14:03:17.3234998Z [command]"C:\Program Files\Git\bin\git.exe" config --local gc.auto 0
2026-09-17T14:03:17.3463193Z ##[endgroup]
2026-09-17T14:03:17.3463801Z ##[group]Setting up auth
2026-09-17T14:03:17.3472340Z [command]"C:\Program Files\Git\bin\git.exe" config --local --name-only --get-regexp core\.sshCommand
2026-09-17T14:03:17.3693318Z [command]"C:\Program Files\Git\bin\git.exe" submodule foreach --recursive "sh -c \"git config --local --name-only --get-regexp 'core\.sshCommand' && git config --local --unset-all 'core.sshCommand' || :\""
2026-09-17T14:03:18.3550895Z [command]"C:\Program Files\Git\bin\git.exe" config --local --name-only --get-regexp http\.https\:\/\/github\.com\/\.extraheader
2026-09-17T14:03:18.3787924Z [command]"C:\Program Files\Git\bin\git.exe" submodule foreach --recursive "sh -c \"git config --local --name-only --get-regexp 'http\.https\:\/\/github\.com\/\.extraheader' && git config --local --unset-all 'http.https://github.com/.extraheader' || :\""
2026-09-17T14:03:18.7991295Z [command]"C:\Program Files\Git\bin\git.exe" config --local http.https://github.com/.extraheader "AUTHORIZATION: basic ***"
2026-09-17T14:03:18.8218932Z ##[endgroup]
2026-09-17T14:03:18.8219838Z ##[group]Fetching the repository
2026-09-17T14:03:18.8229750Z [command]"C:\Program Files\Git\bin\git.exe" -c protocol.version=2 fetch --no-tags --prune --no-recurse-submodules --depth=1 origin +066f033f2ca441bdd8533c8e1e4bfe2d3faa84a5:refs/remotes/pull/15/merge
2026-09-17T14:03:20.4339713Z From https://github.com/youq616/Zevune
2026-09-17T14:03:20.4340345Z  * [new ref]         066f033f2ca441bdd8533c8e1e4bfe2d3faa84a5 -> pull/15/merge
2026-09-17T14:03:20.4375099Z ##[endgroup]
2026-09-17T14:03:20.4377853Z ##[group]Determining the checkout info
2026-09-17T14:03:20.4378674Z ##[endgroup]
2026-09-17T14:03:20.4384870Z [command]"C:\Program Files\Git\bin\git.exe" sparse-checkout disable
2026-09-17T14:03:20.4656311Z [command]"C:\Program Files\Git\bin\git.exe" config --local --unset-all extensions.worktreeConfig
2026-09-17T14:03:20.4877787Z ##[group]Checking out the ref
2026-09-17T14:03:20.4885230Z [command]"C:\Program Files\Git\bin\git.exe" checkout --progress --force refs/remotes/pull/15/merge
2026-09-17T14:03:20.7101920Z Note: switching to 'refs/remotes/pull/15/merge'.
2026-09-17T14:03:20.7102290Z 
2026-09-17T14:03:20.7102541Z You are in 'detached HEAD' state. You can look around, make experimental
2026-09-17T14:03:20.7103095Z changes and commit them, and you can discard any commits you make in this
2026-09-17T14:03:20.7103646Z state without impacting any branches by switching back to a branch.
2026-09-17T14:03:20.7103976Z 
2026-09-17T14:03:20.7104250Z If you want to create a new branch to retain commits you create, you may
2026-09-17T14:03:20.7104787Z do so (now or later) by using -c with the switch command. Example:
2026-09-17T14:03:20.7105114Z 
2026-09-17T14:03:20.7105349Z   git switch -c <new-branch-name>
2026-09-17T14:03:20.7105580Z 
2026-09-17T14:03:20.7105700Z Or undo this operation with:
2026-09-17T14:03:20.7105875Z 
2026-09-17T14:03:20.7105976Z   git switch -
2026-09-17T14:03:20.7106236Z 
2026-09-17T14:03:20.7106796Z Turn off this advice by setting config variable advice.detachedHead to false
2026-09-17T14:03:20.7107923Z 
2026-09-17T14:03:20.7108920Z HEAD is now at 066f033 Merge 99ec771c57207167f473d23ffd07b54f15a36abc into 0927af157a3cc35abde14b036bc50a99a793a32b
2026-09-17T14:03:20.7170216Z ##[endgroup]
2026-09-17T14:03:20.7442082Z [command]"C:\Program Files\Git\bin\git.exe" log -1 --format=%H
2026-09-17T14:03:20.7641695Z 066f033f2ca441bdd8533c8e1e4bfe2d3faa84a5
2026-09-17T14:03:20.7670759Z ##[group]Removing auth
2026-09-17T14:03:20.7677068Z [command]"C:\Program Files\Git\bin\git.exe" config --local --name-only --get-regexp core\.sshCommand
2026-09-17T14:03:20.7896850Z [command]"C:\Program Files\Git\bin\git.exe" submodule foreach --recursive "sh -c \"git config --local --name-only --get-regexp 'core\.sshCommand' && git config --local --unset-all 'core.sshCommand' || :\""
2026-09-17T14:03:21.2288074Z [command]"C:\Program Files\Git\bin\git.exe" config --local --name-only --get-regexp http\.https\:\/\/github\.com\/\.extraheader
2026-09-17T14:03:21.2485753Z http.https://github.com/.extraheader
2026-09-17T14:03:21.2513324Z [command]"C:\Program Files\Git\bin\git.exe" config --local --unset-all http.https://github.com/.extraheader
2026-09-17T14:03:21.2735633Z [command]"C:\Program Files\Git\bin\git.exe" submodule foreach --recursive "sh -c \"git config --local --name-only --get-regexp 'http\.https\:\/\/github\.com\/\.extraheader' && git config --local --unset-all 'http.https://github.com/.extraheader' || :\""
2026-09-17T14:03:21.6599298Z ##[endgroup]
2026-09-17T14:03:21.6927048Z ##[group]Run rustup toolchain install 1.98.1 --profile minimal --component rustfmt --component clippy
2026-09-17T14:03:21.6927720Z [36;1mrustup toolchain install 1.98.1 --profile minimal --component rustfmt --component clippy[0m
2026-09-17T14:03:21.6941052Z shell: C:\Program Files\Git\bin\bash.EXE --noprofile --norc -e -o pipefail {0}
2026-09-17T14:03:21.6941356Z env:
2026-09-17T14:03:21.6941529Z   RAYON_NUM_THREADS: 2
2026-09-17T14:03:21.6941688Z   CARGO_BUILD_JOBS: 2
2026-09-17T14:03:21.6941834Z ##[endgroup]
2026-09-17T14:03:22.3755044Z info: syncing channel updates for 1.98.1-x86_64-pc-windows-msvc
2026-09-17T14:03:22.8483892Z info: latest update on 2026-09-03 for version 1.98.1 (48a229cea 2026-09-01)
2026-09-17T14:03:22.8620876Z info: downloading 5 components
2026-09-17T14:03:30.7826658Z 
2026-09-17T14:03:30.8084196Z   1.98.1-x86_64-pc-windows-msvc installed - rustc 1.98.1 (48a229cea 2026-09-01)
2026-09-17T14:03:30.8084629Z 
2026-09-17T14:03:30.8279433Z ##[group]Run python -m unittest discover -s scripts/tests -p test_funded_rust.py -v
2026-09-17T14:03:30.8279977Z [36;1mpython -m unittest discover -s scripts/tests -p test_funded_rust.py -v[0m
2026-09-17T14:03:30.8289359Z shell: C:\Program Files\Git\bin\bash.EXE --noprofile --norc -e -o pipefail {0}
2026-09-17T14:03:30.8289654Z env:
2026-09-17T14:03:30.8289787Z   RAYON_NUM_THREADS: 2
2026-09-17T14:03:30.8289945Z   CARGO_BUILD_JOBS: 2
2026-09-17T14:03:30.8290095Z ##[endgroup]
2026-09-17T14:03:32.3007056Z test_command_failure_stops_cohort_and_never_reports_completion (test_funded_rust.FundedRustPlanTests.test_command_failure_stops_cohort_and_never_reports_completion) ... ok
2026-09-17T14:03:32.3015408Z test_commands_keep_flags_and_never_filter_test_names (test_funded_rust.FundedRustPlanTests.test_commands_keep_flags_and_never_filter_test_names) ... ok
2026-09-17T14:03:32.3023616Z test_empty_or_incomplete_inventory_fails (test_funded_rust.FundedRustPlanTests.test_empty_or_incomplete_inventory_fails) ... ok
2026-09-17T14:03:32.3026713Z test_future_binary_and_integration_targets_join_automatically (test_funded_rust.FundedRustPlanTests.test_future_binary_and_integration_targets_join_automatically) ... ok
2026-09-17T14:03:32.3042311Z test_invalid_names_and_duplicate_targets_fail (test_funded_rust.FundedRustPlanTests.test_invalid_names_and_duplicate_targets_fail) ... ok
2026-09-17T14:03:32.3047160Z test_metadata_failure_is_a_nonzero_exit (test_funded_rust.FundedRustPlanTests.test_metadata_failure_is_a_nonzero_exit) ... ok
2026-09-17T14:03:32.3054261Z test_plan_only_is_not_a_test_execution (test_funded_rust.FundedRustPlanTests.test_plan_only_is_not_a_test_execution) ... ok
2026-09-17T14:03:32.3059786Z test_reordering_metadata_does_not_change_plan (test_funded_rust.FundedRustPlanTests.test_reordering_metadata_does_not_change_plan) ... ok
2026-09-17T14:03:32.3065901Z test_target_union_is_complete_and_disjoint (test_funded_rust.FundedRustPlanTests.test_target_union_is_complete_and_disjoint) ... ok
2026-09-17T14:03:32.3066817Z test_unknown_cohort_or_schema_fails (test_funded_rust.FundedRustPlanTests.test_unknown_cohort_or_schema_fails) ... ok
2026-09-17T14:03:32.3087180Z test_unknown_or_disabled_targets_are_not_silently_omitted (test_funded_rust.FundedRustPlanTests.test_unknown_or_disabled_targets_are_not_silently_omitted) ... ok
2026-09-17T14:03:32.3094176Z test_unselected_features_fail (test_funded_rust.FundedRustPlanTests.test_unselected_features_fail) ... ok
2026-09-17T14:03:32.3194392Z test_wrong_workspace_identity_fails (test_funded_rust.FundedRustPlanTests.test_wrong_workspace_identity_fails) ... ok
2026-09-17T14:03:32.3194928Z 
2026-09-17T14:03:32.3195040Z ----------------------------------------------------------------------
2026-09-17T14:03:32.3195300Z Ran 13 tests in 0.020s
2026-09-17T14:03:32.3195406Z 
2026-09-17T14:03:32.3195458Z OK
2026-09-17T14:03:32.3559364Z ##[group]Run cargo fmt --all -- --check
2026-09-17T14:03:32.3559676Z [36;1mcargo fmt --all -- --check[0m
2026-09-17T14:03:32.3559942Z [36;1mcargo metadata --locked --format-version=1 > /dev/null[0m
2026-09-17T14:03:32.3560199Z [36;1mgit diff --exit-code[0m
2026-09-17T14:03:32.3568499Z shell: C:\Program Files\Git\bin\bash.EXE --noprofile --norc -e -o pipefail {0}
2026-09-17T14:03:32.3568783Z env:
2026-09-17T14:03:32.3568917Z   RAYON_NUM_THREADS: 2
2026-09-17T14:03:32.3569072Z   CARGO_BUILD_JOBS: 2
2026-09-17T14:03:32.3569223Z ##[endgroup]
2026-09-17T14:03:33.6081571Z Diff in \\?\D:\a\Zevune\Zevune\integration\orchard\src\pool\active\incremental.rs:154:
2026-09-17T14:03:33.6082094Z          }
2026-09-17T14:03:33.6082245Z          let mut appended = 0;
2026-09-17T14:03:33.6082458Z          if let Some(base) = self.segments.last() {
2026-09-17T14:03:33.6087547Z [31m-            let index = self.segments.len().checked_sub(1).ok_or(PoolError::Bounds)?;
2026-09-17T14:03:33.6088033Z [0m[32m+            let index = self
2026-09-17T14:03:33.6088272Z [0m[32m+                .segments
2026-09-17T14:03:33.6088489Z [0m[32m+                .len()
2026-09-17T14:03:33.6088702Z [0m[32m+                .checked_sub(1)
2026-09-17T14:03:33.6089014Z [0m[32m+                .ok_or(PoolError::Bounds)?;
2026-09-17T14:03:33.6089412Z [0m             let next = later.segments.get(index).ok_or(PoolError::Stale)?;
2026-09-17T14:03:33.6089878Z [31m-            let length = next.length.checked_sub(base.length).ok_or(PoolError::Stale)?;
2026-09-17T14:03:33.6090221Z [0m[32m+            let length = next
2026-09-17T14:03:33.6090434Z [0m[32m+                .length
2026-09-17T14:03:33.6090654Z [0m[32m+                .checked_sub(base.length)
2026-09-17T14:03:33.6090939Z [0m[32m+                .ok_or(PoolError::Stale)?;
2026-09-17T14:03:33.6091174Z [0m             if length != 0 {
2026-09-17T14:03:33.6091449Z                  emit_range(&mut consume, &mut appended, index, base.length, length)?;
2026-09-17T14:03:33.6091991Z              }
2026-09-17T14:03:33.6248404Z Diff in \\?\D:\a\Zevune\Zevune\integration\orchard\src\pool\active_flow_tests.rs:135:
2026-09-17T14:03:33.6248945Z      assert_eq!(plan.base_checkpoint(), base_pin);
2026-09-17T14:03:33.6249273Z      assert_eq!(plan.checkpoint(), later_pin);
2026-09-17T14:03:33.6249511Z      assert_eq!(plan.reused_bytes(), base_pin.length());
2026-09-17T14:03:33.6249971Z [31m-    assert_eq!(plan.appended_bytes(), later_pin.length() - base_pin.length());
2026-09-17T14:03:33.6250283Z [0m[32m+    assert_eq!(
2026-09-17T14:03:33.6250492Z [0m[32m+        plan.appended_bytes(),
2026-09-17T14:03:33.6250763Z [0m[32m+        later_pin.length() - base_pin.length()
2026-09-17T14:03:33.6251001Z [0m[32m+    );
2026-09-17T14:03:33.6251163Z [0m     assert_eq!(
2026-09-17T14:03:33.6251326Z          plan.new_segment_count(),
2026-09-17T14:03:33.6251554Z          later_pin.segment_count() - base_pin.segment_count()
2026-09-17T14:03:33.6318471Z Diff in \\?\D:\a\Zevune\Zevune\integration\orchard\src\pool\recovery\active\incremental\tests.rs:311:
2026-09-17T14:03:33.6319033Z              assert_eq!(directory_bytes(changed_path), changed);
2026-09-17T14:03:33.6319825Z              assert_eq!(
2026-09-17T14:03:33.6320606Z                  directory_bytes(if change_base { &later_path } else { &base_path }),
2026-09-17T14:03:33.6321517Z [31m-                if change_base { original_later } else { original_base }
2026-09-17T14:03:33.6321993Z [0m[32m+                if change_base {
2026-09-17T14:03:33.6322356Z [0m[32m+                    original_later
2026-09-17T14:03:33.6322710Z [0m[32m+                } else {
2026-09-17T14:03:33.6323037Z [0m[32m+                    original_base
2026-09-17T14:03:33.6323376Z [0m[32m+                }
2026-09-17T14:03:33.6323658Z [0m             );
2026-09-17T14:03:33.6323880Z          }
2026-09-17T14:03:33.6324067Z      }
2026-09-17T14:03:33.6326892Z Diff in \\?\D:\a\Zevune\Zevune\integration\orchard\src\pool\recovery\active\incremental\tests.rs:425:
2026-09-17T14:03:33.6327730Z              assert_eq!(base.incremental_plan(&mut later), Err(PoolError::Corrupt));
2026-09-17T14:03:33.6328361Z              assert_eq!(directory_bytes(&base_path), base_bytes);
2026-09-17T14:03:33.6328832Z              assert_eq!(directory_bytes(&later_path), later_bytes);
2026-09-17T14:03:33.6329636Z [31m-            assert_eq!(fs::read(alias).unwrap(), fs::read(path.join(SEGMENT)).unwrap());
2026-09-17T14:03:33.6330167Z [0m[32m+            assert_eq!(
2026-09-17T14:03:33.6330588Z [0m[32m+                fs::read(alias).unwrap(),
2026-09-17T14:03:33.6331148Z [0m[32m+                fs::read(path.join(SEGMENT)).unwrap()
2026-09-17T14:03:33.6331558Z [0m[32m+            );
2026-09-17T14:03:33.6331832Z [0m         }
2026-09-17T14:03:33.6332045Z      }
2026-09-17T14:03:33.6332242Z  }
2026-09-17T14:03:33.7256135Z Diff in \\?\D:\a\Zevune\Zevune\integration\orchard\tests\active_incremental_cli.rs:24:
2026-09-17T14:03:33.7256732Z      fn new() -> Self {
2026-09-17T14:03:33.7257003Z          let mut nonce = [0; 16];
2026-09-17T14:03:33.7257320Z          OsRng.fill_bytes(&mut nonce);
2026-09-17T14:03:33.7258401Z [31m-        let path = std::env::temp_dir().join(format!("zevune-active-incremental-cli-{}", hex(&nonce)));
2026-09-17T14:03:33.7259047Z [0m[32m+        let path =
2026-09-17T14:03:33.7259680Z [0m[32m+            std::env::temp_dir().join(format!("zevune-active-incremental-cli-{}", hex(&nonce)));
2026-09-17T14:03:33.7260330Z [0m         fs::create_dir(&path).unwrap();
2026-09-17T14:03:33.7260635Z          Self(path)
2026-09-17T14:03:33.7260848Z      }
2026-09-17T14:03:33.7261248Z Diff in \\?\D:\a\Zevune\Zevune\integration\orchard\tests\active_incremental_cli.rs:161:
2026-09-17T14:03:33.7261743Z      );
2026-09-17T14:03:33.7261963Z      assert!(output.stderr.is_empty());
2026-09-17T14:03:33.7262286Z      assert!(output.stdout.is_ascii());
2026-09-17T14:03:33.7262815Z [31m-    assert_eq!(output.stdout.iter().filter(|&&byte| byte == b'\n').count(), 1);
2026-09-17T14:03:33.7263331Z [0m[32m+    assert_eq!(
2026-09-17T14:03:33.7263765Z [0m[32m+        output.stdout.iter().filter(|&&byte| byte == b'\n').count(),
2026-09-17T14:03:33.7264233Z [0m[32m+        1
2026-09-17T14:03:33.7264483Z [0m[32m+    );
2026-09-17T14:03:33.7264826Z [0m     assert_eq!(output.stdout, expected.as_bytes());
2026-09-17T14:03:33.7265171Z  }
2026-09-17T14:03:33.7265355Z  
2026-09-17T14:03:33.7265719Z Diff in \\?\D:\a\Zevune\Zevune\integration\orchard\tests\active_incremental_cli.rs:304:
2026-09-17T14:03:33.7266239Z      assert!(alice.pending_id().is_none());
2026-09-17T14:03:33.7266561Z      drop(history);
2026-09-17T14:03:33.7266799Z      let second = bob
2026-09-17T14:03:33.7267343Z [31m-        .build_payment(carol.receive_address(0).unwrap(), 40_000, 1_000, 100, &prover)
2026-09-17T14:03:33.7267896Z [0m[32m+        .build_payment(
2026-09-17T14:03:33.7268278Z [0m[32m+            carol.receive_address(0).unwrap(),
2026-09-17T14:03:33.7268659Z [0m[32m+            40_000,
2026-09-17T14:03:33.7268933Z [0m[32m+            1_000,
2026-09-17T14:03:33.7269205Z [0m[32m+            100,
2026-09-17T14:03:33.7269811Z [0m[32m+            &prover,
2026-09-17T14:03:33.7271075Z [0m[32m+        )
2026-09-17T14:03:33.7271328Z [0m         .unwrap()
2026-09-17T14:03:33.7271557Z          .bytes()
2026-09-17T14:03:33.7271766Z          .to_vec();
2026-09-17T14:03:33.7272173Z Diff in \\?\D:\a\Zevune\Zevune\integration\orchard\tests\active_incremental_cli.rs:373:
2026-09-17T14:03:33.7272698Z          Err(PoolError::Authorization)
2026-09-17T14:03:33.7272991Z      ));
2026-09-17T14:03:33.7273188Z      failure(
2026-09-17T14:03:33.7273671Z [31m-        &call_readonly(&plan_args(&source, base_pin, &forged_path, forged_pin), &dir),
2026-09-17T14:03:33.7274232Z [0m[32m+        &call_readonly(
2026-09-17T14:03:33.7275278Z [0m[32m+            &plan_args(&source, base_pin, &forged_path, forged_pin),
2026-09-17T14:03:33.7275755Z [0m[32m+            &dir,
2026-09-17T14:03:33.7276034Z [0m[32m+        ),
2026-09-17T14:03:33.7276291Z [0m         &dir,
2026-09-17T14:03:33.7276508Z      );
2026-09-17T14:03:33.7276765Z      success(&call_readonly(&args, &dir), &expected);
2026-09-17T14:03:33.7277298Z Diff in \\?\D:\a\Zevune\Zevune\integration\orchard\tests\active_incremental_cli.rs:526:
2026-09-17T14:03:33.7277773Z          drop(right);
2026-09-17T14:03:33.7278013Z          drop(left);
2026-09-17T14:03:33.7278239Z          failure(
2026-09-17T14:03:33.7278783Z [31m-            &call_readonly(&plan_args(&base.path, base.pin, &later.path, later.pin), &f.dir),
2026-09-17T14:03:33.7279365Z [0m[32m+            &call_readonly(
2026-09-17T14:03:33.7279877Z [0m[32m+                &plan_args(&base.path, base.pin, &later.path, later.pin),
2026-09-17T14:03:33.7280345Z [0m[32m+                &f.dir,
2026-09-17T14:03:33.7280650Z [0m[32m+            ),
2026-09-17T14:03:33.7280931Z [0m             &f.dir,
2026-09-17T14:03:33.7281162Z          );
2026-09-17T14:03:33.7281361Z      }
2026-09-17T14:03:33.7281745Z Diff in \\?\D:\a\Zevune\Zevune\integration\orchard\tests\active_incremental_cli.rs:543:
2026-09-17T14:03:33.7282435Z  fn active_incremental_cli_wrong_pins_missing_and_damaged_bytes_fail_on_either_side() {
2026-09-17T14:03:33.7282967Z      let f = fixture(1, 3);
2026-09-17T14:03:33.7283400Z      let args = plan_args(&f.base.path, f.base.pin, &f.later.path, f.later.pin);
2026-09-17T14:03:33.7284177Z [31m-    for (key, pin) in [("--base-checkpoint", f.later.pin), ("--checkpoint", f.base.pin)] {
2026-09-17T14:03:33.7284764Z [0m[32m+    for (key, pin) in [
2026-09-17T14:03:33.7285174Z [0m[32m+        ("--base-checkpoint", f.later.pin),
2026-09-17T14:03:33.7285626Z [0m[32m+        ("--checkpoint", f.base.pin),
2026-09-17T14:03:33.7285999Z [0m[32m+    ] {
2026-09-17T14:03:33.7286334Z [0m         let mut wrong_pin = args.clone();
2026-09-17T14:03:33.7286751Z          set_option(&mut wrong_pin, key, hex(&pin.to_bytes()));
2026-09-17T14:03:33.7287188Z          failure(&call_readonly(&wrong_pin, &f.dir), &f.dir);
2026-09-17T14:03:33.8042755Z ##[error]Process completed with exit code 1.
2026-09-17T14:03:33.8233190Z Post job cleanup.
2026-09-17T14:03:33.9503062Z [command]"C:\Program Files\Git\bin\git.exe" version
2026-09-17T14:03:33.9718500Z git version 2.55.0.windows.5
2026-09-17T14:03:33.9766711Z Temporarily overriding HOME='D:\a\_temp\bc11affe-fb00-418a-8c0c-dbe744aece91' before making global git config changes
2026-09-17T14:03:33.9767599Z Adding repository directory to the temporary git global config as a safe directory
2026-09-17T14:03:33.9775166Z [command]"C:\Program Files\Git\bin\git.exe" config --global --add safe.directory D:\a\Zevune\Zevune
2026-09-17T14:03:34.0000562Z [command]"C:\Program Files\Git\bin\git.exe" config --local --name-only --get-regexp core\.sshCommand
2026-09-17T14:03:34.0224627Z [command]"C:\Program Files\Git\bin\git.exe" submodule foreach --recursive "sh -c \"git config --local --name-only --get-regexp 'core\.sshCommand' && git config --local --unset-all 'core.sshCommand' || :\""
2026-09-17T14:03:34.4422023Z [command]"C:\Program Files\Git\bin\git.exe" config --local --name-only --get-regexp http\.https\:\/\/github\.com\/\.extraheader
2026-09-17T14:03:34.4644928Z [command]"C:\Program Files\Git\bin\git.exe" submodule foreach --recursive "sh -c \"git config --local --name-only --get-regexp 'http\.https\:\/\/github\.com\/\.extraheader' && git config --local --unset-all 'http.https://github.com/.extraheader' || :\""
2026-09-17T14:03:34.8909235Z Cleaning up orphan processes
