2026-09-17T14:03:00.0065266Z Current runner version: '2.337.0'
2026-09-17T14:03:00.0091339Z ##[group]Runner Image Provisioner
2026-09-17T14:03:00.0092217Z Hosted Compute Agent
2026-09-17T14:03:00.0092822Z Version: 20260828.587
2026-09-17T14:03:00.0093572Z Commit: abac92662cab4cc7352de4f9f9d2e2419aad9c29
2026-09-17T14:03:00.0094314Z Build Date: 2026-08-28T16:44:25Z
2026-09-17T14:03:00.0095016Z Worker ID: {94d62f9c-4fd9-4283-8969-86832d9c433d}
2026-09-17T14:03:00.0095735Z Azure Region: westus2
2026-09-17T14:03:00.0096718Z ##[endgroup]
2026-09-17T14:03:00.0098330Z ##[group]Operating System
2026-09-17T14:03:00.0098978Z Ubuntu
2026-09-17T14:03:00.0099478Z 24.04.5
2026-09-17T14:03:00.0100087Z LTS
2026-09-17T14:03:00.0100642Z ##[endgroup]
2026-09-17T14:03:00.0101284Z ##[group]Runner Image
2026-09-17T14:03:00.0101879Z Image: ubuntu-24.04
2026-09-17T14:03:00.0102435Z Version: 20260907.300.1
2026-09-17T14:03:00.0103771Z Included Software: https://github.com/actions/runner-images/blob/ubuntu24/20260907.300/images/ubuntu/Ubuntu2404-Readme.md
2026-09-17T14:03:00.0105394Z Image Release: https://github.com/actions/runner-images/releases/tag/ubuntu24%2F20260907.300
2026-09-17T14:03:00.0106617Z ##[endgroup]
2026-09-17T14:03:00.0107753Z ##[group]GITHUB_TOKEN Permissions
2026-09-17T14:03:00.0109681Z Contents: read
2026-09-17T14:03:00.0110309Z Metadata: read
2026-09-17T14:03:00.0111006Z ##[endgroup]
2026-09-17T14:03:00.0113212Z Secret source: Actions
2026-09-17T14:03:00.0114254Z Cache mode: write
2026-09-17T14:03:00.0114966Z Prepare workflow directory
2026-09-17T14:03:00.0545515Z Prepare all required actions
2026-09-17T14:03:00.0595115Z Getting action download info
2026-09-17T14:03:00.4377071Z Download action repository 'actions/checkout@08c6903cd8c0fde910a37f88322edcfb5dd907a8' (SHA:08c6903cd8c0fde910a37f88322edcfb5dd907a8)
2026-09-17T14:03:00.6623355Z Complete job name: tests (ubuntu-latest)
2026-09-17T14:03:00.7430100Z ##[group]Run actions/checkout@08c6903cd8c0fde910a37f88322edcfb5dd907a8
2026-09-17T14:03:00.7431203Z with:
2026-09-17T14:03:00.7431668Z   persist-credentials: false
2026-09-17T14:03:00.7432220Z   repository: youq616/Zevune
2026-09-17T14:03:00.7436610Z   token: ***
2026-09-17T14:03:00.7437104Z   ssh-strict: true
2026-09-17T14:03:00.7437550Z   ssh-user: git
2026-09-17T14:03:00.7437982Z   clean: true
2026-09-17T14:03:00.7438442Z   sparse-checkout-cone-mode: true
2026-09-17T14:03:00.7438982Z   fetch-depth: 1
2026-09-17T14:03:00.7439428Z   fetch-tags: false
2026-09-17T14:03:00.7439885Z   show-progress: true
2026-09-17T14:03:00.7440343Z   lfs: false
2026-09-17T14:03:00.7440768Z   submodules: false
2026-09-17T14:03:00.7441306Z   set-safe-directory: true
2026-09-17T14:03:00.7442154Z env:
2026-09-17T14:03:00.7442579Z   RAYON_NUM_THREADS: 2
2026-09-17T14:03:00.7443048Z   CARGO_BUILD_JOBS: 2
2026-09-17T14:03:00.7443497Z ##[endgroup]
2026-09-17T14:03:00.8495797Z Syncing repository: youq616/Zevune
2026-09-17T14:03:00.8498790Z ##[group]Getting Git version info
2026-09-17T14:03:00.8500112Z Working directory is '/home/runner/work/Zevune/Zevune'
2026-09-17T14:03:00.8501736Z [command]/usr/bin/git version
2026-09-17T14:03:00.8569861Z git version 2.55.0
2026-09-17T14:03:00.8592648Z ##[endgroup]
2026-09-17T14:03:00.8610788Z Temporarily overriding HOME='/home/runner/work/_temp/aa8ea828-7014-4224-9a7c-200e3d237051' before making global git config changes
2026-09-17T14:03:00.8613190Z Adding repository directory to the temporary git global config as a safe directory
2026-09-17T14:03:00.8617806Z [command]/usr/bin/git config --global --add safe.directory /home/runner/work/Zevune/Zevune
2026-09-17T14:03:00.8677344Z Deleting the contents of '/home/runner/work/Zevune/Zevune'
2026-09-17T14:03:00.8682917Z ##[group]Initializing the repository
2026-09-17T14:03:00.8688210Z [command]/usr/bin/git init /home/runner/work/Zevune/Zevune
2026-09-17T14:03:00.8807569Z hint: Using 'master' as the name for the initial branch. This default branch name
2026-09-17T14:03:00.8809767Z hint: will change to "main" in Git 3.0. To configure the initial branch name
2026-09-17T14:03:00.8811662Z hint: to use in all of your new repositories, which will suppress this warning,
2026-09-17T14:03:00.8813485Z hint: call:
2026-09-17T14:03:00.8814351Z hint:
2026-09-17T14:03:00.8815389Z hint: 	git config --global init.defaultBranch <name>
2026-09-17T14:03:00.8816854Z hint:
2026-09-17T14:03:00.8818004Z hint: Names commonly chosen instead of 'master' are 'main', 'trunk' and
2026-09-17T14:03:00.8819723Z hint: 'development'. The just-created branch can be renamed via this command:
2026-09-17T14:03:00.8821068Z hint:
2026-09-17T14:03:00.8821843Z hint: 	git branch -m <name>
2026-09-17T14:03:00.8822749Z hint:
2026-09-17T14:03:00.8823868Z hint: Disable this message with "git config set advice.defaultBranchName false"
2026-09-17T14:03:00.8826162Z Initialized empty Git repository in /home/runner/work/Zevune/Zevune/.git/
2026-09-17T14:03:00.8829894Z [command]/usr/bin/git remote add origin https://github.com/youq616/Zevune
2026-09-17T14:03:00.8883492Z ##[endgroup]
2026-09-17T14:03:00.8884881Z ##[group]Disabling automatic garbage collection
2026-09-17T14:03:00.8889034Z [command]/usr/bin/git config --local gc.auto 0
2026-09-17T14:03:00.8926376Z ##[endgroup]
2026-09-17T14:03:00.8927960Z ##[group]Setting up auth
2026-09-17T14:03:00.8934605Z [command]/usr/bin/git config --local --name-only --get-regexp core\.sshCommand
2026-09-17T14:03:00.8978201Z [command]/usr/bin/git submodule foreach --recursive sh -c "git config --local --name-only --get-regexp 'core\.sshCommand' && git config --local --unset-all 'core.sshCommand' || :"
2026-09-17T14:03:00.9382203Z [command]/usr/bin/git config --local --name-only --get-regexp http\.https\:\/\/github\.com\/\.extraheader
2026-09-17T14:03:00.9423946Z [command]/usr/bin/git submodule foreach --recursive sh -c "git config --local --name-only --get-regexp 'http\.https\:\/\/github\.com\/\.extraheader' && git config --local --unset-all 'http.https://github.com/.extraheader' || :"
2026-09-17T14:03:00.9657087Z [command]/usr/bin/git config --local http.https://github.com/.extraheader AUTHORIZATION: basic ***
2026-09-17T14:03:00.9698742Z ##[endgroup]
2026-09-17T14:03:00.9700038Z ##[group]Fetching the repository
2026-09-17T14:03:00.9709320Z [command]/usr/bin/git -c protocol.version=2 fetch --no-tags --prune --no-recurse-submodules --depth=1 origin +066f033f2ca441bdd8533c8e1e4bfe2d3faa84a5:refs/remotes/pull/15/merge
2026-09-17T14:03:02.3805391Z From https://github.com/youq616/Zevune
2026-09-17T14:03:02.3807729Z  * [new ref]         066f033f2ca441bdd8533c8e1e4bfe2d3faa84a5 -> pull/15/merge
2026-09-17T14:03:02.3812562Z ##[endgroup]
2026-09-17T14:03:02.3814313Z ##[group]Determining the checkout info
2026-09-17T14:03:02.3816886Z ##[endgroup]
2026-09-17T14:03:02.3837489Z [command]/usr/bin/git sparse-checkout disable
2026-09-17T14:03:02.3888477Z [command]/usr/bin/git config --local --unset-all extensions.worktreeConfig
2026-09-17T14:03:02.3929315Z ##[group]Checking out the ref
2026-09-17T14:03:02.3935006Z [command]/usr/bin/git checkout --progress --force refs/remotes/pull/15/merge
2026-09-17T14:03:02.4834349Z Note: switching to 'refs/remotes/pull/15/merge'.
2026-09-17T14:03:02.4836619Z 
2026-09-17T14:03:02.4838739Z You are in 'detached HEAD' state. You can look around, make experimental
2026-09-17T14:03:02.4840617Z changes and commit them, and you can discard any commits you make in this
2026-09-17T14:03:02.4842102Z state without impacting any branches by switching back to a branch.
2026-09-17T14:03:02.4842940Z 
2026-09-17T14:03:02.4843583Z If you want to create a new branch to retain commits you create, you may
2026-09-17T14:03:02.4845233Z do so (now or later) by using -c with the switch command. Example:
2026-09-17T14:03:02.4846892Z 
2026-09-17T14:03:02.4847611Z   git switch -c <new-branch-name>
2026-09-17T14:03:02.4848644Z 
2026-09-17T14:03:02.4849256Z Or undo this operation with:
2026-09-17T14:03:02.4850109Z 
2026-09-17T14:03:02.4850597Z   git switch -
2026-09-17T14:03:02.4851419Z 
2026-09-17T14:03:02.4852673Z Turn off this advice by setting config variable advice.detachedHead to false
2026-09-17T14:03:02.4854420Z 
2026-09-17T14:03:02.4857022Z HEAD is now at 066f033 Merge 99ec771c57207167f473d23ffd07b54f15a36abc into 0927af157a3cc35abde14b036bc50a99a793a32b
2026-09-17T14:03:02.4862829Z ##[endgroup]
2026-09-17T14:03:02.4940541Z [command]/usr/bin/git log -1 --format=%H
2026-09-17T14:03:02.4969686Z 066f033f2ca441bdd8533c8e1e4bfe2d3faa84a5
2026-09-17T14:03:02.4981508Z ##[group]Removing auth
2026-09-17T14:03:02.4986359Z [command]/usr/bin/git config --local --name-only --get-regexp core\.sshCommand
2026-09-17T14:03:02.5024656Z [command]/usr/bin/git submodule foreach --recursive sh -c "git config --local --name-only --get-regexp 'core\.sshCommand' && git config --local --unset-all 'core.sshCommand' || :"
2026-09-17T14:03:02.5260003Z [command]/usr/bin/git config --local --name-only --get-regexp http\.https\:\/\/github\.com\/\.extraheader
2026-09-17T14:03:02.5294086Z http.https://github.com/.extraheader
2026-09-17T14:03:02.5304495Z [command]/usr/bin/git config --local --unset-all http.https://github.com/.extraheader
2026-09-17T14:03:02.5347219Z [command]/usr/bin/git submodule foreach --recursive sh -c "git config --local --name-only --get-regexp 'http\.https\:\/\/github\.com\/\.extraheader' && git config --local --unset-all 'http.https://github.com/.extraheader' || :"
2026-09-17T14:03:02.5577814Z ##[endgroup]
2026-09-17T14:03:02.5832332Z ##[group]Run rustup toolchain install 1.98.1 --profile minimal --component rustfmt --component clippy
2026-09-17T14:03:02.5835588Z [36;1mrustup toolchain install 1.98.1 --profile minimal --component rustfmt --component clippy[0m
2026-09-17T14:03:02.5881584Z shell: /usr/bin/bash --noprofile --norc -e -o pipefail {0}
2026-09-17T14:03:02.5883185Z env:
2026-09-17T14:03:02.5884141Z   RAYON_NUM_THREADS: 2
2026-09-17T14:03:02.5885245Z   CARGO_BUILD_JOBS: 2
2026-09-17T14:03:02.5886518Z ##[endgroup]
2026-09-17T14:03:02.6979310Z info: syncing channel updates for 1.98.1-x86_64-unknown-linux-gnu
2026-09-17T14:03:02.9798888Z info: latest update on 2026-09-03 for version 1.98.1 (48a229cea 2026-09-01)
2026-09-17T14:03:02.9799591Z info: downloading 5 components
2026-09-17T14:03:11.0606358Z 
2026-09-17T14:03:11.0680255Z   1.98.1-x86_64-unknown-linux-gnu installed - rustc 1.98.1 (48a229cea 2026-09-01)
2026-09-17T14:03:11.0680943Z 
2026-09-17T14:03:11.0818999Z ##[group]Run rustc --version
2026-09-17T14:03:11.0819503Z [36;1mrustc --version[0m
2026-09-17T14:03:11.0819922Z [36;1mcargo fmt --all -- --check[0m
2026-09-17T14:03:11.0820509Z [36;1mcargo metadata --locked --format-version=1 > /dev/null[0m
2026-09-17T14:03:11.0821245Z [36;1mtest -z "$(git status --porcelain --untracked-files=no)"[0m
2026-09-17T14:03:11.0872403Z shell: /usr/bin/bash --noprofile --norc -e -o pipefail {0}
2026-09-17T14:03:11.0872995Z env:
2026-09-17T14:03:11.0873327Z   RAYON_NUM_THREADS: 2
2026-09-17T14:03:11.0873699Z   CARGO_BUILD_JOBS: 2
2026-09-17T14:03:11.0874062Z ##[endgroup]
2026-09-17T14:03:11.1319735Z rustc 1.98.1 (48a229cea 2026-09-01)
2026-09-17T14:03:11.2583076Z Diff in /home/runner/work/Zevune/Zevune/integration/orchard/src/pool/active/incremental.rs:154:
2026-09-17T14:03:11.2584450Z          }
2026-09-17T14:03:11.2585141Z          let mut appended = 0;
2026-09-17T14:03:11.2585886Z          if let Some(base) = self.segments.last() {
2026-09-17T14:03:11.2592586Z -            let index = self.segments.len().checked_sub(1).ok_or(PoolError::Bounds)?;
2026-09-17T14:03:11.2593427Z +            let index = self
2026-09-17T14:03:11.2593867Z +                .segments
2026-09-17T14:03:11.2594256Z +                .len()
2026-09-17T14:03:11.2594636Z +                .checked_sub(1)
2026-09-17T14:03:11.2595130Z +                .ok_or(PoolError::Bounds)?;
2026-09-17T14:03:11.2595801Z              let next = later.segments.get(index).ok_or(PoolError::Stale)?;
2026-09-17T14:03:11.2597011Z -            let length = next.length.checked_sub(base.length).ok_or(PoolError::Stale)?;
2026-09-17T14:03:11.2597769Z +            let length = next
2026-09-17T14:03:11.2598177Z +                .length
2026-09-17T14:03:11.2598598Z +                .checked_sub(base.length)
2026-09-17T14:03:11.2599702Z +                .ok_or(PoolError::Stale)?;
2026-09-17T14:03:11.2600438Z              if length != 0 {
2026-09-17T14:03:11.2601092Z                  emit_range(&mut consume, &mut appended, index, base.length, length)?;
2026-09-17T14:03:11.2601810Z              }
2026-09-17T14:03:11.2766425Z Diff in /home/runner/work/Zevune/Zevune/integration/orchard/src/pool/active_flow_tests.rs:135:
2026-09-17T14:03:11.2767557Z      assert_eq!(plan.base_checkpoint(), base_pin);
2026-09-17T14:03:11.2768159Z      assert_eq!(plan.checkpoint(), later_pin);
2026-09-17T14:03:11.2768789Z      assert_eq!(plan.reused_bytes(), base_pin.length());
2026-09-17T14:03:11.2769609Z -    assert_eq!(plan.appended_bytes(), later_pin.length() - base_pin.length());
2026-09-17T14:03:11.2770354Z +    assert_eq!(
2026-09-17T14:03:11.2770780Z +        plan.appended_bytes(),
2026-09-17T14:03:11.2771277Z +        later_pin.length() - base_pin.length()
2026-09-17T14:03:11.2771787Z +    );
2026-09-17T14:03:11.2772095Z      assert_eq!(
2026-09-17T14:03:11.2772523Z          plan.new_segment_count(),
2026-09-17T14:03:11.2773105Z          later_pin.segment_count() - base_pin.segment_count()
2026-09-17T14:03:11.2841184Z Diff in /home/runner/work/Zevune/Zevune/integration/orchard/src/pool/recovery/active/incremental/tests.rs:311:
2026-09-17T14:03:11.2842406Z              assert_eq!(directory_bytes(changed_path), changed);
2026-09-17T14:03:11.2843001Z              assert_eq!(
2026-09-17T14:03:11.2843611Z                  directory_bytes(if change_base { &later_path } else { &base_path }),
2026-09-17T14:03:11.2844440Z -                if change_base { original_later } else { original_base }
2026-09-17T14:03:11.2845071Z +                if change_base {
2026-09-17T14:03:11.2845534Z +                    original_later
2026-09-17T14:03:11.2846240Z +                } else {
2026-09-17T14:03:11.2846658Z +                    original_base
2026-09-17T14:03:11.2847090Z +                }
2026-09-17T14:03:11.2847437Z              );
2026-09-17T14:03:11.2847805Z          }
2026-09-17T14:03:11.2848118Z      }
2026-09-17T14:03:11.2848931Z Diff in /home/runner/work/Zevune/Zevune/integration/orchard/src/pool/recovery/active/incremental/tests.rs:425:
2026-09-17T14:03:11.2850842Z              assert_eq!(base.incremental_plan(&mut later), Err(PoolError::Corrupt));
2026-09-17T14:03:11.2851715Z              assert_eq!(directory_bytes(&base_path), base_bytes);
2026-09-17T14:03:11.2852414Z              assert_eq!(directory_bytes(&later_path), later_bytes);
2026-09-17T14:03:11.2853343Z -            assert_eq!(fs::read(alias).unwrap(), fs::read(path.join(SEGMENT)).unwrap());
2026-09-17T14:03:11.2854074Z +            assert_eq!(
2026-09-17T14:03:11.2854509Z +                fs::read(alias).unwrap(),
2026-09-17T14:03:11.2855060Z +                fs::read(path.join(SEGMENT)).unwrap()
2026-09-17T14:03:11.2855564Z +            );
2026-09-17T14:03:11.2855903Z          }
2026-09-17T14:03:11.2856476Z      }
2026-09-17T14:03:11.2856773Z  }
2026-09-17T14:03:11.3771299Z Diff in /home/runner/work/Zevune/Zevune/integration/orchard/tests/active_incremental_cli.rs:24:
2026-09-17T14:03:11.3773167Z      fn new() -> Self {
2026-09-17T14:03:11.3773934Z          let mut nonce = [0; 16];
2026-09-17T14:03:11.3774843Z          OsRng.fill_bytes(&mut nonce);
2026-09-17T14:03:11.3775875Z -        let path = std::env::temp_dir().join(format!("zevune-active-incremental-cli-{}", hex(&nonce)));
2026-09-17T14:03:11.3778097Z +        let path =
2026-09-17T14:03:11.3778742Z +            std::env::temp_dir().join(format!("zevune-active-incremental-cli-{}", hex(&nonce)));
2026-09-17T14:03:11.3779510Z          fs::create_dir(&path).unwrap();
2026-09-17T14:03:11.3779962Z          Self(path)
2026-09-17T14:03:11.3780293Z      }
2026-09-17T14:03:11.3780977Z Diff in /home/runner/work/Zevune/Zevune/integration/orchard/tests/active_incremental_cli.rs:161:
2026-09-17T14:03:11.3781782Z      );
2026-09-17T14:03:11.3782115Z      assert!(output.stderr.is_empty());
2026-09-17T14:03:11.3782597Z      assert!(output.stdout.is_ascii());
2026-09-17T14:03:11.3783686Z -    assert_eq!(output.stdout.iter().filter(|&&byte| byte == b'\n').count(), 1);
2026-09-17T14:03:11.3784360Z +    assert_eq!(
2026-09-17T14:03:11.3784844Z +        output.stdout.iter().filter(|&&byte| byte == b'\n').count(),
2026-09-17T14:03:11.3785423Z +        1
2026-09-17T14:03:11.3785716Z +    );
2026-09-17T14:03:11.3786314Z      assert_eq!(output.stdout, expected.as_bytes());
2026-09-17T14:03:11.3786824Z  }
2026-09-17T14:03:11.3787104Z  
2026-09-17T14:03:11.3787774Z Diff in /home/runner/work/Zevune/Zevune/integration/orchard/tests/active_incremental_cli.rs:304:
2026-09-17T14:03:11.3788719Z      assert!(alice.pending_id().is_none());
2026-09-17T14:03:11.3789183Z      drop(history);
2026-09-17T14:03:11.3789563Z      let second = bob
2026-09-17T14:03:11.3790237Z -        .build_payment(carol.receive_address(0).unwrap(), 40_000, 1_000, 100, &prover)
2026-09-17T14:03:11.3790978Z +        .build_payment(
2026-09-17T14:03:11.3791435Z +            carol.receive_address(0).unwrap(),
2026-09-17T14:03:11.3792005Z +            40_000,
2026-09-17T14:03:11.3792355Z +            1_000,
2026-09-17T14:03:11.3792736Z +            100,
2026-09-17T14:03:11.3793087Z +            &prover,
2026-09-17T14:03:11.3793466Z +        )
2026-09-17T14:03:11.3793827Z          .unwrap()
2026-09-17T14:03:11.3794189Z          .bytes()
2026-09-17T14:03:11.3794551Z          .to_vec();
2026-09-17T14:03:11.3795338Z Diff in /home/runner/work/Zevune/Zevune/integration/orchard/tests/active_incremental_cli.rs:373:
2026-09-17T14:03:11.3796389Z          Err(PoolError::Authorization)
2026-09-17T14:03:11.3796855Z      ));
2026-09-17T14:03:11.3797187Z      failure(
2026-09-17T14:03:11.3797852Z -        &call_readonly(&plan_args(&source, base_pin, &forged_path, forged_pin), &dir),
2026-09-17T14:03:11.3798595Z +        &call_readonly(
2026-09-17T14:03:11.3799129Z +            &plan_args(&source, base_pin, &forged_path, forged_pin),
2026-09-17T14:03:11.3799709Z +            &dir,
2026-09-17T14:03:11.3800026Z +        ),
2026-09-17T14:03:11.3800338Z          &dir,
2026-09-17T14:03:11.3800674Z      );
2026-09-17T14:03:11.3801093Z      success(&call_readonly(&args, &dir), &expected);
2026-09-17T14:03:11.3802299Z Diff in /home/runner/work/Zevune/Zevune/integration/orchard/tests/active_incremental_cli.rs:526:
2026-09-17T14:03:11.3803177Z          drop(right);
2026-09-17T14:03:11.3803586Z          drop(left);
2026-09-17T14:03:11.3803985Z          failure(
2026-09-17T14:03:11.3804697Z -            &call_readonly(&plan_args(&base.path, base.pin, &later.path, later.pin), &f.dir),
2026-09-17T14:03:11.3805555Z +            &call_readonly(
2026-09-17T14:03:11.3806317Z +                &plan_args(&base.path, base.pin, &later.path, later.pin),
2026-09-17T14:03:11.3806946Z +                &f.dir,
2026-09-17T14:03:11.3807299Z +            ),
2026-09-17T14:03:11.3807611Z              &f.dir,
2026-09-17T14:03:11.3807936Z          );
2026-09-17T14:03:11.3808229Z      }
2026-09-17T14:03:11.3808901Z Diff in /home/runner/work/Zevune/Zevune/integration/orchard/tests/active_incremental_cli.rs:543:
2026-09-17T14:03:11.3810011Z  fn active_incremental_cli_wrong_pins_missing_and_damaged_bytes_fail_on_either_side() {
2026-09-17T14:03:11.3810759Z      let f = fixture(1, 3);
2026-09-17T14:03:11.3811359Z      let args = plan_args(&f.base.path, f.base.pin, &f.later.path, f.later.pin);
2026-09-17T14:03:11.3812315Z -    for (key, pin) in [("--base-checkpoint", f.later.pin), ("--checkpoint", f.base.pin)] {
2026-09-17T14:03:11.3813138Z +    for (key, pin) in [
2026-09-17T14:03:11.3813629Z +        ("--base-checkpoint", f.later.pin),
2026-09-17T14:03:11.3814120Z +        ("--checkpoint", f.base.pin),
2026-09-17T14:03:11.3814542Z +    ] {
2026-09-17T14:03:11.3814873Z          let mut wrong_pin = args.clone();
2026-09-17T14:03:11.3815429Z          set_option(&mut wrong_pin, key, hex(&pin.to_bytes()));
2026-09-17T14:03:11.3816430Z          failure(&call_readonly(&wrong_pin, &f.dir), &f.dir);
2026-09-17T14:03:11.4240060Z ##[error]Process completed with exit code 1.
2026-09-17T14:03:11.4404896Z Post job cleanup.
2026-09-17T14:03:11.5296987Z [command]/usr/bin/git version
2026-09-17T14:03:11.5342733Z git version 2.55.0
2026-09-17T14:03:11.5388383Z Temporarily overriding HOME='/home/runner/work/_temp/e5c53ee9-9859-4351-b8a8-324c235c2c8f' before making global git config changes
2026-09-17T14:03:11.5393221Z Adding repository directory to the temporary git global config as a safe directory
2026-09-17T14:03:11.5395686Z [command]/usr/bin/git config --global --add safe.directory /home/runner/work/Zevune/Zevune
2026-09-17T14:03:11.5444840Z [command]/usr/bin/git config --local --name-only --get-regexp core\.sshCommand
2026-09-17T14:03:11.5489754Z [command]/usr/bin/git submodule foreach --recursive sh -c "git config --local --name-only --get-regexp 'core\.sshCommand' && git config --local --unset-all 'core.sshCommand' || :"
2026-09-17T14:03:11.5750106Z [command]/usr/bin/git config --local --name-only --get-regexp http\.https\:\/\/github\.com\/\.extraheader
2026-09-17T14:03:11.5795617Z [command]/usr/bin/git submodule foreach --recursive sh -c "git config --local --name-only --get-regexp 'http\.https\:\/\/github\.com\/\.extraheader' && git config --local --unset-all 'http.https://github.com/.extraheader' || :"
2026-09-17T14:03:11.6250997Z Cleaning up orphan processes
