2026-09-17T08:25:16.0575046Z Current runner version: '2.337.0'
2026-09-17T08:25:16.0602720Z ##[group]Runner Image Provisioner
2026-09-17T08:25:16.0603756Z Hosted Compute Agent
2026-09-17T08:25:16.0604511Z Version: 20260828.587
2026-09-17T08:25:16.0605310Z Commit: abac92662cab4cc7352de4f9f9d2e2419aad9c29
2026-09-17T08:25:16.0606302Z Build Date: 2026-08-28T16:44:25Z
2026-09-17T08:25:16.0607116Z Worker ID: {79b7fd04-4c96-42c4-851e-214b73dee21f}
2026-09-17T08:25:16.0608056Z Azure Region: westus3
2026-09-17T08:25:16.0608792Z ##[endgroup]
2026-09-17T08:25:16.0610605Z ##[group]Operating System
2026-09-17T08:25:16.0611466Z Ubuntu
2026-09-17T08:25:16.0612091Z 24.04.5
2026-09-17T08:25:16.0612685Z LTS
2026-09-17T08:25:16.0613431Z ##[endgroup]
2026-09-17T08:25:16.0614156Z ##[group]Runner Image
2026-09-17T08:25:16.0614946Z Image: ubuntu-24.04
2026-09-17T08:25:16.0615628Z Version: 20260907.300.1
2026-09-17T08:25:16.0617278Z Included Software: https://github.com/actions/runner-images/blob/ubuntu24/20260907.300/images/ubuntu/Ubuntu2404-Readme.md
2026-09-17T08:25:16.0619236Z Image Release: https://github.com/actions/runner-images/releases/tag/ubuntu24%2F20260907.300
2026-09-17T08:25:16.0620672Z ##[endgroup]
2026-09-17T08:25:16.0621966Z ##[group]GITHUB_TOKEN Permissions
2026-09-17T08:25:16.0624254Z Contents: read
2026-09-17T08:25:16.0624965Z Metadata: read
2026-09-17T08:25:16.0625624Z ##[endgroup]
2026-09-17T08:25:16.0628038Z Secret source: Actions
2026-09-17T08:25:16.0629155Z Cache mode: write
2026-09-17T08:25:16.0630143Z Prepare workflow directory
2026-09-17T08:25:16.1076288Z Prepare all required actions
2026-09-17T08:25:16.1115479Z Getting action download info
2026-09-17T08:25:16.3871595Z Download action repository 'actions/checkout@08c6903cd8c0fde910a37f88322edcfb5dd907a8' (SHA:08c6903cd8c0fde910a37f88322edcfb5dd907a8)
2026-09-17T08:25:16.6769881Z Download action repository 'actions/setup-go@44694675825211faa026b3c33043df3e48a5fa00' (SHA:44694675825211faa026b3c33043df3e48a5fa00)
2026-09-17T08:25:17.6747797Z Complete job name: funded (ubuntu-latest)
2026-09-17T08:25:17.7378418Z ##[group]Run actions/checkout@08c6903cd8c0fde910a37f88322edcfb5dd907a8
2026-09-17T08:25:17.7379294Z with:
2026-09-17T08:25:17.7379681Z   persist-credentials: false
2026-09-17T08:25:17.7380175Z   repository: youq616/Zevune
2026-09-17T08:25:17.7383460Z   token: ***
2026-09-17T08:25:17.7383840Z   ssh-strict: true
2026-09-17T08:25:17.7384216Z   ssh-user: git
2026-09-17T08:25:17.7384589Z   clean: true
2026-09-17T08:25:17.7384969Z   sparse-checkout-cone-mode: true
2026-09-17T08:25:17.7385413Z   fetch-depth: 1
2026-09-17T08:25:17.7385779Z   fetch-tags: false
2026-09-17T08:25:17.7386159Z   show-progress: true
2026-09-17T08:25:17.7386545Z   lfs: false
2026-09-17T08:25:17.7386908Z   submodules: false
2026-09-17T08:25:17.7387293Z   set-safe-directory: true
2026-09-17T08:25:17.7387904Z env:
2026-09-17T08:25:17.7388251Z   RAYON_NUM_THREADS: 2
2026-09-17T08:25:17.7388646Z   CARGO_BUILD_JOBS: 2
2026-09-17T08:25:17.7389033Z ##[endgroup]
2026-09-17T08:25:17.8193600Z Syncing repository: youq616/Zevune
2026-09-17T08:25:17.8195787Z ##[group]Getting Git version info
2026-09-17T08:25:17.8196742Z Working directory is '/home/runner/work/Zevune/Zevune'
2026-09-17T08:25:17.8198199Z [command]/usr/bin/git version
2026-09-17T08:25:17.8442087Z git version 2.55.0
2026-09-17T08:25:17.8458709Z ##[endgroup]
2026-09-17T08:25:17.8471965Z Temporarily overriding HOME='/home/runner/work/_temp/51711fac-5b3b-43bc-835b-197112ef3b69' before making global git config changes
2026-09-17T08:25:17.8473876Z Adding repository directory to the temporary git global config as a safe directory
2026-09-17T08:25:17.8476038Z [command]/usr/bin/git config --global --add safe.directory /home/runner/work/Zevune/Zevune
2026-09-17T08:25:17.8517154Z Deleting the contents of '/home/runner/work/Zevune/Zevune'
2026-09-17T08:25:17.8521440Z ##[group]Initializing the repository
2026-09-17T08:25:17.8525291Z [command]/usr/bin/git init /home/runner/work/Zevune/Zevune
2026-09-17T08:25:17.8594824Z hint: Using 'master' as the name for the initial branch. This default branch name
2026-09-17T08:25:17.8596002Z hint: will change to "main" in Git 3.0. To configure the initial branch name
2026-09-17T08:25:17.8596793Z hint: to use in all of your new repositories, which will suppress this warning,
2026-09-17T08:25:17.8597472Z hint: call:
2026-09-17T08:25:17.8597827Z hint:
2026-09-17T08:25:17.8598293Z hint: 	git config --global init.defaultBranch <name>
2026-09-17T08:25:17.8598825Z hint:
2026-09-17T08:25:17.8599323Z hint: Names commonly chosen instead of 'master' are 'main', 'trunk' and
2026-09-17T08:25:17.8600117Z hint: 'development'. The just-created branch can be renamed via this command:
2026-09-17T08:25:17.8600938Z hint:
2026-09-17T08:25:17.8601293Z hint: 	git branch -m <name>
2026-09-17T08:25:17.8601710Z hint:
2026-09-17T08:25:17.8602238Z hint: Disable this message with "git config set advice.defaultBranchName false"
2026-09-17T08:25:17.8606569Z Initialized empty Git repository in /home/runner/work/Zevune/Zevune/.git/
2026-09-17T08:25:17.8614966Z [command]/usr/bin/git remote add origin https://github.com/youq616/Zevune
2026-09-17T08:25:17.8650320Z ##[endgroup]
2026-09-17T08:25:17.8651183Z ##[group]Disabling automatic garbage collection
2026-09-17T08:25:17.8653853Z [command]/usr/bin/git config --local gc.auto 0
2026-09-17T08:25:17.8679534Z ##[endgroup]
2026-09-17T08:25:17.8680196Z ##[group]Setting up auth
2026-09-17T08:25:17.8685724Z [command]/usr/bin/git config --local --name-only --get-regexp core\.sshCommand
2026-09-17T08:25:17.8712183Z [command]/usr/bin/git submodule foreach --recursive sh -c "git config --local --name-only --get-regexp 'core\.sshCommand' && git config --local --unset-all 'core.sshCommand' || :"
2026-09-17T08:25:17.9000034Z [command]/usr/bin/git config --local --name-only --get-regexp http\.https\:\/\/github\.com\/\.extraheader
2026-09-17T08:25:17.9033037Z [command]/usr/bin/git submodule foreach --recursive sh -c "git config --local --name-only --get-regexp 'http\.https\:\/\/github\.com\/\.extraheader' && git config --local --unset-all 'http.https://github.com/.extraheader' || :"
2026-09-17T08:25:17.9232017Z [command]/usr/bin/git config --local http.https://github.com/.extraheader AUTHORIZATION: basic ***
2026-09-17T08:25:17.9265304Z ##[endgroup]
2026-09-17T08:25:17.9266002Z ##[group]Fetching the repository
2026-09-17T08:25:17.9273754Z [command]/usr/bin/git -c protocol.version=2 fetch --no-tags --prune --no-recurse-submodules --depth=1 origin +bc2e180ec53be25ee36b80931adbd5e8dbe1d9a3:refs/remotes/pull/13/merge
2026-09-17T08:25:19.2826707Z From https://github.com/youq616/Zevune
2026-09-17T08:25:19.2828816Z  * [new ref]         bc2e180ec53be25ee36b80931adbd5e8dbe1d9a3 -> pull/13/merge
2026-09-17T08:25:19.2832802Z ##[endgroup]
2026-09-17T08:25:19.2834242Z ##[group]Determining the checkout info
2026-09-17T08:25:19.2835847Z ##[endgroup]
2026-09-17T08:25:19.2838712Z [command]/usr/bin/git sparse-checkout disable
2026-09-17T08:25:19.2879098Z [command]/usr/bin/git config --local --unset-all extensions.worktreeConfig
2026-09-17T08:25:19.2905389Z ##[group]Checking out the ref
2026-09-17T08:25:19.2908482Z [command]/usr/bin/git checkout --progress --force refs/remotes/pull/13/merge
2026-09-17T08:25:19.3313250Z Note: switching to 'refs/remotes/pull/13/merge'.
2026-09-17T08:25:19.3314260Z 
2026-09-17T08:25:19.3314997Z You are in 'detached HEAD' state. You can look around, make experimental
2026-09-17T08:25:19.3316694Z changes and commit them, and you can discard any commits you make in this
2026-09-17T08:25:19.3318023Z state without impacting any branches by switching back to a branch.
2026-09-17T08:25:19.3318824Z 
2026-09-17T08:25:19.3319422Z If you want to create a new branch to retain commits you create, you may
2026-09-17T08:25:19.3320764Z do so (now or later) by using -c with the switch command. Example:
2026-09-17T08:25:19.3321457Z 
2026-09-17T08:25:19.3321777Z   git switch -c <new-branch-name>
2026-09-17T08:25:19.3322270Z 
2026-09-17T08:25:19.3322641Z Or undo this operation with:
2026-09-17T08:25:19.3323220Z 
2026-09-17T08:25:19.3323618Z   git switch -
2026-09-17T08:25:19.3324516Z 
2026-09-17T08:25:19.3325223Z Turn off this advice by setting config variable advice.detachedHead to false
2026-09-17T08:25:19.3326213Z 
2026-09-17T08:25:19.3327371Z HEAD is now at bc2e180 Merge 7477d9e0656ed751f525a4b6fe9f6649b995ede6 into 6913d4ab2fda6956db37e0ceb49790a4518c2762
2026-09-17T08:25:19.3502771Z ##[endgroup]
2026-09-17T08:25:19.3542501Z [command]/usr/bin/git log -1 --format=%H
2026-09-17T08:25:19.3564873Z bc2e180ec53be25ee36b80931adbd5e8dbe1d9a3
2026-09-17T08:25:19.3573116Z ##[group]Removing auth
2026-09-17T08:25:19.3575899Z [command]/usr/bin/git config --local --name-only --get-regexp core\.sshCommand
2026-09-17T08:25:19.3602986Z [command]/usr/bin/git submodule foreach --recursive sh -c "git config --local --name-only --get-regexp 'core\.sshCommand' && git config --local --unset-all 'core.sshCommand' || :"
2026-09-17T08:25:19.3790647Z [command]/usr/bin/git config --local --name-only --get-regexp http\.https\:\/\/github\.com\/\.extraheader
2026-09-17T08:25:19.3813561Z http.https://github.com/.extraheader
2026-09-17T08:25:19.3819351Z [command]/usr/bin/git config --local --unset-all http.https://github.com/.extraheader
2026-09-17T08:25:19.3847820Z [command]/usr/bin/git submodule foreach --recursive sh -c "git config --local --name-only --get-regexp 'http\.https\:\/\/github\.com\/\.extraheader' && git config --local --unset-all 'http.https://github.com/.extraheader' || :"
2026-09-17T08:25:19.4029734Z ##[endgroup]
2026-09-17T08:25:19.4375357Z Node 20 is being deprecated. This workflow is running with Node 24 by default. If you need to temporarily use Node 20, you can set the ACTIONS_ALLOW_USE_UNSECURE_NODE_VERSION=true environment variable. For more information see: https://github.blog/changelog/2025-09-19-deprecation-of-node-20-on-github-actions-runners/
2026-09-17T08:25:19.4380038Z ##[group]Run actions/setup-go@44694675825211faa026b3c33043df3e48a5fa00
2026-09-17T08:25:19.4381474Z with:
2026-09-17T08:25:19.4382259Z   go-version: 1.27.1
2026-09-17T08:25:19.4383265Z   cache-dependency-path: integration/cometbft/go.sum
2026-09-17T08:25:19.4384467Z   check-latest: false
2026-09-17T08:25:19.4391612Z   token: ***
2026-09-17T08:25:19.4392424Z   cache: true
2026-09-17T08:25:19.4393220Z env:
2026-09-17T08:25:19.4393989Z   RAYON_NUM_THREADS: 2
2026-09-17T08:25:19.4394861Z   CARGO_BUILD_JOBS: 2
2026-09-17T08:25:19.4395716Z ##[endgroup]
2026-09-17T08:25:19.5466518Z Setup go version spec 1.27.1
2026-09-17T08:25:19.5474976Z Attempting to download 1.27.1...
2026-09-17T08:25:19.5565607Z (node:2075) [DEP0040] DeprecationWarning: The `punycode` module is deprecated. Please use a userland alternative instead.
2026-09-17T08:25:19.5568255Z (Use `node --trace-deprecation ...` to show where the warning was created)
2026-09-17T08:25:20.4590528Z matching 1.27.1...
2026-09-17T08:25:20.4609478Z Acquiring 1.27.1 from https://github.com/actions/go-versions/releases/download/1.27.1-33583469715/go-1.27.1-linux-x64.tar.gz
2026-09-17T08:25:20.9104536Z Extracting Go...
2026-09-17T08:25:20.9198422Z [command]/usr/bin/tar xz --warning=no-unknown-keyword --overwrite -C /home/runner/work/_temp/69d711af-fda8-4a24-955d-dbcc6ced05b4 -f /home/runner/work/_temp/244363ac-dde7-4ee5-aba8-68af71479303
2026-09-17T08:25:22.3531305Z Successfully extracted go to /home/runner/work/_temp/69d711af-fda8-4a24-955d-dbcc6ced05b4
2026-09-17T08:25:22.3531791Z Adding to the cache ...
2026-09-17T08:25:28.2417066Z Successfully cached go to /opt/hostedtoolcache/go/1.27.1/x64
2026-09-17T08:25:28.2419168Z Added go to the path
2026-09-17T08:25:28.2421667Z Successfully set up Go version 1.27.1
2026-09-17T08:25:28.2613205Z [command]/opt/hostedtoolcache/go/1.27.1/x64/bin/go env GOMODCACHE
2026-09-17T08:25:28.2646898Z [command]/opt/hostedtoolcache/go/1.27.1/x64/bin/go env GOCACHE
2026-09-17T08:25:28.2681114Z /home/runner/go/pkg/mod
2026-09-17T08:25:28.2697659Z /home/runner/.cache/go-build
2026-09-17T08:25:28.4891870Z Cache hit for: setup-go-Linux-x64-ubuntu24-go-1.27.1-ef6b0fbca0a8d0b6206b16c85f11c4a6c772908ae2660ca86a6b7ee95979c938
2026-09-17T08:25:28.4978159Z (node:2075) [DEP0169] DeprecationWarning: `url.parse()` behavior is not standardized and prone to errors that have security implications. Use the WHATWG URL API instead. CVEs are not issued for `url.parse()` vulnerabilities.
2026-09-17T08:25:29.7177460Z Received 33554432 of 484452015 (6.9%), 32.0 MBs/sec
2026-09-17T08:25:30.7152607Z Received 192937984 of 484452015 (39.8%), 92.0 MBs/sec
2026-09-17T08:25:31.7171188Z Received 394264576 of 484452015 (81.4%), 125.3 MBs/sec
2026-09-17T08:25:32.3559507Z Received 484452015 of 484452015 (100.0%), 126.9 MBs/sec
2026-09-17T08:25:32.3559982Z Cache Size: ~462 MB (484452015 B)
2026-09-17T08:25:32.3587081Z [command]/usr/bin/tar -xf /home/runner/work/_temp/0aa5703f-041b-4299-9390-12f6d0d88125/cache.tzst -P -C /home/runner/work/Zevune/Zevune --use-compress-program unzstd
2026-09-17T08:25:34.8984282Z Cache restored successfully
2026-09-17T08:25:34.9608552Z Cache restored from key: setup-go-Linux-x64-ubuntu24-go-1.27.1-ef6b0fbca0a8d0b6206b16c85f11c4a6c772908ae2660ca86a6b7ee95979c938
2026-09-17T08:25:34.9634539Z go version go1.27.1 linux/amd64
2026-09-17T08:25:34.9634795Z 
2026-09-17T08:25:34.9635235Z ##[group]go env
2026-09-17T08:25:35.0788086Z AR='ar'
2026-09-17T08:25:35.0788391Z CC='gcc'
2026-09-17T08:25:35.0788644Z CGO_CFLAGS='-O2 -g'
2026-09-17T08:25:35.0788944Z CGO_CPPFLAGS=''
2026-09-17T08:25:35.0789232Z CGO_CXXFLAGS='-O2 -g'
2026-09-17T08:25:35.0789536Z CGO_ENABLED='1'
2026-09-17T08:25:35.0790120Z CGO_FFLAGS='-O2 -g'
2026-09-17T08:25:35.0790519Z CGO_LDFLAGS='-O2 -g'
2026-09-17T08:25:35.0790804Z CXX='g++'
2026-09-17T08:25:35.0791054Z GCCGO='gccgo'
2026-09-17T08:25:35.0791274Z GO111MODULE=''
2026-09-17T08:25:35.0791446Z GOAMD64='v1'
2026-09-17T08:25:35.0791604Z GOARCH='amd64'
2026-09-17T08:25:35.0791764Z GOAUTH='netrc'
2026-09-17T08:25:35.0791945Z GOBIN='/home/runner/go/bin'
2026-09-17T08:25:35.0792167Z GOCACHE='/home/runner/.cache/go-build'
2026-09-17T08:25:35.0792392Z GOCACHEPROG=''
2026-09-17T08:25:35.0792560Z GODEBUG=''
2026-09-17T08:25:35.0792741Z GOENV='/home/runner/.config/go/env'
2026-09-17T08:25:35.0792964Z GOEXE=''
2026-09-17T08:25:35.0793129Z GOEXPERIMENT=''
2026-09-17T08:25:35.0793298Z GOFIPS140='off'
2026-09-17T08:25:35.0793453Z GOFLAGS=''
2026-09-17T08:25:35.0793980Z GOGCCFLAGS='-fPIC -m64 -pthread -Wl,--no-gc-sections -fmessage-length=0 -ffile-prefix-map=/tmp/go-build2254069366=/tmp/go-build -gno-record-gcc-switches'
2026-09-17T08:25:35.0794485Z GOHOSTARCH='amd64'
2026-09-17T08:25:35.0794663Z GOHOSTOS='linux'
2026-09-17T08:25:35.0794829Z GOINSECURE=''
2026-09-17T08:25:35.0795067Z GOMOD='/home/runner/work/Zevune/Zevune/go.mod'
2026-09-17T08:25:35.0795325Z GOMODCACHE='/home/runner/go/pkg/mod'
2026-09-17T08:25:35.0795542Z GONOPROXY=''
2026-09-17T08:25:35.0795708Z GONOSUMDB=''
2026-09-17T08:25:35.0795861Z GOOS='linux'
2026-09-17T08:25:35.0796023Z GOPACKAGESDRIVER=''
2026-09-17T08:25:35.0796216Z GOPATH='/home/runner/go'
2026-09-17T08:25:35.0796396Z GOPRIVATE=''
2026-09-17T08:25:35.0796626Z GOPROXY='https://proxy.golang.org,direct'
2026-09-17T08:25:35.0796893Z GOROOT='/opt/hostedtoolcache/go/1.27.1/x64'
2026-09-17T08:25:35.0797143Z GOSUMDB='sum.golang.org'
2026-09-17T08:25:35.0797329Z GOTELEMETRY='local'
2026-09-17T08:25:35.0797552Z GOTELEMETRYDIR='/home/runner/.config/go/telemetry'
2026-09-17T08:25:35.0797791Z GOTMPDIR=''
2026-09-17T08:25:35.0797951Z GOTOOLCHAIN='local'
2026-09-17T08:25:35.0798211Z GOTOOLDIR='/opt/hostedtoolcache/go/1.27.1/x64/pkg/tool/linux_amd64'
2026-09-17T08:25:35.0798481Z GOVCS=''
2026-09-17T08:25:35.0798645Z GOVERSION='go1.27.1'
2026-09-17T08:25:35.0798819Z GOWORK=''
2026-09-17T08:25:35.0798988Z PKG_CONFIG='pkg-config'
2026-09-17T08:25:35.0799104Z 
2026-09-17T08:25:35.0799419Z ##[endgroup]
2026-09-17T08:25:35.0992688Z ##[group]Run go test -mod=readonly ./... -run '^$'
2026-09-17T08:25:35.0993086Z [36;1mgo test -mod=readonly ./... -run '^$'[0m
2026-09-17T08:25:35.0993364Z [36;1mcd integration/cometbft[0m
2026-09-17T08:25:35.0993608Z [36;1mgo test -mod=readonly ./... -run '^$'[0m
2026-09-17T08:25:35.1033207Z shell: /usr/bin/bash --noprofile --norc -e -o pipefail {0}
2026-09-17T08:25:35.1033673Z env:
2026-09-17T08:25:35.1033851Z   RAYON_NUM_THREADS: 2
2026-09-17T08:25:35.1034040Z   CARGO_BUILD_JOBS: 2
2026-09-17T08:25:35.1034221Z   GOTOOLCHAIN: local
2026-09-17T08:25:35.1034397Z ##[endgroup]
2026-09-17T08:25:35.3292938Z ?   	github.com/youq616/Zevune/cmd/latency-report	[no test files]
2026-09-17T08:25:35.4698781Z ?   	github.com/youq616/Zevune/cmd/zevuned	[no test files]
2026-09-17T08:25:35.7974973Z ok  	github.com/youq616/Zevune/internal/api	0.007s [no tests to run]
2026-09-17T08:25:35.8061598Z ok  	github.com/youq616/Zevune/internal/latency	0.004s [no tests to run]
2026-09-17T08:25:35.8123300Z ok  	github.com/youq616/Zevune/internal/ledger	0.007s [no tests to run]
2026-09-17T08:25:35.8123989Z ok  	github.com/youq616/Zevune/internal/merkle	0.006s [no tests to run]
2026-09-17T08:25:35.9406601Z ok  	github.com/youq616/Zevune/internal/orchardbridge	0.002s [no tests to run]
2026-09-17T08:25:36.0611128Z ok  	github.com/youq616/Zevune/internal/poolbridge	0.002s [no tests to run]
2026-09-17T08:25:36.0622103Z ok  	github.com/youq616/Zevune/internal/protocol	0.003s [no tests to run]
2026-09-17T08:25:47.3779108Z ok  	github.com/youq616/Zevune/integration/cometbft/app	0.009s [no tests to run]
2026-09-17T08:25:51.8586147Z ?   	github.com/youq616/Zevune/integration/cometbft/cmd/zevune-devnet	[no test files]
2026-09-17T08:25:53.0124951Z ok  	github.com/youq616/Zevune/integration/cometbft/cmd/zevune-network	0.014s [no tests to run]
2026-09-17T08:25:53.0132200Z ok  	github.com/youq616/Zevune/integration/cometbft/devnet	0.015s [no tests to run]
2026-09-17T08:25:53.2781333Z ok  	github.com/youq616/Zevune/integration/cometbft/labnet	0.009s [no tests to run]
2026-09-17T08:25:53.2781894Z ok  	github.com/youq616/Zevune/integration/cometbft/poolapp	0.007s [no tests to run]
2026-09-17T08:25:53.3566659Z ##[group]Run rustup toolchain install 1.98.1 --profile minimal --component rustfmt --component clippy
2026-09-17T08:25:53.3567239Z [36;1mrustup toolchain install 1.98.1 --profile minimal --component rustfmt --component clippy[0m
2026-09-17T08:25:53.3599646Z shell: /usr/bin/bash --noprofile --norc -e -o pipefail {0}
2026-09-17T08:25:53.3599932Z env:
2026-09-17T08:25:53.3600096Z   RAYON_NUM_THREADS: 2
2026-09-17T08:25:53.3600279Z   CARGO_BUILD_JOBS: 2
2026-09-17T08:25:53.3600630Z   GOTOOLCHAIN: local
2026-09-17T08:25:53.3600816Z ##[endgroup]
2026-09-17T08:25:53.4889468Z info: syncing channel updates for 1.98.1-x86_64-unknown-linux-gnu
2026-09-17T08:25:53.8687341Z info: latest update on 2026-09-03 for version 1.98.1 (48a229cea 2026-09-01)
2026-09-17T08:25:53.8687887Z info: downloading 5 components
2026-09-17T08:26:01.0965782Z 
2026-09-17T08:26:01.1030693Z   1.98.1-x86_64-unknown-linux-gnu installed - rustc 1.98.1 (48a229cea 2026-09-01)
2026-09-17T08:26:01.1074966Z 
2026-09-17T08:26:01.1100881Z ##[group]Run python -m unittest discover -s scripts/tests -v
2026-09-17T08:26:01.1101261Z [36;1mpython -m unittest discover -s scripts/tests -v[0m
2026-09-17T08:26:01.1133264Z shell: /usr/bin/bash --noprofile --norc -e -o pipefail {0}
2026-09-17T08:26:01.1133555Z env:
2026-09-17T08:26:01.1133724Z   RAYON_NUM_THREADS: 2
2026-09-17T08:26:01.1133908Z   CARGO_BUILD_JOBS: 2
2026-09-17T08:26:01.1134096Z   GOTOOLCHAIN: local
2026-09-17T08:26:01.1134276Z ##[endgroup]
2026-09-17T08:26:01.8193475Z test_duplicate_archive_path_rejected (test_crate_notices.CrateNoticeTests.test_duplicate_archive_path_rejected) ... ok
2026-09-17T08:26:01.8210189Z test_inventory_is_create_only (test_crate_notices.CrateNoticeTests.test_inventory_is_create_only) ... ok
2026-09-17T08:26:01.8216359Z test_lock_rejects_path_identities_and_duplicates (test_crate_notices.CrateNoticeTests.test_lock_rejects_path_identities_and_duplicates) ... ok
2026-09-17T08:26:01.8222018Z test_member_and_expanded_byte_limits (test_crate_notices.CrateNoticeTests.test_member_and_expanded_byte_limits) ... ok
2026-09-17T08:26:01.8230517Z test_missing_notices_is_not_distribution_approval (test_crate_notices.CrateNoticeTests.test_missing_notices_is_not_distribution_approval) ... ok
2026-09-17T08:26:01.8236226Z test_pinned_archive_collects_notices_not_source (test_crate_notices.CrateNoticeTests.test_pinned_archive_collects_notices_not_source) ... ok
2026-09-17T08:26:01.8237671Z test_registry_checksum_required_and_workspace_separate (test_crate_notices.CrateNoticeTests.test_registry_checksum_required_and_workspace_separate) ... ok
2026-09-17T08:26:01.8255022Z test_traversal_foreign_root_and_symlink_rejected (test_crate_notices.CrateNoticeTests.test_traversal_foreign_root_and_symlink_rejected) ... ok
2026-09-17T08:26:01.8258240Z test_wrong_archive_checksum_fails_before_parsing (test_crate_notices.CrateNoticeTests.test_wrong_archive_checksum_fails_before_parsing) ... ok
2026-09-17T08:26:01.8262665Z test_command_failure_stops_cohort_and_never_reports_completion (test_funded_rust.FundedRustPlanTests.test_command_failure_stops_cohort_and_never_reports_completion) ... ok
2026-09-17T08:26:01.8266175Z test_commands_keep_flags_and_never_filter_test_names (test_funded_rust.FundedRustPlanTests.test_commands_keep_flags_and_never_filter_test_names) ... ok
2026-09-17T08:26:01.8269206Z test_empty_or_incomplete_inventory_fails (test_funded_rust.FundedRustPlanTests.test_empty_or_incomplete_inventory_fails) ... ok
2026-09-17T08:26:01.8270858Z test_future_binary_and_integration_targets_join_automatically (test_funded_rust.FundedRustPlanTests.test_future_binary_and_integration_targets_join_automatically) ... ok
2026-09-17T08:26:01.8276883Z test_invalid_names_and_duplicate_targets_fail (test_funded_rust.FundedRustPlanTests.test_invalid_names_and_duplicate_targets_fail) ... ok
2026-09-17T08:26:01.8281511Z test_metadata_failure_is_a_nonzero_exit (test_funded_rust.FundedRustPlanTests.test_metadata_failure_is_a_nonzero_exit) ... ok
2026-09-17T08:26:01.8286659Z test_plan_only_is_not_a_test_execution (test_funded_rust.FundedRustPlanTests.test_plan_only_is_not_a_test_execution) ... ok
2026-09-17T08:26:01.8289134Z test_reordering_metadata_does_not_change_plan (test_funded_rust.FundedRustPlanTests.test_reordering_metadata_does_not_change_plan) ... ok
2026-09-17T08:26:01.8291595Z test_target_union_is_complete_and_disjoint (test_funded_rust.FundedRustPlanTests.test_target_union_is_complete_and_disjoint) ... ok
2026-09-17T08:26:01.8292399Z test_unknown_cohort_or_schema_fails (test_funded_rust.FundedRustPlanTests.test_unknown_cohort_or_schema_fails) ... ok
2026-09-17T08:26:01.8301102Z test_unknown_or_disabled_targets_are_not_silently_omitted (test_funded_rust.FundedRustPlanTests.test_unknown_or_disabled_targets_are_not_silently_omitted) ... ok
2026-09-17T08:26:01.8304298Z test_unselected_features_fail (test_funded_rust.FundedRustPlanTests.test_unselected_features_fail) ... ok
2026-09-17T08:26:01.8308125Z test_wrong_workspace_identity_fails (test_funded_rust.FundedRustPlanTests.test_wrong_workspace_identity_fails) ... ok
2026-09-17T08:26:01.8311149Z test_directory_is_not_packaged (test_local_bundle.BundleManifestTests.test_directory_is_not_packaged) ... ok
2026-09-17T08:26:01.8315261Z test_manifest_hashes_only_explicit_regular_files (test_local_bundle.BundleManifestTests.test_manifest_hashes_only_explicit_regular_files) ... ok
2026-09-17T08:26:01.8334178Z test_signer_material_is_ignored_without_creating_secret_files (test_local_bundle.BundleManifestTests.test_signer_material_is_ignored_without_creating_secret_files) ... ok
2026-09-17T08:26:01.8336418Z test_memory_requires_exact_kib_fields_and_positive_consistent_values (test_payment_resources.LinuxParserTests.test_memory_requires_exact_kib_fields_and_positive_consistent_values) ... ok
2026-09-17T08:26:01.8347048Z test_proc_pinned_identity_rechecks_both_sides_of_memory_read (test_payment_resources.LinuxParserTests.test_proc_pinned_identity_rechecks_both_sides_of_memory_read) ... ok
2026-09-17T08:26:01.8348323Z test_proc_stat_parentheses_identity_and_creation (test_payment_resources.LinuxParserTests.test_proc_stat_parentheses_identity_and_creation) ... ok
2026-09-17T08:26:01.8498260Z test_direct_child_parent_identity_exit_and_current_rss (test_payment_resources.NativeMemoryTests.test_direct_child_parent_identity_exit_and_current_rss) ... ok
2026-09-17T08:26:01.8501984Z test_live_self_sample_uses_real_os_counters (test_payment_resources.NativeMemoryTests.test_live_self_sample_uses_real_os_counters) ... ok
2026-09-17T08:26:01.8503396Z test_unsupported_platform_is_failure_not_skip_or_zero (test_payment_resources.NativeMemoryTests.test_unsupported_platform_is_failure_not_skip_or_zero) ... ok
2026-09-17T08:26:01.8518150Z test_budget_failure_preserves_valid_sample_and_sends_negative_ack (test_payment_resources.PersistenceAndCollectorTests.test_budget_failure_preserves_valid_sample_and_sends_negative_ack) ... ok
2026-09-17T08:26:02.0393773Z test_collector_initialization_failure_reaps_started_coordinator (test_payment_resources.PersistenceAndCollectorTests.test_collector_initialization_failure_reaps_started_coordinator) ... ok
2026-09-17T08:26:02.5025421Z test_complete_evidence_requires_all_children_stopped_and_immutable_files (test_payment_resources.PersistenceAndCollectorTests.test_complete_evidence_requires_all_children_stopped_and_immutable_files) ... ok
2026-09-17T08:26:02.7700331Z test_evidence_reservation_never_overwrites_user_file (test_payment_resources.PersistenceAndCollectorTests.test_evidence_reservation_never_overwrites_user_file) ... ok
2026-09-17T08:26:02.7716896Z test_metadata_failure_still_saves_start_and_failure_without_exception_text (test_payment_resources.PersistenceAndCollectorTests.test_metadata_failure_still_saves_start_and_failure_without_exception_text) ... ok
2026-09-17T08:26:02.7774084Z test_pid_change_parent_failure_and_missing_metric_cannot_be_success (test_payment_resources.PersistenceAndCollectorTests.test_pid_change_parent_failure_and_missing_metric_cannot_be_success) ... ok
2026-09-17T08:26:03.0039054Z test_progress_failure_keeps_confirmed_count_and_uncertain_commit (test_payment_resources.PersistenceAndCollectorTests.test_progress_failure_keeps_confirmed_count_and_uncertain_commit) ... ok
2026-09-17T08:26:03.0094400Z test_final_result_does_not_accept_empty_tests_missing_checks_or_edited_timings (test_payment_resources.ProgressAndResultTests.test_final_result_does_not_accept_empty_tests_missing_checks_or_edited_timings) ... ok
2026-09-17T08:26:03.0113369Z test_full_operation_sequence_is_paired_and_final_result_matches (test_payment_resources.ProgressAndResultTests.test_full_operation_sequence_is_paired_and_final_result_matches) ... ok
2026-09-17T08:26:03.0121977Z test_progress_completion_must_match_operation_payment_and_commit_count (test_payment_resources.ProgressAndResultTests.test_progress_completion_must_match_operation_payment_and_commit_count) ... ok
2026-09-17T08:26:03.0130841Z test_unfinished_operation_has_no_fabricated_duration (test_payment_resources.ProgressAndResultTests.test_unfinished_operation_has_no_fabricated_duration) ... ok
2026-09-17T08:26:03.0136872Z test_all_nine_exact_checkpoints_and_pending_wallet_record (test_payment_resources.ResourceSchemaTests.test_all_nine_exact_checkpoints_and_pending_wallet_record) ... ok
2026-09-17T08:26:03.0138407Z test_budget_keeps_valid_over_budget_measurement (test_payment_resources.ResourceSchemaTests.test_budget_keeps_valid_over_budget_measurement) ... ok
2026-09-17T08:26:03.0139987Z test_json_duplicates_nonfinite_scalars_and_oversize_rejected (test_payment_resources.ResourceSchemaTests.test_json_duplicates_nonfinite_scalars_and_oversize_rejected) ... ok
2026-09-17T08:26:03.0141744Z test_unknown_and_missing_fields_cannot_enter_evidence (test_payment_resources.ResourceSchemaTests.test_unknown_and_missing_fields_cannot_enter_evidence) ... ok
2026-09-17T08:26:03.0143393Z test_unsigned_numbers_reject_booleans_floats_and_out_of_bounds (test_payment_resources.ResourceSchemaTests.test_unsigned_numbers_reject_booleans_floats_and_out_of_bounds) ... ok
2026-09-17T08:26:03.0145065Z test_wallet_and_capacity_counts_are_checked_not_just_types (test_payment_resources.ResourceSchemaTests.test_wallet_and_capacity_counts_are_checked_not_just_types) ... ok
2026-09-17T08:26:03.0146789Z test_wrong_phase_height_generation_or_pid_cannot_claim_checkpoint (test_payment_resources.ResourceSchemaTests.test_wrong_phase_height_generation_or_pid_cannot_claim_checkpoint) ... ok
2026-09-17T08:26:03.2364183Z test_bad_order_is_rejected_before_copying_it_over_a_valid_prefix (test_payment_resources_evidence.EvidenceCollectorBoundaryTests.test_bad_order_is_rejected_before_copying_it_over_a_valid_prefix) ... ok
2026-09-17T08:26:03.2371073Z test_cleanup_does_not_restart_its_existing_deadline (test_payment_resources_evidence.EvidenceCollectorBoundaryTests.test_cleanup_does_not_restart_its_existing_deadline) ... ok
2026-09-17T08:26:03.4695101Z test_commit_completion_changes_confirmed_count_without_inventing_apply_success (test_payment_resources_evidence.EvidenceCollectorBoundaryTests.test_commit_completion_changes_confirmed_count_without_inventing_apply_success) ... ok
2026-09-17T08:26:04.1629476Z test_complete_checkpoints_without_result_file_are_still_failure (test_payment_resources_evidence.EvidenceCollectorBoundaryTests.test_complete_checkpoints_without_result_file_are_still_failure) ... ok
2026-09-17T08:26:04.6510616Z test_numeric_measurement_complete_cannot_stand_in_for_true (test_payment_resources_evidence.EvidenceCollectorBoundaryTests.test_numeric_measurement_complete_cannot_stand_in_for_true) ... ok
2026-09-17T08:26:04.6539068Z test_report_save_failure_does_not_acknowledge_success (test_payment_resources_evidence.EvidenceCollectorBoundaryTests.test_report_save_failure_does_not_acknowledge_success) ... ok
2026-09-17T08:26:04.6606689Z test_same_height_recovery_cannot_change_capacity (test_payment_resources_evidence.EvidenceCollectorBoundaryTests.test_same_height_recovery_cannot_change_capacity) ... ok
2026-09-17T08:26:04.8491539Z test_second_role_over_budget_retains_both_samples_in_real_report (test_payment_resources_evidence.EvidenceCollectorBoundaryTests.test_second_role_over_budget_retains_both_samples_in_real_report) ... ok
2026-09-17T08:26:04.8642297Z test_unvalidated_fields_never_enter_failure_report_or_ack (test_payment_resources_evidence.EvidenceCollectorBoundaryTests.test_unvalidated_fields_never_enter_failure_report_or_ack) ... ok
2026-09-17T08:26:04.8672691Z test_zero_exit_without_checkpoints_is_not_successful_acceptance (test_payment_resources_evidence.EvidenceCollectorBoundaryTests.test_zero_exit_without_checkpoints_is_not_successful_acceptance) ... ok
2026-09-17T08:26:04.8908106Z test_close_disk_check_and_outbox_boundaries_cannot_move (test_payment_resources_evidence.EvidenceCompletenessTests.test_close_disk_check_and_outbox_boundaries_cannot_move) ... ok
2026-09-17T08:26:04.8968900Z test_every_one_of_nine_checkpoints_is_required (test_payment_resources_evidence.EvidenceCompletenessTests.test_every_one_of_nine_checkpoints_is_required) ... ok
2026-09-17T08:26:04.8985413Z test_fixture_has_exact_fixed_go_operation_contract (test_payment_resources_evidence.EvidenceCompletenessTests.test_fixture_has_exact_fixed_go_operation_contract) ... ok
2026-09-17T08:26:04.9169455Z test_missing_or_repeated_recovery_pair_cannot_claim_complete_recovery (test_payment_resources_evidence.EvidenceCompletenessTests.test_missing_or_repeated_recovery_pair_cannot_claim_complete_recovery) ... ok
2026-09-17T08:26:04.9173109Z test_recovery_cannot_be_recorded_at_a_different_committed_height (test_payment_resources_evidence.EvidenceCompletenessTests.test_recovery_cannot_be_recorded_at_a_different_committed_height) ... ok
2026-09-17T08:26:04.9276336Z test_removing_whole_core_pair_cannot_be_hidden_by_matching_timings (test_payment_resources_evidence.EvidenceCompletenessTests.test_removing_whole_core_pair_cannot_be_hidden_by_matching_timings) ... ok
2026-09-17T08:26:04.9299446Z test_reordering_complete_core_pairs_is_not_a_valid_timing_result (test_payment_resources_evidence.EvidenceCompletenessTests.test_reordering_complete_core_pairs_is_not_a_valid_timing_result) ... ok
2026-09-17T08:26:04.9332616Z test_review_c1_wallet_recovery_after_new_payment_and_outbox_is_rejected (test_payment_resources_evidence.EvidenceCompletenessTests.test_review_c1_wallet_recovery_after_new_payment_and_outbox_is_rejected) ... ok
2026-09-17T08:26:04.9354880Z test_review_c1_worker_reopen_before_scenario_start_is_rejected (test_payment_resources_evidence.EvidenceCompletenessTests.test_review_c1_worker_reopen_before_scenario_start_is_rejected) ... ok
2026-09-17T08:26:04.9677155Z test_valid_partial_recovery_prefixes_remain_incomplete_without_fake_duration (test_payment_resources_evidence.EvidenceCompletenessTests.test_valid_partial_recovery_prefixes_remain_incomplete_without_fake_duration) ... ok
2026-09-17T08:26:04.9715470Z test_all_io_stages_produce_only_bounded_public_diagnostics (test_payment_resources_windows.PublicReadDiagnosticTests.test_all_io_stages_produce_only_bounded_public_diagnostics) ... ok
2026-09-17T08:26:04.9717786Z test_known_protocol_positions_and_os_codes_survive_without_private_context (test_payment_resources_windows.PublicReadDiagnosticTests.test_known_protocol_positions_and_os_codes_survive_without_private_context) ... ok
2026-09-17T08:26:04.9724368Z test_read_error_is_preserved_when_closing_the_same_stream_also_fails (test_payment_resources_windows.PublicReadDiagnosticTests.test_read_error_is_preserved_when_closing_the_same_stream_also_fails) ... ok
2026-09-17T08:26:04.9728218Z test_unknown_names_and_invalid_diagnostic_scalars_are_not_serialized (test_payment_resources_windows.PublicReadDiagnosticTests.test_unknown_names_and_invalid_diagnostic_scalars_are_not_serialized) ... ok
2026-09-17T08:26:04.9739062Z test_failed_crt_handle_transfer_closes_only_the_owned_windows_handle (test_payment_resources_windows.WindowsHandleOwnershipTests.test_failed_crt_handle_transfer_closes_only_the_owned_windows_handle) ... ok
2026-09-17T08:26:04.9746585Z test_failed_stream_creation_closes_crt_descriptor_not_raw_handle_twice (test_payment_resources_windows.WindowsHandleOwnershipTests.test_failed_stream_creation_closes_crt_descriptor_not_raw_handle_twice) ... ok
2026-09-17T08:26:04.9748990Z test_delete_holder_blocks_legacy_open_but_shared_reader_preserves_exact_json (test_payment_resources_windows.WindowsSharedProtocolTests.test_delete_holder_blocks_legacy_open_but_shared_reader_preserves_exact_json) ... skipped 'requires native Windows file-sharing semantics'
2026-09-17T08:26:04.9751571Z test_delete_sharing_does_not_disable_post_read_size_check (test_payment_resources_windows.WindowsSharedProtocolTests.test_delete_sharing_does_not_disable_post_read_size_check) ... skipped 'requires native Windows file-sharing semantics'
2026-09-17T08:26:04.9753757Z test_delete_sharing_does_not_disable_replacement_identity_check (test_payment_resources_windows.WindowsSharedProtocolTests.test_delete_sharing_does_not_disable_replacement_identity_check) ... skipped 'requires native Windows file-sharing semantics'
2026-09-17T08:26:04.9755790Z test_broken_clock_is_unknown_not_zero_duration (test_prepare_timing.PrepareTimingTests.test_broken_clock_is_unknown_not_zero_duration) ... ok
2026-09-17T08:26:04.9756981Z test_exact_stages_allow_only_submicrosecond_rounding (test_prepare_timing.PrepareTimingTests.test_exact_stages_allow_only_submicrosecond_rounding) ... ok
2026-09-17T08:26:04.9757829Z test_integer_types_bounds_and_missing_stages_fail (test_prepare_timing.PrepareTimingTests.test_integer_types_bounds_and_missing_stages_fail) ... ok
2026-09-17T08:26:04.9758651Z test_wrong_scope_or_unknown_fields_cannot_claim_finality (test_prepare_timing.PrepareTimingTests.test_wrong_scope_or_unknown_fields_cannot_claim_finality) ... ok
2026-09-17T08:26:04.9759749Z test_declared_wire_and_manifest_resource_bounds (test_protocol_vectors.ProtocolTranscriptVectors.test_declared_wire_and_manifest_resource_bounds) ... ok
2026-09-17T08:26:04.9760854Z test_legacy_and_genesis_bound_reference_vectors (test_protocol_vectors.ProtocolTranscriptVectors.test_legacy_and_genesis_bound_reference_vectors) ... ok
2026-09-17T08:26:04.9944226Z test_create_only (test_source_snapshot.SourceSnapshotTests.test_create_only) ... ok
2026-09-17T08:26:05.0141520Z test_excludes_untracked_ignored_and_modified_working_copy (test_source_snapshot.SourceSnapshotTests.test_excludes_untracked_ignored_and_modified_working_copy) ... ok
2026-09-17T08:26:05.0584716Z test_file_count_and_size_are_checked_before_blob_fetch (test_source_snapshot.SourceSnapshotTests.test_file_count_and_size_are_checked_before_blob_fetch) ... ok
2026-09-17T08:26:05.0770589Z test_modified_batch_payload_fails_identity_check (test_source_snapshot.SourceSnapshotTests.test_modified_batch_payload_fails_identity_check) ... ok
2026-09-17T08:26:05.1076806Z test_no_checkout_eol_filter_changes (test_source_snapshot.SourceSnapshotTests.test_no_checkout_eol_filter_changes) ... ok
2026-09-17T08:26:05.1214435Z test_non_oid_and_option_inputs_rejected (test_source_snapshot.SourceSnapshotTests.test_non_oid_and_option_inputs_rejected) ... ok
2026-09-17T08:26:05.2951646Z test_tracked_link_refused_without_following_it (test_source_snapshot.SourceSnapshotTests.test_tracked_link_refused_without_following_it) ... ok
2026-09-17T08:26:05.3319016Z test_uses_captured_commit_not_moving_head (test_source_snapshot.SourceSnapshotTests.test_uses_captured_commit_not_moving_head) ... ok
2026-09-17T08:26:05.3656237Z test_cli_failure_is_redacted_and_returns_nonzero (test_verify_local_lab.BundleVerificationTests.test_cli_failure_is_redacted_and_returns_nonzero) ... ok
2026-09-17T08:26:05.3666220Z test_directory_cannot_substitute_for_executable (test_verify_local_lab.BundleVerificationTests.test_directory_cannot_substitute_for_executable) ... ok
2026-09-17T08:26:05.3675567Z test_duplicate_json_fields_rejected_even_with_matching_pin (test_verify_local_lab.BundleVerificationTests.test_duplicate_json_fields_rejected_even_with_matching_pin) ... ok
2026-09-17T08:26:05.3700037Z test_each_modified_payload_is_rejected (test_verify_local_lab.BundleVerificationTests.test_each_modified_payload_is_rejected) ... ok
2026-09-17T08:26:05.3709982Z test_file_size_change_is_rejected (test_verify_local_lab.BundleVerificationTests.test_file_size_change_is_rejected) ... ok
2026-09-17T08:26:05.3731590Z test_invalid_sizes_and_hashes_are_rejected (test_verify_local_lab.BundleVerificationTests.test_invalid_sizes_and_hashes_are_rejected) ... ok
2026-09-17T08:26:05.3746202Z test_matching_bundle_verifies_without_launch_or_mutation (test_verify_local_lab.BundleVerificationTests.test_matching_bundle_verifies_without_launch_or_mutation) ... ok
2026-09-17T08:26:05.3755704Z test_missing_and_unlisted_files_rejected (test_verify_local_lab.BundleVerificationTests.test_missing_and_unlisted_files_rejected) ... ok
2026-09-17T08:26:05.3763583Z test_oversized_manifest_rejected_before_parse (test_verify_local_lab.BundleVerificationTests.test_oversized_manifest_rejected_before_parse) ... ok
2026-09-17T08:26:05.3772183Z test_rewritten_manifest_without_trusted_pin_rejected (test_verify_local_lab.BundleVerificationTests.test_rewritten_manifest_without_trusted_pin_rejected) ... ok
2026-09-17T08:26:05.3803661Z test_strict_false_flags_not_numeric_zero (test_verify_local_lab.BundleVerificationTests.test_strict_false_flags_not_numeric_zero) ... ok
2026-09-17T08:26:05.3813663Z test_unknown_and_legacy_manifest_fields_rejected (test_verify_local_lab.BundleVerificationTests.test_unknown_and_legacy_manifest_fields_rejected) ... ok
2026-09-17T08:26:05.3830853Z test_unsafe_duplicate_and_unknown_filenames_rejected (test_verify_local_lab.BundleVerificationTests.test_unsafe_duplicate_and_unknown_filenames_rejected) ... ok
2026-09-17T08:26:05.3844563Z test_windows_bundle_supported_but_mixed_platform_refused (test_verify_local_lab.BundleVerificationTests.test_windows_bundle_supported_but_mixed_platform_refused) ... ok
2026-09-17T08:26:05.3852414Z test_windows_reparse_point_is_not_regular_input (test_verify_local_lab.BundleVerificationTests.test_windows_reparse_point_is_not_regular_input) ... ok
2026-09-17T08:26:05.3862294Z test_wrong_independent_pin_and_commit_rejected (test_verify_local_lab.BundleVerificationTests.test_wrong_independent_pin_and_commit_rejected) ... ok
2026-09-17T08:26:05.3863601Z test_capacity_report_must_be_one_record (test_wallet_compaction.CompactionTests.test_capacity_report_must_be_one_record) ... ok
2026-09-17T08:26:05.3864827Z test_compact_frame_requires_pin_and_exactly_two_paths (test_wallet_compaction.CompactionTests.test_compact_frame_requires_pin_and_exactly_two_paths) ... ok
2026-09-17T08:26:05.3904900Z test_confirmation_and_response_checks_without_scanning_or_spending (test_wallet_compaction.CompactionTests.test_confirmation_and_response_checks_without_scanning_or_spending) ... ok
2026-09-17T08:26:05.3906783Z test_mismatched_source_target_and_claimed_payment_status_rejected (test_wallet_compaction.CompactionTests.test_mismatched_source_target_and_claimed_payment_status_rejected) ... ok
2026-09-17T08:26:05.3938603Z test_missing_pin_or_existing_target_never_asks_password_or_starts_backend (test_wallet_compaction.CompactionTests.test_missing_pin_or_existing_target_never_asks_password_or_starts_backend) ... ok
2026-09-17T08:26:05.3940222Z test_receipt_handover_is_not_balance_or_finality (test_wallet_compaction.CompactionTests.test_receipt_handover_is_not_balance_or_finality) ... ok
2026-09-17T08:26:05.3948003Z test_active_manifest_keeps_lab2_payments_and_isolates_legacy_domain (test_wallet_network.NetworkIdentityTests.test_active_manifest_keeps_lab2_payments_and_isolates_legacy_domain) ... ok
2026-09-17T08:26:05.3964632Z test_addresses_reject_mutation_and_noncanonical_text (test_wallet_network.NetworkIdentityTests.test_addresses_reject_mutation_and_noncanonical_text) ... ok
2026-09-17T08:26:05.3967874Z test_bound_checksum_and_expected_identity (test_wallet_network.NetworkIdentityTests.test_bound_checksum_and_expected_identity) ... ok
2026-09-17T08:26:05.4064450Z test_invalid_payment_numbers_fail_before_password_or_backend (test_wallet_network.NetworkIdentityTests.test_invalid_payment_numbers_fail_before_password_or_backend) ... ok
2026-09-17T08:26:05.4111457Z test_network_address_frontend_checks_backend_identity (test_wallet_network.NetworkIdentityTests.test_network_address_frontend_checks_backend_identity) ... ok
2026-09-17T08:26:05.4114700Z test_network_address_wire_operation_has_exact_field_count (test_wallet_network.NetworkIdentityTests.test_network_address_wire_operation_has_exact_field_count) ... ok
2026-09-17T08:26:05.4119399Z test_pinned_genesis_is_read_only_and_profile_is_explicit (test_wallet_network.NetworkIdentityTests.test_pinned_genesis_is_read_only_and_profile_is_explicit) ... ok
2026-09-17T08:26:05.4129239Z test_public_supply_precheck_rejects_bad_allocation_not_just_pin (test_wallet_network.NetworkIdentityTests.test_public_supply_precheck_rejects_bad_allocation_not_just_pin) ... ok
2026-09-17T08:26:05.4418994Z test_truncated_unknown_overlarge_and_wrong_network_frames_fail (test_wallet_network.NetworkIdentityTests.test_truncated_unknown_overlarge_and_wrong_network_frames_fail) ... ok
2026-09-17T08:26:05.4423423Z test_untrusted_pin_missing_and_nonregular_files_fail (test_wallet_network.NetworkIdentityTests.test_untrusted_pin_missing_and_nonregular_files_fail) ... ok
2026-09-17T08:26:05.4464298Z test_wrong_network_frontend_stops_before_password_and_backend (test_wallet_network.NetworkIdentityTests.test_wrong_network_frontend_stops_before_password_and_backend) ... ok
2026-09-17T08:26:05.4483568Z test_console_storage_never_selects_history_or_constructs_payment (test_wallet_storage.StorageStatusTests.test_console_storage_never_selects_history_or_constructs_payment) ... ok
2026-09-17T08:26:05.4485155Z test_extra_missing_and_unsupported_fields_fail (test_wallet_storage.StorageStatusTests.test_extra_missing_and_unsupported_fields_fail) ... ok
2026-09-17T08:26:05.4486607Z test_new_and_full_reports_are_not_balance_or_confirmation (test_wallet_storage.StorageStatusTests.test_new_and_full_reports_are_not_balance_or_confirmation) ... ok
2026-09-17T08:26:05.4488113Z test_rejects_false_capacity_and_noncanonical_types (test_wallet_storage.StorageStatusTests.test_rejects_false_capacity_and_noncanonical_types) ... ok
2026-09-17T08:26:05.4489588Z test_storage_request_has_one_field_and_existing_private_pin (test_wallet_storage.StorageStatusTests.test_storage_request_has_one_field_and_existing_private_pin) ... ok
2026-09-17T08:26:05.4491718Z test_address_checksum_and_numeric_canonicality (test_zevune_wallet.WalletConsoleTests.test_address_checksum_and_numeric_canonicality) ... ok
2026-09-17T08:26:05.4492940Z test_no_echo_fallback_and_confirmation (test_zevune_wallet.WalletConsoleTests.test_no_echo_fallback_and_confirmation) ... ok
2026-09-17T08:26:05.4502103Z test_private_input_never_enters_arguments_or_environment (test_zevune_wallet.WalletConsoleTests.test_private_input_never_enters_arguments_or_environment) ... ok
2026-09-17T08:26:05.4503407Z test_request_bounds_and_receipt (test_zevune_wallet.WalletConsoleTests.test_request_bounds_and_receipt) ... ok
2026-09-17T08:26:05.4506966Z test_wrong_executable_digest_prevents_execution (test_zevune_wallet.WalletConsoleTests.test_wrong_executable_digest_prevents_execution) ... ok
2026-09-17T08:26:05.4507720Z 
2026-09-17T08:26:05.4507935Z ----------------------------------------------------------------------
2026-09-17T08:26:05.4508373Z Ran 135 tests in 3.633s
2026-09-17T08:26:05.4508540Z 
2026-09-17T08:26:05.4508654Z OK (skipped=3)
2026-09-17T08:26:05.4702821Z ##[group]Run test -z "$(gofmt -l internal/poolbridge integration/cometbft/poolapp)"
2026-09-17T08:26:05.4703306Z [36;1mtest -z "$(gofmt -l internal/poolbridge integration/cometbft/poolapp)"[0m
2026-09-17T08:26:05.4703632Z [36;1mcd integration/orchard[0m
2026-09-17T08:26:05.4703851Z [36;1mcargo fmt --all -- --check[0m
2026-09-17T08:26:05.4704120Z [36;1mcargo metadata --locked --format-version=1 > /dev/null[0m
2026-09-17T08:26:05.4704546Z [36;1mcargo clippy --locked --release --features local-funding-lab --all-targets -- -D warnings[0m
2026-09-17T08:26:05.4704914Z [36;1mgit diff --exit-code[0m
2026-09-17T08:26:05.4737170Z shell: /usr/bin/bash --noprofile --norc -e -o pipefail {0}
2026-09-17T08:26:05.4737446Z env:
2026-09-17T08:26:05.4737611Z   RAYON_NUM_THREADS: 2
2026-09-17T08:26:05.4737801Z   CARGO_BUILD_JOBS: 2
2026-09-17T08:26:05.4737977Z   GOTOOLCHAIN: local
2026-09-17T08:26:05.4738147Z ##[endgroup]
2026-09-17T08:26:05.7261390Z     Updating crates.io index
2026-09-17T08:26:06.0632490Z  Downloading crates ...
2026-09-17T08:26:06.1262878Z   Downloaded aead v0.5.2
2026-09-17T08:26:06.1291418Z   Downloaded atomic-polyfill v1.0.3
2026-09-17T08:26:06.1308896Z   Downloaded arrayvec v0.7.8
2026-09-17T08:26:06.1330330Z   Downloaded subtle v2.6.1
2026-09-17T08:26:06.1342128Z   Downloaded tap v1.0.1
2026-09-17T08:26:06.1397167Z   Downloaded argon2 v0.5.3
2026-09-17T08:26:06.1454636Z   Downloaded aes v0.8.4
2026-09-17T08:26:06.1490460Z   Downloaded thiserror v2.0.20
2026-09-17T08:26:06.1553171Z   Downloaded spin v0.9.9
2026-09-17T08:26:06.1576427Z   Downloaded base16ct v0.2.0
2026-09-17T08:26:06.1589831Z   Downloaded either v1.18.0
2026-09-17T08:26:06.1603641Z   Downloaded stable_deref_trait v1.2.1
2026-09-17T08:26:06.1611622Z   Downloaded cpufeatures v0.2.17
2026-09-17T08:26:06.1625726Z   Downloaded zcash_spec v0.2.1
2026-09-17T08:26:06.1640976Z   Downloaded corez v0.1.1
2026-09-17T08:26:06.1658714Z   Downloaded frost-core v3.0.0
2026-09-17T08:26:06.1689214Z   Downloaded version_check v0.9.5
2026-09-17T08:26:06.1700803Z   Downloaded crypto-common v0.1.7
2026-09-17T08:26:06.1708216Z   Downloaded autocfg v1.5.1
2026-09-17T08:26:06.1724122Z   Downloaded opaque-debug v0.3.1
2026-09-17T08:26:06.1732233Z   Downloaded scopeguard v1.2.0
2026-09-17T08:26:06.1741772Z   Downloaded document-features v0.2.12
2026-09-17T08:26:06.1752668Z   Downloaded funty v2.0.0
2026-09-17T08:26:06.1759417Z   Downloaded rand_chacha v0.3.1
2026-09-17T08:26:06.1770236Z   Downloaded universal-hash v0.5.1
2026-09-17T08:26:06.1777782Z   Downloaded crunchy v0.2.4
2026-09-17T08:26:06.1784370Z   Downloaded const-crc32-nostd v1.3.1
2026-09-17T08:26:06.1790336Z   Downloaded derive-getters v0.5.0
2026-09-17T08:26:06.1815557Z   Downloaded getset v0.1.7
2026-09-17T08:26:06.1828277Z   Downloaded rustc_version v0.4.1
2026-09-17T08:26:06.1839388Z   Downloaded generic-array v0.14.7
2026-09-17T08:26:06.1852166Z   Downloaded hash32 v0.2.1
2026-09-17T08:26:06.1864789Z   Downloaded hex v0.4.3
2026-09-17T08:26:06.1879069Z   Downloaded maybe-rayon v0.1.1
2026-09-17T08:26:06.1889006Z   Downloaded radium v0.7.0
2026-09-17T08:26:06.1899322Z   Downloaded lazy_static v1.5.0
2026-09-17T08:26:06.1914355Z   Downloaded inout v0.1.4
2026-09-17T08:26:06.1927360Z   Downloaded wyz v0.5.1
2026-09-17T08:26:06.1941716Z   Downloaded zeroize_derive v1.5.0
2026-09-17T08:26:06.1953710Z   Downloaded embedded-io v0.6.1
2026-09-17T08:26:06.1969277Z   Downloaded halo2_legacy_pdqsort v0.1.0
2026-09-17T08:26:06.1978926Z   Downloaded thiserror-impl v2.0.20
2026-09-17T08:26:06.1992178Z   Downloaded zcash_note_encryption v0.4.2
2026-09-17T08:26:06.2006881Z   Downloaded uint v0.9.5
2026-09-17T08:26:06.2027396Z   Downloaded visibility v0.1.1
2026-09-17T08:26:06.2044860Z   Downloaded wasi v0.11.1+wasi-snapshot-preview1
2026-09-17T08:26:06.2059476Z   Downloaded zip32 v0.2.1
2026-09-17T08:26:06.2075077Z   Downloaded cfg-if v1.0.4
2026-09-17T08:26:06.2087983Z   Downloaded frost-rerandomized v3.0.0
2026-09-17T08:26:06.2099657Z   Downloaded nonempty v0.11.0
2026-09-17T08:26:06.2111154Z   Downloaded byteorder v1.5.0
2026-09-17T08:26:06.2123834Z   Downloaded cobs v0.3.0
2026-09-17T08:26:06.2134789Z   Downloaded embedded-io v0.4.0
2026-09-17T08:26:06.2148636Z   Downloaded serdect v0.2.0
2026-09-17T08:26:06.2160116Z   Downloaded zeroize v1.9.0
2026-09-17T08:26:06.2172868Z   Downloaded chacha20 v0.9.1
2026-09-17T08:26:06.2187993Z   Downloaded constant_time_eq v0.4.2
2026-09-17T08:26:06.2205129Z   Downloaded password-hash v0.5.0
2026-09-17T08:26:06.2219585Z   Downloaded ppv-lite86 v0.2.21
2026-09-17T08:26:06.2230231Z   Downloaded block-buffer v0.10.4
2026-09-17T08:26:06.2238590Z   Downloaded digest v0.10.7
2026-09-17T08:26:06.2253454Z   Downloaded lock_api v0.4.14
2026-09-17T08:26:06.2263834Z   Downloaded reddsa v0.5.2
2026-09-17T08:26:06.2305839Z   Downloaded tracing-attributes v0.1.31
2026-09-17T08:26:06.2327803Z   Downloaded unicode-ident v1.0.24
2026-09-17T08:26:06.2350646Z   Downloaded incrementalmerkletree v0.8.1
2026-09-17T08:26:06.2362203Z   Downloaded num-integer v0.1.47
2026-09-17T08:26:06.2375189Z   Downloaded quote v1.0.47
2026-09-17T08:26:06.2397295Z   Downloaded critical-section v1.2.0
2026-09-17T08:26:06.2410266Z   Downloaded crossbeam-deque v0.8.8
2026-09-17T08:26:06.2422482Z   Downloaded sha2 v0.10.9
2026-09-17T08:26:06.2443031Z   Downloaded tracing-core v0.1.36
2026-09-17T08:26:06.2464842Z   Downloaded ff v0.13.1
2026-09-17T08:26:06.2477054Z   Downloaded group v0.13.0
2026-09-17T08:26:06.2489435Z   Downloaded rand_core v0.6.4
2026-09-17T08:26:06.2500334Z   Downloaded static_assertions v1.1.0
2026-09-17T08:26:06.2511943Z   Downloaded cipher v0.4.4
2026-09-17T08:26:06.2523798Z   Downloaded crossbeam-epoch v0.9.21
2026-09-17T08:26:06.2543522Z   Downloaded getrandom v0.2.17
2026-09-17T08:26:06.2568453Z   Downloaded halo2_poseidon v0.1.0
2026-09-17T08:26:06.2580839Z   Downloaded litrs v1.0.0
2026-09-17T08:26:06.2604777Z   Downloaded memuse v0.2.2
2026-09-17T08:26:06.2615727Z   Downloaded num-bigint v0.4.8
2026-09-17T08:26:06.2653867Z   Downloaded once_cell v1.21.4
2026-09-17T08:26:06.2674333Z   Downloaded poly1305 v0.8.0
2026-09-17T08:26:06.2696920Z   Downloaded postcard v1.1.3
2026-09-17T08:26:06.2714219Z   Downloaded semver v1.0.28
2026-09-17T08:26:06.2733028Z   Downloaded typenum v1.20.1
2026-09-17T08:26:06.2761598Z   Downloaded base64ct v1.8.3
2026-09-17T08:26:06.2782570Z   Downloaded blake2b_simd v1.0.5
2026-09-17T08:26:06.2794047Z   Downloaded cbc v0.1.2
2026-09-17T08:26:06.2806206Z   Downloaded crossbeam-utils v0.8.23
2026-09-17T08:26:06.2828857Z   Downloaded fpe v0.6.1
2026-09-17T08:26:06.2845136Z   Downloaded indexmap v1.9.3
2026-09-17T08:26:06.2871025Z   Downloaded jubjub v0.10.0
2026-09-17T08:26:06.2898347Z   Downloaded num-traits v0.2.19
2026-09-17T08:26:06.2919753Z   Downloaded pin-project-lite v0.2.17
2026-09-17T08:26:06.2968430Z   Downloaded serde_core v1.0.229
2026-09-17T08:26:06.2990857Z   Downloaded serde_derive v1.0.229
2026-09-17T08:26:06.3015813Z   Downloaded zerocopy-derive v0.8.57
2026-09-17T08:26:06.3095810Z   Downloaded bech32 v0.11.1
2026-09-17T08:26:06.3121801Z   Downloaded blake2 v0.10.6
2026-09-17T08:26:06.3142405Z   Downloaded chacha20poly1305 v0.10.1
2026-09-17T08:26:06.3157792Z   Downloaded rayon-core v1.13.0
2026-09-17T08:26:06.3188583Z   Downloaded syn v2.0.119
2026-09-17T08:26:06.3276002Z   Downloaded proc-macro2 v1.0.107
2026-09-17T08:26:06.3299936Z   Downloaded heapless v0.7.17
2026-09-17T08:26:06.3330817Z   Downloaded libm v0.2.16
2026-09-17T08:26:06.3420963Z   Downloaded rand v0.8.5
2026-09-17T08:26:06.3448848Z   Downloaded hashbrown v0.12.3
2026-09-17T08:26:06.3480109Z   Downloaded serde v1.0.229
2026-09-17T08:26:06.3508686Z   Downloaded sinsemilla v0.1.0
2026-09-17T08:26:06.3528124Z   Downloaded itertools v0.14.0
2026-09-17T08:26:06.3585694Z   Downloaded zerocopy v0.8.57
2026-09-17T08:26:06.3764029Z   Downloaded rayon v1.12.0
2026-09-17T08:26:06.3843225Z   Downloaded halo2_proofs v0.3.5
2026-09-17T08:26:06.3911036Z   Downloaded syn v3.0.5
2026-09-17T08:26:06.3998651Z   Downloaded bitvec v1.1.1
2026-09-17T08:26:06.4136951Z   Downloaded pasta_curves v0.5.2
2026-09-17T08:26:06.4196363Z   Downloaded tracing v0.1.44
2026-09-17T08:26:06.4327296Z   Downloaded halo2_gadgets v0.5.0
2026-09-17T08:26:06.4432215Z   Downloaded bls12_381 v0.8.0
2026-09-17T08:26:06.4475135Z   Downloaded orchard v0.15.5
2026-09-17T08:26:06.4618148Z   Downloaded libc v0.2.189
2026-09-17T08:26:06.7050626Z    Compiling libc v0.2.189
2026-09-17T08:26:06.7051066Z     Checking cfg-if v1.0.4
2026-09-17T08:26:06.7189886Z    Compiling proc-macro2 v1.0.107
2026-09-17T08:26:06.9564616Z    Compiling quote v1.0.47
2026-09-17T08:26:07.0221412Z    Compiling unicode-ident v1.0.24
2026-09-17T08:26:07.3765937Z     Checking getrandom v0.2.17
2026-09-17T08:26:07.4321965Z     Checking rand_core v0.6.4
2026-09-17T08:26:07.4463047Z     Checking subtle v2.6.1
2026-09-17T08:26:07.4920186Z    Compiling version_check v0.9.5
2026-09-17T08:26:07.4967920Z     Checking typenum v1.20.1
2026-09-17T08:26:07.6015683Z    Compiling generic-array v0.14.7
2026-09-17T08:26:07.6524333Z    Compiling syn v2.0.119
2026-09-17T08:26:08.1017852Z     Checking crypto-common v0.1.7
2026-09-17T08:26:08.1316577Z    Compiling radium v0.7.0
2026-09-17T08:26:08.1952961Z     Checking tap v1.0.1
2026-09-17T08:26:08.2184767Z     Checking wyz v0.5.1
2026-09-17T08:26:08.3416818Z     Checking funty v2.0.0
2026-09-17T08:26:08.5354179Z    Compiling autocfg v1.5.1
2026-09-17T08:26:08.6919961Z    Compiling zerocopy v0.8.57
2026-09-17T08:26:08.8089577Z     Checking bitvec v1.1.1
2026-09-17T08:26:09.8099601Z     Checking ff v0.13.1
2026-09-17T08:26:10.1866565Z    Compiling zeroize_derive v1.5.0
2026-09-17T08:26:10.3998080Z     Checking zeroize v1.9.0
2026-09-17T08:26:10.4496482Z     Checking arrayvec v0.7.8
2026-09-17T08:26:10.5223277Z     Checking constant_time_eq v0.4.2
2026-09-17T08:26:10.5584029Z    Compiling crossbeam-utils v0.8.23
2026-09-17T08:26:10.6313451Z     Checking memuse v0.2.2
2026-09-17T08:26:10.6852392Z     Checking blake2b_simd v1.0.5
2026-09-17T08:26:10.8695948Z    Compiling crossbeam-epoch v0.9.21
2026-09-17T08:26:11.0982073Z     Checking group v0.13.0
2026-09-17T08:26:11.1491317Z     Checking inout v0.1.4
2026-09-17T08:26:11.1796353Z     Checking spin v0.9.9
2026-09-17T08:26:11.2087247Z     Checking cpufeatures v0.2.17
2026-09-17T08:26:11.2221756Z     Checking static_assertions v1.1.0
2026-09-17T08:26:11.2361391Z    Compiling crossbeam-deque v0.8.8
2026-09-17T08:26:11.2991759Z     Checking lazy_static v1.5.0
2026-09-17T08:26:11.3136641Z     Checking cipher v0.4.4
2026-09-17T08:26:11.4960911Z    Compiling rayon-core v1.13.0
2026-09-17T08:26:11.6027864Z    Compiling num-traits v0.2.19
2026-09-17T08:26:11.6450774Z    Compiling syn v3.0.5
2026-09-17T08:26:11.7283581Z     Checking ppv-lite86 v0.2.21
2026-09-17T08:26:11.8622401Z     Checking rand_chacha v0.3.1
2026-09-17T08:26:11.9375840Z     Checking rand v0.8.5
2026-09-17T08:26:12.1924638Z     Checking pasta_curves v0.5.2
2026-09-17T08:26:12.5409984Z     Checking either v1.18.0
2026-09-17T08:26:12.8270915Z    Compiling indexmap v1.9.3
2026-09-17T08:26:12.8504111Z     Checking once_cell v1.21.4
2026-09-17T08:26:12.8733572Z    Compiling crunchy v0.2.4
2026-09-17T08:26:12.9138877Z    Compiling serde_core v1.0.229
2026-09-17T08:26:12.9344353Z     Checking tracing-core v0.1.36
2026-09-17T08:26:13.0392345Z     Checking rayon v1.12.0
2026-09-17T08:26:13.3810154Z    Compiling tracing-attributes v0.1.31
2026-09-17T08:26:13.9223262Z     Checking universal-hash v0.5.1
2026-09-17T08:26:13.9523694Z     Checking block-buffer v0.10.4
2026-09-17T08:26:13.9841954Z     Checking pin-project-lite v0.2.17
2026-09-17T08:26:14.0023703Z     Checking hex v0.4.3
2026-09-17T08:26:14.0024328Z     Checking byteorder v1.5.0
2026-09-17T08:26:14.0837063Z     Checking opaque-debug v0.3.1
2026-09-17T08:26:14.0930808Z    Compiling libm v0.2.16
2026-09-17T08:26:14.0972996Z    Compiling thiserror v2.0.20
2026-09-17T08:26:14.1758849Z     Checking hashbrown v0.12.3
2026-09-17T08:26:14.1843958Z    Compiling serde v1.0.229
2026-09-17T08:26:14.2918684Z     Checking poly1305 v0.8.0
2026-09-17T08:26:14.4061990Z     Checking tracing v0.1.44
2026-09-17T08:26:14.4717186Z     Checking maybe-rayon v0.1.1
2026-09-17T08:26:14.4864770Z     Checking digest v0.10.7
2026-09-17T08:26:14.5446978Z     Checking num-integer v0.1.47
2026-09-17T08:26:14.6532066Z    Compiling serde_derive v1.0.229
2026-09-17T08:26:15.5219186Z    Compiling thiserror-impl v2.0.20
2026-09-17T08:26:16.0927813Z     Checking chacha20 v0.9.1
2026-09-17T08:26:16.1415373Z     Checking bls12_381 v0.8.0
2026-09-17T08:26:16.1710687Z     Checking aead v0.5.2
2026-09-17T08:26:16.2068729Z     Checking halo2_legacy_pdqsort v0.1.0
2026-09-17T08:26:16.2091395Z     Checking jubjub v0.10.0
2026-09-17T08:26:16.2458217Z     Checking halo2_proofs v0.3.5
2026-09-17T08:26:16.3288292Z     Checking chacha20poly1305 v0.10.1
2026-09-17T08:26:16.5870825Z     Checking uint v0.9.5
2026-09-17T08:26:16.6193040Z     Checking num-bigint v0.4.8
2026-09-17T08:26:17.5837033Z     Checking sinsemilla v0.1.0
2026-09-17T08:26:17.6054166Z     Checking halo2_poseidon v0.1.0
2026-09-17T08:26:17.7695978Z     Checking cbc v0.1.2
2026-09-17T08:26:17.8021664Z     Checking zcash_spec v0.2.1
2026-09-17T08:26:17.8241493Z     Checking base64ct v1.8.3
2026-09-17T08:26:17.9162537Z     Checking bech32 v0.11.1
2026-09-17T08:26:18.0596232Z     Checking zip32 v0.2.1
2026-09-17T08:26:18.0949678Z     Checking halo2_gadgets v0.5.0
2026-09-17T08:26:18.1319989Z     Checking password-hash v0.5.0
2026-09-17T08:26:18.2365653Z     Checking fpe v0.6.1
2026-09-17T08:26:18.3137104Z     Checking reddsa v0.5.2
2026-09-17T08:26:18.4393815Z     Checking zcash_note_encryption v0.4.2
2026-09-17T08:26:18.5054349Z     Checking blake2 v0.10.6
2026-09-17T08:26:18.6019868Z     Checking incrementalmerkletree v0.8.1
2026-09-17T08:26:18.6611889Z     Checking aes v0.8.4
2026-09-17T08:26:18.8040289Z    Compiling visibility v0.1.1
2026-09-17T08:26:18.8672989Z    Compiling getset v0.1.7
2026-09-17T08:26:18.8833149Z     Checking corez v0.1.1
2026-09-17T08:26:18.8969196Z     Checking nonempty v0.11.0
2026-09-17T08:26:18.9460678Z     Checking argon2 v0.5.3
2026-09-17T08:26:19.1001547Z     Checking orchard v0.15.5
2026-09-17T08:26:19.1133633Z     Checking sha2 v0.10.9
2026-09-17T08:26:19.9521968Z     Checking zevune-orchard-lab v0.1.0 (/home/runner/work/Zevune/Zevune/integration/orchard)
2026-09-17T08:26:20.3383346Z error: manual implementation of `.is_multiple_of()`
2026-09-17T08:26:20.3383910Z   --> src/pool/recovery/active.rs:88:16
2026-09-17T08:26:20.3384264Z    |
2026-09-17T08:26:20.3384580Z 88 |             || (header - MIN_HEADER) % 32 != 0
2026-09-17T08:26:20.3385268Z    |                ^^^^^^^^^^^^^^^^^^^^^^^^^^^^^^^ help: replace with: `!(header - MIN_HEADER).is_multiple_of(32)`
2026-09-17T08:26:20.3385776Z    |
2026-09-17T08:26:20.3386540Z    = help: for further information visit https://rust-lang.github.io/rust-clippy/rust-1.98.0/index.html#manual_is_multiple_of
2026-09-17T08:26:20.3387524Z    = note: `-D clippy::manual-is-multiple-of` implied by `-D warnings`
2026-09-17T08:26:20.3388290Z    = help: to override `-D warnings` add `#[allow(clippy::manual_is_multiple_of)]`
2026-09-17T08:26:20.3389021Z 
2026-09-17T08:26:20.3834790Z error: could not compile `zevune-orchard-lab` (lib) due to 1 previous error
2026-09-17T08:26:20.3835361Z warning: build failed, waiting for other jobs to finish...
2026-09-17T08:26:21.0677641Z error: could not compile `zevune-orchard-lab` (lib test) due to 1 previous error
2026-09-17T08:26:21.0801620Z ##[error]Process completed with exit code 101.
2026-09-17T08:26:21.0922509Z Post job cleanup.
2026-09-17T08:26:21.1668962Z [command]/usr/bin/git version
2026-09-17T08:26:21.1706818Z git version 2.55.0
2026-09-17T08:26:21.1737704Z Temporarily overriding HOME='/home/runner/work/_temp/12eb31e1-4c3a-4421-968c-91da93ff438d' before making global git config changes
2026-09-17T08:26:21.1738860Z Adding repository directory to the temporary git global config as a safe directory
2026-09-17T08:26:21.1743584Z [command]/usr/bin/git config --global --add safe.directory /home/runner/work/Zevune/Zevune
2026-09-17T08:26:21.1776095Z [command]/usr/bin/git config --local --name-only --get-regexp core\.sshCommand
2026-09-17T08:26:21.1804977Z [command]/usr/bin/git submodule foreach --recursive sh -c "git config --local --name-only --get-regexp 'core\.sshCommand' && git config --local --unset-all 'core.sshCommand' || :"
2026-09-17T08:26:21.2011557Z [command]/usr/bin/git config --local --name-only --get-regexp http\.https\:\/\/github\.com\/\.extraheader
2026-09-17T08:26:21.2041591Z [command]/usr/bin/git submodule foreach --recursive sh -c "git config --local --name-only --get-regexp 'http\.https\:\/\/github\.com\/\.extraheader' && git config --local --unset-all 'http.https://github.com/.extraheader' || :"
2026-09-17T08:26:21.2440933Z Cleaning up orphan processes
2026-09-17T08:26:21.2710272Z ##[warning]Node.js 20 is deprecated. The following actions target Node.js 20 but are being forced to run on Node.js 24: actions/setup-go@44694675825211faa026b3c33043df3e48a5fa00. For more information see: https://github.blog/changelog/2025-09-19-deprecation-of-node-20-on-github-actions-runners/
