2026-09-17T14:07:45.7261750Z Current runner version: '2.337.0'
2026-09-17T14:07:45.7279338Z ##[group]Runner Image Provisioner
2026-09-17T14:07:45.7279890Z Hosted Compute Agent
2026-09-17T14:07:45.7280225Z Version: 20260828.587
2026-09-17T14:07:45.7280577Z Commit: abac92662cab4cc7352de4f9f9d2e2419aad9c29
2026-09-17T14:07:45.7280965Z Build Date: 2026-08-28T16:44:25Z
2026-09-17T14:07:45.7281317Z Worker ID: {fbf7d968-5fe8-4f5c-94e9-2ec26f00e22e}
2026-09-17T14:07:45.7281739Z Azure Region: centralus
2026-09-17T14:07:45.7282072Z ##[endgroup]
2026-09-17T14:07:45.7282841Z ##[group]Operating System
2026-09-17T14:07:45.7283186Z Microsoft Windows Server 2025
2026-09-17T14:07:45.7283518Z 10.0.26100
2026-09-17T14:07:45.7283798Z Datacenter
2026-09-17T14:07:45.7284100Z ##[endgroup]
2026-09-17T14:07:45.7284401Z ##[group]Runner Image
2026-09-17T14:07:45.7284723Z Image: windows-2025-vs2026
2026-09-17T14:07:45.7285077Z Version: 20260907.229.1
2026-09-17T14:07:45.7285955Z Included Software: https://github.com/actions/runner-images/blob/win25-vs2026/20260907.229/images/windows/Windows2025-VS2026-Readme.md
2026-09-17T14:07:45.7286836Z Image Release: https://github.com/actions/runner-images/releases/tag/win25-vs2026%2F20260907.229
2026-09-17T14:07:45.7287361Z ##[endgroup]
2026-09-17T14:07:45.7288021Z ##[group]GITHUB_TOKEN Permissions
2026-09-17T14:07:45.7289240Z Contents: read
2026-09-17T14:07:45.7289617Z Metadata: read
2026-09-17T14:07:45.7289916Z ##[endgroup]
2026-09-17T14:07:45.7291199Z Secret source: Actions
2026-09-17T14:07:45.7291665Z Cache mode: write
2026-09-17T14:07:45.7292196Z Prepare workflow directory
2026-09-17T14:07:45.7578919Z Prepare all required actions
2026-09-17T14:07:45.7610972Z Getting action download info
2026-09-17T14:07:45.9794978Z Download action repository 'actions/checkout@08c6903cd8c0fde910a37f88322edcfb5dd907a8' (SHA:08c6903cd8c0fde910a37f88322edcfb5dd907a8)
2026-09-17T14:07:46.0673619Z Download action repository 'actions/setup-go@44694675825211faa026b3c33043df3e48a5fa00' (SHA:44694675825211faa026b3c33043df3e48a5fa00)
2026-09-17T14:07:46.5126365Z Download action repository 'actions/upload-artifact@ea165f8d65b6e75b540449e92b4886f43607fa02' (SHA:ea165f8d65b6e75b540449e92b4886f43607fa02)
2026-09-17T14:07:46.7042655Z Complete job name: operator (windows-latest)
2026-09-17T14:07:46.7991035Z ##[group]Run actions/checkout@08c6903cd8c0fde910a37f88322edcfb5dd907a8
2026-09-17T14:07:46.7991868Z with:
2026-09-17T14:07:46.7992149Z   persist-credentials: false
2026-09-17T14:07:46.7992482Z   repository: youq616/Zevune
2026-09-17T14:07:46.7994466Z   token: ***
2026-09-17T14:07:46.7994735Z   ssh-strict: true
2026-09-17T14:07:46.7995017Z   ssh-user: git
2026-09-17T14:07:46.7995283Z   clean: true
2026-09-17T14:07:46.7995568Z   sparse-checkout-cone-mode: true
2026-09-17T14:07:46.7995885Z   fetch-depth: 1
2026-09-17T14:07:46.7996146Z   fetch-tags: false
2026-09-17T14:07:46.7996435Z   show-progress: true
2026-09-17T14:07:46.7996711Z   lfs: false
2026-09-17T14:07:46.7996994Z   submodules: false
2026-09-17T14:07:46.7997290Z   set-safe-directory: true
2026-09-17T14:07:46.7997666Z env:
2026-09-17T14:07:46.7997940Z   RAYON_NUM_THREADS: 2
2026-09-17T14:07:46.7998219Z   CARGO_BUILD_JOBS: 2
2026-09-17T14:07:46.7998487Z ##[endgroup]
2026-09-17T14:07:46.9010494Z Syncing repository: youq616/Zevune
2026-09-17T14:07:46.9012225Z ##[group]Getting Git version info
2026-09-17T14:07:46.9012823Z Working directory is 'D:\a\Zevune\Zevune'
2026-09-17T14:07:46.9445427Z [command]"C:\Program Files\Git\bin\git.exe" version
2026-09-17T14:07:47.3026370Z git version 2.55.0.windows.5
2026-09-17T14:07:47.3067040Z ##[endgroup]
2026-09-17T14:07:47.3083203Z Temporarily overriding HOME='D:\a\_temp\708a946c-9e93-4ee3-91c8-abb86c9204e1' before making global git config changes
2026-09-17T14:07:47.3084785Z Adding repository directory to the temporary git global config as a safe directory
2026-09-17T14:07:47.3107697Z [command]"C:\Program Files\Git\bin\git.exe" config --global --add safe.directory D:\a\Zevune\Zevune
2026-09-17T14:07:47.3657408Z Deleting the contents of 'D:\a\Zevune\Zevune'
2026-09-17T14:07:47.3663235Z ##[group]Initializing the repository
2026-09-17T14:07:47.3669170Z [command]"C:\Program Files\Git\bin\git.exe" init D:\a\Zevune\Zevune
2026-09-17T14:07:47.4324138Z Initialized empty Git repository in D:/a/Zevune/Zevune/.git/
2026-09-17T14:07:47.4362389Z [command]"C:\Program Files\Git\bin\git.exe" remote add origin https://github.com/youq616/Zevune
2026-09-17T14:07:47.4848235Z ##[endgroup]
2026-09-17T14:07:47.4849176Z ##[group]Disabling automatic garbage collection
2026-09-17T14:07:47.4854574Z [command]"C:\Program Files\Git\bin\git.exe" config --local gc.auto 0
2026-09-17T14:07:47.5041217Z ##[endgroup]
2026-09-17T14:07:47.5042046Z ##[group]Setting up auth
2026-09-17T14:07:47.5049109Z [command]"C:\Program Files\Git\bin\git.exe" config --local --name-only --get-regexp core\.sshCommand
2026-09-17T14:07:47.5230802Z [command]"C:\Program Files\Git\bin\git.exe" submodule foreach --recursive "sh -c \"git config --local --name-only --get-regexp 'core\.sshCommand' && git config --local --unset-all 'core.sshCommand' || :\""
2026-09-17T14:07:51.4369403Z [command]"C:\Program Files\Git\bin\git.exe" config --local --name-only --get-regexp http\.https\:\/\/github\.com\/\.extraheader
2026-09-17T14:07:51.4605240Z [command]"C:\Program Files\Git\bin\git.exe" submodule foreach --recursive "sh -c \"git config --local --name-only --get-regexp 'http\.https\:\/\/github\.com\/\.extraheader' && git config --local --unset-all 'http.https://github.com/.extraheader' || :\""
2026-09-17T14:07:51.8790640Z [command]"C:\Program Files\Git\bin\git.exe" config --local http.https://github.com/.extraheader "AUTHORIZATION: basic ***"
2026-09-17T14:07:51.9036418Z ##[endgroup]
2026-09-17T14:07:51.9037094Z ##[group]Fetching the repository
2026-09-17T14:07:51.9046133Z [command]"C:\Program Files\Git\bin\git.exe" -c protocol.version=2 fetch --no-tags --prune --no-recurse-submodules --depth=1 origin +2d208360ab665fbe82b57d205cf07e789f06164b:refs/remotes/pull/15/merge
2026-09-17T14:07:56.4931529Z From https://github.com/youq616/Zevune
2026-09-17T14:07:56.4932192Z  * [new ref]         2d208360ab665fbe82b57d205cf07e789f06164b -> pull/15/merge
2026-09-17T14:07:56.4972169Z ##[endgroup]
2026-09-17T14:07:56.4976583Z ##[group]Determining the checkout info
2026-09-17T14:07:56.4977239Z ##[endgroup]
2026-09-17T14:07:56.4981647Z [command]"C:\Program Files\Git\bin\git.exe" sparse-checkout disable
2026-09-17T14:07:56.5354660Z [command]"C:\Program Files\Git\bin\git.exe" config --local --unset-all extensions.worktreeConfig
2026-09-17T14:07:56.5553445Z ##[group]Checking out the ref
2026-09-17T14:07:56.5560422Z [command]"C:\Program Files\Git\bin\git.exe" checkout --progress --force refs/remotes/pull/15/merge
2026-09-17T14:07:56.7314947Z Note: switching to 'refs/remotes/pull/15/merge'.
2026-09-17T14:07:56.7315149Z 
2026-09-17T14:07:56.7315272Z You are in 'detached HEAD' state. You can look around, make experimental
2026-09-17T14:07:56.7315571Z changes and commit them, and you can discard any commits you make in this
2026-09-17T14:07:56.7316013Z state without impacting any branches by switching back to a branch.
2026-09-17T14:07:56.7316248Z 
2026-09-17T14:07:56.7316415Z If you want to create a new branch to retain commits you create, you may
2026-09-17T14:07:56.7316973Z do so (now or later) by using -c with the switch command. Example:
2026-09-17T14:07:56.7317144Z 
2026-09-17T14:07:56.7317294Z   git switch -c <new-branch-name>
2026-09-17T14:07:56.7317392Z 
2026-09-17T14:07:56.7317457Z Or undo this operation with:
2026-09-17T14:07:56.7317564Z 
2026-09-17T14:07:56.7317608Z   git switch -
2026-09-17T14:07:56.7317678Z 
2026-09-17T14:07:56.7317790Z Turn off this advice by setting config variable advice.detachedHead to false
2026-09-17T14:07:56.7317972Z 
2026-09-17T14:07:56.7318185Z HEAD is now at 2d20836 Merge 2020c7314a996769b33706754405c0976ce7c50a into 0927af157a3cc35abde14b036bc50a99a793a32b
2026-09-17T14:07:56.7666752Z ##[endgroup]
2026-09-17T14:07:56.7673408Z [command]"C:\Program Files\Git\bin\git.exe" log -1 --format=%H
2026-09-17T14:07:56.7867177Z 2d208360ab665fbe82b57d205cf07e789f06164b
2026-09-17T14:07:56.7903400Z ##[group]Removing auth
2026-09-17T14:07:56.7909734Z [command]"C:\Program Files\Git\bin\git.exe" config --local --name-only --get-regexp core\.sshCommand
2026-09-17T14:07:56.8160153Z [command]"C:\Program Files\Git\bin\git.exe" submodule foreach --recursive "sh -c \"git config --local --name-only --get-regexp 'core\.sshCommand' && git config --local --unset-all 'core.sshCommand' || :\""
2026-09-17T14:07:57.2012923Z [command]"C:\Program Files\Git\bin\git.exe" config --local --name-only --get-regexp http\.https\:\/\/github\.com\/\.extraheader
2026-09-17T14:07:57.2176538Z http.https://github.com/.extraheader
2026-09-17T14:07:57.2203256Z [command]"C:\Program Files\Git\bin\git.exe" config --local --unset-all http.https://github.com/.extraheader
2026-09-17T14:07:57.2395868Z [command]"C:\Program Files\Git\bin\git.exe" submodule foreach --recursive "sh -c \"git config --local --name-only --get-regexp 'http\.https\:\/\/github\.com\/\.extraheader' && git config --local --unset-all 'http.https://github.com/.extraheader' || :\""
2026-09-17T14:07:57.6130556Z ##[endgroup]
2026-09-17T14:07:57.6472172Z Node 20 is being deprecated. This workflow is running with Node 24 by default. If you need to temporarily use Node 20, you can set the ACTIONS_ALLOW_USE_UNSECURE_NODE_VERSION=true environment variable. For more information see: https://github.blog/changelog/2025-09-19-deprecation-of-node-20-on-github-actions-runners/
2026-09-17T14:07:57.6474027Z ##[group]Run actions/setup-go@44694675825211faa026b3c33043df3e48a5fa00
2026-09-17T14:07:57.6474323Z with:
2026-09-17T14:07:57.6474495Z   go-version: 1.27.1
2026-09-17T14:07:57.6474723Z   cache-dependency-path: integration/cometbft/go.sum
2026-09-17T14:07:57.6474985Z   check-latest: false
2026-09-17T14:07:57.6477067Z   token: ***
2026-09-17T14:07:57.6477220Z   cache: true
2026-09-17T14:07:57.6477398Z env:
2026-09-17T14:07:57.6477570Z   RAYON_NUM_THREADS: 2
2026-09-17T14:07:57.6477736Z   CARGO_BUILD_JOBS: 2
2026-09-17T14:07:57.6477893Z ##[endgroup]
2026-09-17T14:07:57.7510507Z Setup go version spec 1.27.1
2026-09-17T14:07:57.7519651Z Attempting to download 1.27.1...
2026-09-17T14:07:57.7636068Z (node:6904) [DEP0040] DeprecationWarning: The `punycode` module is deprecated. Please use a userland alternative instead.
2026-09-17T14:07:57.7636634Z (Use `node --trace-deprecation ...` to show where the warning was created)
2026-09-17T14:07:58.4542626Z matching 1.27.1...
2026-09-17T14:07:58.4559483Z Acquiring 1.27.1 from https://github.com/actions/go-versions/releases/download/1.27.1-33583469715/go-1.27.1-win32-x64.zip
2026-09-17T14:07:59.0213564Z Extracting Go...
2026-09-17T14:07:59.0868633Z [command]"C:\Program Files\PowerShell\7\pwsh.exe" -NoLogo -NoProfile -NonInteractive -ExecutionPolicy Unrestricted -Command "$ErrorActionPreference = 'Stop' ; try { Add-Type -AssemblyName System.IO.Compression.ZipFile } catch { } ; try { [System.IO.Compression.ZipFile]::ExtractToDirectory('D:\a\_temp\go-1.27.1-win32-x64.zip', 'D:\a\_temp\4594e8b5-fb41-47a7-99e0-eefe60466b8d', $true) } catch { if (($_.Exception.GetType().FullName -eq 'System.Management.Automation.MethodException') -or ($_.Exception.GetType().FullName -eq 'System.Management.Automation.RuntimeException') ){ Expand-Archive -LiteralPath 'D:\a\_temp\go-1.27.1-win32-x64.zip' -DestinationPath 'D:\a\_temp\4594e8b5-fb41-47a7-99e0-eefe60466b8d' -Force } else { throw $_ } } ;"
2026-09-17T14:08:02.2848963Z Successfully extracted go to D:\a\_temp\4594e8b5-fb41-47a7-99e0-eefe60466b8d
2026-09-17T14:08:02.2849224Z Adding to the cache ...
2026-09-17T14:08:08.4502970Z Created link C:\hostedtoolcache\windows\go\1.27.1\x64 => D:\hostedtoolcache\windows\go\1.27.1\x64
2026-09-17T14:08:08.4505638Z Created link C:\hostedtoolcache\windows\go\1.27.1\x64.complete => D:\hostedtoolcache\windows\go\1.27.1\x64.complete
2026-09-17T14:08:08.4506116Z Successfully cached go to C:\hostedtoolcache\windows\go\1.27.1\x64
2026-09-17T14:08:08.4511345Z Added go to the path
2026-09-17T14:08:08.4513462Z Successfully set up Go version 1.27.1
2026-09-17T14:08:08.6053999Z [command]C:\hostedtoolcache\windows\go\1.27.1\x64\bin\go.exe env GOCACHE
2026-09-17T14:08:08.6089789Z [command]C:\hostedtoolcache\windows\go\1.27.1\x64\bin\go.exe env GOMODCACHE
2026-09-17T14:08:08.6218877Z C:\Users\runneradmin\AppData\Local\go-build
2026-09-17T14:08:08.6241320Z C:\Users\runneradmin\go\pkg\mod
2026-09-17T14:08:08.8736434Z Cache hit for: setup-go-Windows-x64-go-1.27.1-ef6b0fbca0a8d0b6206b16c85f11c4a6c772908ae2660ca86a6b7ee95979c938
2026-09-17T14:08:08.8812707Z (node:6904) [DEP0169] DeprecationWarning: `url.parse()` behavior is not standardized and prone to errors that have security implications. Use the WHATWG URL API instead. CVEs are not issued for `url.parse()` vulnerabilities.
2026-09-17T14:08:10.0223977Z Received 130023424 of 429434914 (30.3%), 122.0 MBs/sec
2026-09-17T14:08:11.0292092Z Received 167772160 of 429434914 (39.1%), 79.1 MBs/sec
2026-09-17T14:08:12.1668835Z Received 268435456 of 429434914 (62.5%), 81.0 MBs/sec
2026-09-17T14:08:13.3872634Z Received 402653184 of 429434914 (93.8%), 87.7 MBs/sec
2026-09-17T14:08:13.6627322Z Received 429434914 of 429434914 (100.0%), 88.0 MBs/sec
2026-09-17T14:08:13.6627805Z Cache Size: ~410 MB (429434914 B)
2026-09-17T14:08:13.6681086Z [command]"C:\Program Files\Git\usr\bin\tar.exe" -xf D:/a/_temp/8ff7be84-ca6d-40ed-a55e-2c63f91c51de/cache.tzst -P -C D:/a/Zevune/Zevune --force-local --use-compress-program "zstd -d"
2026-09-17T14:08:37.8633677Z Cache restored successfully
2026-09-17T14:08:37.8898108Z Cache restored from key: setup-go-Windows-x64-go-1.27.1-ef6b0fbca0a8d0b6206b16c85f11c4a6c772908ae2660ca86a6b7ee95979c938
2026-09-17T14:08:37.8915384Z go version go1.27.1 windows/amd64
2026-09-17T14:08:37.8915518Z 
2026-09-17T14:08:37.8915726Z ##[group]go env
2026-09-17T14:08:38.1161857Z set AR=ar
2026-09-17T14:08:38.1162072Z set CC=gcc
2026-09-17T14:08:38.1162268Z set CGO_CFLAGS=-O2 -g
2026-09-17T14:08:38.1162504Z set CGO_CPPFLAGS=
2026-09-17T14:08:38.1162695Z set CGO_CXXFLAGS=-O2 -g
2026-09-17T14:08:38.1162882Z set CGO_ENABLED=1
2026-09-17T14:08:38.1163039Z set CGO_FFLAGS=-O2 -g
2026-09-17T14:08:38.1163233Z set CGO_LDFLAGS=-O2 -g
2026-09-17T14:08:38.1163407Z set CXX=g++
2026-09-17T14:08:38.1163559Z set GCCGO=gccgo
2026-09-17T14:08:38.1163726Z set GO111MODULE=
2026-09-17T14:08:38.1163891Z set GOAMD64=v1
2026-09-17T14:08:38.1164047Z set GOARCH=amd64
2026-09-17T14:08:38.1164214Z set GOAUTH=netrc
2026-09-17T14:08:38.1164405Z set GOBIN=C:\Users\runneradmin\go\bin
2026-09-17T14:08:38.1164687Z set GOCACHE=C:\Users\runneradmin\AppData\Local\go-build
2026-09-17T14:08:38.1164954Z set GOCACHEPROG=
2026-09-17T14:08:38.1165129Z set GODEBUG=
2026-09-17T14:08:38.1165334Z set GOENV=C:\Users\runneradmin\AppData\Roaming\go\env
2026-09-17T14:08:38.1165585Z set GOEXE=.exe
2026-09-17T14:08:38.1165744Z set GOEXPERIMENT=
2026-09-17T14:08:38.1165917Z set GOFIPS140=off
2026-09-17T14:08:38.1166082Z set GOFLAGS=
2026-09-17T14:08:38.1166738Z set GOGCCFLAGS=-m64 -pthread -Wl,--no-gc-sections -fmessage-length=0 -ffile-prefix-map=C:\Users\RUNNER~1\AppData\Local\Temp\go-build3640881407=/tmp/go-build -gno-record-gcc-switches
2026-09-17T14:08:38.1167363Z set GOHOSTARCH=amd64
2026-09-17T14:08:38.1167548Z set GOHOSTOS=windows
2026-09-17T14:08:38.1167722Z set GOINSECURE=
2026-09-17T14:08:38.1167907Z set GOMOD=D:\a\Zevune\Zevune\go.mod
2026-09-17T14:08:38.1168161Z set GOMODCACHE=C:\Users\runneradmin\go\pkg\mod
2026-09-17T14:08:38.1168586Z set GONOPROXY=
2026-09-17T14:08:38.1168751Z set GONOSUMDB=
2026-09-17T14:08:38.1168912Z set GOOS=windows
2026-09-17T14:08:38.1169086Z set GOPACKAGESDRIVER=
2026-09-17T14:08:38.1169302Z set GOPATH=C:\Users\runneradmin\go
2026-09-17T14:08:38.1169544Z set GOPRIVATE=
2026-09-17T14:08:38.1169764Z set GOPROXY=https://proxy.golang.org,direct
2026-09-17T14:08:38.1170050Z set GOROOT=C:\hostedtoolcache\windows\go\1.27.1\x64
2026-09-17T14:08:38.1170312Z set GOSUMDB=sum.golang.org
2026-09-17T14:08:38.1170765Z set GOTELEMETRY=local
2026-09-17T14:08:38.1171041Z set GOTELEMETRYDIR=C:\Users\runneradmin\AppData\Roaming\go\telemetry
2026-09-17T14:08:38.1171337Z set GOTMPDIR=
2026-09-17T14:08:38.1171505Z set GOTOOLCHAIN=local
2026-09-17T14:08:38.1171793Z set GOTOOLDIR=C:\hostedtoolcache\windows\go\1.27.1\x64\pkg\tool\windows_amd64
2026-09-17T14:08:38.1172109Z set GOVCS=
2026-09-17T14:08:38.1172262Z set GOVERSION=go1.27.1
2026-09-17T14:08:38.1172429Z set GOWORK=
2026-09-17T14:08:38.1172593Z set PKG_CONFIG=pkg-config
2026-09-17T14:08:38.1172711Z 
2026-09-17T14:08:38.1172984Z ##[endgroup]
2026-09-17T14:08:38.1392107Z ##[group]Run rustup toolchain install 1.98.1 --profile minimal --component rustfmt --component clippy
2026-09-17T14:08:38.1392555Z [36;1mrustup toolchain install 1.98.1 --profile minimal --component rustfmt --component clippy[0m
2026-09-17T14:08:38.1406925Z shell: C:\Program Files\Git\bin\bash.EXE --noprofile --norc -e -o pipefail {0}
2026-09-17T14:08:38.1407151Z env:
2026-09-17T14:08:38.1407256Z   RAYON_NUM_THREADS: 2
2026-09-17T14:08:38.1407368Z   CARGO_BUILD_JOBS: 2
2026-09-17T14:08:38.1407480Z   GOTOOLCHAIN: local
2026-09-17T14:08:38.1407591Z ##[endgroup]
2026-09-17T14:08:40.5648302Z info: syncing channel updates for 1.98.1-x86_64-pc-windows-msvc
2026-09-17T14:08:41.1095452Z info: latest update on 2026-09-03 for version 1.98.1 (48a229cea 2026-09-01)
2026-09-17T14:08:41.1226376Z info: downloading 5 components
2026-09-17T14:08:48.8423572Z 
2026-09-17T14:08:50.2044880Z   1.98.1-x86_64-pc-windows-msvc installed - rustc 1.98.1 (48a229cea 2026-09-01)
2026-09-17T14:08:50.2045208Z 
2026-09-17T14:08:50.2227755Z ##[group]Run test -z "$(gofmt -l integration/cometbft/labnet integration/cometbft/cmd/zevune-network)"
2026-09-17T14:08:50.2228170Z [36;1mtest -z "$(gofmt -l integration/cometbft/labnet integration/cometbft/cmd/zevune-network)"[0m
2026-09-17T14:08:50.2228442Z [36;1mpython -m unittest discover -s scripts/tests -v[0m
2026-09-17T14:08:50.2228643Z [36;1mcd integration/orchard[0m
2026-09-17T14:08:50.2228787Z [36;1mcargo fmt --all -- --check[0m
2026-09-17T14:08:50.2228991Z [36;1mcargo build --locked --release --features local-funding-lab --bins[0m
2026-09-17T14:08:50.2229200Z [36;1mgit diff --exit-code[0m
2026-09-17T14:08:50.2236872Z shell: C:\Program Files\Git\bin\bash.EXE --noprofile --norc -e -o pipefail {0}
2026-09-17T14:08:50.2237088Z env:
2026-09-17T14:08:50.2237199Z   RAYON_NUM_THREADS: 2
2026-09-17T14:08:50.2237319Z   CARGO_BUILD_JOBS: 2
2026-09-17T14:08:50.2237434Z   GOTOOLCHAIN: local
2026-09-17T14:08:50.2237551Z ##[endgroup]
2026-09-17T14:08:52.0921656Z test_duplicate_archive_path_rejected (test_crate_notices.CrateNoticeTests.test_duplicate_archive_path_rejected) ... ok
2026-09-17T14:08:52.1172146Z test_inventory_is_create_only (test_crate_notices.CrateNoticeTests.test_inventory_is_create_only) ... ok
2026-09-17T14:08:52.1177366Z test_lock_rejects_path_identities_and_duplicates (test_crate_notices.CrateNoticeTests.test_lock_rejects_path_identities_and_duplicates) ... ok
2026-09-17T14:08:52.1183057Z test_member_and_expanded_byte_limits (test_crate_notices.CrateNoticeTests.test_member_and_expanded_byte_limits) ... ok
2026-09-17T14:08:52.1302396Z test_missing_notices_is_not_distribution_approval (test_crate_notices.CrateNoticeTests.test_missing_notices_is_not_distribution_approval) ... ok
2026-09-17T14:08:52.1307915Z test_pinned_archive_collects_notices_not_source (test_crate_notices.CrateNoticeTests.test_pinned_archive_collects_notices_not_source) ... ok
2026-09-17T14:08:52.1309191Z test_registry_checksum_required_and_workspace_separate (test_crate_notices.CrateNoticeTests.test_registry_checksum_required_and_workspace_separate) ... ok
2026-09-17T14:08:52.1315234Z test_traversal_foreign_root_and_symlink_rejected (test_crate_notices.CrateNoticeTests.test_traversal_foreign_root_and_symlink_rejected) ... ok
2026-09-17T14:08:52.1317886Z test_wrong_archive_checksum_fails_before_parsing (test_crate_notices.CrateNoticeTests.test_wrong_archive_checksum_fails_before_parsing) ... ok
2026-09-17T14:08:52.1323782Z test_command_failure_stops_cohort_and_never_reports_completion (test_funded_rust.FundedRustPlanTests.test_command_failure_stops_cohort_and_never_reports_completion) ... ok
2026-09-17T14:08:52.1328792Z test_commands_keep_flags_and_never_filter_test_names (test_funded_rust.FundedRustPlanTests.test_commands_keep_flags_and_never_filter_test_names) ... ok
2026-09-17T14:08:52.1332917Z test_empty_or_incomplete_inventory_fails (test_funded_rust.FundedRustPlanTests.test_empty_or_incomplete_inventory_fails) ... ok
2026-09-17T14:08:52.1334672Z test_future_binary_and_integration_targets_join_automatically (test_funded_rust.FundedRustPlanTests.test_future_binary_and_integration_targets_join_automatically) ... ok
2026-09-17T14:08:52.1343127Z test_invalid_names_and_duplicate_targets_fail (test_funded_rust.FundedRustPlanTests.test_invalid_names_and_duplicate_targets_fail) ... ok
2026-09-17T14:08:52.1347019Z test_metadata_failure_is_a_nonzero_exit (test_funded_rust.FundedRustPlanTests.test_metadata_failure_is_a_nonzero_exit) ... ok
2026-09-17T14:08:52.1352037Z test_plan_only_is_not_a_test_execution (test_funded_rust.FundedRustPlanTests.test_plan_only_is_not_a_test_execution) ... ok
2026-09-17T14:08:52.1355310Z test_reordering_metadata_does_not_change_plan (test_funded_rust.FundedRustPlanTests.test_reordering_metadata_does_not_change_plan) ... ok
2026-09-17T14:08:52.1358180Z test_target_union_is_complete_and_disjoint (test_funded_rust.FundedRustPlanTests.test_target_union_is_complete_and_disjoint) ... ok
2026-09-17T14:08:52.1360357Z test_unknown_cohort_or_schema_fails (test_funded_rust.FundedRustPlanTests.test_unknown_cohort_or_schema_fails) ... ok
2026-09-17T14:08:52.1370431Z test_unknown_or_disabled_targets_are_not_silently_omitted (test_funded_rust.FundedRustPlanTests.test_unknown_or_disabled_targets_are_not_silently_omitted) ... ok
2026-09-17T14:08:52.1374591Z test_unselected_features_fail (test_funded_rust.FundedRustPlanTests.test_unselected_features_fail) ... ok
2026-09-17T14:08:52.1379200Z test_wrong_workspace_identity_fails (test_funded_rust.FundedRustPlanTests.test_wrong_workspace_identity_fails) ... ok
2026-09-17T14:08:52.1385890Z test_directory_is_not_packaged (test_local_bundle.BundleManifestTests.test_directory_is_not_packaged) ... ok
2026-09-17T14:08:52.1396342Z test_manifest_hashes_only_explicit_regular_files (test_local_bundle.BundleManifestTests.test_manifest_hashes_only_explicit_regular_files) ... ok
2026-09-17T14:08:52.1532970Z test_signer_material_is_ignored_without_creating_secret_files (test_local_bundle.BundleManifestTests.test_signer_material_is_ignored_without_creating_secret_files) ... ok
2026-09-17T14:08:52.1535184Z test_memory_requires_exact_kib_fields_and_positive_consistent_values (test_payment_resources.LinuxParserTests.test_memory_requires_exact_kib_fields_and_positive_consistent_values) ... ok
2026-09-17T14:08:52.1535877Z test_proc_pinned_identity_rechecks_both_sides_of_memory_read (test_payment_resources.LinuxParserTests.test_proc_pinned_identity_rechecks_both_sides_of_memory_read) ... skipped 'Linux proc descriptor semantics'
2026-09-17T14:08:52.1536986Z test_proc_stat_parentheses_identity_and_creation (test_payment_resources.LinuxParserTests.test_proc_stat_parentheses_identity_and_creation) ... ok
2026-09-17T14:08:52.1754003Z test_direct_child_parent_identity_exit_and_current_rss (test_payment_resources.NativeMemoryTests.test_direct_child_parent_identity_exit_and_current_rss) ... ok
2026-09-17T14:08:52.1774211Z test_live_self_sample_uses_real_os_counters (test_payment_resources.NativeMemoryTests.test_live_self_sample_uses_real_os_counters) ... ok
2026-09-17T14:08:52.1775645Z test_unsupported_platform_is_failure_not_skip_or_zero (test_payment_resources.NativeMemoryTests.test_unsupported_platform_is_failure_not_skip_or_zero) ... ok
2026-09-17T14:08:52.2150241Z test_budget_failure_preserves_valid_sample_and_sends_negative_ack (test_payment_resources.PersistenceAndCollectorTests.test_budget_failure_preserves_valid_sample_and_sends_negative_ack) ... ok
2026-09-17T14:08:52.2377948Z test_collector_initialization_failure_reaps_started_coordinator (test_payment_resources.PersistenceAndCollectorTests.test_collector_initialization_failure_reaps_started_coordinator) ... ok
2026-09-17T14:08:52.9573196Z test_complete_evidence_requires_all_children_stopped_and_immutable_files (test_payment_resources.PersistenceAndCollectorTests.test_complete_evidence_requires_all_children_stopped_and_immutable_files) ... ok
2026-09-17T14:08:52.9713314Z test_evidence_reservation_never_overwrites_user_file (test_payment_resources.PersistenceAndCollectorTests.test_evidence_reservation_never_overwrites_user_file) ... ok
2026-09-17T14:08:52.9854992Z test_metadata_failure_still_saves_start_and_failure_without_exception_text (test_payment_resources.PersistenceAndCollectorTests.test_metadata_failure_still_saves_start_and_failure_without_exception_text) ... ok
2026-09-17T14:08:53.0404011Z test_pid_change_parent_failure_and_missing_metric_cannot_be_success (test_payment_resources.PersistenceAndCollectorTests.test_pid_change_parent_failure_and_missing_metric_cannot_be_success) ... ok
2026-09-17T14:08:53.3841300Z test_progress_failure_keeps_confirmed_count_and_uncertain_commit (test_payment_resources.PersistenceAndCollectorTests.test_progress_failure_keeps_confirmed_count_and_uncertain_commit) ... ok
2026-09-17T14:08:53.3883766Z test_final_result_does_not_accept_empty_tests_missing_checks_or_edited_timings (test_payment_resources.ProgressAndResultTests.test_final_result_does_not_accept_empty_tests_missing_checks_or_edited_timings) ... ok
2026-09-17T14:08:53.3898525Z test_full_operation_sequence_is_paired_and_final_result_matches (test_payment_resources.ProgressAndResultTests.test_full_operation_sequence_is_paired_and_final_result_matches) ... ok
2026-09-17T14:08:53.3905919Z test_progress_completion_must_match_operation_payment_and_commit_count (test_payment_resources.ProgressAndResultTests.test_progress_completion_must_match_operation_payment_and_commit_count) ... ok
2026-09-17T14:08:53.3911872Z test_unfinished_operation_has_no_fabricated_duration (test_payment_resources.ProgressAndResultTests.test_unfinished_operation_has_no_fabricated_duration) ... ok
2026-09-17T14:08:53.3914639Z test_all_nine_exact_checkpoints_and_pending_wallet_record (test_payment_resources.ResourceSchemaTests.test_all_nine_exact_checkpoints_and_pending_wallet_record) ... ok
2026-09-17T14:08:53.3915352Z test_budget_keeps_valid_over_budget_measurement (test_payment_resources.ResourceSchemaTests.test_budget_keeps_valid_over_budget_measurement) ... ok
2026-09-17T14:08:53.3916663Z test_json_duplicates_nonfinite_scalars_and_oversize_rejected (test_payment_resources.ResourceSchemaTests.test_json_duplicates_nonfinite_scalars_and_oversize_rejected) ... ok
2026-09-17T14:08:53.3917403Z test_unknown_and_missing_fields_cannot_enter_evidence (test_payment_resources.ResourceSchemaTests.test_unknown_and_missing_fields_cannot_enter_evidence) ... ok
2026-09-17T14:08:53.3918144Z test_unsigned_numbers_reject_booleans_floats_and_out_of_bounds (test_payment_resources.ResourceSchemaTests.test_unsigned_numbers_reject_booleans_floats_and_out_of_bounds) ... ok
2026-09-17T14:08:53.3919037Z test_wallet_and_capacity_counts_are_checked_not_just_types (test_payment_resources.ResourceSchemaTests.test_wallet_and_capacity_counts_are_checked_not_just_types) ... ok
2026-09-17T14:08:53.3920140Z test_wrong_phase_height_generation_or_pid_cannot_claim_checkpoint (test_payment_resources.ResourceSchemaTests.test_wrong_phase_height_generation_or_pid_cannot_claim_checkpoint) ... ok
2026-09-17T14:08:53.8152320Z test_bad_order_is_rejected_before_copying_it_over_a_valid_prefix (test_payment_resources_evidence.EvidenceCollectorBoundaryTests.test_bad_order_is_rejected_before_copying_it_over_a_valid_prefix) ... ok
2026-09-17T14:08:53.8157400Z test_cleanup_does_not_restart_its_existing_deadline (test_payment_resources_evidence.EvidenceCollectorBoundaryTests.test_cleanup_does_not_restart_its_existing_deadline) ... ok
2026-09-17T14:08:54.1754484Z test_commit_completion_changes_confirmed_count_without_inventing_apply_success (test_payment_resources_evidence.EvidenceCollectorBoundaryTests.test_commit_completion_changes_confirmed_count_without_inventing_apply_success) ... ok
2026-09-17T14:08:54.6876862Z test_complete_checkpoints_without_result_file_are_still_failure (test_payment_resources_evidence.EvidenceCollectorBoundaryTests.test_complete_checkpoints_without_result_file_are_still_failure) ... ok
2026-09-17T14:08:55.3216133Z test_numeric_measurement_complete_cannot_stand_in_for_true (test_payment_resources_evidence.EvidenceCollectorBoundaryTests.test_numeric_measurement_complete_cannot_stand_in_for_true) ... ok
2026-09-17T14:08:55.3440215Z test_report_save_failure_does_not_acknowledge_success (test_payment_resources_evidence.EvidenceCollectorBoundaryTests.test_report_save_failure_does_not_acknowledge_success) ... ok
2026-09-17T14:08:55.3973494Z test_same_height_recovery_cannot_change_capacity (test_payment_resources_evidence.EvidenceCollectorBoundaryTests.test_same_height_recovery_cannot_change_capacity) ... ok
2026-09-17T14:08:55.4350513Z test_second_role_over_budget_retains_both_samples_in_real_report (test_payment_resources_evidence.EvidenceCollectorBoundaryTests.test_second_role_over_budget_retains_both_samples_in_real_report) ... ok
2026-09-17T14:08:55.4508253Z test_unvalidated_fields_never_enter_failure_report_or_ack (test_payment_resources_evidence.EvidenceCollectorBoundaryTests.test_unvalidated_fields_never_enter_failure_report_or_ack) ... ok
2026-09-17T14:08:55.4752358Z test_zero_exit_without_checkpoints_is_not_successful_acceptance (test_payment_resources_evidence.EvidenceCollectorBoundaryTests.test_zero_exit_without_checkpoints_is_not_successful_acceptance) ... ok
2026-09-17T14:08:55.4896491Z test_close_disk_check_and_outbox_boundaries_cannot_move (test_payment_resources_evidence.EvidenceCompletenessTests.test_close_disk_check_and_outbox_boundaries_cannot_move) ... ok
2026-09-17T14:08:55.4942835Z test_every_one_of_nine_checkpoints_is_required (test_payment_resources_evidence.EvidenceCompletenessTests.test_every_one_of_nine_checkpoints_is_required) ... ok
2026-09-17T14:08:55.4954602Z test_fixture_has_exact_fixed_go_operation_contract (test_payment_resources_evidence.EvidenceCompletenessTests.test_fixture_has_exact_fixed_go_operation_contract) ... ok
2026-09-17T14:08:55.5097674Z test_missing_or_repeated_recovery_pair_cannot_claim_complete_recovery (test_payment_resources_evidence.EvidenceCompletenessTests.test_missing_or_repeated_recovery_pair_cannot_claim_complete_recovery) ... ok
2026-09-17T14:08:55.5101061Z test_recovery_cannot_be_recorded_at_a_different_committed_height (test_payment_resources_evidence.EvidenceCompletenessTests.test_recovery_cannot_be_recorded_at_a_different_committed_height) ... ok
2026-09-17T14:08:55.5185489Z test_removing_whole_core_pair_cannot_be_hidden_by_matching_timings (test_payment_resources_evidence.EvidenceCompletenessTests.test_removing_whole_core_pair_cannot_be_hidden_by_matching_timings) ... ok
2026-09-17T14:08:55.5204262Z test_reordering_complete_core_pairs_is_not_a_valid_timing_result (test_payment_resources_evidence.EvidenceCompletenessTests.test_reordering_complete_core_pairs_is_not_a_valid_timing_result) ... ok
2026-09-17T14:08:55.5230029Z test_review_c1_wallet_recovery_after_new_payment_and_outbox_is_rejected (test_payment_resources_evidence.EvidenceCompletenessTests.test_review_c1_wallet_recovery_after_new_payment_and_outbox_is_rejected) ... ok
2026-09-17T14:08:55.5247043Z test_review_c1_worker_reopen_before_scenario_start_is_rejected (test_payment_resources_evidence.EvidenceCompletenessTests.test_review_c1_worker_reopen_before_scenario_start_is_rejected) ... ok
2026-09-17T14:08:55.5503924Z test_valid_partial_recovery_prefixes_remain_incomplete_without_fake_duration (test_payment_resources_evidence.EvidenceCompletenessTests.test_valid_partial_recovery_prefixes_remain_incomplete_without_fake_duration) ... ok
2026-09-17T14:08:55.5568227Z test_all_io_stages_produce_only_bounded_public_diagnostics (test_payment_resources_windows.PublicReadDiagnosticTests.test_all_io_stages_produce_only_bounded_public_diagnostics) ... ok
2026-09-17T14:08:55.5571046Z test_known_protocol_positions_and_os_codes_survive_without_private_context (test_payment_resources_windows.PublicReadDiagnosticTests.test_known_protocol_positions_and_os_codes_survive_without_private_context) ... ok
2026-09-17T14:08:55.5582165Z test_read_error_is_preserved_when_closing_the_same_stream_also_fails (test_payment_resources_windows.PublicReadDiagnosticTests.test_read_error_is_preserved_when_closing_the_same_stream_also_fails) ... ok
2026-09-17T14:08:55.5592520Z test_unknown_names_and_invalid_diagnostic_scalars_are_not_serialized (test_payment_resources_windows.PublicReadDiagnosticTests.test_unknown_names_and_invalid_diagnostic_scalars_are_not_serialized) ... ok
2026-09-17T14:08:55.5593957Z test_failed_crt_handle_transfer_closes_only_the_owned_windows_handle (test_payment_resources_windows.WindowsHandleOwnershipTests.test_failed_crt_handle_transfer_closes_only_the_owned_windows_handle) ... ok
2026-09-17T14:08:55.5595383Z test_failed_stream_creation_closes_crt_descriptor_not_raw_handle_twice (test_payment_resources_windows.WindowsHandleOwnershipTests.test_failed_stream_creation_closes_crt_descriptor_not_raw_handle_twice) ... ok
2026-09-17T14:08:55.5602331Z test_delete_holder_blocks_legacy_open_but_shared_reader_preserves_exact_json (test_payment_resources_windows.WindowsSharedProtocolTests.test_delete_holder_blocks_legacy_open_but_shared_reader_preserves_exact_json) ... ok
2026-09-17T14:08:55.5707570Z test_delete_sharing_does_not_disable_post_read_size_check (test_payment_resources_windows.WindowsSharedProtocolTests.test_delete_sharing_does_not_disable_post_read_size_check) ... ok
2026-09-17T14:08:55.5723011Z test_delete_sharing_does_not_disable_replacement_identity_check (test_payment_resources_windows.WindowsSharedProtocolTests.test_delete_sharing_does_not_disable_replacement_identity_check) ... ok
2026-09-17T14:08:55.5723848Z test_broken_clock_is_unknown_not_zero_duration (test_prepare_timing.PrepareTimingTests.test_broken_clock_is_unknown_not_zero_duration) ... ok
2026-09-17T14:08:55.5724515Z test_exact_stages_allow_only_submicrosecond_rounding (test_prepare_timing.PrepareTimingTests.test_exact_stages_allow_only_submicrosecond_rounding) ... ok
2026-09-17T14:08:55.5725758Z test_integer_types_bounds_and_missing_stages_fail (test_prepare_timing.PrepareTimingTests.test_integer_types_bounds_and_missing_stages_fail) ... ok
2026-09-17T14:08:55.5726621Z test_wrong_scope_or_unknown_fields_cannot_claim_finality (test_prepare_timing.PrepareTimingTests.test_wrong_scope_or_unknown_fields_cannot_claim_finality) ... ok
2026-09-17T14:08:55.5728061Z test_declared_wire_and_manifest_resource_bounds (test_protocol_vectors.ProtocolTranscriptVectors.test_declared_wire_and_manifest_resource_bounds) ... ok
2026-09-17T14:08:55.5731012Z test_legacy_and_genesis_bound_reference_vectors (test_protocol_vectors.ProtocolTranscriptVectors.test_legacy_and_genesis_bound_reference_vectors) ... ok
2026-09-17T14:08:55.7828946Z test_create_only (test_source_snapshot.SourceSnapshotTests.test_create_only) ... ok
2026-09-17T14:08:55.9706681Z test_excludes_untracked_ignored_and_modified_working_copy (test_source_snapshot.SourceSnapshotTests.test_excludes_untracked_ignored_and_modified_working_copy) ... ok
2026-09-17T14:08:56.1661672Z test_file_count_and_size_are_checked_before_blob_fetch (test_source_snapshot.SourceSnapshotTests.test_file_count_and_size_are_checked_before_blob_fetch) ... ok
2026-09-17T14:08:56.3321992Z test_modified_batch_payload_fails_identity_check (test_source_snapshot.SourceSnapshotTests.test_modified_batch_payload_fails_identity_check) ... ok
2026-09-17T14:08:57.4306193Z test_no_checkout_eol_filter_changes (test_source_snapshot.SourceSnapshotTests.test_no_checkout_eol_filter_changes) ... ok
2026-09-17T14:08:57.5783538Z test_non_oid_and_option_inputs_rejected (test_source_snapshot.SourceSnapshotTests.test_non_oid_and_option_inputs_rejected) ... ok
2026-09-17T14:08:57.8282522Z test_tracked_link_refused_without_following_it (test_source_snapshot.SourceSnapshotTests.test_tracked_link_refused_without_following_it) ... ok
2026-09-17T14:08:58.1501658Z test_uses_captured_commit_not_moving_head (test_source_snapshot.SourceSnapshotTests.test_uses_captured_commit_not_moving_head) ... ok
2026-09-17T14:08:58.1942659Z test_cli_failure_is_redacted_and_returns_nonzero (test_verify_local_lab.BundleVerificationTests.test_cli_failure_is_redacted_and_returns_nonzero) ... ok
2026-09-17T14:08:58.2014015Z test_directory_cannot_substitute_for_executable (test_verify_local_lab.BundleVerificationTests.test_directory_cannot_substitute_for_executable) ... ok
2026-09-17T14:08:58.2074751Z test_duplicate_json_fields_rejected_even_with_matching_pin (test_verify_local_lab.BundleVerificationTests.test_duplicate_json_fields_rejected_even_with_matching_pin) ... ok
2026-09-17T14:08:58.2223317Z test_each_modified_payload_is_rejected (test_verify_local_lab.BundleVerificationTests.test_each_modified_payload_is_rejected) ... ok
2026-09-17T14:08:58.2286277Z test_file_size_change_is_rejected (test_verify_local_lab.BundleVerificationTests.test_file_size_change_is_rejected) ... ok
2026-09-17T14:08:58.2371040Z test_invalid_sizes_and_hashes_are_rejected (test_verify_local_lab.BundleVerificationTests.test_invalid_sizes_and_hashes_are_rejected) ... ok
2026-09-17T14:08:58.2456472Z test_matching_bundle_verifies_without_launch_or_mutation (test_verify_local_lab.BundleVerificationTests.test_matching_bundle_verifies_without_launch_or_mutation) ... ok
2026-09-17T14:08:58.2525358Z test_missing_and_unlisted_files_rejected (test_verify_local_lab.BundleVerificationTests.test_missing_and_unlisted_files_rejected) ... ok
2026-09-17T14:08:58.2583166Z test_oversized_manifest_rejected_before_parse (test_verify_local_lab.BundleVerificationTests.test_oversized_manifest_rejected_before_parse) ... ok
2026-09-17T14:08:58.2645545Z test_rewritten_manifest_without_trusted_pin_rejected (test_verify_local_lab.BundleVerificationTests.test_rewritten_manifest_without_trusted_pin_rejected) ... ok
2026-09-17T14:08:58.2741849Z test_strict_false_flags_not_numeric_zero (test_verify_local_lab.BundleVerificationTests.test_strict_false_flags_not_numeric_zero) ... ok
2026-09-17T14:08:58.2805184Z test_unknown_and_legacy_manifest_fields_rejected (test_verify_local_lab.BundleVerificationTests.test_unknown_and_legacy_manifest_fields_rejected) ... ok
2026-09-17T14:08:58.2880188Z test_unsafe_duplicate_and_unknown_filenames_rejected (test_verify_local_lab.BundleVerificationTests.test_unsafe_duplicate_and_unknown_filenames_rejected) ... ok
2026-09-17T14:08:58.2999252Z test_windows_bundle_supported_but_mixed_platform_refused (test_verify_local_lab.BundleVerificationTests.test_windows_bundle_supported_but_mixed_platform_refused) ... ok
2026-09-17T14:08:58.3062430Z test_windows_reparse_point_is_not_regular_input (test_verify_local_lab.BundleVerificationTests.test_windows_reparse_point_is_not_regular_input) ... ok
2026-09-17T14:08:58.3122566Z test_wrong_independent_pin_and_commit_rejected (test_verify_local_lab.BundleVerificationTests.test_wrong_independent_pin_and_commit_rejected) ... ok
2026-09-17T14:08:58.3123966Z test_capacity_report_must_be_one_record (test_wallet_compaction.CompactionTests.test_capacity_report_must_be_one_record) ... ok
2026-09-17T14:08:58.3124882Z test_compact_frame_requires_pin_and_exactly_two_paths (test_wallet_compaction.CompactionTests.test_compact_frame_requires_pin_and_exactly_two_paths) ... ok
2026-09-17T14:08:58.3161332Z test_confirmation_and_response_checks_without_scanning_or_spending (test_wallet_compaction.CompactionTests.test_confirmation_and_response_checks_without_scanning_or_spending) ... ok
2026-09-17T14:08:58.3162903Z test_mismatched_source_target_and_claimed_payment_status_rejected (test_wallet_compaction.CompactionTests.test_mismatched_source_target_and_claimed_payment_status_rejected) ... ok
2026-09-17T14:08:58.3192345Z test_missing_pin_or_existing_target_never_asks_password_or_starts_backend (test_wallet_compaction.CompactionTests.test_missing_pin_or_existing_target_never_asks_password_or_starts_backend) ... ok
2026-09-17T14:08:58.3193284Z test_receipt_handover_is_not_balance_or_finality (test_wallet_compaction.CompactionTests.test_receipt_handover_is_not_balance_or_finality) ... ok
2026-09-17T14:08:58.3207830Z test_active_manifest_keeps_lab2_payments_and_isolates_legacy_domain (test_wallet_network.NetworkIdentityTests.test_active_manifest_keeps_lab2_payments_and_isolates_legacy_domain) ... ok
2026-09-17T14:08:58.3226390Z test_addresses_reject_mutation_and_noncanonical_text (test_wallet_network.NetworkIdentityTests.test_addresses_reject_mutation_and_noncanonical_text) ... ok
2026-09-17T14:08:58.3233908Z test_bound_checksum_and_expected_identity (test_wallet_network.NetworkIdentityTests.test_bound_checksum_and_expected_identity) ... ok
2026-09-17T14:08:58.3316015Z test_invalid_payment_numbers_fail_before_password_or_backend (test_wallet_network.NetworkIdentityTests.test_invalid_payment_numbers_fail_before_password_or_backend) ... ok
2026-09-17T14:08:58.3356648Z test_network_address_frontend_checks_backend_identity (test_wallet_network.NetworkIdentityTests.test_network_address_frontend_checks_backend_identity) ... ok
2026-09-17T14:08:58.3364013Z test_network_address_wire_operation_has_exact_field_count (test_wallet_network.NetworkIdentityTests.test_network_address_wire_operation_has_exact_field_count) ... ok
2026-09-17T14:08:58.3374544Z test_pinned_genesis_is_read_only_and_profile_is_explicit (test_wallet_network.NetworkIdentityTests.test_pinned_genesis_is_read_only_and_profile_is_explicit) ... ok
2026-09-17T14:08:58.3388235Z test_public_supply_precheck_rejects_bad_allocation_not_just_pin (test_wallet_network.NetworkIdentityTests.test_public_supply_precheck_rejects_bad_allocation_not_just_pin) ... ok
2026-09-17T14:08:58.3603374Z test_truncated_unknown_overlarge_and_wrong_network_frames_fail (test_wallet_network.NetworkIdentityTests.test_truncated_unknown_overlarge_and_wrong_network_frames_fail) ... ok
2026-09-17T14:08:58.3611309Z test_untrusted_pin_missing_and_nonregular_files_fail (test_wallet_network.NetworkIdentityTests.test_untrusted_pin_missing_and_nonregular_files_fail) ... ok
2026-09-17T14:08:58.3644851Z test_wrong_network_frontend_stops_before_password_and_backend (test_wallet_network.NetworkIdentityTests.test_wrong_network_frontend_stops_before_password_and_backend) ... ok
2026-09-17T14:08:58.3658078Z test_console_storage_never_selects_history_or_constructs_payment (test_wallet_storage.StorageStatusTests.test_console_storage_never_selects_history_or_constructs_payment) ... ok
2026-09-17T14:08:58.3658776Z test_extra_missing_and_unsupported_fields_fail (test_wallet_storage.StorageStatusTests.test_extra_missing_and_unsupported_fields_fail) ... ok
2026-09-17T14:08:58.3659429Z test_new_and_full_reports_are_not_balance_or_confirmation (test_wallet_storage.StorageStatusTests.test_new_and_full_reports_are_not_balance_or_confirmation) ... ok
2026-09-17T14:08:58.3660709Z test_rejects_false_capacity_and_noncanonical_types (test_wallet_storage.StorageStatusTests.test_rejects_false_capacity_and_noncanonical_types) ... ok
2026-09-17T14:08:58.3661272Z test_storage_request_has_one_field_and_existing_private_pin (test_wallet_storage.StorageStatusTests.test_storage_request_has_one_field_and_existing_private_pin) ... ok
2026-09-17T14:08:58.3662146Z test_address_checksum_and_numeric_canonicality (test_zevune_wallet.WalletConsoleTests.test_address_checksum_and_numeric_canonicality) ... ok
2026-09-17T14:08:58.3663835Z test_no_echo_fallback_and_confirmation (test_zevune_wallet.WalletConsoleTests.test_no_echo_fallback_and_confirmation) ... ok
2026-09-17T14:08:58.3686842Z test_private_input_never_enters_arguments_or_environment (test_zevune_wallet.WalletConsoleTests.test_private_input_never_enters_arguments_or_environment) ... ok
2026-09-17T14:08:58.3687559Z test_request_bounds_and_receipt (test_zevune_wallet.WalletConsoleTests.test_request_bounds_and_receipt) ... ok
2026-09-17T14:08:58.3698911Z test_wrong_executable_digest_prevents_execution (test_zevune_wallet.WalletConsoleTests.test_wrong_executable_digest_prevents_execution) ... ok
2026-09-17T14:08:58.3699202Z 
2026-09-17T14:08:58.3717573Z ----------------------------------------------------------------------
2026-09-17T14:08:58.3717817Z Ran 135 tests in 6.301s
2026-09-17T14:08:58.3717903Z 
2026-09-17T14:08:58.3717955Z OK (skipped=1)
2026-09-17T14:09:00.0262093Z     Updating crates.io index
2026-09-17T14:09:01.0022119Z  Downloading crates ...
2026-09-17T14:09:01.2069628Z   Downloaded base16ct v0.2.0
2026-09-17T14:09:01.2249528Z   Downloaded zip32 v0.2.1
2026-09-17T14:09:01.2359339Z   Downloaded tap v1.0.1
2026-09-17T14:09:01.2453836Z   Downloaded cpufeatures v0.2.17
2026-09-17T14:09:01.2534160Z   Downloaded aead v0.5.2
2026-09-17T14:09:01.2590629Z   Downloaded const-crc32-nostd v1.3.1
2026-09-17T14:09:01.2641572Z   Downloaded crossbeam-deque v0.8.8
2026-09-17T14:09:01.2715634Z   Downloaded tracing-attributes v0.1.31
2026-09-17T14:09:01.2877865Z   Downloaded crunchy v0.2.4
2026-09-17T14:09:01.2950933Z   Downloaded cfg-if v1.0.4
2026-09-17T14:09:01.3101577Z   Downloaded cobs v0.3.0
2026-09-17T14:09:01.3196400Z   Downloaded zcash_spec v0.2.1
2026-09-17T14:09:01.3259029Z   Downloaded universal-hash v0.5.1
2026-09-17T14:09:01.3303605Z   Downloaded block-buffer v0.10.4
2026-09-17T14:09:01.3355019Z   Downloaded visibility v0.1.1
2026-09-17T14:09:01.3417650Z   Downloaded version_check v0.9.5
2026-09-17T14:09:01.3476969Z   Downloaded embedded-io v0.4.0
2026-09-17T14:09:01.3570675Z   Downloaded embedded-io v0.6.1
2026-09-17T14:09:01.3643506Z   Downloaded crypto-common v0.1.7
2026-09-17T14:09:01.3708839Z   Downloaded lazy_static v1.5.0
2026-09-17T14:09:01.3806777Z   Downloaded zeroize_derive v1.5.0
2026-09-17T14:09:01.3859310Z   Downloaded hex v0.4.3
2026-09-17T14:09:01.3932976Z   Downloaded thiserror v2.0.20
2026-09-17T14:09:01.4410191Z   Downloaded zcash_note_encryption v0.4.2
2026-09-17T14:09:01.4473247Z   Downloaded rand_chacha v0.3.1
2026-09-17T14:09:01.4541144Z   Downloaded thiserror-impl v2.0.20
2026-09-17T14:09:01.4640595Z   Downloaded uint v0.9.5
2026-09-17T14:09:01.4701385Z   Downloaded halo2_legacy_pdqsort v0.1.0
2026-09-17T14:09:01.4751995Z   Downloaded opaque-debug v0.3.1
2026-09-17T14:09:01.4820270Z   Downloaded frost-rerandomized v3.0.0
2026-09-17T14:09:01.4866999Z   Downloaded derive-getters v0.5.0
2026-09-17T14:09:01.5035674Z   Downloaded subtle v2.6.1
2026-09-17T14:09:01.5090667Z   Downloaded inout v0.1.4
2026-09-17T14:09:01.5170108Z   Downloaded funty v2.0.0
2026-09-17T14:09:01.5208989Z   Downloaded wyz v0.5.1
2026-09-17T14:09:01.5261843Z   Downloaded zeroize v1.9.0
2026-09-17T14:09:01.5326127Z   Downloaded unicode-ident v1.0.24
2026-09-17T14:09:01.5469107Z   Downloaded tracing-core v0.1.36
2026-09-17T14:09:01.5604803Z   Downloaded typenum v1.20.1
2026-09-17T14:09:01.5724576Z   Downloaded hash32 v0.2.1
2026-09-17T14:09:01.5791877Z   Downloaded radium v0.7.0
2026-09-17T14:09:01.5874890Z   Downloaded rustc_version v0.4.1
2026-09-17T14:09:01.5932859Z   Downloaded serdect v0.2.0
2026-09-17T14:09:01.6014502Z   Downloaded getset v0.1.7
2026-09-17T14:09:01.6168771Z   Downloaded nonempty v0.11.0
2026-09-17T14:09:01.6228601Z   Downloaded memuse v0.2.2
2026-09-17T14:09:01.6288495Z   Downloaded scopeguard v1.2.0
2026-09-17T14:09:01.6343174Z   Downloaded document-features v0.2.12
2026-09-17T14:09:01.6399738Z   Downloaded maybe-rayon v0.1.1
2026-09-17T14:09:01.6447827Z   Downloaded base64ct v1.8.3
2026-09-17T14:09:01.6601499Z   Downloaded either v1.18.0
2026-09-17T14:09:01.6686898Z   Downloaded corez v0.1.1
2026-09-17T14:09:01.6761752Z   Downloaded cipher v0.4.4
2026-09-17T14:09:01.6845890Z   Downloaded ff v0.13.1
2026-09-17T14:09:01.6913209Z   Downloaded cbc v0.1.2
2026-09-17T14:09:01.6983609Z   Downloaded ppv-lite86 v0.2.21
2026-09-17T14:09:01.7066617Z   Downloaded quote v1.0.47
2026-09-17T14:09:01.7224249Z   Downloaded static_assertions v1.1.0
2026-09-17T14:09:01.7304856Z   Downloaded num-integer v0.1.47
2026-09-17T14:09:01.7374044Z   Downloaded rand_core v0.6.4
2026-09-17T14:09:01.7433340Z   Downloaded stable_deref_trait v1.2.1
2026-09-17T14:09:01.7478211Z   Downloaded zerocopy v0.8.57
2026-09-17T14:09:01.8752151Z   Downloaded digest v0.10.7
2026-09-17T14:09:01.8857201Z   Downloaded sha2 v0.10.9
2026-09-17T14:09:01.9068695Z   Downloaded tracing v0.1.44
2026-09-17T14:09:01.9526369Z   Downloaded incrementalmerkletree v0.8.1
2026-09-17T14:09:01.9579376Z   Downloaded poly1305 v0.8.0
2026-09-17T14:09:01.9691962Z   Downloaded byteorder v1.5.0
2026-09-17T14:09:01.9773578Z   Downloaded constant_time_eq v0.4.2
2026-09-17T14:09:01.9876418Z   Downloaded pin-project-lite v0.2.17
2026-09-17T14:09:02.0303572Z   Downloaded generic-array v0.14.7
2026-09-17T14:09:02.0387711Z   Downloaded lock_api v0.4.14
2026-09-17T14:09:02.0438917Z   Downloaded argon2 v0.5.3
2026-09-17T14:09:02.0524113Z   Downloaded arrayvec v0.7.8
2026-09-17T14:09:02.0626545Z   Downloaded chacha20 v0.9.1
2026-09-17T14:09:02.0722753Z   Downloaded crossbeam-epoch v0.9.21
2026-09-17T14:09:02.5097659Z   Downloaded autocfg v1.5.1
2026-09-17T14:09:02.5321126Z   Downloaded group v0.13.0
2026-09-17T14:09:02.5442494Z   Downloaded blake2b_simd v1.0.5
2026-09-17T14:09:02.5527753Z   Downloaded crossbeam-utils v0.8.23
2026-09-17T14:09:02.5705739Z   Downloaded blake2 v0.10.6
2026-09-17T14:09:02.5800727Z   Downloaded fpe v0.6.1
2026-09-17T14:09:02.5879426Z   Downloaded postcard v1.1.3
2026-09-17T14:09:02.6021160Z   Downloaded getrandom v0.2.17
2026-09-17T14:09:02.6186732Z   Downloaded semver v1.0.28
2026-09-17T14:09:02.6309178Z   Downloaded jubjub v0.10.0
2026-09-17T14:09:02.6488183Z   Downloaded once_cell v1.21.4
2026-09-17T14:09:02.6619824Z   Downloaded password-hash v0.5.0
2026-09-17T14:09:02.6746059Z   Downloaded spin v0.9.9
2026-09-17T14:09:02.6855165Z   Downloaded indexmap v1.9.3
2026-09-17T14:09:02.6992186Z   Downloaded litrs v1.0.0
2026-09-17T14:09:02.7120548Z   Downloaded num-traits v0.2.19
2026-09-17T14:09:02.7299981Z   Downloaded proc-macro2 v1.0.107
2026-09-17T14:09:02.7467137Z   Downloaded rayon-core v1.13.0
2026-09-17T14:09:02.7663477Z   Downloaded serde_core v1.0.229
2026-09-17T14:09:02.7800750Z   Downloaded serde_derive v1.0.229
2026-09-17T14:09:02.7969044Z   Downloaded bech32 v0.11.1
2026-09-17T14:09:02.8112478Z   Downloaded chacha20poly1305 v0.10.1
2026-09-17T14:09:02.8200621Z   Downloaded frost-core v3.0.0
2026-09-17T14:09:02.8376642Z   Downloaded halo2_poseidon v0.1.0
2026-09-17T14:09:02.8453502Z   Downloaded heapless v0.7.17
2026-09-17T14:09:02.8633046Z   Downloaded serde v1.0.229
2026-09-17T14:09:02.8992203Z   Downloaded hashbrown v0.12.3
2026-09-17T14:09:02.9146575Z   Downloaded rand v0.8.5
2026-09-17T14:09:02.9325276Z   Downloaded num-bigint v0.4.8
2026-09-17T14:09:02.9624201Z   Downloaded sinsemilla v0.1.0
2026-09-17T14:09:02.9683422Z   Downloaded reddsa v0.5.2
2026-09-17T14:09:02.9934377Z   Downloaded aes v0.8.4
2026-09-17T14:09:03.0106432Z   Downloaded libm v0.2.16
2026-09-17T14:09:03.0685504Z   Downloaded itertools v0.14.0
2026-09-17T14:09:03.1033247Z   Downloaded rayon v1.12.0
2026-09-17T14:09:03.1572257Z   Downloaded halo2_proofs v0.3.5
2026-09-17T14:09:03.1961463Z   Downloaded bitvec v1.1.1
2026-09-17T14:09:03.2870464Z   Downloaded syn v3.0.5
2026-09-17T14:09:03.3371959Z   Downloaded halo2_gadgets v0.5.0
2026-09-17T14:09:03.3896998Z   Downloaded syn v2.0.119
2026-09-17T14:09:03.4329357Z   Downloaded pasta_curves v0.5.2
2026-09-17T14:09:03.5530886Z   Downloaded orchard v0.15.5
2026-09-17T14:09:03.6128148Z   Downloaded bls12_381 v0.8.0
2026-09-17T14:09:03.7967261Z    Compiling cfg-if v1.0.4
2026-09-17T14:09:03.7967638Z    Compiling proc-macro2 v1.0.107
2026-09-17T14:09:03.8297633Z    Compiling getrandom v0.2.17
2026-09-17T14:09:03.9389455Z    Compiling rand_core v0.6.4
2026-09-17T14:09:04.0861533Z    Compiling quote v1.0.47
2026-09-17T14:09:05.4236991Z    Compiling unicode-ident v1.0.24
2026-09-17T14:09:05.5149517Z    Compiling version_check v0.9.5
2026-09-17T14:09:05.7236879Z    Compiling subtle v2.6.1
2026-09-17T14:09:05.8107044Z    Compiling generic-array v0.14.7
2026-09-17T14:09:06.0168383Z    Compiling typenum v1.20.1
2026-09-17T14:09:06.1182603Z    Compiling syn v2.0.119
2026-09-17T14:09:06.9768530Z    Compiling crypto-common v0.1.7
2026-09-17T14:09:07.0417684Z    Compiling radium v0.7.0
2026-09-17T14:09:07.2260685Z    Compiling tap v1.0.1
2026-09-17T14:09:07.2796515Z    Compiling wyz v0.5.1
2026-09-17T14:09:07.5347148Z    Compiling zerocopy v0.8.57
2026-09-17T14:09:07.7723000Z    Compiling autocfg v1.5.1
2026-09-17T14:09:08.0184572Z    Compiling funty v2.0.0
2026-09-17T14:09:08.9481513Z    Compiling bitvec v1.1.1
2026-09-17T14:09:09.3899432Z    Compiling zeroize_derive v1.5.0
2026-09-17T14:09:10.6387765Z    Compiling ff v0.13.1
2026-09-17T14:09:10.7228533Z    Compiling zeroize v1.9.0
2026-09-17T14:09:10.8396106Z    Compiling constant_time_eq v0.4.2
2026-09-17T14:09:10.9444563Z    Compiling memuse v0.2.2
2026-09-17T14:09:11.0771139Z    Compiling arrayvec v0.7.8
2026-09-17T14:09:11.2159803Z    Compiling crossbeam-utils v0.8.23
2026-09-17T14:09:11.4165366Z    Compiling blake2b_simd v1.0.5
2026-09-17T14:09:12.5517628Z    Compiling ppv-lite86 v0.2.21
2026-09-17T14:09:12.7798049Z    Compiling crossbeam-epoch v0.9.21
2026-09-17T14:09:12.9502232Z    Compiling rand_chacha v0.3.1
2026-09-17T14:09:13.5377061Z    Compiling group v0.13.0
2026-09-17T14:09:13.6499529Z    Compiling inout v0.1.4
2026-09-17T14:09:13.7213049Z    Compiling spin v0.9.9
2026-09-17T14:09:13.8695867Z    Compiling static_assertions v1.1.0
2026-09-17T14:09:13.8843247Z    Compiling crossbeam-deque v0.8.8
2026-09-17T14:09:13.9031500Z    Compiling cpufeatures v0.2.17
2026-09-17T14:09:13.9343117Z    Compiling lazy_static v1.5.0
2026-09-17T14:09:13.9762514Z    Compiling cipher v0.4.4
2026-09-17T14:09:14.1285766Z    Compiling rand v0.8.5
2026-09-17T14:09:14.3518654Z    Compiling rayon-core v1.13.0
2026-09-17T14:09:14.5975018Z    Compiling pasta_curves v0.5.2
2026-09-17T14:09:14.6704180Z    Compiling num-traits v0.2.19
2026-09-17T14:09:14.7906339Z    Compiling syn v3.0.5
2026-09-17T14:09:16.2883374Z    Compiling either v1.18.0
2026-09-17T14:09:17.7847450Z    Compiling indexmap v1.9.3
2026-09-17T14:09:17.9085370Z    Compiling crunchy v0.2.4
2026-09-17T14:09:18.0699758Z    Compiling once_cell v1.21.4
2026-09-17T14:09:18.2142973Z    Compiling serde_core v1.0.229
2026-09-17T14:09:18.4050521Z    Compiling tracing-core v0.1.36
2026-09-17T14:09:19.2599358Z    Compiling rayon v1.12.0
2026-09-17T14:09:21.4127643Z    Compiling tracing-attributes v0.1.31
2026-09-17T14:09:22.2162217Z    Compiling universal-hash v0.5.1
2026-09-17T14:09:22.2789361Z    Compiling block-buffer v0.10.4
2026-09-17T14:09:22.3648076Z    Compiling serde v1.0.229
2026-09-17T14:09:22.5316279Z    Compiling hex v0.4.3
2026-09-17T14:09:22.7031753Z    Compiling byteorder v1.5.0
2026-09-17T14:09:22.8664664Z    Compiling libm v0.2.16
2026-09-17T14:09:23.0763325Z    Compiling thiserror v2.0.20
2026-09-17T14:09:23.7953039Z    Compiling pin-project-lite v0.2.17
2026-09-17T14:09:23.8432588Z    Compiling opaque-debug v0.3.1
2026-09-17T14:09:23.8746910Z    Compiling hashbrown v0.12.3
2026-09-17T14:09:24.5824104Z    Compiling poly1305 v0.8.0
2026-09-17T14:09:25.0876238Z    Compiling tracing v0.1.44
2026-09-17T14:09:25.4225513Z    Compiling digest v0.10.7
2026-09-17T14:09:25.5538219Z    Compiling num-integer v0.1.47
2026-09-17T14:09:25.9597945Z    Compiling maybe-rayon v0.1.1
2026-09-17T14:09:27.4839329Z    Compiling thiserror-impl v2.0.20
2026-09-17T14:09:28.2356468Z    Compiling serde_derive v1.0.229
2026-09-17T14:09:29.9799422Z    Compiling chacha20 v0.9.1
2026-09-17T14:09:30.1205944Z    Compiling bls12_381 v0.8.0
2026-09-17T14:09:30.5032933Z    Compiling aead v0.5.2
2026-09-17T14:09:30.5950587Z    Compiling halo2_legacy_pdqsort v0.1.0
2026-09-17T14:09:30.6743303Z    Compiling halo2_proofs v0.3.5
2026-09-17T14:09:34.7488131Z    Compiling chacha20poly1305 v0.10.1
2026-09-17T14:09:34.8223032Z    Compiling jubjub v0.10.0
2026-09-17T14:09:36.6096345Z    Compiling uint v0.9.5
2026-09-17T14:09:36.6878523Z    Compiling num-bigint v0.4.8
2026-09-17T14:09:39.0106255Z    Compiling sinsemilla v0.1.0
2026-09-17T14:09:39.9062356Z    Compiling halo2_poseidon v0.1.0
2026-09-17T14:09:40.3566720Z    Compiling cbc v0.1.2
2026-09-17T14:09:40.4260004Z    Compiling zcash_spec v0.2.1
2026-09-17T14:09:40.4636193Z    Compiling base64ct v1.8.3
2026-09-17T14:09:40.5001993Z    Compiling bech32 v0.11.1
2026-09-17T14:09:40.6661038Z    Compiling password-hash v0.5.0
2026-09-17T14:09:40.8554816Z    Compiling zip32 v0.2.1
2026-09-17T14:09:41.1936232Z    Compiling fpe v0.6.1
2026-09-17T14:09:41.4888953Z    Compiling halo2_gadgets v0.5.0
2026-09-17T14:09:41.9315244Z    Compiling reddsa v0.5.2
2026-09-17T14:09:42.2074349Z    Compiling zcash_note_encryption v0.4.2
2026-09-17T14:09:42.3588274Z    Compiling blake2 v0.10.6
2026-09-17T14:09:42.7201621Z    Compiling incrementalmerkletree v0.8.1
2026-09-17T14:09:42.8640354Z    Compiling aes v0.8.4
2026-09-17T14:09:43.6275693Z    Compiling visibility v0.1.1
2026-09-17T14:09:43.8192830Z    Compiling getset v0.1.7
2026-09-17T14:09:44.1682991Z    Compiling nonempty v0.11.0
2026-09-17T14:09:44.2650064Z    Compiling corez v0.1.1
2026-09-17T14:09:44.2970973Z    Compiling orchard v0.15.5
2026-09-17T14:09:46.4909110Z    Compiling argon2 v0.5.3
2026-09-17T14:09:47.3369986Z    Compiling sha2 v0.10.9
2026-09-17T14:09:48.5090385Z    Compiling zevune-orchard-lab v0.1.0 (D:\a\Zevune\Zevune\integration\orchard)
2026-09-17T14:10:20.0292947Z     Finished `release` profile [optimized] target(s) in 1m 20s
2026-09-17T14:10:20.1653647Z ##[group]Run python scripts/build_local_lab.py --output "$RUNNER_TEMP/zevune-local-bundle"
2026-09-17T14:10:20.1654047Z [36;1mpython scripts/build_local_lab.py --output "$RUNNER_TEMP/zevune-local-bundle"[0m
2026-09-17T14:10:20.1661991Z shell: C:\Program Files\Git\bin\bash.EXE --noprofile --norc -e -o pipefail {0}
2026-09-17T14:10:20.1662215Z env:
2026-09-17T14:10:20.1662340Z   RAYON_NUM_THREADS: 2
2026-09-17T14:10:20.1662468Z   CARGO_BUILD_JOBS: 2
2026-09-17T14:10:20.1662583Z   GOTOOLCHAIN: local
2026-09-17T14:10:20.1662699Z ##[endgroup]
2026-09-17T14:10:49.8770947Z    Compiling cfg-if v1.0.4
2026-09-17T14:10:49.8771207Z    Compiling proc-macro2 v1.0.107
2026-09-17T14:10:49.9179704Z    Compiling getrandom v0.2.17
2026-09-17T14:10:50.0553776Z    Compiling rand_core v0.6.4
2026-09-17T14:10:50.8081302Z    Compiling unicode-ident v1.0.24
2026-09-17T14:10:50.8733049Z    Compiling quote v1.0.47
2026-09-17T14:10:51.1083839Z    Compiling version_check v0.9.5
2026-09-17T14:10:51.2975937Z    Compiling subtle v2.6.1
2026-09-17T14:10:51.3858693Z    Compiling generic-array v0.14.7
2026-09-17T14:10:51.4455111Z    Compiling typenum v1.20.1
2026-09-17T14:10:51.5445209Z    Compiling syn v2.0.119
2026-09-17T14:10:52.3892814Z    Compiling crypto-common v0.1.7
2026-09-17T14:10:52.4610033Z    Compiling radium v0.7.0
2026-09-17T14:10:52.6307685Z    Compiling tap v1.0.1
2026-09-17T14:10:52.6883188Z    Compiling wyz v0.5.1
2026-09-17T14:10:52.9473881Z    Compiling zerocopy v0.8.57
2026-09-17T14:10:53.2013529Z    Compiling funty v2.0.0
2026-09-17T14:10:54.0990454Z    Compiling autocfg v1.5.1
2026-09-17T14:10:54.4213421Z    Compiling bitvec v1.1.1
2026-09-17T14:10:54.7045113Z    Compiling zeroize_derive v1.5.0
2026-09-17T14:10:56.0483305Z    Compiling ff v0.13.1
2026-09-17T14:10:56.1392210Z    Compiling zeroize v1.9.0
2026-09-17T14:10:56.2515618Z    Compiling constant_time_eq v0.4.2
2026-09-17T14:10:56.3593531Z    Compiling arrayvec v0.7.8
2026-09-17T14:10:56.5074308Z    Compiling memuse v0.2.2
2026-09-17T14:10:56.6099572Z    Compiling crossbeam-utils v0.8.23
2026-09-17T14:10:56.8121898Z    Compiling blake2b_simd v1.0.5
2026-09-17T14:10:57.5637519Z    Compiling ppv-lite86 v0.2.21
2026-09-17T14:10:57.7864182Z    Compiling crossbeam-epoch v0.9.21
2026-09-17T14:10:58.0501231Z    Compiling rand_chacha v0.3.1
2026-09-17T14:10:58.7885298Z    Compiling group v0.13.0
2026-09-17T14:10:58.9214780Z    Compiling inout v0.1.4
2026-09-17T14:10:58.9948325Z    Compiling spin v0.9.9
2026-09-17T14:10:59.0666215Z    Compiling cpufeatures v0.2.17
2026-09-17T14:10:59.0720373Z    Compiling crossbeam-deque v0.8.8
2026-09-17T14:10:59.1062103Z    Compiling static_assertions v1.1.0
2026-09-17T14:10:59.1453641Z    Compiling lazy_static v1.5.0
2026-09-17T14:10:59.2171010Z    Compiling cipher v0.4.4
2026-09-17T14:10:59.3669321Z    Compiling rand v0.8.5
2026-09-17T14:10:59.5671543Z    Compiling rayon-core v1.13.0
2026-09-17T14:10:59.8544597Z    Compiling pasta_curves v0.5.2
2026-09-17T14:10:59.9300711Z    Compiling num-traits v0.2.19
2026-09-17T14:11:00.0614677Z    Compiling syn v3.0.5
2026-09-17T14:11:01.4970874Z    Compiling either v1.18.0
2026-09-17T14:11:03.0229364Z    Compiling indexmap v1.9.3
2026-09-17T14:11:03.1605560Z    Compiling once_cell v1.21.4
2026-09-17T14:11:03.3156966Z    Compiling crunchy v0.2.4
2026-09-17T14:11:03.4683453Z    Compiling serde_core v1.0.229
2026-09-17T14:11:03.7016690Z    Compiling tracing-core v0.1.36
2026-09-17T14:11:04.5866189Z    Compiling rayon v1.12.0
2026-09-17T14:11:06.8034279Z    Compiling tracing-attributes v0.1.31
2026-09-17T14:11:07.6506099Z    Compiling universal-hash v0.5.1
2026-09-17T14:11:07.7219988Z    Compiling block-buffer v0.10.4
2026-09-17T14:11:07.8081179Z    Compiling hashbrown v0.12.3
2026-09-17T14:11:08.2115579Z    Compiling byteorder v1.5.0
2026-09-17T14:11:08.3830045Z    Compiling serde v1.0.229
2026-09-17T14:11:08.5740128Z    Compiling hex v0.4.3
2026-09-17T14:11:08.7404611Z    Compiling libm v0.2.16
2026-09-17T14:11:08.9501165Z    Compiling opaque-debug v0.3.1
2026-09-17T14:11:08.9833644Z    Compiling thiserror v2.0.20
2026-09-17T14:11:09.1896303Z    Compiling pin-project-lite v0.2.17
2026-09-17T14:11:09.2396170Z    Compiling tracing v0.1.44
2026-09-17T14:11:09.5623635Z    Compiling poly1305 v0.8.0
2026-09-17T14:11:10.4323735Z    Compiling digest v0.10.7
2026-09-17T14:11:10.5771768Z    Compiling num-integer v0.1.47
2026-09-17T14:11:10.9719836Z    Compiling maybe-rayon v0.1.1
2026-09-17T14:11:12.4934921Z    Compiling thiserror-impl v2.0.20
2026-09-17T14:11:13.2621728Z    Compiling serde_derive v1.0.229
2026-09-17T14:11:15.0747700Z    Compiling chacha20 v0.9.1
2026-09-17T14:11:15.2116947Z    Compiling bls12_381 v0.8.0
2026-09-17T14:11:15.5985866Z    Compiling aead v0.5.2
2026-09-17T14:11:15.6957272Z    Compiling halo2_legacy_pdqsort v0.1.0
2026-09-17T14:11:15.7829679Z    Compiling halo2_proofs v0.3.5
2026-09-17T14:11:19.6955032Z    Compiling chacha20poly1305 v0.10.1
2026-09-17T14:11:19.7672824Z    Compiling jubjub v0.10.0
2026-09-17T14:11:21.6085985Z    Compiling uint v0.9.5
2026-09-17T14:11:21.6845032Z    Compiling num-bigint v0.4.8
2026-09-17T14:11:23.8050485Z    Compiling sinsemilla v0.1.0
2026-09-17T14:11:24.6572216Z    Compiling halo2_poseidon v0.1.0
2026-09-17T14:11:25.1506935Z    Compiling cbc v0.1.2
2026-09-17T14:11:25.1896457Z    Compiling zcash_spec v0.2.1
2026-09-17T14:11:25.2259576Z    Compiling bech32 v0.11.1
2026-09-17T14:11:25.2920728Z    Compiling base64ct v1.8.3
2026-09-17T14:11:25.4952708Z    Compiling zip32 v0.2.1
2026-09-17T14:11:25.5629557Z    Compiling password-hash v0.5.0
2026-09-17T14:11:25.8309547Z    Compiling fpe v0.6.1
2026-09-17T14:11:26.3489599Z    Compiling halo2_gadgets v0.5.0
2026-09-17T14:11:26.5440062Z    Compiling reddsa v0.5.2
2026-09-17T14:11:26.8191167Z    Compiling zcash_note_encryption v0.4.2
2026-09-17T14:11:26.9769232Z    Compiling blake2 v0.10.6
2026-09-17T14:11:27.3312622Z    Compiling incrementalmerkletree v0.8.1
2026-09-17T14:11:27.4742143Z    Compiling aes v0.8.4
2026-09-17T14:11:28.2443376Z    Compiling getset v0.1.7
2026-09-17T14:11:28.6516116Z    Compiling visibility v0.1.1
2026-09-17T14:11:28.8683833Z    Compiling corez v0.1.1
2026-09-17T14:11:28.9067375Z    Compiling nonempty v0.11.0
2026-09-17T14:11:29.0159441Z    Compiling orchard v0.15.5
2026-09-17T14:11:31.2974139Z    Compiling argon2 v0.5.3
2026-09-17T14:11:32.1710084Z    Compiling sha2 v0.10.9
2026-09-17T14:11:33.4196498Z    Compiling zevune-orchard-lab v0.1.0 (C:\Users\RUNNER~1\AppData\Local\Temp\zevune-source-build-4k95l4ea\source\integration\orchard)
2026-09-17T14:12:03.4364822Z     Finished `release` profile [optimized] target(s) in 1m 13s
2026-09-17T14:12:04.2893807Z {"built": true, "source_commit": "2d208360ab665fbe82b57d205cf07e789f06164b", "real_funds_allowed": false, "manifest_sha256": "7866d5d741be3e54b5e777c2dc0afbac012420857452b199ad1ce27371bb8798"}
2026-09-17T14:12:04.7593691Z ##[group]Run python - <<'PY'
2026-09-17T14:12:04.7594075Z [36;1mpython - <<'PY'[0m
2026-09-17T14:12:04.7594219Z [36;1mimport os[0m
2026-09-17T14:12:04.7594350Z [36;1mfrom pathlib import Path[0m
2026-09-17T14:12:04.7594523Z [36;1msuffix = '.exe' if os.name == 'nt' else ''[0m
2026-09-17T14:12:04.7594753Z [36;1mbundle = Path(os.environ['RUNNER_TEMP']) / 'zevune-local-bundle'[0m
2026-09-17T14:12:04.7595028Z [36;1mwith open(os.environ['GITHUB_ENV'], 'a', encoding='utf-8') as f:[0m
2026-09-17T14:12:04.7595674Z [36;1m    for key, path in [('ZEVUNE_NETWORK_OPERATOR', bundle / ('zevune-network' + suffix)), ('ZEVUNE_POOL_WORKER', bundle / ('zevune-pool-worker' + suffix)), ('ZEVUNE_FUNDED_SCENARIO', Path('integration/orchard/target/release').absolute() / ('zevune-funded-scenario' + suffix))]:[0m
2026-09-17T14:12:04.7596254Z [36;1m        f.write(key + '=' + str(path) + '\n')[0m
2026-09-17T14:12:04.7596429Z [36;1mPY[0m
2026-09-17T14:12:04.7605262Z shell: C:\Program Files\Git\bin\bash.EXE --noprofile --norc -e -o pipefail {0}
2026-09-17T14:12:04.7605492Z env:
2026-09-17T14:12:04.7605623Z   RAYON_NUM_THREADS: 2
2026-09-17T14:12:04.7605754Z   CARGO_BUILD_JOBS: 2
2026-09-17T14:12:04.7605872Z   GOTOOLCHAIN: local
2026-09-17T14:12:04.7605992Z ##[endgroup]
2026-09-17T14:12:06.0537993Z ##[group]Run go test -mod=readonly -tags=operator_e2e ./labnet ./cmd/zevune-network -count=1 -timeout=15m -v
2026-09-17T14:12:06.0538457Z [36;1mgo test -mod=readonly -tags=operator_e2e ./labnet ./cmd/zevune-network -count=1 -timeout=15m -v[0m
2026-09-17T14:12:06.0538797Z [36;1mgo vet -mod=readonly -tags=operator_e2e ./labnet ./cmd/zevune-network[0m
2026-09-17T14:12:06.0546623Z shell: C:\Program Files\Git\bin\bash.EXE --noprofile --norc -e -o pipefail {0}
2026-09-17T14:12:06.0546853Z env:
2026-09-17T14:12:06.0546961Z   RAYON_NUM_THREADS: 2
2026-09-17T14:12:06.0547080Z   CARGO_BUILD_JOBS: 2
2026-09-17T14:12:06.0547195Z   GOTOOLCHAIN: local
2026-09-17T14:12:06.0547390Z   ZEVUNE_NETWORK_OPERATOR: D:\a\_temp\zevune-local-bundle\zevune-network.exe
2026-09-17T14:12:06.0547667Z   ZEVUNE_POOL_WORKER: D:\a\_temp\zevune-local-bundle\zevune-pool-worker.exe
2026-09-17T14:12:06.0548013Z   ZEVUNE_FUNDED_SCENARIO: D:\a\Zevune\Zevune\integration\orchard\target\release\zevune-funded-scenario.exe
2026-09-17T14:12:06.0548273Z ##[endgroup]
2026-09-17T14:18:22.9624502Z === RUN   TestActiveFundedFourNodePaymentRestart
2026-09-17T14:18:22.9626621Z     active_funded_e2e_test.go:246: active profile: shipped init/run/sync/submit/storage, InitChain version rejection, genuine nonzero A->B, all-four-node restart, B->C spend, wallet history reopen, signed next-header verification and duplicate rejection passed; low-height NO-FUNDS scenario
2026-09-17T14:18:22.9627896Z --- PASS: TestActiveFundedFourNodePaymentRestart (72.20s)
2026-09-17T14:18:22.9628262Z === RUN   TestQuorumAndAllHeaderBindings
2026-09-17T14:18:22.9628573Z === RUN   TestQuorumAndAllHeaderBindings/future
2026-09-17T14:18:22.9628810Z === RUN   TestQuorumAndAllHeaderBindings/pre-genesis
2026-09-17T14:18:22.9629035Z === RUN   TestQuorumAndAllHeaderBindings/height
2026-09-17T14:18:22.9629263Z === RUN   TestQuorumAndAllHeaderBindings/validators
2026-09-17T14:18:22.9629506Z === RUN   TestQuorumAndAllHeaderBindings/parameters
2026-09-17T14:18:22.9629955Z === RUN   TestQuorumAndAllHeaderBindings/state-length
2026-09-17T14:18:22.9630181Z === RUN   TestQuorumAndAllHeaderBindings/chain
2026-09-17T14:18:22.9630404Z === RUN   TestQuorumAndAllHeaderBindings/version
2026-09-17T14:18:22.9631569Z === RUN   TestQuorumAndAllHeaderBindings/next-validators
2026-09-17T14:18:22.9631923Z --- PASS: TestQuorumAndAllHeaderBindings (0.00s)
2026-09-17T14:18:22.9632186Z     --- PASS: TestQuorumAndAllHeaderBindings/future (0.00s)
2026-09-17T14:18:22.9632474Z     --- PASS: TestQuorumAndAllHeaderBindings/pre-genesis (0.00s)
2026-09-17T14:18:22.9632775Z     --- PASS: TestQuorumAndAllHeaderBindings/height (0.00s)
2026-09-17T14:18:22.9633049Z     --- PASS: TestQuorumAndAllHeaderBindings/validators (0.00s)
2026-09-17T14:18:22.9633329Z     --- PASS: TestQuorumAndAllHeaderBindings/parameters (0.00s)
2026-09-17T14:18:22.9633630Z     --- PASS: TestQuorumAndAllHeaderBindings/state-length (0.00s)
2026-09-17T14:18:22.9633913Z     --- PASS: TestQuorumAndAllHeaderBindings/chain (0.00s)
2026-09-17T14:18:22.9634181Z     --- PASS: TestQuorumAndAllHeaderBindings/version (0.00s)
2026-09-17T14:18:22.9634471Z     --- PASS: TestQuorumAndAllHeaderBindings/next-validators (0.00s)
2026-09-17T14:18:22.9634767Z === RUN   TestPinnedPublicConfigurationAndCompanionFiles
2026-09-17T14:18:22.9635039Z --- PASS: TestPinnedPublicConfigurationAndCompanionFiles (0.06s)
2026-09-17T14:18:22.9635285Z === RUN   TestCanonicalDecodingAndFileBounds
2026-09-17T14:18:22.9635513Z --- PASS: TestCanonicalDecodingAndFileBounds (0.01s)
2026-09-17T14:18:22.9635762Z === RUN   TestLoopbackEndpointAndStreamingLimits
2026-09-17T14:18:22.9635999Z --- PASS: TestLoopbackEndpointAndStreamingLimits (0.00s)
2026-09-17T14:18:22.9636253Z === RUN   TestRPCRejectsRedirectCompressionAndOversize
2026-09-17T14:18:22.9636508Z === RUN   TestRPCRejectsRedirectCompressionAndOversize/redirect
2026-09-17T14:18:22.9636811Z === RUN   TestRPCRejectsRedirectCompressionAndOversize/encoding
2026-09-17T14:18:22.9638018Z === RUN   TestRPCRejectsRedirectCompressionAndOversize/length
2026-09-17T14:18:22.9638322Z === RUN   TestRPCRejectsRedirectCompressionAndOversize/stream
2026-09-17T14:18:22.9638594Z --- PASS: TestRPCRejectsRedirectCompressionAndOversize (0.01s)
2026-09-17T14:18:22.9639002Z     --- PASS: TestRPCRejectsRedirectCompressionAndOversize/redirect (0.00s)
2026-09-17T14:18:22.9639347Z     --- PASS: TestRPCRejectsRedirectCompressionAndOversize/encoding (0.00s)
2026-09-17T14:18:22.9639684Z     --- PASS: TestRPCRejectsRedirectCompressionAndOversize/length (0.00s)
2026-09-17T14:18:22.9640019Z     --- PASS: TestRPCRejectsRedirectCompressionAndOversize/stream (0.00s)
2026-09-17T14:18:22.9640345Z === RUN   TestMalformedGenesisInitDoesNotCreatePrivateDirectory
2026-09-17T14:18:22.9640653Z --- PASS: TestMalformedGenesisInitDoesNotCreatePrivateDirectory (0.00s)
2026-09-17T14:18:22.9640947Z === RUN   TestUnexpectedEngineExitIsNotSuccessfulShutdown
2026-09-17T14:18:22.9641229Z --- PASS: TestUnexpectedEngineExitIsNotSuccessfulShutdown (0.00s)
2026-09-17T14:18:22.9641514Z === RUN   TestRequestedShutdownDoesNotNeedEngineExit
2026-09-17T14:18:22.9641775Z --- PASS: TestRequestedShutdownDoesNotNeedEngineExit (0.00s)
2026-09-17T14:18:22.9642055Z === RUN   TestConcurrentCancellationAndEngineExitRemainRequested
2026-09-17T14:18:22.9642365Z --- PASS: TestConcurrentCancellationAndEngineExitRemainRequested (0.00s)
2026-09-17T14:18:22.9642668Z === RUN   TestEngineExitReleasesWaitingSupervisor
2026-09-17T14:18:22.9642916Z --- PASS: TestEngineExitReleasesWaitingSupervisor (0.00s)
2026-09-17T14:18:22.9643160Z === RUN   TestLifecycleRejectsMissingContext
2026-09-17T14:18:22.9643405Z --- PASS: TestLifecycleRejectsMissingContext (0.00s)
2026-09-17T14:18:22.9643643Z === RUN   TestRealOperatorNonzeroPaymentsAndRestart
2026-09-17T14:18:22.9644431Z     operator_e2e_test.go:451: shipped init/run/sync/submit commands: wrong-domain, downgrade and unknown-profile RPC rejection; real nonzero A->B->C, encrypted outbox backup, one-node outage, signed reference-state checks, full restart and duplicate rejection passed; local NO-FUNDS only
2026-09-17T14:18:22.9645088Z --- PASS: TestRealOperatorNonzeroPaymentsAndRestart (96.16s)
2026-09-17T14:18:22.9645369Z === RUN   TestQuorumSignedWrongPostStateNeverPersists
2026-09-17T14:18:22.9645722Z --- PASS: TestQuorumSignedWrongPostStateNeverPersists (3.23s)
2026-09-17T14:18:22.9646028Z === RUN   TestPinnedNetworkProfileCannotChangeConfigurationOrAppVersion
2026-09-17T14:18:22.9646376Z === RUN   TestPinnedNetworkProfileCannotChangeConfigurationOrAppVersion/ZVTGEN01/1/2
2026-09-17T14:18:22.9646766Z === RUN   TestPinnedNetworkProfileCannotChangeConfigurationOrAppVersion/ZVTGEN01/1/3
2026-09-17T14:18:22.9647132Z === RUN   TestPinnedNetworkProfileCannotChangeConfigurationOrAppVersion/ZVTGEN01/2/2
2026-09-17T14:18:22.9647498Z === RUN   TestPinnedNetworkProfileCannotChangeConfigurationOrAppVersion/ZVTGEN01/2/3
2026-09-17T14:18:22.9647876Z === RUN   TestPinnedNetworkProfileCannotChangeConfigurationOrAppVersion/ZVTGEN02/1/2
2026-09-17T14:18:22.9648236Z === RUN   TestPinnedNetworkProfileCannotChangeConfigurationOrAppVersion/ZVTGEN02/1/3
2026-09-17T14:18:22.9648595Z === RUN   TestPinnedNetworkProfileCannotChangeConfigurationOrAppVersion/ZVTGEN02/2/2
2026-09-17T14:18:22.9648963Z === RUN   TestPinnedNetworkProfileCannotChangeConfigurationOrAppVersion/ZVTGEN02/2/3
2026-09-17T14:18:22.9649512Z === RUN   TestPinnedNetworkProfileCannotChangeConfigurationOrAppVersion/ZVTGEN03/1/2
2026-09-17T14:18:22.9649990Z === RUN   TestPinnedNetworkProfileCannotChangeConfigurationOrAppVersion/ZVTGEN03/1/3
2026-09-17T14:18:22.9650351Z === RUN   TestPinnedNetworkProfileCannotChangeConfigurationOrAppVersion/ZVTGEN03/2/2
2026-09-17T14:18:22.9650723Z === RUN   TestPinnedNetworkProfileCannotChangeConfigurationOrAppVersion/ZVTGEN03/2/3
2026-09-17T14:18:22.9651081Z --- PASS: TestPinnedNetworkProfileCannotChangeConfigurationOrAppVersion (0.28s)
2026-09-17T14:18:22.9651872Z     --- PASS: TestPinnedNetworkProfileCannotChangeConfigurationOrAppVersion/ZVTGEN01/1/2 (0.02s)
2026-09-17T14:18:22.9652339Z     --- PASS: TestPinnedNetworkProfileCannotChangeConfigurationOrAppVersion/ZVTGEN01/1/3 (0.02s)
2026-09-17T14:18:22.9652770Z     --- PASS: TestPinnedNetworkProfileCannotChangeConfigurationOrAppVersion/ZVTGEN01/2/2 (0.02s)
2026-09-17T14:18:22.9653201Z     --- PASS: TestPinnedNetworkProfileCannotChangeConfigurationOrAppVersion/ZVTGEN01/2/3 (0.02s)
2026-09-17T14:18:22.9653642Z     --- PASS: TestPinnedNetworkProfileCannotChangeConfigurationOrAppVersion/ZVTGEN02/1/2 (0.02s)
2026-09-17T14:18:22.9654094Z     --- PASS: TestPinnedNetworkProfileCannotChangeConfigurationOrAppVersion/ZVTGEN02/1/3 (0.02s)
2026-09-17T14:18:22.9654526Z     --- PASS: TestPinnedNetworkProfileCannotChangeConfigurationOrAppVersion/ZVTGEN02/2/2 (0.02s)
2026-09-17T14:18:22.9654957Z     --- PASS: TestPinnedNetworkProfileCannotChangeConfigurationOrAppVersion/ZVTGEN02/2/3 (0.02s)
2026-09-17T14:18:22.9655414Z     --- PASS: TestPinnedNetworkProfileCannotChangeConfigurationOrAppVersion/ZVTGEN03/1/2 (0.02s)
2026-09-17T14:18:22.9655846Z     --- PASS: TestPinnedNetworkProfileCannotChangeConfigurationOrAppVersion/ZVTGEN03/1/3 (0.03s)
2026-09-17T14:18:22.9656278Z     --- PASS: TestPinnedNetworkProfileCannotChangeConfigurationOrAppVersion/ZVTGEN03/2/2 (0.02s)
2026-09-17T14:18:22.9656718Z     --- PASS: TestPinnedNetworkProfileCannotChangeConfigurationOrAppVersion/ZVTGEN03/2/3 (0.03s)
2026-09-17T14:18:22.9657098Z === RUN   TestSignedHeadersUseAuthenticatedProfileHeightAndVersion
2026-09-17T14:18:22.9657419Z --- PASS: TestSignedHeadersUseAuthenticatedProfileHeightAndVersion (0.00s)
2026-09-17T14:18:22.9657747Z === RUN   TestActiveCheckpointUsesPinnedNetworkAndRetainsLegacyBounds
2026-09-17T14:18:22.9658100Z --- PASS: TestActiveCheckpointUsesPinnedNetworkAndRetainsLegacyBounds (0.02s)
2026-09-17T14:18:22.9658424Z === RUN   TestActiveCapacityReportsLogicalBytesAndExactCheckpoint
2026-09-17T14:18:22.9658744Z --- PASS: TestActiveCapacityReportsLogicalBytesAndExactCheckpoint (0.00s)
2026-09-17T14:18:22.9659073Z === RUN   TestActiveStorageCopyRefusesBeforeReadingOrCreatingAnyPath
2026-09-17T14:18:22.9659442Z --- PASS: TestActiveStorageCopyRefusesBeforeReadingOrCreatingAnyPath (0.00s)
2026-09-17T14:18:22.9659792Z === RUN   TestRealReferenceCheckpointBeforeRPC
2026-09-17T14:18:22.9660045Z === RUN   TestRealReferenceCheckpointBeforeRPC/old-valid-prefix
2026-09-17T14:18:22.9660333Z === RUN   TestRealReferenceCheckpointBeforeRPC/newer-than-exact-pin
2026-09-17T14:18:22.9660653Z === RUN   TestRealReferenceCheckpointBeforeRPC/same-height-wrong-state
2026-09-17T14:18:22.9660947Z === RUN   TestRealReferenceCheckpointBeforeRPC/corrupt-correct-pin
2026-09-17T14:18:22.9661219Z --- PASS: TestRealReferenceCheckpointBeforeRPC (39.47s)
2026-09-17T14:18:22.9661525Z     --- PASS: TestRealReferenceCheckpointBeforeRPC/old-valid-prefix (3.29s)
2026-09-17T14:18:22.9661891Z     --- PASS: TestRealReferenceCheckpointBeforeRPC/newer-than-exact-pin (3.37s)
2026-09-17T14:18:22.9662255Z     --- PASS: TestRealReferenceCheckpointBeforeRPC/same-height-wrong-state (3.30s)
2026-09-17T14:18:22.9662611Z     --- PASS: TestRealReferenceCheckpointBeforeRPC/corrupt-correct-pin (3.22s)
2026-09-17T14:18:22.9662875Z === RUN   TestRealPinnedReferencePayment
2026-09-17T14:18:22.9663117Z --- PASS: TestRealPinnedReferencePayment (42.31s)
2026-09-17T14:18:22.9663361Z === RUN   TestReferenceCheckpointRequestBoundsBeforeAccess
2026-09-17T14:18:22.9663639Z --- PASS: TestReferenceCheckpointRequestBoundsBeforeAccess (0.00s)
2026-09-17T14:18:22.9663916Z === RUN   TestReferenceCheckpointMissingContextAndNetwork
2026-09-17T14:18:22.9664239Z --- PASS: TestReferenceCheckpointMissingContextAndNetwork (0.00s)
2026-09-17T14:18:22.9664615Z === RUN   TestUnpinnedResultsNeverClaimRetainedCheckpoint
2026-09-17T14:18:22.9664880Z --- PASS: TestUnpinnedResultsNeverClaimRetainedCheckpoint (0.00s)
2026-09-17T14:18:22.9665153Z === RUN   TestStorageCheckpointCanonicalInputs
2026-09-17T14:18:22.9665445Z --- PASS: TestStorageCheckpointCanonicalInputs (0.00s)
2026-09-17T14:18:22.9665709Z === RUN   TestStorageCheckpointExactTipNotMinimumHeightOrFinality
2026-09-17T14:18:22.9666019Z --- PASS: TestStorageCheckpointExactTipNotMinimumHeightOrFinality (0.00s)
2026-09-17T14:18:22.9666338Z === RUN   TestInvalidStorageCheckpointFailsBeforeFileAccess
2026-09-17T14:18:22.9666632Z --- PASS: TestInvalidStorageCheckpointFailsBeforeFileAccess (0.00s)
2026-09-17T14:18:22.9666913Z === RUN   TestRealJournalCopyRestoreAndAdversarialReplay
2026-09-17T14:18:22.9667184Z --- PASS: TestRealJournalCopyRestoreAndAdversarialReplay (36.83s)
2026-09-17T14:18:22.9667481Z === RUN   TestBoundedCopyRejectsShortLongAndCancelledInput
2026-09-17T14:18:22.9667757Z --- PASS: TestBoundedCopyRejectsShortLongAndCancelledInput (0.00s)
2026-09-17T14:18:22.9668043Z === RUN   TestCopyIOFailureAndMidstreamCancelNeverYieldDigest
2026-09-17T14:18:22.9668331Z --- PASS: TestCopyIOFailureAndMidstreamCancelNeverYieldDigest (0.00s)
2026-09-17T14:18:22.9668628Z === RUN   TestCopyPathsAndPublicEntryRejectBeforeWorker
2026-09-17T14:18:22.9668889Z --- PASS: TestCopyPathsAndPublicEntryRejectBeforeWorker (0.00s)
2026-09-17T14:18:22.9669161Z === RUN   TestPublishCopyIsCreateOnlyAndDoesNotLinkSource
2026-09-17T14:18:22.9669435Z --- PASS: TestPublishCopyIsCreateOnlyAndDoesNotLinkSource (0.03s)
2026-09-17T14:18:22.9669839Z === RUN   TestPublicationFailureAfterLinkIsExplicitlyUncertain
2026-09-17T14:18:22.9670135Z --- PASS: TestPublicationFailureAfterLinkIsExplicitlyUncertain (0.00s)
2026-09-17T14:18:22.9670444Z === RUN   TestPublicationCancellationAndExistingSymlinkDoNotOverwrite
2026-09-17T14:18:22.9670773Z --- PASS: TestPublicationCancellationAndExistingSymlinkDoNotOverwrite (0.00s)
2026-09-17T14:18:22.9671091Z === RUN   TestCopyReportDoesNotClaimConsensusOrFunds
2026-09-17T14:18:22.9671346Z --- PASS: TestCopyReportDoesNotClaimConsensusOrFunds (0.00s)
2026-09-17T14:18:22.9671704Z === RUN   TestJournalDigestDetectsChangedAndReplacedFile
2026-09-17T14:18:22.9671973Z --- PASS: TestJournalDigestDetectsChangedAndReplacedFile (0.00s)
2026-09-17T14:18:22.9672288Z === RUN   TestCancelAfterPublishRetainsCompleteCopyWithUncertainResult
2026-09-17T14:18:22.9672620Z --- PASS: TestCancelAfterPublishRetainsCompleteCopyWithUncertainResult (0.00s)
2026-09-17T14:18:22.9672969Z === RUN   TestRealOfflineStorageInspectionAndLock
2026-09-17T14:18:22.9673233Z --- PASS: TestRealOfflineStorageInspectionAndLock (46.13s)
2026-09-17T14:18:22.9673486Z === RUN   TestStorageReportBoundariesAndNoFinalityClaims
2026-09-17T14:18:22.9673753Z === RUN   TestStorageReportBoundariesAndNoFinalityClaims/normal
2026-09-17T14:18:22.9674036Z === RUN   TestStorageReportBoundariesAndNoFinalityClaims/exact-empty
2026-09-17T14:18:22.9674349Z === RUN   TestStorageReportBoundariesAndNoFinalityClaims/one-short
2026-09-17T14:18:22.9674635Z === RUN   TestStorageReportBoundariesAndNoFinalityClaims/byte-limit
2026-09-17T14:18:22.9674933Z === RUN   TestStorageReportBoundariesAndNoFinalityClaims/record-limit
2026-09-17T14:18:22.9675231Z === RUN   TestStorageReportBoundariesAndNoFinalityClaims/record-warning
2026-09-17T14:18:22.9675562Z === RUN   TestStorageReportBoundariesAndNoFinalityClaims/record-before-warning
2026-09-17T14:18:22.9675880Z === RUN   TestStorageReportBoundariesAndNoFinalityClaims/one-output-slot
2026-09-17T14:18:22.9676190Z === RUN   TestStorageReportBoundariesAndNoFinalityClaims/two-output-slots
2026-09-17T14:18:22.9676491Z --- PASS: TestStorageReportBoundariesAndNoFinalityClaims (0.00s)
2026-09-17T14:18:22.9676838Z     --- PASS: TestStorageReportBoundariesAndNoFinalityClaims/normal (0.00s)
2026-09-17T14:18:22.9677189Z     --- PASS: TestStorageReportBoundariesAndNoFinalityClaims/exact-empty (0.00s)
2026-09-17T14:18:22.9677550Z     --- PASS: TestStorageReportBoundariesAndNoFinalityClaims/one-short (0.00s)
2026-09-17T14:18:22.9677903Z     --- PASS: TestStorageReportBoundariesAndNoFinalityClaims/byte-limit (0.00s)
2026-09-17T14:18:22.9678279Z     --- PASS: TestStorageReportBoundariesAndNoFinalityClaims/record-limit (0.00s)
2026-09-17T14:18:22.9678707Z     --- PASS: TestStorageReportBoundariesAndNoFinalityClaims/record-warning (0.00s)
2026-09-17T14:18:22.9679102Z     --- PASS: TestStorageReportBoundariesAndNoFinalityClaims/record-before-warning (0.00s)
2026-09-17T14:18:22.9679514Z     --- PASS: TestStorageReportBoundariesAndNoFinalityClaims/one-output-slot (0.00s)
2026-09-17T14:18:22.9679895Z     --- PASS: TestStorageReportBoundariesAndNoFinalityClaims/two-output-slots (0.00s)
2026-09-17T14:18:22.9680197Z === RUN   TestStorageReportRejectsContradictoryCounts
2026-09-17T14:18:22.9680454Z --- PASS: TestStorageReportRejectsContradictoryCounts (0.00s)
2026-09-17T14:18:22.9680752Z === RUN   TestJournalMetadataIsReadOnlyAndDetectsOrdinaryChanges
2026-09-17T14:18:22.9681058Z --- PASS: TestJournalMetadataIsReadOnlyAndDetectsOrdinaryChanges (0.00s)
2026-09-17T14:18:22.9681344Z === RUN   TestStorageMissingInvalidPathsNeverCreateData
2026-09-17T14:18:22.9681613Z --- PASS: TestStorageMissingInvalidPathsNeverCreateData (0.00s)
2026-09-17T14:18:22.9681884Z === RUN   FuzzCanonicalPublicConfiguration
2026-09-17T14:18:22.9682232Z === RUN   FuzzCanonicalPublicConfiguration/seed#0
2026-09-17T14:18:22.9682459Z === RUN   FuzzCanonicalPublicConfiguration/seed#1
2026-09-17T14:18:22.9682688Z --- PASS: FuzzCanonicalPublicConfiguration (0.00s)
2026-09-17T14:18:22.9682977Z     --- PASS: FuzzCanonicalPublicConfiguration/seed#0 (0.00s)
2026-09-17T14:18:22.9683254Z     --- PASS: FuzzCanonicalPublicConfiguration/seed#1 (0.00s)
2026-09-17T14:18:22.9683484Z === RUN   FuzzNumericLoopbackEndpoint
2026-09-17T14:18:22.9683688Z === RUN   FuzzNumericLoopbackEndpoint/seed#0
2026-09-17T14:18:22.9683919Z === RUN   FuzzNumericLoopbackEndpoint/seed#1
2026-09-17T14:18:22.9684128Z --- PASS: FuzzNumericLoopbackEndpoint (0.00s)
2026-09-17T14:18:22.9684382Z     --- PASS: FuzzNumericLoopbackEndpoint/seed#0 (0.00s)
2026-09-17T14:18:22.9684642Z     --- PASS: FuzzNumericLoopbackEndpoint/seed#1 (0.00s)
2026-09-17T14:18:22.9684893Z === RUN   FuzzStorageCheckpointInputs
2026-09-17T14:18:22.9685089Z === RUN   FuzzStorageCheckpointInputs/seed#0
2026-09-17T14:18:22.9685295Z === RUN   FuzzStorageCheckpointInputs/seed#1
2026-09-17T14:18:22.9685502Z === RUN   FuzzStorageCheckpointInputs/seed#2
2026-09-17T14:18:22.9685789Z --- PASS: FuzzStorageCheckpointInputs (0.00s)
2026-09-17T14:18:22.9686029Z     --- PASS: FuzzStorageCheckpointInputs/seed#0 (0.00s)
2026-09-17T14:18:22.9686275Z     --- PASS: FuzzStorageCheckpointInputs/seed#1 (0.00s)
2026-09-17T14:18:22.9686520Z     --- PASS: FuzzStorageCheckpointInputs/seed#2 (0.00s)
2026-09-17T14:18:22.9686747Z === RUN   FuzzStorageAccounting
2026-09-17T14:18:22.9686928Z === RUN   FuzzStorageAccounting/seed#0
2026-09-17T14:18:22.9687121Z === RUN   FuzzStorageAccounting/seed#1
2026-09-17T14:18:22.9687308Z --- PASS: FuzzStorageAccounting (0.00s)
2026-09-17T14:18:22.9687542Z     --- PASS: FuzzStorageAccounting/seed#0 (0.00s)
2026-09-17T14:18:22.9687772Z     --- PASS: FuzzStorageAccounting/seed#1 (0.00s)
2026-09-17T14:18:22.9687958Z PASS
2026-09-17T14:18:22.9688157Z ok  	github.com/youq616/Zevune/integration/cometbft/labnet	336.764s
2026-09-17T14:18:22.9688436Z === RUN   TestMalformedCommandsNeverCreateOrOverwrite
2026-09-17T14:18:22.9688695Z --- PASS: TestMalformedCommandsNeverCreateOrOverwrite (0.00s)
2026-09-17T14:18:22.9688969Z === RUN   TestBoundedPublicTransactionFiles
2026-09-17T14:18:22.9689240Z --- PASS: TestBoundedPublicTransactionFiles (0.00s)
2026-09-17T14:18:22.9689492Z === RUN   TestStorageCommandRejectsNetworkAndMutationFlags
2026-09-17T14:18:22.9689776Z --- PASS: TestStorageCommandRejectsNetworkAndMutationFlags (0.00s)
2026-09-17T14:18:22.9690197Z === RUN   TestSyncSubmitRejectInvalidCheckpointBeforeOtherInput
2026-09-17T14:18:22.9690500Z --- PASS: TestSyncSubmitRejectInvalidCheckpointBeforeOtherInput (0.00s)
2026-09-17T14:18:22.9690765Z === RUN   TestStorageCheckpointFlagPair
2026-09-17T14:18:22.9690977Z --- PASS: TestStorageCheckpointFlagPair (0.00s)
2026-09-17T14:18:22.9691537Z === RUN   TestCheckpointSyntaxDoesNotSelectAStorageProfile
2026-09-17T14:18:22.9691886Z --- PASS: TestCheckpointSyntaxDoesNotSelectAStorageProfile (0.00s)
2026-09-17T14:18:22.9692203Z === RUN   TestStorageCheckpointCLIRejectsPartialDuplicateAndWrongCommands
2026-09-17T14:18:22.9692558Z --- PASS: TestStorageCheckpointCLIRejectsPartialDuplicateAndWrongCommands (0.00s)
2026-09-17T14:18:22.9692909Z === RUN   TestExplicitEmptyStorageCheckpointDoesNotDisableCheck
2026-09-17T14:18:22.9693206Z --- PASS: TestExplicitEmptyStorageCheckpointDoesNotDisableCheck (0.00s)
2026-09-17T14:18:22.9693514Z === RUN   TestStorageCopyRequiresExplicitCheckpointAndOfflinePaths
2026-09-17T14:18:22.9693852Z --- PASS: TestStorageCopyRequiresExplicitCheckpointAndOfflinePaths (0.00s)
2026-09-17T14:18:22.9694105Z PASS
2026-09-17T14:18:22.9694322Z ok  	github.com/youq616/Zevune/integration/cometbft/cmd/zevune-network	0.045s
2026-09-17T14:18:30.4944160Z ##[group]Run git diff --exit-code
2026-09-17T14:18:30.4944418Z [36;1mgit diff --exit-code[0m
2026-09-17T14:18:30.4953072Z shell: C:\Program Files\Git\bin\bash.EXE --noprofile --norc -e -o pipefail {0}
2026-09-17T14:18:30.4953368Z env:
2026-09-17T14:18:30.4953493Z   RAYON_NUM_THREADS: 2
2026-09-17T14:18:30.4953634Z   CARGO_BUILD_JOBS: 2
2026-09-17T14:18:30.4953803Z   GOTOOLCHAIN: local
2026-09-17T14:18:30.4954002Z   ZEVUNE_NETWORK_OPERATOR: D:\a\_temp\zevune-local-bundle\zevune-network.exe
2026-09-17T14:18:30.4954334Z   ZEVUNE_POOL_WORKER: D:\a\_temp\zevune-local-bundle\zevune-pool-worker.exe
2026-09-17T14:18:30.4954696Z   ZEVUNE_FUNDED_SCENARIO: D:\a\Zevune\Zevune\integration\orchard\target\release\zevune-funded-scenario.exe
2026-09-17T14:18:30.4954989Z ##[endgroup]
2026-09-17T14:18:30.5621789Z Node 20 is being deprecated. This workflow is running with Node 24 by default. If you need to temporarily use Node 20, you can set the ACTIONS_ALLOW_USE_UNSECURE_NODE_VERSION=true environment variable. For more information see: https://github.blog/changelog/2025-09-19-deprecation-of-node-20-on-github-actions-runners/
2026-09-17T14:18:30.5622633Z ##[group]Run actions/upload-artifact@ea165f8d65b6e75b540449e92b4886f43607fa02
2026-09-17T14:18:30.5622894Z with:
2026-09-17T14:18:30.5623340Z   name: zevune-local-lab-Windows
2026-09-17T14:18:30.5623734Z   path: D:\a\_temp/zevune-local-bundle/
2026-09-17T14:18:30.5623936Z   if-no-files-found: error
2026-09-17T14:18:30.5624100Z   retention-days: 7
2026-09-17T14:18:30.5624280Z   compression-level: 6
2026-09-17T14:18:30.5624432Z   overwrite: false
2026-09-17T14:18:30.5624602Z   include-hidden-files: false
2026-09-17T14:18:30.5624779Z env:
2026-09-17T14:18:30.5624929Z   RAYON_NUM_THREADS: 2
2026-09-17T14:18:30.5625171Z   CARGO_BUILD_JOBS: 2
2026-09-17T14:18:30.5625354Z   GOTOOLCHAIN: local
2026-09-17T14:18:30.5625581Z   ZEVUNE_NETWORK_OPERATOR: D:\a\_temp\zevune-local-bundle\zevune-network.exe
2026-09-17T14:18:30.5625893Z   ZEVUNE_POOL_WORKER: D:\a\_temp\zevune-local-bundle\zevune-pool-worker.exe
2026-09-17T14:18:30.5626222Z   ZEVUNE_FUNDED_SCENARIO: D:\a\Zevune\Zevune\integration\orchard\target\release\zevune-funded-scenario.exe
2026-09-17T14:18:30.5626503Z ##[endgroup]
2026-09-17T14:18:30.7060719Z (node:4324) [DEP0040] DeprecationWarning: The `punycode` module is deprecated. Please use a userland alternative instead.
2026-09-17T14:18:30.7061447Z (Use `node --trace-deprecation ...` to show where the warning was created)
2026-09-17T14:18:30.7113853Z With the provided path, there will be 6 files uploaded
2026-09-17T14:18:30.7117287Z Artifact name is valid!
2026-09-17T14:18:30.7118115Z Root directory input is valid!
2026-09-17T14:18:31.0476242Z Beginning upload of artifact content to blob storage
2026-09-17T14:18:31.5235725Z (node:4324) [DEP0169] DeprecationWarning: `url.parse()` behavior is not standardized and prone to errors that have security implications. Use the WHATWG URL API instead. CVEs are not issued for `url.parse()` vulnerabilities.
2026-09-17T14:18:32.1164229Z Uploaded bytes 8388608
2026-09-17T14:18:32.2909190Z Uploaded bytes 16777216
2026-09-17T14:18:32.4370501Z Uploaded bytes 22388417
2026-09-17T14:18:32.4712359Z Finished uploading artifact content to blob storage!
2026-09-17T14:18:32.4713581Z SHA256 digest of uploaded artifact zip is 4d52f7f0e2bddd70df090b1856d7c14965808b24951311bd7b7732a446ac6276
2026-09-17T14:18:32.4715329Z Finalizing artifact upload
2026-09-17T14:18:32.7600634Z Artifact zevune-local-lab-Windows.zip successfully finalized. Artifact ID 10501053828
2026-09-17T14:18:32.7601186Z Artifact zevune-local-lab-Windows has been successfully uploaded! Final size is 22388417 bytes. Artifact ID is 10501053828
2026-09-17T14:18:32.7608984Z Artifact download URL: https://github.com/youq616/Zevune/actions/runs/35231320198/artifacts/10501053828
2026-09-17T14:18:32.7887257Z Node 20 is being deprecated. This workflow is running with Node 24 by default. If you need to temporarily use Node 20, you can set the ACTIONS_ALLOW_USE_UNSECURE_NODE_VERSION=true environment variable. For more information see: https://github.blog/changelog/2025-09-19-deprecation-of-node-20-on-github-actions-runners/
2026-09-17T14:18:32.7887924Z Post job cleanup.
2026-09-17T14:18:32.8859733Z (node:3088) [DEP0040] DeprecationWarning: The `punycode` module is deprecated. Please use a userland alternative instead.
2026-09-17T14:18:32.8860205Z (Use `node --trace-deprecation ...` to show where the warning was created)
2026-09-17T14:18:32.9256137Z [command]C:\hostedtoolcache\windows\go\1.27.1\x64\bin\go.exe env GOCACHE
2026-09-17T14:18:32.9307875Z [command]C:\hostedtoolcache\windows\go\1.27.1\x64\bin\go.exe env GOMODCACHE
2026-09-17T14:18:32.9456484Z C:\Users\runneradmin\AppData\Local\go-build
2026-09-17T14:18:32.9484020Z C:\Users\runneradmin\go\pkg\mod
2026-09-17T14:18:32.9499970Z Cache hit occurred on the primary key setup-go-Windows-x64-go-1.27.1-ef6b0fbca0a8d0b6206b16c85f11c4a6c772908ae2660ca86a6b7ee95979c938, not saving cache.
2026-09-17T14:18:32.9726017Z Post job cleanup.
2026-09-17T14:18:33.0760072Z [command]"C:\Program Files\Git\bin\git.exe" version
2026-09-17T14:18:33.0959958Z git version 2.55.0.windows.5
2026-09-17T14:18:33.1010084Z Temporarily overriding HOME='D:\a\_temp\5d5d79d0-c509-4b05-bbfc-430b1d9a5ceb' before making global git config changes
2026-09-17T14:18:33.1010720Z Adding repository directory to the temporary git global config as a safe directory
2026-09-17T14:18:33.1018717Z [command]"C:\Program Files\Git\bin\git.exe" config --global --add safe.directory D:\a\Zevune\Zevune
2026-09-17T14:18:33.1241856Z [command]"C:\Program Files\Git\bin\git.exe" config --local --name-only --get-regexp core\.sshCommand
2026-09-17T14:18:33.1473413Z [command]"C:\Program Files\Git\bin\git.exe" submodule foreach --recursive "sh -c \"git config --local --name-only --get-regexp 'core\.sshCommand' && git config --local --unset-all 'core.sshCommand' || :\""
2026-09-17T14:18:33.5109120Z [command]"C:\Program Files\Git\bin\git.exe" config --local --name-only --get-regexp http\.https\:\/\/github\.com\/\.extraheader
2026-09-17T14:18:33.5296069Z [command]"C:\Program Files\Git\bin\git.exe" submodule foreach --recursive "sh -c \"git config --local --name-only --get-regexp 'http\.https\:\/\/github\.com\/\.extraheader' && git config --local --unset-all 'http.https://github.com/.extraheader' || :\""
2026-09-17T14:18:33.9266898Z Cleaning up orphan processes
2026-09-17T14:18:33.9383402Z Terminate orphan process: pid (10228) (vctip)
2026-09-17T14:18:33.9691435Z ##[warning]Node.js 20 is deprecated. The following actions target Node.js 20 but are being forced to run on Node.js 24: actions/setup-go@44694675825211faa026b3c33043df3e48a5fa00, actions/upload-artifact@ea165f8d65b6e75b540449e92b4886f43607fa02. For more information see: https://github.blog/changelog/2025-09-19-deprecation-of-node-20-on-github-actions-runners/
