2026-09-17T14:13:39.9555949Z Current runner version: '2.337.0'
2026-09-17T14:13:39.9593472Z ##[group]Runner Image Provisioner
2026-09-17T14:13:39.9595178Z Hosted Compute Agent
2026-09-17T14:13:39.9596148Z Version: 20260828.587
2026-09-17T14:13:39.9597243Z Commit: abac92662cab4cc7352de4f9f9d2e2419aad9c29
2026-09-17T14:13:39.9598658Z Build Date: 2026-08-28T16:44:25Z
2026-09-17T14:13:39.9599793Z Worker ID: {6b3a7e32-03c2-4555-894c-b67626706599}
2026-09-17T14:13:39.9600976Z Azure Region: westus
2026-09-17T14:13:39.9601924Z ##[endgroup]
2026-09-17T14:13:39.9604154Z ##[group]Operating System
2026-09-17T14:13:39.9605246Z Microsoft Windows Server 2025
2026-09-17T14:13:39.9606190Z 10.0.26100
2026-09-17T14:13:39.9606944Z Datacenter
2026-09-17T14:13:39.9607755Z ##[endgroup]
2026-09-17T14:13:39.9608605Z ##[group]Runner Image
2026-09-17T14:13:39.9609534Z Image: windows-2025-vs2026
2026-09-17T14:13:39.9610578Z Version: 20260907.229.1
2026-09-17T14:13:39.9613145Z Included Software: https://github.com/actions/runner-images/blob/win25-vs2026/20260907.229/images/windows/Windows2025-VS2026-Readme.md
2026-09-17T14:13:39.9616515Z Image Release: https://github.com/actions/runner-images/releases/tag/win25-vs2026%2F20260907.229
2026-09-17T14:13:39.9618300Z ##[endgroup]
2026-09-17T14:13:39.9620196Z ##[group]GITHUB_TOKEN Permissions
2026-09-17T14:13:39.9622769Z Contents: read
2026-09-17T14:13:39.9623715Z Metadata: read
2026-09-17T14:13:39.9624588Z ##[endgroup]
2026-09-17T14:13:39.9627601Z Secret source: Actions
2026-09-17T14:13:39.9629005Z Cache mode: write
2026-09-17T14:13:39.9630155Z Prepare workflow directory
2026-09-17T14:13:40.0272075Z Prepare all required actions
2026-09-17T14:13:40.0341816Z Getting action download info
2026-09-17T14:13:40.3969207Z Download action repository 'actions/checkout@08c6903cd8c0fde910a37f88322edcfb5dd907a8' (SHA:08c6903cd8c0fde910a37f88322edcfb5dd907a8)
2026-09-17T14:13:40.6810144Z Complete job name: funded-library (windows-latest)
2026-09-17T14:13:40.8501661Z ##[group]Run actions/checkout@08c6903cd8c0fde910a37f88322edcfb5dd907a8
2026-09-17T14:13:40.8503039Z with:
2026-09-17T14:13:40.8503525Z   persist-credentials: false
2026-09-17T14:13:40.8504087Z   repository: youq616/Zevune
2026-09-17T14:13:40.8508627Z   token: ***
2026-09-17T14:13:40.8509124Z   ssh-strict: true
2026-09-17T14:13:40.8509587Z   ssh-user: git
2026-09-17T14:13:40.8510193Z   clean: true
2026-09-17T14:13:40.8511024Z   sparse-checkout-cone-mode: true
2026-09-17T14:13:40.8512035Z   fetch-depth: 1
2026-09-17T14:13:40.8512848Z   fetch-tags: false
2026-09-17T14:13:40.8513685Z   show-progress: true
2026-09-17T14:13:40.8514523Z   lfs: false
2026-09-17T14:13:40.8515304Z   submodules: false
2026-09-17T14:13:40.8516137Z   set-safe-directory: true
2026-09-17T14:13:40.8517460Z env:
2026-09-17T14:13:40.8518286Z   RAYON_NUM_THREADS: 2
2026-09-17T14:13:40.8519170Z   CARGO_BUILD_JOBS: 2
2026-09-17T14:13:40.8520000Z ##[endgroup]
2026-09-17T14:13:41.1192203Z Syncing repository: youq616/Zevune
2026-09-17T14:13:41.1195637Z ##[group]Getting Git version info
2026-09-17T14:13:41.1196889Z Working directory is 'D:\a\Zevune\Zevune'
2026-09-17T14:13:41.2482999Z [command]"C:\Program Files\Git\bin\git.exe" version
2026-09-17T14:13:41.8109285Z git version 2.55.0.windows.5
2026-09-17T14:13:41.8159436Z ##[endgroup]
2026-09-17T14:13:41.8182957Z Temporarily overriding HOME='D:\a\_temp\f3d622fa-60ad-4011-ad00-b3dd471fb044' before making global git config changes
2026-09-17T14:13:41.8186533Z Adding repository directory to the temporary git global config as a safe directory
2026-09-17T14:13:41.8195839Z [command]"C:\Program Files\Git\bin\git.exe" config --global --add safe.directory D:\a\Zevune\Zevune
2026-09-17T14:13:42.0468515Z Deleting the contents of 'D:\a\Zevune\Zevune'
2026-09-17T14:13:42.0476001Z ##[group]Initializing the repository
2026-09-17T14:13:42.0489698Z [command]"C:\Program Files\Git\bin\git.exe" init D:\a\Zevune\Zevune
2026-09-17T14:13:42.2909764Z Initialized empty Git repository in D:/a/Zevune/Zevune/.git/
2026-09-17T14:13:42.2997864Z [command]"C:\Program Files\Git\bin\git.exe" remote add origin https://github.com/youq616/Zevune
2026-09-17T14:13:42.5015487Z ##[endgroup]
2026-09-17T14:13:42.5016946Z ##[group]Disabling automatic garbage collection
2026-09-17T14:13:42.5027061Z [command]"C:\Program Files\Git\bin\git.exe" config --local gc.auto 0
2026-09-17T14:13:42.6838575Z ##[endgroup]
2026-09-17T14:13:42.6842140Z ##[group]Setting up auth
2026-09-17T14:13:42.6857963Z [command]"C:\Program Files\Git\bin\git.exe" config --local --name-only --get-regexp core\.sshCommand
2026-09-17T14:13:42.9601551Z [command]"C:\Program Files\Git\bin\git.exe" submodule foreach --recursive "sh -c \"git config --local --name-only --get-regexp 'core\.sshCommand' && git config --local --unset-all 'core.sshCommand' || :\""
2026-09-17T14:13:45.2464751Z [command]"C:\Program Files\Git\bin\git.exe" config --local --name-only --get-regexp http\.https\:\/\/github\.com\/\.extraheader
2026-09-17T14:13:45.2846196Z [command]"C:\Program Files\Git\bin\git.exe" submodule foreach --recursive "sh -c \"git config --local --name-only --get-regexp 'http\.https\:\/\/github\.com\/\.extraheader' && git config --local --unset-all 'http.https://github.com/.extraheader' || :\""
2026-09-17T14:13:45.8574514Z [command]"C:\Program Files\Git\bin\git.exe" config --local http.https://github.com/.extraheader "AUTHORIZATION: basic ***"
2026-09-17T14:13:45.8893413Z ##[endgroup]
2026-09-17T14:13:45.8895310Z ##[group]Fetching the repository
2026-09-17T14:13:45.8907437Z [command]"C:\Program Files\Git\bin\git.exe" -c protocol.version=2 fetch --no-tags --prune --no-recurse-submodules --depth=1 origin +2d208360ab665fbe82b57d205cf07e789f06164b:refs/remotes/pull/15/merge
2026-09-17T14:13:49.2717642Z From https://github.com/youq616/Zevune
2026-09-17T14:13:49.2718674Z  * [new ref]         2d208360ab665fbe82b57d205cf07e789f06164b -> pull/15/merge
2026-09-17T14:13:49.2760776Z ##[endgroup]
2026-09-17T14:13:49.2765141Z ##[group]Determining the checkout info
2026-09-17T14:13:49.2766104Z ##[endgroup]
2026-09-17T14:13:49.2775361Z [command]"C:\Program Files\Git\bin\git.exe" sparse-checkout disable
2026-09-17T14:13:49.3369868Z [command]"C:\Program Files\Git\bin\git.exe" config --local --unset-all extensions.worktreeConfig
2026-09-17T14:13:49.3712048Z ##[group]Checking out the ref
2026-09-17T14:13:49.3725936Z [command]"C:\Program Files\Git\bin\git.exe" checkout --progress --force refs/remotes/pull/15/merge
2026-09-17T14:13:49.6922048Z Note: switching to 'refs/remotes/pull/15/merge'.
2026-09-17T14:13:49.6922706Z 
2026-09-17T14:13:49.6923656Z You are in 'detached HEAD' state. You can look around, make experimental
2026-09-17T14:13:49.6925250Z changes and commit them, and you can discard any commits you make in this
2026-09-17T14:13:49.6926113Z state without impacting any branches by switching back to a branch.
2026-09-17T14:13:49.6926638Z 
2026-09-17T14:13:49.6927074Z If you want to create a new branch to retain commits you create, you may
2026-09-17T14:13:49.6927891Z do so (now or later) by using -c with the switch command. Example:
2026-09-17T14:13:49.6928362Z 
2026-09-17T14:13:49.6928601Z   git switch -c <new-branch-name>
2026-09-17T14:13:49.6928909Z 
2026-09-17T14:13:49.6929082Z Or undo this operation with:
2026-09-17T14:13:49.6929343Z 
2026-09-17T14:13:49.6929484Z   git switch -
2026-09-17T14:13:49.6929707Z 
2026-09-17T14:13:49.6930077Z Turn off this advice by setting config variable advice.detachedHead to false
2026-09-17T14:13:49.6930629Z 
2026-09-17T14:13:49.6931613Z HEAD is now at 2d20836 Merge 2020c7314a996769b33706754405c0976ce7c50a into 0927af157a3cc35abde14b036bc50a99a793a32b
2026-09-17T14:13:49.7117299Z ##[endgroup]
2026-09-17T14:13:49.7498152Z [command]"C:\Program Files\Git\bin\git.exe" log -1 --format=%H
2026-09-17T14:13:49.7768515Z 2d208360ab665fbe82b57d205cf07e789f06164b
2026-09-17T14:13:49.7814221Z ##[group]Removing auth
2026-09-17T14:13:49.7823383Z [command]"C:\Program Files\Git\bin\git.exe" config --local --name-only --get-regexp core\.sshCommand
2026-09-17T14:13:49.8150800Z [command]"C:\Program Files\Git\bin\git.exe" submodule foreach --recursive "sh -c \"git config --local --name-only --get-regexp 'core\.sshCommand' && git config --local --unset-all 'core.sshCommand' || :\""
2026-09-17T14:13:50.4077544Z [command]"C:\Program Files\Git\bin\git.exe" config --local --name-only --get-regexp http\.https\:\/\/github\.com\/\.extraheader
2026-09-17T14:13:50.4357167Z http.https://github.com/.extraheader
2026-09-17T14:13:50.4403111Z [command]"C:\Program Files\Git\bin\git.exe" config --local --unset-all http.https://github.com/.extraheader
2026-09-17T14:13:50.4725338Z [command]"C:\Program Files\Git\bin\git.exe" submodule foreach --recursive "sh -c \"git config --local --name-only --get-regexp 'http\.https\:\/\/github\.com\/\.extraheader' && git config --local --unset-all 'http.https://github.com/.extraheader' || :\""
2026-09-17T14:13:51.0116370Z ##[endgroup]
2026-09-17T14:13:51.0558993Z ##[group]Run rustup toolchain install 1.98.1 --profile minimal --component rustfmt --component clippy
2026-09-17T14:13:51.0559816Z [36;1mrustup toolchain install 1.98.1 --profile minimal --component rustfmt --component clippy[0m
2026-09-17T14:13:51.0580440Z shell: C:\Program Files\Git\bin\bash.EXE --noprofile --norc -e -o pipefail {0}
2026-09-17T14:13:51.0580858Z env:
2026-09-17T14:13:51.0581036Z   RAYON_NUM_THREADS: 2
2026-09-17T14:13:51.0581252Z   CARGO_BUILD_JOBS: 2
2026-09-17T14:13:51.0581452Z ##[endgroup]
2026-09-17T14:13:52.0489656Z info: syncing channel updates for 1.98.1-x86_64-pc-windows-msvc
2026-09-17T14:13:52.7252146Z info: latest update on 2026-09-03 for version 1.98.1 (48a229cea 2026-09-01)
2026-09-17T14:13:52.7397354Z info: downloading 5 components
2026-09-17T14:14:01.9029521Z 
2026-09-17T14:14:01.9358438Z   1.98.1-x86_64-pc-windows-msvc installed - rustc 1.98.1 (48a229cea 2026-09-01)
2026-09-17T14:14:01.9359043Z 
2026-09-17T14:14:01.9639630Z ##[group]Run python -m unittest discover -s scripts/tests -p test_funded_rust.py -v
2026-09-17T14:14:01.9640328Z [36;1mpython -m unittest discover -s scripts/tests -p test_funded_rust.py -v[0m
2026-09-17T14:14:01.9655517Z shell: C:\Program Files\Git\bin\bash.EXE --noprofile --norc -e -o pipefail {0}
2026-09-17T14:14:01.9656216Z env:
2026-09-17T14:14:01.9656395Z   RAYON_NUM_THREADS: 2
2026-09-17T14:14:01.9656598Z   CARGO_BUILD_JOBS: 2
2026-09-17T14:14:01.9656791Z ##[endgroup]
2026-09-17T14:14:04.6453884Z test_command_failure_stops_cohort_and_never_reports_completion (test_funded_rust.FundedRustPlanTests.test_command_failure_stops_cohort_and_never_reports_completion) ... ok
2026-09-17T14:14:04.6465754Z test_commands_keep_flags_and_never_filter_test_names (test_funded_rust.FundedRustPlanTests.test_commands_keep_flags_and_never_filter_test_names) ... ok
2026-09-17T14:14:04.6478117Z test_empty_or_incomplete_inventory_fails (test_funded_rust.FundedRustPlanTests.test_empty_or_incomplete_inventory_fails) ... ok
2026-09-17T14:14:04.6484164Z test_future_binary_and_integration_targets_join_automatically (test_funded_rust.FundedRustPlanTests.test_future_binary_and_integration_targets_join_automatically) ... ok
2026-09-17T14:14:04.6508573Z test_invalid_names_and_duplicate_targets_fail (test_funded_rust.FundedRustPlanTests.test_invalid_names_and_duplicate_targets_fail) ... ok
2026-09-17T14:14:04.6515874Z test_metadata_failure_is_a_nonzero_exit (test_funded_rust.FundedRustPlanTests.test_metadata_failure_is_a_nonzero_exit) ... ok
2026-09-17T14:14:04.6525313Z test_plan_only_is_not_a_test_execution (test_funded_rust.FundedRustPlanTests.test_plan_only_is_not_a_test_execution) ... ok
2026-09-17T14:14:04.6533512Z test_reordering_metadata_does_not_change_plan (test_funded_rust.FundedRustPlanTests.test_reordering_metadata_does_not_change_plan) ... ok
2026-09-17T14:14:04.6540632Z test_target_union_is_complete_and_disjoint (test_funded_rust.FundedRustPlanTests.test_target_union_is_complete_and_disjoint) ... ok
2026-09-17T14:14:04.6542106Z test_unknown_cohort_or_schema_fails (test_funded_rust.FundedRustPlanTests.test_unknown_cohort_or_schema_fails) ... ok
2026-09-17T14:14:04.6573226Z test_unknown_or_disabled_targets_are_not_silently_omitted (test_funded_rust.FundedRustPlanTests.test_unknown_or_disabled_targets_are_not_silently_omitted) ... ok
2026-09-17T14:14:04.6583816Z test_unselected_features_fail (test_funded_rust.FundedRustPlanTests.test_unselected_features_fail) ... ok
2026-09-17T14:14:04.6943691Z test_wrong_workspace_identity_fails (test_funded_rust.FundedRustPlanTests.test_wrong_workspace_identity_fails) ... ok
2026-09-17T14:14:04.6944879Z 
2026-09-17T14:14:04.6946170Z ----------------------------------------------------------------------
2026-09-17T14:14:04.6946741Z Ran 13 tests in 0.050s
2026-09-17T14:14:04.6946953Z 
2026-09-17T14:14:04.6947052Z OK
2026-09-17T14:14:05.0141777Z ##[group]Run cargo fmt --all -- --check
2026-09-17T14:14:05.0142648Z [36;1mcargo fmt --all -- --check[0m
2026-09-17T14:14:05.0143227Z [36;1mcargo metadata --locked --format-version=1 > /dev/null[0m
2026-09-17T14:14:05.0143839Z [36;1mgit diff --exit-code[0m
2026-09-17T14:14:05.0164051Z shell: C:\Program Files\Git\bin\bash.EXE --noprofile --norc -e -o pipefail {0}
2026-09-17T14:14:05.0164453Z env:
2026-09-17T14:14:05.0164631Z   RAYON_NUM_THREADS: 2
2026-09-17T14:14:05.0164842Z   CARGO_BUILD_JOBS: 2
2026-09-17T14:14:05.0165043Z ##[endgroup]
2026-09-17T14:14:07.6909065Z     Updating crates.io index
2026-09-17T14:14:08.1031351Z  Downloading crates ...
2026-09-17T14:14:08.1961389Z   Downloaded subtle v2.6.1
2026-09-17T14:14:08.2156702Z   Downloaded base16ct v0.2.0
2026-09-17T14:14:08.2315515Z   Downloaded atomic-polyfill v1.0.3
2026-09-17T14:14:08.2517678Z   Downloaded aead v0.5.2
2026-09-17T14:14:08.2619398Z   Downloaded block-buffer v0.10.4
2026-09-17T14:14:08.2762126Z   Downloaded const-crc32-nostd v1.3.1
2026-09-17T14:14:08.2837675Z   Downloaded cpufeatures v0.2.17
2026-09-17T14:14:08.3004153Z   Downloaded funty v2.0.0
2026-09-17T14:14:08.3080751Z   Downloaded unicode-ident v1.0.24
2026-09-17T14:14:08.3385098Z   Downloaded zcash_note_encryption v0.4.2
2026-09-17T14:14:08.3522282Z   Downloaded base64ct v1.8.3
2026-09-17T14:14:08.3849063Z   Downloaded crossbeam-deque v0.8.8
2026-09-17T14:14:08.3993023Z   Downloaded digest v0.10.7
2026-09-17T14:14:08.4219431Z   Downloaded getset v0.1.7
2026-09-17T14:14:08.4390529Z   Downloaded maybe-rayon v0.1.1
2026-09-17T14:14:08.4471232Z   Downloaded ppv-lite86 v0.2.21
2026-09-17T14:14:08.4586418Z   Downloaded stable_deref_trait v1.2.1
2026-09-17T14:14:08.4723166Z   Downloaded zerocopy-derive v0.8.57
2026-09-17T14:14:08.5852067Z   Downloaded cbc v0.1.2
2026-09-17T14:14:08.5992621Z   Downloaded tracing-core v0.1.36
2026-09-17T14:14:08.6300669Z   Downloaded zeroize_derive v1.5.0
2026-09-17T14:14:08.6387816Z   Downloaded chacha20poly1305 v0.10.1
2026-09-17T14:14:08.6578978Z   Downloaded crunchy v0.2.4
2026-09-17T14:14:08.6712069Z   Downloaded thiserror v2.0.20
2026-09-17T14:14:09.1785024Z   Downloaded tracing v0.1.44
2026-09-17T14:14:09.2782344Z   Downloaded sha2 v0.10.9
2026-09-17T14:14:09.3130553Z   Downloaded tap v1.0.1
2026-09-17T14:14:09.3226453Z   Downloaded num-traits v0.2.19
2026-09-17T14:14:09.3474501Z   Downloaded cfg-if v1.0.4
2026-09-17T14:14:09.3644132Z   Downloaded indexmap v1.9.3
2026-09-17T14:14:09.3967940Z   Downloaded rayon-core v1.13.0
2026-09-17T14:14:09.4388188Z   Downloaded serde_core v1.0.229
2026-09-17T14:14:09.4702483Z   Downloaded aes v0.8.4
2026-09-17T14:14:09.5065837Z   Downloaded heapless v0.7.17
2026-09-17T14:14:09.5472812Z   Downloaded visibility v0.1.1
2026-09-17T14:14:09.5597904Z   Downloaded zip32 v0.2.1
2026-09-17T14:14:09.5803175Z   Downloaded bitvec v1.1.1
2026-09-17T14:14:09.7833136Z   Downloaded universal-hash v0.5.1
2026-09-17T14:14:09.7918641Z   Downloaded version_check v0.9.5
2026-09-17T14:14:09.8072808Z   Downloaded wyz v0.5.1
2026-09-17T14:14:09.8194465Z   Downloaded tracing-attributes v0.1.31
2026-09-17T14:14:09.8506733Z   Downloaded uint v0.9.5
2026-09-17T14:14:09.8663785Z   Downloaded halo2_gadgets v0.5.0
2026-09-17T14:14:09.9600840Z   Downloaded wasi v0.11.1+wasi-snapshot-preview1
2026-09-17T14:14:09.9790927Z   Downloaded chacha20 v0.9.1
2026-09-17T14:14:09.9975558Z   Downloaded halo2_legacy_pdqsort v0.1.0
2026-09-17T14:14:10.0078813Z   Downloaded derive-getters v0.5.0
2026-09-17T14:14:10.0441859Z   Downloaded ff v0.13.1
2026-09-17T14:14:10.0610764Z   Downloaded fpe v0.6.1
2026-09-17T14:14:10.0787114Z   Downloaded typenum v1.20.1
2026-09-17T14:14:10.1060443Z   Downloaded either v1.18.0
2026-09-17T14:14:10.1289752Z   Downloaded halo2_poseidon v0.1.0
2026-09-17T14:14:10.7140061Z   Downloaded arrayvec v0.7.8
2026-09-17T14:14:10.8019754Z   Downloaded thiserror-impl v2.0.20
2026-09-17T14:14:10.8195590Z   Downloaded generic-array v0.14.7
2026-09-17T14:14:10.8340676Z   Downloaded zcash_spec v0.2.1
2026-09-17T14:14:10.8469639Z   Downloaded zeroize v1.9.0
2026-09-17T14:14:10.8639555Z   Downloaded zerocopy v0.8.57
2026-09-17T14:14:11.1305126Z   Downloaded pin-project-lite v0.2.17
2026-09-17T14:14:11.2249401Z   Downloaded semver v1.0.28
2026-09-17T14:14:11.2688024Z   Downloaded rand_chacha v0.3.1
2026-09-17T14:14:11.2965427Z   Downloaded num-integer v0.1.47
2026-09-17T14:14:11.3543041Z   Downloaded static_assertions v1.1.0
2026-09-17T14:14:11.4531815Z   Downloaded syn v2.0.119
2026-09-17T14:14:12.1329669Z   Downloaded proc-macro2 v1.0.107
2026-09-17T14:14:12.3478838Z   Downloaded syn v3.0.5
2026-09-17T14:14:12.7960800Z   Downloaded opaque-debug v0.3.1
2026-09-17T14:14:12.8579903Z   Downloaded postcard v1.1.3
2026-09-17T14:14:12.9521993Z   Downloaded orchard v0.15.5
2026-09-17T14:14:13.4779247Z   Downloaded crypto-common v0.1.7
2026-09-17T14:14:13.5318580Z   Downloaded blake2b_simd v1.0.5
2026-09-17T14:14:13.6197549Z   Downloaded inout v0.1.4
2026-09-17T14:14:13.6945426Z   Downloaded litrs v1.0.0
2026-09-17T14:14:13.8758507Z   Downloaded frost-core v3.0.0
2026-09-17T14:14:14.0282932Z   Downloaded sinsemilla v0.1.0
2026-09-17T14:14:14.0812493Z   Downloaded byteorder v1.5.0
2026-09-17T14:14:14.1116613Z   Downloaded document-features v0.2.12
2026-09-17T14:14:14.1262766Z   Downloaded embedded-io v0.6.1
2026-09-17T14:14:14.1417351Z   Downloaded cipher v0.4.4
2026-09-17T14:14:14.1569762Z   Downloaded cobs v0.3.0
2026-09-17T14:14:14.1696522Z   Downloaded hash32 v0.2.1
2026-09-17T14:14:14.1838811Z   Downloaded blake2 v0.10.6
2026-09-17T14:14:14.2225051Z   Downloaded corez v0.1.1
2026-09-17T14:14:14.2414006Z   Downloaded embedded-io v0.4.0
2026-09-17T14:14:14.2674690Z   Downloaded getrandom v0.2.17
2026-09-17T14:14:14.3061390Z   Downloaded bls12_381 v0.8.0
2026-09-17T14:14:14.3809223Z   Downloaded argon2 v0.5.3
2026-09-17T14:14:14.4449469Z   Downloaded jubjub v0.10.0
2026-09-17T14:14:15.0873722Z   Downloaded once_cell v1.21.4
2026-09-17T14:14:15.1162350Z   Downloaded critical-section v1.2.0
2026-09-17T14:14:15.1330287Z   Downloaded hashbrown v0.12.3
2026-09-17T14:14:15.1679220Z   Downloaded quote v1.0.47
2026-09-17T14:14:15.2010270Z   Downloaded bech32 v0.11.1
2026-09-17T14:14:15.2378045Z   Downloaded spin v0.9.9
2026-09-17T14:14:15.2693850Z   Downloaded crossbeam-utils v0.8.23
2026-09-17T14:14:15.3020722Z   Downloaded rand v0.8.5
2026-09-17T14:14:15.3413651Z   Downloaded lock_api v0.4.14
2026-09-17T14:14:15.3513255Z   Downloaded autocfg v1.5.1
2026-09-17T14:14:15.3812364Z   Downloaded rayon v1.12.0
2026-09-17T14:14:15.4932317Z   Downloaded itertools v0.14.0
2026-09-17T14:14:15.5828286Z   Downloaded poly1305 v0.8.0
2026-09-17T14:14:15.6093854Z   Downloaded serde v1.0.229
2026-09-17T14:14:15.6415079Z   Downloaded rustc_version v0.4.1
2026-09-17T14:14:15.6533907Z   Downloaded halo2_proofs v0.3.5
2026-09-17T14:14:15.7367587Z   Downloaded constant_time_eq v0.4.2
2026-09-17T14:14:15.7576181Z   Downloaded frost-rerandomized v3.0.0
2026-09-17T14:14:15.7688961Z   Downloaded reddsa v0.5.2
2026-09-17T14:14:15.8298561Z   Downloaded hex v0.4.3
2026-09-17T14:14:15.8439038Z   Downloaded nonempty v0.11.0
2026-09-17T14:14:15.8585444Z   Downloaded radium v0.7.0
2026-09-17T14:14:15.8689252Z   Downloaded rand_core v0.6.4
2026-09-17T14:14:16.3200412Z   Downloaded group v0.13.0
2026-09-17T14:14:16.3339327Z   Downloaded lazy_static v1.5.0
2026-09-17T14:14:16.3579127Z   Downloaded serdect v0.2.0
2026-09-17T14:14:16.3724546Z   Downloaded libm v0.2.16
2026-09-17T14:14:16.5034784Z   Downloaded memuse v0.2.2
2026-09-17T14:14:16.5201538Z   Downloaded num-bigint v0.4.8
2026-09-17T14:14:16.5722538Z   Downloaded crossbeam-epoch v0.9.21
2026-09-17T14:14:16.5949135Z   Downloaded libc v0.2.189
2026-09-17T14:14:17.4524547Z   Downloaded password-hash v0.5.0
2026-09-17T14:14:17.4675872Z   Downloaded scopeguard v1.2.0
2026-09-17T14:14:17.4813669Z   Downloaded pasta_curves v0.5.2
2026-09-17T14:14:17.6923664Z   Downloaded serde_derive v1.0.229
2026-09-17T14:14:17.7223693Z   Downloaded incrementalmerkletree v0.8.1
2026-09-17T14:14:17.9887737Z ##[group]Run python scripts/run_funded_rust.py library
2026-09-17T14:14:17.9888217Z [36;1mpython scripts/run_funded_rust.py library[0m
2026-09-17T14:14:17.9903251Z shell: C:\Program Files\Git\bin\bash.EXE --noprofile --norc -e -o pipefail {0}
2026-09-17T14:14:17.9903666Z env:
2026-09-17T14:14:17.9903844Z   RAYON_NUM_THREADS: 2
2026-09-17T14:14:17.9904048Z   CARGO_BUILD_JOBS: 2
2026-09-17T14:14:17.9904245Z ##[endgroup]
2026-09-17T14:14:18.1738058Z {"cohort": "library", "commands": [["cargo", "test", "--locked", "--release", "--features", "local-funding-lab", "--lib", "--", "--test-threads=1"]], "documentation_tests": false, "test_targets": [["lib", "zevune_orchard_lab"]]}
2026-09-17T14:14:18.1739517Z RUN cargo test --locked --release --features local-funding-lab --lib -- --test-threads=1
2026-09-17T14:14:18.4578058Z    Compiling cfg-if v1.0.4
2026-09-17T14:14:18.4579426Z    Compiling proc-macro2 v1.0.107
2026-09-17T14:14:18.5098503Z    Compiling getrandom v0.2.17
2026-09-17T14:14:18.6985950Z    Compiling rand_core v0.6.4
2026-09-17T14:14:18.9529803Z    Compiling unicode-ident v1.0.24
2026-09-17T14:14:19.0290859Z    Compiling quote v1.0.47
2026-09-17T14:14:20.4943655Z    Compiling version_check v0.9.5
2026-09-17T14:14:20.8410666Z    Compiling subtle v2.6.1
2026-09-17T14:14:20.9824058Z    Compiling generic-array v0.14.7
2026-09-17T14:14:21.4954830Z    Compiling typenum v1.20.1
2026-09-17T14:14:21.4955646Z    Compiling syn v2.0.119
2026-09-17T14:14:23.1252361Z    Compiling crypto-common v0.1.7
2026-09-17T14:14:23.2258233Z    Compiling radium v0.7.0
2026-09-17T14:14:23.4497078Z    Compiling tap v1.0.1
2026-09-17T14:14:23.5324688Z    Compiling wyz v0.5.1
2026-09-17T14:14:23.9574375Z    Compiling funty v2.0.0
2026-09-17T14:14:25.5891176Z    Compiling autocfg v1.5.1
2026-09-17T14:14:26.0246242Z    Compiling zerocopy v0.8.57
2026-09-17T14:14:26.4209437Z    Compiling bitvec v1.1.1
2026-09-17T14:14:27.4715924Z    Compiling zeroize_derive v1.5.0
2026-09-17T14:14:28.1211569Z    Compiling zeroize v1.9.0
2026-09-17T14:14:29.3325298Z    Compiling ff v0.13.1
2026-09-17T14:14:29.4603523Z    Compiling constant_time_eq v0.4.2
2026-09-17T14:14:29.6267321Z    Compiling arrayvec v0.7.8
2026-09-17T14:14:29.8603846Z    Compiling memuse v0.2.2
2026-09-17T14:14:30.0260644Z    Compiling crossbeam-utils v0.8.23
2026-09-17T14:14:30.3136422Z    Compiling blake2b_simd v1.0.5
2026-09-17T14:14:32.5749271Z    Compiling ppv-lite86 v0.2.21
2026-09-17T14:14:32.9417833Z    Compiling crossbeam-epoch v0.9.21
2026-09-17T14:14:33.1642310Z    Compiling rand_chacha v0.3.1
2026-09-17T14:14:34.0036787Z    Compiling group v0.13.0
2026-09-17T14:14:34.1818904Z    Compiling inout v0.1.4
2026-09-17T14:14:34.2897106Z    Compiling static_assertions v1.1.0
2026-09-17T14:14:34.3394963Z    Compiling crossbeam-deque v0.8.8
2026-09-17T14:14:34.4429934Z    Compiling spin v0.9.9
2026-09-17T14:14:34.5551325Z    Compiling cpufeatures v0.2.17
2026-09-17T14:14:34.5842285Z    Compiling lazy_static v1.5.0
2026-09-17T14:14:34.6042207Z    Compiling cipher v0.4.4
2026-09-17T14:14:34.8439218Z    Compiling rand v0.8.5
2026-09-17T14:14:35.1537263Z    Compiling rayon-core v1.13.0
2026-09-17T14:14:35.5002316Z    Compiling num-traits v0.2.19
2026-09-17T14:14:35.6602160Z    Compiling pasta_curves v0.5.2
2026-09-17T14:14:35.7495537Z    Compiling syn v3.0.5
2026-09-17T14:14:38.5090217Z    Compiling either v1.18.0
2026-09-17T14:14:41.0577889Z    Compiling indexmap v1.9.3
2026-09-17T14:14:41.2301274Z    Compiling serde_core v1.0.229
2026-09-17T14:14:41.4793085Z    Compiling once_cell v1.21.4
2026-09-17T14:14:41.7020303Z    Compiling crunchy v0.2.4
2026-09-17T14:14:41.9272994Z    Compiling tracing-core v0.1.36
2026-09-17T14:14:43.3724570Z    Compiling rayon v1.12.0
2026-09-17T14:14:47.1852484Z    Compiling tracing-attributes v0.1.31
2026-09-17T14:14:48.6018099Z    Compiling universal-hash v0.5.1
2026-09-17T14:14:48.6895017Z    Compiling block-buffer v0.10.4
2026-09-17T14:14:48.8015475Z    Compiling thiserror v2.0.20
2026-09-17T14:14:49.1021235Z    Compiling hashbrown v0.12.3
2026-09-17T14:14:49.7258113Z    Compiling pin-project-lite v0.2.17
2026-09-17T14:14:49.7889942Z    Compiling byteorder v1.5.0
2026-09-17T14:14:50.0287665Z    Compiling libm v0.2.16
2026-09-17T14:14:50.2770373Z    Compiling serde v1.0.229
2026-09-17T14:14:50.5414583Z    Compiling hex v0.4.3
2026-09-17T14:14:50.8228510Z    Compiling opaque-debug v0.3.1
2026-09-17T14:14:50.8636613Z    Compiling poly1305 v0.8.0
2026-09-17T14:14:51.7856533Z    Compiling tracing v0.1.44
2026-09-17T14:14:52.7674101Z    Compiling digest v0.10.7
2026-09-17T14:14:52.9855196Z    Compiling num-integer v0.1.47
2026-09-17T14:14:53.6527319Z    Compiling maybe-rayon v0.1.1
2026-09-17T14:14:56.4268084Z    Compiling serde_derive v1.0.229
2026-09-17T14:14:59.8677366Z    Compiling thiserror-impl v2.0.20
2026-09-17T14:15:01.2078183Z    Compiling chacha20 v0.9.1
2026-09-17T14:15:01.4105256Z    Compiling bls12_381 v0.8.0
2026-09-17T14:15:02.0663310Z    Compiling aead v0.5.2
2026-09-17T14:15:02.2000440Z    Compiling halo2_legacy_pdqsort v0.1.0
2026-09-17T14:15:02.3218404Z    Compiling halo2_proofs v0.3.5
2026-09-17T14:15:09.3412058Z    Compiling chacha20poly1305 v0.10.1
2026-09-17T14:15:09.4472612Z    Compiling jubjub v0.10.0
2026-09-17T14:15:14.7029802Z    Compiling uint v0.9.5
2026-09-17T14:15:14.8344184Z    Compiling num-bigint v0.4.8
2026-09-17T14:15:17.7578703Z    Compiling sinsemilla v0.1.0
2026-09-17T14:15:19.3031504Z    Compiling halo2_poseidon v0.1.0
2026-09-17T14:15:20.2586730Z    Compiling cbc v0.1.2
2026-09-17T14:15:20.3758729Z    Compiling zcash_spec v0.2.1
2026-09-17T14:15:20.4798478Z    Compiling base64ct v1.8.3
2026-09-17T14:15:20.7952740Z    Compiling bech32 v0.11.1
2026-09-17T14:15:21.1414203Z    Compiling password-hash v0.5.0
2026-09-17T14:15:21.3500547Z    Compiling zip32 v0.2.1
2026-09-17T14:15:21.9347653Z    Compiling fpe v0.6.1
2026-09-17T14:15:22.5296592Z    Compiling halo2_gadgets v0.5.0
2026-09-17T14:15:23.1849935Z    Compiling reddsa v0.5.2
2026-09-17T14:15:23.6431905Z    Compiling zcash_note_encryption v0.4.2
2026-09-17T14:15:23.8919655Z    Compiling blake2 v0.10.6
2026-09-17T14:15:24.5655936Z    Compiling incrementalmerkletree v0.8.1
2026-09-17T14:15:24.8005786Z    Compiling aes v0.8.4
2026-09-17T14:15:26.2509607Z    Compiling visibility v0.1.1
2026-09-17T14:15:26.5131523Z    Compiling getset v0.1.7
2026-09-17T14:15:27.0968701Z    Compiling nonempty v0.11.0
2026-09-17T14:15:27.2380105Z    Compiling corez v0.1.1
2026-09-17T14:15:27.2891489Z    Compiling orchard v0.15.5
2026-09-17T14:15:31.3520579Z    Compiling argon2 v0.5.3
2026-09-17T14:15:32.8451103Z    Compiling sha2 v0.10.9
2026-09-17T14:15:57.2496710Z    Compiling zevune-orchard-lab v0.1.0 (D:\a\Zevune\Zevune\integration\orchard)
2026-09-17T14:16:37.2916483Z     Finished `release` profile [optimized] target(s) in 2m 19s
2026-09-17T14:16:37.2991755Z      Running unittests src\lib.rs (target\release\deps\zevune_orchard_lab-a0dda5613daa790f.exe)
2026-09-17T14:16:37.3119611Z 
2026-09-17T14:16:37.3120295Z running 165 tests
2026-09-17T14:16:37.3419193Z test pool::active::incremental::tests::allocation_callback_failure_cannot_return_a_partial_physical_plan ... ok
2026-09-17T14:16:37.6016960Z test pool::active::incremental::tests::every_reused_byte_including_later_chunks_and_sealed_segments_is_compared ... ok
2026-09-17T14:16:37.6020122Z test pool::active::incremental::tests::explicit_fill_handles_different_short_reads_and_interrupted_offsets ... ok
2026-09-17T14:16:37.6757592Z test pool::active::incremental::tests::physical_genesis_eof_and_retained_segment_lengths_fail_closed ... ok
2026-09-17T14:16:37.8913087Z test pool::active::incremental::tests::physical_ranges_cover_empty_tail_growth_and_full_size_rotation ... ok
2026-09-17T14:16:37.9212189Z test pool::active::tests::another_process_cannot_open_held_genesis_lock ... ok
2026-09-17T14:16:37.9214698Z test pool::active::tests::budgets_include_framing_total_tail_and_the_independent_segment_cap ... ok
2026-09-17T14:16:37.9489686Z test pool::active::tests::captured_reader_requires_each_real_eof_and_poisoned_readers_cannot_resume ... ok
2026-09-17T14:16:37.9598408Z test pool::active::tests::create_is_exclusive_bounded_and_preserves_existing_bytes ... ok
2026-09-17T14:16:37.9857287Z test pool::active::tests::early_rotation_and_split_frames_are_rejected_even_with_valid_checksums ... ok
2026-09-17T14:16:38.1378148Z test pool::active::tests::failed_next_segment_publication_keeps_all_sealed_prefix_bytes_and_no_repair ... ok
2026-09-17T14:16:38.1972680Z test pool::active::tests::full_segment_and_next_frame_rotate_canonically_without_crossing ... ok
2026-09-17T14:16:38.2930854Z test pool::active::tests::interruption_leaves_metadata_unchanged_and_preserves_the_recoverable_prefix ... ok
2026-09-17T14:16:38.3034288Z test pool::active::tests::malformed_frame_and_capacity_rejection_create_no_files_or_bytes ... ok
2026-09-17T14:16:38.3183571Z test pool::active::tests::readers_retain_the_exclusive_root_lock_and_have_independent_positions ... ok
2026-09-17T14:16:38.3281450Z test pool::active::tests::unknown_entry_after_open_is_not_ignored_or_removed ... ok
2026-09-17T14:16:38.3907667Z test pool::active::tests::unknown_missing_empty_and_truncated_segments_fail_closed_without_repair ... ok
2026-09-17T14:16:38.4087444Z test pool::active::tests::windows_retained_handles_block_file_and_directory_rename_until_drop ... ok
2026-09-17T14:16:49.6457991Z test pool::active_flow_tests::active_profile_domain_rejections_preserve_bytes_reservations_and_legacy_contract ... ok
2026-09-17T14:16:49.7958023Z test pool::active_flow_tests::active_write_failures_poison_store_without_publishing_partial_state ... ok
2026-09-17T14:17:36.3726021Z test pool::active_flow_tests::legacy_normal_commits_stop_at_10000_without_mutating_state_or_journal ... ok
2026-09-17T14:18:26.3006746Z test pool::active_flow_tests::real_payments_rotate_default_segments_cross_10000_and_reopen_through_10002 ... ok
2026-09-17T14:18:26.3057687Z test pool::capacity_tests::capacity_accounting_matches_the_actual_record_encoder ... ok
2026-09-17T14:18:26.3235966Z test pool::capacity_tests::capacity_commit_rechecks_the_budget_and_preserves_the_source ... ok
2026-09-17T14:18:26.3543775Z test pool::capacity_tests::capacity_exact_empty_frame_commits_reopens_and_stops_cleanly ... ok
2026-09-17T14:18:41.7430538Z test pool::capacity_tests::capacity_genuine_payments_share_one_exact_budget_without_state_leaks ... ok
2026-09-17T14:18:41.7494452Z test pool::capacity_tests::capacity_invalid_instance_still_fails_closed ... ok
2026-09-17T14:18:41.7497194Z test pool::capacity_tests::capacity_invalid_lengths_counts_and_overflow_are_rejected ... ok
2026-09-17T14:18:41.7568379Z test pool::capacity_tests::capacity_prepare_rejects_before_unpersistable_empty_block ... ok
2026-09-17T14:18:41.7650643Z test pool::capacity_tests::capacity_rejects_before_attempting_any_candidate_authorization ... ok
2026-09-17T14:18:41.7715553Z test pool::capacity_tests::capacity_selection_requires_space_for_even_an_empty_record ... ok
2026-09-17T14:18:42.3816929Z test pool::recovery::active::incremental::tests::every_call_rechecks_both_open_archives_after_successful_planning ... ok
2026-09-17T14:18:42.7667796Z test pool::recovery::active::incremental::tests::final_full_digest_and_namespace_checks_reject_late_outside_modifications ... ok
2026-09-17T14:18:43.0001600Z test pool::recovery::active::incremental::tests::real_empty_commits_produce_exact_appended_bytes_and_immutable_checkpoints ... ok
2026-09-17T14:18:43.2356986Z test pool::recovery::active::incremental::tests::same_length_valid_replacement_after_open_cannot_reuse_an_old_success ... ok
2026-09-17T14:18:43.2993708Z test pool::recovery::active::incremental::tests::same_path_and_distinct_copy_empty_plans_keep_shared_locks_until_drop ... ok
2026-09-17T14:18:43.4352304Z test pool::recovery::active::incremental::tests::separately_verified_same_height_and_higher_forks_and_rollback_are_stale ... ok
2026-09-17T14:18:43.5183687Z test pool::recovery::active::incremental::tests::windows_planning_keeps_both_retained_names_protected_until_drop ... ok
2026-09-17T14:18:43.6004639Z test pool::recovery::active::incremental::tests::wrong_network_legacy_and_wrong_pin_are_rejected_without_changes ... ok
2026-09-17T14:18:43.6007213Z test pool::recovery::active::tests::checkpoint_codec_has_exact_length_distinct_magic_and_bounded_arithmetic ... ok
2026-09-17T14:18:43.6360602Z test pool::recovery::active::tests::checkpoint_export_preserves_prepared_work_and_never_certifies_uncommitted_bytes ... ok
2026-09-17T14:18:43.7049775Z test pool::recovery::active::tests::checkpoint_export_replays_same_length_replacement_and_never_publishes_its_state ... ok
2026-09-17T14:18:43.7395110Z test pool::recovery::active::tests::creating_a_target_is_exclusive_and_source_validation_precedes_creation ... ok
2026-09-17T14:18:43.7510747Z test pool::recovery::active::tests::exported_genesis_checkpoint_matches_independent_fixed_layout_vector ... ok
2026-09-17T14:18:43.8724552Z test pool::recovery::active::tests::final_source_and_target_namespace_changes_cannot_return_success ... ok
2026-09-17T14:18:44.0384392Z test pool::recovery::active::tests::genesis_and_committed_archive_copies_preserve_every_file_and_continue_normally ... ok
2026-09-17T14:18:44.0698330Z test pool::recovery::active::tests::incompatible_checkpoint_profiles_reject_without_poisoning_healthy_stores ... ok
2026-09-17T14:18:52.3489248Z test pool::recovery::active::tests::namespace_tests::active_archive_locks_coordinate_real_processes ... ok
2026-09-17T14:18:52.3797034Z test pool::recovery::active::tests::namespace_tests::failed_open_releases_all_acquired_file_and_directory_handles ... ok
2026-09-17T14:18:52.4470398Z test pool::recovery::active::tests::namespace_tests::readonly_source_files_copy_into_a_normally_writable_active_directory ... ok
2026-09-17T14:18:52.4722925Z test pool::recovery::active::tests::namespace_tests::unknown_entry_after_open_prevents_verification_and_creates_no_target ... ok
2026-09-17T14:18:52.5077306Z test pool::recovery::active::tests::namespace_tests::windows_files_and_directory_cannot_be_renamed_or_deleted_until_last_reader_drops ... ok
2026-09-17T14:18:52.6217023Z test pool::recovery::active::tests::partial_copies_and_lost_acknowledgements_preserve_targets_without_retry_or_repair ... ok
2026-09-17T14:18:52.6718592Z test pool::recovery::active::tests::repinned_headers_are_bounded_inside_the_physical_genesis_file ... ok
2026-09-17T14:18:52.7459528Z test pool::recovery::active::tests::repinned_layout_still_requires_complete_frames_canonical_rotation_and_real_state ... ok
2026-09-17T14:18:52.7636894Z test pool::recovery::active::tests::retained_replay_binds_the_independently_expected_genesis_after_a_same_length_change ... ok
2026-09-17T14:18:52.9808544Z test pool::recovery::segments::index::tests::all_records_locate_correctly_across_real_production_segment_boundaries ... ok
2026-09-17T14:18:53.0166748Z test pool::recovery::segments::index::tests::both_profiles_have_exact_height_locations_and_unchanged_source ... ok
2026-09-17T14:18:53.0454381Z test pool::recovery::segments::index::tests::changed_captured_length_and_wrong_pinned_tip_are_rejected ... ok
2026-09-17T14:18:53.0456731Z test pool::recovery::segments::index::tests::exact_segment_end_is_not_attributed_to_a_nonexistent_next_segment ... ok
2026-09-17T14:18:53.0600963Z test pool::recovery::segments::index::tests::genesis_only_has_no_phantom_record ... ok
2026-09-17T14:19:00.8731958Z test pool::recovery::segments::index::tests::genuine_nonzero_payment_index_cannot_bypass_authorization_or_double_spend ... ok
2026-09-17T14:19:00.8750182Z test pool::recovery::segments::index::tests::index_builder_rejects_gaps_overlaps_wrong_heights_hashes_and_bombs ... ok
2026-09-17T14:19:00.9387478Z test pool::recovery::segments::index::tests::metadata_or_late_replay_failure_never_yields_a_prefix_index ... ok
2026-09-17T14:19:00.9390319Z test pool::recovery::segments::reader_tests::exact_payload_requires_last_segment_eof_check_before_success ... ok
2026-09-17T14:19:00.9393711Z test pool::recovery::segments::reader_tests::hard_io_failure_at_each_boundary_permanently_invalidates_reader ... ok
2026-09-17T14:19:00.9395672Z test pool::recovery::segments::reader_tests::inconsistent_private_reader_metadata_returns_error_instead_of_panicking ... ok
2026-09-17T14:19:00.9398285Z test pool::recovery::segments::reader_tests::interrupted_short_reads_and_segment_end_checks_do_not_poison_reader ... ok
2026-09-17T14:19:00.9401036Z test pool::recovery::segments::reader_tests::truncated_or_extended_segment_cannot_be_skipped_by_retry ... ok
2026-09-17T14:19:01.3364994Z test pool::recovery::segments::tests::actual_multisegment_replay_crosses_record_boundary_and_restores_exact_bytes ... ok
2026-09-17T14:19:01.3387393Z test pool::recovery::segments::tests::empty_read_does_not_advance_and_segment_eof_is_not_journal_eof ... ok
2026-09-17T14:19:01.3621601Z test pool::recovery::segments::tests::every_publication_failure_preserves_source_and_cannot_be_retried_in_place ... ok
2026-09-17T14:19:01.3624778Z test pool::recovery::segments::tests::manifest_is_exact_bounded_and_contains_no_supplied_paths ... ok
2026-09-17T14:19:01.3850736Z test pool::recovery::segments::tests::missing_extra_swapped_truncated_or_changed_segments_are_rejected ... ok
2026-09-17T14:19:01.4065201Z test pool::recovery::segments::tests::namespace_tests::extra_file_after_open_is_rejected_without_removal_or_output ... ok
2026-09-17T14:19:01.4236009Z test pool::recovery::segments::tests::namespace_tests::failed_open_releases_directory_guard_and_all_acquired_file_locks ... ok
2026-09-17T14:19:01.4620807Z test pool::recovery::segments::tests::namespace_tests::unchanged_archives_retain_multiple_readers_and_release_handles_on_drop ... ok
2026-09-17T14:19:01.4895197Z test pool::recovery::segments::tests::namespace_tests::windows_newly_packed_handles_preserve_names_without_reopening ... ok
2026-09-17T14:19:01.5124130Z test pool::recovery::segments::tests::namespace_tests::windows_open_archive_rejects_entry_and_directory_rename_until_drop ... ok
2026-09-17T14:19:01.5350918Z test pool::recovery::segments::tests::pack_and_restore_are_create_only_and_archive_readers_keep_real_locks ... ok
2026-09-17T14:19:01.5635886Z test pool::recovery::segments::tests::partial_restore_and_lost_ack_leave_explicitly_verifiable_targets ... ok
2026-09-17T14:19:09.5516626Z test pool::recovery::segments::tests::payment_boundary_tests::real_zero_value_authorization_crosses_segment_boundary_and_rehashed_corruption_cannot_restore ... ok
2026-09-17T14:19:21.0522057Z test pool::recovery::segments::tests::real_payment_restore_continues_but_rehashed_bad_signature_is_still_rejected ... ok
2026-09-17T14:19:21.0599974Z test pool::recovery::tests::recovery_checkpoint_codec_bounds_and_every_truncation ... ok
2026-09-17T14:19:21.0824912Z test pool::recovery::tests::recovery_full_copy_matches_and_original_keeps_prepared_block ... ok
2026-09-17T14:19:21.0912371Z test pool::recovery::tests::recovery_invalid_store_does_not_export_a_checkpoint ... ok
2026-09-17T14:19:21.1715425Z test pool::recovery::tests::recovery_legacy_funded_header_is_preserved_not_relabelled_as_lab2 ... ok
2026-09-17T14:19:21.2078170Z test pool::recovery::tests::recovery_partial_write_and_lost_ack_never_replace_or_repair_source ... ok
2026-09-17T14:19:32.5544592Z test pool::recovery::tests::recovery_real_lab2_payment_replay_and_rechecksums_cannot_bypass_authorization ... ok
2026-09-17T14:19:32.5631505Z test pool::recovery::tests::recovery_refuses_overwrite_live_writers_links_and_unknown_paths ... ok
2026-09-17T14:19:32.5713922Z test pool::recovery::tests::recovery_untrusted_header_sizes_are_bounded_even_with_a_matching_file_hash ... ok
2026-09-17T14:19:32.5825633Z test pool::recovery::tests::recovery_wrong_state_domain_length_or_bytes_pin_rejected ... ok
2026-09-17T14:19:32.6081416Z test pool::recovery::tests::replay_integration_tests::a_shorter_valid_archive_needs_its_own_pin_not_the_later_checkpoint ... ok
2026-09-17T14:19:32.7726517Z test pool::recovery::tests::replay_integration_tests::checkpoint_export_and_archive_copy_discard_history_but_keep_the_exact_tip ... ok
2026-09-17T14:19:32.8203455Z test pool::recovery::tests::replay_integration_tests::checkpoint_export_rejects_a_valid_same_length_alternate_history ... ok
2026-09-17T14:19:32.8800778Z test pool::recovery::tests::replay_integration_tests::every_recovery_entry_uses_isolated_replay_without_per_block_state_copies ... ok
2026-09-17T14:19:32.8982602Z test pool::recovery::tests::replay_integration_tests::injected_replay_failure_keeps_lock_and_blocks_prepared_commit_without_repair ... ok
2026-09-17T14:19:32.9277153Z test pool::recovery::tests::replay_integration_tests::normal_append_handles_preserve_history_even_after_read_cursor_rewinds ... ok
2026-09-17T14:19:32.9501529Z test pool::recovery::tests::replay_integration_tests::wrong_final_result_with_new_checksums_never_returns_a_verified_archive ... ok
2026-09-17T14:19:32.9504660Z test pool::replay::tests::a_complete_shorter_prefix_still_requires_an_independent_checkpoint ... ok
2026-09-17T14:19:32.9509227Z test pool::replay::tests::checksum_mutations_and_structural_corruption_do_not_replay ... ok
2026-09-17T14:19:32.9511886Z test pool::replay::tests::declared_size_and_record_count_are_bounded_before_body_allocation ... ok
2026-09-17T14:19:32.9520159Z test pool::replay::tests::every_truncated_frame_and_appended_byte_is_rejected ... ok
2026-09-17T14:19:32.9522870Z test pool::replay::tests::finish_requires_verified_eof_and_errors_permanently_poison_replay ... ok
2026-09-17T14:19:32.9526026Z test pool::replay::tests::fragmented_reads_and_interrupted_eof_are_retried_without_skipping ... ok
2026-09-17T14:19:32.9529167Z test pool::replay::tests::input_failure_is_never_converted_to_a_successful_empty_history ... ok
2026-09-17T14:19:32.9535076Z test pool::replay::tests::io_fault_at_every_record_byte_including_final_eof_drops_the_reconstruction ... ok
2026-09-17T14:19:32.9766674Z test pool::replay::tests::maximum_record_window_is_replayed_without_copying_the_full_state_per_block ... ok
2026-09-17T14:19:44.4004736Z test pool::replay::tests::real_bound_payments_replay_and_partly_valid_blocks_are_discarded ... ok
2026-09-17T14:19:44.4023654Z test pool::replay::tests::reusable_buffer_does_not_decode_stale_tail_bytes_after_a_shorter_record ... ok
2026-09-17T14:19:44.4026273Z test pool::replay::tests::shared_eof_does_not_swallow_read_errors_or_trailing_data ... ok
2026-09-17T14:19:44.4028757Z test pool::replay::tests::shared_header_and_eof_retry_interrupted_and_short_reads ... ok
2026-09-17T14:19:44.4031473Z test pool::replay::tests::shared_header_preserves_both_profiles_and_leaves_records_unread ... ok
2026-09-17T14:19:44.4033813Z test pool::replay::tests::shared_header_rejects_bounds_before_reading_commitment_payload ... ok
2026-09-17T14:19:44.4036439Z test pool::replay::tests::shared_header_rejects_unknown_network_domain_and_truncation ... ok
2026-09-17T14:19:44.4055940Z test pool::replay::tests::startup_and_wallet_history_share_replay_and_preserve_journal_bytes ... ok
2026-09-17T14:19:44.5489654Z test pool::root_cache_tests::cached_root_matches_uncached_summary_for_initialization_clones_and_empty_blocks ... ok
2026-09-17T14:20:00.1578586Z test pool::selection::tests::genuine_selection_matches_prefix_reference_and_never_persists ... ok
2026-09-17T14:20:12.0788118Z test pool::selection::tests::same_block_output_cannot_become_a_selection_anchor ... ok
2026-09-17T14:20:12.0857924Z test pool::selection::tests::selector_bounds_and_unavailable_store_fail_closed ... ok
2026-09-17T14:20:12.1238426Z test pool::testnet::tests::different_manifests_bind_different_initial_states ... ok
2026-09-17T14:20:12.1652061Z test pool::testnet::tests::fixed_supply_and_canonical_openings ... ok
2026-09-17T14:20:24.4479869Z test pool::tests::actual_two_hop_pool_commit_replay_and_corruption ... ok
2026-09-17T14:20:24.5090596Z test pool::tests::empty_pool_lock_restart_and_no_overwrite ... ok
2026-09-17T14:20:24.5184884Z test pool::tests::lost_sync_acknowledgement_remains_uncertain_until_replay ... ok
2026-09-17T14:20:24.5408941Z test pool::tests::partial_write_poison_does_not_advance_memory_or_repair_disk ... ok
2026-09-17T14:20:24.5425281Z test pool::tests::record_decoder_rejects_truncation_trailing_and_length_bombs ... ok
2026-09-17T14:20:24.5733442Z test pool::tests::tampered_prepared_result_and_resource_limits ... ok
2026-09-17T14:20:44.2374624Z test pool::wallet_flow_tests::durable_wallet_outbox_resumes_exact_real_payment_after_lost_acknowledgement ... ok
2026-09-17T14:20:44.2589668Z test pool::wallet_flow_tests::wallet_history_replay_keeps_append_cursor_and_rejects_disk_drift ... ok
2026-09-17T14:21:11.1612379Z test pool::wallet_flow_tests::wallet_nonzero_multinote_payment_change_expiry_backup_and_rescan ... ok
2026-09-17T14:21:11.7810778Z test pool::wallet_flow_tests::wallet_rejects_changed_checkpoint_ancestry_without_mutation ... ok
2026-09-17T14:21:11.7813401Z test signing_domain_vectors::every_context_component_changes_the_bound_signature_message ... ok
2026-09-17T14:21:11.7815949Z test signing_domain_vectors::legacy_and_bound_transcripts_match_independent_sha256_vectors ... ok
2026-09-17T14:21:12.3292177Z test wallet::tests::shared_witnesses_match_upstream_frontier_for_odd_and_even_trees ... ok
2026-09-17T14:21:12.4357655Z test wallet::vault::independent_kdf_vector::argon2id_matches_independent_argon2_cffi_reference ... ok
2026-09-17T14:21:13.4622542Z test wallet::vault::store::compact_tests::compacted_checkpoint_is_authenticated_but_requires_rescan_and_new_receipt ... ok
2026-09-17T14:21:14.1684457Z test wallet::vault::store::compact_tests::compaction_requires_exact_current_pin_and_never_overwrites_targets ... ok
2026-09-17T14:21:14.2953378Z test wallet::vault::store::compact_tests::corrupt_or_poisoned_source_cannot_be_compacted_into_a_fresh_looking_copy ... ok
2026-09-17T14:21:56.6002331Z test wallet::vault::store::compact_tests::full_journal_compacts_exact_real_outbox_and_continues_after_confirmation ... ok
2026-09-17T14:21:57.4376424Z test wallet::vault::store::compact_tests::partial_and_lost_ack_compaction_preserve_source_and_do_not_repair_targets ... ok
2026-09-17T14:21:58.2859047Z test wallet::vault::store::tests::authenticated_predecessor_rejects_rewritten_hash_chain_and_other_journal ... ok
2026-09-17T14:21:58.5213234Z test wallet::vault::store::tests::bounds_padding_and_live_disk_drift_fail_closed ... ok
2026-09-17T14:21:58.7093689Z test wallet::vault::store::tests::capacity_inspection_is_read_only_and_does_not_claim_synced_balance ... ok
2026-09-17T14:21:59.4812979Z test wallet::vault::store::tests::create_sync_backup_reopen_and_exact_source_protection ... ok
2026-09-17T14:22:40.8137362Z test wallet::vault::store::tests::full_real_journal_reopens_and_recovers_identical_outbox_without_capacity_bypass ... ok
2026-09-17T14:22:41.4714282Z test wallet::vault::store::tests::legacy_snapshot_import_preserves_missing_outbox_reservation ... ok
2026-09-17T14:22:41.4716256Z test wallet::vault::store::tests::lock_child ... ok
2026-09-17T14:22:41.6089989Z test wallet::vault::store::tests::lock_is_enforced_across_processes ... ok
2026-09-17T14:22:42.0094338Z test wallet::vault::store::tests::lost_acknowledgement_is_uncertain_and_reopen_reconciles_complete_record ... ok
2026-09-17T14:22:42.0109345Z test wallet::vault::store::tests::missing_and_nonregular_files_are_not_created_or_repaired ... ok
2026-09-17T14:22:42.3301070Z test wallet::vault::store::tests::partial_write_poison_preserves_failure_and_never_truncates_on_reopen ... ok
2026-09-17T14:22:42.4664349Z test wallet::vault::store::tests::truncated_and_oversized_files_never_invoke_unbounded_reads ... ok
2026-09-17T14:22:43.0276205Z test wallet::vault::store::tests::valid_prefix_needs_independent_receipt_for_rollback_detection ... ok
2026-09-17T14:22:43.9047588Z test wallet::vault::tests::encrypted_roundtrip_randomization_and_wrong_password ... ok
2026-09-17T14:22:43.9137782Z test wallet::vault::tests::rejects_lengths_versions_and_kdf_bombs_before_derivation ... ok
2026-09-17T14:22:43.9237780Z test wallet::vault::tests::snapshot_rejects_noncanonical_flags_padding_and_duplicate_reservations ... ok
2026-09-17T14:22:43.9248226Z test wire::cache::tests::concurrent_success_memoization_preserves_exact_entries_and_bounds ... ok
2026-09-17T14:22:43.9250718Z test wire::cache::tests::exact_bytes_required_even_for_a_forced_digest_collision ... ok
2026-09-17T14:22:43.9253530Z test wire::cache::tests::fifo_capacity_and_duplicate_insert_are_bounded ... ok
2026-09-17T14:22:43.9256111Z test wire::cache::tests::invalid_sizes_cannot_fill_the_cache ... ok
2026-09-17T14:22:51.7296929Z test wire::fixed_key_tests::concurrent_verifiers_share_only_the_fixed_key_and_keep_real_authorization_cold ... ok
2026-09-17T14:22:51.7299144Z test worker::tests::bounded_frame_rejections ... ok
2026-09-17T14:22:51.7301575Z test worker::tests::fingerprint_matches_go_vector ... ok
2026-09-17T14:22:51.7303951Z test worker::tests::frame_roundtrip ... ok
2026-09-17T14:22:51.7304539Z 
2026-09-17T14:22:51.7305008Z test result: ok. 165 passed; 0 failed; 0 ignored; 0 measured; 0 filtered out; finished in 374.41s
2026-09-17T14:22:51.7305522Z 
2026-09-17T14:22:51.7409585Z FUNDED_COHORT_COMPLETE library
2026-09-17T14:22:51.7839344Z ##[group]Run git diff --exit-code
2026-09-17T14:22:51.7839868Z [36;1mgit diff --exit-code[0m
2026-09-17T14:22:51.7855713Z shell: C:\Program Files\Git\bin\bash.EXE --noprofile --norc -e -o pipefail {0}
2026-09-17T14:22:51.7856207Z env:
2026-09-17T14:22:51.7856453Z   RAYON_NUM_THREADS: 2
2026-09-17T14:22:51.7856950Z   CARGO_BUILD_JOBS: 2
2026-09-17T14:22:51.7857233Z ##[endgroup]
2026-09-17T14:22:51.9990335Z Post job cleanup.
2026-09-17T14:22:52.2044169Z [command]"C:\Program Files\Git\bin\git.exe" version
2026-09-17T14:22:52.2446548Z git version 2.55.0.windows.5
2026-09-17T14:22:52.2535088Z Temporarily overriding HOME='D:\a\_temp\881e4b0c-4e77-4217-99e6-4ef68643155d' before making global git config changes
2026-09-17T14:22:52.2536467Z Adding repository directory to the temporary git global config as a safe directory
2026-09-17T14:22:52.2550814Z [command]"C:\Program Files\Git\bin\git.exe" config --global --add safe.directory D:\a\Zevune\Zevune
2026-09-17T14:22:52.2910391Z [command]"C:\Program Files\Git\bin\git.exe" config --local --name-only --get-regexp core\.sshCommand
2026-09-17T14:22:52.3237927Z [command]"C:\Program Files\Git\bin\git.exe" submodule foreach --recursive "sh -c \"git config --local --name-only --get-regexp 'core\.sshCommand' && git config --local --unset-all 'core.sshCommand' || :\""
2026-09-17T14:22:52.9370381Z [command]"C:\Program Files\Git\bin\git.exe" config --local --name-only --get-regexp http\.https\:\/\/github\.com\/\.extraheader
2026-09-17T14:22:52.9701812Z [command]"C:\Program Files\Git\bin\git.exe" submodule foreach --recursive "sh -c \"git config --local --name-only --get-regexp 'http\.https\:\/\/github\.com\/\.extraheader' && git config --local --unset-all 'http.https://github.com/.extraheader' || :\""
2026-09-17T14:22:53.6292490Z Cleaning up orphan processes
2026-09-17T14:22:53.7323442Z Terminate orphan process: pid (836) (vctip)
