2026-09-17T14:13:26.1747393Z Current runner version: '2.337.0'
2026-09-17T14:13:26.1775307Z ##[group]Runner Image Provisioner
2026-09-17T14:13:26.1776254Z Hosted Compute Agent
2026-09-17T14:13:26.1776960Z Version: 20260828.587
2026-09-17T14:13:26.1777724Z Commit: abac92662cab4cc7352de4f9f9d2e2419aad9c29
2026-09-17T14:13:26.1778475Z Build Date: 2026-08-28T16:44:25Z
2026-09-17T14:13:26.1779154Z Worker ID: {bfd29cb4-b1c3-4d0d-bb65-60e01aab6379}
2026-09-17T14:13:26.1779856Z Azure Region: centralus
2026-09-17T14:13:26.1780439Z ##[endgroup]
2026-09-17T14:13:26.1782162Z ##[group]Operating System
2026-09-17T14:13:26.1782886Z Microsoft Windows Server 2025
2026-09-17T14:13:26.1783484Z 10.0.26100
2026-09-17T14:13:26.1783976Z Datacenter
2026-09-17T14:13:26.1784510Z ##[endgroup]
2026-09-17T14:13:26.1785028Z ##[group]Runner Image
2026-09-17T14:13:26.1785644Z Image: windows-2025-vs2026
2026-09-17T14:13:26.1786249Z Version: 20260907.229.1
2026-09-17T14:13:26.1788173Z Included Software: https://github.com/actions/runner-images/blob/win25-vs2026/20260907.229/images/windows/Windows2025-VS2026-Readme.md
2026-09-17T14:13:26.1790084Z Image Release: https://github.com/actions/runner-images/releases/tag/win25-vs2026%2F20260907.229
2026-09-17T14:13:26.1791209Z ##[endgroup]
2026-09-17T14:13:26.1793059Z ##[group]GITHUB_TOKEN Permissions
2026-09-17T14:13:26.1796133Z Contents: read
2026-09-17T14:13:26.1797320Z Metadata: read
2026-09-17T14:13:26.1798091Z ##[endgroup]
2026-09-17T14:13:26.1801377Z Secret source: Actions
2026-09-17T14:13:26.1802578Z Cache mode: write
2026-09-17T14:13:26.1803550Z Prepare workflow directory
2026-09-17T14:13:26.2296031Z Prepare all required actions
2026-09-17T14:13:26.2358595Z Getting action download info
2026-09-17T14:13:26.4670131Z Download action repository 'actions/checkout@08c6903cd8c0fde910a37f88322edcfb5dd907a8' (SHA:08c6903cd8c0fde910a37f88322edcfb5dd907a8)
2026-09-17T14:13:26.7093662Z Download action repository 'actions/setup-go@44694675825211faa026b3c33043df3e48a5fa00' (SHA:44694675825211faa026b3c33043df3e48a5fa00)
2026-09-17T14:13:27.2742749Z Complete job name: funded (windows-latest)
2026-09-17T14:13:27.4033084Z ##[group]Run actions/checkout@08c6903cd8c0fde910a37f88322edcfb5dd907a8
2026-09-17T14:13:27.4034633Z with:
2026-09-17T14:13:27.4035046Z   persist-credentials: false
2026-09-17T14:13:27.4035517Z   repository: youq616/Zevune
2026-09-17T14:13:27.4041009Z   token: ***
2026-09-17T14:13:27.4041419Z   ssh-strict: true
2026-09-17T14:13:27.4041823Z   ssh-user: git
2026-09-17T14:13:27.4042226Z   clean: true
2026-09-17T14:13:27.4042620Z   sparse-checkout-cone-mode: true
2026-09-17T14:13:27.4043086Z   fetch-depth: 1
2026-09-17T14:13:27.4043461Z   fetch-tags: false
2026-09-17T14:13:27.4043852Z   show-progress: true
2026-09-17T14:13:27.4044239Z   lfs: false
2026-09-17T14:13:27.4044599Z   submodules: false
2026-09-17T14:13:27.4044979Z   set-safe-directory: true
2026-09-17T14:13:27.4045772Z env:
2026-09-17T14:13:27.4046130Z   RAYON_NUM_THREADS: 2
2026-09-17T14:13:27.4046545Z   CARGO_BUILD_JOBS: 2
2026-09-17T14:13:27.4046980Z ##[endgroup]
2026-09-17T14:13:27.5621977Z Syncing repository: youq616/Zevune
2026-09-17T14:13:27.5623858Z ##[group]Getting Git version info
2026-09-17T14:13:27.5624576Z Working directory is 'D:\a\Zevune\Zevune'
2026-09-17T14:13:27.6695944Z [command]"C:\Program Files\Git\bin\git.exe" version
2026-09-17T14:13:28.0749242Z git version 2.55.0.windows.5
2026-09-17T14:13:28.0828570Z ##[endgroup]
2026-09-17T14:13:28.0856879Z Temporarily overriding HOME='D:\a\_temp\538050b5-b079-48eb-bfa0-d144f6fefc56' before making global git config changes
2026-09-17T14:13:28.0858454Z Adding repository directory to the temporary git global config as a safe directory
2026-09-17T14:13:28.0868926Z [command]"C:\Program Files\Git\bin\git.exe" config --global --add safe.directory D:\a\Zevune\Zevune
2026-09-17T14:13:28.1553776Z Deleting the contents of 'D:\a\Zevune\Zevune'
2026-09-17T14:13:28.1562285Z ##[group]Initializing the repository
2026-09-17T14:13:28.1571133Z [command]"C:\Program Files\Git\bin\git.exe" init D:\a\Zevune\Zevune
2026-09-17T14:13:28.2418492Z Initialized empty Git repository in D:/a/Zevune/Zevune/.git/
2026-09-17T14:13:28.2484991Z [command]"C:\Program Files\Git\bin\git.exe" remote add origin https://github.com/youq616/Zevune
2026-09-17T14:13:28.3121005Z ##[endgroup]
2026-09-17T14:13:28.3122595Z ##[group]Disabling automatic garbage collection
2026-09-17T14:13:28.3133784Z [command]"C:\Program Files\Git\bin\git.exe" config --local gc.auto 0
2026-09-17T14:13:28.3476676Z ##[endgroup]
2026-09-17T14:13:28.3477769Z ##[group]Setting up auth
2026-09-17T14:13:28.3490901Z [command]"C:\Program Files\Git\bin\git.exe" config --local --name-only --get-regexp core\.sshCommand
2026-09-17T14:13:28.3822682Z [command]"C:\Program Files\Git\bin\git.exe" submodule foreach --recursive "sh -c \"git config --local --name-only --get-regexp 'core\.sshCommand' && git config --local --unset-all 'core.sshCommand' || :\""
2026-09-17T14:13:30.6521291Z [command]"C:\Program Files\Git\bin\git.exe" config --local --name-only --get-regexp http\.https\:\/\/github\.com\/\.extraheader
2026-09-17T14:13:30.6875214Z [command]"C:\Program Files\Git\bin\git.exe" submodule foreach --recursive "sh -c \"git config --local --name-only --get-regexp 'http\.https\:\/\/github\.com\/\.extraheader' && git config --local --unset-all 'http.https://github.com/.extraheader' || :\""
2026-09-17T14:13:31.5872182Z [command]"C:\Program Files\Git\bin\git.exe" config --local http.https://github.com/.extraheader "AUTHORIZATION: basic ***"
2026-09-17T14:13:31.6236578Z ##[endgroup]
2026-09-17T14:13:31.6237823Z ##[group]Fetching the repository
2026-09-17T14:13:31.6251025Z [command]"C:\Program Files\Git\bin\git.exe" -c protocol.version=2 fetch --no-tags --prune --no-recurse-submodules --depth=1 origin +2d208360ab665fbe82b57d205cf07e789f06164b:refs/remotes/pull/15/merge
2026-09-17T14:13:34.0764133Z From https://github.com/youq616/Zevune
2026-09-17T14:13:34.0765209Z  * [new ref]         2d208360ab665fbe82b57d205cf07e789f06164b -> pull/15/merge
2026-09-17T14:13:34.0820268Z ##[endgroup]
2026-09-17T14:13:34.0824019Z ##[group]Determining the checkout info
2026-09-17T14:13:34.0825418Z ##[endgroup]
2026-09-17T14:13:34.0833700Z [command]"C:\Program Files\Git\bin\git.exe" sparse-checkout disable
2026-09-17T14:13:34.1342958Z [command]"C:\Program Files\Git\bin\git.exe" config --local --unset-all extensions.worktreeConfig
2026-09-17T14:13:34.1675463Z ##[group]Checking out the ref
2026-09-17T14:13:34.1687110Z [command]"C:\Program Files\Git\bin\git.exe" checkout --progress --force refs/remotes/pull/15/merge
2026-09-17T14:13:34.4490020Z Note: switching to 'refs/remotes/pull/15/merge'.
2026-09-17T14:13:34.4490638Z 
2026-09-17T14:13:34.4491613Z You are in 'detached HEAD' state. You can look around, make experimental
2026-09-17T14:13:34.4492743Z changes and commit them, and you can discard any commits you make in this
2026-09-17T14:13:34.4493420Z state without impacting any branches by switching back to a branch.
2026-09-17T14:13:34.4493899Z 
2026-09-17T14:13:34.4494262Z If you want to create a new branch to retain commits you create, you may
2026-09-17T14:13:34.4494852Z do so (now or later) by using -c with the switch command. Example:
2026-09-17T14:13:34.4495139Z 
2026-09-17T14:13:34.4495533Z   git switch -c <new-branch-name>
2026-09-17T14:13:34.4495818Z 
2026-09-17T14:13:34.4496007Z Or undo this operation with:
2026-09-17T14:13:34.4496234Z 
2026-09-17T14:13:34.4496333Z   git switch -
2026-09-17T14:13:34.4496559Z 
2026-09-17T14:13:34.4496806Z Turn off this advice by setting config variable advice.detachedHead to false
2026-09-17T14:13:34.4497173Z 
2026-09-17T14:13:34.4497623Z HEAD is now at 2d20836 Merge 2020c7314a996769b33706754405c0976ce7c50a into 0927af157a3cc35abde14b036bc50a99a793a32b
2026-09-17T14:13:34.4655771Z ##[endgroup]
2026-09-17T14:13:34.5072661Z [command]"C:\Program Files\Git\bin\git.exe" log -1 --format=%H
2026-09-17T14:13:34.6052979Z 2d208360ab665fbe82b57d205cf07e789f06164b
2026-09-17T14:13:34.6115089Z ##[group]Removing auth
2026-09-17T14:13:34.6124059Z [command]"C:\Program Files\Git\bin\git.exe" config --local --name-only --get-regexp core\.sshCommand
2026-09-17T14:13:34.6469972Z [command]"C:\Program Files\Git\bin\git.exe" submodule foreach --recursive "sh -c \"git config --local --name-only --get-regexp 'core\.sshCommand' && git config --local --unset-all 'core.sshCommand' || :\""
2026-09-17T14:13:35.3085055Z [command]"C:\Program Files\Git\bin\git.exe" config --local --name-only --get-regexp http\.https\:\/\/github\.com\/\.extraheader
2026-09-17T14:13:35.3363525Z http.https://github.com/.extraheader
2026-09-17T14:13:35.3419681Z [command]"C:\Program Files\Git\bin\git.exe" config --local --unset-all http.https://github.com/.extraheader
2026-09-17T14:13:35.3796669Z [command]"C:\Program Files\Git\bin\git.exe" submodule foreach --recursive "sh -c \"git config --local --name-only --get-regexp 'http\.https\:\/\/github\.com\/\.extraheader' && git config --local --unset-all 'http.https://github.com/.extraheader' || :\""
2026-09-17T14:13:35.9898956Z ##[endgroup]
2026-09-17T14:13:36.0413134Z Node 20 is being deprecated. This workflow is running with Node 24 by default. If you need to temporarily use Node 20, you can set the ACTIONS_ALLOW_USE_UNSECURE_NODE_VERSION=true environment variable. For more information see: https://github.blog/changelog/2025-09-19-deprecation-of-node-20-on-github-actions-runners/
2026-09-17T14:13:36.0415487Z ##[group]Run actions/setup-go@44694675825211faa026b3c33043df3e48a5fa00
2026-09-17T14:13:36.0415996Z with:
2026-09-17T14:13:36.0416318Z   go-version: 1.27.1
2026-09-17T14:13:36.0416668Z   cache-dependency-path: integration/cometbft/go.sum
2026-09-17T14:13:36.0417111Z   check-latest: false
2026-09-17T14:13:36.0419568Z   token: ***
2026-09-17T14:13:36.0419868Z   cache: true
2026-09-17T14:13:36.0420200Z env:
2026-09-17T14:13:36.0420465Z   RAYON_NUM_THREADS: 2
2026-09-17T14:13:36.0420794Z   CARGO_BUILD_JOBS: 2
2026-09-17T14:13:36.0421090Z ##[endgroup]
2026-09-17T14:13:36.2251434Z Setup go version spec 1.27.1
2026-09-17T14:13:36.2265618Z Attempting to download 1.27.1...
2026-09-17T14:13:36.2464255Z (node:8200) [DEP0040] DeprecationWarning: The `punycode` module is deprecated. Please use a userland alternative instead.
2026-09-17T14:13:36.2465451Z (Use `node --trace-deprecation ...` to show where the warning was created)
2026-09-17T14:13:36.9702543Z matching 1.27.1...
2026-09-17T14:13:36.9728661Z Acquiring 1.27.1 from https://github.com/actions/go-versions/releases/download/1.27.1-33583469715/go-1.27.1-win32-x64.zip
2026-09-17T14:13:37.9293237Z Extracting Go...
2026-09-17T14:13:38.0376935Z [command]"C:\Program Files\PowerShell\7\pwsh.exe" -NoLogo -NoProfile -NonInteractive -ExecutionPolicy Unrestricted -Command "$ErrorActionPreference = 'Stop' ; try { Add-Type -AssemblyName System.IO.Compression.ZipFile } catch { } ; try { [System.IO.Compression.ZipFile]::ExtractToDirectory('D:\a\_temp\go-1.27.1-win32-x64.zip', 'D:\a\_temp\243a0435-f522-43e5-953c-ee02797e225e', $true) } catch { if (($_.Exception.GetType().FullName -eq 'System.Management.Automation.MethodException') -or ($_.Exception.GetType().FullName -eq 'System.Management.Automation.RuntimeException') ){ Expand-Archive -LiteralPath 'D:\a\_temp\go-1.27.1-win32-x64.zip' -DestinationPath 'D:\a\_temp\243a0435-f522-43e5-953c-ee02797e225e' -Force } else { throw $_ } } ;"
2026-09-17T14:13:43.0338421Z Successfully extracted go to D:\a\_temp\243a0435-f522-43e5-953c-ee02797e225e
2026-09-17T14:13:43.0339012Z Adding to the cache ...
2026-09-17T14:13:57.8850251Z Created link C:\hostedtoolcache\windows\go\1.27.1\x64 => D:\hostedtoolcache\windows\go\1.27.1\x64
2026-09-17T14:13:57.8854378Z Created link C:\hostedtoolcache\windows\go\1.27.1\x64.complete => D:\hostedtoolcache\windows\go\1.27.1\x64.complete
2026-09-17T14:13:57.8855669Z Successfully cached go to C:\hostedtoolcache\windows\go\1.27.1\x64
2026-09-17T14:13:57.8865629Z Added go to the path
2026-09-17T14:13:57.8866527Z Successfully set up Go version 1.27.1
2026-09-17T14:13:58.2069442Z [command]C:\hostedtoolcache\windows\go\1.27.1\x64\bin\go.exe env GOCACHE
2026-09-17T14:13:58.2123726Z [command]C:\hostedtoolcache\windows\go\1.27.1\x64\bin\go.exe env GOMODCACHE
2026-09-17T14:13:58.2401182Z C:\Users\runneradmin\AppData\Local\go-build
2026-09-17T14:13:58.2412919Z C:\Users\runneradmin\go\pkg\mod
2026-09-17T14:13:58.5716919Z Cache hit for: setup-go-Windows-x64-go-1.27.1-ef6b0fbca0a8d0b6206b16c85f11c4a6c772908ae2660ca86a6b7ee95979c938
2026-09-17T14:13:58.5851803Z (node:8200) [DEP0169] DeprecationWarning: `url.parse()` behavior is not standardized and prone to errors that have security implications. Use the WHATWG URL API instead. CVEs are not issued for `url.parse()` vulnerabilities.
2026-09-17T14:13:59.7148778Z Received 130023424 of 429434914 (30.3%), 122.3 MBs/sec
2026-09-17T14:14:00.7184815Z Received 247463936 of 429434914 (57.6%), 117.0 MBs/sec
2026-09-17T14:14:01.7247334Z Received 335544320 of 429434914 (78.1%), 105.8 MBs/sec
2026-09-17T14:14:02.7193476Z Received 429434914 of 429434914 (100.0%), 101.9 MBs/sec
2026-09-17T14:14:02.7200176Z Cache Size: ~410 MB (429434914 B)
2026-09-17T14:14:02.7307517Z [command]"C:\Program Files\Git\usr\bin\tar.exe" -xf D:/a/_temp/147e09e8-1a0b-4954-bfd2-a10077f7a16a/cache.tzst -P -C D:/a/Zevune/Zevune --force-local --use-compress-program "zstd -d"
2026-09-17T14:15:14.2391784Z Cache restored successfully
2026-09-17T14:15:14.2903418Z Cache restored from key: setup-go-Windows-x64-go-1.27.1-ef6b0fbca0a8d0b6206b16c85f11c4a6c772908ae2660ca86a6b7ee95979c938
2026-09-17T14:15:14.2931823Z go version go1.27.1 windows/amd64
2026-09-17T14:15:14.2932119Z 
2026-09-17T14:15:14.2932581Z ##[group]go env
2026-09-17T14:15:15.1004298Z set AR=ar
2026-09-17T14:15:15.1004729Z set CC=gcc
2026-09-17T14:15:15.1005380Z set CGO_CFLAGS=-O2 -g
2026-09-17T14:15:15.1006132Z set CGO_CPPFLAGS=
2026-09-17T14:15:15.1006572Z set CGO_CXXFLAGS=-O2 -g
2026-09-17T14:15:15.1006952Z set CGO_ENABLED=1
2026-09-17T14:15:15.1007250Z set CGO_FFLAGS=-O2 -g
2026-09-17T14:15:15.1007546Z set CGO_LDFLAGS=-O2 -g
2026-09-17T14:15:15.1007939Z set CXX=g++
2026-09-17T14:15:15.1008218Z set GCCGO=gccgo
2026-09-17T14:15:15.1008563Z set GO111MODULE=
2026-09-17T14:15:15.1008849Z set GOAMD64=v1
2026-09-17T14:15:15.1009118Z set GOARCH=amd64
2026-09-17T14:15:15.1009436Z set GOAUTH=netrc
2026-09-17T14:15:15.1009791Z set GOBIN=C:\Users\runneradmin\go\bin
2026-09-17T14:15:15.1010226Z set GOCACHE=C:\Users\runneradmin\AppData\Local\go-build
2026-09-17T14:15:15.1010634Z set GOCACHEPROG=
2026-09-17T14:15:15.1010890Z set GODEBUG=
2026-09-17T14:15:15.1011368Z set GOENV=C:\Users\runneradmin\AppData\Roaming\go\env
2026-09-17T14:15:15.1011806Z set GOEXE=.exe
2026-09-17T14:15:15.1012104Z set GOEXPERIMENT=
2026-09-17T14:15:15.1012403Z set GOFIPS140=off
2026-09-17T14:15:15.1012731Z set GOFLAGS=
2026-09-17T14:15:15.1013586Z set GOGCCFLAGS=-m64 -pthread -Wl,--no-gc-sections -fmessage-length=0 -ffile-prefix-map=C:\Users\RUNNER~1\AppData\Local\Temp\go-build3667852810=/tmp/go-build -gno-record-gcc-switches
2026-09-17T14:15:15.1014395Z set GOHOSTARCH=amd64
2026-09-17T14:15:15.1014712Z set GOHOSTOS=windows
2026-09-17T14:15:15.1015040Z set GOINSECURE=
2026-09-17T14:15:15.1015338Z set GOMOD=D:\a\Zevune\Zevune\go.mod
2026-09-17T14:15:15.1015736Z set GOMODCACHE=C:\Users\runneradmin\go\pkg\mod
2026-09-17T14:15:15.1016103Z set GONOPROXY=
2026-09-17T14:15:15.1016430Z set GONOSUMDB=
2026-09-17T14:15:15.1016714Z set GOOS=windows
2026-09-17T14:15:15.1017030Z set GOPACKAGESDRIVER=
2026-09-17T14:15:15.1017456Z set GOPATH=C:\Users\runneradmin\go
2026-09-17T14:15:15.1017844Z set GOPRIVATE=
2026-09-17T14:15:15.1018911Z set GOPROXY=https://proxy.golang.org,direct
2026-09-17T14:15:15.1019480Z set GOROOT=C:\hostedtoolcache\windows\go\1.27.1\x64
2026-09-17T14:15:15.1020031Z set GOSUMDB=sum.golang.org
2026-09-17T14:15:15.1020404Z set GOTELEMETRY=local
2026-09-17T14:15:15.1020936Z set GOTELEMETRYDIR=C:\Users\runneradmin\AppData\Roaming\go\telemetry
2026-09-17T14:15:15.1021463Z set GOTMPDIR=
2026-09-17T14:15:15.1021867Z set GOTOOLCHAIN=local
2026-09-17T14:15:15.1022854Z set GOTOOLDIR=C:\hostedtoolcache\windows\go\1.27.1\x64\pkg\tool\windows_amd64
2026-09-17T14:15:15.1023538Z set GOVCS=
2026-09-17T14:15:15.1023987Z set GOVERSION=go1.27.1
2026-09-17T14:15:15.1024291Z set GOWORK=
2026-09-17T14:15:15.1024600Z set PKG_CONFIG=pkg-config
2026-09-17T14:15:15.1024814Z 
2026-09-17T14:15:15.1026035Z ##[endgroup]
2026-09-17T14:15:15.1408379Z ##[group]Run go test -mod=readonly ./... -run '^$'
2026-09-17T14:15:15.1409074Z [36;1mgo test -mod=readonly ./... -run '^$'[0m
2026-09-17T14:15:15.1409537Z [36;1mcd integration/cometbft[0m
2026-09-17T14:15:15.1409982Z [36;1mgo test -mod=readonly ./... -run '^$'[0m
2026-09-17T14:15:15.1431270Z shell: C:\Program Files\Git\bin\bash.EXE --noprofile --norc -e -o pipefail {0}
2026-09-17T14:15:15.1431820Z env:
2026-09-17T14:15:15.1432159Z   RAYON_NUM_THREADS: 2
2026-09-17T14:15:15.1432510Z   CARGO_BUILD_JOBS: 2
2026-09-17T14:15:15.1432917Z   GOTOOLCHAIN: local
2026-09-17T14:15:15.1433250Z ##[endgroup]
2026-09-17T14:15:17.7629308Z ?   	github.com/youq616/Zevune/cmd/latency-report	[no test files]
2026-09-17T14:15:18.1102520Z ?   	github.com/youq616/Zevune/cmd/zevuned	[no test files]
2026-09-17T14:15:20.4917383Z ok  	github.com/youq616/Zevune/internal/api	0.285s [no tests to run]
2026-09-17T14:15:20.4925582Z ok  	github.com/youq616/Zevune/internal/latency	0.018s [no tests to run]
2026-09-17T14:15:20.4930016Z ok  	github.com/youq616/Zevune/internal/ledger	0.279s [no tests to run]
2026-09-17T14:15:20.4956055Z ok  	github.com/youq616/Zevune/internal/merkle	0.049s [no tests to run]
2026-09-17T14:15:20.9624261Z ok  	github.com/youq616/Zevune/internal/orchardbridge	0.028s [no tests to run]
2026-09-17T14:15:21.2003315Z ok  	github.com/youq616/Zevune/internal/poolbridge	0.021s [no tests to run]
2026-09-17T14:15:21.2004069Z ok  	github.com/youq616/Zevune/internal/protocol	0.023s [no tests to run]
2026-09-17T14:15:46.9891120Z ok  	github.com/youq616/Zevune/integration/cometbft/app	0.062s [no tests to run]
2026-09-17T14:16:06.3217908Z ?   	github.com/youq616/Zevune/integration/cometbft/cmd/zevune-devnet	[no test files]
2026-09-17T14:16:09.1521979Z ok  	github.com/youq616/Zevune/integration/cometbft/cmd/zevune-network	0.049s [no tests to run]
2026-09-17T14:16:09.1810069Z ok  	github.com/youq616/Zevune/integration/cometbft/devnet	0.066s [no tests to run]
2026-09-17T14:16:09.2290569Z ok  	github.com/youq616/Zevune/integration/cometbft/labnet	0.046s [no tests to run]
2026-09-17T14:16:09.2291440Z ok  	github.com/youq616/Zevune/integration/cometbft/poolapp	0.036s [no tests to run]
2026-09-17T14:16:09.5872350Z ##[group]Run rustup toolchain install 1.98.1 --profile minimal --component rustfmt --component clippy
2026-09-17T14:16:09.5873254Z [36;1mrustup toolchain install 1.98.1 --profile minimal --component rustfmt --component clippy[0m
2026-09-17T14:16:09.5886877Z shell: C:\Program Files\Git\bin\bash.EXE --noprofile --norc -e -o pipefail {0}
2026-09-17T14:16:09.5887390Z env:
2026-09-17T14:16:09.5887703Z   RAYON_NUM_THREADS: 2
2026-09-17T14:16:09.5888093Z   CARGO_BUILD_JOBS: 2
2026-09-17T14:16:09.5888487Z   GOTOOLCHAIN: local
2026-09-17T14:16:09.5888824Z ##[endgroup]
2026-09-17T14:16:10.2979239Z info: syncing channel updates for 1.98.1-x86_64-pc-windows-msvc
2026-09-17T14:16:11.7215802Z info: latest update on 2026-09-03 for version 1.98.1 (48a229cea 2026-09-01)
2026-09-17T14:16:11.7352655Z info: downloading 5 components
2026-09-17T14:16:24.5465190Z 
2026-09-17T14:16:24.5836578Z   1.98.1-x86_64-pc-windows-msvc installed - rustc 1.98.1 (48a229cea 2026-09-01)
2026-09-17T14:16:24.5840829Z 
2026-09-17T14:16:24.6148328Z ##[group]Run python -m unittest discover -s scripts/tests -v
2026-09-17T14:16:24.6148922Z [36;1mpython -m unittest discover -s scripts/tests -v[0m
2026-09-17T14:16:24.6161895Z shell: C:\Program Files\Git\bin\bash.EXE --noprofile --norc -e -o pipefail {0}
2026-09-17T14:16:24.6162481Z env:
2026-09-17T14:16:24.6162812Z   RAYON_NUM_THREADS: 2
2026-09-17T14:16:24.6163156Z   CARGO_BUILD_JOBS: 2
2026-09-17T14:16:24.6164183Z   GOTOOLCHAIN: local
2026-09-17T14:16:24.6164485Z ##[endgroup]
2026-09-17T14:16:26.8325363Z test_duplicate_archive_path_rejected (test_crate_notices.CrateNoticeTests.test_duplicate_archive_path_rejected) ... ok
2026-09-17T14:16:26.8731883Z test_inventory_is_create_only (test_crate_notices.CrateNoticeTests.test_inventory_is_create_only) ... ok
2026-09-17T14:16:26.8740818Z test_lock_rejects_path_identities_and_duplicates (test_crate_notices.CrateNoticeTests.test_lock_rejects_path_identities_and_duplicates) ... ok
2026-09-17T14:16:26.8749302Z test_member_and_expanded_byte_limits (test_crate_notices.CrateNoticeTests.test_member_and_expanded_byte_limits) ... ok
2026-09-17T14:16:26.8995343Z test_missing_notices_is_not_distribution_approval (test_crate_notices.CrateNoticeTests.test_missing_notices_is_not_distribution_approval) ... ok
2026-09-17T14:16:26.9004512Z test_pinned_archive_collects_notices_not_source (test_crate_notices.CrateNoticeTests.test_pinned_archive_collects_notices_not_source) ... ok
2026-09-17T14:16:26.9006662Z test_registry_checksum_required_and_workspace_separate (test_crate_notices.CrateNoticeTests.test_registry_checksum_required_and_workspace_separate) ... ok
2026-09-17T14:16:26.9017530Z test_traversal_foreign_root_and_symlink_rejected (test_crate_notices.CrateNoticeTests.test_traversal_foreign_root_and_symlink_rejected) ... ok
2026-09-17T14:16:26.9022231Z test_wrong_archive_checksum_fails_before_parsing (test_crate_notices.CrateNoticeTests.test_wrong_archive_checksum_fails_before_parsing) ... ok
2026-09-17T14:16:26.9033582Z test_command_failure_stops_cohort_and_never_reports_completion (test_funded_rust.FundedRustPlanTests.test_command_failure_stops_cohort_and_never_reports_completion) ... ok
2026-09-17T14:16:26.9042051Z test_commands_keep_flags_and_never_filter_test_names (test_funded_rust.FundedRustPlanTests.test_commands_keep_flags_and_never_filter_test_names) ... ok
2026-09-17T14:16:26.9049372Z test_empty_or_incomplete_inventory_fails (test_funded_rust.FundedRustPlanTests.test_empty_or_incomplete_inventory_fails) ... ok
2026-09-17T14:16:26.9051826Z test_future_binary_and_integration_targets_join_automatically (test_funded_rust.FundedRustPlanTests.test_future_binary_and_integration_targets_join_automatically) ... ok
2026-09-17T14:16:26.9065653Z test_invalid_names_and_duplicate_targets_fail (test_funded_rust.FundedRustPlanTests.test_invalid_names_and_duplicate_targets_fail) ... ok
2026-09-17T14:16:26.9071448Z test_metadata_failure_is_a_nonzero_exit (test_funded_rust.FundedRustPlanTests.test_metadata_failure_is_a_nonzero_exit) ... ok
2026-09-17T14:16:26.9080839Z test_plan_only_is_not_a_test_execution (test_funded_rust.FundedRustPlanTests.test_plan_only_is_not_a_test_execution) ... ok
2026-09-17T14:16:26.9085655Z test_reordering_metadata_does_not_change_plan (test_funded_rust.FundedRustPlanTests.test_reordering_metadata_does_not_change_plan) ... ok
2026-09-17T14:16:26.9091879Z test_target_union_is_complete_and_disjoint (test_funded_rust.FundedRustPlanTests.test_target_union_is_complete_and_disjoint) ... ok
2026-09-17T14:16:26.9093206Z test_unknown_cohort_or_schema_fails (test_funded_rust.FundedRustPlanTests.test_unknown_cohort_or_schema_fails) ... ok
2026-09-17T14:16:26.9115632Z test_unknown_or_disabled_targets_are_not_silently_omitted (test_funded_rust.FundedRustPlanTests.test_unknown_or_disabled_targets_are_not_silently_omitted) ... ok
2026-09-17T14:16:26.9130034Z test_unselected_features_fail (test_funded_rust.FundedRustPlanTests.test_unselected_features_fail) ... ok
2026-09-17T14:16:26.9141107Z test_wrong_workspace_identity_fails (test_funded_rust.FundedRustPlanTests.test_wrong_workspace_identity_fails) ... ok
2026-09-17T14:16:26.9151950Z test_directory_is_not_packaged (test_local_bundle.BundleManifestTests.test_directory_is_not_packaged) ... ok
2026-09-17T14:16:26.9173429Z test_manifest_hashes_only_explicit_regular_files (test_local_bundle.BundleManifestTests.test_manifest_hashes_only_explicit_regular_files) ... ok
2026-09-17T14:16:26.9380715Z test_signer_material_is_ignored_without_creating_secret_files (test_local_bundle.BundleManifestTests.test_signer_material_is_ignored_without_creating_secret_files) ... ok
2026-09-17T14:16:26.9384391Z test_memory_requires_exact_kib_fields_and_positive_consistent_values (test_payment_resources.LinuxParserTests.test_memory_requires_exact_kib_fields_and_positive_consistent_values) ... ok
2026-09-17T14:16:26.9387152Z test_proc_pinned_identity_rechecks_both_sides_of_memory_read (test_payment_resources.LinuxParserTests.test_proc_pinned_identity_rechecks_both_sides_of_memory_read) ... skipped 'Linux proc descriptor semantics'
2026-09-17T14:16:26.9389549Z test_proc_stat_parentheses_identity_and_creation (test_payment_resources.LinuxParserTests.test_proc_stat_parentheses_identity_and_creation) ... ok
2026-09-17T14:16:26.9750323Z test_direct_child_parent_identity_exit_and_current_rss (test_payment_resources.NativeMemoryTests.test_direct_child_parent_identity_exit_and_current_rss) ... ok
2026-09-17T14:16:26.9778287Z test_live_self_sample_uses_real_os_counters (test_payment_resources.NativeMemoryTests.test_live_self_sample_uses_real_os_counters) ... ok
2026-09-17T14:16:26.9780989Z test_unsupported_platform_is_failure_not_skip_or_zero (test_payment_resources.NativeMemoryTests.test_unsupported_platform_is_failure_not_skip_or_zero) ... ok
2026-09-17T14:16:27.0366925Z test_budget_failure_preserves_valid_sample_and_sends_negative_ack (test_payment_resources.PersistenceAndCollectorTests.test_budget_failure_preserves_valid_sample_and_sends_negative_ack) ... ok
2026-09-17T14:16:27.0587681Z test_collector_initialization_failure_reaps_started_coordinator (test_payment_resources.PersistenceAndCollectorTests.test_collector_initialization_failure_reaps_started_coordinator) ... ok
2026-09-17T14:16:27.9046561Z test_complete_evidence_requires_all_children_stopped_and_immutable_files (test_payment_resources.PersistenceAndCollectorTests.test_complete_evidence_requires_all_children_stopped_and_immutable_files) ... ok
2026-09-17T14:16:27.9185832Z test_evidence_reservation_never_overwrites_user_file (test_payment_resources.PersistenceAndCollectorTests.test_evidence_reservation_never_overwrites_user_file) ... ok
2026-09-17T14:16:27.9321193Z test_metadata_failure_still_saves_start_and_failure_without_exception_text (test_payment_resources.PersistenceAndCollectorTests.test_metadata_failure_still_saves_start_and_failure_without_exception_text) ... ok
2026-09-17T14:16:27.9818833Z test_pid_change_parent_failure_and_missing_metric_cannot_be_success (test_payment_resources.PersistenceAndCollectorTests.test_pid_change_parent_failure_and_missing_metric_cannot_be_success) ... ok
2026-09-17T14:16:28.5205352Z test_progress_failure_keeps_confirmed_count_and_uncertain_commit (test_payment_resources.PersistenceAndCollectorTests.test_progress_failure_keeps_confirmed_count_and_uncertain_commit) ... ok
2026-09-17T14:16:28.5284069Z test_final_result_does_not_accept_empty_tests_missing_checks_or_edited_timings (test_payment_resources.ProgressAndResultTests.test_final_result_does_not_accept_empty_tests_missing_checks_or_edited_timings) ... ok
2026-09-17T14:16:28.5315953Z test_full_operation_sequence_is_paired_and_final_result_matches (test_payment_resources.ProgressAndResultTests.test_full_operation_sequence_is_paired_and_final_result_matches) ... ok
2026-09-17T14:16:28.5328723Z test_progress_completion_must_match_operation_payment_and_commit_count (test_payment_resources.ProgressAndResultTests.test_progress_completion_must_match_operation_payment_and_commit_count) ... ok
2026-09-17T14:16:28.5340203Z test_unfinished_operation_has_no_fabricated_duration (test_payment_resources.ProgressAndResultTests.test_unfinished_operation_has_no_fabricated_duration) ... ok
2026-09-17T14:16:28.5344041Z test_all_nine_exact_checkpoints_and_pending_wallet_record (test_payment_resources.ResourceSchemaTests.test_all_nine_exact_checkpoints_and_pending_wallet_record) ... ok
2026-09-17T14:16:28.5345520Z test_budget_keeps_valid_over_budget_measurement (test_payment_resources.ResourceSchemaTests.test_budget_keeps_valid_over_budget_measurement) ... ok
2026-09-17T14:16:28.5347621Z test_json_duplicates_nonfinite_scalars_and_oversize_rejected (test_payment_resources.ResourceSchemaTests.test_json_duplicates_nonfinite_scalars_and_oversize_rejected) ... ok
2026-09-17T14:16:28.5349066Z test_unknown_and_missing_fields_cannot_enter_evidence (test_payment_resources.ResourceSchemaTests.test_unknown_and_missing_fields_cannot_enter_evidence) ... ok
2026-09-17T14:16:28.5350767Z test_unsigned_numbers_reject_booleans_floats_and_out_of_bounds (test_payment_resources.ResourceSchemaTests.test_unsigned_numbers_reject_booleans_floats_and_out_of_bounds) ... ok
2026-09-17T14:16:28.5352230Z test_wallet_and_capacity_counts_are_checked_not_just_types (test_payment_resources.ResourceSchemaTests.test_wallet_and_capacity_counts_are_checked_not_just_types) ... ok
2026-09-17T14:16:28.5353771Z test_wrong_phase_height_generation_or_pid_cannot_claim_checkpoint (test_payment_resources.ResourceSchemaTests.test_wrong_phase_height_generation_or_pid_cannot_claim_checkpoint) ... ok
2026-09-17T14:16:29.0708469Z test_bad_order_is_rejected_before_copying_it_over_a_valid_prefix (test_payment_resources_evidence.EvidenceCollectorBoundaryTests.test_bad_order_is_rejected_before_copying_it_over_a_valid_prefix) ... ok
2026-09-17T14:16:29.0717595Z test_cleanup_does_not_restart_its_existing_deadline (test_payment_resources_evidence.EvidenceCollectorBoundaryTests.test_cleanup_does_not_restart_its_existing_deadline) ... ok
2026-09-17T14:16:29.6946610Z test_commit_completion_changes_confirmed_count_without_inventing_apply_success (test_payment_resources_evidence.EvidenceCollectorBoundaryTests.test_commit_completion_changes_confirmed_count_without_inventing_apply_success) ... ok
2026-09-17T14:16:30.4536017Z test_complete_checkpoints_without_result_file_are_still_failure (test_payment_resources_evidence.EvidenceCollectorBoundaryTests.test_complete_checkpoints_without_result_file_are_still_failure) ... ok
2026-09-17T14:16:31.2363397Z test_numeric_measurement_complete_cannot_stand_in_for_true (test_payment_resources_evidence.EvidenceCollectorBoundaryTests.test_numeric_measurement_complete_cannot_stand_in_for_true) ... ok
2026-09-17T14:16:31.2566266Z test_report_save_failure_does_not_acknowledge_success (test_payment_resources_evidence.EvidenceCollectorBoundaryTests.test_report_save_failure_does_not_acknowledge_success) ... ok
2026-09-17T14:16:31.3079790Z test_same_height_recovery_cannot_change_capacity (test_payment_resources_evidence.EvidenceCollectorBoundaryTests.test_same_height_recovery_cannot_change_capacity) ... ok
2026-09-17T14:16:31.3424397Z test_second_role_over_budget_retains_both_samples_in_real_report (test_payment_resources_evidence.EvidenceCollectorBoundaryTests.test_second_role_over_budget_retains_both_samples_in_real_report) ... ok
2026-09-17T14:16:31.3579573Z test_unvalidated_fields_never_enter_failure_report_or_ack (test_payment_resources_evidence.EvidenceCollectorBoundaryTests.test_unvalidated_fields_never_enter_failure_report_or_ack) ... ok
2026-09-17T14:16:31.4098218Z test_zero_exit_without_checkpoints_is_not_successful_acceptance (test_payment_resources_evidence.EvidenceCollectorBoundaryTests.test_zero_exit_without_checkpoints_is_not_successful_acceptance) ... ok
2026-09-17T14:16:31.4385791Z test_close_disk_check_and_outbox_boundaries_cannot_move (test_payment_resources_evidence.EvidenceCompletenessTests.test_close_disk_check_and_outbox_boundaries_cannot_move) ... ok
2026-09-17T14:16:31.4464747Z test_every_one_of_nine_checkpoints_is_required (test_payment_resources_evidence.EvidenceCompletenessTests.test_every_one_of_nine_checkpoints_is_required) ... ok
2026-09-17T14:16:31.4486766Z test_fixture_has_exact_fixed_go_operation_contract (test_payment_resources_evidence.EvidenceCompletenessTests.test_fixture_has_exact_fixed_go_operation_contract) ... ok
2026-09-17T14:16:31.4748954Z test_missing_or_repeated_recovery_pair_cannot_claim_complete_recovery (test_payment_resources_evidence.EvidenceCompletenessTests.test_missing_or_repeated_recovery_pair_cannot_claim_complete_recovery) ... ok
2026-09-17T14:16:31.4754188Z test_recovery_cannot_be_recorded_at_a_different_committed_height (test_payment_resources_evidence.EvidenceCompletenessTests.test_recovery_cannot_be_recorded_at_a_different_committed_height) ... ok
2026-09-17T14:16:31.4904203Z test_removing_whole_core_pair_cannot_be_hidden_by_matching_timings (test_payment_resources_evidence.EvidenceCompletenessTests.test_removing_whole_core_pair_cannot_be_hidden_by_matching_timings) ... ok
2026-09-17T14:16:31.4937335Z test_reordering_complete_core_pairs_is_not_a_valid_timing_result (test_payment_resources_evidence.EvidenceCompletenessTests.test_reordering_complete_core_pairs_is_not_a_valid_timing_result) ... ok
2026-09-17T14:16:31.5022822Z test_review_c1_wallet_recovery_after_new_payment_and_outbox_is_rejected (test_payment_resources_evidence.EvidenceCompletenessTests.test_review_c1_wallet_recovery_after_new_payment_and_outbox_is_rejected) ... ok
2026-09-17T14:16:31.5071164Z test_review_c1_worker_reopen_before_scenario_start_is_rejected (test_payment_resources_evidence.EvidenceCompletenessTests.test_review_c1_worker_reopen_before_scenario_start_is_rejected) ... ok
2026-09-17T14:16:31.5520411Z test_valid_partial_recovery_prefixes_remain_incomplete_without_fake_duration (test_payment_resources_evidence.EvidenceCompletenessTests.test_valid_partial_recovery_prefixes_remain_incomplete_without_fake_duration) ... ok
2026-09-17T14:16:31.5622793Z test_all_io_stages_produce_only_bounded_public_diagnostics (test_payment_resources_windows.PublicReadDiagnosticTests.test_all_io_stages_produce_only_bounded_public_diagnostics) ... ok
2026-09-17T14:16:31.5624712Z test_known_protocol_positions_and_os_codes_survive_without_private_context (test_payment_resources_windows.PublicReadDiagnosticTests.test_known_protocol_positions_and_os_codes_survive_without_private_context) ... ok
2026-09-17T14:16:31.5642053Z test_read_error_is_preserved_when_closing_the_same_stream_also_fails (test_payment_resources_windows.PublicReadDiagnosticTests.test_read_error_is_preserved_when_closing_the_same_stream_also_fails) ... ok
2026-09-17T14:16:31.5645174Z test_unknown_names_and_invalid_diagnostic_scalars_are_not_serialized (test_payment_resources_windows.PublicReadDiagnosticTests.test_unknown_names_and_invalid_diagnostic_scalars_are_not_serialized) ... ok
2026-09-17T14:16:31.5650932Z test_failed_crt_handle_transfer_closes_only_the_owned_windows_handle (test_payment_resources_windows.WindowsHandleOwnershipTests.test_failed_crt_handle_transfer_closes_only_the_owned_windows_handle) ... ok
2026-09-17T14:16:31.5658062Z test_failed_stream_creation_closes_crt_descriptor_not_raw_handle_twice (test_payment_resources_windows.WindowsHandleOwnershipTests.test_failed_stream_creation_closes_crt_descriptor_not_raw_handle_twice) ... ok
2026-09-17T14:16:31.5674635Z test_delete_holder_blocks_legacy_open_but_shared_reader_preserves_exact_json (test_payment_resources_windows.WindowsSharedProtocolTests.test_delete_holder_blocks_legacy_open_but_shared_reader_preserves_exact_json) ... ok
2026-09-17T14:16:31.5776777Z test_delete_sharing_does_not_disable_post_read_size_check (test_payment_resources_windows.WindowsSharedProtocolTests.test_delete_sharing_does_not_disable_post_read_size_check) ... ok
2026-09-17T14:16:31.5801631Z test_delete_sharing_does_not_disable_replacement_identity_check (test_payment_resources_windows.WindowsSharedProtocolTests.test_delete_sharing_does_not_disable_replacement_identity_check) ... ok
2026-09-17T14:16:31.5803832Z test_broken_clock_is_unknown_not_zero_duration (test_prepare_timing.PrepareTimingTests.test_broken_clock_is_unknown_not_zero_duration) ... ok
2026-09-17T14:16:31.5804987Z test_exact_stages_allow_only_submicrosecond_rounding (test_prepare_timing.PrepareTimingTests.test_exact_stages_allow_only_submicrosecond_rounding) ... ok
2026-09-17T14:16:31.5807461Z test_integer_types_bounds_and_missing_stages_fail (test_prepare_timing.PrepareTimingTests.test_integer_types_bounds_and_missing_stages_fail) ... ok
2026-09-17T14:16:31.5810439Z test_wrong_scope_or_unknown_fields_cannot_claim_finality (test_prepare_timing.PrepareTimingTests.test_wrong_scope_or_unknown_fields_cannot_claim_finality) ... ok
2026-09-17T14:16:31.5812258Z test_declared_wire_and_manifest_resource_bounds (test_protocol_vectors.ProtocolTranscriptVectors.test_declared_wire_and_manifest_resource_bounds) ... ok
2026-09-17T14:16:31.5814897Z test_legacy_and_genesis_bound_reference_vectors (test_protocol_vectors.ProtocolTranscriptVectors.test_legacy_and_genesis_bound_reference_vectors) ... ok
2026-09-17T14:16:31.9468074Z test_create_only (test_source_snapshot.SourceSnapshotTests.test_create_only) ... ok
2026-09-17T14:16:32.2770973Z test_excludes_untracked_ignored_and_modified_working_copy (test_source_snapshot.SourceSnapshotTests.test_excludes_untracked_ignored_and_modified_working_copy) ... ok
2026-09-17T14:16:32.6078886Z test_file_count_and_size_are_checked_before_blob_fetch (test_source_snapshot.SourceSnapshotTests.test_file_count_and_size_are_checked_before_blob_fetch) ... ok
2026-09-17T14:16:32.8823679Z test_modified_batch_payload_fails_identity_check (test_source_snapshot.SourceSnapshotTests.test_modified_batch_payload_fails_identity_check) ... ok
2026-09-17T14:16:33.3190354Z test_no_checkout_eol_filter_changes (test_source_snapshot.SourceSnapshotTests.test_no_checkout_eol_filter_changes) ... ok
2026-09-17T14:16:33.5359996Z test_non_oid_and_option_inputs_rejected (test_source_snapshot.SourceSnapshotTests.test_non_oid_and_option_inputs_rejected) ... ok
2026-09-17T14:16:33.9151636Z test_tracked_link_refused_without_following_it (test_source_snapshot.SourceSnapshotTests.test_tracked_link_refused_without_following_it) ... ok
2026-09-17T14:16:34.2977773Z test_uses_captured_commit_not_moving_head (test_source_snapshot.SourceSnapshotTests.test_uses_captured_commit_not_moving_head) ... ok
2026-09-17T14:16:34.3732206Z test_cli_failure_is_redacted_and_returns_nonzero (test_verify_local_lab.BundleVerificationTests.test_cli_failure_is_redacted_and_returns_nonzero) ... ok
2026-09-17T14:16:34.3850280Z test_directory_cannot_substitute_for_executable (test_verify_local_lab.BundleVerificationTests.test_directory_cannot_substitute_for_executable) ... ok
2026-09-17T14:16:34.3953902Z test_duplicate_json_fields_rejected_even_with_matching_pin (test_verify_local_lab.BundleVerificationTests.test_duplicate_json_fields_rejected_even_with_matching_pin) ... ok
2026-09-17T14:16:34.4202894Z test_each_modified_payload_is_rejected (test_verify_local_lab.BundleVerificationTests.test_each_modified_payload_is_rejected) ... ok
2026-09-17T14:16:34.4306728Z test_file_size_change_is_rejected (test_verify_local_lab.BundleVerificationTests.test_file_size_change_is_rejected) ... ok
2026-09-17T14:16:34.4443207Z test_invalid_sizes_and_hashes_are_rejected (test_verify_local_lab.BundleVerificationTests.test_invalid_sizes_and_hashes_are_rejected) ... ok
2026-09-17T14:16:34.4583274Z test_matching_bundle_verifies_without_launch_or_mutation (test_verify_local_lab.BundleVerificationTests.test_matching_bundle_verifies_without_launch_or_mutation) ... ok
2026-09-17T14:16:34.4679899Z test_missing_and_unlisted_files_rejected (test_verify_local_lab.BundleVerificationTests.test_missing_and_unlisted_files_rejected) ... ok
2026-09-17T14:16:34.4771895Z test_oversized_manifest_rejected_before_parse (test_verify_local_lab.BundleVerificationTests.test_oversized_manifest_rejected_before_parse) ... ok
2026-09-17T14:16:34.4867895Z test_rewritten_manifest_without_trusted_pin_rejected (test_verify_local_lab.BundleVerificationTests.test_rewritten_manifest_without_trusted_pin_rejected) ... ok
2026-09-17T14:16:34.5019277Z test_strict_false_flags_not_numeric_zero (test_verify_local_lab.BundleVerificationTests.test_strict_false_flags_not_numeric_zero) ... ok
2026-09-17T14:16:34.5123177Z test_unknown_and_legacy_manifest_fields_rejected (test_verify_local_lab.BundleVerificationTests.test_unknown_and_legacy_manifest_fields_rejected) ... ok
2026-09-17T14:16:34.5238009Z test_unsafe_duplicate_and_unknown_filenames_rejected (test_verify_local_lab.BundleVerificationTests.test_unsafe_duplicate_and_unknown_filenames_rejected) ... ok
2026-09-17T14:16:34.5388808Z test_windows_bundle_supported_but_mixed_platform_refused (test_verify_local_lab.BundleVerificationTests.test_windows_bundle_supported_but_mixed_platform_refused) ... ok
2026-09-17T14:16:34.5501828Z test_windows_reparse_point_is_not_regular_input (test_verify_local_lab.BundleVerificationTests.test_windows_reparse_point_is_not_regular_input) ... ok
2026-09-17T14:16:34.5606671Z test_wrong_independent_pin_and_commit_rejected (test_verify_local_lab.BundleVerificationTests.test_wrong_independent_pin_and_commit_rejected) ... ok
2026-09-17T14:16:34.5608385Z test_capacity_report_must_be_one_record (test_wallet_compaction.CompactionTests.test_capacity_report_must_be_one_record) ... ok
2026-09-17T14:16:34.5609849Z test_compact_frame_requires_pin_and_exactly_two_paths (test_wallet_compaction.CompactionTests.test_compact_frame_requires_pin_and_exactly_two_paths) ... ok
2026-09-17T14:16:34.5679971Z test_confirmation_and_response_checks_without_scanning_or_spending (test_wallet_compaction.CompactionTests.test_confirmation_and_response_checks_without_scanning_or_spending) ... ok
2026-09-17T14:16:34.5682266Z test_mismatched_source_target_and_claimed_payment_status_rejected (test_wallet_compaction.CompactionTests.test_mismatched_source_target_and_claimed_payment_status_rejected) ... ok
2026-09-17T14:16:34.5733882Z test_missing_pin_or_existing_target_never_asks_password_or_starts_backend (test_wallet_compaction.CompactionTests.test_missing_pin_or_existing_target_never_asks_password_or_starts_backend) ... ok
2026-09-17T14:16:34.5736579Z test_receipt_handover_is_not_balance_or_finality (test_wallet_compaction.CompactionTests.test_receipt_handover_is_not_balance_or_finality) ... ok
2026-09-17T14:16:34.5759244Z test_active_manifest_keeps_lab2_payments_and_isolates_legacy_domain (test_wallet_network.NetworkIdentityTests.test_active_manifest_keeps_lab2_payments_and_isolates_legacy_domain) ... ok
2026-09-17T14:16:34.5791690Z test_addresses_reject_mutation_and_noncanonical_text (test_wallet_network.NetworkIdentityTests.test_addresses_reject_mutation_and_noncanonical_text) ... ok
2026-09-17T14:16:34.5803044Z test_bound_checksum_and_expected_identity (test_wallet_network.NetworkIdentityTests.test_bound_checksum_and_expected_identity) ... ok
2026-09-17T14:16:34.5947217Z test_invalid_payment_numbers_fail_before_password_or_backend (test_wallet_network.NetworkIdentityTests.test_invalid_payment_numbers_fail_before_password_or_backend) ... ok
2026-09-17T14:16:34.6020861Z test_network_address_frontend_checks_backend_identity (test_wallet_network.NetworkIdentityTests.test_network_address_frontend_checks_backend_identity) ... ok
2026-09-17T14:16:34.6032407Z test_network_address_wire_operation_has_exact_field_count (test_wallet_network.NetworkIdentityTests.test_network_address_wire_operation_has_exact_field_count) ... ok
2026-09-17T14:16:34.6048094Z test_pinned_genesis_is_read_only_and_profile_is_explicit (test_wallet_network.NetworkIdentityTests.test_pinned_genesis_is_read_only_and_profile_is_explicit) ... ok
2026-09-17T14:16:34.6068914Z test_public_supply_precheck_rejects_bad_allocation_not_just_pin (test_wallet_network.NetworkIdentityTests.test_public_supply_precheck_rejects_bad_allocation_not_just_pin) ... ok
2026-09-17T14:16:34.6378631Z test_truncated_unknown_overlarge_and_wrong_network_frames_fail (test_wallet_network.NetworkIdentityTests.test_truncated_unknown_overlarge_and_wrong_network_frames_fail) ... ok
2026-09-17T14:16:34.6399911Z test_untrusted_pin_missing_and_nonregular_files_fail (test_wallet_network.NetworkIdentityTests.test_untrusted_pin_missing_and_nonregular_files_fail) ... ok
2026-09-17T14:16:34.6455439Z test_wrong_network_frontend_stops_before_password_and_backend (test_wallet_network.NetworkIdentityTests.test_wrong_network_frontend_stops_before_password_and_backend) ... ok
2026-09-17T14:16:34.6480014Z test_console_storage_never_selects_history_or_constructs_payment (test_wallet_storage.StorageStatusTests.test_console_storage_never_selects_history_or_constructs_payment) ... ok
2026-09-17T14:16:34.6482346Z test_extra_missing_and_unsupported_fields_fail (test_wallet_storage.StorageStatusTests.test_extra_missing_and_unsupported_fields_fail) ... ok
2026-09-17T14:16:34.6483526Z test_new_and_full_reports_are_not_balance_or_confirmation (test_wallet_storage.StorageStatusTests.test_new_and_full_reports_are_not_balance_or_confirmation) ... ok
2026-09-17T14:16:34.6485036Z test_rejects_false_capacity_and_noncanonical_types (test_wallet_storage.StorageStatusTests.test_rejects_false_capacity_and_noncanonical_types) ... ok
2026-09-17T14:16:34.6486318Z test_storage_request_has_one_field_and_existing_private_pin (test_wallet_storage.StorageStatusTests.test_storage_request_has_one_field_and_existing_private_pin) ... ok
2026-09-17T14:16:34.6487412Z test_address_checksum_and_numeric_canonicality (test_zevune_wallet.WalletConsoleTests.test_address_checksum_and_numeric_canonicality) ... ok
2026-09-17T14:16:34.6491184Z test_no_echo_fallback_and_confirmation (test_zevune_wallet.WalletConsoleTests.test_no_echo_fallback_and_confirmation) ... ok
2026-09-17T14:16:34.6534724Z test_private_input_never_enters_arguments_or_environment (test_zevune_wallet.WalletConsoleTests.test_private_input_never_enters_arguments_or_environment) ... ok
2026-09-17T14:16:34.6536559Z test_request_bounds_and_receipt (test_zevune_wallet.WalletConsoleTests.test_request_bounds_and_receipt) ... ok
2026-09-17T14:16:34.6555777Z test_wrong_executable_digest_prevents_execution (test_zevune_wallet.WalletConsoleTests.test_wrong_executable_digest_prevents_execution) ... ok
2026-09-17T14:16:34.6556815Z 
2026-09-17T14:16:34.6557080Z ----------------------------------------------------------------------
2026-09-17T14:16:34.6557742Z Ran 135 tests in 7.848s
2026-09-17T14:16:34.6558462Z 
2026-09-17T14:16:34.6558617Z OK (skipped=1)
2026-09-17T14:16:34.7011938Z ##[group]Run test -z "$(gofmt -l internal/poolbridge integration/cometbft/poolapp)"
2026-09-17T14:16:34.7012862Z [36;1mtest -z "$(gofmt -l internal/poolbridge integration/cometbft/poolapp)"[0m
2026-09-17T14:16:34.7013347Z [36;1mcd integration/orchard[0m
2026-09-17T14:16:34.7013745Z [36;1mcargo fmt --all -- --check[0m
2026-09-17T14:16:34.7014197Z [36;1mcargo metadata --locked --format-version=1 > /dev/null[0m
2026-09-17T14:16:34.7014796Z [36;1mcargo clippy --locked --release --features local-funding-lab --all-targets -- -D warnings[0m
2026-09-17T14:16:34.7015345Z [36;1mgit diff --exit-code[0m
2026-09-17T14:16:34.7027299Z shell: C:\Program Files\Git\bin\bash.EXE --noprofile --norc -e -o pipefail {0}
2026-09-17T14:16:34.7027842Z env:
2026-09-17T14:16:34.7028128Z   RAYON_NUM_THREADS: 2
2026-09-17T14:16:34.7028460Z   CARGO_BUILD_JOBS: 2
2026-09-17T14:16:34.7028769Z   GOTOOLCHAIN: local
2026-09-17T14:16:34.7029611Z ##[endgroup]
2026-09-17T14:16:36.4752662Z     Updating crates.io index
2026-09-17T14:16:37.5891012Z  Downloading crates ...
2026-09-17T14:16:37.7650554Z   Downloaded base16ct v0.2.0
2026-09-17T14:16:37.7793601Z   Downloaded corez v0.1.1
2026-09-17T14:16:37.8379887Z   Downloaded aead v0.5.2
2026-09-17T14:16:38.1778394Z   Downloaded visibility v0.1.1
2026-09-17T14:16:38.1870811Z   Downloaded zcash_note_encryption v0.4.2
2026-09-17T14:16:38.1971070Z   Downloaded block-buffer v0.10.4
2026-09-17T14:16:38.2049597Z   Downloaded cfg-if v1.0.4
2026-09-17T14:16:38.2143492Z   Downloaded embedded-io v0.6.1
2026-09-17T14:16:38.2299621Z   Downloaded getset v0.1.7
2026-09-17T14:16:38.2421611Z   Downloaded cobs v0.3.0
2026-09-17T14:16:38.2512748Z   Downloaded cpufeatures v0.2.17
2026-09-17T14:16:38.2611169Z   Downloaded version_check v0.9.5
2026-09-17T14:16:38.2701173Z   Downloaded embedded-io v0.4.0
2026-09-17T14:16:38.2824984Z   Downloaded wasi v0.11.1+wasi-snapshot-preview1
2026-09-17T14:16:38.2928279Z   Downloaded subtle v2.6.1
2026-09-17T14:16:38.3006813Z   Downloaded maybe-rayon v0.1.1
2026-09-17T14:16:38.3070679Z   Downloaded radium v0.7.0
2026-09-17T14:16:38.3171738Z   Downloaded opaque-debug v0.3.1
2026-09-17T14:16:38.3255116Z   Downloaded generic-array v0.14.7
2026-09-17T14:16:38.3383369Z   Downloaded rand_chacha v0.3.1
2026-09-17T14:16:38.3466792Z   Downloaded crunchy v0.2.4
2026-09-17T14:16:38.3538866Z   Downloaded hex v0.4.3
2026-09-17T14:16:38.3642292Z   Downloaded rustc_version v0.4.1
2026-09-17T14:16:38.3742123Z   Downloaded scopeguard v1.2.0
2026-09-17T14:16:38.3837156Z   Downloaded stable_deref_trait v1.2.1
2026-09-17T14:16:38.3908999Z   Downloaded document-features v0.2.12
2026-09-17T14:16:38.3990683Z   Downloaded lazy_static v1.5.0
2026-09-17T14:16:38.4145201Z   Downloaded atomic-polyfill v1.0.3
2026-09-17T14:16:38.4251559Z   Downloaded derive-getters v0.5.0
2026-09-17T14:16:38.4499738Z   Downloaded inout v0.1.4
2026-09-17T14:16:38.4579762Z   Downloaded tap v1.0.1
2026-09-17T14:16:38.4660846Z   Downloaded funty v2.0.0
2026-09-17T14:16:38.4723622Z   Downloaded halo2_legacy_pdqsort v0.1.0
2026-09-17T14:16:38.4793053Z   Downloaded universal-hash v0.5.1
2026-09-17T14:16:38.4887681Z   Downloaded wyz v0.5.1
2026-09-17T14:16:38.4959060Z   Downloaded const-crc32-nostd v1.3.1
2026-09-17T14:16:38.5367424Z   Downloaded crypto-common v0.1.7
2026-09-17T14:16:38.5436748Z   Downloaded hash32 v0.2.1
2026-09-17T14:16:38.5546563Z   Downloaded frost-rerandomized v3.0.0
2026-09-17T14:16:38.5614543Z   Downloaded zcash_spec v0.2.1
2026-09-17T14:16:38.5712822Z   Downloaded memuse v0.2.2
2026-09-17T14:16:38.5831403Z   Downloaded serdect v0.2.0
2026-09-17T14:16:38.5955965Z   Downloaded nonempty v0.11.0
2026-09-17T14:16:38.6066957Z   Downloaded argon2 v0.5.3
2026-09-17T14:16:38.6212241Z   Downloaded autocfg v1.5.1
2026-09-17T14:16:38.6347518Z   Downloaded fpe v0.6.1
2026-09-17T14:16:38.6481604Z   Downloaded once_cell v1.21.4
2026-09-17T14:16:38.6719089Z   Downloaded chacha20 v0.9.1
2026-09-17T14:16:38.6859001Z   Downloaded group v0.13.0
2026-09-17T14:16:38.6961612Z   Downloaded digest v0.10.7
2026-09-17T14:16:38.7127256Z   Downloaded ppv-lite86 v0.2.21
2026-09-17T14:16:38.7216599Z   Downloaded cipher v0.4.4
2026-09-17T14:16:38.7333594Z   Downloaded constant_time_eq v0.4.2
2026-09-17T14:16:38.7490004Z   Downloaded either v1.18.0
2026-09-17T14:16:38.8219654Z   Downloaded byteorder v1.5.0
2026-09-17T14:16:38.8323554Z   Downloaded cbc v0.1.2
2026-09-17T14:16:38.8437968Z   Downloaded incrementalmerkletree v0.8.1
2026-09-17T14:16:38.8513287Z   Downloaded pin-project-lite v0.2.17
2026-09-17T14:16:38.9052984Z   Downloaded rand_core v0.6.4
2026-09-17T14:16:38.9143386Z   Downloaded zeroize_derive v1.5.0
2026-09-17T14:16:38.9208829Z   Downloaded zeroize v1.9.0
2026-09-17T14:16:38.9311584Z   Downloaded critical-section v1.2.0
2026-09-17T14:16:38.9442687Z   Downloaded crossbeam-deque v0.8.8
2026-09-17T14:16:38.9534139Z   Downloaded thiserror v2.0.20
2026-09-17T14:16:39.0126771Z   Downloaded quote v1.0.47
2026-09-17T14:16:39.0663002Z   Downloaded lock_api v0.4.14
2026-09-17T14:16:39.0757804Z   Downloaded static_assertions v1.1.0
2026-09-17T14:16:39.0873151Z   Downloaded blake2b_simd v1.0.5
2026-09-17T14:16:39.1016859Z   Downloaded poly1305 v0.8.0
2026-09-17T14:16:39.1195954Z   Downloaded sha2 v0.10.9
2026-09-17T14:16:39.1525396Z   Downloaded arrayvec v0.7.8
2026-09-17T14:16:39.1689710Z   Downloaded password-hash v0.5.0
2026-09-17T14:16:39.1853374Z   Downloaded crossbeam-epoch v0.9.21
2026-09-17T14:16:39.2031396Z   Downloaded aes v0.8.4
2026-09-17T14:16:41.0415980Z   Downloaded thiserror-impl v2.0.20
2026-09-17T14:16:41.6383253Z   Downloaded tracing-attributes v0.1.31
2026-09-17T14:16:41.7013510Z   Downloaded uint v0.9.5
2026-09-17T14:16:41.7111936Z   Downloaded zip32 v0.2.1
2026-09-17T14:16:41.7784319Z   Downloaded blake2 v0.10.6
2026-09-17T14:16:41.7944341Z   Downloaded crossbeam-utils v0.8.23
2026-09-17T14:16:41.8183069Z   Downloaded ff v0.13.1
2026-09-17T14:16:41.8282081Z   Downloaded jubjub v0.10.0
2026-09-17T14:16:41.8535519Z   Downloaded num-integer v0.1.47
2026-09-17T14:16:41.8646622Z   Downloaded indexmap v1.9.3
2026-09-17T14:16:41.8886842Z   Downloaded litrs v1.0.0
2026-09-17T14:16:41.9081812Z   Downloaded spin v0.9.9
2026-09-17T14:16:41.9289839Z   Downloaded base64ct v1.8.3
2026-09-17T14:16:42.6230250Z   Downloaded getrandom v0.2.17
2026-09-17T14:16:42.6487428Z   Downloaded halo2_poseidon v0.1.0
2026-09-17T14:16:42.6593144Z   Downloaded postcard v1.1.3
2026-09-17T14:16:42.6763911Z   Downloaded serde_core v1.0.229
2026-09-17T14:16:42.6950185Z   Downloaded num-traits v0.2.19
2026-09-17T14:16:42.7148152Z   Downloaded bech32 v0.11.1
2026-09-17T14:16:42.7385949Z   Downloaded heapless v0.7.17
2026-09-17T14:16:42.7660027Z   Downloaded chacha20poly1305 v0.10.1
2026-09-17T14:16:42.7754953Z   Downloaded serde_derive v1.0.229
2026-09-17T14:16:42.8048410Z   Downloaded frost-core v3.0.0
2026-09-17T14:16:42.8279120Z   Downloaded rayon-core v1.13.0
2026-09-17T14:16:42.8555532Z   Downloaded semver v1.0.28
2026-09-17T14:16:42.8773813Z   Downloaded tracing-core v0.1.36
2026-09-17T14:16:42.8961089Z   Downloaded proc-macro2 v1.0.107
2026-09-17T14:16:42.9188468Z   Downloaded rand v0.8.5
2026-09-17T14:16:42.9459667Z   Downloaded serde v1.0.229
2026-09-17T14:16:42.9692553Z   Downloaded unicode-ident v1.0.24
2026-09-17T14:16:42.9911559Z   Downloaded hashbrown v0.12.3
2026-09-17T14:16:43.0162994Z   Downloaded reddsa v0.5.2
2026-09-17T14:16:43.0529823Z   Downloaded sinsemilla v0.1.0
2026-09-17T14:16:43.0626313Z   Downloaded num-bigint v0.4.8
2026-09-17T14:16:43.1019329Z   Downloaded typenum v1.20.1
2026-09-17T14:16:43.1207515Z   Downloaded libm v0.2.16
2026-09-17T14:16:43.2012012Z   Downloaded zerocopy-derive v0.8.57
2026-09-17T14:16:43.2974175Z   Downloaded itertools v0.14.0
2026-09-17T14:16:43.5480911Z   Downloaded rayon v1.12.0
2026-09-17T14:16:45.3658145Z   Downloaded halo2_proofs v0.3.5
2026-09-17T14:16:45.4212859Z   Downloaded bitvec v1.1.1
2026-09-17T14:16:45.5553932Z   Downloaded halo2_gadgets v0.5.0
2026-09-17T14:16:45.6345299Z   Downloaded syn v2.0.119
2026-09-17T14:16:45.6989631Z   Downloaded pasta_curves v0.5.2
2026-09-17T14:16:45.7426005Z   Downloaded bls12_381 v0.8.0
2026-09-17T14:16:45.7752813Z   Downloaded orchard v0.15.5
2026-09-17T14:16:45.8600390Z   Downloaded libc v0.2.189
2026-09-17T14:16:48.1555783Z   Downloaded zerocopy v0.8.57
2026-09-17T14:16:48.3367116Z   Downloaded syn v3.0.5
2026-09-17T14:16:48.4038360Z   Downloaded tracing v0.1.44
2026-09-17T14:16:50.5822168Z     Checking cfg-if v1.0.4
2026-09-17T14:16:50.5831907Z    Compiling proc-macro2 v1.0.107
2026-09-17T14:16:50.6279646Z     Checking getrandom v0.2.17
2026-09-17T14:16:50.7337484Z     Checking rand_core v0.6.4
2026-09-17T14:16:50.8790901Z    Compiling unicode-ident v1.0.24
2026-09-17T14:16:50.9619826Z    Compiling quote v1.0.47
2026-09-17T14:16:52.4933669Z     Checking subtle v2.6.1
2026-09-17T14:16:52.6325498Z    Compiling version_check v0.9.5
2026-09-17T14:16:52.9321207Z    Compiling generic-array v0.14.7
2026-09-17T14:16:53.3953257Z     Checking typenum v1.20.1
2026-09-17T14:16:53.4216495Z    Compiling syn v2.0.119
2026-09-17T14:16:54.6603483Z     Checking crypto-common v0.1.7
2026-09-17T14:16:54.7441873Z    Compiling radium v0.7.0
2026-09-17T14:16:54.9688747Z     Checking tap v1.0.1
2026-09-17T14:16:55.0343985Z     Checking wyz v0.5.1
2026-09-17T14:16:55.3530653Z     Checking funty v2.0.0
2026-09-17T14:16:55.7825515Z    Compiling zerocopy v0.8.57
2026-09-17T14:16:56.1040026Z    Compiling autocfg v1.5.1
2026-09-17T14:16:56.5213611Z     Checking bitvec v1.1.1
2026-09-17T14:16:58.4979849Z     Checking ff v0.13.1
2026-09-17T14:16:58.7385651Z    Compiling zeroize_derive v1.5.0
2026-09-17T14:16:59.3534265Z     Checking zeroize v1.9.0
2026-09-17T14:16:59.4973220Z     Checking arrayvec v0.7.8
2026-09-17T14:16:59.6662254Z     Checking memuse v0.2.2
2026-09-17T14:16:59.7894042Z     Checking constant_time_eq v0.4.2
2026-09-17T14:16:59.8863969Z    Compiling crossbeam-utils v0.8.23
2026-09-17T14:17:00.1518361Z     Checking blake2b_simd v1.0.5
2026-09-17T14:17:00.5354503Z    Compiling crossbeam-epoch v0.9.21
2026-09-17T14:17:01.1031124Z     Checking group v0.13.0
2026-09-17T14:17:01.2308380Z     Checking inout v0.1.4
2026-09-17T14:17:01.3164334Z     Checking static_assertions v1.1.0
2026-09-17T14:17:01.3597848Z     Checking spin v0.9.9
2026-09-17T14:17:01.4425392Z    Compiling crossbeam-deque v0.8.8
2026-09-17T14:17:01.6503324Z     Checking cpufeatures v0.2.17
2026-09-17T14:17:01.7136208Z     Checking lazy_static v1.5.0
2026-09-17T14:17:01.7663128Z     Checking cipher v0.4.4
2026-09-17T14:17:02.0774452Z     Checking ppv-lite86 v0.2.21
2026-09-17T14:17:02.1631978Z    Compiling rayon-core v1.13.0
2026-09-17T14:17:02.4278380Z     Checking rand_chacha v0.3.1
2026-09-17T14:17:02.5109980Z    Compiling num-traits v0.2.19
2026-09-17T14:17:02.6304260Z     Checking rand v0.8.5
2026-09-17T14:17:02.7309661Z    Compiling syn v3.0.5
2026-09-17T14:17:03.1945301Z     Checking pasta_curves v0.5.2
2026-09-17T14:17:03.8953594Z     Checking either v1.18.0
2026-09-17T14:17:04.5670556Z    Compiling indexmap v1.9.3
2026-09-17T14:17:04.7368179Z     Checking once_cell v1.21.4
2026-09-17T14:17:04.8875918Z    Compiling crunchy v0.2.4
2026-09-17T14:17:05.1002842Z    Compiling serde_core v1.0.229
2026-09-17T14:17:05.2589274Z     Checking tracing-core v0.1.36
2026-09-17T14:17:05.5116966Z     Checking rayon v1.12.0
2026-09-17T14:17:06.2252912Z    Compiling tracing-attributes v0.1.31
2026-09-17T14:17:07.3943382Z     Checking universal-hash v0.5.1
2026-09-17T14:17:07.4847812Z     Checking block-buffer v0.10.4
2026-09-17T14:17:07.5611172Z    Compiling serde v1.0.229
2026-09-17T14:17:07.5890048Z     Checking hex v0.4.3
2026-09-17T14:17:07.7998767Z     Checking pin-project-lite v0.2.17
2026-09-17T14:17:07.8075049Z     Checking byteorder v1.5.0
2026-09-17T14:17:07.8617415Z    Compiling libm v0.2.16
2026-09-17T14:17:07.9808701Z    Compiling thiserror v2.0.20
2026-09-17T14:17:08.1167840Z     Checking opaque-debug v0.3.1
2026-09-17T14:17:08.1527484Z     Checking hashbrown v0.12.3
2026-09-17T14:17:08.3679056Z     Checking poly1305 v0.8.0
2026-09-17T14:17:08.6397252Z     Checking tracing v0.1.44
2026-09-17T14:17:08.8346616Z     Checking digest v0.10.7
2026-09-17T14:17:08.9354592Z     Checking maybe-rayon v0.1.1
2026-09-17T14:17:08.9793764Z     Checking num-integer v0.1.47
2026-09-17T14:17:09.2413294Z    Compiling thiserror-impl v2.0.20
2026-09-17T14:17:10.5302504Z    Compiling serde_derive v1.0.229
2026-09-17T14:17:10.9001072Z     Checking chacha20 v0.9.1
2026-09-17T14:17:11.0667117Z     Checking bls12_381 v0.8.0
2026-09-17T14:17:11.2376851Z     Checking aead v0.5.2
2026-09-17T14:17:11.3512735Z     Checking halo2_legacy_pdqsort v0.1.0
2026-09-17T14:17:11.4552243Z     Checking halo2_proofs v0.3.5
2026-09-17T14:17:14.0474092Z     Checking chacha20poly1305 v0.10.1
2026-09-17T14:17:14.1280779Z     Checking jubjub v0.10.0
2026-09-17T14:17:14.2551586Z     Checking uint v0.9.5
2026-09-17T14:17:14.3421005Z     Checking num-bigint v0.4.8
2026-09-17T14:17:15.3621467Z     Checking halo2_poseidon v0.1.0
2026-09-17T14:17:15.4238164Z     Checking sinsemilla v0.1.0
2026-09-17T14:17:15.6676048Z     Checking cbc v0.1.2
2026-09-17T14:17:15.7563656Z     Checking zcash_spec v0.2.1
2026-09-17T14:17:15.8266763Z     Checking base64ct v1.8.3
2026-09-17T14:17:16.0503588Z     Checking bech32 v0.11.1
2026-09-17T14:17:16.1826846Z     Checking halo2_gadgets v0.5.0
2026-09-17T14:17:16.3756809Z     Checking zip32 v0.2.1
2026-09-17T14:17:16.5362041Z     Checking password-hash v0.5.0
2026-09-17T14:17:16.7842576Z     Checking fpe v0.6.1
2026-09-17T14:17:16.9721310Z     Checking reddsa v0.5.2
2026-09-17T14:17:17.2513500Z     Checking zcash_note_encryption v0.4.2
2026-09-17T14:17:17.4065984Z     Checking blake2 v0.10.6
2026-09-17T14:17:17.5588332Z     Checking incrementalmerkletree v0.8.1
2026-09-17T14:17:17.6141937Z     Checking aes v0.8.4
2026-09-17T14:17:17.7195815Z    Compiling getset v0.1.7
2026-09-17T14:17:18.0441577Z    Compiling visibility v0.1.1
2026-09-17T14:17:18.3386134Z     Checking corez v0.1.1
2026-09-17T14:17:18.3616746Z     Checking nonempty v0.11.0
2026-09-17T14:17:18.3805758Z     Checking argon2 v0.5.3
2026-09-17T14:17:18.4873183Z     Checking orchard v0.15.5
2026-09-17T14:17:18.7116415Z     Checking sha2 v0.10.9
2026-09-17T14:17:20.1173165Z     Checking zevune-orchard-lab v0.1.0 (D:\a\Zevune\Zevune\integration\orchard)
2026-09-17T14:17:23.7012249Z     Finished `release` profile [optimized] target(s) in 33.35s
2026-09-17T14:17:23.9268754Z ##[group]Run python scripts/run_funded_rust.py interfaces
2026-09-17T14:17:23.9269485Z [36;1mpython scripts/run_funded_rust.py interfaces[0m
2026-09-17T14:17:23.9270215Z [36;1mcargo +1.98.1 build --manifest-path integration/orchard/Cargo.toml --locked --release --features local-funding-lab --bins[0m
2026-09-17T14:17:23.9283543Z shell: C:\Program Files\Git\bin\bash.EXE --noprofile --norc -e -o pipefail {0}
2026-09-17T14:17:23.9284455Z env:
2026-09-17T14:17:23.9284775Z   RAYON_NUM_THREADS: 2
2026-09-17T14:17:23.9285106Z   CARGO_BUILD_JOBS: 2
2026-09-17T14:17:23.9285413Z   GOTOOLCHAIN: local
2026-09-17T14:17:23.9285775Z ##[endgroup]
2026-09-17T14:17:24.1179064Z {"cohort": "interfaces", "commands": [["cargo", "test", "--locked", "--release", "--features", "local-funding-lab", "--bin", "zevune-funded-scenario", "--bin", "zevune-orchard-worker", "--bin", "zevune-pool-recovery", "--bin", "zevune-pool-worker", "--bin", "zevune-wallet-local", "--test", "active_incremental_cli", "--test", "active_recovery_cli", "--test", "authorization_cache", "--test", "bridge", "--test", "cache_state_guards", "--test", "default_worker_policy", "--test", "genesis_domain", "--test", "genesis_manifest_bounds", "--test", "operator_cli", "--test", "payment_preflight", "--test", "pool_network", "--test", "real_bundle", "--test", "recipient_domain", "--test", "recovery_cli", "--test", "test_genesis", "--", "--test-threads=1"], ["cargo", "test", "--locked", "--release", "--features", "local-funding-lab", "--doc", "--", "--test-threads=1"]], "documentation_tests": true, "test_targets": [["bin", "zevune-funded-scenario"], ["bin", "zevune-orchard-worker"], ["bin", "zevune-pool-recovery"], ["bin", "zevune-pool-worker"], ["bin", "zevune-wallet-local"], ["test", "active_incremental_cli"], ["test", "active_recovery_cli"], ["test", "authorization_cache"], ["test", "bridge"], ["test", "cache_state_guards"], ["test", "default_worker_policy"], ["test", "genesis_domain"], ["test", "genesis_manifest_bounds"], ["test", "operator_cli"], ["test", "payment_preflight"], ["test", "pool_network"], ["test", "real_bundle"], ["test", "recipient_domain"], ["test", "recovery_cli"], ["test", "test_genesis"]]}
2026-09-17T14:17:24.1185824Z RUN cargo test --locked --release --features local-funding-lab --bin zevune-funded-scenario --bin zevune-orchard-worker --bin zevune-pool-recovery --bin zevune-pool-worker --bin zevune-wallet-local --test active_incremental_cli --test active_recovery_cli --test authorization_cache --test bridge --test cache_state_guards --test default_worker_policy --test genesis_domain --test genesis_manifest_bounds --test operator_cli --test payment_preflight --test pool_network --test real_bundle --test recipient_domain --test recovery_cli --test test_genesis -- --test-threads=1
2026-09-17T14:17:24.4101182Z    Compiling cfg-if v1.0.4
2026-09-17T14:17:24.4110500Z    Compiling subtle v2.6.1
2026-09-17T14:17:24.4628502Z    Compiling getrandom v0.2.17
2026-09-17T14:17:24.5579593Z    Compiling typenum v1.20.1
2026-09-17T14:17:24.6516849Z    Compiling rand_core v0.6.4
2026-09-17T14:17:24.9158310Z    Compiling tap v1.0.1
2026-09-17T14:17:24.9973701Z    Compiling wyz v0.5.1
2026-09-17T14:17:25.1763474Z    Compiling radium v0.7.0
2026-09-17T14:17:25.3424864Z    Compiling generic-array v0.14.7
2026-09-17T14:17:25.4120943Z    Compiling funty v2.0.0
2026-09-17T14:17:26.0047064Z    Compiling crypto-common v0.1.7
2026-09-17T14:17:26.1120197Z    Compiling bitvec v1.1.1
2026-09-17T14:17:26.9541129Z    Compiling zeroize v1.9.0
2026-09-17T14:17:27.1298880Z    Compiling zerocopy v0.8.57
2026-09-17T14:17:28.8553364Z    Compiling ff v0.13.1
2026-09-17T14:17:28.9832948Z    Compiling arrayvec v0.7.8
2026-09-17T14:17:29.2056169Z    Compiling constant_time_eq v0.4.2
2026-09-17T14:17:29.3739821Z    Compiling memuse v0.2.2
2026-09-17T14:17:29.5381474Z    Compiling blake2b_simd v1.0.5
2026-09-17T14:17:30.9702842Z    Compiling ppv-lite86 v0.2.21
2026-09-17T14:17:31.3232129Z    Compiling crossbeam-utils v0.8.23
2026-09-17T14:17:32.0482389Z    Compiling rand_chacha v0.3.1
2026-09-17T14:17:32.7840092Z    Compiling group v0.13.0
2026-09-17T14:17:32.8727091Z    Compiling inout v0.1.4
2026-09-17T14:17:32.9755172Z    Compiling cpufeatures v0.2.17
2026-09-17T14:17:32.9863606Z    Compiling static_assertions v1.1.0
2026-09-17T14:17:33.0268161Z    Compiling spin v0.9.9
2026-09-17T14:17:33.0371468Z    Compiling cipher v0.4.4
2026-09-17T14:17:33.1426878Z    Compiling lazy_static v1.5.0
2026-09-17T14:17:33.2035518Z    Compiling rand v0.8.5
2026-09-17T14:17:33.2859828Z    Compiling crossbeam-epoch v0.9.21
2026-09-17T14:17:33.7720537Z    Compiling crossbeam-deque v0.8.8
2026-09-17T14:17:33.9649789Z    Compiling pasta_curves v0.5.2
2026-09-17T14:17:34.0555476Z    Compiling either v1.18.0
2026-09-17T14:17:34.2493849Z    Compiling rayon-core v1.13.0
2026-09-17T14:17:36.3571624Z    Compiling once_cell v1.21.4
2026-09-17T14:17:36.5880341Z    Compiling tracing-core v0.1.36
2026-09-17T14:17:37.8251293Z    Compiling rayon v1.12.0
2026-09-17T14:17:40.5565971Z    Compiling num-traits v0.2.19
2026-09-17T14:17:41.4202882Z    Compiling universal-hash v0.5.1
2026-09-17T14:17:41.5271865Z    Compiling block-buffer v0.10.4
2026-09-17T14:17:41.6420127Z    Compiling pin-project-lite v0.2.17
2026-09-17T14:17:41.7325216Z    Compiling hashbrown v0.12.3
2026-09-17T14:17:42.3421739Z    Compiling opaque-debug v0.3.1
2026-09-17T14:17:42.3927993Z    Compiling byteorder v1.5.0
2026-09-17T14:17:42.6253400Z    Compiling hex v0.4.3
2026-09-17T14:17:42.8999921Z    Compiling poly1305 v0.8.0
2026-09-17T14:17:43.7530505Z    Compiling indexmap v1.9.3
2026-09-17T14:17:44.2574711Z    Compiling tracing v0.1.44
2026-09-17T14:17:44.6520878Z    Compiling digest v0.10.7
2026-09-17T14:17:44.8698374Z    Compiling num-integer v0.1.47
2026-09-17T14:17:45.5126985Z    Compiling maybe-rayon v0.1.1
2026-09-17T14:17:45.5618261Z    Compiling serde_core v1.0.229
2026-09-17T14:17:48.1032032Z    Compiling crunchy v0.2.4
2026-09-17T14:17:48.1546494Z    Compiling chacha20 v0.9.1
2026-09-17T14:17:48.3676788Z    Compiling bls12_381 v0.8.0
2026-09-17T14:17:49.0071114Z    Compiling aead v0.5.2
2026-09-17T14:17:49.1574673Z    Compiling halo2_legacy_pdqsort v0.1.0
2026-09-17T14:17:49.2854404Z    Compiling halo2_proofs v0.3.5
2026-09-17T14:17:55.9466714Z    Compiling chacha20poly1305 v0.10.1
2026-09-17T14:17:56.0525688Z    Compiling jubjub v0.10.0
2026-09-17T14:18:00.7376566Z    Compiling thiserror v2.0.20
2026-09-17T14:18:00.8175224Z    Compiling serde v1.0.229
2026-09-17T14:18:01.5492647Z    Compiling uint v0.9.5
2026-09-17T14:18:01.6773082Z    Compiling num-bigint v0.4.8
2026-09-17T14:18:07.3901693Z    Compiling libm v0.2.16
2026-09-17T14:18:09.7084670Z    Compiling sinsemilla v0.1.0
2026-09-17T14:18:10.2037935Z    Compiling halo2_poseidon v0.1.0
2026-09-17T14:18:11.1118207Z    Compiling cbc v0.1.2
2026-09-17T14:18:11.1331532Z    Compiling zcash_spec v0.2.1
2026-09-17T14:18:11.2370618Z    Compiling base64ct v1.8.3
2026-09-17T14:18:11.2536438Z    Compiling bech32 v0.11.1
2026-09-17T14:18:11.5694050Z    Compiling password-hash v0.5.0
2026-09-17T14:18:11.8153724Z    Compiling zip32 v0.2.1
2026-09-17T14:18:12.3713097Z    Compiling fpe v0.6.1
2026-09-17T14:18:12.8782973Z    Compiling halo2_gadgets v0.5.0
2026-09-17T14:18:13.5738698Z    Compiling reddsa v0.5.2
2026-09-17T14:18:14.0337111Z    Compiling zcash_note_encryption v0.4.2
2026-09-17T14:18:14.2883634Z    Compiling blake2 v0.10.6
2026-09-17T14:18:14.9331260Z    Compiling incrementalmerkletree v0.8.1
2026-09-17T14:18:15.1610053Z    Compiling aes v0.8.4
2026-09-17T14:18:16.4838614Z    Compiling nonempty v0.11.0
2026-09-17T14:18:16.6383730Z    Compiling corez v0.1.1
2026-09-17T14:18:16.6874790Z    Compiling argon2 v0.5.3
2026-09-17T14:18:18.0566357Z    Compiling orchard v0.15.5
2026-09-17T14:18:21.0219678Z    Compiling sha2 v0.10.9
2026-09-17T14:18:23.1039604Z    Compiling zevune-orchard-lab v0.1.0 (D:\a\Zevune\Zevune\integration\orchard)
2026-09-17T14:20:46.0481205Z     Finished `release` profile [optimized] target(s) in 3m 21s
2026-09-17T14:20:46.0644277Z      Running unittests src\bin\zevune-funded-scenario.rs (target\release\deps\zevune_funded_scenario-532f1a6ed4a6303d.exe)
2026-09-17T14:20:46.0766660Z 
2026-09-17T14:20:46.0767402Z running 0 tests
2026-09-17T14:20:46.0767691Z 
2026-09-17T14:20:46.0768049Z test result: ok. 0 passed; 0 failed; 0 ignored; 0 measured; 0 filtered out; finished in 0.00s
2026-09-17T14:20:46.0768397Z 
2026-09-17T14:20:46.0790301Z      Running unittests src\bin\zevune-orchard-worker.rs (target\release\deps\zevune_orchard_worker-9e5dcf0ca95f5c84.exe)
2026-09-17T14:20:46.0913020Z 
2026-09-17T14:20:46.0913672Z running 0 tests
2026-09-17T14:20:46.0913974Z 
2026-09-17T14:20:46.0914538Z test result: ok. 0 passed; 0 failed; 0 ignored; 0 measured; 0 filtered out; finished in 0.00s
2026-09-17T14:20:46.0915173Z 
2026-09-17T14:20:46.0933469Z      Running unittests src\bin\zevune-pool-recovery.rs (target\release\deps\zevune_pool_recovery-743a26c2a7fe3363.exe)
2026-09-17T14:20:46.1047162Z 
2026-09-17T14:20:46.1047758Z running 0 tests
2026-09-17T14:20:46.1048951Z 
2026-09-17T14:20:46.1049254Z test result: ok. 0 passed; 0 failed; 0 ignored; 0 measured; 0 filtered out; finished in 0.00s
2026-09-17T14:20:46.1049716Z 
2026-09-17T14:20:46.1072237Z      Running unittests src\bin\zevune-pool-worker.rs (target\release\deps\zevune_pool_worker-21d062807887625b.exe)
2026-09-17T14:20:46.1186359Z 
2026-09-17T14:20:46.1186951Z running 3 tests
2026-09-17T14:20:46.1190187Z test tests::block_decoder_bounds ... ok
2026-09-17T14:20:46.1192639Z test tests::frame_truncation_and_bombs ... ok
2026-09-17T14:20:46.1195364Z test tests::selection_frame_is_bounded_canonical_and_separate_from_blocks ... ok
2026-09-17T14:20:46.1214984Z      Running unittests src\bin\zevune-wallet-local.rs (target\release\deps\zevune_wallet_local-3f66af578b7e58c4.exe)
2026-09-17T14:20:46.1215514Z 
2026-09-17T14:20:46.1215898Z test result: ok. 3 passed; 0 failed; 0 ignored; 0 measured; 0 filtered out; finished in 0.00s
2026-09-17T14:20:46.1216305Z 
2026-09-17T14:20:46.1348620Z 
2026-09-17T14:20:46.1349057Z running 11 tests
2026-09-17T14:20:46.1352708Z test tests::compaction_frame_requires_explicit_pin_and_exact_two_paths ... ok
2026-09-17T14:20:46.1531895Z test tests::experimental_address_and_numbers_require_canonical_encoding ... ok
2026-09-17T14:20:49.0633263Z test tests::invalid_spend_does_not_construct_public_proving_parameters ... ok
2026-09-17T14:20:49.1009766Z test tests::malformed_amounts_are_rejected_before_wallet_access ... ok
2026-09-17T14:20:49.1013446Z test tests::network_address_operation_has_exact_bounded_fields ... ok
2026-09-17T14:20:49.1019045Z test tests::parser_rejects_every_truncation_unknown_operation_and_trailing_byte ... ok
2026-09-17T14:20:49.1021674Z test tests::storage_inspection_frame_has_exactly_one_path ... ok
2026-09-17T14:20:49.1324670Z test tests::wrong_network_is_rejected_before_wallet_file_open ... ok
2026-09-17T14:20:49.1327730Z test timing::tests::incomplete_or_extra_stages_do_not_make_a_success_measurement ... ok
2026-09-17T14:20:49.1330774Z test timing::tests::reversed_clock_invalidates_all_durations_not_payment_state ... ok
2026-09-17T14:20:49.1333319Z test timing::tests::stages_are_disjoint_and_total_includes_rounding_remainder ... ok
2026-09-17T14:20:49.1333855Z 
2026-09-17T14:20:49.1334143Z test result: ok. 11 passed; 0 failed; 0 ignored; 0 measured; 0 filtered out; finished in 3.00s
2026-09-17T14:20:49.1334588Z 
2026-09-17T14:20:49.1360782Z      Running tests\active_incremental_cli.rs (target\release\deps\active_incremental_cli-2e6a30f35a7f6f30.exe)
2026-09-17T14:20:49.1493407Z 
2026-09-17T14:20:49.1494072Z running 7 tests
2026-09-17T14:21:02.7415288Z test active_incremental_cli_genesis_and_same_content_have_exact_empty_plan_schema ... ok
2026-09-17T14:21:18.0145298Z test active_incremental_cli_individually_valid_forks_rollback_and_networks_fail ... ok
2026-09-17T14:21:23.8237287Z test active_incremental_cli_options_profiles_and_legacy_pins_are_rejected_readonly ... ok
2026-09-17T14:21:40.0793113Z test active_incremental_cli_readonly_stdout_fails_with_writable_and_empty_controls ... ok
2026-09-17T14:22:02.2216360Z test active_incremental_cli_real_payments_restore_spend_and_rehashed_bad_signature ... ok
2026-09-17T14:22:07.4849992Z test active_incremental_cli_writer_locks_reject_and_shared_readers_coexist ... ok
2026-09-17T14:22:30.9994032Z test active_incremental_cli_wrong_pins_missing_and_damaged_bytes_fail_on_either_side ... ok
2026-09-17T14:22:30.9994594Z 
2026-09-17T14:22:30.9994944Z test result: ok. 7 passed; 0 failed; 0 ignored; 0 measured; 0 filtered out; finished in 101.85s
2026-09-17T14:22:30.9995533Z 
2026-09-17T14:22:31.0024636Z      Running tests\active_recovery_cli.rs (target\release\deps\active_recovery_cli-4630fc6ae377508a.exe)
2026-09-17T14:22:31.0155082Z 
2026-09-17T14:22:31.0155789Z running 7 tests
2026-09-17T14:22:46.8782769Z test active_cli_bad_options_and_exact_tip_fail_without_changes ... ok
2026-09-17T14:22:50.6238028Z test active_cli_corrupt_missing_extra_and_split_files_fail_before_copy_creation ... ok
2026-09-17T14:23:03.4425565Z test active_cli_genesis_without_segments_is_an_explicit_checkpoint ... ok
2026-09-17T14:23:10.3672781Z test active_cli_keeps_legacy_profiles_pins_commands_and_json_separate ... ok
2026-09-17T14:23:43.6889545Z test active_cli_locked_sources_and_existing_or_nested_targets_are_refused ... ok
2026-09-17T14:24:09.4069935Z test active_cli_real_payment_backup_restore_and_receiver_spend ... ok
2026-09-17T14:24:30.1480300Z test active_cli_stdout_failure_is_nonzero_and_complete_target_remains_verifiable ... ok
2026-09-17T14:24:30.1480856Z 
2026-09-17T14:24:30.1481173Z test result: ok. 7 passed; 0 failed; 0 ignored; 0 measured; 0 filtered out; finished in 119.13s
2026-09-17T14:24:30.1481584Z 
2026-09-17T14:24:30.1514522Z      Running tests\authorization_cache.rs (target\release\deps\authorization_cache-77afddc51aee551f.exe)
2026-09-17T14:24:30.1646209Z 
2026-09-17T14:24:30.1647935Z running 1 test
2026-09-17T14:24:39.6189246Z test real_authorization_reuse_rejects_changed_bytes_and_restarts_cold ... ok
2026-09-17T14:24:39.6189834Z 
2026-09-17T14:24:39.6190268Z test result: ok. 1 passed; 0 failed; 0 ignored; 0 measured; 0 filtered out; finished in 9.45s
2026-09-17T14:24:39.6190833Z 
2026-09-17T14:24:39.6227545Z      Running tests\bridge.rs (target\release\deps\bridge-d5c366d3b2cf14b9.exe)
2026-09-17T14:24:39.6359121Z 
2026-09-17T14:24:39.6359709Z running 1 test
2026-09-17T14:24:51.5249557Z test real_wire_roundtrip_individual_authorization_and_rejections ... ok
2026-09-17T14:24:51.5250126Z 
2026-09-17T14:24:51.5250596Z test result: ok. 1 passed; 0 failed; 0 ignored; 0 measured; 0 filtered out; finished in 11.89s
2026-09-17T14:24:51.5251000Z 
2026-09-17T14:24:51.5283185Z      Running tests\cache_state_guards.rs (target\release\deps\cache_state_guards-776d1e2ad83d0e44.exe)
2026-09-17T14:24:51.5417864Z 
2026-09-17T14:24:51.5418616Z running 1 test
2026-09-17T14:25:01.2896847Z test warm_authorization_still_checks_atomicity_spends_expiry_and_roots ... ok
2026-09-17T14:25:01.2897487Z 
2026-09-17T14:25:01.2897974Z test result: ok. 1 passed; 0 failed; 0 ignored; 0 measured; 0 filtered out; finished in 9.75s
2026-09-17T14:25:01.2898480Z 
2026-09-17T14:25:01.2931099Z      Running tests\default_worker_policy.rs (target\release\deps\default_worker_policy-bb82f8a4326f25a1.exe)
2026-09-17T14:25:01.3050813Z 
2026-09-17T14:25:01.3051908Z running 0 tests
2026-09-17T14:25:01.3052645Z 
2026-09-17T14:25:01.3053012Z test result: ok. 0 passed; 0 failed; 0 ignored; 0 measured; 0 filtered out; finished in 0.00s
2026-09-17T14:25:01.3053820Z 
2026-09-17T14:25:01.3071826Z      Running tests\genesis_domain.rs (target\release\deps\genesis_domain-adb61918cd3d1dcc.exe)
2026-09-17T14:25:01.3199853Z 
2026-09-17T14:25:01.3200553Z running 5 tests
2026-09-17T14:25:01.3793007Z test identical_notes_different_deployment_have_different_signed_state ... ok
2026-09-17T14:25:11.0973252Z test legacy_wallet_and_log_remain_legacy_without_implicit_migration ... ok
2026-09-17T14:25:26.9543124Z test maximum_action_bound_payment_fits_exact_envelope_and_survives_replay ... ok
2026-09-17T14:25:34.8508645Z test real_payment_cannot_cross_identical_note_roots_or_be_relabelled ... ok
2026-09-17T14:25:34.8790235Z test zero_nonce_wrong_versions_truncation_and_extra_bytes_are_rejected ... ok
2026-09-17T14:25:34.8790847Z 
2026-09-17T14:25:34.8791320Z test result: ok. 5 passed; 0 failed; 0 ignored; 0 measured; 0 filtered out; finished in 33.56s
2026-09-17T14:25:34.8791788Z 
2026-09-17T14:25:34.8828672Z      Running tests\genesis_manifest_bounds.rs (target\release\deps\genesis_manifest_bounds-00c76ddbe5cf5d66.exe)
2026-09-17T14:25:34.8966607Z 
2026-09-17T14:25:34.8970166Z running 4 tests
2026-09-17T14:25:34.9167575Z test canonical_manifest_rejects_trailing_bytes_and_oversize_input ... ok
2026-09-17T14:25:34.9387073Z test every_truncated_manifest_is_rejected ... ok
2026-09-17T14:25:34.9811605Z test generation_requires_exact_supply_and_checked_arithmetic ... ok
2026-09-17T14:25:35.0004473Z test unsupported_manifest_magic_is_rejected ... ok
2026-09-17T14:25:35.0004908Z 
2026-09-17T14:25:35.0005204Z test result: ok. 4 passed; 0 failed; 0 ignored; 0 measured; 0 filtered out; finished in 0.10s
2026-09-17T14:25:35.0005602Z 
2026-09-17T14:25:35.0028096Z      Running tests\operator_cli.rs (target\release\deps\operator_cli-5320cb59363a6f82.exe)
2026-09-17T14:25:35.0171385Z 
2026-09-17T14:25:35.0172113Z running 3 tests
2026-09-17T14:25:36.5388395Z test encrypted_backup_restore_addresses_and_wrong_password ... ok
2026-09-17T14:25:36.6435320Z test malformed_requests_and_missing_opt_in_never_create_wallets ... ok
2026-09-17T14:26:42.2458165Z test operator_processes_prepare_resume_and_confirm_two_real_payments ... ok
2026-09-17T14:26:42.2485783Z      Running tests\payment_preflight.rs (target\release\deps\payment_preflight-adc97f3b74fd868a.exe)
2026-09-17T14:26:42.2486283Z 
2026-09-17T14:26:42.2486741Z test result: ok. 3 passed; 0 failed; 0 ignored; 0 measured; 0 filtered out; finished in 67.23s
2026-09-17T14:26:42.2487092Z 
2026-09-17T14:26:42.2609709Z 
2026-09-17T14:26:42.2610596Z running 4 tests
2026-09-17T14:26:45.2942211Z test preflight_checks_domain_bounds_and_available_inputs_without_mutation ... ok
2026-09-17T14:26:45.4488115Z test preflight_respects_input_limit_not_just_total_balance ... ok
2026-09-17T14:26:46.0273946Z test restored_wallet_must_rescan_before_preflight_can_succeed ... ok
2026-09-17T14:26:46.0448044Z test unsynced_preflight_never_infers_identity_from_recipient ... ok
2026-09-17T14:26:46.0448607Z 
2026-09-17T14:26:46.0448952Z test result: ok. 4 passed; 0 failed; 0 ignored; 0 measured; 0 filtered out; finished in 3.78s
2026-09-17T14:26:46.0449358Z 
2026-09-17T14:26:46.0479250Z      Running tests\pool_network.rs (target\release\deps\pool_network-6ab0990ef7f931bd.exe)
2026-09-17T14:26:46.0625953Z 
2026-09-17T14:26:46.0626431Z running 1 test
2026-09-17T14:26:55.5749457Z test zero_value_real_proof_for_consensus ... ok
2026-09-17T14:26:55.5749902Z 
2026-09-17T14:26:55.5750239Z test result: ok. 1 passed; 0 failed; 0 ignored; 0 measured; 0 filtered out; finished in 9.51s
2026-09-17T14:26:55.5750580Z 
2026-09-17T14:26:55.5784137Z      Running tests\real_bundle.rs (target\release\deps\real_bundle-b47ca7035ce95a18.exe)
2026-09-17T14:26:55.5917568Z 
2026-09-17T14:26:55.5918427Z running 4 tests
2026-09-17T14:26:55.6182242Z test builder_rejects_wrong_owner_and_nonmember_path ... ok
2026-09-17T14:26:55.6215817Z test raw_key_reconstruction_preserves_local_receiver ... ok
2026-09-17T14:27:18.0724380Z test real_proofs_two_hops_and_adversarial_cases ... ok
2026-09-17T14:27:18.0729828Z test upstream_public_empty_root_vectors ... ok
2026-09-17T14:27:18.0730341Z 
2026-09-17T14:27:18.0730874Z test result: ok. 4 passed; 0 failed; 0 ignored; 0 measured; 0 filtered out; finished in 22.48s
2026-09-17T14:27:18.0731500Z 
2026-09-17T14:27:18.0764156Z      Running tests\recipient_domain.rs (target\release\deps\recipient_domain-fa0cbb9c816fdaba.exe)
2026-09-17T14:27:18.0921896Z 
2026-09-17T14:27:18.0922427Z running 4 tests
2026-09-17T14:27:18.1110052Z test canonical_receiver_formats_preserve_legacy_without_domain_fallback ... ok
2026-09-17T14:27:28.9176860Z test checked_recipient_real_payment_survives_backup_and_does_not_cross_networks ... ok
2026-09-17T14:27:28.9480652Z test network_recipient_requires_a_verified_history_not_only_keys ... ok
2026-09-17T14:27:28.9757439Z test recipient_parser_rejects_truncation_mutation_and_noncanonical_input ... ok
2026-09-17T14:27:28.9757853Z 
2026-09-17T14:27:28.9758198Z test result: ok. 4 passed; 0 failed; 0 ignored; 0 measured; 0 filtered out; finished in 10.89s
2026-09-17T14:27:28.9758641Z 
2026-09-17T14:27:28.9791528Z      Running tests\recovery_cli.rs (target\release\deps\recovery_cli-4e6101dd681e5490.exe)
2026-09-17T14:27:28.9920456Z 
2026-09-17T14:27:28.9921817Z running 4 tests
2026-09-17T14:27:39.6914537Z test indexed_cli_locations_match_original_frames_without_writing_sidecars ... ok
2026-09-17T14:27:39.7454407Z test recovery_cli_bad_options_do_not_touch_source_or_existing_target ... ok
2026-09-17T14:27:50.4272504Z test recovery_cli_checkpoint_backup_verify_restore_and_continuation ... ok
2026-09-17T14:28:03.5884322Z test segmented_cli_pack_verify_restore_and_reject_overwrite ... ok
2026-09-17T14:28:03.5884866Z 
2026-09-17T14:28:03.5885334Z test result: ok. 4 passed; 0 failed; 0 ignored; 0 measured; 0 filtered out; finished in 34.60s
2026-09-17T14:28:03.5885857Z 
2026-09-17T14:28:03.5911154Z      Running tests\test_genesis.rs (target\release\deps\test_genesis-5ee41359a4ac171e.exe)
2026-09-17T14:28:03.6042271Z 
2026-09-17T14:28:03.6043049Z running 3 tests
2026-09-17T14:28:06.4252243Z test genesis_cannot_be_submitted_as_a_later_mint_transaction ... ok
2026-09-17T14:28:06.4977264Z test pinned_manifest_storage_and_foreign_genesis_rejection ... ok
2026-09-17T14:28:06.6240289Z test wallet_identifies_only_its_public_genesis_allocations ... ok
2026-09-17T14:28:06.6240847Z 
2026-09-17T14:28:06.6241352Z test result: ok. 3 passed; 0 failed; 0 ignored; 0 measured; 0 filtered out; finished in 3.02s
2026-09-17T14:28:06.6241912Z 
2026-09-17T14:28:06.6372162Z RUN cargo test --locked --release --features local-funding-lab --doc -- --test-threads=1
2026-09-17T14:28:07.1123498Z     Finished `release` profile [optimized] target(s) in 0.41s
2026-09-17T14:28:07.1219543Z    Doc-tests zevune_orchard_lab
2026-09-17T14:28:07.2757281Z 
2026-09-17T14:28:07.2758381Z running 0 tests
2026-09-17T14:28:07.2758633Z 
2026-09-17T14:28:07.2759009Z test result: ok. 0 passed; 0 failed; 0 ignored; 0 measured; 0 filtered out; finished in 0.00s
2026-09-17T14:28:07.2759494Z 
2026-09-17T14:28:07.2945054Z FUNDED_COHORT_COMPLETE interfaces
2026-09-17T14:28:07.5130351Z     Finished `release` profile [optimized] target(s) in 0.14s
2026-09-17T14:28:07.5554892Z ##[group]Run python - <<'PY'
2026-09-17T14:28:07.5555576Z [36;1mpython - <<'PY'[0m
2026-09-17T14:28:07.5555941Z [36;1mimport os, subprocess, sys[0m
2026-09-17T14:28:07.5556399Z [36;1msuffix = '.exe' if os.name == 'nt' else ''[0m
2026-09-17T14:28:07.5557204Z [36;1msubprocess.run([sys.executable, 'scripts/check_wallet_backend.py', os.path.abspath('integration/orchard/target/release/zevune-wallet-local' + suffix)], check=True)[0m
2026-09-17T14:28:07.5558033Z [36;1mPY[0m
2026-09-17T14:28:07.5571295Z shell: C:\Program Files\Git\bin\bash.EXE --noprofile --norc -e -o pipefail {0}
2026-09-17T14:28:07.5571792Z env:
2026-09-17T14:28:07.5572139Z   RAYON_NUM_THREADS: 2
2026-09-17T14:28:07.5572444Z   CARGO_BUILD_JOBS: 2
2026-09-17T14:28:07.5572770Z   GOTOOLCHAIN: local
2026-09-17T14:28:07.5573708Z ##[endgroup]
2026-09-17T14:28:50.1495352Z {"measurement_scope": "single_local_prepare_sample_not_end_to_end", "samples": 1, "timing": {"format": "zevune-prepare-timing-1", "scope": "local_prepare_not_finality", "stages": {"export": 15029, "intent_preflight": 102, "prove_sign_verify_persist": 3750410, "prover_parameters": 3688756, "setup_and_sync": 2914240}, "total": 10368539, "unit": "microseconds", "valid": true}}
2026-09-17T14:28:50.1498021Z Python/Rust local-wallet interop and domain-checked payment/outbox recovery passed; no broadcast, secrets or wallet artifacts retained.
2026-09-17T14:28:50.1941713Z ##[group]Run python - <<'PY'
2026-09-17T14:28:50.1942240Z [36;1mpython - <<'PY'[0m
2026-09-17T14:28:50.1942542Z [36;1mimport os[0m
2026-09-17T14:28:50.1942981Z [36;1msuffix = '.exe' if os.name == 'nt' else ''[0m
2026-09-17T14:28:50.1943484Z [36;1mwith open(os.environ['GITHUB_ENV'], 'a', encoding='utf-8') as f:[0m
2026-09-17T14:28:50.1944225Z [36;1m    for env, name in [('ZEVUNE_POOL_WORKER', 'zevune-pool-worker'), ('ZEVUNE_FUNDED_SCENARIO', 'zevune-funded-scenario')]:[0m
2026-09-17T14:28:50.1947892Z [36;1m        f.write(env + '=' + os.path.abspath('integration/orchard/target/release/' + name + suffix) + '\n')[0m
2026-09-17T14:28:50.1948519Z [36;1mPY[0m
2026-09-17T14:28:50.1962814Z shell: C:\Program Files\Git\bin\bash.EXE --noprofile --norc -e -o pipefail {0}
2026-09-17T14:28:50.1963338Z env:
2026-09-17T14:28:50.1963633Z   RAYON_NUM_THREADS: 2
2026-09-17T14:28:50.1963995Z   CARGO_BUILD_JOBS: 2
2026-09-17T14:28:50.1964311Z   GOTOOLCHAIN: local
2026-09-17T14:28:50.1964787Z ##[endgroup]
2026-09-17T14:28:50.3166829Z ##[group]Run go test -mod=readonly -tags=pool_e2e,funded_e2e ./poolapp -run '^(TestFundedWalletFourNodesAndRecovery|TestPoolNodeHelper|TestGenesisBindingRejectsAmbiguityAndMismatch)$' -count=1 -timeout=15m -v
2026-09-17T14:28:50.3168542Z [36;1mgo test -mod=readonly -tags=pool_e2e,funded_e2e ./poolapp -run '^(TestFundedWalletFourNodesAndRecovery|TestPoolNodeHelper|TestGenesisBindingRejectsAmbiguityAndMismatch)$' -count=1 -timeout=15m -v[0m
2026-09-17T14:28:50.3169587Z [36;1mgo vet -mod=readonly -tags=pool_e2e,funded_e2e ./poolapp[0m
2026-09-17T14:28:50.3182593Z shell: C:\Program Files\Git\bin\bash.EXE --noprofile --norc -e -o pipefail {0}
2026-09-17T14:28:50.3183090Z env:
2026-09-17T14:28:50.3183449Z   RAYON_NUM_THREADS: 2
2026-09-17T14:28:50.3183846Z   CARGO_BUILD_JOBS: 2
2026-09-17T14:28:50.3184177Z   GOTOOLCHAIN: local
2026-09-17T14:28:50.3184683Z   ZEVUNE_POOL_WORKER: D:\a\Zevune\Zevune\integration\orchard\target\release\zevune-pool-worker.exe
2026-09-17T14:28:50.3185610Z   ZEVUNE_FUNDED_SCENARIO: D:\a\Zevune\Zevune\integration\orchard\target\release\zevune-funded-scenario.exe
2026-09-17T14:28:50.3186176Z ##[endgroup]
2026-09-17T14:28:53.1804465Z === RUN   TestPoolNodeHelper
2026-09-17T14:28:53.1804993Z --- PASS: TestPoolNodeHelper (0.00s)
2026-09-17T14:28:53.1805441Z === RUN   TestFundedWalletFourNodesAndRecovery
2026-09-17T14:30:16.6123716Z     funded_e2e_test.go:388: FUNDED_LOCAL samples_ms=[8482,9557]; includes backup/rescan, signed-header checks and independent replay; only two samples, NOT p95/TPS/WAN or production payment speed
2026-09-17T14:30:16.6126330Z     funded_e2e_test.go:389: genesis-bound signatures, downgrade rejection, actual nonzero A->B->C, multi-input change, exact encrypted outbox recovery, one-validator outage, full network restart, signed state agreement and duplicate rejection passed
2026-09-17T14:30:16.6899811Z --- PASS: TestFundedWalletFourNodesAndRecovery (83.51s)
2026-09-17T14:30:16.6906411Z === RUN   TestGenesisBindingRejectsAmbiguityAndMismatch
2026-09-17T14:30:16.6907267Z --- PASS: TestGenesisBindingRejectsAmbiguityAndMismatch (0.00s)
2026-09-17T14:30:16.6907977Z PASS
2026-09-17T14:30:16.6964659Z ok  	github.com/youq616/Zevune/integration/cometbft/poolapp	83.559s
2026-09-17T14:30:26.6299546Z ##[group]Run git diff --exit-code
2026-09-17T14:30:26.6300748Z [36;1mgit diff --exit-code[0m
2026-09-17T14:30:26.6320576Z shell: C:\Program Files\Git\bin\bash.EXE --noprofile --norc -e -o pipefail {0}
2026-09-17T14:30:26.6321296Z env:
2026-09-17T14:30:26.6321805Z   RAYON_NUM_THREADS: 2
2026-09-17T14:30:26.6322331Z   CARGO_BUILD_JOBS: 2
2026-09-17T14:30:26.6322749Z   GOTOOLCHAIN: local
2026-09-17T14:30:26.6323458Z   ZEVUNE_POOL_WORKER: D:\a\Zevune\Zevune\integration\orchard\target\release\zevune-pool-worker.exe
2026-09-17T14:30:26.6324609Z   ZEVUNE_FUNDED_SCENARIO: D:\a\Zevune\Zevune\integration\orchard\target\release\zevune-funded-scenario.exe
2026-09-17T14:30:26.6325551Z ##[endgroup]
2026-09-17T14:30:26.8401845Z Node 20 is being deprecated. This workflow is running with Node 24 by default. If you need to temporarily use Node 20, you can set the ACTIONS_ALLOW_USE_UNSECURE_NODE_VERSION=true environment variable. For more information see: https://github.blog/changelog/2025-09-19-deprecation-of-node-20-on-github-actions-runners/
2026-09-17T14:30:26.8403207Z Post job cleanup.
2026-09-17T14:30:27.0148393Z (node:5156) [DEP0040] DeprecationWarning: The `punycode` module is deprecated. Please use a userland alternative instead.
2026-09-17T14:30:27.0149762Z (Use `node --trace-deprecation ...` to show where the warning was created)
2026-09-17T14:30:27.1020678Z [command]C:\hostedtoolcache\windows\go\1.27.1\x64\bin\go.exe env GOMODCACHE
2026-09-17T14:30:27.1141159Z [command]C:\hostedtoolcache\windows\go\1.27.1\x64\bin\go.exe env GOCACHE
2026-09-17T14:30:27.1412798Z C:\Users\runneradmin\go\pkg\mod
2026-09-17T14:30:27.1484731Z C:\Users\runneradmin\AppData\Local\go-build
2026-09-17T14:30:27.1515395Z Cache hit occurred on the primary key setup-go-Windows-x64-go-1.27.1-ef6b0fbca0a8d0b6206b16c85f11c4a6c772908ae2660ca86a6b7ee95979c938, not saving cache.
2026-09-17T14:30:27.2306148Z Post job cleanup.
2026-09-17T14:30:27.4321092Z [command]"C:\Program Files\Git\bin\git.exe" version
2026-09-17T14:30:27.4624244Z git version 2.55.0.windows.5
2026-09-17T14:30:27.4708072Z Temporarily overriding HOME='D:\a\_temp\dd7f4e58-acab-46e6-a635-1fd3ff949ec2' before making global git config changes
2026-09-17T14:30:27.4709158Z Adding repository directory to the temporary git global config as a safe directory
2026-09-17T14:30:27.4720190Z [command]"C:\Program Files\Git\bin\git.exe" config --global --add safe.directory D:\a\Zevune\Zevune
2026-09-17T14:30:27.5079900Z [command]"C:\Program Files\Git\bin\git.exe" config --local --name-only --get-regexp core\.sshCommand
2026-09-17T14:30:27.5416537Z [command]"C:\Program Files\Git\bin\git.exe" submodule foreach --recursive "sh -c \"git config --local --name-only --get-regexp 'core\.sshCommand' && git config --local --unset-all 'core.sshCommand' || :\""
2026-09-17T14:30:28.5354697Z [command]"C:\Program Files\Git\bin\git.exe" config --local --name-only --get-regexp http\.https\:\/\/github\.com\/\.extraheader
2026-09-17T14:30:28.5693571Z [command]"C:\Program Files\Git\bin\git.exe" submodule foreach --recursive "sh -c \"git config --local --name-only --get-regexp 'http\.https\:\/\/github\.com\/\.extraheader' && git config --local --unset-all 'http.https://github.com/.extraheader' || :\""
2026-09-17T14:30:29.1623743Z Cleaning up orphan processes
2026-09-17T14:30:29.2119035Z Terminate orphan process: pid (3504) (vctip)
2026-09-17T14:30:29.2254521Z ##[warning]Node.js 20 is deprecated. The following actions target Node.js 20 but are being forced to run on Node.js 24: actions/setup-go@44694675825211faa026b3c33043df3e48a5fa00. For more information see: https://github.blog/changelog/2025-09-19-deprecation-of-node-20-on-github-actions-runners/
