2026-09-17T14:10:19.1504699Z Current runner version: '2.337.0'
2026-09-17T14:10:19.1532311Z ##[group]Runner Image Provisioner
2026-09-17T14:10:19.1533509Z Hosted Compute Agent
2026-09-17T14:10:19.1534301Z Version: 20260828.587
2026-09-17T14:10:19.1534929Z Commit: abac92662cab4cc7352de4f9f9d2e2419aad9c29
2026-09-17T14:10:19.1535622Z Build Date: 2026-08-28T16:44:25Z
2026-09-17T14:10:19.1536267Z Worker ID: {7f7e6f45-44ae-4d32-b670-b5a204ef8fcb}
2026-09-17T14:10:19.1537031Z Azure Region: westcentralus
2026-09-17T14:10:19.1537603Z ##[endgroup]
2026-09-17T14:10:19.1539314Z ##[group]Operating System
2026-09-17T14:10:19.1539942Z Microsoft Windows Server 2025
2026-09-17T14:10:19.1540510Z 10.0.26100
2026-09-17T14:10:19.1541033Z Datacenter
2026-09-17T14:10:19.1541521Z ##[endgroup]
2026-09-17T14:10:19.1542024Z ##[group]Runner Image
2026-09-17T14:10:19.1542606Z Image: windows-2025-vs2026
2026-09-17T14:10:19.1543426Z Version: 20260907.229.1
2026-09-17T14:10:19.1544888Z Included Software: https://github.com/actions/runner-images/blob/win25-vs2026/20260907.229/images/windows/Windows2025-VS2026-Readme.md
2026-09-17T14:10:19.1546475Z Image Release: https://github.com/actions/runner-images/releases/tag/win25-vs2026%2F20260907.229
2026-09-17T14:10:19.1547667Z ##[endgroup]
2026-09-17T14:10:19.1549206Z ##[group]GITHUB_TOKEN Permissions
2026-09-17T14:10:19.1552236Z Contents: read
2026-09-17T14:10:19.1553025Z Metadata: read
2026-09-17T14:10:19.1554184Z ##[endgroup]
2026-09-17T14:10:19.1556862Z Secret source: Actions
2026-09-17T14:10:19.1558187Z Cache mode: write
2026-09-17T14:10:19.1559176Z Prepare workflow directory
2026-09-17T14:10:19.2144963Z Prepare all required actions
2026-09-17T14:10:19.2220549Z Getting action download info
2026-09-17T14:10:19.5290701Z Download action repository 'actions/checkout@08c6903cd8c0fde910a37f88322edcfb5dd907a8' (SHA:08c6903cd8c0fde910a37f88322edcfb5dd907a8)
2026-09-17T14:10:19.6669915Z Download action repository 'actions/setup-go@44694675825211faa026b3c33043df3e48a5fa00' (SHA:44694675825211faa026b3c33043df3e48a5fa00)
2026-09-17T14:10:20.8883709Z Complete job name: integrated (windows-latest)
2026-09-17T14:10:21.1376914Z ##[group]Run actions/checkout@08c6903cd8c0fde910a37f88322edcfb5dd907a8
2026-09-17T14:10:21.1378280Z with:
2026-09-17T14:10:21.1378733Z   persist-credentials: false
2026-09-17T14:10:21.1379266Z   repository: youq616/Zevune
2026-09-17T14:10:21.1383707Z   token: ***
2026-09-17T14:10:21.1384149Z   ssh-strict: true
2026-09-17T14:10:21.1384594Z   ssh-user: git
2026-09-17T14:10:21.1385016Z   clean: true
2026-09-17T14:10:21.1385461Z   sparse-checkout-cone-mode: true
2026-09-17T14:10:21.1385992Z   fetch-depth: 1
2026-09-17T14:10:21.1386420Z   fetch-tags: false
2026-09-17T14:10:21.1386863Z   show-progress: true
2026-09-17T14:10:21.1387309Z   lfs: false
2026-09-17T14:10:21.1387734Z   submodules: false
2026-09-17T14:10:21.1388190Z   set-safe-directory: true
2026-09-17T14:10:21.1388861Z env:
2026-09-17T14:10:21.1389266Z   RAYON_NUM_THREADS: 2
2026-09-17T14:10:21.1389716Z   CARGO_BUILD_JOBS: 2
2026-09-17T14:10:21.1390186Z ##[endgroup]
2026-09-17T14:10:21.2887044Z Syncing repository: youq616/Zevune
2026-09-17T14:10:21.2889503Z ##[group]Getting Git version info
2026-09-17T14:10:21.2890375Z Working directory is 'D:\a\Zevune\Zevune'
2026-09-17T14:10:21.3903855Z [command]"C:\Program Files\Git\bin\git.exe" version
2026-09-17T14:10:21.8058528Z git version 2.55.0.windows.5
2026-09-17T14:10:21.8104709Z ##[endgroup]
2026-09-17T14:10:21.8123163Z Temporarily overriding HOME='D:\a\_temp\085b9455-f27e-4a27-a402-2661ca71a122' before making global git config changes
2026-09-17T14:10:21.8125083Z Adding repository directory to the temporary git global config as a safe directory
2026-09-17T14:10:21.8133439Z [command]"C:\Program Files\Git\bin\git.exe" config --global --add safe.directory D:\a\Zevune\Zevune
2026-09-17T14:10:21.8886112Z Deleting the contents of 'D:\a\Zevune\Zevune'
2026-09-17T14:10:21.8893294Z ##[group]Initializing the repository
2026-09-17T14:10:21.8901392Z [command]"C:\Program Files\Git\bin\git.exe" init D:\a\Zevune\Zevune
2026-09-17T14:10:21.9665680Z Initialized empty Git repository in D:/a/Zevune/Zevune/.git/
2026-09-17T14:10:21.9711959Z [command]"C:\Program Files\Git\bin\git.exe" remote add origin https://github.com/youq616/Zevune
2026-09-17T14:10:22.0557713Z ##[endgroup]
2026-09-17T14:10:22.0559990Z ##[group]Disabling automatic garbage collection
2026-09-17T14:10:22.0566358Z [command]"C:\Program Files\Git\bin\git.exe" config --local gc.auto 0
2026-09-17T14:10:22.0876854Z ##[endgroup]
2026-09-17T14:10:22.0878780Z ##[group]Setting up auth
2026-09-17T14:10:22.0889263Z [command]"C:\Program Files\Git\bin\git.exe" config --local --name-only --get-regexp core\.sshCommand
2026-09-17T14:10:22.1178591Z [command]"C:\Program Files\Git\bin\git.exe" submodule foreach --recursive "sh -c \"git config --local --name-only --get-regexp 'core\.sshCommand' && git config --local --unset-all 'core.sshCommand' || :\""
2026-09-17T14:10:23.6309775Z [command]"C:\Program Files\Git\bin\git.exe" config --local --name-only --get-regexp http\.https\:\/\/github\.com\/\.extraheader
2026-09-17T14:10:23.6596736Z [command]"C:\Program Files\Git\bin\git.exe" submodule foreach --recursive "sh -c \"git config --local --name-only --get-regexp 'http\.https\:\/\/github\.com\/\.extraheader' && git config --local --unset-all 'http.https://github.com/.extraheader' || :\""
2026-09-17T14:10:24.1765128Z [command]"C:\Program Files\Git\bin\git.exe" config --local http.https://github.com/.extraheader "AUTHORIZATION: basic ***"
2026-09-17T14:10:24.2080744Z ##[endgroup]
2026-09-17T14:10:24.2094168Z ##[group]Fetching the repository
2026-09-17T14:10:24.2095828Z [command]"C:\Program Files\Git\bin\git.exe" -c protocol.version=2 fetch --no-tags --prune --no-recurse-submodules --depth=1 origin +2d208360ab665fbe82b57d205cf07e789f06164b:refs/remotes/pull/15/merge
2026-09-17T14:10:27.3131165Z From https://github.com/youq616/Zevune
2026-09-17T14:10:27.3132614Z  * [new ref]         2d208360ab665fbe82b57d205cf07e789f06164b -> pull/15/merge
2026-09-17T14:10:27.3183020Z ##[endgroup]
2026-09-17T14:10:27.3187940Z ##[group]Determining the checkout info
2026-09-17T14:10:27.3189921Z ##[endgroup]
2026-09-17T14:10:27.3201066Z [command]"C:\Program Files\Git\bin\git.exe" sparse-checkout disable
2026-09-17T14:10:27.3704338Z [command]"C:\Program Files\Git\bin\git.exe" config --local --unset-all extensions.worktreeConfig
2026-09-17T14:10:27.3991269Z ##[group]Checking out the ref
2026-09-17T14:10:27.4000362Z [command]"C:\Program Files\Git\bin\git.exe" checkout --progress --force refs/remotes/pull/15/merge
2026-09-17T14:10:27.7122865Z Note: switching to 'refs/remotes/pull/15/merge'.
2026-09-17T14:10:27.7123494Z 
2026-09-17T14:10:27.7123908Z You are in 'detached HEAD' state. You can look around, make experimental
2026-09-17T14:10:27.7124744Z changes and commit them, and you can discard any commits you make in this
2026-09-17T14:10:27.7125565Z state without impacting any branches by switching back to a branch.
2026-09-17T14:10:27.7126011Z 
2026-09-17T14:10:27.7126538Z If you want to create a new branch to retain commits you create, you may
2026-09-17T14:10:27.7127315Z do so (now or later) by using -c with the switch command. Example:
2026-09-17T14:10:27.7127791Z 
2026-09-17T14:10:27.7128062Z   git switch -c <new-branch-name>
2026-09-17T14:10:27.7128528Z 
2026-09-17T14:10:27.7128705Z Or undo this operation with:
2026-09-17T14:10:27.7129009Z 
2026-09-17T14:10:27.7129195Z   git switch -
2026-09-17T14:10:27.7129430Z 
2026-09-17T14:10:27.7129924Z Turn off this advice by setting config variable advice.detachedHead to false
2026-09-17T14:10:27.7130431Z 
2026-09-17T14:10:27.7131041Z HEAD is now at 2d20836 Merge 2020c7314a996769b33706754405c0976ce7c50a into 0927af157a3cc35abde14b036bc50a99a793a32b
2026-09-17T14:10:27.7250700Z ##[endgroup]
2026-09-17T14:10:27.7642978Z [command]"C:\Program Files\Git\bin\git.exe" log -1 --format=%H
2026-09-17T14:10:27.7898479Z 2d208360ab665fbe82b57d205cf07e789f06164b
2026-09-17T14:10:27.7938367Z ##[group]Removing auth
2026-09-17T14:10:27.7946723Z [command]"C:\Program Files\Git\bin\git.exe" config --local --name-only --get-regexp core\.sshCommand
2026-09-17T14:10:27.8233626Z [command]"C:\Program Files\Git\bin\git.exe" submodule foreach --recursive "sh -c \"git config --local --name-only --get-regexp 'core\.sshCommand' && git config --local --unset-all 'core.sshCommand' || :\""
2026-09-17T14:10:28.3516930Z [command]"C:\Program Files\Git\bin\git.exe" config --local --name-only --get-regexp http\.https\:\/\/github\.com\/\.extraheader
2026-09-17T14:10:28.3761500Z http.https://github.com/.extraheader
2026-09-17T14:10:28.3802037Z [command]"C:\Program Files\Git\bin\git.exe" config --local --unset-all http.https://github.com/.extraheader
2026-09-17T14:10:28.4088408Z [command]"C:\Program Files\Git\bin\git.exe" submodule foreach --recursive "sh -c \"git config --local --name-only --get-regexp 'http\.https\:\/\/github\.com\/\.extraheader' && git config --local --unset-all 'http.https://github.com/.extraheader' || :\""
2026-09-17T14:10:28.9272138Z ##[endgroup]
2026-09-17T14:10:28.9779149Z Node 20 is being deprecated. This workflow is running with Node 24 by default. If you need to temporarily use Node 20, you can set the ACTIONS_ALLOW_USE_UNSECURE_NODE_VERSION=true environment variable. For more information see: https://github.blog/changelog/2025-09-19-deprecation-of-node-20-on-github-actions-runners/
2026-09-17T14:10:28.9781169Z ##[group]Run actions/setup-go@44694675825211faa026b3c33043df3e48a5fa00
2026-09-17T14:10:28.9781514Z with:
2026-09-17T14:10:28.9781693Z   go-version: 1.27.1
2026-09-17T14:10:28.9781940Z   cache-dependency-path: integration/cometbft/go.sum
2026-09-17T14:10:28.9782243Z   check-latest: false
2026-09-17T14:10:28.9784951Z   token: ***
2026-09-17T14:10:28.9785135Z   cache: true
2026-09-17T14:10:28.9785308Z env:
2026-09-17T14:10:28.9785473Z   RAYON_NUM_THREADS: 2
2026-09-17T14:10:28.9785668Z   CARGO_BUILD_JOBS: 2
2026-09-17T14:10:28.9785858Z ##[endgroup]
2026-09-17T14:10:29.1481963Z Setup go version spec 1.27.1
2026-09-17T14:10:29.1493944Z Attempting to download 1.27.1...
2026-09-17T14:10:29.1684179Z (node:8724) [DEP0040] DeprecationWarning: The `punycode` module is deprecated. Please use a userland alternative instead.
2026-09-17T14:10:29.1685294Z (Use `node --trace-deprecation ...` to show where the warning was created)
2026-09-17T14:10:30.4595540Z matching 1.27.1...
2026-09-17T14:10:30.4620783Z Acquiring 1.27.1 from https://github.com/actions/go-versions/releases/download/1.27.1-33583469715/go-1.27.1-win32-x64.zip
2026-09-17T14:10:31.2950275Z Extracting Go...
2026-09-17T14:10:31.3968602Z [command]"C:\Program Files\PowerShell\7\pwsh.exe" -NoLogo -NoProfile -NonInteractive -ExecutionPolicy Unrestricted -Command "$ErrorActionPreference = 'Stop' ; try { Add-Type -AssemblyName System.IO.Compression.ZipFile } catch { } ; try { [System.IO.Compression.ZipFile]::ExtractToDirectory('D:\a\_temp\go-1.27.1-win32-x64.zip', 'D:\a\_temp\c23f0f8b-1a6f-48a0-9967-72f09f2c904a', $true) } catch { if (($_.Exception.GetType().FullName -eq 'System.Management.Automation.MethodException') -or ($_.Exception.GetType().FullName -eq 'System.Management.Automation.RuntimeException') ){ Expand-Archive -LiteralPath 'D:\a\_temp\go-1.27.1-win32-x64.zip' -DestinationPath 'D:\a\_temp\c23f0f8b-1a6f-48a0-9967-72f09f2c904a' -Force } else { throw $_ } } ;"
2026-09-17T14:10:36.3051293Z Successfully extracted go to D:\a\_temp\c23f0f8b-1a6f-48a0-9967-72f09f2c904a
2026-09-17T14:10:36.3051726Z Adding to the cache ...
2026-09-17T14:10:46.3481801Z Created link C:\hostedtoolcache\windows\go\1.27.1\x64 => D:\hostedtoolcache\windows\go\1.27.1\x64
2026-09-17T14:10:46.3486414Z Created link C:\hostedtoolcache\windows\go\1.27.1\x64.complete => D:\hostedtoolcache\windows\go\1.27.1\x64.complete
2026-09-17T14:10:46.3488860Z Successfully cached go to C:\hostedtoolcache\windows\go\1.27.1\x64
2026-09-17T14:10:46.3495425Z Added go to the path
2026-09-17T14:10:46.3498383Z Successfully set up Go version 1.27.1
2026-09-17T14:10:46.7551643Z [command]C:\hostedtoolcache\windows\go\1.27.1\x64\bin\go.exe env GOCACHE
2026-09-17T14:10:46.7603361Z [command]C:\hostedtoolcache\windows\go\1.27.1\x64\bin\go.exe env GOMODCACHE
2026-09-17T14:10:46.7840802Z C:\Users\runneradmin\AppData\Local\go-build
2026-09-17T14:10:46.7859081Z C:\Users\runneradmin\go\pkg\mod
2026-09-17T14:10:47.2487949Z Cache hit for: setup-go-Windows-x64-go-1.27.1-ef6b0fbca0a8d0b6206b16c85f11c4a6c772908ae2660ca86a6b7ee95979c938
2026-09-17T14:10:47.2619334Z (node:8724) [DEP0169] DeprecationWarning: `url.parse()` behavior is not standardized and prone to errors that have security implications. Use the WHATWG URL API instead. CVEs are not issued for `url.parse()` vulnerabilities.
2026-09-17T14:10:48.4713776Z Received 83886080 of 429434914 (19.5%), 79.7 MBs/sec
2026-09-17T14:10:49.4740811Z Received 260046848 of 429434914 (60.6%), 123.6 MBs/sec
2026-09-17T14:10:50.4830491Z Received 402653184 of 429434914 (93.8%), 127.5 MBs/sec
2026-09-17T14:10:50.6884142Z Received 429434914 of 429434914 (100.0%), 127.1 MBs/sec
2026-09-17T14:10:50.6890369Z Cache Size: ~410 MB (429434914 B)
2026-09-17T14:10:50.6998880Z [command]"C:\Program Files\Git\usr\bin\tar.exe" -xf D:/a/_temp/a178a4a4-3c02-4842-ae1e-e3e1081e9bed/cache.tzst -P -C D:/a/Zevune/Zevune --force-local --use-compress-program "zstd -d"
2026-09-17T14:11:30.3748833Z Cache restored successfully
2026-09-17T14:11:30.4000074Z Cache restored from key: setup-go-Windows-x64-go-1.27.1-ef6b0fbca0a8d0b6206b16c85f11c4a6c772908ae2660ca86a6b7ee95979c938
2026-09-17T14:11:30.4022676Z go version go1.27.1 windows/amd64
2026-09-17T14:11:30.4022896Z 
2026-09-17T14:11:30.4023200Z ##[group]go env
2026-09-17T14:11:30.6808432Z set AR=ar
2026-09-17T14:11:30.6808742Z set CC=gcc
2026-09-17T14:11:30.6809271Z set CGO_CFLAGS=-O2 -g
2026-09-17T14:11:30.6809956Z set CGO_CPPFLAGS=
2026-09-17T14:11:30.6810301Z set CGO_CXXFLAGS=-O2 -g
2026-09-17T14:11:30.6810614Z set CGO_ENABLED=1
2026-09-17T14:11:30.6810901Z set CGO_FFLAGS=-O2 -g
2026-09-17T14:11:30.6811206Z set CGO_LDFLAGS=-O2 -g
2026-09-17T14:11:30.6811541Z set CXX=g++
2026-09-17T14:11:30.6811783Z set GCCGO=gccgo
2026-09-17T14:11:30.6812036Z set GO111MODULE=
2026-09-17T14:11:30.6812294Z set GOAMD64=v1
2026-09-17T14:11:30.6812575Z set GOARCH=amd64
2026-09-17T14:11:30.6812855Z set GOAUTH=netrc
2026-09-17T14:11:30.6813164Z set GOBIN=C:\Users\runneradmin\go\bin
2026-09-17T14:11:30.6813652Z set GOCACHE=C:\Users\runneradmin\AppData\Local\go-build
2026-09-17T14:11:30.6814132Z set GOCACHEPROG=
2026-09-17T14:11:30.6814419Z set GODEBUG=
2026-09-17T14:11:30.6814770Z set GOENV=C:\Users\runneradmin\AppData\Roaming\go\env
2026-09-17T14:11:30.6815247Z set GOEXE=.exe
2026-09-17T14:11:30.6815530Z set GOEXPERIMENT=
2026-09-17T14:11:30.6815824Z set GOFIPS140=off
2026-09-17T14:11:30.6816102Z set GOFLAGS=
2026-09-17T14:11:30.6817280Z set GOGCCFLAGS=-m64 -pthread -Wl,--no-gc-sections -fmessage-length=0 -ffile-prefix-map=C:\Users\RUNNER~1\AppData\Local\Temp\go-build85135702=/tmp/go-build -gno-record-gcc-switches
2026-09-17T14:11:30.6818484Z set GOHOSTARCH=amd64
2026-09-17T14:11:30.6818814Z set GOHOSTOS=windows
2026-09-17T14:11:30.6819108Z set GOINSECURE=
2026-09-17T14:11:30.6819425Z set GOMOD=D:\a\Zevune\Zevune\go.mod
2026-09-17T14:11:30.6819865Z set GOMODCACHE=C:\Users\runneradmin\go\pkg\mod
2026-09-17T14:11:30.6820304Z set GONOPROXY=
2026-09-17T14:11:30.6820572Z set GONOSUMDB=
2026-09-17T14:11:30.6820850Z set GOOS=windows
2026-09-17T14:11:30.6821145Z set GOPACKAGESDRIVER=
2026-09-17T14:11:30.6821542Z set GOPATH=C:\Users\runneradmin\go
2026-09-17T14:11:30.6821992Z set GOPRIVATE=
2026-09-17T14:11:30.6822780Z set GOPROXY=https://proxy.golang.org,direct
2026-09-17T14:11:30.6823295Z set GOROOT=C:\hostedtoolcache\windows\go\1.27.1\x64
2026-09-17T14:11:30.6823761Z set GOSUMDB=sum.golang.org
2026-09-17T14:11:30.6824096Z set GOTELEMETRY=local
2026-09-17T14:11:30.6824604Z set GOTELEMETRYDIR=C:\Users\runneradmin\AppData\Roaming\go\telemetry
2026-09-17T14:11:30.6825159Z set GOTMPDIR=
2026-09-17T14:11:30.6825458Z set GOTOOLCHAIN=local
2026-09-17T14:11:30.6826303Z set GOTOOLDIR=C:\hostedtoolcache\windows\go\1.27.1\x64\pkg\tool\windows_amd64
2026-09-17T14:11:30.6826881Z set GOVCS=
2026-09-17T14:11:30.6827138Z set GOVERSION=go1.27.1
2026-09-17T14:11:30.6827422Z set GOWORK=
2026-09-17T14:11:30.6827699Z set PKG_CONFIG=pkg-config
2026-09-17T14:11:30.6827913Z 
2026-09-17T14:11:30.6828381Z ##[endgroup]
2026-09-17T14:11:30.7282453Z ##[group]Run rustup toolchain install 1.98.1 --profile minimal --component rustfmt --component clippy
2026-09-17T14:11:30.7283257Z [36;1mrustup toolchain install 1.98.1 --profile minimal --component rustfmt --component clippy[0m
2026-09-17T14:11:30.7304351Z shell: C:\Program Files\Git\bin\bash.EXE --noprofile --norc -e -o pipefail {0}
2026-09-17T14:11:30.7304763Z env:
2026-09-17T14:11:30.7304948Z   RAYON_NUM_THREADS: 2
2026-09-17T14:11:30.7305173Z   CARGO_BUILD_JOBS: 2
2026-09-17T14:11:30.7305870Z   GOTOOLCHAIN: local
2026-09-17T14:11:30.7306080Z ##[endgroup]
2026-09-17T14:11:31.6918487Z info: syncing channel updates for 1.98.1-x86_64-pc-windows-msvc
2026-09-17T14:11:32.3453016Z info: latest update on 2026-09-03 for version 1.98.1 (48a229cea 2026-09-01)
2026-09-17T14:11:32.3582775Z info: downloading 5 components
2026-09-17T14:11:41.6351417Z 
2026-09-17T14:11:41.6666727Z   1.98.1-x86_64-pc-windows-msvc installed - rustc 1.98.1 (48a229cea 2026-09-01)
2026-09-17T14:11:41.6667182Z 
2026-09-17T14:11:41.6908534Z ##[group]Run test -z "$(gofmt -l internal/poolbridge integration/cometbft/poolapp)"
2026-09-17T14:11:41.6909184Z [36;1mtest -z "$(gofmt -l internal/poolbridge integration/cometbft/poolapp)"[0m
2026-09-17T14:11:41.6909724Z [36;1mcargo fmt --manifest-path integration/orchard/Cargo.toml --all -- --check[0m
2026-09-17T14:11:41.6910360Z [36;1mcargo metadata --manifest-path integration/orchard/Cargo.toml --locked --format-version=1 > /dev/null[0m
2026-09-17T14:11:41.6910869Z [36;1mgit diff --exit-code[0m
2026-09-17T14:11:41.6924230Z shell: C:\Program Files\Git\bin\bash.EXE --noprofile --norc -e -o pipefail {0}
2026-09-17T14:11:41.6924635Z env:
2026-09-17T14:11:41.6924823Z   RAYON_NUM_THREADS: 2
2026-09-17T14:11:41.6925030Z   CARGO_BUILD_JOBS: 2
2026-09-17T14:11:41.6925241Z   GOTOOLCHAIN: local
2026-09-17T14:11:41.6925443Z ##[endgroup]
2026-09-17T14:11:49.6654914Z     Updating crates.io index
2026-09-17T14:11:50.6151696Z  Downloading crates ...
2026-09-17T14:11:50.8381782Z   Downloaded aead v0.5.2
2026-09-17T14:11:50.8926990Z   Downloaded base16ct v0.2.0
2026-09-17T14:11:50.9087942Z   Downloaded block-buffer v0.10.4
2026-09-17T14:11:50.9267926Z   Downloaded cpufeatures v0.2.17
2026-09-17T14:11:50.9444482Z   Downloaded derive-getters v0.5.0
2026-09-17T14:11:50.9750048Z   Downloaded document-features v0.2.12
2026-09-17T14:11:50.9852761Z   Downloaded const-crc32-nostd v1.3.1
2026-09-17T14:11:50.9925855Z   Downloaded rand_chacha v0.3.1
2026-09-17T14:11:51.0016696Z   Downloaded generic-array v0.14.7
2026-09-17T14:11:51.0145487Z   Downloaded rustc_version v0.4.1
2026-09-17T14:11:51.0251005Z   Downloaded universal-hash v0.5.1
2026-09-17T14:11:51.0358295Z   Downloaded getset v0.1.7
2026-09-17T14:11:51.0606468Z   Downloaded tap v1.0.1
2026-09-17T14:11:51.0714154Z   Downloaded maybe-rayon v0.1.1
2026-09-17T14:11:51.0786430Z   Downloaded argon2 v0.5.3
2026-09-17T14:11:51.0930806Z   Downloaded chacha20 v0.9.1
2026-09-17T14:11:51.1182242Z   Downloaded crunchy v0.2.4
2026-09-17T14:11:51.1397174Z   Downloaded embedded-io v0.6.1
2026-09-17T14:11:51.1518298Z   Downloaded nonempty v0.11.0
2026-09-17T14:11:51.1645231Z   Downloaded crypto-common v0.1.7
2026-09-17T14:11:51.1728159Z   Downloaded radium v0.7.0
2026-09-17T14:11:51.1834221Z   Downloaded funty v2.0.0
2026-09-17T14:11:51.1894202Z   Downloaded subtle v2.6.1
2026-09-17T14:11:51.1985089Z   Downloaded version_check v0.9.5
2026-09-17T14:11:51.2107081Z   Downloaded zeroize_derive v1.5.0
2026-09-17T14:11:51.2308432Z   Downloaded lazy_static v1.5.0
2026-09-17T14:11:51.2474677Z   Downloaded frost-rerandomized v3.0.0
2026-09-17T14:11:51.2566912Z   Downloaded hex v0.4.3
2026-09-17T14:11:51.2704369Z   Downloaded stable_deref_trait v1.2.1
2026-09-17T14:11:51.2819620Z   Downloaded visibility v0.1.1
2026-09-17T14:11:51.2959229Z   Downloaded wasi v0.11.1+wasi-snapshot-preview1
2026-09-17T14:11:51.3080865Z   Downloaded zcash_spec v0.2.1
2026-09-17T14:11:51.3186121Z   Downloaded embedded-io v0.4.0
2026-09-17T14:11:51.3319284Z   Downloaded scopeguard v1.2.0
2026-09-17T14:11:51.3420051Z   Downloaded opaque-debug v0.3.1
2026-09-17T14:11:51.3498611Z   Downloaded hash32 v0.2.1
2026-09-17T14:11:51.3627360Z   Downloaded halo2_legacy_pdqsort v0.1.0
2026-09-17T14:11:51.3726379Z   Downloaded memuse v0.2.2
2026-09-17T14:11:51.3842630Z   Downloaded zeroize v1.9.0
2026-09-17T14:11:51.3970242Z   Downloaded atomic-polyfill v1.0.3
2026-09-17T14:11:51.4090718Z   Downloaded inout v0.1.4
2026-09-17T14:11:51.4185268Z   Downloaded thiserror v2.0.20
2026-09-17T14:11:51.4908531Z   Downloaded cbc v0.1.2
2026-09-17T14:11:51.5023935Z   Downloaded wyz v0.5.1
2026-09-17T14:11:51.5155371Z   Downloaded zcash_note_encryption v0.4.2
2026-09-17T14:11:51.5302835Z   Downloaded byteorder v1.5.0
2026-09-17T14:11:51.5412959Z   Downloaded thiserror-impl v2.0.20
2026-09-17T14:11:51.5545827Z   Downloaded cfg-if v1.0.4
2026-09-17T14:11:51.5651335Z   Downloaded lock_api v0.4.14
2026-09-17T14:11:51.5743525Z   Downloaded poly1305 v0.8.0
2026-09-17T14:11:51.5942595Z   Downloaded autocfg v1.5.1
2026-09-17T14:11:51.6117266Z   Downloaded uint v0.9.5
2026-09-17T14:11:51.6221481Z   Downloaded arrayvec v0.7.8
2026-09-17T14:11:51.6452560Z   Downloaded blake2 v0.10.6
2026-09-17T14:11:51.6804836Z   Downloaded blake2b_simd v1.0.5
2026-09-17T14:11:51.6942729Z   Downloaded group v0.13.0
2026-09-17T14:11:51.7059947Z   Downloaded password-hash v0.5.0
2026-09-17T14:11:51.7223091Z   Downloaded zip32 v0.2.1
2026-09-17T14:11:51.7374386Z   Downloaded ppv-lite86 v0.2.21
2026-09-17T14:11:51.7476726Z   Downloaded constant_time_eq v0.4.2
2026-09-17T14:11:51.7801664Z   Downloaded cobs v0.3.0
2026-09-17T14:11:51.7948015Z   Downloaded critical-section v1.2.0
2026-09-17T14:11:51.8089837Z   Downloaded pin-project-lite v0.2.17
2026-09-17T14:11:51.8894563Z   Downloaded cipher v0.4.4
2026-09-17T14:11:51.9025538Z   Downloaded corez v0.1.1
2026-09-17T14:11:51.9179964Z   Downloaded tracing-attributes v0.1.31
2026-09-17T14:11:51.9466360Z   Downloaded unicode-ident v1.0.24
2026-09-17T14:11:51.9723028Z   Downloaded rand_core v0.6.4
2026-09-17T14:11:51.9823610Z   Downloaded serdect v0.2.0
2026-09-17T14:11:51.9953196Z   Downloaded crossbeam-deque v0.8.8
2026-09-17T14:11:52.0062099Z   Downloaded digest v0.10.7
2026-09-17T14:11:52.0285949Z   Downloaded either v1.18.0
2026-09-17T14:11:52.0427972Z   Downloaded num-integer v0.1.47
2026-09-17T14:11:52.0546280Z   Downloaded base64ct v1.8.3
2026-09-17T14:11:52.0784778Z   Downloaded quote v1.0.47
2026-09-17T14:11:52.1038577Z   Downloaded crossbeam-epoch v0.9.21
2026-09-17T14:11:52.6383427Z   Downloaded ff v0.13.1
2026-09-17T14:11:52.6496563Z   Downloaded halo2_poseidon v0.1.0
2026-09-17T14:11:52.6648404Z   Downloaded semver v1.0.28
2026-09-17T14:11:52.6880773Z   Downloaded spin v0.9.9
2026-09-17T14:11:52.7114158Z   Downloaded static_assertions v1.1.0
2026-09-17T14:11:52.7250071Z   Downloaded crossbeam-utils v0.8.23
2026-09-17T14:11:52.7603813Z   Downloaded incrementalmerkletree v0.8.1
2026-09-17T14:11:52.7696118Z   Downloaded postcard v1.1.3
2026-09-17T14:11:52.7884128Z   Downloaded litrs v1.0.0
2026-09-17T14:11:52.8142335Z   Downloaded fpe v0.6.1
2026-09-17T14:11:52.8281913Z   Downloaded once_cell v1.21.4
2026-09-17T14:11:52.8639939Z   Downloaded sha2 v0.10.9
2026-09-17T14:11:52.8914166Z   Downloaded num-traits v0.2.19
2026-09-17T14:11:52.9138376Z   Downloaded tracing-core v0.1.36
2026-09-17T14:11:52.9355926Z   Downloaded jubjub v0.10.0
2026-09-17T14:11:52.9611389Z   Downloaded serde_derive v1.0.229
2026-09-17T14:11:52.9939682Z   Downloaded typenum v1.20.1
2026-09-17T14:11:53.0176560Z   Downloaded chacha20poly1305 v0.10.1
2026-09-17T14:11:53.0318016Z   Downloaded getrandom v0.2.17
2026-09-17T14:11:53.0650488Z   Downloaded serde_core v1.0.229
2026-09-17T14:11:53.0866975Z   Downloaded zerocopy-derive v0.8.57
2026-09-17T14:11:53.1916706Z   Downloaded bech32 v0.11.1
2026-09-17T14:11:53.2160456Z   Downloaded indexmap v1.9.3
2026-09-17T14:11:53.2462649Z   Downloaded rayon-core v1.13.0
2026-09-17T14:11:53.2803867Z   Downloaded serde v1.0.229
2026-09-17T14:11:53.3069127Z   Downloaded heapless v0.7.17
2026-09-17T14:11:53.3409577Z   Downloaded rand v0.8.5
2026-09-17T14:11:53.3695321Z   Downloaded num-bigint v0.4.8
2026-09-17T14:11:53.4171196Z   Downloaded proc-macro2 v1.0.107
2026-09-17T14:11:53.4547867Z   Downloaded syn v2.0.119
2026-09-17T14:11:53.8110944Z   Downloaded aes v0.8.4
2026-09-17T14:11:53.8423455Z   Downloaded frost-core v3.0.0
2026-09-17T14:11:53.8681188Z   Downloaded reddsa v0.5.2
2026-09-17T14:11:53.9122697Z   Downloaded sinsemilla v0.1.0
2026-09-17T14:11:53.9225179Z   Downloaded hashbrown v0.12.3
2026-09-17T14:11:53.9457338Z   Downloaded zerocopy v0.8.57
2026-09-17T14:11:54.1760191Z   Downloaded syn v3.0.5
2026-09-17T14:11:54.2481499Z   Downloaded tracing v0.1.44
2026-09-17T14:11:54.3291143Z   Downloaded libm v0.2.16
2026-09-17T14:11:54.4254624Z   Downloaded itertools v0.14.0
2026-09-17T14:11:54.4872243Z   Downloaded rayon v1.12.0
2026-09-17T14:11:54.5741269Z   Downloaded halo2_proofs v0.3.5
2026-09-17T14:11:54.6641744Z   Downloaded bitvec v1.1.1
2026-09-17T14:11:54.8260072Z   Downloaded halo2_gadgets v0.5.0
2026-09-17T14:11:55.3177470Z   Downloaded pasta_curves v0.5.2
2026-09-17T14:11:55.3638210Z   Downloaded bls12_381 v0.8.0
2026-09-17T14:11:55.4100413Z   Downloaded orchard v0.15.5
2026-09-17T14:11:55.5048179Z   Downloaded libc v0.2.189
2026-09-17T14:11:56.1491810Z ##[group]Run python - <<'PY'
2026-09-17T14:11:56.1492245Z [36;1mpython - <<'PY'[0m
2026-09-17T14:11:56.1492484Z [36;1mimport os, tempfile[0m
2026-09-17T14:11:56.1492863Z [36;1md = tempfile.mkdtemp(prefix='zevune-m7-', dir=os.environ['RUNNER_TEMP'])[0m
2026-09-17T14:11:56.1493582Z [36;1mworker = os.path.abspath('integration/orchard/target/release/zevune-pool-worker' + ('.exe' if os.name == 'nt' else ''))[0m
2026-09-17T14:11:56.1494221Z [36;1mwith open(os.environ['GITHUB_ENV'], 'a', encoding='utf-8') as f:[0m
2026-09-17T14:11:56.1494703Z [36;1m    f.write('ZEVUNE_POOL_FIXTURE=' + os.path.join(d, 'zero-value.bin') + '\n')[0m
2026-09-17T14:11:56.1495137Z [36;1m    f.write('ZEVUNE_POOL_WORKER=' + worker + '\n')[0m
2026-09-17T14:11:56.1495425Z [36;1mPY[0m
2026-09-17T14:11:56.1508883Z shell: C:\Program Files\Git\bin\bash.EXE --noprofile --norc -e -o pipefail {0}
2026-09-17T14:11:56.1509253Z env:
2026-09-17T14:11:56.1509439Z   RAYON_NUM_THREADS: 2
2026-09-17T14:11:56.1509678Z   CARGO_BUILD_JOBS: 2
2026-09-17T14:11:56.1509875Z   GOTOOLCHAIN: local
2026-09-17T14:11:56.1510071Z ##[endgroup]
2026-09-17T14:11:57.2819180Z ##[group]Run cargo test --locked --release -- --test-threads=1
2026-09-17T14:11:57.2819773Z [36;1mcargo test --locked --release -- --test-threads=1[0m
2026-09-17T14:11:57.2820234Z [36;1mcargo clippy --locked --release --all-targets -- -D warnings[0m
2026-09-17T14:11:57.2820662Z [36;1mcargo build --locked --release --bin zevune-pool-worker[0m
2026-09-17T14:11:57.2834260Z shell: C:\Program Files\Git\bin\bash.EXE --noprofile --norc -e -o pipefail {0}
2026-09-17T14:11:57.2834650Z env:
2026-09-17T14:11:57.2834825Z   RAYON_NUM_THREADS: 2
2026-09-17T14:11:57.2835033Z   CARGO_BUILD_JOBS: 2
2026-09-17T14:11:57.2835228Z   GOTOOLCHAIN: local
2026-09-17T14:11:57.2835527Z   ZEVUNE_POOL_FIXTURE: D:\a\_temp\zevune-m7-_4uyw1mb\zero-value.bin
2026-09-17T14:11:57.2836057Z   ZEVUNE_POOL_WORKER: D:\a\Zevune\Zevune\integration\orchard\target\release\zevune-pool-worker.exe
2026-09-17T14:11:57.2836500Z ##[endgroup]
2026-09-17T14:11:57.6443260Z    Compiling cfg-if v1.0.4
2026-09-17T14:11:57.6444012Z    Compiling proc-macro2 v1.0.107
2026-09-17T14:11:57.6948928Z    Compiling getrandom v0.2.17
2026-09-17T14:11:57.8557801Z    Compiling rand_core v0.6.4
2026-09-17T14:11:58.0877047Z    Compiling unicode-ident v1.0.24
2026-09-17T14:11:58.1639106Z    Compiling quote v1.0.47
2026-09-17T14:11:59.6526097Z    Compiling version_check v0.9.5
2026-09-17T14:11:59.9558486Z    Compiling subtle v2.6.1
2026-09-17T14:12:00.0967888Z    Compiling generic-array v0.14.7
2026-09-17T14:12:00.5254637Z    Compiling typenum v1.20.1
2026-09-17T14:12:00.5693431Z    Compiling syn v2.0.119
2026-09-17T14:12:02.0139225Z    Compiling crypto-common v0.1.7
2026-09-17T14:12:02.1085726Z    Compiling radium v0.7.0
2026-09-17T14:12:02.3175897Z    Compiling tap v1.0.1
2026-09-17T14:12:02.4035640Z    Compiling wyz v0.5.1
2026-09-17T14:12:02.8012783Z    Compiling zerocopy v0.8.57
2026-09-17T14:12:03.1322293Z    Compiling autocfg v1.5.1
2026-09-17T14:12:03.5089154Z    Compiling funty v2.0.0
2026-09-17T14:12:04.9938872Z    Compiling bitvec v1.1.1
2026-09-17T14:12:05.8811543Z    Compiling zeroize_derive v1.5.0
2026-09-17T14:12:07.6532786Z    Compiling ff v0.13.1
2026-09-17T14:12:07.7767215Z    Compiling zeroize v1.9.0
2026-09-17T14:12:07.9552490Z    Compiling constant_time_eq v0.4.2
2026-09-17T14:12:08.1191028Z    Compiling memuse v0.2.2
2026-09-17T14:12:08.2737163Z    Compiling crossbeam-utils v0.8.23
2026-09-17T14:12:08.5244406Z    Compiling arrayvec v0.7.8
2026-09-17T14:12:08.7697165Z    Compiling blake2b_simd v1.0.5
2026-09-17T14:12:10.5194729Z    Compiling ppv-lite86 v0.2.21
2026-09-17T14:12:10.8897262Z    Compiling crossbeam-epoch v0.9.21
2026-09-17T14:12:11.7768731Z    Compiling rand_chacha v0.3.1
2026-09-17T14:12:12.0531504Z    Compiling group v0.13.0
2026-09-17T14:12:12.2278698Z    Compiling inout v0.1.4
2026-09-17T14:12:12.3423512Z    Compiling crossbeam-deque v0.8.8
2026-09-17T14:12:12.5396006Z    Compiling cpufeatures v0.2.17
2026-09-17T14:12:12.5791632Z    Compiling static_assertions v1.1.0
2026-09-17T14:12:12.5831830Z    Compiling spin v0.9.9
2026-09-17T14:12:12.6434036Z    Compiling cipher v0.4.4
2026-09-17T14:12:12.6890041Z    Compiling lazy_static v1.5.0
2026-09-17T14:12:12.7454059Z    Compiling rand v0.8.5
2026-09-17T14:12:13.3543058Z    Compiling rayon-core v1.13.0
2026-09-17T14:12:13.5113852Z    Compiling pasta_curves v0.5.2
2026-09-17T14:12:13.7829356Z    Compiling num-traits v0.2.19
2026-09-17T14:12:13.9496475Z    Compiling syn v3.0.5
2026-09-17T14:12:16.4467307Z    Compiling either v1.18.0
2026-09-17T14:12:18.8085567Z    Compiling indexmap v1.9.3
2026-09-17T14:12:18.9647781Z    Compiling once_cell v1.21.4
2026-09-17T14:12:19.1681607Z    Compiling serde_core v1.0.229
2026-09-17T14:12:19.4058132Z    Compiling crunchy v0.2.4
2026-09-17T14:12:19.6526754Z    Compiling tracing-core v0.1.36
2026-09-17T14:12:20.9970687Z    Compiling rayon v1.12.0
2026-09-17T14:12:24.5335208Z    Compiling tracing-attributes v0.1.31
2026-09-17T14:12:25.8111139Z    Compiling universal-hash v0.5.1
2026-09-17T14:12:25.9032976Z    Compiling block-buffer v0.10.4
2026-09-17T14:12:26.0224815Z    Compiling libm v0.2.16
2026-09-17T14:12:26.2681298Z    Compiling byteorder v1.5.0
2026-09-17T14:12:26.5051704Z    Compiling serde v1.0.229
2026-09-17T14:12:26.7418174Z    Compiling hex v0.4.3
2026-09-17T14:12:27.0190992Z    Compiling thiserror v2.0.20
2026-09-17T14:12:27.3129781Z    Compiling pin-project-lite v0.2.17
2026-09-17T14:12:27.3716680Z    Compiling hashbrown v0.12.3
2026-09-17T14:12:27.9543503Z    Compiling opaque-debug v0.3.1
2026-09-17T14:12:27.9965913Z    Compiling poly1305 v0.8.0
2026-09-17T14:12:29.2793441Z    Compiling tracing v0.1.44
2026-09-17T14:12:29.7828741Z    Compiling digest v0.10.7
2026-09-17T14:12:29.9983395Z    Compiling num-integer v0.1.47
2026-09-17T14:12:30.6446787Z    Compiling maybe-rayon v0.1.1
2026-09-17T14:12:33.2183983Z    Compiling thiserror-impl v2.0.20
2026-09-17T14:12:34.4778312Z    Compiling serde_derive v1.0.229
2026-09-17T14:12:37.5636095Z    Compiling chacha20 v0.9.1
2026-09-17T14:12:37.7728119Z    Compiling bls12_381 v0.8.0
2026-09-17T14:12:38.3913323Z    Compiling aead v0.5.2
2026-09-17T14:12:38.5253541Z    Compiling halo2_legacy_pdqsort v0.1.0
2026-09-17T14:12:38.6551012Z    Compiling halo2_proofs v0.3.5
2026-09-17T14:12:45.2187834Z    Compiling chacha20poly1305 v0.10.1
2026-09-17T14:12:45.3261522Z    Compiling jubjub v0.10.0
2026-09-17T14:12:50.4382739Z    Compiling uint v0.9.5
2026-09-17T14:12:50.5558693Z    Compiling num-bigint v0.4.8
2026-09-17T14:12:53.1390364Z    Compiling halo2_poseidon v0.1.0
2026-09-17T14:12:54.0447034Z    Compiling sinsemilla v0.1.0
2026-09-17T14:12:55.6102406Z    Compiling cbc v0.1.2
2026-09-17T14:12:55.7278456Z    Compiling zcash_spec v0.2.1
2026-09-17T14:12:55.8226816Z    Compiling bech32 v0.11.1
2026-09-17T14:12:56.3274878Z    Compiling base64ct v1.8.3
2026-09-17T14:12:56.3772389Z    Compiling zip32 v0.2.1
2026-09-17T14:12:56.6373762Z    Compiling password-hash v0.5.0
2026-09-17T14:12:56.9206926Z    Compiling fpe v0.6.1
2026-09-17T14:12:57.9247263Z    Compiling halo2_gadgets v0.5.0
2026-09-17T14:12:58.0763985Z    Compiling reddsa v0.5.2
2026-09-17T14:12:58.5031528Z    Compiling zcash_note_encryption v0.4.2
2026-09-17T14:12:58.7469291Z    Compiling blake2 v0.10.6
2026-09-17T14:12:59.3717238Z    Compiling incrementalmerkletree v0.8.1
2026-09-17T14:12:59.6072564Z    Compiling aes v0.8.4
2026-09-17T14:13:00.9740974Z    Compiling getset v0.1.7
2026-09-17T14:13:01.5518185Z    Compiling visibility v0.1.1
2026-09-17T14:13:01.8156852Z    Compiling corez v0.1.1
2026-09-17T14:13:01.8620761Z    Compiling nonempty v0.11.0
2026-09-17T14:13:02.0091960Z    Compiling argon2 v0.5.3
2026-09-17T14:13:03.4235890Z    Compiling orchard v0.15.5
2026-09-17T14:13:06.6220423Z    Compiling sha2 v0.10.9
2026-09-17T14:13:08.7723694Z    Compiling zevune-orchard-lab v0.1.0 (D:\a\Zevune\Zevune\integration\orchard)
2026-09-17T14:15:53.4151144Z     Finished `release` profile [optimized] target(s) in 3m 56s
2026-09-17T14:15:53.4293268Z      Running unittests src\lib.rs (target\release\deps\zevune_orchard_lab-8c28cc35c6365faf.exe)
2026-09-17T14:15:53.4415714Z 
2026-09-17T14:15:53.4415987Z running 146 tests
2026-09-17T14:15:53.4792177Z test pool::active::incremental::tests::allocation_callback_failure_cannot_return_a_partial_physical_plan ... ok
2026-09-17T14:15:53.8364284Z test pool::active::incremental::tests::every_reused_byte_including_later_chunks_and_sealed_segments_is_compared ... ok
2026-09-17T14:15:53.8366092Z test pool::active::incremental::tests::explicit_fill_handles_different_short_reads_and_interrupted_offsets ... ok
2026-09-17T14:15:53.9476975Z test pool::active::incremental::tests::physical_genesis_eof_and_retained_segment_lengths_fail_closed ... ok
2026-09-17T14:15:54.2028818Z test pool::active::incremental::tests::physical_ranges_cover_empty_tail_growth_and_full_size_rotation ... ok
2026-09-17T14:15:54.2331376Z test pool::active::tests::another_process_cannot_open_held_genesis_lock ... ok
2026-09-17T14:15:54.2334665Z test pool::active::tests::budgets_include_framing_total_tail_and_the_independent_segment_cap ... ok
2026-09-17T14:15:54.2723207Z test pool::active::tests::captured_reader_requires_each_real_eof_and_poisoned_readers_cannot_resume ... ok
2026-09-17T14:15:54.2931887Z test pool::active::tests::create_is_exclusive_bounded_and_preserves_existing_bytes ... ok
2026-09-17T14:15:54.3187736Z test pool::active::tests::early_rotation_and_split_frames_are_rejected_even_with_valid_checksums ... ok
2026-09-17T14:15:54.5123942Z test pool::active::tests::failed_next_segment_publication_keeps_all_sealed_prefix_bytes_and_no_repair ... ok
2026-09-17T14:15:54.5751431Z test pool::active::tests::full_segment_and_next_frame_rotate_canonically_without_crossing ... ok
2026-09-17T14:15:54.6904109Z test pool::active::tests::interruption_leaves_metadata_unchanged_and_preserves_the_recoverable_prefix ... ok
2026-09-17T14:15:54.7009407Z test pool::active::tests::malformed_frame_and_capacity_rejection_create_no_files_or_bytes ... ok
2026-09-17T14:15:54.7187665Z test pool::active::tests::readers_retain_the_exclusive_root_lock_and_have_independent_positions ... ok
2026-09-17T14:15:54.7281100Z test pool::active::tests::unknown_entry_after_open_is_not_ignored_or_removed ... ok
2026-09-17T14:15:54.8091018Z test pool::active::tests::unknown_missing_empty_and_truncated_segments_fail_closed_without_repair ... ok
2026-09-17T14:15:54.8299215Z test pool::active::tests::windows_retained_handles_block_file_and_directory_rename_until_drop ... ok
2026-09-17T14:15:54.8385495Z test pool::capacity_tests::capacity_accounting_matches_the_actual_record_encoder ... ok
2026-09-17T14:15:57.8336342Z test pool::capacity_tests::capacity_commit_rechecks_the_budget_and_preserves_the_source ... ok
2026-09-17T14:15:57.8608726Z test pool::capacity_tests::capacity_exact_empty_frame_commits_reopens_and_stops_cleanly ... ok
2026-09-17T14:15:57.8683561Z test pool::capacity_tests::capacity_invalid_instance_still_fails_closed ... ok
2026-09-17T14:15:57.8686207Z test pool::capacity_tests::capacity_invalid_lengths_counts_and_overflow_are_rejected ... ok
2026-09-17T14:15:57.8786716Z test pool::capacity_tests::capacity_prepare_rejects_before_unpersistable_empty_block ... ok
2026-09-17T14:15:57.8874798Z test pool::capacity_tests::capacity_rejects_before_attempting_any_candidate_authorization ... ok
2026-09-17T14:15:57.8956785Z test pool::capacity_tests::capacity_selection_requires_space_for_even_an_empty_record ... ok
2026-09-17T14:15:58.5778648Z test pool::recovery::active::incremental::tests::every_call_rechecks_both_open_archives_after_successful_planning ... ok
2026-09-17T14:15:58.9514029Z test pool::recovery::active::incremental::tests::final_full_digest_and_namespace_checks_reject_late_outside_modifications ... ok
2026-09-17T14:15:59.2290477Z test pool::recovery::active::incremental::tests::real_empty_commits_produce_exact_appended_bytes_and_immutable_checkpoints ... ok
2026-09-17T14:15:59.5035168Z test pool::recovery::active::incremental::tests::same_length_valid_replacement_after_open_cannot_reuse_an_old_success ... ok
2026-09-17T14:15:59.5692300Z test pool::recovery::active::incremental::tests::same_path_and_distinct_copy_empty_plans_keep_shared_locks_until_drop ... ok
2026-09-17T14:15:59.7409562Z test pool::recovery::active::incremental::tests::separately_verified_same_height_and_higher_forks_and_rollback_are_stale ... ok
2026-09-17T14:15:59.8254871Z test pool::recovery::active::incremental::tests::windows_planning_keeps_both_retained_names_protected_until_drop ... ok
2026-09-17T14:15:59.9308559Z test pool::recovery::active::incremental::tests::wrong_network_legacy_and_wrong_pin_are_rejected_without_changes ... ok
2026-09-17T14:15:59.9310707Z test pool::recovery::active::tests::checkpoint_codec_has_exact_length_distinct_magic_and_bounded_arithmetic ... ok
2026-09-17T14:15:59.9676393Z test pool::recovery::active::tests::checkpoint_export_preserves_prepared_work_and_never_certifies_uncommitted_bytes ... ok
2026-09-17T14:16:00.0319933Z test pool::recovery::active::tests::checkpoint_export_replays_same_length_replacement_and_never_publishes_its_state ... ok
2026-09-17T14:16:00.0658844Z test pool::recovery::active::tests::creating_a_target_is_exclusive_and_source_validation_precedes_creation ... ok
2026-09-17T14:16:00.0787460Z test pool::recovery::active::tests::exported_genesis_checkpoint_matches_independent_fixed_layout_vector ... ok
2026-09-17T14:16:00.2058359Z test pool::recovery::active::tests::final_source_and_target_namespace_changes_cannot_return_success ... ok
2026-09-17T14:16:00.3894668Z test pool::recovery::active::tests::genesis_and_committed_archive_copies_preserve_every_file_and_continue_normally ... ok
2026-09-17T14:16:00.4404419Z test pool::recovery::active::tests::incompatible_checkpoint_profiles_reject_without_poisoning_healthy_stores ... ok
2026-09-17T14:16:09.5064381Z test pool::recovery::active::tests::namespace_tests::active_archive_locks_coordinate_real_processes ... ok
2026-09-17T14:16:09.5273735Z test pool::recovery::active::tests::namespace_tests::failed_open_releases_all_acquired_file_and_directory_handles ... ok
2026-09-17T14:16:09.5969970Z test pool::recovery::active::tests::namespace_tests::readonly_source_files_copy_into_a_normally_writable_active_directory ... ok
2026-09-17T14:16:09.6190997Z test pool::recovery::active::tests::namespace_tests::unknown_entry_after_open_prevents_verification_and_creates_no_target ... ok
2026-09-17T14:16:09.6589638Z test pool::recovery::active::tests::namespace_tests::windows_files_and_directory_cannot_be_renamed_or_deleted_until_last_reader_drops ... ok
2026-09-17T14:16:09.7966004Z test pool::recovery::active::tests::partial_copies_and_lost_acknowledgements_preserve_targets_without_retry_or_repair ... ok
2026-09-17T14:16:09.8525442Z test pool::recovery::active::tests::repinned_headers_are_bounded_inside_the_physical_genesis_file ... ok
2026-09-17T14:16:09.9274614Z test pool::recovery::active::tests::repinned_layout_still_requires_complete_frames_canonical_rotation_and_real_state ... ok
2026-09-17T14:16:09.9577405Z test pool::recovery::active::tests::retained_replay_binds_the_independently_expected_genesis_after_a_same_length_change ... ok
2026-09-17T14:16:10.1806983Z test pool::recovery::segments::index::tests::all_records_locate_correctly_across_real_production_segment_boundaries ... ok
2026-09-17T14:16:10.2314067Z test pool::recovery::segments::index::tests::both_profiles_have_exact_height_locations_and_unchanged_source ... ok
2026-09-17T14:16:10.2777133Z test pool::recovery::segments::index::tests::changed_captured_length_and_wrong_pinned_tip_are_rejected ... ok
2026-09-17T14:16:10.2779022Z test pool::recovery::segments::index::tests::exact_segment_end_is_not_attributed_to_a_nonexistent_next_segment ... ok
2026-09-17T14:16:10.2986153Z test pool::recovery::segments::index::tests::genesis_only_has_no_phantom_record ... ok
2026-09-17T14:16:10.2999972Z test pool::recovery::segments::index::tests::index_builder_rejects_gaps_overlaps_wrong_heights_hashes_and_bombs ... ok
2026-09-17T14:16:10.3345886Z test pool::recovery::segments::index::tests::metadata_or_late_replay_failure_never_yields_a_prefix_index ... ok
2026-09-17T14:16:10.3349072Z test pool::recovery::segments::reader_tests::exact_payload_requires_last_segment_eof_check_before_success ... ok
2026-09-17T14:16:10.3351175Z test pool::recovery::segments::reader_tests::hard_io_failure_at_each_boundary_permanently_invalidates_reader ... ok
2026-09-17T14:16:10.3353432Z test pool::recovery::segments::reader_tests::inconsistent_private_reader_metadata_returns_error_instead_of_panicking ... ok
2026-09-17T14:16:10.3355781Z test pool::recovery::segments::reader_tests::interrupted_short_reads_and_segment_end_checks_do_not_poison_reader ... ok
2026-09-17T14:16:10.3357804Z test pool::recovery::segments::reader_tests::truncated_or_extended_segment_cannot_be_skipped_by_retry ... ok
2026-09-17T14:16:10.7431624Z test pool::recovery::segments::tests::actual_multisegment_replay_crosses_record_boundary_and_restores_exact_bytes ... ok
2026-09-17T14:16:10.7451692Z test pool::recovery::segments::tests::empty_read_does_not_advance_and_segment_eof_is_not_journal_eof ... ok
2026-09-17T14:16:10.7751226Z test pool::recovery::segments::tests::every_publication_failure_preserves_source_and_cannot_be_retried_in_place ... ok
2026-09-17T14:16:10.7754103Z test pool::recovery::segments::tests::manifest_is_exact_bounded_and_contains_no_supplied_paths ... ok
2026-09-17T14:16:10.8005990Z test pool::recovery::segments::tests::missing_extra_swapped_truncated_or_changed_segments_are_rejected ... ok
2026-09-17T14:16:10.8245151Z test pool::recovery::segments::tests::namespace_tests::extra_file_after_open_is_rejected_without_removal_or_output ... ok
2026-09-17T14:16:10.8460151Z test pool::recovery::segments::tests::namespace_tests::failed_open_releases_directory_guard_and_all_acquired_file_locks ... ok
2026-09-17T14:16:10.8964068Z test pool::recovery::segments::tests::namespace_tests::unchanged_archives_retain_multiple_readers_and_release_handles_on_drop ... ok
2026-09-17T14:16:10.9388895Z test pool::recovery::segments::tests::namespace_tests::windows_newly_packed_handles_preserve_names_without_reopening ... ok
2026-09-17T14:16:10.9624942Z test pool::recovery::segments::tests::namespace_tests::windows_open_archive_rejects_entry_and_directory_rename_until_drop ... ok
2026-09-17T14:16:10.9923428Z test pool::recovery::segments::tests::pack_and_restore_are_create_only_and_archive_readers_keep_real_locks ... ok
2026-09-17T14:16:11.0249139Z test pool::recovery::segments::tests::partial_restore_and_lost_ack_leave_explicitly_verifiable_targets ... ok
2026-09-17T14:16:11.0359859Z test pool::recovery::tests::recovery_checkpoint_codec_bounds_and_every_truncation ... ok
2026-09-17T14:16:11.0669994Z test pool::recovery::tests::recovery_full_copy_matches_and_original_keeps_prepared_block ... ok
2026-09-17T14:16:11.0746687Z test pool::recovery::tests::recovery_invalid_store_does_not_export_a_checkpoint ... ok
2026-09-17T14:16:11.1146938Z test pool::recovery::tests::recovery_partial_write_and_lost_ack_never_replace_or_repair_source ... ok
2026-09-17T14:16:11.1397058Z test pool::recovery::tests::recovery_refuses_overwrite_live_writers_links_and_unknown_paths ... ok
2026-09-17T14:16:11.1491555Z test pool::recovery::tests::recovery_untrusted_header_sizes_are_bounded_even_with_a_matching_file_hash ... ok
2026-09-17T14:16:11.1653139Z test pool::recovery::tests::recovery_wrong_state_domain_length_or_bytes_pin_rejected ... ok
2026-09-17T14:16:11.1860543Z test pool::recovery::tests::replay_integration_tests::a_shorter_valid_archive_needs_its_own_pin_not_the_later_checkpoint ... ok
2026-09-17T14:16:11.4479376Z test pool::recovery::tests::replay_integration_tests::checkpoint_export_and_archive_copy_discard_history_but_keep_the_exact_tip ... ok
2026-09-17T14:16:11.5275756Z test pool::recovery::tests::replay_integration_tests::checkpoint_export_rejects_a_valid_same_length_alternate_history ... ok
2026-09-17T14:16:11.6009253Z test pool::recovery::tests::replay_integration_tests::every_recovery_entry_uses_isolated_replay_without_per_block_state_copies ... ok
2026-09-17T14:16:11.6234711Z test pool::recovery::tests::replay_integration_tests::injected_replay_failure_keeps_lock_and_blocks_prepared_commit_without_repair ... ok
2026-09-17T14:16:11.6638769Z test pool::recovery::tests::replay_integration_tests::normal_append_handles_preserve_history_even_after_read_cursor_rewinds ... ok
2026-09-17T14:16:11.7019390Z test pool::recovery::tests::replay_integration_tests::wrong_final_result_with_new_checksums_never_returns_a_verified_archive ... ok
2026-09-17T14:16:11.7022055Z test pool::replay::tests::a_complete_shorter_prefix_still_requires_an_independent_checkpoint ... ok
2026-09-17T14:16:11.7025903Z test pool::replay::tests::checksum_mutations_and_structural_corruption_do_not_replay ... ok
2026-09-17T14:16:11.7028375Z test pool::replay::tests::declared_size_and_record_count_are_bounded_before_body_allocation ... ok
2026-09-17T14:16:11.7038936Z test pool::replay::tests::every_truncated_frame_and_appended_byte_is_rejected ... ok
2026-09-17T14:16:11.7040042Z test pool::replay::tests::finish_requires_verified_eof_and_errors_permanently_poison_replay ... ok
2026-09-17T14:16:11.7042272Z test pool::replay::tests::fragmented_reads_and_interrupted_eof_are_retried_without_skipping ... ok
2026-09-17T14:16:11.7044818Z test pool::replay::tests::input_failure_is_never_converted_to_a_successful_empty_history ... ok
2026-09-17T14:16:11.7050426Z test pool::replay::tests::io_fault_at_every_record_byte_including_final_eof_drops_the_reconstruction ... ok
2026-09-17T14:16:11.7302120Z test pool::replay::tests::maximum_record_window_is_replayed_without_copying_the_full_state_per_block ... ok
2026-09-17T14:16:11.7323266Z test pool::replay::tests::reusable_buffer_does_not_decode_stale_tail_bytes_after_a_shorter_record ... ok
2026-09-17T14:16:11.7325685Z test pool::replay::tests::shared_eof_does_not_swallow_read_errors_or_trailing_data ... ok
2026-09-17T14:16:11.7327723Z test pool::replay::tests::shared_header_and_eof_retry_interrupted_and_short_reads ... ok
2026-09-17T14:16:11.7329985Z test pool::replay::tests::shared_header_preserves_both_profiles_and_leaves_records_unread ... ok
2026-09-17T14:16:11.7332108Z test pool::replay::tests::shared_header_rejects_bounds_before_reading_commitment_payload ... ok
2026-09-17T14:16:11.7334085Z test pool::replay::tests::shared_header_rejects_unknown_network_domain_and_truncation ... ok
2026-09-17T14:16:11.7352155Z test pool::replay::tests::startup_and_wallet_history_share_replay_and_preserve_journal_bytes ... ok
2026-09-17T14:16:24.0313131Z test pool::tests::actual_two_hop_pool_commit_replay_and_corruption ... ok
2026-09-17T14:16:24.0540608Z test pool::tests::empty_pool_lock_restart_and_no_overwrite ... ok
2026-09-17T14:16:24.0646961Z test pool::tests::lost_sync_acknowledgement_remains_uncertain_until_replay ... ok
2026-09-17T14:16:24.0736580Z test pool::tests::partial_write_poison_does_not_advance_memory_or_repair_disk ... ok
2026-09-17T14:16:24.0753964Z test pool::tests::record_decoder_rejects_truncation_trailing_and_length_bombs ... ok
2026-09-17T14:16:24.0858301Z test pool::tests::tampered_prepared_result_and_resource_limits ... ok
2026-09-17T14:16:45.3889189Z test pool::wallet_flow_tests::durable_wallet_outbox_resumes_exact_real_payment_after_lost_acknowledgement ... ok
2026-09-17T14:16:45.4269169Z test pool::wallet_flow_tests::wallet_history_replay_keeps_append_cursor_and_rejects_disk_drift ... ok
2026-09-17T14:17:14.2441954Z test pool::wallet_flow_tests::wallet_nonzero_multinote_payment_change_expiry_backup_and_rescan ... ok
2026-09-17T14:17:14.5283248Z test pool::wallet_flow_tests::wallet_rejects_changed_checkpoint_ancestry_without_mutation ... ok
2026-09-17T14:17:14.5285522Z test signing_domain_vectors::every_context_component_changes_the_bound_signature_message ... ok
2026-09-17T14:17:14.5287839Z test signing_domain_vectors::legacy_and_bound_transcripts_match_independent_sha256_vectors ... ok
2026-09-17T14:17:15.1315005Z test wallet::tests::shared_witnesses_match_upstream_frontier_for_odd_and_even_trees ... ok
2026-09-17T14:17:15.2369747Z test wallet::vault::independent_kdf_vector::argon2id_matches_independent_argon2_cffi_reference ... ok
2026-09-17T14:17:16.1774504Z test wallet::vault::store::compact_tests::compacted_checkpoint_is_authenticated_but_requires_rescan_and_new_receipt ... ok
2026-09-17T14:17:16.9234397Z test wallet::vault::store::compact_tests::compaction_requires_exact_current_pin_and_never_overwrites_targets ... ok
2026-09-17T14:17:17.0643533Z test wallet::vault::store::compact_tests::corrupt_or_poisoned_source_cannot_be_compacted_into_a_fresh_looking_copy ... ok
2026-09-17T14:17:17.8881805Z test wallet::vault::store::compact_tests::partial_and_lost_ack_compaction_preserve_source_and_do_not_repair_targets ... ok
2026-09-17T14:17:18.5016856Z test wallet::vault::store::tests::authenticated_predecessor_rejects_rewritten_hash_chain_and_other_journal ... ok
2026-09-17T14:17:18.6716356Z test wallet::vault::store::tests::bounds_padding_and_live_disk_drift_fail_closed ... ok
2026-09-17T14:17:18.8178390Z test wallet::vault::store::tests::capacity_inspection_is_read_only_and_does_not_claim_synced_balance ... ok
2026-09-17T14:17:19.5187438Z test wallet::vault::store::tests::create_sync_backup_reopen_and_exact_source_protection ... ok
2026-09-17T14:17:20.1634030Z test wallet::vault::store::tests::legacy_snapshot_import_preserves_missing_outbox_reservation ... ok
2026-09-17T14:17:20.1635662Z test wallet::vault::store::tests::lock_child ... ok
2026-09-17T14:17:20.3076710Z test wallet::vault::store::tests::lock_is_enforced_across_processes ... ok
2026-09-17T14:17:20.6954226Z test wallet::vault::store::tests::lost_acknowledgement_is_uncertain_and_reopen_reconciles_complete_record ... ok
2026-09-17T14:17:20.6967734Z test wallet::vault::store::tests::missing_and_nonregular_files_are_not_created_or_repaired ... ok
2026-09-17T14:17:20.9774397Z test wallet::vault::store::tests::partial_write_poison_preserves_failure_and_never_truncates_on_reopen ... ok
2026-09-17T14:17:21.1085895Z test wallet::vault::store::tests::truncated_and_oversized_files_never_invoke_unbounded_reads ... ok
2026-09-17T14:17:21.6412697Z test wallet::vault::store::tests::valid_prefix_needs_independent_receipt_for_rollback_detection ... ok
2026-09-17T14:17:22.5445618Z test wallet::vault::tests::encrypted_roundtrip_randomization_and_wrong_password ... ok
2026-09-17T14:17:22.5561793Z test wallet::vault::tests::rejects_lengths_versions_and_kdf_bombs_before_derivation ... ok
2026-09-17T14:17:22.5670579Z test wallet::vault::tests::snapshot_rejects_noncanonical_flags_padding_and_duplicate_reservations ... ok
2026-09-17T14:17:22.5679558Z test wire::cache::tests::concurrent_success_memoization_preserves_exact_entries_and_bounds ... ok
2026-09-17T14:17:22.5682174Z test wire::cache::tests::exact_bytes_required_even_for_a_forced_digest_collision ... ok
2026-09-17T14:17:22.5684499Z test wire::cache::tests::fifo_capacity_and_duplicate_insert_are_bounded ... ok
2026-09-17T14:17:22.5686826Z test wire::cache::tests::invalid_sizes_cannot_fill_the_cache ... ok
2026-09-17T14:17:30.7904351Z test wire::fixed_key_tests::concurrent_verifiers_share_only_the_fixed_key_and_keep_real_authorization_cold ... ok
2026-09-17T14:17:30.7906371Z test worker::tests::bounded_frame_rejections ... ok
2026-09-17T14:17:30.7908990Z test worker::tests::fingerprint_matches_go_vector ... ok
2026-09-17T14:17:30.7911202Z test worker::tests::frame_roundtrip ... ok
2026-09-17T14:17:30.7911679Z 
2026-09-17T14:17:30.7912157Z test result: ok. 146 passed; 0 failed; 0 ignored; 0 measured; 0 filtered out; finished in 97.35s
2026-09-17T14:17:30.7936732Z 
2026-09-17T14:17:30.7955828Z      Running unittests src\bin\zevune-orchard-worker.rs (target\release\deps\zevune_orchard_worker-44b822ff81aab2c2.exe)
2026-09-17T14:17:30.8062087Z 
2026-09-17T14:17:30.8062403Z running 0 tests
2026-09-17T14:17:30.8062633Z 
2026-09-17T14:17:30.8063050Z test result: ok. 0 passed; 0 failed; 0 ignored; 0 measured; 0 filtered out; finished in 0.00s
2026-09-17T14:17:30.8063460Z 
2026-09-17T14:17:30.8079498Z      Running unittests src\bin\zevune-pool-worker.rs (target\release\deps\zevune_pool_worker-5279a52ee5383636.exe)
2026-09-17T14:17:30.8176595Z 
2026-09-17T14:17:30.8176944Z running 3 tests
2026-09-17T14:17:30.8179555Z test tests::block_decoder_bounds ... ok
2026-09-17T14:17:30.8181493Z test tests::frame_truncation_and_bombs ... ok
2026-09-17T14:17:30.8183848Z test tests::selection_frame_is_bounded_canonical_and_separate_from_blocks ... ok
2026-09-17T14:17:30.8184384Z 
2026-09-17T14:17:30.8184702Z test result: ok. 3 passed; 0 failed; 0 ignored; 0 measured; 0 filtered out; finished in 0.00s
2026-09-17T14:17:30.8185084Z 
2026-09-17T14:17:30.8200264Z      Running tests\active_incremental_cli.rs (target\release\deps\active_incremental_cli-2b9b5771729c4e42.exe)
2026-09-17T14:17:30.8299134Z 
2026-09-17T14:17:30.8299658Z running 0 tests
2026-09-17T14:17:30.8300014Z 
2026-09-17T14:17:30.8300887Z test result: ok. 0 passed; 0 failed; 0 ignored; 0 measured; 0 filtered out; finished in 0.00s
2026-09-17T14:17:30.8301534Z 
2026-09-17T14:17:30.8316913Z      Running tests\active_recovery_cli.rs (target\release\deps\active_recovery_cli-42fb7233eb0d0852.exe)
2026-09-17T14:17:30.8414093Z 
2026-09-17T14:17:30.8414440Z running 0 tests
2026-09-17T14:17:30.8414846Z 
2026-09-17T14:17:30.8415595Z test result: ok. 0 passed; 0 failed; 0 ignored; 0 measured; 0 filtered out; finished in 0.00s
2026-09-17T14:17:30.8416230Z 
2026-09-17T14:17:30.8432707Z      Running tests\authorization_cache.rs (target\release\deps\authorization_cache-b0bc5af9f09a5cde.exe)
2026-09-17T14:17:30.8561808Z 
2026-09-17T14:17:30.8562181Z running 1 test
2026-09-17T14:17:41.8670311Z test real_authorization_reuse_rejects_changed_bytes_and_restarts_cold ... ok
2026-09-17T14:17:41.8670740Z 
2026-09-17T14:17:41.8671046Z test result: ok. 1 passed; 0 failed; 0 ignored; 0 measured; 0 filtered out; finished in 11.01s
2026-09-17T14:17:41.8671443Z 
2026-09-17T14:17:41.8700906Z      Running tests\bridge.rs (target\release\deps\bridge-2d6d87c7b4b2ce0b.exe)
2026-09-17T14:17:41.8816334Z 
2026-09-17T14:17:41.8816605Z running 1 test
2026-09-17T14:17:56.0141430Z test real_wire_roundtrip_individual_authorization_and_rejections ... ok
2026-09-17T14:17:56.0141805Z 
2026-09-17T14:17:56.0142148Z test result: ok. 1 passed; 0 failed; 0 ignored; 0 measured; 0 filtered out; finished in 14.13s
2026-09-17T14:17:56.0142550Z 
2026-09-17T14:17:56.0170167Z      Running tests\cache_state_guards.rs (target\release\deps\cache_state_guards-eb7543413700c781.exe)
2026-09-17T14:17:56.0276425Z 
2026-09-17T14:17:56.0276795Z running 0 tests
2026-09-17T14:17:56.0277019Z 
2026-09-17T14:17:56.0277428Z test result: ok. 0 passed; 0 failed; 0 ignored; 0 measured; 0 filtered out; finished in 0.00s
2026-09-17T14:17:56.0277826Z 
2026-09-17T14:17:56.0293406Z      Running tests\default_worker_policy.rs (target\release\deps\default_worker_policy-cce630c6a2942d79.exe)
2026-09-17T14:17:56.0403295Z 
2026-09-17T14:17:56.0403704Z running 1 test
2026-09-17T14:17:56.0511987Z test default_worker_refuses_explicit_funding_arguments ... ok
2026-09-17T14:17:56.0512338Z 
2026-09-17T14:17:56.0512676Z test result: ok. 1 passed; 0 failed; 0 ignored; 0 measured; 0 filtered out; finished in 0.01s
2026-09-17T14:17:56.0513030Z 
2026-09-17T14:17:56.0526744Z      Running tests\genesis_domain.rs (target\release\deps\genesis_domain-53cce6535e770980.exe)
2026-09-17T14:17:56.0633507Z 
2026-09-17T14:17:56.0633990Z running 0 tests
2026-09-17T14:17:56.0634362Z 
2026-09-17T14:17:56.0634836Z test result: ok. 0 passed; 0 failed; 0 ignored; 0 measured; 0 filtered out; finished in 0.00s
2026-09-17T14:17:56.0635441Z 
2026-09-17T14:17:56.0655183Z      Running tests\genesis_manifest_bounds.rs (target\release\deps\genesis_manifest_bounds-b329bb7a35a78467.exe)
2026-09-17T14:17:56.0766369Z 
2026-09-17T14:17:56.0766840Z running 0 tests
2026-09-17T14:17:56.0767191Z 
2026-09-17T14:17:56.0767686Z test result: ok. 0 passed; 0 failed; 0 ignored; 0 measured; 0 filtered out; finished in 0.00s
2026-09-17T14:17:56.0768275Z 
2026-09-17T14:17:56.0786945Z      Running tests\operator_cli.rs (target\release\deps\operator_cli-dd5ca677447fc622.exe)
2026-09-17T14:17:56.0893134Z 
2026-09-17T14:17:56.0893590Z running 0 tests
2026-09-17T14:17:56.0894020Z 
2026-09-17T14:17:56.0894588Z test result: ok. 0 passed; 0 failed; 0 ignored; 0 measured; 0 filtered out; finished in 0.00s
2026-09-17T14:17:56.0895174Z 
2026-09-17T14:17:56.0912553Z      Running tests\payment_preflight.rs (target\release\deps\payment_preflight-b8cb59e5503377db.exe)
2026-09-17T14:17:56.1015475Z 
2026-09-17T14:17:56.1015944Z running 0 tests
2026-09-17T14:17:56.1016674Z 
2026-09-17T14:17:56.1017766Z test result: ok. 0 passed; 0 failed; 0 ignored; 0 measured; 0 filtered out; finished in 0.00s
2026-09-17T14:17:56.1018391Z 
2026-09-17T14:17:56.1032944Z      Running tests\pool_network.rs (target\release\deps\pool_network-a81118f5b1234391.exe)
2026-09-17T14:17:56.1146782Z 
2026-09-17T14:17:56.1147418Z running 1 test
2026-09-17T14:18:07.0043409Z test zero_value_real_proof_for_consensus ... ok
2026-09-17T14:18:07.0043721Z 
2026-09-17T14:18:07.0044080Z test result: ok. 1 passed; 0 failed; 0 ignored; 0 measured; 0 filtered out; finished in 10.89s
2026-09-17T14:18:07.0044490Z 
2026-09-17T14:18:07.0072109Z      Running tests\real_bundle.rs (target\release\deps\real_bundle-a881684daa2f885f.exe)
2026-09-17T14:18:07.0193089Z 
2026-09-17T14:18:07.0193579Z running 4 tests
2026-09-17T14:18:07.0535089Z test builder_rejects_wrong_owner_and_nonmember_path ... ok
2026-09-17T14:18:07.0584732Z test raw_key_reconstruction_preserves_local_receiver ... ok
2026-09-17T14:18:31.4663721Z test real_proofs_two_hops_and_adversarial_cases ... ok
2026-09-17T14:18:31.4665890Z test upstream_public_empty_root_vectors ... ok
2026-09-17T14:18:31.4666238Z 
2026-09-17T14:18:31.4666583Z test result: ok. 4 passed; 0 failed; 0 ignored; 0 measured; 0 filtered out; finished in 24.45s
2026-09-17T14:18:31.4666987Z 
2026-09-17T14:18:31.4696636Z      Running tests\recipient_domain.rs (target\release\deps\recipient_domain-a4a1e43c54e405bb.exe)
2026-09-17T14:18:31.4815596Z 
2026-09-17T14:18:31.4816163Z running 3 tests
2026-09-17T14:18:31.5027944Z test canonical_receiver_formats_preserve_legacy_without_domain_fallback ... ok
2026-09-17T14:18:31.5364558Z test network_recipient_requires_a_verified_history_not_only_keys ... ok
2026-09-17T14:18:31.5647098Z test recipient_parser_rejects_truncation_mutation_and_noncanonical_input ... ok
2026-09-17T14:18:31.5647520Z 
2026-09-17T14:18:31.5647846Z test result: ok. 3 passed; 0 failed; 0 ignored; 0 measured; 0 filtered out; finished in 0.08s
2026-09-17T14:18:31.5648195Z 
2026-09-17T14:18:31.5669306Z      Running tests\recovery_cli.rs (target\release\deps\recovery_cli-0836eefbc580395b.exe)
2026-09-17T14:18:31.5782172Z 
2026-09-17T14:18:31.5782464Z running 0 tests
2026-09-17T14:18:31.5782756Z 
2026-09-17T14:18:31.5783284Z test result: ok. 0 passed; 0 failed; 0 ignored; 0 measured; 0 filtered out; finished in 0.00s
2026-09-17T14:18:31.5783910Z 
2026-09-17T14:18:31.5800728Z      Running tests\test_genesis.rs (target\release\deps\test_genesis-44f4c43591290a73.exe)
2026-09-17T14:18:31.5896016Z 
2026-09-17T14:18:31.5896355Z running 0 tests
2026-09-17T14:18:31.5896578Z 
2026-09-17T14:18:31.5897006Z test result: ok. 0 passed; 0 failed; 0 ignored; 0 measured; 0 filtered out; finished in 0.00s
2026-09-17T14:18:31.5897401Z 
2026-09-17T14:18:31.5911968Z    Doc-tests zevune_orchard_lab
2026-09-17T14:18:31.7250419Z 
2026-09-17T14:18:31.7251358Z running 0 tests
2026-09-17T14:18:31.7251684Z 
2026-09-17T14:18:31.7252220Z test result: ok. 0 passed; 0 failed; 0 ignored; 0 measured; 0 filtered out; finished in 0.00s
2026-09-17T14:18:31.7252830Z 
2026-09-17T14:18:32.7910543Z     Checking cfg-if v1.0.4
2026-09-17T14:18:32.7918801Z     Checking subtle v2.6.1
2026-09-17T14:18:32.8305209Z     Checking getrandom v0.2.17
2026-09-17T14:18:32.9121751Z     Checking typenum v1.20.1
2026-09-17T14:18:32.9288226Z     Checking rand_core v0.6.4
2026-09-17T14:18:33.0699444Z     Checking tap v1.0.1
2026-09-17T14:18:33.1374238Z     Checking wyz v0.5.1
2026-09-17T14:18:33.2856348Z     Checking radium v0.7.0
2026-09-17T14:18:33.4500600Z     Checking funty v2.0.0
2026-09-17T14:18:33.6232073Z     Checking generic-array v0.14.7
2026-09-17T14:18:33.8769599Z     Checking bitvec v1.1.1
2026-09-17T14:18:34.1299952Z     Checking crypto-common v0.1.7
2026-09-17T14:18:34.2134425Z     Checking zeroize v1.9.0
2026-09-17T14:18:34.3360980Z     Checking zerocopy v0.8.57
2026-09-17T14:18:35.8810501Z     Checking ff v0.13.1
2026-09-17T14:18:36.0081614Z     Checking arrayvec v0.7.8
2026-09-17T14:18:36.1883516Z     Checking constant_time_eq v0.4.2
2026-09-17T14:18:36.2881698Z     Checking memuse v0.2.2
2026-09-17T14:18:36.4428641Z     Checking blake2b_simd v1.0.5
2026-09-17T14:18:36.8777556Z     Checking crossbeam-utils v0.8.23
2026-09-17T14:18:37.3268728Z     Checking group v0.13.0
2026-09-17T14:18:37.4559308Z     Checking inout v0.1.4
2026-09-17T14:18:37.5394154Z     Checking spin v0.9.9
2026-09-17T14:18:37.6224959Z     Checking cpufeatures v0.2.17
2026-09-17T14:18:37.6632739Z     Checking static_assertions v1.1.0
2026-09-17T14:18:37.7027516Z     Checking lazy_static v1.5.0
2026-09-17T14:18:37.7507449Z     Checking cipher v0.4.4
2026-09-17T14:18:37.9338375Z     Checking crossbeam-epoch v0.9.21
2026-09-17T14:18:38.1697684Z     Checking crossbeam-deque v0.8.8
2026-09-17T14:18:38.2918301Z     Checking ppv-lite86 v0.2.21
2026-09-17T14:18:38.3187227Z     Checking either v1.18.0
2026-09-17T14:18:38.5076377Z     Checking rayon-core v1.13.0
2026-09-17T14:18:38.6726965Z     Checking rand_chacha v0.3.1
2026-09-17T14:18:38.9076800Z     Checking rand v0.8.5
2026-09-17T14:18:38.9833261Z     Checking once_cell v1.21.4
2026-09-17T14:18:39.1657781Z     Checking tracing-core v0.1.36
2026-09-17T14:18:39.6127746Z     Checking rayon v1.12.0
2026-09-17T14:18:39.6951074Z     Checking pasta_curves v0.5.2
2026-09-17T14:18:40.5154252Z     Checking num-traits v0.2.19
2026-09-17T14:18:41.1307520Z     Checking universal-hash v0.5.1
2026-09-17T14:18:41.2067522Z     Checking block-buffer v0.10.4
2026-09-17T14:18:41.3035551Z     Checking hashbrown v0.12.3
2026-09-17T14:18:41.6869312Z     Checking opaque-debug v0.3.1
2026-09-17T14:18:41.7283117Z     Checking pin-project-lite v0.2.17
2026-09-17T14:18:41.7937166Z     Checking byteorder v1.5.0
2026-09-17T14:18:41.8090961Z     Checking hex v0.4.3
2026-09-17T14:18:42.0103582Z     Checking indexmap v1.9.3
2026-09-17T14:18:42.0382589Z     Checking tracing v0.1.44
2026-09-17T14:18:42.2252666Z     Checking poly1305 v0.8.0
2026-09-17T14:18:42.4081554Z     Checking maybe-rayon v0.1.1
2026-09-17T14:18:42.4574824Z     Checking digest v0.10.7
2026-09-17T14:18:42.5056442Z     Checking num-integer v0.1.47
2026-09-17T14:18:42.6514479Z     Checking crunchy v0.2.4
2026-09-17T14:18:42.7013527Z     Checking serde_core v1.0.229
2026-09-17T14:18:42.7599320Z     Checking chacha20 v0.9.1
2026-09-17T14:18:42.9240740Z     Checking bls12_381 v0.8.0
2026-09-17T14:18:43.0758403Z     Checking aead v0.5.2
2026-09-17T14:18:43.1745131Z     Checking halo2_legacy_pdqsort v0.1.0
2026-09-17T14:18:43.2734007Z     Checking halo2_proofs v0.3.5
2026-09-17T14:18:44.7168893Z     Checking serde v1.0.229
2026-09-17T14:18:45.1567937Z     Checking chacha20poly1305 v0.10.1
2026-09-17T14:18:45.2339173Z     Checking jubjub v0.10.0
2026-09-17T14:18:45.4903783Z     Checking thiserror v2.0.20
2026-09-17T14:18:45.5538303Z     Checking num-bigint v0.4.8
2026-09-17T14:18:45.8660663Z     Checking uint v0.9.5
2026-09-17T14:18:45.9510909Z     Checking libm v0.2.16
2026-09-17T14:18:46.8152856Z     Checking halo2_poseidon v0.1.0
2026-09-17T14:18:47.0629593Z     Checking sinsemilla v0.1.0
2026-09-17T14:18:47.1764649Z     Checking cbc v0.1.2
2026-09-17T14:18:47.2596660Z     Checking zcash_spec v0.2.1
2026-09-17T14:18:47.3379298Z     Checking bech32 v0.11.1
2026-09-17T14:18:47.7640625Z     Checking base64ct v1.8.3
2026-09-17T14:18:47.9881650Z     Checking halo2_gadgets v0.5.0
2026-09-17T14:18:47.9913007Z     Checking password-hash v0.5.0
2026-09-17T14:18:48.2285610Z     Checking zip32 v0.2.1
2026-09-17T14:18:48.3916022Z     Checking fpe v0.6.1
2026-09-17T14:18:48.5784862Z     Checking reddsa v0.5.2
2026-09-17T14:18:48.8602197Z     Checking zcash_note_encryption v0.4.2
2026-09-17T14:18:49.0023372Z     Checking blake2 v0.10.6
2026-09-17T14:18:49.2117713Z     Checking incrementalmerkletree v0.8.1
2026-09-17T14:18:49.3623008Z     Checking aes v0.8.4
2026-09-17T14:18:49.4242966Z     Checking nonempty v0.11.0
2026-09-17T14:18:49.5340727Z     Checking corez v0.1.1
2026-09-17T14:18:49.5789693Z     Checking argon2 v0.5.3
2026-09-17T14:18:49.7976131Z     Checking orchard v0.15.5
2026-09-17T14:18:49.9048389Z     Checking sha2 v0.10.9
2026-09-17T14:18:51.4123976Z     Checking zevune-orchard-lab v0.1.0 (D:\a\Zevune\Zevune\integration\orchard)
2026-09-17T14:18:53.9501029Z     Finished `release` profile [optimized] target(s) in 21.45s
2026-09-17T14:18:54.4864820Z     Finished `release` profile [optimized] target(s) in 0.20s
2026-09-17T14:18:54.5222309Z ##[group]Run go test ./... -count=1
2026-09-17T14:18:54.5222819Z [36;1mgo test ./... -count=1[0m
2026-09-17T14:18:54.5223129Z [36;1mgo vet ./...[0m
2026-09-17T14:18:54.5237175Z shell: C:\Program Files\Git\bin\bash.EXE --noprofile --norc -e -o pipefail {0}
2026-09-17T14:18:54.5237642Z env:
2026-09-17T14:18:54.5237924Z   RAYON_NUM_THREADS: 2
2026-09-17T14:18:54.5238192Z   CARGO_BUILD_JOBS: 2
2026-09-17T14:18:54.5238461Z   GOTOOLCHAIN: local
2026-09-17T14:18:54.5238825Z   ZEVUNE_POOL_FIXTURE: D:\a\_temp\zevune-m7-_4uyw1mb\zero-value.bin
2026-09-17T14:18:54.5239768Z   ZEVUNE_POOL_WORKER: D:\a\Zevune\Zevune\integration\orchard\target\release\zevune-pool-worker.exe
2026-09-17T14:18:54.5240279Z ##[endgroup]
2026-09-17T14:18:56.7060756Z ?   	github.com/youq616/Zevune/cmd/latency-report	[no test files]
2026-09-17T14:18:57.9507803Z ?   	github.com/youq616/Zevune/cmd/zevuned	[no test files]
2026-09-17T14:18:58.6600130Z ok  	github.com/youq616/Zevune/internal/api	0.193s
2026-09-17T14:18:58.6602116Z ok  	github.com/youq616/Zevune/internal/latency	0.091s
2026-09-17T14:19:01.6763176Z ok  	github.com/youq616/Zevune/internal/ledger	3.111s
2026-09-17T14:19:01.6764109Z ok  	github.com/youq616/Zevune/internal/merkle	0.053s
2026-09-17T14:19:01.6764814Z ok  	github.com/youq616/Zevune/internal/orchardbridge	0.552s
2026-09-17T14:19:01.6765502Z ok  	github.com/youq616/Zevune/internal/poolbridge	1.087s
2026-09-17T14:19:01.6766158Z ok  	github.com/youq616/Zevune/internal/protocol	0.037s
2026-09-17T14:19:07.1132313Z ##[group]Run go mod download
2026-09-17T14:19:07.1132672Z [36;1mgo mod download[0m
2026-09-17T14:19:07.1132909Z [36;1mgo mod verify[0m
2026-09-17T14:19:07.1133143Z [36;1mgo mod tidy -diff[0m
2026-09-17T14:19:07.1133513Z [36;1mgo test -mod=readonly -tags=pool_e2e ./poolapp -count=1 -timeout=8m -v[0m
2026-09-17T14:19:07.1133955Z [36;1mgo test -mod=readonly ./... -count=1 -timeout=8m[0m
2026-09-17T14:19:07.1134309Z [36;1mgo vet -mod=readonly -tags=pool_e2e ./...[0m
2026-09-17T14:19:07.1148002Z shell: C:\Program Files\Git\bin\bash.EXE --noprofile --norc -e -o pipefail {0}
2026-09-17T14:19:07.1148400Z env:
2026-09-17T14:19:07.1148596Z   RAYON_NUM_THREADS: 2
2026-09-17T14:19:07.1148806Z   CARGO_BUILD_JOBS: 2
2026-09-17T14:19:07.1149010Z   GOTOOLCHAIN: local
2026-09-17T14:19:07.1149305Z   ZEVUNE_POOL_FIXTURE: D:\a\_temp\zevune-m7-_4uyw1mb\zero-value.bin
2026-09-17T14:19:07.1150050Z   ZEVUNE_POOL_WORKER: D:\a\Zevune\Zevune\integration\orchard\target\release\zevune-pool-worker.exe
2026-09-17T14:19:07.1150781Z ##[endgroup]
2026-09-17T14:19:09.3639854Z all modules verified
2026-09-17T14:19:55.0573213Z === RUN   TestRealFinalizationCommitAndRestart
2026-09-17T14:20:05.6804607Z     e2e_test.go:179: real proof -> Finalize without persistence -> worker restart -> replay -> Commit -> durable restart -> duplicate rejected
2026-09-17T14:20:05.6814368Z --- PASS: TestRealFinalizationCommitAndRestart (10.62s)
2026-09-17T14:20:05.6816359Z === RUN   TestPoolNodeHelper
2026-09-17T14:20:05.6816950Z --- PASS: TestPoolNodeHelper (0.00s)
2026-09-17T14:20:05.6817575Z === RUN   TestRealPoolFourProcessConsensus
2026-09-17T14:20:37.6050775Z     e2e_test.go:516: real zero-value proof included at height 4; 4 node commits/signatures/app hashes matched independent Orchard replay
2026-09-17T14:21:01.0728036Z     e2e_test.go:554: full network restart exceeded every persisted height; spent nullifiers and 2 commitments retained; duplicate rejected
2026-09-17T14:21:02.0740097Z --- PASS: TestRealPoolFourProcessConsensus (56.39s)
2026-09-17T14:21:02.0741041Z === RUN   TestRealLegacyInitChainRejectsActiveApplicationVersion
2026-09-17T14:21:05.2079727Z --- PASS: TestRealLegacyInitChainRejectsActiveApplicationVersion (3.13s)
2026-09-17T14:21:05.2080622Z === RUN   TestGenesisBindingRejectsAmbiguityAndMismatch
2026-09-17T14:21:05.2081560Z --- PASS: TestGenesisBindingRejectsAmbiguityAndMismatch (0.00s)
2026-09-17T14:21:05.2082083Z === RUN   TestRealProposalSelectionAndAtomicRejection
2026-09-17T14:21:08.5639995Z --- PASS: TestRealProposalSelectionAndAtomicRejection (3.36s)
2026-09-17T14:21:08.5640890Z PASS
2026-09-17T14:21:08.5682799Z ok  	github.com/youq616/Zevune/integration/cometbft/poolapp	73.542s
2026-09-17T14:21:12.7525438Z ok  	github.com/youq616/Zevune/integration/cometbft/app	0.410s
2026-09-17T14:21:12.7564639Z ?   	github.com/youq616/Zevune/integration/cometbft/cmd/zevune-devnet	[no test files]
2026-09-17T14:21:14.2297637Z ok  	github.com/youq616/Zevune/integration/cometbft/cmd/zevune-network	0.195s
2026-09-17T14:22:10.2545431Z ok  	github.com/youq616/Zevune/integration/cometbft/devnet	56.062s
2026-09-17T14:22:10.2546391Z ok  	github.com/youq616/Zevune/integration/cometbft/labnet	11.974s
2026-09-17T14:22:10.2547882Z ok  	github.com/youq616/Zevune/integration/cometbft/poolapp	0.083s
2026-09-17T14:22:21.2414616Z ##[group]Run git diff --exit-code
2026-09-17T14:22:21.2414983Z [36;1mgit diff --exit-code[0m
2026-09-17T14:22:21.2429052Z shell: C:\Program Files\Git\bin\bash.EXE --noprofile --norc -e -o pipefail {0}
2026-09-17T14:22:21.2429616Z env:
2026-09-17T14:22:21.2429801Z   RAYON_NUM_THREADS: 2
2026-09-17T14:22:21.2430020Z   CARGO_BUILD_JOBS: 2
2026-09-17T14:22:21.2430219Z   GOTOOLCHAIN: local
2026-09-17T14:22:21.2430522Z   ZEVUNE_POOL_FIXTURE: D:\a\_temp\zevune-m7-_4uyw1mb\zero-value.bin
2026-09-17T14:22:21.2431052Z   ZEVUNE_POOL_WORKER: D:\a\Zevune\Zevune\integration\orchard\target\release\zevune-pool-worker.exe
2026-09-17T14:22:21.2431491Z ##[endgroup]
2026-09-17T14:22:21.4363575Z Node 20 is being deprecated. This workflow is running with Node 24 by default. If you need to temporarily use Node 20, you can set the ACTIONS_ALLOW_USE_UNSECURE_NODE_VERSION=true environment variable. For more information see: https://github.blog/changelog/2025-09-19-deprecation-of-node-20-on-github-actions-runners/
2026-09-17T14:22:21.4364914Z Post job cleanup.
2026-09-17T14:22:21.6091371Z (node:4784) [DEP0040] DeprecationWarning: The `punycode` module is deprecated. Please use a userland alternative instead.
2026-09-17T14:22:21.6092141Z (Use `node --trace-deprecation ...` to show where the warning was created)
2026-09-17T14:22:21.6996374Z [command]C:\hostedtoolcache\windows\go\1.27.1\x64\bin\go.exe env GOCACHE
2026-09-17T14:22:21.7078508Z [command]C:\hostedtoolcache\windows\go\1.27.1\x64\bin\go.exe env GOMODCACHE
2026-09-17T14:22:21.7412169Z C:\Users\runneradmin\AppData\Local\go-build
2026-09-17T14:22:21.7448732Z C:\Users\runneradmin\go\pkg\mod
2026-09-17T14:22:21.7463200Z Cache hit occurred on the primary key setup-go-Windows-x64-go-1.27.1-ef6b0fbca0a8d0b6206b16c85f11c4a6c772908ae2660ca86a6b7ee95979c938, not saving cache.
2026-09-17T14:22:21.7834187Z Post job cleanup.
2026-09-17T14:22:21.9553854Z [command]"C:\Program Files\Git\bin\git.exe" version
2026-09-17T14:22:21.9827029Z git version 2.55.0.windows.5
2026-09-17T14:22:21.9893147Z Temporarily overriding HOME='D:\a\_temp\be3530e0-eca8-42c1-b481-1b157be7a479' before making global git config changes
2026-09-17T14:22:21.9894332Z Adding repository directory to the temporary git global config as a safe directory
2026-09-17T14:22:21.9905740Z [command]"C:\Program Files\Git\bin\git.exe" config --global --add safe.directory D:\a\Zevune\Zevune
2026-09-17T14:22:22.0259940Z [command]"C:\Program Files\Git\bin\git.exe" config --local --name-only --get-regexp core\.sshCommand
2026-09-17T14:22:22.0584524Z [command]"C:\Program Files\Git\bin\git.exe" submodule foreach --recursive "sh -c \"git config --local --name-only --get-regexp 'core\.sshCommand' && git config --local --unset-all 'core.sshCommand' || :\""
2026-09-17T14:22:23.0165810Z [command]"C:\Program Files\Git\bin\git.exe" config --local --name-only --get-regexp http\.https\:\/\/github\.com\/\.extraheader
2026-09-17T14:22:23.0450473Z [command]"C:\Program Files\Git\bin\git.exe" submodule foreach --recursive "sh -c \"git config --local --name-only --get-regexp 'http\.https\:\/\/github\.com\/\.extraheader' && git config --local --unset-all 'http.https://github.com/.extraheader' || :\""
2026-09-17T14:22:23.6118808Z Cleaning up orphan processes
2026-09-17T14:22:23.6866194Z Terminate orphan process: pid (3312) (vctip)
2026-09-17T14:22:23.7175917Z ##[warning]Node.js 20 is deprecated. The following actions target Node.js 20 but are being forced to run on Node.js 24: actions/setup-go@44694675825211faa026b3c33043df3e48a5fa00. For more information see: https://github.blog/changelog/2025-09-19-deprecation-of-node-20-on-github-actions-runners/
