2026-09-17T14:10:22.3063647Z Current runner version: '2.337.0'
2026-09-17T14:10:22.3087985Z ##[group]Runner Image Provisioner
2026-09-17T14:10:22.3088814Z Hosted Compute Agent
2026-09-17T14:10:22.3089513Z Version: 20260828.587
2026-09-17T14:10:22.3090439Z Commit: abac92662cab4cc7352de4f9f9d2e2419aad9c29
2026-09-17T14:10:22.3091223Z Build Date: 2026-08-28T16:44:25Z
2026-09-17T14:10:22.3091933Z Worker ID: {334502d2-ce46-49f3-9e63-028659c146ba}
2026-09-17T14:10:22.3092702Z Azure Region: northcentralus
2026-09-17T14:10:22.3093365Z ##[endgroup]
2026-09-17T14:10:22.3094909Z ##[group]Operating System
2026-09-17T14:10:22.3095618Z Ubuntu
2026-09-17T14:10:22.3096169Z 24.04.5
2026-09-17T14:10:22.3096686Z LTS
2026-09-17T14:10:22.3097245Z ##[endgroup]
2026-09-17T14:10:22.3097835Z ##[group]Runner Image
2026-09-17T14:10:22.3098411Z Image: ubuntu-24.04
2026-09-17T14:10:22.3099043Z Version: 20260907.300.1
2026-09-17T14:10:22.3100488Z Included Software: https://github.com/actions/runner-images/blob/ubuntu24/20260907.300/images/ubuntu/Ubuntu2404-Readme.md
2026-09-17T14:10:22.3102173Z Image Release: https://github.com/actions/runner-images/releases/tag/ubuntu24%2F20260907.300
2026-09-17T14:10:22.3103122Z ##[endgroup]
2026-09-17T14:10:22.3104290Z ##[group]GITHUB_TOKEN Permissions
2026-09-17T14:10:22.3106129Z Contents: read
2026-09-17T14:10:22.3106898Z Metadata: read
2026-09-17T14:10:22.3107464Z ##[endgroup]
2026-09-17T14:10:22.3109959Z Secret source: Actions
2026-09-17T14:10:22.3111027Z Cache mode: write
2026-09-17T14:10:22.3111805Z Prepare workflow directory
2026-09-17T14:10:22.3534569Z Prepare all required actions
2026-09-17T14:10:22.3582400Z Getting action download info
2026-09-17T14:10:22.6047287Z Download action repository 'actions/checkout@08c6903cd8c0fde910a37f88322edcfb5dd907a8' (SHA:08c6903cd8c0fde910a37f88322edcfb5dd907a8)
2026-09-17T14:10:22.7415998Z Download action repository 'actions/setup-go@44694675825211faa026b3c33043df3e48a5fa00' (SHA:44694675825211faa026b3c33043df3e48a5fa00)
2026-09-17T14:10:23.1872337Z Complete job name: boundary (ubuntu-latest)
2026-09-17T14:10:23.2647032Z ##[group]Run actions/checkout@08c6903cd8c0fde910a37f88322edcfb5dd907a8
2026-09-17T14:10:23.2648107Z with:
2026-09-17T14:10:23.2648561Z   persist-credentials: false
2026-09-17T14:10:23.2649090Z   repository: youq616/Zevune
2026-09-17T14:10:23.2653295Z   token: ***
2026-09-17T14:10:23.2653731Z   ssh-strict: true
2026-09-17T14:10:23.2654161Z   ssh-user: git
2026-09-17T14:10:23.2654584Z   clean: true
2026-09-17T14:10:23.2655016Z   sparse-checkout-cone-mode: true
2026-09-17T14:10:23.2655525Z   fetch-depth: 1
2026-09-17T14:10:23.2655940Z   fetch-tags: false
2026-09-17T14:10:23.2656373Z   show-progress: true
2026-09-17T14:10:23.2656807Z   lfs: false
2026-09-17T14:10:23.2657209Z   submodules: false
2026-09-17T14:10:23.2657647Z   set-safe-directory: true
2026-09-17T14:10:23.2658444Z env:
2026-09-17T14:10:23.2658927Z   RAYON_NUM_THREADS: 2
2026-09-17T14:10:23.2659384Z   CARGO_BUILD_JOBS: 2
2026-09-17T14:10:23.2660006Z ##[endgroup]
2026-09-17T14:10:23.3719134Z Syncing repository: youq616/Zevune
2026-09-17T14:10:23.3721897Z ##[group]Getting Git version info
2026-09-17T14:10:23.3722982Z Working directory is '/home/runner/work/Zevune/Zevune'
2026-09-17T14:10:23.3736465Z [command]/usr/bin/git version
2026-09-17T14:10:23.3911118Z git version 2.55.0
2026-09-17T14:10:23.3926985Z ##[endgroup]
2026-09-17T14:10:23.3946014Z Temporarily overriding HOME='/home/runner/work/_temp/7dfdaf90-f6aa-4a18-ad99-78bd22b1bcb9' before making global git config changes
2026-09-17T14:10:23.3948315Z Adding repository directory to the temporary git global config as a safe directory
2026-09-17T14:10:23.3951420Z [command]/usr/bin/git config --global --add safe.directory /home/runner/work/Zevune/Zevune
2026-09-17T14:10:23.4009279Z Deleting the contents of '/home/runner/work/Zevune/Zevune'
2026-09-17T14:10:23.4013245Z ##[group]Initializing the repository
2026-09-17T14:10:23.4031920Z [command]/usr/bin/git init /home/runner/work/Zevune/Zevune
2026-09-17T14:10:23.4190068Z hint: Using 'master' as the name for the initial branch. This default branch name
2026-09-17T14:10:23.4192260Z hint: will change to "main" in Git 3.0. To configure the initial branch name
2026-09-17T14:10:23.4193876Z hint: to use in all of your new repositories, which will suppress this warning,
2026-09-17T14:10:23.4195133Z hint: call:
2026-09-17T14:10:23.4195711Z hint:
2026-09-17T14:10:23.4196669Z hint: 	git config --global init.defaultBranch <name>
2026-09-17T14:10:23.4197375Z hint:
2026-09-17T14:10:23.4198182Z hint: Names commonly chosen instead of 'master' are 'main', 'trunk' and
2026-09-17T14:10:23.4199919Z hint: 'development'. The just-created branch can be renamed via this command:
2026-09-17T14:10:23.4200748Z hint:
2026-09-17T14:10:23.4201181Z hint: 	git branch -m <name>
2026-09-17T14:10:23.4201675Z hint:
2026-09-17T14:10:23.4202316Z hint: Disable this message with "git config set advice.defaultBranchName false"
2026-09-17T14:10:23.4203322Z Initialized empty Git repository in /home/runner/work/Zevune/Zevune/.git/
2026-09-17T14:10:23.4207325Z [command]/usr/bin/git remote add origin https://github.com/youq616/Zevune
2026-09-17T14:10:23.4266358Z ##[endgroup]
2026-09-17T14:10:23.4272431Z ##[group]Disabling automatic garbage collection
2026-09-17T14:10:23.4273670Z [command]/usr/bin/git config --local gc.auto 0
2026-09-17T14:10:23.4305818Z ##[endgroup]
2026-09-17T14:10:23.4316731Z ##[group]Setting up auth
2026-09-17T14:10:23.4318081Z [command]/usr/bin/git config --local --name-only --get-regexp core\.sshCommand
2026-09-17T14:10:23.4351073Z [command]/usr/bin/git submodule foreach --recursive sh -c "git config --local --name-only --get-regexp 'core\.sshCommand' && git config --local --unset-all 'core.sshCommand' || :"
2026-09-17T14:10:23.4792565Z [command]/usr/bin/git config --local --name-only --get-regexp http\.https\:\/\/github\.com\/\.extraheader
2026-09-17T14:10:23.4831260Z [command]/usr/bin/git submodule foreach --recursive sh -c "git config --local --name-only --get-regexp 'http\.https\:\/\/github\.com\/\.extraheader' && git config --local --unset-all 'http.https://github.com/.extraheader' || :"
2026-09-17T14:10:23.5070015Z [command]/usr/bin/git config --local http.https://github.com/.extraheader AUTHORIZATION: basic ***
2026-09-17T14:10:23.5113365Z ##[endgroup]
2026-09-17T14:10:23.5114749Z ##[group]Fetching the repository
2026-09-17T14:10:23.5124548Z [command]/usr/bin/git -c protocol.version=2 fetch --no-tags --prune --no-recurse-submodules --depth=1 origin +2d208360ab665fbe82b57d205cf07e789f06164b:refs/remotes/pull/15/merge
2026-09-17T14:10:24.9941347Z From https://github.com/youq616/Zevune
2026-09-17T14:10:24.9944810Z  * [new ref]         2d208360ab665fbe82b57d205cf07e789f06164b -> pull/15/merge
2026-09-17T14:10:24.9952139Z ##[endgroup]
2026-09-17T14:10:24.9954808Z ##[group]Determining the checkout info
2026-09-17T14:10:24.9957386Z ##[endgroup]
2026-09-17T14:10:24.9958730Z [command]/usr/bin/git sparse-checkout disable
2026-09-17T14:10:25.0014088Z [command]/usr/bin/git config --local --unset-all extensions.worktreeConfig
2026-09-17T14:10:25.0046399Z ##[group]Checking out the ref
2026-09-17T14:10:25.0050928Z [command]/usr/bin/git checkout --progress --force refs/remotes/pull/15/merge
2026-09-17T14:10:25.0937489Z Note: switching to 'refs/remotes/pull/15/merge'.
2026-09-17T14:10:25.0938795Z 
2026-09-17T14:10:25.0939938Z You are in 'detached HEAD' state. You can look around, make experimental
2026-09-17T14:10:25.0941971Z changes and commit them, and you can discard any commits you make in this
2026-09-17T14:10:25.0943806Z state without impacting any branches by switching back to a branch.
2026-09-17T14:10:25.0944874Z 
2026-09-17T14:10:25.0945600Z If you want to create a new branch to retain commits you create, you may
2026-09-17T14:10:25.0947237Z do so (now or later) by using -c with the switch command. Example:
2026-09-17T14:10:25.0948183Z 
2026-09-17T14:10:25.0948610Z   git switch -c <new-branch-name>
2026-09-17T14:10:25.0949331Z 
2026-09-17T14:10:25.0950302Z Or undo this operation with:
2026-09-17T14:10:25.0951587Z 
2026-09-17T14:10:25.0952437Z   git switch -
2026-09-17T14:10:25.0953861Z 
2026-09-17T14:10:25.0955259Z Turn off this advice by setting config variable advice.detachedHead to false
2026-09-17T14:10:25.0957502Z 
2026-09-17T14:10:25.0960138Z HEAD is now at 2d20836 Merge 2020c7314a996769b33706754405c0976ce7c50a into 0927af157a3cc35abde14b036bc50a99a793a32b
2026-09-17T14:10:25.0967513Z ##[endgroup]
2026-09-17T14:10:25.1016488Z [command]/usr/bin/git log -1 --format=%H
2026-09-17T14:10:25.1044976Z 2d208360ab665fbe82b57d205cf07e789f06164b
2026-09-17T14:10:25.1054804Z ##[group]Removing auth
2026-09-17T14:10:25.1058679Z [command]/usr/bin/git config --local --name-only --get-regexp core\.sshCommand
2026-09-17T14:10:25.1094345Z [command]/usr/bin/git submodule foreach --recursive sh -c "git config --local --name-only --get-regexp 'core\.sshCommand' && git config --local --unset-all 'core.sshCommand' || :"
2026-09-17T14:10:25.1323491Z [command]/usr/bin/git config --local --name-only --get-regexp http\.https\:\/\/github\.com\/\.extraheader
2026-09-17T14:10:25.1352796Z http.https://github.com/.extraheader
2026-09-17T14:10:25.1360889Z [command]/usr/bin/git config --local --unset-all http.https://github.com/.extraheader
2026-09-17T14:10:25.1396484Z [command]/usr/bin/git submodule foreach --recursive sh -c "git config --local --name-only --get-regexp 'http\.https\:\/\/github\.com\/\.extraheader' && git config --local --unset-all 'http.https://github.com/.extraheader' || :"
2026-09-17T14:10:25.1612796Z ##[endgroup]
2026-09-17T14:10:25.1960692Z Node 20 is being deprecated. This workflow is running with Node 24 by default. If you need to temporarily use Node 20, you can set the ACTIONS_ALLOW_USE_UNSECURE_NODE_VERSION=true environment variable. For more information see: https://github.blog/changelog/2025-09-19-deprecation-of-node-20-on-github-actions-runners/
2026-09-17T14:10:25.1966873Z ##[group]Run actions/setup-go@44694675825211faa026b3c33043df3e48a5fa00
2026-09-17T14:10:25.1968504Z with:
2026-09-17T14:10:25.1969386Z   go-version: 1.27.1
2026-09-17T14:10:25.1970542Z   cache: false
2026-09-17T14:10:25.1971526Z   check-latest: false
2026-09-17T14:10:25.1982438Z   token: ***
2026-09-17T14:10:25.1983354Z env:
2026-09-17T14:10:25.1984238Z   RAYON_NUM_THREADS: 2
2026-09-17T14:10:25.1985256Z   CARGO_BUILD_JOBS: 2
2026-09-17T14:10:25.1986257Z ##[endgroup]
2026-09-17T14:10:25.3340051Z Setup go version spec 1.27.1
2026-09-17T14:10:25.3352813Z Attempting to download 1.27.1...
2026-09-17T14:10:25.3462685Z (node:2184) [DEP0040] DeprecationWarning: The `punycode` module is deprecated. Please use a userland alternative instead.
2026-09-17T14:10:25.9465480Z (Use `node --trace-deprecation ...` to show where the warning was created)
2026-09-17T14:10:25.9466069Z matching 1.27.1...
2026-09-17T14:10:25.9501716Z Acquiring 1.27.1 from https://github.com/actions/go-versions/releases/download/1.27.1-33583469715/go-1.27.1-linux-x64.tar.gz
2026-09-17T14:10:26.5091891Z Extracting Go...
2026-09-17T14:10:26.5216903Z [command]/usr/bin/tar xz --warning=no-unknown-keyword --overwrite -C /home/runner/work/_temp/beb0f0b3-a83e-414d-9e57-bdcdb6b77374 -f /home/runner/work/_temp/dcaf5989-8b39-436c-ace8-2c857162223a
2026-09-17T14:10:28.2488267Z Successfully extracted go to /home/runner/work/_temp/beb0f0b3-a83e-414d-9e57-bdcdb6b77374
2026-09-17T14:10:28.2489499Z Adding to the cache ...
2026-09-17T14:10:34.1361035Z Successfully cached go to /opt/hostedtoolcache/go/1.27.1/x64
2026-09-17T14:10:34.1364877Z Added go to the path
2026-09-17T14:10:34.1367147Z Successfully set up Go version 1.27.1
2026-09-17T14:10:34.1607602Z go version go1.27.1 linux/amd64
2026-09-17T14:10:34.1607854Z 
2026-09-17T14:10:34.1608162Z ##[group]go env
2026-09-17T14:10:34.3102345Z AR='ar'
2026-09-17T14:10:34.3102844Z CC='gcc'
2026-09-17T14:10:34.3103273Z CGO_CFLAGS='-O2 -g'
2026-09-17T14:10:34.3103682Z CGO_CPPFLAGS=''
2026-09-17T14:10:34.3103981Z CGO_CXXFLAGS='-O2 -g'
2026-09-17T14:10:34.3104291Z CGO_ENABLED='1'
2026-09-17T14:10:34.3104566Z CGO_FFLAGS='-O2 -g'
2026-09-17T14:10:34.3104872Z CGO_LDFLAGS='-O2 -g'
2026-09-17T14:10:34.3105153Z CXX='g++'
2026-09-17T14:10:34.3105774Z GCCGO='gccgo'
2026-09-17T14:10:34.3106038Z GO111MODULE=''
2026-09-17T14:10:34.3106309Z GOAMD64='v1'
2026-09-17T14:10:34.3106616Z GOARCH='amd64'
2026-09-17T14:10:34.3106891Z GOAUTH='netrc'
2026-09-17T14:10:34.3107170Z GOBIN='/home/runner/go/bin'
2026-09-17T14:10:34.3107559Z GOCACHE='/home/runner/.cache/go-build'
2026-09-17T14:10:34.3107935Z GOCACHEPROG=''
2026-09-17T14:10:34.3108234Z GODEBUG=''
2026-09-17T14:10:34.3108560Z GOENV='/home/runner/.config/go/env'
2026-09-17T14:10:34.3108902Z GOEXE=''
2026-09-17T14:10:34.3109153Z GOEXPERIMENT=''
2026-09-17T14:10:34.3109505Z GOFIPS140='off'
2026-09-17T14:10:34.3110419Z GOFLAGS=''
2026-09-17T14:10:34.3111333Z GOGCCFLAGS='-fPIC -m64 -pthread -Wl,--no-gc-sections -fmessage-length=0 -ffile-prefix-map=/tmp/go-build1213811007=/tmp/go-build -gno-record-gcc-switches'
2026-09-17T14:10:34.3112259Z GOHOSTARCH='amd64'
2026-09-17T14:10:34.3112541Z GOHOSTOS='linux'
2026-09-17T14:10:34.3112817Z GOINSECURE=''
2026-09-17T14:10:34.3113174Z GOMOD='/home/runner/work/Zevune/Zevune/go.mod'
2026-09-17T14:10:34.3113625Z GOMODCACHE='/home/runner/go/pkg/mod'
2026-09-17T14:10:34.3113969Z GONOPROXY=''
2026-09-17T14:10:34.3114223Z GONOSUMDB=''
2026-09-17T14:10:34.3114471Z GOOS='linux'
2026-09-17T14:10:34.3114736Z GOPACKAGESDRIVER=''
2026-09-17T14:10:34.3115031Z GOPATH='/home/runner/go'
2026-09-17T14:10:34.3115328Z GOPRIVATE=''
2026-09-17T14:10:34.3115681Z GOPROXY='https://proxy.golang.org,direct'
2026-09-17T14:10:34.3116357Z GOROOT='/opt/hostedtoolcache/go/1.27.1/x64'
2026-09-17T14:10:34.3116777Z GOSUMDB='sum.golang.org'
2026-09-17T14:10:34.3117083Z GOTELEMETRY='local'
2026-09-17T14:10:34.3117470Z GOTELEMETRYDIR='/home/runner/.config/go/telemetry'
2026-09-17T14:10:34.3117878Z GOTMPDIR=''
2026-09-17T14:10:34.3118089Z GOTOOLCHAIN='local'
2026-09-17T14:10:34.3118421Z GOTOOLDIR='/opt/hostedtoolcache/go/1.27.1/x64/pkg/tool/linux_amd64'
2026-09-17T14:10:34.3118784Z GOVCS=''
2026-09-17T14:10:34.3118984Z GOVERSION='go1.27.1'
2026-09-17T14:10:34.3119204Z GOWORK=''
2026-09-17T14:10:34.3119440Z PKG_CONFIG='pkg-config'
2026-09-17T14:10:34.3119924Z 
2026-09-17T14:10:34.3120364Z ##[endgroup]
2026-09-17T14:10:34.3322205Z ##[group]Run rustup toolchain install 1.98.1 --profile minimal --component rustfmt --component clippy
2026-09-17T14:10:34.3323008Z [36;1mrustup toolchain install 1.98.1 --profile minimal --component rustfmt --component clippy[0m
2026-09-17T14:10:34.3366718Z shell: /usr/bin/bash --noprofile --norc -e -o pipefail {0}
2026-09-17T14:10:34.3367098Z env:
2026-09-17T14:10:34.3367312Z   RAYON_NUM_THREADS: 2
2026-09-17T14:10:34.3367549Z   CARGO_BUILD_JOBS: 2
2026-09-17T14:10:34.3367779Z   GOTOOLCHAIN: local
2026-09-17T14:10:34.3368000Z ##[endgroup]
2026-09-17T14:10:34.4040436Z info: syncing channel updates for 1.98.1-x86_64-unknown-linux-gnu
2026-09-17T14:10:34.5296174Z info: latest update on 2026-09-03 for version 1.98.1 (48a229cea 2026-09-01)
2026-09-17T14:10:34.5296827Z info: downloading 5 components
2026-09-17T14:10:42.5781138Z 
2026-09-17T14:10:42.5855413Z   1.98.1-x86_64-unknown-linux-gnu installed - rustc 1.98.1 (48a229cea 2026-09-01)
2026-09-17T14:10:42.5856003Z 
2026-09-17T14:10:42.5945577Z ##[group]Run rustc --version
2026-09-17T14:10:42.5945888Z [36;1mrustc --version[0m
2026-09-17T14:10:42.5946136Z [36;1mcargo fmt --all -- --check[0m
2026-09-17T14:10:42.5946475Z [36;1mcargo metadata --locked --format-version=1 > /dev/null[0m
2026-09-17T14:10:42.5946898Z [36;1mtest -z "$(git status --porcelain --untracked-files=no)"[0m
2026-09-17T14:10:42.5984952Z shell: /usr/bin/bash --noprofile --norc -e -o pipefail {0}
2026-09-17T14:10:42.5985300Z env:
2026-09-17T14:10:42.5985498Z   RAYON_NUM_THREADS: 2
2026-09-17T14:10:42.5985721Z   CARGO_BUILD_JOBS: 2
2026-09-17T14:10:42.5985945Z   GOTOOLCHAIN: local
2026-09-17T14:10:42.5986158Z ##[endgroup]
2026-09-17T14:10:42.6318783Z rustc 1.98.1 (48a229cea 2026-09-01)
2026-09-17T14:10:42.9515886Z     Updating crates.io index
2026-09-17T14:10:43.5053731Z  Downloading crates ...
2026-09-17T14:10:43.7193519Z   Downloaded aead v0.5.2
2026-09-17T14:10:43.7214235Z   Downloaded atomic-polyfill v1.0.3
2026-09-17T14:10:43.7239955Z   Downloaded argon2 v0.5.3
2026-09-17T14:10:43.7263750Z   Downloaded base16ct v0.2.0
2026-09-17T14:10:43.7287237Z   Downloaded block-buffer v0.10.4
2026-09-17T14:10:43.7304619Z   Downloaded either v1.18.0
2026-09-17T14:10:43.7336353Z   Downloaded hex v0.4.3
2026-09-17T14:10:43.7370599Z   Downloaded radium v0.7.0
2026-09-17T14:10:43.7394240Z   Downloaded cbc v0.1.2
2026-09-17T14:10:43.7417070Z   Downloaded corez v0.1.1
2026-09-17T14:10:43.7438550Z   Downloaded crossbeam-deque v0.8.8
2026-09-17T14:10:43.7459338Z   Downloaded crunchy v0.2.4
2026-09-17T14:10:43.7479468Z   Downloaded ff v0.13.1
2026-09-17T14:10:43.7505796Z   Downloaded getset v0.1.7
2026-09-17T14:10:43.7525423Z   Downloaded halo2_legacy_pdqsort v0.1.0
2026-09-17T14:10:43.7540002Z   Downloaded hash32 v0.2.1
2026-09-17T14:10:43.7561129Z   Downloaded maybe-rayon v0.1.1
2026-09-17T14:10:43.7572029Z   Downloaded once_cell v1.21.4
2026-09-17T14:10:43.7606491Z   Downloaded poly1305 v0.8.0
2026-09-17T14:10:43.7631565Z   Downloaded rand_core v0.6.4
2026-09-17T14:10:43.7644970Z   Downloaded scopeguard v1.2.0
2026-09-17T14:10:43.7657085Z   Downloaded stable_deref_trait v1.2.1
2026-09-17T14:10:43.7665892Z   Downloaded inout v0.1.4
2026-09-17T14:10:43.7676893Z   Downloaded frost-rerandomized v3.0.0
2026-09-17T14:10:43.7686652Z   Downloaded const-crc32-nostd v1.3.1
2026-09-17T14:10:43.7694463Z   Downloaded password-hash v0.5.0
2026-09-17T14:10:43.7712376Z   Downloaded sha2 v0.10.9
2026-09-17T14:10:43.7738046Z   Downloaded chacha20poly1305 v0.10.1
2026-09-17T14:10:43.7754104Z   Downloaded rayon-core v1.13.0
2026-09-17T14:10:43.7791764Z   Downloaded serde_core v1.0.229
2026-09-17T14:10:43.7819251Z   Downloaded aes v0.8.4
2026-09-17T14:10:43.7854237Z   Downloaded libm v0.2.16
2026-09-17T14:10:43.7966204Z   Downloaded num-bigint v0.4.8
2026-09-17T14:10:43.8014355Z   Downloaded bitvec v1.1.1
2026-09-17T14:10:43.8188329Z   Downloaded subtle v2.6.1
2026-09-17T14:10:43.8200592Z   Downloaded wyz v0.5.1
2026-09-17T14:10:43.8213078Z   Downloaded zeroize v1.9.0
2026-09-17T14:10:43.8230381Z   Downloaded syn v2.0.119
2026-09-17T14:10:43.8336954Z   Downloaded version_check v0.9.5
2026-09-17T14:10:43.8349982Z   Downloaded crossbeam-epoch v0.9.21
2026-09-17T14:10:43.8374721Z   Downloaded frost-core v3.0.0
2026-09-17T14:10:43.8408190Z   Downloaded funty v2.0.0
2026-09-17T14:10:43.8416216Z   Downloaded halo2_poseidon v0.1.0
2026-09-17T14:10:43.8430939Z   Downloaded lazy_static v1.5.0
2026-09-17T14:10:43.8448780Z   Downloaded ppv-lite86 v0.2.21
2026-09-17T14:10:43.8461923Z   Downloaded quote v1.0.47
2026-09-17T14:10:43.8489591Z   Downloaded wasi v0.11.1+wasi-snapshot-preview1
2026-09-17T14:10:43.8505938Z   Downloaded autocfg v1.5.1
2026-09-17T14:10:43.8525106Z   Downloaded constant_time_eq v0.4.2
2026-09-17T14:10:43.8545599Z   Downloaded cfg-if v1.0.4
2026-09-17T14:10:43.8558742Z   Downloaded critical-section v1.2.0
2026-09-17T14:10:43.8574762Z   Downloaded embedded-io v0.6.1
2026-09-17T14:10:43.8587099Z   Downloaded nonempty v0.11.0
2026-09-17T14:10:43.8600674Z   Downloaded postcard v1.1.3
2026-09-17T14:10:43.8624829Z   Downloaded sinsemilla v0.1.0
2026-09-17T14:10:43.8647092Z   Downloaded zcash_note_encryption v0.4.2
2026-09-17T14:10:43.8660548Z   Downloaded zcash_spec v0.2.1
2026-09-17T14:10:43.8673863Z   Downloaded arrayvec v0.7.8
2026-09-17T14:10:43.8695105Z   Downloaded getrandom v0.2.17
2026-09-17T14:10:43.8725123Z   Downloaded halo2_gadgets v0.5.0
2026-09-17T14:10:43.8840772Z   Downloaded heapless v0.7.17
2026-09-17T14:10:43.8878675Z   Downloaded semver v1.0.28
2026-09-17T14:10:43.8902739Z   Downloaded byteorder v1.5.0
2026-09-17T14:10:43.8919123Z   Downloaded serde v1.0.229
2026-09-17T14:10:43.8954110Z   Downloaded tracing-core v0.1.36
2026-09-17T14:10:43.8981632Z   Downloaded visibility v0.1.1
2026-09-17T14:10:43.8994614Z   Downloaded bls12_381 v0.8.0
2026-09-17T14:10:43.9046831Z   Downloaded jubjub v0.10.0
2026-09-17T14:10:43.9080095Z   Downloaded num-integer v0.1.47
2026-09-17T14:10:43.9096462Z   Downloaded serdect v0.2.0
2026-09-17T14:10:43.9110695Z   Downloaded zip32 v0.2.1
2026-09-17T14:10:43.9126895Z   Downloaded tracing-attributes v0.1.31
2026-09-17T14:10:43.9153624Z   Downloaded universal-hash v0.5.1
2026-09-17T14:10:43.9162737Z   Downloaded zeroize_derive v1.5.0
2026-09-17T14:10:43.9172591Z   Downloaded crossbeam-utils v0.8.23
2026-09-17T14:10:43.9200530Z   Downloaded crypto-common v0.1.7
2026-09-17T14:10:43.9209735Z   Downloaded generic-array v0.14.7
2026-09-17T14:10:43.9224030Z   Downloaded fpe v0.6.1
2026-09-17T14:10:43.9243643Z   Downloaded thiserror-impl v2.0.20
2026-09-17T14:10:43.9258250Z   Downloaded embedded-io v0.4.0
2026-09-17T14:10:43.9275435Z   Downloaded itertools v0.14.0
2026-09-17T14:10:43.9346030Z   Downloaded uint v0.9.5
2026-09-17T14:10:43.9361230Z   Downloaded unicode-ident v1.0.24
2026-09-17T14:10:43.9388879Z   Downloaded memuse v0.2.2
2026-09-17T14:10:43.9403240Z   Downloaded num-traits v0.2.19
2026-09-17T14:10:43.9429288Z   Downloaded blake2 v0.10.6
2026-09-17T14:10:43.9455784Z   Downloaded rand v0.8.5
2026-09-17T14:10:43.9491036Z   Downloaded derive-getters v0.5.0
2026-09-17T14:10:43.9519318Z   Downloaded hashbrown v0.12.3
2026-09-17T14:10:43.9557184Z   Downloaded lock_api v0.4.14
2026-09-17T14:10:43.9569869Z   Downloaded proc-macro2 v1.0.107
2026-09-17T14:10:43.9599649Z   Downloaded rayon v1.12.0
2026-09-17T14:10:43.9698548Z   Downloaded typenum v1.20.1
2026-09-17T14:10:43.9733932Z   Downloaded halo2_proofs v0.3.5
2026-09-17T14:10:43.9811653Z   Downloaded pasta_curves v0.5.2
2026-09-17T14:10:43.9883609Z   Downloaded rustc_version v0.4.1
2026-09-17T14:10:43.9896565Z   Downloaded base64ct v1.8.3
2026-09-17T14:10:43.9922177Z   Downloaded chacha20 v0.9.1
2026-09-17T14:10:43.9940935Z   Downloaded group v0.13.0
2026-09-17T14:10:43.9956241Z   Downloaded reddsa v0.5.2
2026-09-17T14:10:44.0008666Z   Downloaded tap v1.0.1
2026-09-17T14:10:44.0018542Z   Downloaded thiserror v2.0.20
2026-09-17T14:10:44.0085738Z   Downloaded zerocopy-derive v0.8.57
2026-09-17T14:10:44.0183652Z   Downloaded cpufeatures v0.2.17
2026-09-17T14:10:44.0197731Z   Downloaded digest v0.10.7
2026-09-17T14:10:44.0216243Z   Downloaded incrementalmerkletree v0.8.1
2026-09-17T14:10:44.0228819Z   Downloaded cipher v0.4.4
2026-09-17T14:10:44.0243993Z   Downloaded litrs v1.0.0
2026-09-17T14:10:44.0274165Z   Downloaded orchard v0.15.5
2026-09-17T14:10:44.0447950Z   Downloaded spin v0.9.9
2026-09-17T14:10:44.0471762Z   Downloaded indexmap v1.9.3
2026-09-17T14:10:44.0503995Z   Downloaded pin-project-lite v0.2.17
2026-09-17T14:10:44.0564363Z   Downloaded serde_derive v1.0.229
2026-09-17T14:10:44.0596406Z   Downloaded static_assertions v1.1.0
2026-09-17T14:10:44.0612817Z   Downloaded blake2b_simd v1.0.5
2026-09-17T14:10:44.0626879Z   Downloaded document-features v0.2.12
2026-09-17T14:10:44.0640394Z   Downloaded rand_chacha v0.3.1
2026-09-17T14:10:44.0652842Z   Downloaded cobs v0.3.0
2026-09-17T14:10:44.0667138Z   Downloaded syn v3.0.5
2026-09-17T14:10:44.0774118Z   Downloaded opaque-debug v0.3.1
2026-09-17T14:10:44.0783876Z   Downloaded bech32 v0.11.1
2026-09-17T14:10:44.0815536Z   Downloaded zerocopy v0.8.57
2026-09-17T14:10:44.1037652Z   Downloaded tracing v0.1.44
2026-09-17T14:10:44.1198009Z   Downloaded libc v0.2.189
2026-09-17T14:10:44.2687031Z ##[group]Run fixture="$RUNNER_TEMP/zevune-public-fixture"
2026-09-17T14:10:44.2687752Z [36;1mfixture="$RUNNER_TEMP/zevune-public-fixture"[0m
2026-09-17T14:10:44.2688299Z [36;1mmkdir "$fixture"[0m
2026-09-17T14:10:44.2688917Z [36;1mif [ "$RUNNER_OS" = "Windows" ]; then fixture=$(cygpath -w "$fixture"); fi[0m
2026-09-17T14:10:44.2689917Z [36;1mecho "ZEVUNE_PUBLIC_FIXTURE_DIR=$fixture" >> "$GITHUB_ENV"[0m
2026-09-17T14:10:44.2732064Z shell: /usr/bin/bash --noprofile --norc -e -o pipefail {0}
2026-09-17T14:10:44.2732404Z env:
2026-09-17T14:10:44.2732596Z   RAYON_NUM_THREADS: 2
2026-09-17T14:10:44.2732810Z   CARGO_BUILD_JOBS: 2
2026-09-17T14:10:44.2733016Z   GOTOOLCHAIN: local
2026-09-17T14:10:44.2733224Z ##[endgroup]
2026-09-17T14:10:44.2830566Z ##[group]Run cargo test --locked --release -- --nocapture --test-threads=1
2026-09-17T14:10:44.2831270Z [36;1mcargo test --locked --release -- --nocapture --test-threads=1[0m
2026-09-17T14:10:44.2864348Z shell: /usr/bin/bash --noprofile --norc -e -o pipefail {0}
2026-09-17T14:10:44.2864680Z env:
2026-09-17T14:10:44.2864865Z   RAYON_NUM_THREADS: 2
2026-09-17T14:10:44.2865083Z   CARGO_BUILD_JOBS: 2
2026-09-17T14:10:44.2865290Z   GOTOOLCHAIN: local
2026-09-17T14:10:44.2865625Z   ZEVUNE_PUBLIC_FIXTURE_DIR: /home/runner/work/_temp/zevune-public-fixture
2026-09-17T14:10:44.2866013Z ##[endgroup]
2026-09-17T14:10:44.4175078Z    Compiling libc v0.2.189
2026-09-17T14:10:44.4176133Z    Compiling cfg-if v1.0.4
2026-09-17T14:10:44.4358298Z    Compiling proc-macro2 v1.0.107
2026-09-17T14:10:44.6240664Z    Compiling unicode-ident v1.0.24
2026-09-17T14:10:44.6675387Z    Compiling quote v1.0.47
2026-09-17T14:10:45.2148810Z    Compiling subtle v2.6.1
2026-09-17T14:10:45.2700711Z    Compiling getrandom v0.2.17
2026-09-17T14:10:45.2833866Z    Compiling version_check v0.9.5
2026-09-17T14:10:45.3897342Z    Compiling rand_core v0.6.4
2026-09-17T14:10:45.4115996Z    Compiling generic-array v0.14.7
2026-09-17T14:10:45.4693200Z    Compiling typenum v1.20.1
2026-09-17T14:10:45.5136836Z    Compiling syn v2.0.119
2026-09-17T14:10:46.2753269Z    Compiling crypto-common v0.1.7
2026-09-17T14:10:46.3228778Z    Compiling radium v0.7.0
2026-09-17T14:10:46.4069453Z    Compiling tap v1.0.1
2026-09-17T14:10:46.4411494Z    Compiling wyz v0.5.1
2026-09-17T14:10:46.6442995Z    Compiling zerocopy v0.8.57
2026-09-17T14:10:46.7744771Z    Compiling autocfg v1.5.1
2026-09-17T14:10:46.9574561Z    Compiling funty v2.0.0
2026-09-17T14:10:47.6840795Z    Compiling bitvec v1.1.1
2026-09-17T14:10:48.5503597Z    Compiling zeroize_derive v1.5.0
2026-09-17T14:10:49.4594366Z    Compiling ff v0.13.1
2026-09-17T14:10:49.5182639Z    Compiling zeroize v1.9.0
2026-09-17T14:10:49.5962873Z    Compiling memuse v0.2.2
2026-09-17T14:10:49.6764801Z    Compiling arrayvec v0.7.8
2026-09-17T14:10:49.7990675Z    Compiling crossbeam-utils v0.8.23
2026-09-17T14:10:49.8839348Z    Compiling constant_time_eq v0.4.2
2026-09-17T14:10:49.9586359Z    Compiling blake2b_simd v1.0.5
2026-09-17T14:10:51.2447080Z    Compiling ppv-lite86 v0.2.21
2026-09-17T14:10:51.4438455Z    Compiling crossbeam-epoch v0.9.21
2026-09-17T14:10:51.5142309Z    Compiling rand_chacha v0.3.1
2026-09-17T14:10:51.8901443Z    Compiling group v0.13.0
2026-09-17T14:10:51.9042025Z    Compiling inout v0.1.4
2026-09-17T14:10:51.9501093Z    Compiling crossbeam-deque v0.8.8
2026-09-17T14:10:51.9843979Z    Compiling spin v0.9.9
2026-09-17T14:10:52.0217468Z    Compiling cpufeatures v0.2.17
2026-09-17T14:10:52.0310437Z    Compiling static_assertions v1.1.0
2026-09-17T14:10:52.0407820Z    Compiling lazy_static v1.5.0
2026-09-17T14:10:52.0531781Z    Compiling cipher v0.4.4
2026-09-17T14:10:52.1757242Z    Compiling rand v0.8.5
2026-09-17T14:10:52.3160409Z    Compiling rayon-core v1.13.0
2026-09-17T14:10:52.4603335Z    Compiling num-traits v0.2.19
2026-09-17T14:10:52.5072761Z    Compiling syn v3.0.5
2026-09-17T14:10:52.6812954Z    Compiling pasta_curves v0.5.2
2026-09-17T14:10:54.0161973Z    Compiling either v1.18.0
2026-09-17T14:10:55.3060862Z    Compiling indexmap v1.9.3
2026-09-17T14:10:55.3536975Z    Compiling once_cell v1.21.4
2026-09-17T14:10:55.4612571Z    Compiling serde_core v1.0.229
2026-09-17T14:10:55.5519374Z    Compiling crunchy v0.2.4
2026-09-17T14:10:55.6359321Z    Compiling tracing-core v0.1.36
2026-09-17T14:10:56.2879759Z    Compiling rayon v1.12.0
2026-09-17T14:10:58.4466926Z    Compiling tracing-attributes v0.1.31
2026-09-17T14:10:59.0651602Z    Compiling universal-hash v0.5.1
2026-09-17T14:10:59.1076958Z    Compiling block-buffer v0.10.4
2026-09-17T14:10:59.1578155Z    Compiling hashbrown v0.12.3
2026-09-17T14:10:59.5274205Z    Compiling libm v0.2.16
2026-09-17T14:10:59.6190663Z    Compiling thiserror v2.0.20
2026-09-17T14:10:59.7211349Z    Compiling opaque-debug v0.3.1
2026-09-17T14:10:59.7376518Z    Compiling serde v1.0.229
2026-09-17T14:10:59.8220950Z    Compiling pin-project-lite v0.2.17
2026-09-17T14:10:59.8456711Z    Compiling byteorder v1.5.0
2026-09-17T14:10:59.9724520Z    Compiling hex v0.4.3
2026-09-17T14:11:00.1221086Z    Compiling tracing v0.1.44
2026-09-17T14:11:00.3211524Z    Compiling poly1305 v0.8.0
2026-09-17T14:11:01.0208944Z    Compiling digest v0.10.7
2026-09-17T14:11:01.1328307Z    Compiling num-integer v0.1.47
2026-09-17T14:11:01.4484284Z    Compiling maybe-rayon v0.1.1
2026-09-17T14:11:03.0090343Z    Compiling serde_derive v1.0.229
2026-09-17T14:11:04.7026303Z    Compiling thiserror-impl v2.0.20
2026-09-17T14:11:05.3782892Z    Compiling chacha20 v0.9.1
2026-09-17T14:11:05.4884301Z    Compiling bls12_381 v0.8.0
2026-09-17T14:11:05.7667685Z    Compiling aead v0.5.2
2026-09-17T14:11:05.8331592Z    Compiling halo2_legacy_pdqsort v0.1.0
2026-09-17T14:11:05.8949059Z    Compiling halo2_proofs v0.3.5
2026-09-17T14:11:07.1662762Z    Compiling chacha20poly1305 v0.10.1
2026-09-17T14:11:07.2113755Z    Compiling jubjub v0.10.0
2026-09-17T14:11:09.6132709Z    Compiling uint v0.9.5
2026-09-17T14:11:09.6644813Z    Compiling num-bigint v0.4.8
2026-09-17T14:11:11.1050560Z    Compiling sinsemilla v0.1.0
2026-09-17T14:11:12.2702484Z    Compiling halo2_poseidon v0.1.0
2026-09-17T14:11:12.7288832Z    Compiling cbc v0.1.2
2026-09-17T14:11:12.7801418Z    Compiling zcash_spec v0.2.1
2026-09-17T14:11:12.8213153Z    Compiling bech32 v0.11.1
2026-09-17T14:11:12.8938582Z    Compiling base64ct v1.8.3
2026-09-17T14:11:13.0597623Z    Compiling zip32 v0.2.1
2026-09-17T14:11:13.1173602Z    Compiling password-hash v0.5.0
2026-09-17T14:11:13.3265616Z    Compiling fpe v0.6.1
2026-09-17T14:11:13.7582269Z    Compiling halo2_gadgets v0.5.0
2026-09-17T14:11:13.9141941Z    Compiling reddsa v0.5.2
2026-09-17T14:11:14.1553298Z    Compiling zcash_note_encryption v0.4.2
2026-09-17T14:11:14.2854098Z    Compiling blake2 v0.10.6
2026-09-17T14:11:14.6190733Z    Compiling incrementalmerkletree v0.8.1
2026-09-17T14:11:14.7273795Z    Compiling aes v0.8.4
2026-09-17T14:11:15.3982612Z    Compiling getset v0.1.7
2026-09-17T14:11:15.6521660Z    Compiling visibility v0.1.1
2026-09-17T14:11:15.7403078Z    Compiling corez v0.1.1
2026-09-17T14:11:15.7590638Z    Compiling nonempty v0.11.0
2026-09-17T14:11:15.8316769Z    Compiling argon2 v0.5.3
2026-09-17T14:11:16.5161777Z    Compiling sha2 v0.10.9
2026-09-17T14:11:17.6188180Z    Compiling orchard v0.15.5
2026-09-17T14:11:20.1209841Z    Compiling zevune-orchard-lab v0.1.0 (/home/runner/work/Zevune/Zevune/integration/orchard)
2026-09-17T14:12:38.9475021Z     Finished `release` profile [optimized] target(s) in 1m 54s
2026-09-17T14:12:38.9545608Z      Running unittests src/lib.rs (target/release/deps/zevune_orchard_lab-5ea7533f368c424e)
2026-09-17T14:12:38.9558053Z 
2026-09-17T14:12:38.9558213Z running 154 tests
2026-09-17T14:12:38.9596833Z test pool::active::incremental::tests::allocation_callback_failure_cannot_return_a_partial_physical_plan ... ok
2026-09-17T14:12:38.9873896Z test pool::active::incremental::tests::every_reused_byte_including_later_chunks_and_sealed_segments_is_compared ... ok
2026-09-17T14:12:38.9875063Z test pool::active::incremental::tests::explicit_fill_handles_different_short_reads_and_interrupted_offsets ... ok
2026-09-17T14:12:38.9931429Z test pool::active::incremental::tests::physical_genesis_eof_and_retained_segment_lengths_fail_closed ... ok
2026-09-17T14:12:39.0100560Z test pool::active::incremental::tests::physical_ranges_cover_empty_tail_growth_and_full_size_rotation ... ok
2026-09-17T14:12:39.0116200Z test pool::active::tests::adding_a_hard_link_after_open_poison_checks_without_modifying_ledger_bytes ... ok
2026-09-17T14:12:39.0160049Z test pool::active::tests::another_process_cannot_open_held_genesis_lock ... ok
2026-09-17T14:12:39.0162445Z test pool::active::tests::budgets_include_framing_total_tail_and_the_independent_segment_cap ... ok
2026-09-17T14:12:39.0186756Z test pool::active::tests::captured_reader_requires_each_real_eof_and_poisoned_readers_cannot_resume ... ok
2026-09-17T14:12:39.0197450Z test pool::active::tests::create_is_exclusive_bounded_and_preserves_existing_bytes ... ok
2026-09-17T14:12:39.0214798Z test pool::active::tests::early_rotation_and_split_frames_are_rejected_even_with_valid_checksums ... ok
2026-09-17T14:12:39.0389007Z test pool::active::tests::failed_next_segment_publication_keeps_all_sealed_prefix_bytes_and_no_repair ... ok
2026-09-17T14:12:39.0474515Z test pool::active::tests::full_segment_and_next_frame_rotate_canonically_without_crossing ... ok
2026-09-17T14:12:39.0556353Z test pool::active::tests::interruption_leaves_metadata_unchanged_and_preserves_the_recoverable_prefix ... ok
2026-09-17T14:12:39.0565433Z test pool::active::tests::malformed_frame_and_capacity_rejection_create_no_files_or_bytes ... ok
2026-09-17T14:12:39.0581663Z test pool::active::tests::readers_retain_the_exclusive_root_lock_and_have_independent_positions ... ok
2026-09-17T14:12:39.0615091Z test pool::active::tests::symlinks_hard_links_and_replaced_names_are_rejected ... ok
2026-09-17T14:12:39.0672856Z test pool::active::tests::unknown_entry_after_open_is_not_ignored_or_removed ... ok
2026-09-17T14:12:39.0736715Z test pool::active::tests::unknown_missing_empty_and_truncated_segments_fail_closed_without_repair ... ok
2026-09-17T14:12:39.0748297Z test pool::capacity_tests::capacity_accounting_matches_the_actual_record_encoder ... ok
2026-09-17T14:12:41.1387165Z test pool::capacity_tests::capacity_commit_rechecks_the_budget_and_preserves_the_source ... ok
2026-09-17T14:12:41.1407034Z test pool::capacity_tests::capacity_exact_empty_frame_commits_reopens_and_stops_cleanly ... ok
2026-09-17T14:12:41.1414707Z test pool::capacity_tests::capacity_invalid_instance_still_fails_closed ... ok
2026-09-17T14:12:41.1415572Z test pool::capacity_tests::capacity_invalid_lengths_counts_and_overflow_are_rejected ... ok
2026-09-17T14:12:41.1423365Z test pool::capacity_tests::capacity_prepare_rejects_before_unpersistable_empty_block ... ok
2026-09-17T14:12:41.1430808Z test pool::capacity_tests::capacity_rejects_before_attempting_any_candidate_authorization ... ok
2026-09-17T14:12:41.1436860Z test pool::capacity_tests::capacity_selection_requires_space_for_even_an_empty_record ... ok
2026-09-17T14:12:41.1955230Z test pool::recovery::active::incremental::tests::every_call_rechecks_both_open_archives_after_successful_planning ... ok
2026-09-17T14:12:41.2223247Z test pool::recovery::active::incremental::tests::final_full_digest_and_namespace_checks_reject_late_outside_modifications ... ok
2026-09-17T14:12:41.2457366Z test pool::recovery::active::incremental::tests::missing_and_symlinked_retained_segments_fail_without_recreating_entries ... ok
2026-09-17T14:12:41.2663514Z test pool::recovery::active::incremental::tests::real_empty_commits_produce_exact_appended_bytes_and_immutable_checkpoints ... ok
2026-09-17T14:12:41.2936720Z test pool::recovery::active::incremental::tests::retained_name_replacement_and_new_hard_link_reject_without_repair ... ok
2026-09-17T14:12:41.3125564Z test pool::recovery::active::incremental::tests::same_length_valid_replacement_after_open_cannot_reuse_an_old_success ... ok
2026-09-17T14:12:41.3182095Z test pool::recovery::active::incremental::tests::same_path_and_distinct_copy_empty_plans_keep_shared_locks_until_drop ... ok
2026-09-17T14:12:41.3296951Z test pool::recovery::active::incremental::tests::separately_verified_same_height_and_higher_forks_and_rollback_are_stale ... ok
2026-09-17T14:12:41.3356468Z test pool::recovery::active::incremental::tests::wrong_network_legacy_and_wrong_pin_are_rejected_without_changes ... ok
2026-09-17T14:12:41.3358054Z test pool::recovery::active::tests::checkpoint_codec_has_exact_length_distinct_magic_and_bounded_arithmetic ... ok
2026-09-17T14:12:41.3390135Z test pool::recovery::active::tests::checkpoint_export_preserves_prepared_work_and_never_certifies_uncommitted_bytes ... ok
2026-09-17T14:12:41.3434013Z test pool::recovery::active::tests::checkpoint_export_replays_same_length_replacement_and_never_publishes_its_state ... ok
2026-09-17T14:12:41.3466278Z test pool::recovery::active::tests::creating_a_target_is_exclusive_and_source_validation_precedes_creation ... ok
2026-09-17T14:12:41.3476569Z test pool::recovery::active::tests::exported_genesis_checkpoint_matches_independent_fixed_layout_vector ... ok
2026-09-17T14:12:41.3571301Z test pool::recovery::active::tests::final_source_and_target_namespace_changes_cannot_return_success ... ok
2026-09-17T14:12:41.3718529Z test pool::recovery::active::tests::genesis_and_committed_archive_copies_preserve_every_file_and_continue_normally ... ok
2026-09-17T14:12:41.3741901Z test pool::recovery::active::tests::incompatible_checkpoint_profiles_reject_without_poisoning_healthy_stores ... ok
2026-09-17T14:12:47.6076981Z test pool::recovery::active::tests::namespace_tests::active_archive_locks_coordinate_real_processes ... ok
2026-09-17T14:12:47.6099408Z test pool::recovery::active::tests::namespace_tests::failed_open_releases_all_acquired_file_and_directory_handles ... ok
2026-09-17T14:12:47.6136911Z test pool::recovery::active::tests::namespace_tests::parent_aliases_and_replaced_directories_cannot_redirect_a_retained_archive ... ok
2026-09-17T14:12:47.6263611Z test pool::recovery::active::tests::namespace_tests::persistent_entry_replacements_symlinks_and_hardlinks_are_not_certified ... ok
2026-09-17T14:12:47.6320262Z test pool::recovery::active::tests::namespace_tests::readonly_source_files_copy_into_a_normally_writable_active_directory ... ok
2026-09-17T14:12:47.6341811Z test pool::recovery::active::tests::namespace_tests::unknown_entry_after_open_prevents_verification_and_creates_no_target ... ok
2026-09-17T14:12:47.6451906Z test pool::recovery::active::tests::partial_copies_and_lost_acknowledgements_preserve_targets_without_retry_or_repair ... ok
2026-09-17T14:12:47.6499216Z test pool::recovery::active::tests::repinned_headers_are_bounded_inside_the_physical_genesis_file ... ok
2026-09-17T14:12:47.6586407Z test pool::recovery::active::tests::repinned_layout_still_requires_complete_frames_canonical_rotation_and_real_state ... ok
2026-09-17T14:12:47.6602227Z test pool::recovery::active::tests::retained_replay_binds_the_independently_expected_genesis_after_a_same_length_change ... ok
2026-09-17T14:12:47.7763092Z test pool::recovery::segments::index::tests::all_records_locate_correctly_across_real_production_segment_boundaries ... ok
2026-09-17T14:12:47.7803035Z test pool::recovery::segments::index::tests::both_profiles_have_exact_height_locations_and_unchanged_source ... ok
2026-09-17T14:12:47.7833287Z test pool::recovery::segments::index::tests::changed_captured_length_and_wrong_pinned_tip_are_rejected ... ok
2026-09-17T14:12:47.7834609Z test pool::recovery::segments::index::tests::exact_segment_end_is_not_attributed_to_a_nonexistent_next_segment ... ok
2026-09-17T14:12:47.7850625Z test pool::recovery::segments::index::tests::genesis_only_has_no_phantom_record ... ok
2026-09-17T14:12:47.7855867Z test pool::recovery::segments::index::tests::index_builder_rejects_gaps_overlaps_wrong_heights_hashes_and_bombs ... ok
2026-09-17T14:12:47.7874551Z test pool::recovery::segments::index::tests::metadata_or_late_replay_failure_never_yields_a_prefix_index ... ok
2026-09-17T14:12:47.7890938Z test pool::recovery::segments::index::tests::moved_named_archive_cannot_reuse_its_old_index_verdict ... ok
2026-09-17T14:12:47.7892431Z test pool::recovery::segments::reader_tests::exact_payload_requires_last_segment_eof_check_before_success ... ok
2026-09-17T14:12:47.7893881Z test pool::recovery::segments::reader_tests::hard_io_failure_at_each_boundary_permanently_invalidates_reader ... ok
2026-09-17T14:12:47.7895472Z test pool::recovery::segments::reader_tests::inconsistent_private_reader_metadata_returns_error_instead_of_panicking ... ok
2026-09-17T14:12:47.7896531Z test pool::recovery::segments::reader_tests::interrupted_short_reads_and_segment_end_checks_do_not_poison_reader ... ok
2026-09-17T14:12:47.7897516Z test pool::recovery::segments::reader_tests::truncated_or_extended_segment_cannot_be_skipped_by_retry ... ok
2026-09-17T14:12:47.9894762Z test pool::recovery::segments::tests::actual_multisegment_replay_crosses_record_boundary_and_restores_exact_bytes ... ok
2026-09-17T14:12:47.9902688Z test pool::recovery::segments::tests::empty_read_does_not_advance_and_segment_eof_is_not_journal_eof ... ok
2026-09-17T14:12:47.9926693Z test pool::recovery::segments::tests::every_publication_failure_preserves_source_and_cannot_be_retried_in_place ... ok
2026-09-17T14:12:47.9948369Z test pool::recovery::segments::tests::links_and_nonregular_inputs_are_refused_and_late_corruption_precedes_output_creation ... ok
2026-09-17T14:12:47.9949943Z test pool::recovery::segments::tests::manifest_is_exact_bounded_and_contains_no_supplied_paths ... ok
2026-09-17T14:12:47.9992834Z test pool::recovery::segments::tests::missing_extra_swapped_truncated_or_changed_segments_are_rejected ... ok
2026-09-17T14:12:48.0010823Z test pool::recovery::segments::tests::namespace_tests::extra_file_after_open_is_rejected_without_removal_or_output ... ok
2026-09-17T14:12:48.0028774Z test pool::recovery::segments::tests::namespace_tests::failed_open_releases_directory_guard_and_all_acquired_file_locks ... ok
2026-09-17T14:12:48.0051329Z test pool::recovery::segments::tests::namespace_tests::renamed_and_replaced_directory_cannot_be_verified_or_receive_restore_output ... ok
2026-09-17T14:12:48.0069160Z test pool::recovery::segments::tests::namespace_tests::replaced_manifest_with_identical_bytes_is_not_the_retained_object ... ok
2026-09-17T14:12:48.0086135Z test pool::recovery::segments::tests::namespace_tests::replaced_segment_symlink_is_rejected_even_when_it_targets_original_bytes ... ok
2026-09-17T14:12:48.0123512Z test pool::recovery::segments::tests::namespace_tests::unchanged_archives_retain_multiple_readers_and_release_handles_on_drop ... ok
2026-09-17T14:12:48.0145208Z test pool::recovery::segments::tests::pack_and_restore_are_create_only_and_archive_readers_keep_real_locks ... ok
2026-09-17T14:12:48.0176732Z test pool::recovery::segments::tests::partial_restore_and_lost_ack_leave_explicitly_verifiable_targets ... ok
2026-09-17T14:12:48.0195819Z test pool::recovery::segments::tests::persistent_segment_path_replacement_is_rejected_before_restore ... ok
2026-09-17T14:12:48.0204764Z test pool::recovery::tests::recovery_checkpoint_codec_bounds_and_every_truncation ... ok
2026-09-17T14:12:48.0225900Z test pool::recovery::tests::recovery_full_copy_matches_and_original_keeps_prepared_block ... ok
2026-09-17T14:12:48.0233050Z test pool::recovery::tests::recovery_invalid_store_does_not_export_a_checkpoint ... ok
2026-09-17T14:12:48.0256270Z test pool::recovery::tests::recovery_partial_write_and_lost_ack_never_replace_or_repair_source ... ok
2026-09-17T14:12:48.0270564Z test pool::recovery::tests::recovery_readonly_archive_and_changed_source_are_checked_before_target_creation ... ok
2026-09-17T14:12:48.0281290Z test pool::recovery::tests::recovery_refuses_overwrite_live_writers_links_and_unknown_paths ... ok
2026-09-17T14:12:48.0291625Z test pool::recovery::tests::recovery_untrusted_header_sizes_are_bounded_even_with_a_matching_file_hash ... ok
2026-09-17T14:12:48.0312098Z test pool::recovery::tests::recovery_wrong_state_domain_length_or_bytes_pin_rejected ... ok
2026-09-17T14:12:48.0329864Z test pool::recovery::tests::replay_integration_tests::a_shorter_valid_archive_needs_its_own_pin_not_the_later_checkpoint ... ok
2026-09-17T14:12:48.0526795Z test pool::recovery::tests::replay_integration_tests::checkpoint_export_and_archive_copy_discard_history_but_keep_the_exact_tip ... ok
2026-09-17T14:12:48.0560815Z test pool::recovery::tests::replay_integration_tests::checkpoint_export_rejects_a_valid_same_length_alternate_history ... ok
2026-09-17T14:12:48.0602701Z test pool::recovery::tests::replay_integration_tests::every_recovery_entry_uses_isolated_replay_without_per_block_state_copies ... ok
2026-09-17T14:12:48.0618085Z test pool::recovery::tests::replay_integration_tests::injected_replay_failure_keeps_lock_and_blocks_prepared_commit_without_repair ... ok
2026-09-17T14:12:48.0645874Z test pool::recovery::tests::replay_integration_tests::normal_append_handles_preserve_history_even_after_read_cursor_rewinds ... ok
2026-09-17T14:12:48.0666003Z test pool::recovery::tests::replay_integration_tests::wrong_final_result_with_new_checksums_never_returns_a_verified_archive ... ok
2026-09-17T14:12:48.0667265Z test pool::replay::tests::a_complete_shorter_prefix_still_requires_an_independent_checkpoint ... ok
2026-09-17T14:12:48.0668617Z test pool::replay::tests::checksum_mutations_and_structural_corruption_do_not_replay ... ok
2026-09-17T14:12:48.0670107Z test pool::replay::tests::declared_size_and_record_count_are_bounded_before_body_allocation ... ok
2026-09-17T14:12:48.0675805Z test pool::replay::tests::every_truncated_frame_and_appended_byte_is_rejected ... ok
2026-09-17T14:12:48.0677205Z test pool::replay::tests::finish_requires_verified_eof_and_errors_permanently_poison_replay ... ok
2026-09-17T14:12:48.0678680Z test pool::replay::tests::fragmented_reads_and_interrupted_eof_are_retried_without_skipping ... ok
2026-09-17T14:12:48.0680103Z test pool::replay::tests::input_failure_is_never_converted_to_a_successful_empty_history ... ok
2026-09-17T14:12:48.0682815Z test pool::replay::tests::io_fault_at_every_record_byte_including_final_eof_drops_the_reconstruction ... ok
2026-09-17T14:12:48.0874382Z test pool::replay::tests::maximum_record_window_is_replayed_without_copying_the_full_state_per_block ... ok
2026-09-17T14:12:48.0888865Z test pool::replay::tests::reusable_buffer_does_not_decode_stale_tail_bytes_after_a_shorter_record ... ok
2026-09-17T14:12:48.0890201Z test pool::replay::tests::shared_eof_does_not_swallow_read_errors_or_trailing_data ... ok
2026-09-17T14:12:48.0891260Z test pool::replay::tests::shared_header_and_eof_retry_interrupted_and_short_reads ... ok
2026-09-17T14:12:48.0892608Z test pool::replay::tests::shared_header_preserves_both_profiles_and_leaves_records_unread ... ok
2026-09-17T14:12:48.0893875Z test pool::replay::tests::shared_header_rejects_bounds_before_reading_commitment_payload ... ok
2026-09-17T14:12:48.0895979Z test pool::replay::tests::shared_header_rejects_unknown_network_domain_and_truncation ... ok
2026-09-17T14:12:48.0898954Z test pool::replay::tests::startup_and_wallet_history_share_replay_and_preserve_journal_bytes ... ok
2026-09-17T14:12:57.3093324Z test pool::tests::actual_two_hop_pool_commit_replay_and_corruption ... ok
2026-09-17T14:12:57.3104901Z test pool::tests::empty_pool_lock_restart_and_no_overwrite ... ok
2026-09-17T14:12:57.3112309Z test pool::tests::lost_sync_acknowledgement_remains_uncertain_until_replay ... ok
2026-09-17T14:12:57.3119875Z test pool::tests::partial_write_poison_does_not_advance_memory_or_repair_disk ... ok
2026-09-17T14:12:57.3189296Z test pool::tests::record_decoder_rejects_truncation_trailing_and_length_bombs ... ok
2026-09-17T14:12:57.3202075Z test pool::tests::tampered_prepared_result_and_resource_limits ... ok
2026-09-17T14:13:13.2096517Z test pool::wallet_flow_tests::durable_wallet_outbox_resumes_exact_real_payment_after_lost_acknowledgement ... ok
2026-09-17T14:13:13.2113567Z test pool::wallet_flow_tests::wallet_history_replay_keeps_append_cursor_and_rejects_disk_drift ... ok
2026-09-17T14:13:33.7302447Z test pool::wallet_flow_tests::wallet_nonzero_multinote_payment_change_expiry_backup_and_rescan ... ok
2026-09-17T14:13:33.9367888Z test pool::wallet_flow_tests::wallet_rejects_changed_checkpoint_ancestry_without_mutation ... ok
2026-09-17T14:13:33.9380733Z test signing_domain_vectors::every_context_component_changes_the_bound_signature_message ... ok
2026-09-17T14:13:33.9382016Z test signing_domain_vectors::legacy_and_bound_transcripts_match_independent_sha256_vectors ... ok
2026-09-17T14:13:34.3044636Z test wallet::tests::shared_witnesses_match_upstream_frontier_for_odd_and_even_trees ... ok
2026-09-17T14:13:34.3936000Z test wallet::vault::independent_kdf_vector::argon2id_matches_independent_argon2_cffi_reference ... ok
2026-09-17T14:13:35.1099358Z test wallet::vault::store::compact_tests::compacted_checkpoint_is_authenticated_but_requires_rescan_and_new_receipt ... ok
2026-09-17T14:13:35.6620377Z test wallet::vault::store::compact_tests::compaction_requires_exact_current_pin_and_never_overwrites_targets ... ok
2026-09-17T14:13:35.7599265Z test wallet::vault::store::compact_tests::corrupt_or_poisoned_source_cannot_be_compacted_into_a_fresh_looking_copy ... ok
2026-09-17T14:13:36.4038544Z test wallet::vault::store::compact_tests::partial_and_lost_ack_compaction_preserve_source_and_do_not_repair_targets ... ok
2026-09-17T14:13:36.8752558Z test wallet::vault::store::tests::authenticated_predecessor_rejects_rewritten_hash_chain_and_other_journal ... ok
2026-09-17T14:13:36.9969213Z test wallet::vault::store::tests::bounds_padding_and_live_disk_drift_fail_closed ... ok
2026-09-17T14:13:37.0934634Z test wallet::vault::store::tests::capacity_inspection_is_read_only_and_does_not_claim_synced_balance ... ok
2026-09-17T14:13:37.6321172Z test wallet::vault::store::tests::create_sync_backup_reopen_and_exact_source_protection ... ok
2026-09-17T14:13:38.1352146Z test wallet::vault::store::tests::legacy_snapshot_import_preserves_missing_outbox_reservation ... ok
2026-09-17T14:13:38.1353625Z test wallet::vault::store::tests::lock_child ... ok
2026-09-17T14:13:38.2344121Z test wallet::vault::store::tests::lock_is_enforced_across_processes ... ok
2026-09-17T14:13:38.5311424Z test wallet::vault::store::tests::lost_acknowledgement_is_uncertain_and_reopen_reconciles_complete_record ... ok
2026-09-17T14:13:38.6288459Z test wallet::vault::store::tests::missing_and_nonregular_files_are_not_created_or_repaired ... ok
2026-09-17T14:13:38.8306965Z test wallet::vault::store::tests::partial_write_poison_preserves_failure_and_never_truncates_on_reopen ... ok
2026-09-17T14:13:38.9292604Z test wallet::vault::store::tests::truncated_and_oversized_files_never_invoke_unbounded_reads ... ok
2026-09-17T14:13:39.3199473Z test wallet::vault::store::tests::valid_prefix_needs_independent_receipt_for_rollback_detection ... ok
2026-09-17T14:13:40.0575666Z test wallet::vault::tests::encrypted_roundtrip_randomization_and_wrong_password ... ok
2026-09-17T14:13:40.0657527Z test wallet::vault::tests::rejects_lengths_versions_and_kdf_bombs_before_derivation ... ok
2026-09-17T14:13:40.0734068Z test wallet::vault::tests::snapshot_rejects_noncanonical_flags_padding_and_duplicate_reservations ... ok
2026-09-17T14:13:40.0740311Z test wire::cache::tests::concurrent_success_memoization_preserves_exact_entries_and_bounds ... ok
2026-09-17T14:13:40.0742207Z test wire::cache::tests::exact_bytes_required_even_for_a_forced_digest_collision ... ok
2026-09-17T14:13:40.0743218Z test wire::cache::tests::fifo_capacity_and_duplicate_insert_are_bounded ... ok
2026-09-17T14:13:40.0744029Z test wire::cache::tests::invalid_sizes_cannot_fill_the_cache ... ok
2026-09-17T14:13:46.1045701Z test wire::fixed_key_tests::concurrent_verifiers_share_only_the_fixed_key_and_keep_real_authorization_cold ... ok
2026-09-17T14:13:46.1047176Z test worker::tests::bounded_frame_rejections ... ok
2026-09-17T14:13:46.1048040Z test worker::tests::fingerprint_matches_go_vector ... ok
2026-09-17T14:13:46.1048783Z test worker::tests::frame_roundtrip ... ok
2026-09-17T14:13:46.1049193Z 
2026-09-17T14:13:46.1050122Z test result: ok. 154 passed; 0 failed; 0 ignored; 0 measured; 0 filtered out; finished in 67.15s
2026-09-17T14:13:46.1050911Z 
2026-09-17T14:13:46.1064813Z      Running unittests src/bin/zevune-orchard-worker.rs (target/release/deps/zevune_orchard_worker-cd84f4d9aac9e10a)
2026-09-17T14:13:46.1075339Z 
2026-09-17T14:13:46.1075545Z running 0 tests
2026-09-17T14:13:46.1075716Z 
2026-09-17T14:13:46.1076015Z test result: ok. 0 passed; 0 failed; 0 ignored; 0 measured; 0 filtered out; finished in 0.00s
2026-09-17T14:13:46.1076383Z 
2026-09-17T14:13:46.1077888Z      Running unittests src/bin/zevune-pool-worker.rs (target/release/deps/zevune_pool_worker-c8c07100e193c907)
2026-09-17T14:13:46.1086431Z 
2026-09-17T14:13:46.1086590Z running 3 tests
2026-09-17T14:13:46.1088654Z test tests::block_decoder_bounds ... ok
2026-09-17T14:13:46.1090321Z test tests::frame_truncation_and_bombs ... ok
2026-09-17T14:13:46.1091226Z test tests::selection_frame_is_bounded_canonical_and_separate_from_blocks ... ok
2026-09-17T14:13:46.1092132Z 
2026-09-17T14:13:46.1092466Z test result: ok. 3 passed; 0 failed; 0 ignored; 0 measured; 0 filtered out; finished in 0.00s
2026-09-17T14:13:46.1092996Z 
2026-09-17T14:13:46.1093837Z      Running tests/active_incremental_cli.rs (target/release/deps/active_incremental_cli-ddb3c363d43f6c22)
2026-09-17T14:13:46.1101594Z 
2026-09-17T14:13:46.1101769Z running 0 tests
2026-09-17T14:13:46.1101946Z 
2026-09-17T14:13:46.1102253Z test result: ok. 0 passed; 0 failed; 0 ignored; 0 measured; 0 filtered out; finished in 0.00s
2026-09-17T14:13:46.1102645Z 
2026-09-17T14:13:46.1104473Z      Running tests/active_recovery_cli.rs (target/release/deps/active_recovery_cli-1f50c05fa40f1b0c)
2026-09-17T14:13:46.1112170Z 
2026-09-17T14:13:46.1112344Z running 0 tests
2026-09-17T14:13:46.1112528Z 
2026-09-17T14:13:46.1112845Z test result: ok. 0 passed; 0 failed; 0 ignored; 0 measured; 0 filtered out; finished in 0.00s
2026-09-17T14:13:46.1113241Z 
2026-09-17T14:13:46.1115001Z      Running tests/authorization_cache.rs (target/release/deps/authorization_cache-d80d49074bec5de6)
2026-09-17T14:13:46.1124293Z 
2026-09-17T14:13:46.1124455Z running 1 test
2026-09-17T14:13:54.1517365Z test real_authorization_reuse_rejects_changed_bytes_and_restarts_cold ... AUTH_CACHE_SAMPLE scope=authorization_only samples=32 cold_us=24766 warm_total_us=2357 transaction_bytes=9166
2026-09-17T14:13:54.1518817Z ok
2026-09-17T14:13:54.1519000Z 
2026-09-17T14:13:54.1519325Z test result: ok. 1 passed; 0 failed; 0 ignored; 0 measured; 0 filtered out; finished in 8.04s
2026-09-17T14:13:54.1519977Z 
2026-09-17T14:13:54.1527287Z      Running tests/bridge.rs (target/release/deps/bridge-cda5b5ed74dd728b)
2026-09-17T14:13:54.1539217Z 
2026-09-17T14:13:54.1539433Z running 1 test
2026-09-17T14:14:04.2782560Z test real_wire_roundtrip_individual_authorization_and_rejections ... ok
2026-09-17T14:14:04.2783254Z 
2026-09-17T14:14:04.2783926Z test result: ok. 1 passed; 0 failed; 0 ignored; 0 measured; 0 filtered out; finished in 10.12s
2026-09-17T14:14:04.2784546Z 
2026-09-17T14:14:04.2798364Z      Running tests/cache_state_guards.rs (target/release/deps/cache_state_guards-5ead73e6d643655e)
2026-09-17T14:14:04.2808323Z 
2026-09-17T14:14:04.2808543Z running 0 tests
2026-09-17T14:14:04.2808782Z 
2026-09-17T14:14:04.2809079Z test result: ok. 0 passed; 0 failed; 0 ignored; 0 measured; 0 filtered out; finished in 0.00s
2026-09-17T14:14:04.2809757Z 
2026-09-17T14:14:04.2810947Z      Running tests/default_worker_policy.rs (target/release/deps/default_worker_policy-479792fe47624099)
2026-09-17T14:14:04.2820330Z 
2026-09-17T14:14:04.2820549Z running 1 test
2026-09-17T14:14:04.2834059Z test default_worker_refuses_explicit_funding_arguments ... ok
2026-09-17T14:14:04.2834588Z 
2026-09-17T14:14:04.2835081Z test result: ok. 1 passed; 0 failed; 0 ignored; 0 measured; 0 filtered out; finished in 0.00s
2026-09-17T14:14:04.2835467Z 
2026-09-17T14:14:04.2836364Z      Running tests/genesis_domain.rs (target/release/deps/genesis_domain-f530e40902e25b8e)
2026-09-17T14:14:04.2844763Z 
2026-09-17T14:14:04.2844942Z running 0 tests
2026-09-17T14:14:04.2845168Z 
2026-09-17T14:14:04.2845648Z test result: ok. 0 passed; 0 failed; 0 ignored; 0 measured; 0 filtered out; finished in 0.00s
2026-09-17T14:14:04.2846092Z 
2026-09-17T14:14:04.2847320Z      Running tests/genesis_manifest_bounds.rs (target/release/deps/genesis_manifest_bounds-b5536276992f4a6e)
2026-09-17T14:14:04.2855506Z 
2026-09-17T14:14:04.2855692Z running 0 tests
2026-09-17T14:14:04.2855913Z 
2026-09-17T14:14:04.2856376Z test result: ok. 0 passed; 0 failed; 0 ignored; 0 measured; 0 filtered out; finished in 0.00s
2026-09-17T14:14:04.2856987Z 
2026-09-17T14:14:04.2857661Z      Running tests/operator_cli.rs (target/release/deps/operator_cli-287e6082c7030018)
2026-09-17T14:14:04.2865925Z 
2026-09-17T14:14:04.2866147Z running 0 tests
2026-09-17T14:14:04.2866367Z 
2026-09-17T14:14:04.2867123Z test result: ok. 0 passed; 0 failed; 0 ignored; 0 measured; 0 filtered out; finished in 0.00s
2026-09-17T14:14:04.2867922Z 
2026-09-17T14:14:04.2868673Z      Running tests/payment_preflight.rs (target/release/deps/payment_preflight-d68a7de54a8fe8d9)
2026-09-17T14:14:04.2876306Z 
2026-09-17T14:14:04.2876511Z running 0 tests
2026-09-17T14:14:04.2876735Z 
2026-09-17T14:14:04.2877213Z test result: ok. 0 passed; 0 failed; 0 ignored; 0 measured; 0 filtered out; finished in 0.00s
2026-09-17T14:14:04.2877828Z 
2026-09-17T14:14:04.2878478Z      Running tests/pool_network.rs (target/release/deps/pool_network-c8f8ae5b9cd9a26d)
2026-09-17T14:14:04.2888205Z 
2026-09-17T14:14:04.2888396Z running 1 test
2026-09-17T14:14:12.2950867Z test zero_value_real_proof_for_consensus ... ok
2026-09-17T14:14:12.2951151Z 
2026-09-17T14:14:12.2951453Z test result: ok. 1 passed; 0 failed; 0 ignored; 0 measured; 0 filtered out; finished in 8.01s
2026-09-17T14:14:12.2951816Z 
2026-09-17T14:14:12.2966191Z      Running tests/real_bundle.rs (target/release/deps/real_bundle-20f99c112b3d5369)
2026-09-17T14:14:12.2978390Z 
2026-09-17T14:14:12.2978699Z running 4 tests
2026-09-17T14:14:12.3178551Z test builder_rejects_wrong_owner_and_nonmember_path ... ok
2026-09-17T14:14:12.3214685Z test raw_key_reconstruction_preserves_local_receiver ... ok
2026-09-17T14:14:20.2988984Z test real_proofs_two_hops_and_adversarial_cases ... M4_PHASE valid_proof_and_signatures_and_read_only_check: passed
2026-09-17T14:14:20.3067735Z M4_PHASE recipient_decryption_change_wrong_key_and_raw_key_recovery: passed
2026-09-17T14:14:20.3079480Z M4_PHASE network_expiry_anchor_and_value_balance_rejections: passed
2026-09-17T14:14:20.3165896Z M4_PHASE corrupted_proof_noncanonical_length_signatures_ciphertext_and_version: passed
2026-09-17T14:14:25.4516961Z M4_PHASE duplicate_checks_and_real_proof_unbacked_pool_delta_rejection: passed
2026-09-17T14:14:30.6036436Z M4_PHASE verified_receiver_note_can_be_spent_onward: passed
2026-09-17T14:14:30.6038139Z M4_METRICS {"scope":"single_process_real_crypto_not_network_latency","key_build_ms":4922.468,"first_proof_ms":2994.015,"second_proof_ms":2983.314,"negative_delta_proof_ms":3024.116,"first_verify_ms":24.262,"second_verify_ms":24.292,"first_recipient_scan_ms":1.749,"actions_per_valid_bundle":2,"proof_bytes":7264}
2026-09-17T14:14:30.6128688Z ok
2026-09-17T14:14:30.6130355Z test upstream_public_empty_root_vectors ... ok
2026-09-17T14:14:30.6137314Z 
2026-09-17T14:14:30.6137781Z test result: ok. 4 passed; 0 failed; 0 ignored; 0 measured; 0 filtered out; finished in 18.32s
2026-09-17T14:14:30.6139279Z      Running tests/recipient_domain.rs (target/release/deps/recipient_domain-bf48c57b14c78bc5)
2026-09-17T14:14:30.6140580Z 
2026-09-17T14:14:30.6150562Z 
2026-09-17T14:14:30.6151343Z running 3 tests
2026-09-17T14:14:30.6305014Z test canonical_receiver_formats_preserve_legacy_without_domain_fallback ... ok
2026-09-17T14:14:30.6546607Z test network_recipient_requires_a_verified_history_not_only_keys ... ok
2026-09-17T14:14:30.6745206Z test recipient_parser_rejects_truncation_mutation_and_noncanonical_input ... ok
2026-09-17T14:14:30.6745750Z 
2026-09-17T14:14:30.6746346Z test result: ok. 3 passed; 0 failed; 0 ignored; 0 measured; 0 filtered out; finished in 0.06s
2026-09-17T14:14:30.6747042Z 
2026-09-17T14:14:30.6748390Z      Running tests/recovery_cli.rs (target/release/deps/recovery_cli-db19acbe6913f296)
2026-09-17T14:14:30.6759480Z 
2026-09-17T14:14:30.6759771Z running 0 tests
2026-09-17T14:14:30.6760029Z 
2026-09-17T14:14:30.6760555Z test result: ok. 0 passed; 0 failed; 0 ignored; 0 measured; 0 filtered out; finished in 0.00s
2026-09-17T14:14:30.6761151Z 
2026-09-17T14:14:30.6762571Z      Running tests/test_genesis.rs (target/release/deps/test_genesis-c254433454550e36)
2026-09-17T14:14:30.6771854Z 
2026-09-17T14:14:30.6772063Z running 0 tests
2026-09-17T14:14:30.6772244Z 
2026-09-17T14:14:30.6772581Z test result: ok. 0 passed; 0 failed; 0 ignored; 0 measured; 0 filtered out; finished in 0.00s
2026-09-17T14:14:30.6773083Z 
2026-09-17T14:14:30.6774251Z    Doc-tests zevune_orchard_lab
2026-09-17T14:14:30.7536039Z 
2026-09-17T14:14:30.7536834Z running 0 tests
2026-09-17T14:14:30.7537547Z 
2026-09-17T14:14:30.7538163Z test result: ok. 0 passed; 0 failed; 0 ignored; 0 measured; 0 filtered out; finished in 0.00s
2026-09-17T14:14:30.7538920Z 
2026-09-17T14:14:30.7603121Z ##[group]Run cargo clippy --locked --release --all-targets -- -D warnings
2026-09-17T14:14:30.7603937Z [36;1mcargo clippy --locked --release --all-targets -- -D warnings[0m
2026-09-17T14:14:30.7604586Z [36;1mcargo build --locked --release --bin zevune-orchard-worker[0m
2026-09-17T14:14:30.7605174Z [36;1mworker="$(pwd)/target/release/zevune-orchard-worker"[0m
2026-09-17T14:14:30.7605677Z [36;1mfixture="$ZEVUNE_PUBLIC_FIXTURE_DIR/authorized.bin"[0m
2026-09-17T14:14:30.7606107Z [36;1mif [ "$RUNNER_OS" = "Windows" ]; then[0m
2026-09-17T14:14:30.7617391Z [36;1m  worker=$(cygpath -w "$worker.exe")[0m
2026-09-17T14:14:30.7617772Z [36;1m  fixture=$(cygpath -w "$fixture")[0m
2026-09-17T14:14:30.7618059Z [36;1mfi[0m
2026-09-17T14:14:30.7618323Z [36;1mecho "ZEVUNE_REAL_WORKER=$worker" >> "$GITHUB_ENV"[0m
2026-09-17T14:14:30.7618738Z [36;1mecho "ZEVUNE_PUBLIC_FIXTURE=$fixture" >> "$GITHUB_ENV"[0m
2026-09-17T14:14:30.7654793Z shell: /usr/bin/bash --noprofile --norc -e -o pipefail {0}
2026-09-17T14:14:30.7655139Z env:
2026-09-17T14:14:30.7655340Z   RAYON_NUM_THREADS: 2
2026-09-17T14:14:30.7655563Z   CARGO_BUILD_JOBS: 2
2026-09-17T14:14:30.7655774Z   GOTOOLCHAIN: local
2026-09-17T14:14:30.7656114Z   ZEVUNE_PUBLIC_FIXTURE_DIR: /home/runner/work/_temp/zevune-public-fixture
2026-09-17T14:14:30.7656498Z ##[endgroup]
2026-09-17T14:14:30.9257221Z     Checking cfg-if v1.0.4
2026-09-17T14:14:30.9258050Z     Checking libc v0.2.189
2026-09-17T14:14:30.9470999Z     Checking subtle v2.6.1
2026-09-17T14:14:31.0176317Z     Checking typenum v1.20.1
2026-09-17T14:14:31.4731048Z     Checking generic-array v0.14.7
2026-09-17T14:14:31.6269123Z     Checking getrandom v0.2.17
2026-09-17T14:14:31.6910830Z     Checking rand_core v0.6.4
2026-09-17T14:14:31.7666661Z     Checking tap v1.0.1
2026-09-17T14:14:31.7956899Z     Checking wyz v0.5.1
2026-09-17T14:14:31.8050740Z     Checking crypto-common v0.1.7
2026-09-17T14:14:31.8405746Z     Checking radium v0.7.0
2026-09-17T14:14:31.8787964Z     Checking funty v2.0.0
2026-09-17T14:14:31.9263630Z     Checking zeroize v1.9.0
2026-09-17T14:14:31.9906708Z     Checking zerocopy v0.8.57
2026-09-17T14:14:32.1384791Z     Checking bitvec v1.1.1
2026-09-17T14:14:33.4296474Z     Checking ff v0.13.1
2026-09-17T14:14:33.4737605Z     Checking arrayvec v0.7.8
2026-09-17T14:14:33.5650116Z     Checking constant_time_eq v0.4.2
2026-09-17T14:14:33.6097731Z     Checking memuse v0.2.2
2026-09-17T14:14:33.6749877Z     Checking blake2b_simd v1.0.5
2026-09-17T14:14:33.9173874Z     Checking crossbeam-utils v0.8.23
2026-09-17T14:14:34.1375217Z     Checking group v0.13.0
2026-09-17T14:14:34.2003501Z     Checking inout v0.1.4
2026-09-17T14:14:34.2373847Z     Checking static_assertions v1.1.0
2026-09-17T14:14:34.2543122Z     Checking spin v0.9.9
2026-09-17T14:14:34.2730552Z     Checking ppv-lite86 v0.2.21
2026-09-17T14:14:34.2908234Z     Checking cpufeatures v0.2.17
2026-09-17T14:14:34.3070398Z     Checking lazy_static v1.5.0
2026-09-17T14:14:34.3250873Z     Checking cipher v0.4.4
2026-09-17T14:14:34.4195307Z     Checking crossbeam-epoch v0.9.21
2026-09-17T14:14:34.4617957Z     Checking rand_chacha v0.3.1
2026-09-17T14:14:34.5521202Z     Checking crossbeam-deque v0.8.8
2026-09-17T14:14:34.5603565Z     Checking rand v0.8.5
2026-09-17T14:14:34.6323131Z     Checking either v1.18.0
2026-09-17T14:14:34.7116011Z     Checking rayon-core v1.13.0
2026-09-17T14:14:34.9092363Z     Checking pasta_curves v0.5.2
2026-09-17T14:14:34.9394496Z     Checking once_cell v1.21.4
2026-09-17T14:14:35.0200994Z     Checking tracing-core v0.1.36
2026-09-17T14:14:35.2288160Z     Checking rayon v1.12.0
2026-09-17T14:14:35.3529492Z     Checking num-traits v0.2.19
2026-09-17T14:14:35.6878405Z     Checking universal-hash v0.5.1
2026-09-17T14:14:35.7243203Z     Checking block-buffer v0.10.4
2026-09-17T14:14:35.7644180Z     Checking pin-project-lite v0.2.17
2026-09-17T14:14:35.7868400Z     Checking hex v0.4.3
2026-09-17T14:14:35.8953416Z     Checking byteorder v1.5.0
2026-09-17T14:14:35.9952883Z     Checking opaque-debug v0.3.1
2026-09-17T14:14:36.0096922Z     Checking hashbrown v0.12.3
2026-09-17T14:14:36.2771022Z     Checking indexmap v1.9.3
2026-09-17T14:14:36.4453355Z     Checking maybe-rayon v0.1.1
2026-09-17T14:14:36.4625579Z     Checking poly1305 v0.8.0
2026-09-17T14:14:36.4818580Z     Checking tracing v0.1.44
2026-09-17T14:14:36.5681218Z     Checking digest v0.10.7
2026-09-17T14:14:36.6095662Z     Checking num-integer v0.1.47
2026-09-17T14:14:36.6588648Z     Checking serde_core v1.0.229
2026-09-17T14:14:36.7335014Z     Checking crunchy v0.2.4
2026-09-17T14:14:36.7530686Z     Checking chacha20 v0.9.1
2026-09-17T14:14:36.8443609Z     Checking bls12_381 v0.8.0
2026-09-17T14:14:36.9263332Z     Checking aead v0.5.2
2026-09-17T14:14:36.9708245Z     Checking halo2_legacy_pdqsort v0.1.0
2026-09-17T14:14:37.0173474Z     Checking halo2_proofs v0.3.5
2026-09-17T14:14:37.8675794Z     Checking serde v1.0.229
2026-09-17T14:14:38.1319248Z     Checking chacha20poly1305 v0.10.1
2026-09-17T14:14:38.1664203Z     Checking jubjub v0.10.0
2026-09-17T14:14:38.3101327Z     Checking thiserror v2.0.20
2026-09-17T14:14:38.3333104Z     Checking uint v0.9.5
2026-09-17T14:14:38.3710644Z     Checking num-bigint v0.4.8
2026-09-17T14:14:38.6951444Z     Checking libm v0.2.16
2026-09-17T14:14:39.0535130Z     Checking sinsemilla v0.1.0
2026-09-17T14:14:39.2845594Z     Checking halo2_poseidon v0.1.0
2026-09-17T14:14:39.4831541Z     Checking cbc v0.1.2
2026-09-17T14:14:39.5240007Z     Checking zcash_spec v0.2.1
2026-09-17T14:14:39.5505929Z     Checking base64ct v1.8.3
2026-09-17T14:14:39.6527578Z     Checking bech32 v0.11.1
2026-09-17T14:14:39.6636675Z     Checking password-hash v0.5.0
2026-09-17T14:14:39.7903835Z     Checking halo2_gadgets v0.5.0
2026-09-17T14:14:39.8366960Z     Checking zip32 v0.2.1
2026-09-17T14:14:39.9222376Z     Checking fpe v0.6.1
2026-09-17T14:14:40.0172397Z     Checking reddsa v0.5.2
2026-09-17T14:14:40.1721538Z     Checking zcash_note_encryption v0.4.2
2026-09-17T14:14:40.2501329Z     Checking blake2 v0.10.6
2026-09-17T14:14:40.3706322Z     Checking incrementalmerkletree v0.8.1
2026-09-17T14:14:40.4447649Z     Checking aes v0.8.4
2026-09-17T14:14:40.6762707Z     Checking nonempty v0.11.0
2026-09-17T14:14:40.6955608Z     Checking corez v0.1.1
2026-09-17T14:14:40.7150650Z     Checking argon2 v0.5.3
2026-09-17T14:14:40.7409474Z     Checking orchard v0.15.5
2026-09-17T14:14:40.9091251Z     Checking sha2 v0.10.9
2026-09-17T14:14:41.7331011Z     Checking zevune-orchard-lab v0.1.0 (/home/runner/work/Zevune/Zevune/integration/orchard)
2026-09-17T14:14:43.0444219Z     Finished `release` profile [optimized] target(s) in 12.22s
2026-09-17T14:14:43.1685945Z     Finished `release` profile [optimized] target(s) in 0.08s
2026-09-17T14:14:43.1780245Z ##[group]Run test -z "$(gofmt -l internal/orchardbridge)"
2026-09-17T14:14:43.1780718Z [36;1mtest -z "$(gofmt -l internal/orchardbridge)"[0m
2026-09-17T14:14:43.1781089Z [36;1mgo test ./... -count=1 -timeout=4m[0m
2026-09-17T14:14:43.1781369Z [36;1mgo vet ./...[0m
2026-09-17T14:14:43.1817065Z shell: /usr/bin/bash --noprofile --norc -e -o pipefail {0}
2026-09-17T14:14:43.1817409Z env:
2026-09-17T14:14:43.1817605Z   RAYON_NUM_THREADS: 2
2026-09-17T14:14:43.1817822Z   CARGO_BUILD_JOBS: 2
2026-09-17T14:14:43.1818143Z   GOTOOLCHAIN: local
2026-09-17T14:14:43.1818488Z   ZEVUNE_PUBLIC_FIXTURE_DIR: /home/runner/work/_temp/zevune-public-fixture
2026-09-17T14:14:43.1819129Z   ZEVUNE_REAL_WORKER: /home/runner/work/Zevune/Zevune/integration/orchard/target/release/zevune-orchard-worker
2026-09-17T14:14:43.1820165Z   ZEVUNE_PUBLIC_FIXTURE: /home/runner/work/_temp/zevune-public-fixture/authorized.bin
2026-09-17T14:14:43.1820598Z ##[endgroup]
2026-09-17T14:14:51.1897193Z ?   	github.com/youq616/Zevune/cmd/latency-report	[no test files]
2026-09-17T14:14:59.2646131Z ?   	github.com/youq616/Zevune/cmd/zevuned	[no test files]
2026-09-17T14:14:59.4457088Z ok  	github.com/youq616/Zevune/internal/api	0.012s
2026-09-17T14:14:59.4462317Z ok  	github.com/youq616/Zevune/internal/latency	0.004s
2026-09-17T14:14:59.5405553Z ok  	github.com/youq616/Zevune/internal/ledger	0.109s
2026-09-17T14:14:59.5406324Z ok  	github.com/youq616/Zevune/internal/merkle	0.003s
2026-09-17T14:14:59.6485055Z ok  	github.com/youq616/Zevune/internal/orchardbridge	0.212s
2026-09-17T14:14:59.9900551Z ok  	github.com/youq616/Zevune/internal/poolbridge	0.553s
2026-09-17T14:14:59.9901834Z ok  	github.com/youq616/Zevune/internal/protocol	0.007s
2026-09-17T14:15:02.4225597Z ##[group]Run go test -tags=orchard_e2e ./internal/orchardbridge -run '^TestGenuineRustWorkerAuthorization$' -count=1 -timeout=2m -v
2026-09-17T14:15:02.4226553Z [36;1mgo test -tags=orchard_e2e ./internal/orchardbridge -run '^TestGenuineRustWorkerAuthorization$' -count=1 -timeout=2m -v[0m
2026-09-17T14:15:02.4263819Z shell: /usr/bin/bash --noprofile --norc -e -o pipefail {0}
2026-09-17T14:15:02.4264263Z env:
2026-09-17T14:15:02.4264498Z   RAYON_NUM_THREADS: 2
2026-09-17T14:15:02.4264746Z   CARGO_BUILD_JOBS: 2
2026-09-17T14:15:02.4264985Z   GOTOOLCHAIN: local
2026-09-17T14:15:02.4265319Z   ZEVUNE_PUBLIC_FIXTURE_DIR: /home/runner/work/_temp/zevune-public-fixture
2026-09-17T14:15:02.4266034Z   ZEVUNE_REAL_WORKER: /home/runner/work/Zevune/Zevune/integration/orchard/target/release/zevune-orchard-worker
2026-09-17T14:15:02.4266744Z   ZEVUNE_PUBLIC_FIXTURE: /home/runner/work/_temp/zevune-public-fixture/authorized.bin
2026-09-17T14:15:02.4267165Z ##[endgroup]
2026-09-17T14:15:02.7346168Z === RUN   TestGenuineRustWorkerAuthorization
2026-09-17T14:15:04.8429466Z --- PASS: TestGenuineRustWorkerAuthorization (2.11s)
2026-09-17T14:15:04.8430054Z PASS
2026-09-17T14:15:04.8433527Z ok  	github.com/youq616/Zevune/internal/orchardbridge	2.111s
2026-09-17T14:15:04.8528409Z ##[group]Run go test -race ./internal/orchardbridge -count=1 -timeout=2m
2026-09-17T14:15:04.8528918Z [36;1mgo test -race ./internal/orchardbridge -count=1 -timeout=2m[0m
2026-09-17T14:15:04.8565786Z shell: /usr/bin/bash --noprofile --norc -e -o pipefail {0}
2026-09-17T14:15:04.8566114Z env:
2026-09-17T14:15:04.8566306Z   RAYON_NUM_THREADS: 2
2026-09-17T14:15:04.8566526Z   CARGO_BUILD_JOBS: 2
2026-09-17T14:15:04.8566737Z   GOTOOLCHAIN: local
2026-09-17T14:15:04.8567065Z   ZEVUNE_PUBLIC_FIXTURE_DIR: /home/runner/work/_temp/zevune-public-fixture
2026-09-17T14:15:04.8567688Z   ZEVUNE_REAL_WORKER: /home/runner/work/Zevune/Zevune/integration/orchard/target/release/zevune-orchard-worker
2026-09-17T14:15:04.8568349Z   ZEVUNE_PUBLIC_FIXTURE: /home/runner/work/_temp/zevune-public-fixture/authorized.bin
2026-09-17T14:15:04.8568756Z ##[endgroup]
2026-09-17T14:15:17.4797736Z ok  	github.com/youq616/Zevune/internal/orchardbridge	1.331s
2026-09-17T14:15:17.5170543Z ##[group]Run GOMAXPROCS=2 go test ./internal/orchardbridge -run '^$' -fuzz '^FuzzDecodeEnvelope$' -fuzztime=10s -parallel=2
2026-09-17T14:15:17.5171446Z [36;1mGOMAXPROCS=2 go test ./internal/orchardbridge -run '^$' -fuzz '^FuzzDecodeEnvelope$' -fuzztime=10s -parallel=2[0m
2026-09-17T14:15:17.5172264Z [36;1mGOMAXPROCS=2 go test ./internal/orchardbridge -run '^$' -fuzz '^FuzzReadFrame$' -fuzztime=10s -parallel=2[0m
2026-09-17T14:15:17.5208940Z shell: /usr/bin/bash --noprofile --norc -e -o pipefail {0}
2026-09-17T14:15:17.5209283Z env:
2026-09-17T14:15:17.5209473Z   RAYON_NUM_THREADS: 2
2026-09-17T14:15:17.5210011Z   CARGO_BUILD_JOBS: 2
2026-09-17T14:15:17.5210231Z   GOTOOLCHAIN: local
2026-09-17T14:15:17.5210561Z   ZEVUNE_PUBLIC_FIXTURE_DIR: /home/runner/work/_temp/zevune-public-fixture
2026-09-17T14:15:17.5211191Z   ZEVUNE_REAL_WORKER: /home/runner/work/Zevune/Zevune/integration/orchard/target/release/zevune-orchard-worker
2026-09-17T14:15:17.5211889Z   ZEVUNE_PUBLIC_FIXTURE: /home/runner/work/_temp/zevune-public-fixture/authorized.bin
2026-09-17T14:15:17.5212304Z ##[endgroup]
2026-09-17T14:15:27.9415496Z fuzz: elapsed: 0s, gathering baseline coverage: 0/3 completed
2026-09-17T14:15:27.9457050Z fuzz: elapsed: 0s, gathering baseline coverage: 3/3 completed, now fuzzing with 2 workers
2026-09-17T14:15:30.9442144Z fuzz: elapsed: 3s, execs: 148437 (49470/sec), new interesting: 2 (total: 5)
2026-09-17T14:15:33.9412366Z fuzz: elapsed: 6s, execs: 295914 (49165/sec), new interesting: 2 (total: 5)
2026-09-17T14:15:36.9421283Z fuzz: elapsed: 9s, execs: 441826 (48623/sec), new interesting: 2 (total: 5)
2026-09-17T14:15:38.0352466Z fuzz: elapsed: 10s, execs: 493509 (47280/sec), new interesting: 2 (total: 5)
2026-09-17T14:15:38.0352938Z PASS
2026-09-17T14:15:38.0358037Z ok  	github.com/youq616/Zevune/internal/orchardbridge	10.098s
2026-09-17T14:15:38.2578075Z fuzz: elapsed: 0s, gathering baseline coverage: 0/2 completed
2026-09-17T14:15:38.2608756Z fuzz: elapsed: 0s, gathering baseline coverage: 2/2 completed, now fuzzing with 2 workers
2026-09-17T14:15:41.2580079Z fuzz: elapsed: 3s, execs: 112281 (37426/sec), new interesting: 2 (total: 4)
2026-09-17T14:15:44.2591396Z fuzz: elapsed: 6s, execs: 232722 (40140/sec), new interesting: 2 (total: 4)
2026-09-17T14:15:47.2582481Z fuzz: elapsed: 9s, execs: 353253 (40180/sec), new interesting: 2 (total: 4)
2026-09-17T14:15:48.3110426Z fuzz: elapsed: 10s, execs: 393987 (38692/sec), new interesting: 2 (total: 4)
2026-09-17T14:15:48.3114003Z PASS
2026-09-17T14:15:48.3116695Z ok  	github.com/youq616/Zevune/internal/orchardbridge	10.056s
2026-09-17T14:15:48.3214260Z ##[group]Run git diff --exit-code
2026-09-17T14:15:48.3214607Z [36;1mgit diff --exit-code[0m
2026-09-17T14:15:48.3251303Z shell: /usr/bin/bash --noprofile --norc -e -o pipefail {0}
2026-09-17T14:15:48.3251670Z env:
2026-09-17T14:15:48.3251878Z   RAYON_NUM_THREADS: 2
2026-09-17T14:15:48.3252106Z   CARGO_BUILD_JOBS: 2
2026-09-17T14:15:48.3252328Z   GOTOOLCHAIN: local
2026-09-17T14:15:48.3252685Z   ZEVUNE_PUBLIC_FIXTURE_DIR: /home/runner/work/_temp/zevune-public-fixture
2026-09-17T14:15:48.3253361Z   ZEVUNE_REAL_WORKER: /home/runner/work/Zevune/Zevune/integration/orchard/target/release/zevune-orchard-worker
2026-09-17T14:15:48.3254072Z   ZEVUNE_PUBLIC_FIXTURE: /home/runner/work/_temp/zevune-public-fixture/authorized.bin
2026-09-17T14:15:48.3254536Z ##[endgroup]
2026-09-17T14:15:48.3442858Z Node 20 is being deprecated. This workflow is running with Node 24 by default. If you need to temporarily use Node 20, you can set the ACTIONS_ALLOW_USE_UNSECURE_NODE_VERSION=true environment variable. For more information see: https://github.blog/changelog/2025-09-19-deprecation-of-node-20-on-github-actions-runners/
2026-09-17T14:15:48.3444106Z Post job cleanup.
2026-09-17T14:15:48.4706780Z (node:13357) [DEP0040] DeprecationWarning: The `punycode` module is deprecated. Please use a userland alternative instead.
2026-09-17T14:15:48.4707849Z (Use `node --trace-deprecation ...` to show where the warning was created)
2026-09-17T14:15:48.4914964Z Post job cleanup.
2026-09-17T14:15:48.5848356Z [command]/usr/bin/git version
2026-09-17T14:15:48.5901153Z git version 2.55.0
2026-09-17T14:15:48.5944917Z Temporarily overriding HOME='/home/runner/work/_temp/a85c8d94-62d5-40bd-9162-86609657455a' before making global git config changes
2026-09-17T14:15:48.5946698Z Adding repository directory to the temporary git global config as a safe directory
2026-09-17T14:15:48.5951792Z [command]/usr/bin/git config --global --add safe.directory /home/runner/work/Zevune/Zevune
2026-09-17T14:15:48.5997700Z [command]/usr/bin/git config --local --name-only --get-regexp core\.sshCommand
2026-09-17T14:15:48.6042939Z [command]/usr/bin/git submodule foreach --recursive sh -c "git config --local --name-only --get-regexp 'core\.sshCommand' && git config --local --unset-all 'core.sshCommand' || :"
2026-09-17T14:15:48.6302587Z [command]/usr/bin/git config --local --name-only --get-regexp http\.https\:\/\/github\.com\/\.extraheader
2026-09-17T14:15:48.6344164Z [command]/usr/bin/git submodule foreach --recursive sh -c "git config --local --name-only --get-regexp 'http\.https\:\/\/github\.com\/\.extraheader' && git config --local --unset-all 'http.https://github.com/.extraheader' || :"
2026-09-17T14:15:48.6810518Z Cleaning up orphan processes
2026-09-17T14:15:48.7209004Z ##[warning]Node.js 20 is deprecated. The following actions target Node.js 20 but are being forced to run on Node.js 24: actions/setup-go@44694675825211faa026b3c33043df3e48a5fa00. For more information see: https://github.blog/changelog/2025-09-19-deprecation-of-node-20-on-github-actions-runners/
