2026-09-17T14:07:01.9496114Z Current runner version: '2.337.0'
2026-09-17T14:07:01.9520286Z ##[group]Runner Image Provisioner
2026-09-17T14:07:01.9521091Z Hosted Compute Agent
2026-09-17T14:07:01.9521568Z Version: 20260828.587
2026-09-17T14:07:01.9522124Z Commit: abac92662cab4cc7352de4f9f9d2e2419aad9c29
2026-09-17T14:07:01.9522749Z Build Date: 2026-08-28T16:44:25Z
2026-09-17T14:07:01.9523296Z Worker ID: {9caaf61d-8cc7-4484-b492-7943f97b1155}
2026-09-17T14:07:01.9523870Z Azure Region: westus3
2026-09-17T14:07:01.9524585Z ##[endgroup]
2026-09-17T14:07:01.9525960Z ##[group]Operating System
2026-09-17T14:07:01.9526493Z Microsoft Windows Server 2025
2026-09-17T14:07:01.9527000Z 10.0.26100
2026-09-17T14:07:01.9527459Z Datacenter
2026-09-17T14:07:01.9527930Z ##[endgroup]
2026-09-17T14:07:01.9528388Z ##[group]Runner Image
2026-09-17T14:07:01.9528913Z Image: windows-2025-vs2026
2026-09-17T14:07:01.9529370Z Version: 20260907.229.1
2026-09-17T14:07:01.9530757Z Included Software: https://github.com/actions/runner-images/blob/win25-vs2026/20260907.229/images/windows/Windows2025-VS2026-Readme.md
2026-09-17T14:07:01.9532152Z Image Release: https://github.com/actions/runner-images/releases/tag/win25-vs2026%2F20260907.229
2026-09-17T14:07:01.9532960Z ##[endgroup]
2026-09-17T14:07:01.9533866Z ##[group]GITHUB_TOKEN Permissions
2026-09-17T14:07:01.9535526Z Contents: read
2026-09-17T14:07:01.9535986Z Metadata: read
2026-09-17T14:07:01.9536449Z ##[endgroup]
2026-09-17T14:07:01.9538259Z Secret source: Actions
2026-09-17T14:07:01.9539075Z Cache mode: write
2026-09-17T14:07:01.9539730Z Prepare workflow directory
2026-09-17T14:07:01.9978594Z Prepare all required actions
2026-09-17T14:07:02.0034063Z Getting action download info
2026-09-17T14:07:02.4571617Z Download action repository 'actions/checkout@08c6903cd8c0fde910a37f88322edcfb5dd907a8' (SHA:08c6903cd8c0fde910a37f88322edcfb5dd907a8)
2026-09-17T14:07:02.5587901Z Download action repository 'actions/setup-go@44694675825211faa026b3c33043df3e48a5fa00' (SHA:44694675825211faa026b3c33043df3e48a5fa00)
2026-09-17T14:07:03.4546888Z Complete job name: integration (windows-latest)
2026-09-17T14:07:04.0150426Z ##[group]Run actions/checkout@08c6903cd8c0fde910a37f88322edcfb5dd907a8
2026-09-17T14:07:04.0152349Z with:
2026-09-17T14:07:04.0153046Z   persist-credentials: false
2026-09-17T14:07:04.0153858Z   repository: youq616/Zevune
2026-09-17T14:07:04.0161013Z   token: ***
2026-09-17T14:07:04.0161682Z   ssh-strict: true
2026-09-17T14:07:04.0162360Z   ssh-user: git
2026-09-17T14:07:04.0163013Z   clean: true
2026-09-17T14:07:04.0163869Z   sparse-checkout-cone-mode: true
2026-09-17T14:07:04.0164695Z   fetch-depth: 1
2026-09-17T14:07:04.0165357Z   fetch-tags: false
2026-09-17T14:07:04.0166040Z   show-progress: true
2026-09-17T14:07:04.0166740Z   lfs: false
2026-09-17T14:07:04.0167387Z   submodules: false
2026-09-17T14:07:04.0168128Z   set-safe-directory: true
2026-09-17T14:07:04.0169141Z ##[endgroup]
2026-09-17T14:07:04.1592932Z Syncing repository: youq616/Zevune
2026-09-17T14:07:04.1595404Z ##[group]Getting Git version info
2026-09-17T14:07:04.1596504Z Working directory is 'D:\a\Zevune\Zevune'
2026-09-17T14:07:04.5193420Z [command]"C:\Program Files\Git\bin\git.exe" version
2026-09-17T14:07:05.2437753Z git version 2.55.0.windows.5
2026-09-17T14:07:05.2479331Z ##[endgroup]
2026-09-17T14:07:05.2496185Z Temporarily overriding HOME='D:\a\_temp\ee04b91d-6be2-427f-8914-07d3e73ef057' before making global git config changes
2026-09-17T14:07:05.2496929Z Adding repository directory to the temporary git global config as a safe directory
2026-09-17T14:07:05.2505639Z [command]"C:\Program Files\Git\bin\git.exe" config --global --add safe.directory D:\a\Zevune\Zevune
2026-09-17T14:07:05.3199167Z Deleting the contents of 'D:\a\Zevune\Zevune'
2026-09-17T14:07:05.3204319Z ##[group]Initializing the repository
2026-09-17T14:07:05.3212130Z [command]"C:\Program Files\Git\bin\git.exe" init D:\a\Zevune\Zevune
2026-09-17T14:07:05.7152579Z Initialized empty Git repository in D:/a/Zevune/Zevune/.git/
2026-09-17T14:07:05.7204808Z [command]"C:\Program Files\Git\bin\git.exe" remote add origin https://github.com/youq616/Zevune
2026-09-17T14:07:05.7778062Z ##[endgroup]
2026-09-17T14:07:05.7778607Z ##[group]Disabling automatic garbage collection
2026-09-17T14:07:05.7786589Z [command]"C:\Program Files\Git\bin\git.exe" config --local gc.auto 0
2026-09-17T14:07:05.8047339Z ##[endgroup]
2026-09-17T14:07:05.8047785Z ##[group]Setting up auth
2026-09-17T14:07:05.8058754Z [command]"C:\Program Files\Git\bin\git.exe" config --local --name-only --get-regexp core\.sshCommand
2026-09-17T14:07:05.8327982Z [command]"C:\Program Files\Git\bin\git.exe" submodule foreach --recursive "sh -c \"git config --local --name-only --get-regexp 'core\.sshCommand' && git config --local --unset-all 'core.sshCommand' || :\""
2026-09-17T14:07:08.2299800Z [command]"C:\Program Files\Git\bin\git.exe" config --local --name-only --get-regexp http\.https\:\/\/github\.com\/\.extraheader
2026-09-17T14:07:08.2589351Z [command]"C:\Program Files\Git\bin\git.exe" submodule foreach --recursive "sh -c \"git config --local --name-only --get-regexp 'http\.https\:\/\/github\.com\/\.extraheader' && git config --local --unset-all 'http.https://github.com/.extraheader' || :\""
2026-09-17T14:07:08.7491482Z [command]"C:\Program Files\Git\bin\git.exe" config --local http.https://github.com/.extraheader "AUTHORIZATION: basic ***"
2026-09-17T14:07:08.7779483Z ##[endgroup]
2026-09-17T14:07:08.7780511Z ##[group]Fetching the repository
2026-09-17T14:07:08.7790970Z [command]"C:\Program Files\Git\bin\git.exe" -c protocol.version=2 fetch --no-tags --prune --no-recurse-submodules --depth=1 origin +2d208360ab665fbe82b57d205cf07e789f06164b:refs/remotes/pull/15/merge
2026-09-17T14:07:11.4379259Z From https://github.com/youq616/Zevune
2026-09-17T14:07:11.4379867Z  * [new ref]         2d208360ab665fbe82b57d205cf07e789f06164b -> pull/15/merge
2026-09-17T14:07:11.4421755Z ##[endgroup]
2026-09-17T14:07:11.4422303Z ##[group]Determining the checkout info
2026-09-17T14:07:11.4425280Z ##[endgroup]
2026-09-17T14:07:11.4439259Z [command]"C:\Program Files\Git\bin\git.exe" sparse-checkout disable
2026-09-17T14:07:11.5281336Z [command]"C:\Program Files\Git\bin\git.exe" config --local --unset-all extensions.worktreeConfig
2026-09-17T14:07:11.5545327Z ##[group]Checking out the ref
2026-09-17T14:07:11.5554307Z [command]"C:\Program Files\Git\bin\git.exe" checkout --progress --force refs/remotes/pull/15/merge
2026-09-17T14:07:11.8081203Z Note: switching to 'refs/remotes/pull/15/merge'.
2026-09-17T14:07:11.8083350Z 
2026-09-17T14:07:11.8084009Z You are in 'detached HEAD' state. You can look around, make experimental
2026-09-17T14:07:11.8084894Z changes and commit them, and you can discard any commits you make in this
2026-09-17T14:07:11.8086756Z state without impacting any branches by switching back to a branch.
2026-09-17T14:07:11.8087212Z 
2026-09-17T14:07:11.8087726Z If you want to create a new branch to retain commits you create, you may
2026-09-17T14:07:11.8088460Z do so (now or later) by using -c with the switch command. Example:
2026-09-17T14:07:11.8088934Z 
2026-09-17T14:07:11.8089129Z   git switch -c <new-branch-name>
2026-09-17T14:07:11.8089400Z 
2026-09-17T14:07:11.8089531Z Or undo this operation with:
2026-09-17T14:07:11.8089802Z 
2026-09-17T14:07:11.8089946Z   git switch -
2026-09-17T14:07:11.8090141Z 
2026-09-17T14:07:11.8090453Z Turn off this advice by setting config variable advice.detachedHead to false
2026-09-17T14:07:11.8090858Z 
2026-09-17T14:07:11.8091367Z HEAD is now at 2d20836 Merge 2020c7314a996769b33706754405c0976ce7c50a into 0927af157a3cc35abde14b036bc50a99a793a32b
2026-09-17T14:07:11.8215303Z ##[endgroup]
2026-09-17T14:07:11.8559457Z [command]"C:\Program Files\Git\bin\git.exe" log -1 --format=%H
2026-09-17T14:07:11.8792593Z 2d208360ab665fbe82b57d205cf07e789f06164b
2026-09-17T14:07:11.8838358Z ##[group]Removing auth
2026-09-17T14:07:11.8846225Z [command]"C:\Program Files\Git\bin\git.exe" config --local --name-only --get-regexp core\.sshCommand
2026-09-17T14:07:11.9126396Z [command]"C:\Program Files\Git\bin\git.exe" submodule foreach --recursive "sh -c \"git config --local --name-only --get-regexp 'core\.sshCommand' && git config --local --unset-all 'core.sshCommand' || :\""
2026-09-17T14:07:12.4498463Z [command]"C:\Program Files\Git\bin\git.exe" config --local --name-only --get-regexp http\.https\:\/\/github\.com\/\.extraheader
2026-09-17T14:07:12.4726330Z http.https://github.com/.extraheader
2026-09-17T14:07:12.4767445Z [command]"C:\Program Files\Git\bin\git.exe" config --local --unset-all http.https://github.com/.extraheader
2026-09-17T14:07:12.5036914Z [command]"C:\Program Files\Git\bin\git.exe" submodule foreach --recursive "sh -c \"git config --local --name-only --get-regexp 'http\.https\:\/\/github\.com\/\.extraheader' && git config --local --unset-all 'http.https://github.com/.extraheader' || :\""
2026-09-17T14:07:12.9884037Z ##[endgroup]
2026-09-17T14:07:13.0334135Z Node 20 is being deprecated. This workflow is running with Node 24 by default. If you need to temporarily use Node 20, you can set the ACTIONS_ALLOW_USE_UNSECURE_NODE_VERSION=true environment variable. For more information see: https://github.blog/changelog/2025-09-19-deprecation-of-node-20-on-github-actions-runners/
2026-09-17T14:07:13.0335955Z ##[group]Run actions/setup-go@44694675825211faa026b3c33043df3e48a5fa00
2026-09-17T14:07:13.0336225Z with:
2026-09-17T14:07:13.0336371Z   go-version: 1.27.1
2026-09-17T14:07:13.0336526Z   cache: true
2026-09-17T14:07:13.0336717Z   cache-dependency-path: integration/cometbft/go.sum
2026-09-17T14:07:13.0336949Z   check-latest: false
2026-09-17T14:07:13.0338981Z   token: ***
2026-09-17T14:07:13.0339137Z ##[endgroup]
2026-09-17T14:07:13.1701686Z Setup go version spec 1.27.1
2026-09-17T14:07:13.1711955Z Attempting to download 1.27.1...
2026-09-17T14:07:13.1866161Z (node:2392) [DEP0040] DeprecationWarning: The `punycode` module is deprecated. Please use a userland alternative instead.
2026-09-17T14:07:13.1866883Z (Use `node --trace-deprecation ...` to show where the warning was created)
2026-09-17T14:07:14.1315147Z matching 1.27.1...
2026-09-17T14:07:14.1334827Z Acquiring 1.27.1 from https://github.com/actions/go-versions/releases/download/1.27.1-33583469715/go-1.27.1-win32-x64.zip
2026-09-17T14:07:14.8618441Z Extracting Go...
2026-09-17T14:07:14.9381382Z [command]"C:\Program Files\PowerShell\7\pwsh.exe" -NoLogo -NoProfile -NonInteractive -ExecutionPolicy Unrestricted -Command "$ErrorActionPreference = 'Stop' ; try { Add-Type -AssemblyName System.IO.Compression.ZipFile } catch { } ; try { [System.IO.Compression.ZipFile]::ExtractToDirectory('D:\a\_temp\go-1.27.1-win32-x64.zip', 'D:\a\_temp\8151b5e2-4396-45eb-ab13-72f24e36e48e', $true) } catch { if (($_.Exception.GetType().FullName -eq 'System.Management.Automation.MethodException') -or ($_.Exception.GetType().FullName -eq 'System.Management.Automation.RuntimeException') ){ Expand-Archive -LiteralPath 'D:\a\_temp\go-1.27.1-win32-x64.zip' -DestinationPath 'D:\a\_temp\8151b5e2-4396-45eb-ab13-72f24e36e48e' -Force } else { throw $_ } } ;"
2026-09-17T14:07:19.8627567Z Successfully extracted go to D:\a\_temp\8151b5e2-4396-45eb-ab13-72f24e36e48e
2026-09-17T14:07:19.8627935Z Adding to the cache ...
2026-09-17T14:07:29.0697066Z Created link C:\hostedtoolcache\windows\go\1.27.1\x64 => D:\hostedtoolcache\windows\go\1.27.1\x64
2026-09-17T14:07:29.0700774Z Created link C:\hostedtoolcache\windows\go\1.27.1\x64.complete => D:\hostedtoolcache\windows\go\1.27.1\x64.complete
2026-09-17T14:07:29.0701543Z Successfully cached go to C:\hostedtoolcache\windows\go\1.27.1\x64
2026-09-17T14:07:29.0707730Z Added go to the path
2026-09-17T14:07:29.0710874Z Successfully set up Go version 1.27.1
2026-09-17T14:07:29.3046242Z [command]C:\hostedtoolcache\windows\go\1.27.1\x64\bin\go.exe env GOCACHE
2026-09-17T14:07:29.3089874Z [command]C:\hostedtoolcache\windows\go\1.27.1\x64\bin\go.exe env GOMODCACHE
2026-09-17T14:07:29.3292219Z C:\Users\runneradmin\AppData\Local\go-build
2026-09-17T14:07:29.3311893Z C:\Users\runneradmin\go\pkg\mod
2026-09-17T14:07:29.6277580Z Cache hit for: setup-go-Windows-x64-go-1.27.1-ef6b0fbca0a8d0b6206b16c85f11c4a6c772908ae2660ca86a6b7ee95979c938
2026-09-17T14:07:29.6367104Z (node:2392) [DEP0169] DeprecationWarning: `url.parse()` behavior is not standardized and prone to errors that have security implications. Use the WHATWG URL API instead. CVEs are not issued for `url.parse()` vulnerabilities.
2026-09-17T14:07:30.8532295Z Received 67108864 of 429434914 (15.6%), 63.9 MBs/sec
2026-09-17T14:07:31.8576058Z Received 146800640 of 429434914 (34.2%), 69.8 MBs/sec
2026-09-17T14:07:33.1120051Z Received 268435456 of 429434914 (62.5%), 78.6 MBs/sec
2026-09-17T14:07:34.1170586Z Received 398458880 of 429434914 (92.8%), 89.1 MBs/sec
2026-09-17T14:07:35.1281231Z Received 425240610 of 429434914 (99.0%), 76.9 MBs/sec
2026-09-17T14:07:35.5256373Z Received 429434914 of 429434914 (100.0%), 72.2 MBs/sec
2026-09-17T14:07:35.5257095Z Cache Size: ~410 MB (429434914 B)
2026-09-17T14:07:35.5736718Z [command]"C:\Program Files\Git\usr\bin\tar.exe" -xf D:/a/_temp/61bc4bfa-0496-4edc-aa58-60543950a367/cache.tzst -P -C D:/a/Zevune/Zevune --force-local --use-compress-program "zstd -d"
2026-09-17T14:08:59.0261877Z Cache restored successfully
2026-09-17T14:08:59.0489781Z Cache restored from key: setup-go-Windows-x64-go-1.27.1-ef6b0fbca0a8d0b6206b16c85f11c4a6c772908ae2660ca86a6b7ee95979c938
2026-09-17T14:08:59.0509237Z go version go1.27.1 windows/amd64
2026-09-17T14:08:59.0509432Z 
2026-09-17T14:08:59.0509715Z ##[group]go env
2026-09-17T14:08:59.3393259Z set AR=ar
2026-09-17T14:08:59.3393752Z set CC=gcc
2026-09-17T14:08:59.3394167Z set CGO_CFLAGS=-O2 -g
2026-09-17T14:08:59.3394730Z set CGO_CPPFLAGS=
2026-09-17T14:08:59.3395082Z set CGO_CXXFLAGS=-O2 -g
2026-09-17T14:08:59.3395344Z set CGO_ENABLED=1
2026-09-17T14:08:59.3395573Z set CGO_FFLAGS=-O2 -g
2026-09-17T14:08:59.3395802Z set CGO_LDFLAGS=-O2 -g
2026-09-17T14:08:59.3396073Z set CXX=g++
2026-09-17T14:08:59.3396462Z set GCCGO=gccgo
2026-09-17T14:08:59.3396702Z set GO111MODULE=
2026-09-17T14:08:59.3396930Z set GOAMD64=v1
2026-09-17T14:08:59.3397153Z set GOARCH=amd64
2026-09-17T14:08:59.3397372Z set GOAUTH=netrc
2026-09-17T14:08:59.3397613Z set GOBIN=C:\Users\runneradmin\go\bin
2026-09-17T14:08:59.3398003Z set GOCACHE=C:\Users\runneradmin\AppData\Local\go-build
2026-09-17T14:08:59.3398385Z set GOCACHEPROG=
2026-09-17T14:08:59.3398671Z set GODEBUG=
2026-09-17T14:08:59.3399079Z set GOENV=C:\Users\runneradmin\AppData\Roaming\go\env
2026-09-17T14:08:59.3399463Z set GOEXE=.exe
2026-09-17T14:08:59.3399695Z set GOEXPERIMENT=
2026-09-17T14:08:59.3399940Z set GOFIPS140=off
2026-09-17T14:08:59.3400164Z set GOFLAGS=
2026-09-17T14:08:59.3401115Z set GOGCCFLAGS=-m64 -pthread -Wl,--no-gc-sections -fmessage-length=0 -ffile-prefix-map=C:\Users\RUNNER~1\AppData\Local\Temp\go-build974656525=/tmp/go-build -gno-record-gcc-switches
2026-09-17T14:08:59.3402029Z set GOHOSTARCH=amd64
2026-09-17T14:08:59.3402278Z set GOHOSTOS=windows
2026-09-17T14:08:59.3402507Z set GOINSECURE=
2026-09-17T14:08:59.3402766Z set GOMOD=D:\a\Zevune\Zevune\go.mod
2026-09-17T14:08:59.3403116Z set GOMODCACHE=C:\Users\runneradmin\go\pkg\mod
2026-09-17T14:08:59.3403462Z set GONOPROXY=
2026-09-17T14:08:59.3403677Z set GONOSUMDB=
2026-09-17T14:08:59.3403897Z set GOOS=windows
2026-09-17T14:08:59.3404153Z set GOPACKAGESDRIVER=
2026-09-17T14:08:59.3404537Z set GOPATH=C:\Users\runneradmin\go
2026-09-17T14:08:59.3404862Z set GOPRIVATE=
2026-09-17T14:08:59.3405156Z set GOPROXY=https://proxy.golang.org,direct
2026-09-17T14:08:59.3405550Z set GOROOT=C:\hostedtoolcache\windows\go\1.27.1\x64
2026-09-17T14:08:59.3405930Z set GOSUMDB=sum.golang.org
2026-09-17T14:08:59.3406205Z set GOTELEMETRY=local
2026-09-17T14:08:59.3406587Z set GOTELEMETRYDIR=C:\Users\runneradmin\AppData\Roaming\go\telemetry
2026-09-17T14:08:59.3407018Z set GOTMPDIR=
2026-09-17T14:08:59.3407244Z set GOTOOLCHAIN=local
2026-09-17T14:08:59.3407647Z set GOTOOLDIR=C:\hostedtoolcache\windows\go\1.27.1\x64\pkg\tool\windows_amd64
2026-09-17T14:08:59.3408388Z set GOVCS=
2026-09-17T14:08:59.3408611Z set GOVERSION=go1.27.1
2026-09-17T14:08:59.3408865Z set GOWORK=
2026-09-17T14:08:59.3409092Z set PKG_CONFIG=pkg-config
2026-09-17T14:08:59.3409248Z 
2026-09-17T14:08:59.3409636Z ##[endgroup]
2026-09-17T14:08:59.3677889Z ##[group]Run go version
2026-09-17T14:08:59.3678215Z [36;1mgo version[0m
2026-09-17T14:08:59.3678397Z [36;1mgo mod download[0m
2026-09-17T14:08:59.3678575Z [36;1mgo mod verify[0m
2026-09-17T14:08:59.3678766Z [36;1mgo mod tidy -diff[0m
2026-09-17T14:08:59.3678968Z [36;1mtest -z "$(gofmt -l .)"[0m
2026-09-17T14:08:59.3696695Z shell: C:\Program Files\Git\bin\bash.EXE --noprofile --norc -e -o pipefail {0}
2026-09-17T14:08:59.3697030Z env:
2026-09-17T14:08:59.3697193Z   GOTOOLCHAIN: local
2026-09-17T14:08:59.3697379Z ##[endgroup]
2026-09-17T14:08:59.5655222Z go version go1.27.1 windows/amd64
2026-09-17T14:09:01.2585634Z all modules verified
2026-09-17T14:09:01.6635520Z ##[group]Run go test -mod=readonly ./... -count=1 -timeout=8m -v
2026-09-17T14:09:01.6636226Z [36;1mgo test -mod=readonly ./... -count=1 -timeout=8m -v[0m
2026-09-17T14:09:01.6651601Z shell: C:\Program Files\Git\bin\bash.EXE --noprofile --norc -e -o pipefail {0}
2026-09-17T14:09:01.6652104Z env:
2026-09-17T14:09:01.6652338Z   GOTOOLCHAIN: local
2026-09-17T14:09:01.6652597Z ##[endgroup]
2026-09-17T14:09:05.2355820Z === RUN   TestGenesisValidation
2026-09-17T14:09:05.2356292Z --- PASS: TestGenesisValidation (0.01s)
2026-09-17T14:09:05.2356703Z === RUN   TestFinalizeIsNotDurableAndCommitIs
2026-09-17T14:09:05.2357104Z --- PASS: TestFinalizeIsNotDurableAndCommitIs (0.02s)
2026-09-17T14:09:05.2357495Z === RUN   TestProposalChecksNeverWrite
2026-09-17T14:09:05.2357857Z --- PASS: TestProposalChecksNeverWrite (0.01s)
2026-09-17T14:09:05.2358262Z === RUN   TestEveryTransactionEntryRemainsClosed
2026-09-17T14:09:05.2358938Z --- PASS: TestEveryTransactionEntryRemainsClosed (0.01s)
2026-09-17T14:09:05.2360013Z === RUN   TestRepeatedFinalizeCopiesAndBindsHash
2026-09-17T14:09:05.2360815Z --- PASS: TestRepeatedFinalizeCopiesAndBindsHash (0.02s)
2026-09-17T14:09:05.2361722Z === RUN   TestQueryOnlyCommittedStateAndNoProofClaims
2026-09-17T14:09:05.2362201Z --- PASS: TestQueryOnlyCommittedStateAndNoProofClaims (0.02s)
2026-09-17T14:09:05.2362855Z === RUN   TestSnapshotsAndExtensionsFailClosed
2026-09-17T14:09:05.2363327Z --- PASS: TestSnapshotsAndExtensionsFailClosed (0.01s)
2026-09-17T14:09:05.2363727Z === RUN   TestConcurrentInfoAndFinalize
2026-09-17T14:09:05.2364081Z --- PASS: TestConcurrentInfoAndFinalize (0.15s)
2026-09-17T14:09:05.2364443Z === RUN   TestClosedApplicationFails
2026-09-17T14:09:05.2364795Z --- PASS: TestClosedApplicationFails (0.11s)
2026-09-17T14:09:05.2365104Z PASS
2026-09-17T14:09:05.2365819Z ok  	github.com/youq616/Zevune/integration/cometbft/app	0.410s
2026-09-17T14:09:05.2366388Z ?   	github.com/youq616/Zevune/integration/cometbft/cmd/zevune-devnet	[no test files]
2026-09-17T14:09:06.5373456Z === RUN   TestMalformedCommandsNeverCreateOrOverwrite
2026-09-17T14:09:06.5373957Z --- PASS: TestMalformedCommandsNeverCreateOrOverwrite (0.00s)
2026-09-17T14:09:06.5374295Z === RUN   TestBoundedPublicTransactionFiles
2026-09-17T14:09:06.5374568Z --- PASS: TestBoundedPublicTransactionFiles (0.00s)
2026-09-17T14:09:06.5374979Z === RUN   TestStorageCommandRejectsNetworkAndMutationFlags
2026-09-17T14:09:06.5375545Z --- PASS: TestStorageCommandRejectsNetworkAndMutationFlags (0.00s)
2026-09-17T14:09:06.5375923Z === RUN   TestSyncSubmitRejectInvalidCheckpointBeforeOtherInput
2026-09-17T14:09:06.5376308Z --- PASS: TestSyncSubmitRejectInvalidCheckpointBeforeOtherInput (0.01s)
2026-09-17T14:09:06.5376639Z === RUN   TestStorageCheckpointFlagPair
2026-09-17T14:09:06.5377032Z --- PASS: TestStorageCheckpointFlagPair (0.00s)
2026-09-17T14:09:06.5377324Z === RUN   TestCheckpointSyntaxDoesNotSelectAStorageProfile
2026-09-17T14:09:06.5377682Z --- PASS: TestCheckpointSyntaxDoesNotSelectAStorageProfile (0.00s)
2026-09-17T14:09:06.5379088Z === RUN   TestStorageCheckpointCLIRejectsPartialDuplicateAndWrongCommands
2026-09-17T14:09:06.5379555Z --- PASS: TestStorageCheckpointCLIRejectsPartialDuplicateAndWrongCommands (0.00s)
2026-09-17T14:09:06.5379977Z === RUN   TestExplicitEmptyStorageCheckpointDoesNotDisableCheck
2026-09-17T14:09:06.5380462Z --- PASS: TestExplicitEmptyStorageCheckpointDoesNotDisableCheck (0.00s)
2026-09-17T14:09:06.5381089Z === RUN   TestStorageCopyRequiresExplicitCheckpointAndOfflinePaths
2026-09-17T14:09:06.5381483Z --- PASS: TestStorageCopyRequiresExplicitCheckpointAndOfflinePaths (0.00s)
2026-09-17T14:09:06.5381788Z PASS
2026-09-17T14:09:06.5382058Z ok  	github.com/youq616/Zevune/integration/cometbft/cmd/zevune-network	0.057s
2026-09-17T14:09:59.5515025Z === RUN   TestNodeProcessHelper
2026-09-17T14:09:59.5515699Z --- PASS: TestNodeProcessHelper (0.00s)
2026-09-17T14:09:59.5516118Z === RUN   TestFourProcessConsensusAndRecovery
2026-09-17T14:09:59.5519839Z     devnet_test.go:214: four processes verified common height=4; equal block/app hashes; >2/3 signatures verified
2026-09-17T14:09:59.5520977Z     devnet_test.go:221: payment admission rejected by real CometBFT RPC/mempool path
2026-09-17T14:09:59.5521763Z     devnet_test.go:225: one validator offline: remaining 3/4 continued committing
2026-09-17T14:09:59.5522564Z     devnet_test.go:233: two validators offline: height remained 7 over observation window
2026-09-17T14:09:59.5523366Z     devnet_test.go:239: restored quorum and lagging validator catch-up succeeded
2026-09-17T14:09:59.5524228Z     devnet_test.go:245: abrupt process termination recovered without resetting validator state
2026-09-17T14:09:59.5525146Z     devnet_test.go:256: full four-process restart resumed from durable application/consensus state
2026-09-17T14:09:59.5525881Z --- PASS: TestFourProcessConsensusAndRecovery (40.36s)
2026-09-17T14:09:59.5526345Z === RUN   TestInitAndManifestFailClosed
2026-09-17T14:09:59.5526755Z --- PASS: TestInitAndManifestFailClosed (0.59s)
2026-09-17T14:09:59.5527229Z === RUN   TestFullRestartAdvancesBeyondDurableHeight
2026-09-17T14:09:59.5527979Z     restart_test.go:53: restart advanced every node beyond highest recovered height 3 to at least 6
2026-09-17T14:09:59.5528680Z --- PASS: TestFullRestartAdvancesBeyondDurableHeight (11.84s)
2026-09-17T14:09:59.5529168Z === RUN   TestMissingSigningStateIsNotRecreated
2026-09-17T14:09:59.5529628Z --- PASS: TestMissingSigningStateIsNotRecreated (0.25s)
2026-09-17T14:09:59.5530015Z PASS
2026-09-17T14:09:59.5530377Z ok  	github.com/youq616/Zevune/integration/cometbft/devnet	53.076s
2026-09-17T14:09:59.5530898Z === RUN   TestQuorumAndAllHeaderBindings
2026-09-17T14:09:59.5531300Z === RUN   TestQuorumAndAllHeaderBindings/chain
2026-09-17T14:09:59.5531724Z === RUN   TestQuorumAndAllHeaderBindings/validators
2026-09-17T14:09:59.5532182Z === RUN   TestQuorumAndAllHeaderBindings/next-validators
2026-09-17T14:09:59.5532642Z === RUN   TestQuorumAndAllHeaderBindings/parameters
2026-09-17T14:09:59.5533081Z === RUN   TestQuorumAndAllHeaderBindings/future
2026-09-17T14:09:59.5533501Z === RUN   TestQuorumAndAllHeaderBindings/height
2026-09-17T14:09:59.5533908Z === RUN   TestQuorumAndAllHeaderBindings/version
2026-09-17T14:09:59.5534346Z === RUN   TestQuorumAndAllHeaderBindings/state-length
2026-09-17T14:09:59.5534806Z === RUN   TestQuorumAndAllHeaderBindings/pre-genesis
2026-09-17T14:09:59.5535236Z --- PASS: TestQuorumAndAllHeaderBindings (0.00s)
2026-09-17T14:09:59.5535752Z     --- PASS: TestQuorumAndAllHeaderBindings/chain (0.00s)
2026-09-17T14:09:59.5536330Z     --- PASS: TestQuorumAndAllHeaderBindings/validators (0.00s)
2026-09-17T14:09:59.5537176Z     --- PASS: TestQuorumAndAllHeaderBindings/next-validators (0.00s)
2026-09-17T14:09:59.5537789Z     --- PASS: TestQuorumAndAllHeaderBindings/parameters (0.00s)
2026-09-17T14:09:59.5538349Z     --- PASS: TestQuorumAndAllHeaderBindings/future (0.00s)
2026-09-17T14:09:59.5538898Z     --- PASS: TestQuorumAndAllHeaderBindings/height (0.00s)
2026-09-17T14:09:59.5539696Z     --- PASS: TestQuorumAndAllHeaderBindings/version (0.00s)
2026-09-17T14:09:59.5540277Z     --- PASS: TestQuorumAndAllHeaderBindings/state-length (0.00s)
2026-09-17T14:09:59.5540876Z     --- PASS: TestQuorumAndAllHeaderBindings/pre-genesis (0.00s)
2026-09-17T14:09:59.5541404Z === RUN   TestPinnedPublicConfigurationAndCompanionFiles
2026-09-17T14:09:59.5541987Z --- PASS: TestPinnedPublicConfigurationAndCompanionFiles (0.32s)
2026-09-17T14:09:59.5542507Z === RUN   TestCanonicalDecodingAndFileBounds
2026-09-17T14:09:59.5542939Z --- PASS: TestCanonicalDecodingAndFileBounds (0.04s)
2026-09-17T14:09:59.5543397Z === RUN   TestLoopbackEndpointAndStreamingLimits
2026-09-17T14:09:59.5543886Z --- PASS: TestLoopbackEndpointAndStreamingLimits (0.00s)
2026-09-17T14:09:59.5544403Z === RUN   TestRPCRejectsRedirectCompressionAndOversize
2026-09-17T14:09:59.5544935Z === RUN   TestRPCRejectsRedirectCompressionAndOversize/redirect
2026-09-17T14:09:59.5546130Z === RUN   TestRPCRejectsRedirectCompressionAndOversize/encoding
2026-09-17T14:09:59.5546775Z === RUN   TestRPCRejectsRedirectCompressionAndOversize/length
2026-09-17T14:09:59.5547339Z === RUN   TestRPCRejectsRedirectCompressionAndOversize/stream
2026-09-17T14:09:59.5547922Z --- PASS: TestRPCRejectsRedirectCompressionAndOversize (0.01s)
2026-09-17T14:09:59.5548644Z     --- PASS: TestRPCRejectsRedirectCompressionAndOversize/redirect (0.00s)
2026-09-17T14:09:59.5549401Z     --- PASS: TestRPCRejectsRedirectCompressionAndOversize/encoding (0.00s)
2026-09-17T14:09:59.5550151Z     --- PASS: TestRPCRejectsRedirectCompressionAndOversize/length (0.00s)
2026-09-17T14:09:59.5550879Z     --- PASS: TestRPCRejectsRedirectCompressionAndOversize/stream (0.01s)
2026-09-17T14:09:59.5551521Z === RUN   TestMalformedGenesisInitDoesNotCreatePrivateDirectory
2026-09-17T14:09:59.5552164Z --- PASS: TestMalformedGenesisInitDoesNotCreatePrivateDirectory (0.01s)
2026-09-17T14:09:59.5552785Z === RUN   TestUnexpectedEngineExitIsNotSuccessfulShutdown
2026-09-17T14:09:59.5553347Z --- PASS: TestUnexpectedEngineExitIsNotSuccessfulShutdown (0.00s)
2026-09-17T14:09:59.5553900Z === RUN   TestRequestedShutdownDoesNotNeedEngineExit
2026-09-17T14:09:59.5554411Z --- PASS: TestRequestedShutdownDoesNotNeedEngineExit (0.00s)
2026-09-17T14:09:59.5554984Z === RUN   TestConcurrentCancellationAndEngineExitRemainRequested
2026-09-17T14:09:59.5555627Z --- PASS: TestConcurrentCancellationAndEngineExitRemainRequested (0.00s)
2026-09-17T14:09:59.5556210Z === RUN   TestEngineExitReleasesWaitingSupervisor
2026-09-17T14:09:59.5556778Z --- PASS: TestEngineExitReleasesWaitingSupervisor (0.00s)
2026-09-17T14:09:59.5557496Z === RUN   TestLifecycleRejectsMissingContext
2026-09-17T14:09:59.5557948Z --- PASS: TestLifecycleRejectsMissingContext (0.00s)
2026-09-17T14:09:59.5558537Z === RUN   TestPinnedNetworkProfileCannotChangeConfigurationOrAppVersion
2026-09-17T14:09:59.5559312Z === RUN   TestPinnedNetworkProfileCannotChangeConfigurationOrAppVersion/ZVTGEN01/1/2
2026-09-17T14:09:59.5560159Z === RUN   TestPinnedNetworkProfileCannotChangeConfigurationOrAppVersion/ZVTGEN01/1/3
2026-09-17T14:09:59.5561002Z === RUN   TestPinnedNetworkProfileCannotChangeConfigurationOrAppVersion/ZVTGEN01/2/2
2026-09-17T14:09:59.5561848Z === RUN   TestPinnedNetworkProfileCannotChangeConfigurationOrAppVersion/ZVTGEN01/2/3
2026-09-17T14:09:59.5562683Z === RUN   TestPinnedNetworkProfileCannotChangeConfigurationOrAppVersion/ZVTGEN02/1/2
2026-09-17T14:09:59.5563531Z === RUN   TestPinnedNetworkProfileCannotChangeConfigurationOrAppVersion/ZVTGEN02/1/3
2026-09-17T14:09:59.5564353Z === RUN   TestPinnedNetworkProfileCannotChangeConfigurationOrAppVersion/ZVTGEN02/2/2
2026-09-17T14:09:59.5565197Z === RUN   TestPinnedNetworkProfileCannotChangeConfigurationOrAppVersion/ZVTGEN02/2/3
2026-09-17T14:09:59.5566040Z === RUN   TestPinnedNetworkProfileCannotChangeConfigurationOrAppVersion/ZVTGEN03/1/2
2026-09-17T14:09:59.5566886Z === RUN   TestPinnedNetworkProfileCannotChangeConfigurationOrAppVersion/ZVTGEN03/1/3
2026-09-17T14:09:59.5598001Z === RUN   TestPinnedNetworkProfileCannotChangeConfigurationOrAppVersion/ZVTGEN03/2/2
2026-09-17T14:09:59.5599218Z === RUN   TestPinnedNetworkProfileCannotChangeConfigurationOrAppVersion/ZVTGEN03/2/3
2026-09-17T14:09:59.5600079Z --- PASS: TestPinnedNetworkProfileCannotChangeConfigurationOrAppVersion (0.66s)
2026-09-17T14:09:59.5601095Z     --- PASS: TestPinnedNetworkProfileCannotChangeConfigurationOrAppVersion/ZVTGEN01/1/2 (0.16s)
2026-09-17T14:09:59.5602134Z     --- PASS: TestPinnedNetworkProfileCannotChangeConfigurationOrAppVersion/ZVTGEN01/1/3 (0.06s)
2026-09-17T14:09:59.5603188Z     --- PASS: TestPinnedNetworkProfileCannotChangeConfigurationOrAppVersion/ZVTGEN01/2/2 (0.05s)
2026-09-17T14:09:59.5604222Z     --- PASS: TestPinnedNetworkProfileCannotChangeConfigurationOrAppVersion/ZVTGEN01/2/3 (0.06s)
2026-09-17T14:09:59.5605257Z     --- PASS: TestPinnedNetworkProfileCannotChangeConfigurationOrAppVersion/ZVTGEN02/1/2 (0.03s)
2026-09-17T14:09:59.5606789Z     --- PASS: TestPinnedNetworkProfileCannotChangeConfigurationOrAppVersion/ZVTGEN02/1/3 (0.03s)
2026-09-17T14:09:59.5607902Z     --- PASS: TestPinnedNetworkProfileCannotChangeConfigurationOrAppVersion/ZVTGEN02/2/2 (0.09s)
2026-09-17T14:09:59.5608946Z     --- PASS: TestPinnedNetworkProfileCannotChangeConfigurationOrAppVersion/ZVTGEN02/2/3 (0.08s)
2026-09-17T14:09:59.5609989Z     --- PASS: TestPinnedNetworkProfileCannotChangeConfigurationOrAppVersion/ZVTGEN03/1/2 (0.03s)
2026-09-17T14:09:59.5611006Z     --- PASS: TestPinnedNetworkProfileCannotChangeConfigurationOrAppVersion/ZVTGEN03/1/3 (0.03s)
2026-09-17T14:09:59.5612026Z     --- PASS: TestPinnedNetworkProfileCannotChangeConfigurationOrAppVersion/ZVTGEN03/2/2 (0.02s)
2026-09-17T14:09:59.5613339Z     --- PASS: TestPinnedNetworkProfileCannotChangeConfigurationOrAppVersion/ZVTGEN03/2/3 (0.03s)
2026-09-17T14:09:59.5614157Z === RUN   TestSignedHeadersUseAuthenticatedProfileHeightAndVersion
2026-09-17T14:09:59.5614865Z --- PASS: TestSignedHeadersUseAuthenticatedProfileHeightAndVersion (0.00s)
2026-09-17T14:09:59.5615610Z === RUN   TestActiveCheckpointUsesPinnedNetworkAndRetainsLegacyBounds
2026-09-17T14:09:59.5616350Z --- PASS: TestActiveCheckpointUsesPinnedNetworkAndRetainsLegacyBounds (0.03s)
2026-09-17T14:09:59.5617105Z === RUN   TestActiveCapacityReportsLogicalBytesAndExactCheckpoint
2026-09-17T14:09:59.5617829Z --- PASS: TestActiveCapacityReportsLogicalBytesAndExactCheckpoint (0.00s)
2026-09-17T14:09:59.5618524Z === RUN   TestActiveStorageCopyRefusesBeforeReadingOrCreatingAnyPath
2026-09-17T14:09:59.5619232Z --- PASS: TestActiveStorageCopyRefusesBeforeReadingOrCreatingAnyPath (0.00s)
2026-09-17T14:09:59.5619892Z === RUN   TestReferenceCheckpointRequestBoundsBeforeAccess
2026-09-17T14:09:59.5620475Z --- PASS: TestReferenceCheckpointRequestBoundsBeforeAccess (0.00s)
2026-09-17T14:09:59.5621028Z === RUN   TestReferenceCheckpointMissingContextAndNetwork
2026-09-17T14:09:59.5621603Z --- PASS: TestReferenceCheckpointMissingContextAndNetwork (0.00s)
2026-09-17T14:09:59.5622163Z === RUN   TestUnpinnedResultsNeverClaimRetainedCheckpoint
2026-09-17T14:09:59.5622734Z --- PASS: TestUnpinnedResultsNeverClaimRetainedCheckpoint (0.00s)
2026-09-17T14:09:59.5623249Z === RUN   TestStorageCheckpointCanonicalInputs
2026-09-17T14:09:59.5623707Z --- PASS: TestStorageCheckpointCanonicalInputs (0.00s)
2026-09-17T14:09:59.5624254Z === RUN   TestStorageCheckpointExactTipNotMinimumHeightOrFinality
2026-09-17T14:09:59.5624928Z --- PASS: TestStorageCheckpointExactTipNotMinimumHeightOrFinality (0.00s)
2026-09-17T14:09:59.5625634Z === RUN   TestInvalidStorageCheckpointFailsBeforeFileAccess
2026-09-17T14:09:59.5626237Z --- PASS: TestInvalidStorageCheckpointFailsBeforeFileAccess (0.00s)
2026-09-17T14:09:59.5626806Z === RUN   TestBoundedCopyRejectsShortLongAndCancelledInput
2026-09-17T14:09:59.5627407Z --- PASS: TestBoundedCopyRejectsShortLongAndCancelledInput (0.00s)
2026-09-17T14:09:59.5628011Z === RUN   TestCopyIOFailureAndMidstreamCancelNeverYieldDigest
2026-09-17T14:09:59.5628649Z --- PASS: TestCopyIOFailureAndMidstreamCancelNeverYieldDigest (0.00s)
2026-09-17T14:09:59.5629520Z === RUN   TestCopyPathsAndPublicEntryRejectBeforeWorker
2026-09-17T14:09:59.5630067Z --- PASS: TestCopyPathsAndPublicEntryRejectBeforeWorker (0.00s)
2026-09-17T14:09:59.5630631Z === RUN   TestPublishCopyIsCreateOnlyAndDoesNotLinkSource
2026-09-17T14:09:59.5631190Z --- PASS: TestPublishCopyIsCreateOnlyAndDoesNotLinkSource (0.01s)
2026-09-17T14:09:59.5631794Z === RUN   TestPublicationFailureAfterLinkIsExplicitlyUncertain
2026-09-17T14:09:59.5632420Z --- PASS: TestPublicationFailureAfterLinkIsExplicitlyUncertain (0.00s)
2026-09-17T14:09:59.5633362Z === RUN   TestPublicationCancellationAndExistingSymlinkDoNotOverwrite
2026-09-17T14:09:59.5634103Z --- PASS: TestPublicationCancellationAndExistingSymlinkDoNotOverwrite (0.00s)
2026-09-17T14:09:59.5634759Z === RUN   TestCopyReportDoesNotClaimConsensusOrFunds
2026-09-17T14:09:59.5635450Z --- PASS: TestCopyReportDoesNotClaimConsensusOrFunds (0.00s)
2026-09-17T14:09:59.5635973Z === RUN   TestJournalDigestDetectsChangedAndReplacedFile
2026-09-17T14:09:59.5636452Z --- PASS: TestJournalDigestDetectsChangedAndReplacedFile (0.00s)
2026-09-17T14:09:59.5636987Z === RUN   TestCancelAfterPublishRetainsCompleteCopyWithUncertainResult
2026-09-17T14:09:59.5637413Z --- PASS: TestCancelAfterPublishRetainsCompleteCopyWithUncertainResult (0.00s)
2026-09-17T14:09:59.5637787Z === RUN   TestStorageReportBoundariesAndNoFinalityClaims
2026-09-17T14:09:59.5638106Z === RUN   TestStorageReportBoundariesAndNoFinalityClaims/normal
2026-09-17T14:09:59.5638459Z === RUN   TestStorageReportBoundariesAndNoFinalityClaims/exact-empty
2026-09-17T14:09:59.5638817Z === RUN   TestStorageReportBoundariesAndNoFinalityClaims/one-short
2026-09-17T14:09:59.5639168Z === RUN   TestStorageReportBoundariesAndNoFinalityClaims/byte-limit
2026-09-17T14:09:59.5639523Z === RUN   TestStorageReportBoundariesAndNoFinalityClaims/record-limit
2026-09-17T14:09:59.5639906Z === RUN   TestStorageReportBoundariesAndNoFinalityClaims/record-warning
2026-09-17T14:09:59.5640307Z === RUN   TestStorageReportBoundariesAndNoFinalityClaims/record-before-warning
2026-09-17T14:09:59.5640709Z === RUN   TestStorageReportBoundariesAndNoFinalityClaims/one-output-slot
2026-09-17T14:09:59.5641098Z === RUN   TestStorageReportBoundariesAndNoFinalityClaims/two-output-slots
2026-09-17T14:09:59.5641465Z --- PASS: TestStorageReportBoundariesAndNoFinalityClaims (0.00s)
2026-09-17T14:09:59.5642029Z     --- PASS: TestStorageReportBoundariesAndNoFinalityClaims/normal (0.00s)
2026-09-17T14:09:59.5642498Z     --- PASS: TestStorageReportBoundariesAndNoFinalityClaims/exact-empty (0.00s)
2026-09-17T14:09:59.5642959Z     --- PASS: TestStorageReportBoundariesAndNoFinalityClaims/one-short (0.00s)
2026-09-17T14:09:59.5643407Z     --- PASS: TestStorageReportBoundariesAndNoFinalityClaims/byte-limit (0.00s)
2026-09-17T14:09:59.5643867Z     --- PASS: TestStorageReportBoundariesAndNoFinalityClaims/record-limit (0.00s)
2026-09-17T14:09:59.5644346Z     --- PASS: TestStorageReportBoundariesAndNoFinalityClaims/record-warning (0.00s)
2026-09-17T14:09:59.5644867Z     --- PASS: TestStorageReportBoundariesAndNoFinalityClaims/record-before-warning (0.00s)
2026-09-17T14:09:59.5645374Z     --- PASS: TestStorageReportBoundariesAndNoFinalityClaims/one-output-slot (0.00s)
2026-09-17T14:09:59.5645865Z     --- PASS: TestStorageReportBoundariesAndNoFinalityClaims/two-output-slots (0.00s)
2026-09-17T14:09:59.5646242Z === RUN   TestStorageReportRejectsContradictoryCounts
2026-09-17T14:09:59.5646542Z --- PASS: TestStorageReportRejectsContradictoryCounts (0.00s)
2026-09-17T14:09:59.5646889Z === RUN   TestJournalMetadataIsReadOnlyAndDetectsOrdinaryChanges
2026-09-17T14:09:59.5647403Z --- PASS: TestJournalMetadataIsReadOnlyAndDetectsOrdinaryChanges (0.00s)
2026-09-17T14:09:59.5647767Z === RUN   TestStorageMissingInvalidPathsNeverCreateData
2026-09-17T14:09:59.5648098Z --- PASS: TestStorageMissingInvalidPathsNeverCreateData (0.00s)
2026-09-17T14:09:59.5648394Z === RUN   FuzzCanonicalPublicConfiguration
2026-09-17T14:09:59.5649758Z === RUN   FuzzCanonicalPublicConfiguration/seed#0
2026-09-17T14:09:59.5650043Z === RUN   FuzzCanonicalPublicConfiguration/seed#1
2026-09-17T14:09:59.5650312Z --- PASS: FuzzCanonicalPublicConfiguration (0.00s)
2026-09-17T14:09:59.5650643Z     --- PASS: FuzzCanonicalPublicConfiguration/seed#0 (0.00s)
2026-09-17T14:09:59.5650982Z     --- PASS: FuzzCanonicalPublicConfiguration/seed#1 (0.00s)
2026-09-17T14:09:59.5651388Z === RUN   FuzzNumericLoopbackEndpoint
2026-09-17T14:09:59.5651624Z === RUN   FuzzNumericLoopbackEndpoint/seed#0
2026-09-17T14:09:59.5651860Z === RUN   FuzzNumericLoopbackEndpoint/seed#1
2026-09-17T14:09:59.5652096Z --- PASS: FuzzNumericLoopbackEndpoint (0.00s)
2026-09-17T14:09:59.5652397Z     --- PASS: FuzzNumericLoopbackEndpoint/seed#0 (0.00s)
2026-09-17T14:09:59.5653018Z     --- PASS: FuzzNumericLoopbackEndpoint/seed#1 (0.00s)
2026-09-17T14:09:59.5653268Z === RUN   FuzzStorageCheckpointInputs
2026-09-17T14:09:59.5653798Z === RUN   FuzzStorageCheckpointInputs/seed#0
2026-09-17T14:09:59.5654049Z === RUN   FuzzStorageCheckpointInputs/seed#1
2026-09-17T14:09:59.5654278Z === RUN   FuzzStorageCheckpointInputs/seed#2
2026-09-17T14:09:59.5654513Z --- PASS: FuzzStorageCheckpointInputs (0.00s)
2026-09-17T14:09:59.5654931Z     --- PASS: FuzzStorageCheckpointInputs/seed#0 (0.00s)
2026-09-17T14:09:59.5655231Z     --- PASS: FuzzStorageCheckpointInputs/seed#1 (0.00s)
2026-09-17T14:09:59.5655520Z     --- PASS: FuzzStorageCheckpointInputs/seed#2 (0.00s)
2026-09-17T14:09:59.5655802Z === RUN   FuzzStorageAccounting
2026-09-17T14:09:59.5656072Z === RUN   FuzzStorageAccounting/seed#0
2026-09-17T14:09:59.5656296Z === RUN   FuzzStorageAccounting/seed#1
2026-09-17T14:09:59.5656510Z --- PASS: FuzzStorageAccounting (0.00s)
2026-09-17T14:09:59.5656777Z     --- PASS: FuzzStorageAccounting/seed#0 (0.00s)
2026-09-17T14:09:59.5657133Z     --- PASS: FuzzStorageAccounting/seed#1 (0.00s)
2026-09-17T14:09:59.5657371Z PASS
2026-09-17T14:09:59.5657598Z ok  	github.com/youq616/Zevune/integration/cometbft/labnet	1.146s
2026-09-17T14:09:59.5657958Z === RUN   TestGenesisBindingRejectsAmbiguityAndMismatch
2026-09-17T14:09:59.5658436Z --- PASS: TestGenesisBindingRejectsAmbiguityAndMismatch (0.00s)
2026-09-17T14:09:59.5658775Z PASS
2026-09-17T14:09:59.5659010Z ok  	github.com/youq616/Zevune/integration/cometbft/poolapp	0.050s
2026-09-17T14:10:00.7197942Z ##[group]Run go vet -mod=readonly ./...
2026-09-17T14:10:00.7198488Z [36;1mgo vet -mod=readonly ./...[0m
2026-09-17T14:10:00.7214313Z shell: C:\Program Files\Git\bin\bash.EXE --noprofile --norc -e -o pipefail {0}
2026-09-17T14:10:00.7214829Z env:
2026-09-17T14:10:00.7215134Z   GOTOOLCHAIN: local
2026-09-17T14:10:00.7215477Z ##[endgroup]
2026-09-17T14:10:11.6354708Z ##[group]Run go build -mod=readonly ./cmd/zevune-devnet
2026-09-17T14:10:11.6355181Z [36;1mgo build -mod=readonly ./cmd/zevune-devnet[0m
2026-09-17T14:10:11.6366675Z shell: C:\Program Files\Git\bin\bash.EXE --noprofile --norc -e -o pipefail {0}
2026-09-17T14:10:11.6367018Z env:
2026-09-17T14:10:11.6367169Z   GOTOOLCHAIN: local
2026-09-17T14:10:11.6367338Z ##[endgroup]
2026-09-17T14:10:13.9841920Z ##[group]Run git diff --exit-code
2026-09-17T14:10:13.9842359Z [36;1mgit diff --exit-code[0m
2026-09-17T14:10:13.9860223Z shell: C:\Program Files\Git\bin\bash.EXE --noprofile --norc -e -o pipefail {0}
2026-09-17T14:10:13.9860546Z env:
2026-09-17T14:10:13.9860702Z   GOTOOLCHAIN: local
2026-09-17T14:10:13.9860869Z ##[endgroup]
2026-09-17T14:10:14.3304269Z Node 20 is being deprecated. This workflow is running with Node 24 by default. If you need to temporarily use Node 20, you can set the ACTIONS_ALLOW_USE_UNSECURE_NODE_VERSION=true environment variable. For more information see: https://github.blog/changelog/2025-09-19-deprecation-of-node-20-on-github-actions-runners/
2026-09-17T14:10:14.3305312Z Post job cleanup.
2026-09-17T14:10:14.4529943Z (node:7208) [DEP0040] DeprecationWarning: The `punycode` module is deprecated. Please use a userland alternative instead.
2026-09-17T14:10:14.4531382Z (Use `node --trace-deprecation ...` to show where the warning was created)
2026-09-17T14:10:14.5157187Z [command]C:\hostedtoolcache\windows\go\1.27.1\x64\bin\go.exe env GOCACHE
2026-09-17T14:10:14.5219834Z [command]C:\hostedtoolcache\windows\go\1.27.1\x64\bin\go.exe env GOMODCACHE
2026-09-17T14:10:14.5407125Z C:\Users\runneradmin\AppData\Local\go-build
2026-09-17T14:10:14.5430956Z C:\Users\runneradmin\go\pkg\mod
2026-09-17T14:10:14.5452487Z Cache hit occurred on the primary key setup-go-Windows-x64-go-1.27.1-ef6b0fbca0a8d0b6206b16c85f11c4a6c772908ae2660ca86a6b7ee95979c938, not saving cache.
2026-09-17T14:10:14.5761055Z Post job cleanup.
2026-09-17T14:10:14.7222124Z [command]"C:\Program Files\Git\bin\git.exe" version
2026-09-17T14:10:14.7457767Z git version 2.55.0.windows.5
2026-09-17T14:10:14.7521744Z Temporarily overriding HOME='D:\a\_temp\0dc8284c-c8e9-454c-a9d5-30120c6f951d' before making global git config changes
2026-09-17T14:10:14.7522905Z Adding repository directory to the temporary git global config as a safe directory
2026-09-17T14:10:14.7532064Z [command]"C:\Program Files\Git\bin\git.exe" config --global --add safe.directory D:\a\Zevune\Zevune
2026-09-17T14:10:14.7816420Z [command]"C:\Program Files\Git\bin\git.exe" config --local --name-only --get-regexp core\.sshCommand
2026-09-17T14:10:14.8096731Z [command]"C:\Program Files\Git\bin\git.exe" submodule foreach --recursive "sh -c \"git config --local --name-only --get-regexp 'core\.sshCommand' && git config --local --unset-all 'core.sshCommand' || :\""
2026-09-17T14:10:15.2454523Z [command]"C:\Program Files\Git\bin\git.exe" config --local --name-only --get-regexp http\.https\:\/\/github\.com\/\.extraheader
2026-09-17T14:10:15.2715390Z [command]"C:\Program Files\Git\bin\git.exe" submodule foreach --recursive "sh -c \"git config --local --name-only --get-regexp 'http\.https\:\/\/github\.com\/\.extraheader' && git config --local --unset-all 'http.https://github.com/.extraheader' || :\""
2026-09-17T14:10:15.7379674Z Cleaning up orphan processes
2026-09-17T14:10:15.7537605Z ##[warning]Node.js 20 is deprecated. The following actions target Node.js 20 but are being forced to run on Node.js 24: actions/setup-go@44694675825211faa026b3c33043df3e48a5fa00. For more information see: https://github.blog/changelog/2025-09-19-deprecation-of-node-20-on-github-actions-runners/
