2026-09-17T08:58:17.3046580Z Current runner version: '2.337.0'
2026-09-17T08:58:17.3071455Z ##[group]Runner Image Provisioner
2026-09-17T08:58:17.3072229Z Hosted Compute Agent
2026-09-17T08:58:17.3073377Z Version: 20260828.587
2026-09-17T08:58:17.3074009Z Commit: abac92662cab4cc7352de4f9f9d2e2419aad9c29
2026-09-17T08:58:17.3074665Z Build Date: 2026-08-28T16:44:25Z
2026-09-17T08:58:17.3075257Z Worker ID: {d82a3025-826b-4991-9c11-ca60c4be2558}
2026-09-17T08:58:17.3075917Z Azure Region: westus3
2026-09-17T08:58:17.3076427Z ##[endgroup]
2026-09-17T08:58:17.3077873Z ##[group]Operating System
2026-09-17T08:58:17.3078474Z Microsoft Windows Server 2025
2026-09-17T08:58:17.3079053Z 10.0.26100
2026-09-17T08:58:17.3079534Z Datacenter
2026-09-17T08:58:17.3080002Z ##[endgroup]
2026-09-17T08:58:17.3080477Z ##[group]Runner Image
2026-09-17T08:58:17.3081017Z Image: windows-2025-vs2026
2026-09-17T08:58:17.3081557Z Version: 20260907.229.1
2026-09-17T08:58:17.3082967Z Included Software: https://github.com/actions/runner-images/blob/win25-vs2026/20260907.229/images/windows/Windows2025-VS2026-Readme.md
2026-09-17T08:58:17.3084450Z Image Release: https://github.com/actions/runner-images/releases/tag/win25-vs2026%2F20260907.229
2026-09-17T08:58:17.3085361Z ##[endgroup]
2026-09-17T08:58:17.3086364Z ##[group]GITHUB_TOKEN Permissions
2026-09-17T08:58:17.3088426Z Contents: read
2026-09-17T08:58:17.3088949Z Metadata: read
2026-09-17T08:58:17.3089485Z ##[endgroup]
2026-09-17T08:58:17.3091469Z Secret source: Actions
2026-09-17T08:58:17.3092322Z Cache mode: write
2026-09-17T08:58:17.3093575Z Prepare workflow directory
2026-09-17T08:58:17.3450082Z Prepare all required actions
2026-09-17T08:58:17.3499086Z Getting action download info
2026-09-17T08:58:17.6596759Z Download action repository 'actions/checkout@08c6903cd8c0fde910a37f88322edcfb5dd907a8' (SHA:08c6903cd8c0fde910a37f88322edcfb5dd907a8)
2026-09-17T08:58:17.7798143Z Download action repository 'actions/setup-go@44694675825211faa026b3c33043df3e48a5fa00' (SHA:44694675825211faa026b3c33043df3e48a5fa00)
2026-09-17T08:58:18.5516219Z Complete job name: tests (windows-latest)
2026-09-17T08:58:18.6906035Z ##[group]Run actions/checkout@08c6903cd8c0fde910a37f88322edcfb5dd907a8
2026-09-17T08:58:18.6907582Z with:
2026-09-17T08:58:18.6908066Z   persist-credentials: false
2026-09-17T08:58:18.6908622Z   repository: youq616/Zevune
2026-09-17T08:58:18.6913595Z   token: ***
2026-09-17T08:58:18.6914079Z   ssh-strict: true
2026-09-17T08:58:18.6914569Z   ssh-user: git
2026-09-17T08:58:18.6914997Z   clean: true
2026-09-17T08:58:18.6915459Z   sparse-checkout-cone-mode: true
2026-09-17T08:58:18.6915994Z   fetch-depth: 1
2026-09-17T08:58:18.6916441Z   fetch-tags: false
2026-09-17T08:58:18.6916906Z   show-progress: true
2026-09-17T08:58:18.6917370Z   lfs: false
2026-09-17T08:58:18.6917810Z   submodules: false
2026-09-17T08:58:18.6918287Z   set-safe-directory: true
2026-09-17T08:58:18.6919235Z ##[endgroup]
2026-09-17T08:58:18.8358470Z Syncing repository: youq616/Zevune
2026-09-17T08:58:18.8360333Z ##[group]Getting Git version info
2026-09-17T08:58:18.8361086Z Working directory is 'D:\a\Zevune\Zevune'
2026-09-17T08:58:18.9202004Z [command]"C:\Program Files\Git\bin\git.exe" version
2026-09-17T08:58:19.2759546Z git version 2.55.0.windows.5
2026-09-17T08:58:19.2815343Z ##[endgroup]
2026-09-17T08:58:19.2836418Z Temporarily overriding HOME='D:\a\_temp\1833347a-d975-44e8-94ce-5a6af16c9fe8' before making global git config changes
2026-09-17T08:58:19.2841417Z Adding repository directory to the temporary git global config as a safe directory
2026-09-17T08:58:19.2848066Z [command]"C:\Program Files\Git\bin\git.exe" config --global --add safe.directory D:\a\Zevune\Zevune
2026-09-17T08:58:19.3502123Z Deleting the contents of 'D:\a\Zevune\Zevune'
2026-09-17T08:58:19.3510449Z ##[group]Initializing the repository
2026-09-17T08:58:19.3522499Z [command]"C:\Program Files\Git\bin\git.exe" init D:\a\Zevune\Zevune
2026-09-17T08:58:19.4280801Z Initialized empty Git repository in D:/a/Zevune/Zevune/.git/
2026-09-17T08:58:19.4329313Z [command]"C:\Program Files\Git\bin\git.exe" remote add origin https://github.com/youq616/Zevune
2026-09-17T08:58:19.5230292Z ##[endgroup]
2026-09-17T08:58:19.5232187Z ##[group]Disabling automatic garbage collection
2026-09-17T08:58:19.5239053Z [command]"C:\Program Files\Git\bin\git.exe" config --local gc.auto 0
2026-09-17T08:58:19.5539085Z ##[endgroup]
2026-09-17T08:58:19.5541063Z ##[group]Setting up auth
2026-09-17T08:58:19.5555069Z [command]"C:\Program Files\Git\bin\git.exe" config --local --name-only --get-regexp core\.sshCommand
2026-09-17T08:58:19.5937235Z [command]"C:\Program Files\Git\bin\git.exe" submodule foreach --recursive "sh -c \"git config --local --name-only --get-regexp 'core\.sshCommand' && git config --local --unset-all 'core.sshCommand' || :\""
2026-09-17T08:58:21.0229178Z [command]"C:\Program Files\Git\bin\git.exe" config --local --name-only --get-regexp http\.https\:\/\/github\.com\/\.extraheader
2026-09-17T08:58:21.0526588Z [command]"C:\Program Files\Git\bin\git.exe" submodule foreach --recursive "sh -c \"git config --local --name-only --get-regexp 'http\.https\:\/\/github\.com\/\.extraheader' && git config --local --unset-all 'http.https://github.com/.extraheader' || :\""
2026-09-17T08:58:21.6089615Z [command]"C:\Program Files\Git\bin\git.exe" config --local http.https://github.com/.extraheader "AUTHORIZATION: basic ***"
2026-09-17T08:58:21.6404936Z ##[endgroup]
2026-09-17T08:58:21.6406001Z ##[group]Fetching the repository
2026-09-17T08:58:21.6426559Z [command]"C:\Program Files\Git\bin\git.exe" -c protocol.version=2 fetch --no-tags --prune --no-recurse-submodules --depth=1 origin +11402e8d8db1e2ae9b6d8615ea9f6362e8676606:refs/remotes/pull/13/merge
2026-09-17T08:58:23.2186831Z From https://github.com/youq616/Zevune
2026-09-17T08:58:23.2187828Z  * [new ref]         11402e8d8db1e2ae9b6d8615ea9f6362e8676606 -> pull/13/merge
2026-09-17T08:58:23.2232754Z ##[endgroup]
2026-09-17T08:58:23.2233745Z ##[group]Determining the checkout info
2026-09-17T08:58:23.2234788Z ##[endgroup]
2026-09-17T08:58:23.2247043Z [command]"C:\Program Files\Git\bin\git.exe" sparse-checkout disable
2026-09-17T08:58:23.2705603Z [command]"C:\Program Files\Git\bin\git.exe" config --local --unset-all extensions.worktreeConfig
2026-09-17T08:58:23.2992152Z ##[group]Checking out the ref
2026-09-17T08:58:23.3000809Z [command]"C:\Program Files\Git\bin\git.exe" checkout --progress --force refs/remotes/pull/13/merge
2026-09-17T08:58:23.4739877Z Note: switching to 'refs/remotes/pull/13/merge'.
2026-09-17T08:58:23.4740278Z 
2026-09-17T08:58:23.4740503Z You are in 'detached HEAD' state. You can look around, make experimental
2026-09-17T08:58:23.4741227Z changes and commit them, and you can discard any commits you make in this
2026-09-17T08:58:23.4741912Z state without impacting any branches by switching back to a branch.
2026-09-17T08:58:23.4742288Z 
2026-09-17T08:58:23.4742512Z If you want to create a new branch to retain commits you create, you may
2026-09-17T08:58:23.4743012Z do so (now or later) by using -c with the switch command. Example:
2026-09-17T08:58:23.4743367Z 
2026-09-17T08:58:23.4743595Z   git switch -c <new-branch-name>
2026-09-17T08:58:23.4743808Z 
2026-09-17T08:58:23.4743927Z Or undo this operation with:
2026-09-17T08:58:23.4744165Z 
2026-09-17T08:58:23.4744275Z   git switch -
2026-09-17T08:58:23.4744527Z 
2026-09-17T08:58:23.4744759Z Turn off this advice by setting config variable advice.detachedHead to false
2026-09-17T08:58:23.4745091Z 
2026-09-17T08:58:23.4745511Z HEAD is now at 11402e8 Merge 7045af4ae254f0a5a5e4810f17004c91e649e474 into 6913d4ab2fda6956db37e0ceb49790a4518c2762
2026-09-17T08:58:23.4858692Z ##[endgroup]
2026-09-17T08:58:23.5262710Z [command]"C:\Program Files\Git\bin\git.exe" log -1 --format=%H
2026-09-17T08:58:23.5529178Z 11402e8d8db1e2ae9b6d8615ea9f6362e8676606
2026-09-17T08:58:23.5570137Z ##[group]Removing auth
2026-09-17T08:58:23.5578729Z [command]"C:\Program Files\Git\bin\git.exe" config --local --name-only --get-regexp core\.sshCommand
2026-09-17T08:58:23.5889795Z [command]"C:\Program Files\Git\bin\git.exe" submodule foreach --recursive "sh -c \"git config --local --name-only --get-regexp 'core\.sshCommand' && git config --local --unset-all 'core.sshCommand' || :\""
2026-09-17T08:58:24.1260436Z [command]"C:\Program Files\Git\bin\git.exe" config --local --name-only --get-regexp http\.https\:\/\/github\.com\/\.extraheader
2026-09-17T08:58:24.1518718Z http.https://github.com/.extraheader
2026-09-17T08:58:24.1568093Z [command]"C:\Program Files\Git\bin\git.exe" config --local --unset-all http.https://github.com/.extraheader
2026-09-17T08:58:24.1885073Z [command]"C:\Program Files\Git\bin\git.exe" submodule foreach --recursive "sh -c \"git config --local --name-only --get-regexp 'http\.https\:\/\/github\.com\/\.extraheader' && git config --local --unset-all 'http.https://github.com/.extraheader' || :\""
2026-09-17T08:58:24.6974331Z ##[endgroup]
2026-09-17T08:58:24.7424455Z Node 20 is being deprecated. This workflow is running with Node 24 by default. If you need to temporarily use Node 20, you can set the ACTIONS_ALLOW_USE_UNSECURE_NODE_VERSION=true environment variable. For more information see: https://github.blog/changelog/2025-09-19-deprecation-of-node-20-on-github-actions-runners/
2026-09-17T08:58:24.7426755Z ##[group]Run actions/setup-go@44694675825211faa026b3c33043df3e48a5fa00
2026-09-17T08:58:24.7427191Z with:
2026-09-17T08:58:24.7427466Z   go-version: stable
2026-09-17T08:58:24.7427745Z   cache: false
2026-09-17T08:58:24.7428014Z   check-latest: false
2026-09-17T08:58:24.7430795Z   token: ***
2026-09-17T08:58:24.7431073Z ##[endgroup]
2026-09-17T08:58:24.9044289Z Setup go version spec stable
2026-09-17T08:58:24.9227926Z (node:6516) [DEP0040] DeprecationWarning: The `punycode` module is deprecated. Please use a userland alternative instead.
2026-09-17T08:58:24.9233051Z (Use `node --trace-deprecation ...` to show where the warning was created)
2026-09-17T08:58:25.8938481Z stable version resolved as 1.27.1
2026-09-17T08:58:25.8947630Z Attempting to download 1.27.1...
2026-09-17T08:58:25.8949470Z matching 1.27.1...
2026-09-17T08:58:25.8972471Z Acquiring 1.27.1 from https://github.com/actions/go-versions/releases/download/1.27.1-33583469715/go-1.27.1-win32-x64.zip
2026-09-17T08:58:26.6585994Z Extracting Go...
2026-09-17T08:58:26.7594164Z [command]"C:\Program Files\PowerShell\7\pwsh.exe" -NoLogo -NoProfile -NonInteractive -ExecutionPolicy Unrestricted -Command "$ErrorActionPreference = 'Stop' ; try { Add-Type -AssemblyName System.IO.Compression.ZipFile } catch { } ; try { [System.IO.Compression.ZipFile]::ExtractToDirectory('D:\a\_temp\go-1.27.1-win32-x64.zip', 'D:\a\_temp\fd234cc2-a020-4144-a265-c1c115130e5b', $true) } catch { if (($_.Exception.GetType().FullName -eq 'System.Management.Automation.MethodException') -or ($_.Exception.GetType().FullName -eq 'System.Management.Automation.RuntimeException') ){ Expand-Archive -LiteralPath 'D:\a\_temp\go-1.27.1-win32-x64.zip' -DestinationPath 'D:\a\_temp\fd234cc2-a020-4144-a265-c1c115130e5b' -Force } else { throw $_ } } ;"
2026-09-17T08:58:30.8846566Z Successfully extracted go to D:\a\_temp\fd234cc2-a020-4144-a265-c1c115130e5b
2026-09-17T08:58:30.8847249Z Adding to the cache ...
2026-09-17T08:58:40.9683141Z Created link C:\hostedtoolcache\windows\go\1.27.1\x64 => D:\hostedtoolcache\windows\go\1.27.1\x64
2026-09-17T08:58:40.9690516Z Created link C:\hostedtoolcache\windows\go\1.27.1\x64.complete => D:\hostedtoolcache\windows\go\1.27.1\x64.complete
2026-09-17T08:58:40.9691683Z Successfully cached go to C:\hostedtoolcache\windows\go\1.27.1\x64
2026-09-17T08:58:40.9696955Z Added go to the path
2026-09-17T08:58:40.9699757Z Successfully set up Go version stable
2026-09-17T08:58:41.2225008Z go version go1.27.1 windows/amd64
2026-09-17T08:58:41.2225291Z 
2026-09-17T08:58:41.2225680Z ##[group]go env
2026-09-17T08:58:43.9848654Z set AR=ar
2026-09-17T08:58:43.9849198Z set CC=gcc
2026-09-17T08:58:43.9849629Z set CGO_CFLAGS=-O2 -g
2026-09-17T08:58:43.9849948Z set CGO_CPPFLAGS=
2026-09-17T08:58:43.9850546Z set CGO_CXXFLAGS=-O2 -g
2026-09-17T08:58:43.9850850Z set CGO_ENABLED=1
2026-09-17T08:58:43.9851121Z set CGO_FFLAGS=-O2 -g
2026-09-17T08:58:43.9851422Z set CGO_LDFLAGS=-O2 -g
2026-09-17T08:58:43.9851688Z set CXX=g++
2026-09-17T08:58:43.9851940Z set GCCGO=gccgo
2026-09-17T08:58:43.9852225Z set GO111MODULE=
2026-09-17T08:58:43.9852493Z set GOAMD64=v1
2026-09-17T08:58:43.9852757Z set GOARCH=amd64
2026-09-17T08:58:43.9853035Z set GOAUTH=netrc
2026-09-17T08:58:43.9853321Z set GOBIN=C:\Users\runneradmin\go\bin
2026-09-17T08:58:43.9853783Z set GOCACHE=C:\Users\runneradmin\AppData\Local\go-build
2026-09-17T08:58:43.9854164Z set GOCACHEPROG=
2026-09-17T08:58:43.9854427Z set GODEBUG=
2026-09-17T08:58:43.9854738Z set GOENV=C:\Users\runneradmin\AppData\Roaming\go\env
2026-09-17T08:58:43.9855116Z set GOEXE=.exe
2026-09-17T08:58:43.9855405Z set GOEXPERIMENT=
2026-09-17T08:58:43.9857873Z set GOFIPS140=off
2026-09-17T08:58:43.9858344Z set GOFLAGS=
2026-09-17T08:58:43.9859174Z set GOGCCFLAGS=-m64 -pthread -Wl,--no-gc-sections -fmessage-length=0 -ffile-prefix-map=C:\Users\RUNNER~1\AppData\Local\Temp\go-build2244663158=/tmp/go-build -gno-record-gcc-switches
2026-09-17T08:58:43.9859980Z set GOHOSTARCH=amd64
2026-09-17T08:58:43.9860369Z set GOHOSTOS=windows
2026-09-17T08:58:43.9860647Z set GOINSECURE=
2026-09-17T08:58:43.9860927Z set GOMOD=D:\a\Zevune\Zevune\go.mod
2026-09-17T08:58:43.9861308Z set GOMODCACHE=C:\Users\runneradmin\go\pkg\mod
2026-09-17T08:58:43.9861659Z set GONOPROXY=
2026-09-17T08:58:43.9861916Z set GONOSUMDB=
2026-09-17T08:58:43.9862171Z set GOOS=windows
2026-09-17T08:58:43.9862425Z set GOPACKAGESDRIVER=
2026-09-17T08:58:43.9862808Z set GOPATH=C:\Users\runneradmin\go
2026-09-17T08:58:43.9863181Z set GOPRIVATE=
2026-09-17T08:58:43.9863518Z set GOPROXY=https://proxy.golang.org,direct
2026-09-17T08:58:43.9863923Z set GOROOT=C:\hostedtoolcache\windows\go\1.27.1\x64
2026-09-17T08:58:43.9864304Z set GOSUMDB=sum.golang.org
2026-09-17T08:58:43.9864626Z set GOTELEMETRY=local
2026-09-17T08:58:43.9865022Z set GOTELEMETRYDIR=C:\Users\runneradmin\AppData\Roaming\go\telemetry
2026-09-17T08:58:43.9865482Z set GOTMPDIR=
2026-09-17T08:58:43.9865744Z set GOTOOLCHAIN=local
2026-09-17T08:58:43.9866145Z set GOTOOLDIR=C:\hostedtoolcache\windows\go\1.27.1\x64\pkg\tool\windows_amd64
2026-09-17T08:58:43.9866608Z set GOVCS=
2026-09-17T08:58:43.9866878Z set GOVERSION=go1.27.1
2026-09-17T08:58:43.9867142Z set GOWORK=
2026-09-17T08:58:43.9867420Z set PKG_CONFIG=pkg-config
2026-09-17T08:58:43.9867622Z 
2026-09-17T08:58:43.9868030Z ##[endgroup]
2026-09-17T08:58:44.0193224Z ##[group]Run test -z "$(gofmt -l ./cmd ./internal)"
2026-09-17T08:58:44.0193768Z [36;1mtest -z "$(gofmt -l ./cmd ./internal)"[0m
2026-09-17T08:58:44.0214288Z shell: C:\Program Files\Git\bin\bash.EXE --noprofile --norc -e -o pipefail {0}
2026-09-17T08:58:44.0214761Z env:
2026-09-17T08:58:44.0215016Z   GOTOOLCHAIN: local
2026-09-17T08:58:44.0215318Z ##[endgroup]
2026-09-17T08:58:44.2505033Z ##[group]Run go test ./... -count=1
2026-09-17T08:58:44.2505410Z [36;1mgo test ./... -count=1[0m
2026-09-17T08:58:44.2995467Z shell: C:\Program Files\PowerShell\7\pwsh.EXE -command ". '{0}'"
2026-09-17T08:58:44.2995813Z env:
2026-09-17T08:58:44.2995993Z   GOTOOLCHAIN: local
2026-09-17T08:58:44.2996184Z ##[endgroup]
2026-09-17T08:58:54.9524138Z ?   	github.com/youq616/Zevune/cmd/latency-report	[no test files]
2026-09-17T08:59:04.5373595Z ?   	github.com/youq616/Zevune/cmd/zevuned	[no test files]
2026-09-17T08:59:05.8387287Z ok  	github.com/youq616/Zevune/internal/api	0.162s
2026-09-17T08:59:05.8568894Z ok  	github.com/youq616/Zevune/internal/latency	0.058s
2026-09-17T08:59:06.8443249Z ok  	github.com/youq616/Zevune/internal/ledger	1.012s
2026-09-17T08:59:06.8443898Z ok  	github.com/youq616/Zevune/internal/merkle	0.021s
2026-09-17T08:59:06.8444352Z ok  	github.com/youq616/Zevune/internal/orchardbridge	0.504s
2026-09-17T08:59:07.3416215Z ok  	github.com/youq616/Zevune/internal/poolbridge	1.039s
2026-09-17T08:59:07.3416865Z ok  	github.com/youq616/Zevune/internal/protocol	0.027s
2026-09-17T08:59:07.7225448Z ##[group]Run go vet ./...
2026-09-17T08:59:07.7225806Z [36;1mgo vet ./...[0m
2026-09-17T08:59:07.7292698Z shell: C:\Program Files\PowerShell\7\pwsh.EXE -command ". '{0}'"
2026-09-17T08:59:07.7293037Z env:
2026-09-17T08:59:07.7293239Z   GOTOOLCHAIN: local
2026-09-17T08:59:07.7293440Z ##[endgroup]
2026-09-17T08:59:12.4591995Z Node 20 is being deprecated. This workflow is running with Node 24 by default. If you need to temporarily use Node 20, you can set the ACTIONS_ALLOW_USE_UNSECURE_NODE_VERSION=true environment variable. For more information see: https://github.blog/changelog/2025-09-19-deprecation-of-node-20-on-github-actions-runners/
2026-09-17T08:59:12.4593237Z Post job cleanup.
2026-09-17T08:59:12.6183700Z (node:4516) [DEP0040] DeprecationWarning: The `punycode` module is deprecated. Please use a userland alternative instead.
2026-09-17T08:59:12.6185002Z (Use `node --trace-deprecation ...` to show where the warning was created)
2026-09-17T08:59:12.6554099Z Post job cleanup.
2026-09-17T08:59:12.8424895Z [command]"C:\Program Files\Git\bin\git.exe" version
2026-09-17T08:59:12.8736691Z git version 2.55.0.windows.5
2026-09-17T08:59:12.8811933Z Temporarily overriding HOME='D:\a\_temp\6e5c4b95-4a8d-4c51-982f-fbecc7996d91' before making global git config changes
2026-09-17T08:59:12.8813166Z Adding repository directory to the temporary git global config as a safe directory
2026-09-17T08:59:12.8824357Z [command]"C:\Program Files\Git\bin\git.exe" config --global --add safe.directory D:\a\Zevune\Zevune
2026-09-17T08:59:12.9189587Z [command]"C:\Program Files\Git\bin\git.exe" config --local --name-only --get-regexp core\.sshCommand
2026-09-17T08:59:12.9530595Z [command]"C:\Program Files\Git\bin\git.exe" submodule foreach --recursive "sh -c \"git config --local --name-only --get-regexp 'core\.sshCommand' && git config --local --unset-all 'core.sshCommand' || :\""
2026-09-17T08:59:13.4941151Z [command]"C:\Program Files\Git\bin\git.exe" config --local --name-only --get-regexp http\.https\:\/\/github\.com\/\.extraheader
2026-09-17T08:59:13.5226076Z [command]"C:\Program Files\Git\bin\git.exe" submodule foreach --recursive "sh -c \"git config --local --name-only --get-regexp 'http\.https\:\/\/github\.com\/\.extraheader' && git config --local --unset-all 'http.https://github.com/.extraheader' || :\""
2026-09-17T08:59:14.0513717Z Cleaning up orphan processes
2026-09-17T08:59:14.0657894Z ##[warning]Node.js 20 is deprecated. The following actions target Node.js 20 but are being forced to run on Node.js 24: actions/setup-go@44694675825211faa026b3c33043df3e48a5fa00. For more information see: https://github.blog/changelog/2025-09-19-deprecation-of-node-20-on-github-actions-runners/
