2026-09-18T15:38:30.7971096Z Current runner version: '2.337.0'
2026-09-18T15:38:30.7996993Z ##[group]Runner Image Provisioner
2026-09-18T15:38:30.7998280Z Hosted Compute Agent
2026-09-18T15:38:30.7998832Z Version: 20260828.587
2026-09-18T15:38:30.7999549Z Commit: abac92662cab4cc7352de4f9f9d2e2419aad9c29
2026-09-18T15:38:30.8000286Z Build Date: 2026-08-28T16:44:25Z
2026-09-18T15:38:30.8001069Z Worker ID: {4cea607e-1bb9-417e-96f7-fa6a03e4372b}
2026-09-18T15:38:30.8001797Z Azure Region: westus3
2026-09-18T15:38:30.8002324Z ##[endgroup]
2026-09-18T15:38:30.8003873Z ##[group]Operating System
2026-09-18T15:38:30.8004601Z Microsoft Windows Server 2025
2026-09-18T15:38:30.8005236Z 10.0.26100
2026-09-18T15:38:30.8005741Z Datacenter
2026-09-18T15:38:30.8006235Z ##[endgroup]
2026-09-18T15:38:30.8006766Z ##[group]Runner Image
2026-09-18T15:38:30.8007335Z Image: windows-2025-vs2026
2026-09-18T15:38:30.8007942Z Version: 20260907.229.1
2026-09-18T15:38:30.8009368Z Included Software: https://github.com/actions/runner-images/blob/win25-vs2026/20260907.229/images/windows/Windows2025-VS2026-Readme.md
2026-09-18T15:38:30.8011042Z Image Release: https://github.com/actions/runner-images/releases/tag/win25-vs2026%2F20260907.229
2026-09-18T15:38:30.8012029Z ##[endgroup]
2026-09-18T15:38:30.8013099Z ##[group]GITHUB_TOKEN Permissions
2026-09-18T15:38:30.8014980Z Contents: read
2026-09-18T15:38:30.8015594Z Metadata: read
2026-09-18T15:38:30.8016156Z ##[endgroup]
2026-09-18T15:38:30.8018743Z Secret source: Actions
2026-09-18T15:38:30.8019719Z Cache mode: write
2026-09-18T15:38:30.8020399Z Prepare workflow directory
2026-09-18T15:38:30.8573726Z Prepare all required actions
2026-09-18T15:38:30.8623859Z Getting action download info
2026-09-18T15:38:31.1648197Z Download action repository 'actions/checkout@08c6903cd8c0fde910a37f88322edcfb5dd907a8' (SHA:08c6903cd8c0fde910a37f88322edcfb5dd907a8)
2026-09-18T15:38:31.4271634Z Complete job name: tests (windows-latest)
2026-09-18T15:38:31.5812237Z ##[group]Run actions/checkout@08c6903cd8c0fde910a37f88322edcfb5dd907a8
2026-09-18T15:38:31.5814011Z with:
2026-09-18T15:38:31.5814494Z   persist-credentials: false
2026-09-18T15:38:31.5815033Z   repository: youq616/Zevune
2026-09-18T15:38:31.5819178Z   token: ***
2026-09-18T15:38:31.5819615Z   ssh-strict: true
2026-09-18T15:38:31.5820057Z   ssh-user: git
2026-09-18T15:38:31.5820479Z   clean: true
2026-09-18T15:38:31.5820922Z   sparse-checkout-cone-mode: true
2026-09-18T15:38:31.5821457Z   fetch-depth: 1
2026-09-18T15:38:31.5821890Z   fetch-tags: false
2026-09-18T15:38:31.5822339Z   show-progress: true
2026-09-18T15:38:31.5822790Z   lfs: false
2026-09-18T15:38:31.5823208Z   submodules: false
2026-09-18T15:38:31.5823668Z   set-safe-directory: true
2026-09-18T15:38:31.5824385Z env:
2026-09-18T15:38:31.5824802Z   RAYON_NUM_THREADS: 2
2026-09-18T15:38:31.5825264Z   CARGO_BUILD_JOBS: 2
2026-09-18T15:38:31.5825704Z ##[endgroup]
2026-09-18T15:38:31.7301407Z Syncing repository: youq616/Zevune
2026-09-18T15:38:31.7303445Z ##[group]Getting Git version info
2026-09-18T15:38:31.7304634Z Working directory is 'D:\a\Zevune\Zevune'
2026-09-18T15:38:31.8426297Z [command]"C:\Program Files\Git\bin\git.exe" version
2026-09-18T15:38:32.3292178Z git version 2.55.0.windows.5
2026-09-18T15:38:32.3345253Z ##[endgroup]
2026-09-18T15:38:32.3366849Z Temporarily overriding HOME='D:\a\_temp\c87eb977-6545-4169-a8c1-bd4fa5593894' before making global git config changes
2026-09-18T15:38:32.3369592Z Adding repository directory to the temporary git global config as a safe directory
2026-09-18T15:38:32.3378406Z [command]"C:\Program Files\Git\bin\git.exe" config --global --add safe.directory D:\a\Zevune\Zevune
2026-09-18T15:38:32.4090718Z Deleting the contents of 'D:\a\Zevune\Zevune'
2026-09-18T15:38:32.4096838Z ##[group]Initializing the repository
2026-09-18T15:38:32.4105487Z [command]"C:\Program Files\Git\bin\git.exe" init D:\a\Zevune\Zevune
2026-09-18T15:38:32.4946549Z Initialized empty Git repository in D:/a/Zevune/Zevune/.git/
2026-09-18T15:38:32.4990793Z [command]"C:\Program Files\Git\bin\git.exe" remote add origin https://github.com/youq616/Zevune
2026-09-18T15:38:32.5666035Z ##[endgroup]
2026-09-18T15:38:32.5667152Z ##[group]Disabling automatic garbage collection
2026-09-18T15:38:32.5674952Z [command]"C:\Program Files\Git\bin\git.exe" config --local gc.auto 0
2026-09-18T15:38:32.5974878Z ##[endgroup]
2026-09-18T15:38:32.5975963Z ##[group]Setting up auth
2026-09-18T15:38:32.5987317Z [command]"C:\Program Files\Git\bin\git.exe" config --local --name-only --get-regexp core\.sshCommand
2026-09-18T15:38:32.6290758Z [command]"C:\Program Files\Git\bin\git.exe" submodule foreach --recursive "sh -c \"git config --local --name-only --get-regexp 'core\.sshCommand' && git config --local --unset-all 'core.sshCommand' || :\""
2026-09-18T15:38:34.2189298Z [command]"C:\Program Files\Git\bin\git.exe" config --local --name-only --get-regexp http\.https\:\/\/github\.com\/\.extraheader
2026-09-18T15:38:34.2497612Z [command]"C:\Program Files\Git\bin\git.exe" submodule foreach --recursive "sh -c \"git config --local --name-only --get-regexp 'http\.https\:\/\/github\.com\/\.extraheader' && git config --local --unset-all 'http.https://github.com/.extraheader' || :\""
2026-09-18T15:38:34.8061319Z [command]"C:\Program Files\Git\bin\git.exe" config --local http.https://github.com/.extraheader "AUTHORIZATION: basic ***"
2026-09-18T15:38:34.8391222Z ##[endgroup]
2026-09-18T15:38:34.8391837Z ##[group]Fetching the repository
2026-09-18T15:38:34.8404794Z [command]"C:\Program Files\Git\bin\git.exe" -c protocol.version=2 fetch --no-tags --prune --no-recurse-submodules --depth=1 origin +aad3cfbb99350b2e8db1ac7abe718b5684a5ab1f:refs/remotes/pull/17/merge
2026-09-18T15:38:37.3013855Z From https://github.com/youq616/Zevune
2026-09-18T15:38:37.3014859Z  * [new ref]         aad3cfbb99350b2e8db1ac7abe718b5684a5ab1f -> pull/17/merge
2026-09-18T15:38:37.3053889Z ##[endgroup]
2026-09-18T15:38:37.3058503Z ##[group]Determining the checkout info
2026-09-18T15:38:37.3059637Z ##[endgroup]
2026-09-18T15:38:37.3068750Z [command]"C:\Program Files\Git\bin\git.exe" sparse-checkout disable
2026-09-18T15:38:37.3568681Z [command]"C:\Program Files\Git\bin\git.exe" config --local --unset-all extensions.worktreeConfig
2026-09-18T15:38:37.3874617Z ##[group]Checking out the ref
2026-09-18T15:38:37.3888525Z [command]"C:\Program Files\Git\bin\git.exe" checkout --progress --force refs/remotes/pull/17/merge
2026-09-18T15:38:37.7442708Z Note: switching to 'refs/remotes/pull/17/merge'.
2026-09-18T15:38:37.7443290Z 
2026-09-18T15:38:37.7443667Z You are in 'detached HEAD' state. You can look around, make experimental
2026-09-18T15:38:37.7444452Z changes and commit them, and you can discard any commits you make in this
2026-09-18T15:38:37.7444976Z state without impacting any branches by switching back to a branch.
2026-09-18T15:38:37.7445296Z 
2026-09-18T15:38:37.7445561Z If you want to create a new branch to retain commits you create, you may
2026-09-18T15:38:37.7446087Z do so (now or later) by using -c with the switch command. Example:
2026-09-18T15:38:37.7446381Z 
2026-09-18T15:38:37.7446563Z   git switch -c <new-branch-name>
2026-09-18T15:38:37.7446754Z 
2026-09-18T15:38:37.7446873Z Or undo this operation with:
2026-09-18T15:38:37.7447041Z 
2026-09-18T15:38:37.7447132Z   git switch -
2026-09-18T15:38:37.7447285Z 
2026-09-18T15:38:37.7447534Z Turn off this advice by setting config variable advice.detachedHead to false
2026-09-18T15:38:37.7447881Z 
2026-09-18T15:38:37.7448284Z HEAD is now at aad3cfb Merge f51c8db240933256870ff03c07bc68915b4ac4a1 into 2cc87a2207d502ac5cfe00ea52e525c1516917e5
2026-09-18T15:38:37.7567626Z ##[endgroup]
2026-09-18T15:38:37.7975203Z [command]"C:\Program Files\Git\bin\git.exe" log -1 --format=%H
2026-09-18T15:38:37.8261445Z aad3cfbb99350b2e8db1ac7abe718b5684a5ab1f
2026-09-18T15:38:37.8300640Z ##[group]Removing auth
2026-09-18T15:38:37.8310233Z [command]"C:\Program Files\Git\bin\git.exe" config --local --name-only --get-regexp core\.sshCommand
2026-09-18T15:38:37.8612130Z [command]"C:\Program Files\Git\bin\git.exe" submodule foreach --recursive "sh -c \"git config --local --name-only --get-regexp 'core\.sshCommand' && git config --local --unset-all 'core.sshCommand' || :\""
2026-09-18T15:38:38.4418330Z [command]"C:\Program Files\Git\bin\git.exe" config --local --name-only --get-regexp http\.https\:\/\/github\.com\/\.extraheader
2026-09-18T15:38:38.4684256Z http.https://github.com/.extraheader
2026-09-18T15:38:38.4726940Z [command]"C:\Program Files\Git\bin\git.exe" config --local --unset-all http.https://github.com/.extraheader
2026-09-18T15:38:38.5039432Z [command]"C:\Program Files\Git\bin\git.exe" submodule foreach --recursive "sh -c \"git config --local --name-only --get-regexp 'http\.https\:\/\/github\.com\/\.extraheader' && git config --local --unset-all 'http.https://github.com/.extraheader' || :\""
2026-09-18T15:38:39.0532479Z ##[endgroup]
2026-09-18T15:38:39.0936507Z ##[group]Run rustup toolchain install 1.98.1 --profile minimal --component rustfmt --component clippy
2026-09-18T15:38:39.0937568Z [36;1mrustup toolchain install 1.98.1 --profile minimal --component rustfmt --component clippy[0m
2026-09-18T15:38:39.0958852Z shell: C:\Program Files\Git\bin\bash.EXE --noprofile --norc -e -o pipefail {0}
2026-09-18T15:38:39.0959273Z env:
2026-09-18T15:38:39.0959452Z   RAYON_NUM_THREADS: 2
2026-09-18T15:38:39.0959661Z   CARGO_BUILD_JOBS: 2
2026-09-18T15:38:39.0959857Z ##[endgroup]
2026-09-18T15:38:39.9810019Z info: syncing channel updates for 1.98.1-x86_64-pc-windows-msvc
2026-09-18T15:38:40.5562940Z info: latest update on 2026-09-03 for version 1.98.1 (48a229cea 2026-09-01)
2026-09-18T15:38:40.5716129Z info: downloading 5 components
2026-09-18T15:38:49.8796808Z 
2026-09-18T15:38:49.9102391Z   1.98.1-x86_64-pc-windows-msvc installed - rustc 1.98.1 (48a229cea 2026-09-01)
2026-09-18T15:38:49.9102778Z 
2026-09-18T15:38:49.9351602Z ##[group]Run rustc --version
2026-09-18T15:38:49.9351961Z [36;1mrustc --version[0m
2026-09-18T15:38:49.9352208Z [36;1mcargo fmt --all -- --check[0m
2026-09-18T15:38:49.9352573Z [36;1mcargo metadata --locked --format-version=1 > /dev/null[0m
2026-09-18T15:38:49.9352999Z [36;1mtest -z "$(git status --porcelain --untracked-files=no)"[0m
2026-09-18T15:38:49.9368163Z shell: C:\Program Files\Git\bin\bash.EXE --noprofile --norc -e -o pipefail {0}
2026-09-18T15:38:49.9368565Z env:
2026-09-18T15:38:49.9369038Z   RAYON_NUM_THREADS: 2
2026-09-18T15:38:49.9369245Z   CARGO_BUILD_JOBS: 2
2026-09-18T15:38:49.9369445Z ##[endgroup]
2026-09-18T15:38:50.6932927Z rustc 1.98.1 (48a229cea 2026-09-01)
2026-09-18T15:38:52.5384044Z     Updating crates.io index
2026-09-18T15:38:52.9134371Z  Downloading crates ...
2026-09-18T15:38:53.0691117Z   Downloaded base16ct v0.2.0
2026-09-18T15:38:53.0861072Z   Downloaded aead v0.5.2
2026-09-18T15:38:53.1017119Z   Downloaded argon2 v0.5.3
2026-09-18T15:38:53.1657232Z   Downloaded arrayvec v0.7.8
2026-09-18T15:38:53.1867113Z   Downloaded atomic-polyfill v1.0.3
2026-09-18T15:38:53.2055986Z   Downloaded document-features v0.2.12
2026-09-18T15:38:53.2177399Z   Downloaded block-buffer v0.10.4
2026-09-18T15:38:53.2272151Z   Downloaded subtle v2.6.1
2026-09-18T15:38:53.2379895Z   Downloaded cobs v0.3.0
2026-09-18T15:38:53.2545514Z   Downloaded crypto-common v0.1.7
2026-09-18T15:38:53.2634893Z   Downloaded hex v0.4.3
2026-09-18T15:38:53.2792066Z   Downloaded cpufeatures v0.2.17
2026-09-18T15:38:53.3088050Z   Downloaded embedded-io v0.4.0
2026-09-18T15:38:53.3274228Z   Downloaded funty v2.0.0
2026-09-18T15:38:53.3340210Z   Downloaded cipher v0.4.4
2026-09-18T15:38:53.3528939Z   Downloaded lazy_static v1.5.0
2026-09-18T15:38:53.3704495Z   Downloaded generic-array v0.14.7
2026-09-18T15:38:53.3857321Z   Downloaded inout v0.1.4
2026-09-18T15:38:53.3999358Z   Downloaded crunchy v0.2.4
2026-09-18T15:38:53.4102085Z   Downloaded embedded-io v0.6.1
2026-09-18T15:38:53.4253063Z   Downloaded opaque-debug v0.3.1
2026-09-18T15:38:53.4353750Z   Downloaded serdect v0.2.0
2026-09-18T15:38:53.4534161Z   Downloaded hash32 v0.2.1
2026-09-18T15:38:53.4677638Z   Downloaded zeroize_derive v1.5.0
2026-09-18T15:38:53.4769490Z   Downloaded visibility v0.1.1
2026-09-18T15:38:53.4936876Z   Downloaded getset v0.1.7
2026-09-18T15:38:53.5114344Z   Downloaded halo2_legacy_pdqsort v0.1.0
2026-09-18T15:38:53.5217321Z   Downloaded memuse v0.2.2
2026-09-18T15:38:53.5373234Z   Downloaded stable_deref_trait v1.2.1
2026-09-18T15:38:53.5541468Z   Downloaded rustc_version v0.4.1
2026-09-18T15:38:53.5673225Z   Downloaded universal-hash v0.5.1
2026-09-18T15:38:53.5763249Z   Downloaded version_check v0.9.5
2026-09-18T15:38:53.5885863Z   Downloaded zcash_spec v0.2.1
2026-09-18T15:38:53.6064888Z   Downloaded maybe-rayon v0.1.1
2026-09-18T15:38:53.6151093Z   Downloaded cfg-if v1.0.4
2026-09-18T15:38:53.6299264Z   Downloaded nonempty v0.11.0
2026-09-18T15:38:53.6491718Z   Downloaded radium v0.7.0
2026-09-18T15:38:53.6610415Z   Downloaded either v1.18.0
2026-09-18T15:38:53.6766579Z   Downloaded cbc v0.1.2
2026-09-18T15:38:53.6973432Z   Downloaded chacha20 v0.9.1
2026-09-18T15:38:53.7148041Z   Downloaded const-crc32-nostd v1.3.1
2026-09-18T15:38:53.7226673Z   Downloaded critical-section v1.2.0
2026-09-18T15:38:53.7442955Z   Downloaded fpe v0.6.1
2026-09-18T15:38:53.7624509Z   Downloaded rand_chacha v0.3.1
2026-09-18T15:38:53.7731209Z   Downloaded digest v0.10.7
2026-09-18T15:38:53.7946284Z   Downloaded frost-rerandomized v3.0.0
2026-09-18T15:38:53.8046774Z   Downloaded ff v0.13.1
2026-09-18T15:38:53.8175488Z   Downloaded lock_api v0.4.14
2026-09-18T15:38:53.8294446Z   Downloaded quote v1.0.47
2026-09-18T15:38:53.8594477Z   Downloaded poly1305 v0.8.0
2026-09-18T15:38:53.8858437Z   Downloaded crossbeam-deque v0.8.8
2026-09-18T15:38:53.8989934Z   Downloaded ppv-lite86 v0.2.21
2026-09-18T15:38:53.9101384Z   Downloaded num-integer v0.1.47
2026-09-18T15:38:53.9289487Z   Downloaded pin-project-lite v0.2.17
2026-09-18T15:38:54.0010497Z   Downloaded scopeguard v1.2.0
2026-09-18T15:38:54.0129160Z   Downloaded byteorder v1.5.0
2026-09-18T15:38:54.0302438Z   Downloaded constant_time_eq v0.4.2
2026-09-18T15:38:54.0523525Z   Downloaded derive-getters v0.5.0
2026-09-18T15:38:54.0864842Z   Downloaded group v0.13.0
2026-09-18T15:38:54.1011086Z   Downloaded incrementalmerkletree v0.8.1
2026-09-18T15:38:54.1146505Z   Downloaded autocfg v1.5.1
2026-09-18T15:38:54.1321885Z   Downloaded base64ct v1.8.3
2026-09-18T15:38:54.1616171Z   Downloaded blake2b_simd v1.0.5
2026-09-18T15:38:54.1776431Z   Downloaded corez v0.1.1
2026-09-18T15:38:54.1949955Z   Downloaded password-hash v0.5.0
2026-09-18T15:38:54.2178591Z   Downloaded tap v1.0.1
2026-09-18T15:38:54.2282345Z   Downloaded thiserror v2.0.20
2026-09-18T15:38:54.3251773Z   Downloaded thiserror-impl v2.0.20
2026-09-18T15:38:54.3423282Z   Downloaded wasi v0.11.1+wasi-snapshot-preview1
2026-09-18T15:38:54.3597153Z   Downloaded wyz v0.5.1
2026-09-18T15:38:54.3742387Z   Downloaded zcash_note_encryption v0.4.2
2026-09-18T15:38:54.3867559Z   Downloaded crossbeam-epoch v0.9.21
2026-09-18T15:38:54.4095851Z   Downloaded crossbeam-utils v0.8.23
2026-09-18T15:38:54.4470107Z   Downloaded halo2_poseidon v0.1.0
2026-09-18T15:38:54.4606711Z   Downloaded jubjub v0.10.0
2026-09-18T15:38:54.8658718Z   Downloaded once_cell v1.21.4
2026-09-18T15:38:54.8995289Z   Downloaded semver v1.0.28
2026-09-18T15:38:54.9269296Z   Downloaded sha2 v0.10.9
2026-09-18T15:38:54.9627411Z   Downloaded spin v0.9.9
2026-09-18T15:38:54.9921427Z   Downloaded static_assertions v1.1.0
2026-09-18T15:38:55.0115231Z   Downloaded uint v0.9.5
2026-09-18T15:38:55.0259886Z   Downloaded blake2 v0.10.6
2026-09-18T15:38:55.0549480Z   Downloaded getrandom v0.2.17
2026-09-18T15:38:55.1124665Z   Downloaded indexmap v1.9.3
2026-09-18T15:38:55.1529482Z   Downloaded litrs v1.0.0
2026-09-18T15:38:55.2670459Z   Downloaded proc-macro2 v1.0.107
2026-09-18T15:38:55.3904309Z   Downloaded rand_core v0.6.4
2026-09-18T15:38:55.4605621Z   Downloaded serde_derive v1.0.229
2026-09-18T15:38:55.6500210Z   Downloaded num-traits v0.2.19
2026-09-18T15:38:55.8115072Z   Downloaded postcard v1.1.3
2026-09-18T15:38:56.1276344Z   Downloaded rayon-core v1.13.0
2026-09-18T15:38:56.3566067Z   Downloaded bech32 v0.11.1
2026-09-18T15:38:56.4491431Z   Downloaded frost-core v3.0.0
2026-09-18T15:38:56.5554900Z   Downloaded heapless v0.7.17
2026-09-18T15:38:56.7086886Z   Downloaded rand v0.8.5
2026-09-18T15:38:56.7497597Z   Downloaded serde v1.0.229
2026-09-18T15:38:56.9347340Z   Downloaded serde_core v1.0.229
2026-09-18T15:38:57.0958126Z   Downloaded chacha20poly1305 v0.10.1
2026-09-18T15:38:57.1784453Z   Downloaded aes v0.8.4
2026-09-18T15:38:57.6958438Z   Downloaded num-bigint v0.4.8
2026-09-18T15:38:57.9320397Z   Downloaded unicode-ident v1.0.24
2026-09-18T15:38:58.0306098Z   Downloaded zeroize v1.9.0
2026-09-18T15:38:58.0487934Z   Downloaded typenum v1.20.1
2026-09-18T15:38:58.0808164Z   Downloaded zip32 v0.2.1
2026-09-18T15:38:58.1031713Z   Downloaded tracing-attributes v0.1.31
2026-09-18T15:38:58.1315790Z   Downloaded hashbrown v0.12.3
2026-09-18T15:38:58.1656723Z   Downloaded reddsa v0.5.2
2026-09-18T15:38:58.2314884Z   Downloaded sinsemilla v0.1.0
2026-09-18T15:38:58.2434320Z   Downloaded tracing-core v0.1.36
2026-09-18T15:38:58.2960976Z   Downloaded libm v0.2.16
2026-09-18T15:38:58.4337991Z   Downloaded itertools v0.14.0
2026-09-18T15:38:58.5087303Z   Downloaded rayon v1.12.0
2026-09-18T15:38:58.6169447Z   Downloaded zerocopy-derive v0.8.57
2026-09-18T15:38:58.7367041Z   Downloaded halo2_proofs v0.3.5
2026-09-18T15:38:59.4615538Z   Downloaded bitvec v1.1.1
2026-09-18T15:38:59.7786861Z   Downloaded halo2_gadgets v0.5.0
2026-09-18T15:38:59.8913681Z   Downloaded syn v3.0.5
2026-09-18T15:38:59.9847673Z   Downloaded pasta_curves v0.5.2
2026-09-18T15:39:00.0439396Z   Downloaded syn v2.0.119
2026-09-18T15:39:00.9977679Z   Downloaded bls12_381 v0.8.0
2026-09-18T15:39:01.2016305Z   Downloaded orchard v0.15.5
2026-09-18T15:39:02.2815749Z   Downloaded libc v0.2.189
2026-09-18T15:39:04.1111967Z   Downloaded zerocopy v0.8.57
2026-09-18T15:39:04.3236904Z   Downloaded tracing v0.1.44
2026-09-18T15:39:04.8765632Z ##[group]Run cargo test --locked --release -- --nocapture --test-threads=1
2026-09-18T15:39:04.8766247Z [36;1mcargo test --locked --release -- --nocapture --test-threads=1[0m
2026-09-18T15:39:04.8782186Z shell: C:\Program Files\Git\bin\bash.EXE --noprofile --norc -e -o pipefail {0}
2026-09-18T15:39:04.8782589Z env:
2026-09-18T15:39:04.8782767Z   RAYON_NUM_THREADS: 2
2026-09-18T15:39:04.8782976Z   CARGO_BUILD_JOBS: 2
2026-09-18T15:39:04.8783170Z ##[endgroup]
2026-09-18T15:39:05.2459427Z    Compiling cfg-if v1.0.4
2026-09-18T15:39:05.2459925Z    Compiling proc-macro2 v1.0.107
2026-09-18T15:39:05.2999265Z    Compiling getrandom v0.2.17
2026-09-18T15:39:05.4618705Z    Compiling rand_core v0.6.4
2026-09-18T15:39:05.6975019Z    Compiling unicode-ident v1.0.24
2026-09-18T15:39:05.7734597Z    Compiling quote v1.0.47
2026-09-18T15:39:07.2770887Z    Compiling version_check v0.9.5
2026-09-18T15:39:07.6242267Z    Compiling subtle v2.6.1
2026-09-18T15:39:07.7965183Z    Compiling generic-array v0.14.7
2026-09-18T15:39:08.2916262Z    Compiling typenum v1.20.1
2026-09-18T15:39:08.2993376Z    Compiling syn v2.0.119
2026-09-18T15:39:09.8308406Z    Compiling crypto-common v0.1.7
2026-09-18T15:39:09.9242022Z    Compiling radium v0.7.0
2026-09-18T15:39:10.1470618Z    Compiling tap v1.0.1
2026-09-18T15:39:10.2315032Z    Compiling wyz v0.5.1
2026-09-18T15:39:10.6476502Z    Compiling autocfg v1.5.1
2026-09-18T15:39:11.0486702Z    Compiling zerocopy v0.8.57
2026-09-18T15:39:11.3887502Z    Compiling funty v2.0.0
2026-09-18T15:39:12.9845124Z    Compiling bitvec v1.1.1
2026-09-18T15:39:14.0543054Z    Compiling zeroize_derive v1.5.0
2026-09-18T15:39:15.9130384Z    Compiling ff v0.13.1
2026-09-18T15:39:16.0360282Z    Compiling zeroize v1.9.0
2026-09-18T15:39:16.2268594Z    Compiling memuse v0.2.2
2026-09-18T15:39:16.3886950Z    Compiling crossbeam-utils v0.8.23
2026-09-18T15:39:16.6430073Z    Compiling constant_time_eq v0.4.2
2026-09-18T15:39:16.8157467Z    Compiling arrayvec v0.7.8
2026-09-18T15:39:17.0404078Z    Compiling blake2b_simd v1.0.5
2026-09-18T15:39:19.0128192Z    Compiling ppv-lite86 v0.2.21
2026-09-18T15:39:19.4201351Z    Compiling crossbeam-epoch v0.9.21
2026-09-18T15:39:20.3925241Z    Compiling rand_chacha v0.3.1
2026-09-18T15:39:20.5553485Z    Compiling group v0.13.0
2026-09-18T15:39:20.7482916Z    Compiling inout v0.1.4
2026-09-18T15:39:20.8500221Z    Compiling crossbeam-deque v0.8.8
2026-09-18T15:39:21.0454620Z    Compiling static_assertions v1.1.0
2026-09-18T15:39:21.0925892Z    Compiling spin v0.9.9
2026-09-18T15:39:21.2032778Z    Compiling cpufeatures v0.2.17
2026-09-18T15:39:21.2458098Z    Compiling lazy_static v1.5.0
2026-09-18T15:39:21.2819157Z    Compiling cipher v0.4.4
2026-09-18T15:39:21.3061367Z    Compiling rand v0.8.5
2026-09-18T15:39:22.0033179Z    Compiling rayon-core v1.13.0
2026-09-18T15:39:22.1596531Z    Compiling pasta_curves v0.5.2
2026-09-18T15:39:22.3833493Z    Compiling num-traits v0.2.19
2026-09-18T15:39:22.5529475Z    Compiling syn v3.0.5
2026-09-18T15:39:25.3042791Z    Compiling either v1.18.0
2026-09-18T15:39:27.7899834Z    Compiling indexmap v1.9.3
2026-09-18T15:39:27.9475536Z    Compiling crunchy v0.2.4
2026-09-18T15:39:28.1544428Z    Compiling once_cell v1.21.4
2026-09-18T15:39:28.3810365Z    Compiling serde_core v1.0.229
2026-09-18T15:39:28.6636794Z    Compiling tracing-core v0.1.36
2026-09-18T15:39:30.0764526Z    Compiling rayon v1.12.0
2026-09-18T15:39:33.8782855Z    Compiling tracing-attributes v0.1.31
2026-09-18T15:39:35.2594100Z    Compiling universal-hash v0.5.1
2026-09-18T15:39:35.3589680Z    Compiling block-buffer v0.10.4
2026-09-18T15:39:35.5133575Z    Compiling hex v0.4.3
2026-09-18T15:39:35.8102283Z    Compiling pin-project-lite v0.2.17
2026-09-18T15:39:35.8700095Z    Compiling thiserror v2.0.20
2026-09-18T15:39:36.1621290Z    Compiling opaque-debug v0.3.1
2026-09-18T15:39:36.2091275Z    Compiling byteorder v1.5.0
2026-09-18T15:39:36.4486336Z    Compiling serde v1.0.229
2026-09-18T15:39:36.7009458Z    Compiling libm v0.2.16
2026-09-18T15:39:36.9588684Z    Compiling hashbrown v0.12.3
2026-09-18T15:39:38.1417195Z    Compiling poly1305 v0.8.0
2026-09-18T15:39:39.0753615Z    Compiling tracing v0.1.44
2026-09-18T15:39:39.4780380Z    Compiling digest v0.10.7
2026-09-18T15:39:39.6924692Z    Compiling num-integer v0.1.47
2026-09-18T15:39:40.3428783Z    Compiling maybe-rayon v0.1.1
2026-09-18T15:39:43.0646304Z    Compiling thiserror-impl v2.0.20
2026-09-18T15:39:44.6459125Z    Compiling serde_derive v1.0.229
2026-09-18T15:39:48.4276222Z    Compiling chacha20 v0.9.1
2026-09-18T15:39:48.6444446Z    Compiling bls12_381 v0.8.0
2026-09-18T15:39:49.3125825Z    Compiling aead v0.5.2
2026-09-18T15:39:49.4549222Z    Compiling halo2_legacy_pdqsort v0.1.0
2026-09-18T15:39:49.5810723Z    Compiling halo2_proofs v0.3.5
2026-09-18T15:39:56.8997497Z    Compiling chacha20poly1305 v0.10.1
2026-09-18T15:39:57.0101214Z    Compiling jubjub v0.10.0
2026-09-18T15:40:02.3600995Z    Compiling uint v0.9.5
2026-09-18T15:40:02.4940668Z    Compiling num-bigint v0.4.8
2026-09-18T15:40:05.3315450Z    Compiling halo2_poseidon v0.1.0
2026-09-18T15:40:06.3119479Z    Compiling sinsemilla v0.1.0
2026-09-18T15:40:07.8959768Z    Compiling cbc v0.1.2
2026-09-18T15:40:08.0127331Z    Compiling zcash_spec v0.2.1
2026-09-18T15:40:08.1234049Z    Compiling base64ct v1.8.3
2026-09-18T15:40:08.4512864Z    Compiling bech32 v0.11.1
2026-09-18T15:40:08.7739558Z    Compiling password-hash v0.5.0
2026-09-18T15:40:09.0482381Z    Compiling zip32 v0.2.1
2026-09-18T15:40:09.6544038Z    Compiling fpe v0.6.1
2026-09-18T15:40:10.2251207Z    Compiling halo2_gadgets v0.5.0
2026-09-18T15:40:10.8916562Z    Compiling reddsa v0.5.2
2026-09-18T15:40:11.3527471Z    Compiling zcash_note_encryption v0.4.2
2026-09-18T15:40:11.5973996Z    Compiling blake2 v0.10.6
2026-09-18T15:40:12.2272939Z    Compiling incrementalmerkletree v0.8.1
2026-09-18T15:40:12.4693900Z    Compiling aes v0.8.4
2026-09-18T15:40:13.8911029Z    Compiling visibility v0.1.1
2026-09-18T15:40:14.1830798Z    Compiling getset v0.1.7
2026-09-18T15:40:14.7953168Z    Compiling nonempty v0.11.0
2026-09-18T15:40:14.9495186Z    Compiling corez v0.1.1
2026-09-18T15:40:14.9976929Z    Compiling orchard v0.15.5
2026-09-18T15:40:18.9842853Z    Compiling argon2 v0.5.3
2026-09-18T15:40:20.4132902Z    Compiling sha2 v0.10.9
2026-09-18T15:40:22.9899586Z    Compiling zevune-orchard-lab v0.1.0 (D:\a\Zevune\Zevune\integration\orchard)
2026-09-18T15:43:31.2574960Z     Finished `release` profile [optimized] target(s) in 4m 26s
2026-09-18T15:43:31.2714894Z      Running unittests src\lib.rs (target\release\deps\zevune_orchard_lab-8c28cc35c6365faf.exe)
2026-09-18T15:43:31.2838465Z 
2026-09-18T15:43:31.2838811Z running 163 tests
2026-09-18T15:43:31.6302283Z test pool::active::incremental::tests::allocation_callback_failure_cannot_return_a_partial_physical_plan ... ok
2026-09-18T15:43:32.6233273Z test pool::active::incremental::tests::every_reused_byte_including_later_chunks_and_sealed_segments_is_compared ... ok
2026-09-18T15:43:32.6235720Z test pool::active::incremental::tests::explicit_fill_handles_different_short_reads_and_interrupted_offsets ... ok
2026-09-18T15:43:32.6869304Z test pool::active::incremental::tests::physical_genesis_eof_and_retained_segment_lengths_fail_closed ... ok
2026-09-18T15:43:33.2171883Z test pool::active::incremental::tests::physical_ranges_cover_empty_tail_growth_and_full_size_rotation ... ok
2026-09-18T15:43:33.2175045Z test pool::active::package::tests::checked_io_retries_short_reads_writes_and_interruptions_without_skipping_bytes ... ok
2026-09-18T15:43:33.2918773Z test pool::active::package::tests::interrupted_package_writes_retain_partial_or_complete_new_files_without_retry ... ok
2026-09-18T15:43:33.3876457Z test pool::active::package::tests::interrupted_reconstruction_keeps_created_files_and_never_overwrites_them ... ok
2026-09-18T15:43:33.4294763Z test pool::active::package::tests::low_level_shape_binds_real_tail_and_source_range_end_before_creating_output ... ok
2026-09-18T15:43:33.5444440Z test pool::active::package::tests::mutations_are_detected_and_a_failed_joined_reader_cannot_resume ... ok
2026-09-18T15:43:33.5471546Z test pool::active::package::tests::prepared_parent_cannot_be_renamed_before_the_retained_owner_drops ... ok
2026-09-18T15:43:42.4282570Z test pool::active::package::tests::transport_view_and_original_creation_handles_preserve_exact_physical_layouts ... ok
2026-09-18T15:43:42.5040692Z test pool::active::tests::another_process_cannot_open_held_genesis_lock ... ok
2026-09-18T15:43:42.5042996Z test pool::active::tests::budgets_include_framing_total_tail_and_the_independent_segment_cap ... ok
2026-09-18T15:43:43.0251599Z test pool::active::tests::captured_reader_requires_each_real_eof_and_poisoned_readers_cannot_resume ... ok
2026-09-18T15:43:43.0721779Z test pool::active::tests::create_is_exclusive_bounded_and_preserves_existing_bytes ... ok
2026-09-18T15:43:43.1525270Z test pool::active::tests::early_rotation_and_split_frames_are_rejected_even_with_valid_checksums ... ok
2026-09-18T15:43:43.3379251Z test pool::active::tests::failed_next_segment_publication_keeps_all_sealed_prefix_bytes_and_no_repair ... ok
2026-09-18T15:43:43.4431131Z test pool::active::tests::full_segment_and_next_frame_rotate_canonically_without_crossing ... ok
2026-09-18T15:43:43.6023431Z test pool::active::tests::interruption_leaves_metadata_unchanged_and_preserves_the_recoverable_prefix ... ok
2026-09-18T15:43:43.6287178Z test pool::active::tests::malformed_frame_and_capacity_rejection_create_no_files_or_bytes ... ok
2026-09-18T15:43:43.6783705Z test pool::active::tests::readers_retain_the_exclusive_root_lock_and_have_independent_positions ... ok
2026-09-18T15:43:43.6863744Z test pool::active::tests::unknown_entry_after_open_is_not_ignored_or_removed ... ok
2026-09-18T15:43:43.8242913Z test pool::active::tests::unknown_missing_empty_and_truncated_segments_fail_closed_without_repair ... ok
2026-09-18T15:43:43.8401302Z test pool::active::tests::windows_retained_handles_block_file_and_directory_rename_until_drop ... ok
2026-09-18T15:43:43.8480059Z test pool::capacity_tests::capacity_accounting_matches_the_actual_record_encoder ... ok
2026-09-18T15:43:46.6159908Z test pool::capacity_tests::capacity_commit_rechecks_the_budget_and_preserves_the_source ... ok
2026-09-18T15:43:46.6518136Z test pool::capacity_tests::capacity_exact_empty_frame_commits_reopens_and_stops_cleanly ... ok
2026-09-18T15:43:46.6564164Z test pool::capacity_tests::capacity_invalid_instance_still_fails_closed ... ok
2026-09-18T15:43:46.6567026Z test pool::capacity_tests::capacity_invalid_lengths_counts_and_overflow_are_rejected ... ok
2026-09-18T15:43:46.6786655Z test pool::capacity_tests::capacity_prepare_rejects_before_unpersistable_empty_block ... ok
2026-09-18T15:43:46.6863889Z test pool::capacity_tests::capacity_rejects_before_attempting_any_candidate_authorization ... ok
2026-09-18T15:43:46.6912337Z test pool::capacity_tests::capacity_selection_requires_space_for_even_an_empty_record ... ok
2026-09-18T15:43:47.9091781Z test pool::recovery::active::incremental::tests::every_call_rechecks_both_open_archives_after_successful_planning ... ok
2026-09-18T15:43:48.4850452Z test pool::recovery::active::incremental::tests::final_full_digest_and_namespace_checks_reject_late_outside_modifications ... ok
2026-09-18T15:43:48.9510874Z test pool::recovery::active::incremental::tests::real_empty_commits_produce_exact_appended_bytes_and_immutable_checkpoints ... ok
2026-09-18T15:43:49.4084692Z test pool::recovery::active::incremental::tests::same_length_valid_replacement_after_open_cannot_reuse_an_old_success ... ok
2026-09-18T15:43:49.4812864Z test pool::recovery::active::incremental::tests::same_path_and_distinct_copy_empty_plans_keep_shared_locks_until_drop ... ok
2026-09-18T15:43:49.7483019Z test pool::recovery::active::incremental::tests::separately_verified_same_height_and_higher_forks_and_rollback_are_stale ... ok
2026-09-18T15:43:49.8460366Z test pool::recovery::active::incremental::tests::windows_planning_keeps_both_retained_names_protected_until_drop ... ok
2026-09-18T15:43:49.9599317Z test pool::recovery::active::incremental::tests::wrong_network_legacy_and_wrong_pin_are_rejected_without_changes ... ok
2026-09-18T15:43:51.0701646Z test pool::recovery::active::package::tests::final_pack_and_restored_target_changes_cannot_publish_success ... ok
2026-09-18T15:43:51.7664418Z test pool::recovery::active::package::tests::final_verify_byte_changes_do_not_reuse_previous_success_or_repair_inputs ... ok
2026-09-18T15:43:53.0498810Z test pool::recovery::active::package::tests::independently_encoded_packages_restore_exact_bytes_without_a_later_directory ... ok
2026-09-18T15:43:53.3096501Z test pool::recovery::active::package::tests::independently_valid_forks_rollback_networks_and_wrong_base_cannot_authorize_output ... ok
2026-09-18T15:43:53.4298154Z test pool::recovery::active::package::tests::new_outputs_are_exclusive_and_changed_inputs_are_rechecked_before_creation ... ok
2026-09-18T15:43:53.7662572Z test pool::recovery::active::package::tests::partial_package_and_restore_failures_keep_exact_targets_and_release_creation_handles ... ok
2026-09-18T15:43:53.8921079Z test pool::recovery::active::package::tests::repinned_early_rotation_and_split_frames_reach_the_joined_replay_gate ... ok
2026-09-18T15:43:54.0668739Z test pool::recovery::active::package::tests::shared_package_readers_keep_locks_until_last_drop_and_allow_sibling_restores ... ok
2026-09-18T15:43:54.2333913Z test pool::recovery::active::package::tests::strict_package_metadata_pins_offsets_lengths_and_eof_reject_without_writing ... ok
2026-09-18T15:43:54.3630646Z test pool::recovery::active::package::tests::windows_retained_package_and_parent_names_cannot_be_deleted_or_renamed ... ok
2026-09-18T15:43:54.3633474Z test pool::recovery::active::tests::checkpoint_codec_has_exact_length_distinct_magic_and_bounded_arithmetic ... ok
2026-09-18T15:43:54.3972602Z test pool::recovery::active::tests::checkpoint_export_preserves_prepared_work_and_never_certifies_uncommitted_bytes ... ok
2026-09-18T15:43:54.4432376Z test pool::recovery::active::tests::checkpoint_export_replays_same_length_replacement_and_never_publishes_its_state ... ok
2026-09-18T15:43:54.4714050Z test pool::recovery::active::tests::creating_a_target_is_exclusive_and_source_validation_precedes_creation ... ok
2026-09-18T15:43:54.4842142Z test pool::recovery::active::tests::exported_genesis_checkpoint_matches_independent_fixed_layout_vector ... ok
2026-09-18T15:43:54.5815787Z test pool::recovery::active::tests::final_source_and_target_namespace_changes_cannot_return_success ... ok
2026-09-18T15:43:54.7549355Z test pool::recovery::active::tests::genesis_and_committed_archive_copies_preserve_every_file_and_continue_normally ... ok
2026-09-18T15:43:54.7853428Z test pool::recovery::active::tests::incompatible_checkpoint_profiles_reject_without_poisoning_healthy_stores ... ok
2026-09-18T15:44:03.0390581Z test pool::recovery::active::tests::namespace_tests::active_archive_locks_coordinate_real_processes ... ok
2026-09-18T15:44:03.0595724Z test pool::recovery::active::tests::namespace_tests::failed_open_releases_all_acquired_file_and_directory_handles ... ok
2026-09-18T15:44:03.1167234Z test pool::recovery::active::tests::namespace_tests::readonly_source_files_copy_into_a_normally_writable_active_directory ... ok
2026-09-18T15:44:03.1362797Z test pool::recovery::active::tests::namespace_tests::unknown_entry_after_open_prevents_verification_and_creates_no_target ... ok
2026-09-18T15:44:03.1688022Z test pool::recovery::active::tests::namespace_tests::windows_files_and_directory_cannot_be_renamed_or_deleted_until_last_reader_drops ... ok
2026-09-18T15:44:03.2750948Z test pool::recovery::active::tests::partial_copies_and_lost_acknowledgements_preserve_targets_without_retry_or_repair ... ok
2026-09-18T15:44:03.3252793Z test pool::recovery::active::tests::repinned_headers_are_bounded_inside_the_physical_genesis_file ... ok
2026-09-18T15:44:03.3972639Z test pool::recovery::active::tests::repinned_layout_still_requires_complete_frames_canonical_rotation_and_real_state ... ok
2026-09-18T15:44:03.4127581Z test pool::recovery::active::tests::retained_replay_binds_the_independently_expected_genesis_after_a_same_length_change ... ok
2026-09-18T15:44:03.6270818Z test pool::recovery::segments::index::tests::all_records_locate_correctly_across_real_production_segment_boundaries ... ok
2026-09-18T15:44:03.6609036Z test pool::recovery::segments::index::tests::both_profiles_have_exact_height_locations_and_unchanged_source ... ok
2026-09-18T15:44:03.6945988Z test pool::recovery::segments::index::tests::changed_captured_length_and_wrong_pinned_tip_are_rejected ... ok
2026-09-18T15:44:03.6948449Z test pool::recovery::segments::index::tests::exact_segment_end_is_not_attributed_to_a_nonexistent_next_segment ... ok
2026-09-18T15:44:03.7110787Z test pool::recovery::segments::index::tests::genesis_only_has_no_phantom_record ... ok
2026-09-18T15:44:03.7125340Z test pool::recovery::segments::index::tests::index_builder_rejects_gaps_overlaps_wrong_heights_hashes_and_bombs ... ok
2026-09-18T15:44:03.7311440Z test pool::recovery::segments::index::tests::metadata_or_late_replay_failure_never_yields_a_prefix_index ... ok
2026-09-18T15:44:03.7314092Z test pool::recovery::segments::reader_tests::exact_payload_requires_last_segment_eof_check_before_success ... ok
2026-09-18T15:44:03.7317091Z test pool::recovery::segments::reader_tests::hard_io_failure_at_each_boundary_permanently_invalidates_reader ... ok
2026-09-18T15:44:03.7319672Z test pool::recovery::segments::reader_tests::inconsistent_private_reader_metadata_returns_error_instead_of_panicking ... ok
2026-09-18T15:44:03.7322197Z test pool::recovery::segments::reader_tests::interrupted_short_reads_and_segment_end_checks_do_not_poison_reader ... ok
2026-09-18T15:44:03.7324663Z test pool::recovery::segments::reader_tests::truncated_or_extended_segment_cannot_be_skipped_by_retry ... ok
2026-09-18T15:44:04.1067390Z test pool::recovery::segments::tests::actual_multisegment_replay_crosses_record_boundary_and_restores_exact_bytes ... ok
2026-09-18T15:44:04.1089001Z test pool::recovery::segments::tests::empty_read_does_not_advance_and_segment_eof_is_not_journal_eof ... ok
2026-09-18T15:44:04.1322198Z test pool::recovery::segments::tests::every_publication_failure_preserves_source_and_cannot_be_retried_in_place ... ok
2026-09-18T15:44:04.1325145Z test pool::recovery::segments::tests::manifest_is_exact_bounded_and_contains_no_supplied_paths ... ok
2026-09-18T15:44:04.1534699Z test pool::recovery::segments::tests::missing_extra_swapped_truncated_or_changed_segments_are_rejected ... ok
2026-09-18T15:44:04.1752006Z test pool::recovery::segments::tests::namespace_tests::extra_file_after_open_is_rejected_without_removal_or_output ... ok
2026-09-18T15:44:04.1966984Z test pool::recovery::segments::tests::namespace_tests::failed_open_releases_directory_guard_and_all_acquired_file_locks ... ok
2026-09-18T15:44:04.2343862Z test pool::recovery::segments::tests::namespace_tests::unchanged_archives_retain_multiple_readers_and_release_handles_on_drop ... ok
2026-09-18T15:44:04.2565258Z test pool::recovery::segments::tests::namespace_tests::windows_newly_packed_handles_preserve_names_without_reopening ... ok
2026-09-18T15:44:04.2791978Z test pool::recovery::segments::tests::namespace_tests::windows_open_archive_rejects_entry_and_directory_rename_until_drop ... ok
2026-09-18T15:44:04.2981846Z test pool::recovery::segments::tests::pack_and_restore_are_create_only_and_archive_readers_keep_real_locks ... ok
2026-09-18T15:44:04.3250563Z test pool::recovery::segments::tests::partial_restore_and_lost_ack_leave_explicitly_verifiable_targets ... ok
2026-09-18T15:44:04.3311171Z test pool::recovery::tests::recovery_checkpoint_codec_bounds_and_every_truncation ... ok
2026-09-18T15:44:04.3548595Z test pool::recovery::tests::recovery_full_copy_matches_and_original_keeps_prepared_block ... ok
2026-09-18T15:44:04.3640737Z test pool::recovery::tests::recovery_invalid_store_does_not_export_a_checkpoint ... ok
2026-09-18T15:44:04.3914831Z test pool::recovery::tests::recovery_partial_write_and_lost_ack_never_replace_or_repair_source ... ok
2026-09-18T15:44:04.4013681Z test pool::recovery::tests::recovery_refuses_overwrite_live_writers_links_and_unknown_paths ... ok
2026-09-18T15:44:04.4092968Z test pool::recovery::tests::recovery_untrusted_header_sizes_are_bounded_even_with_a_matching_file_hash ... ok
2026-09-18T15:44:04.4215440Z test pool::recovery::tests::recovery_wrong_state_domain_length_or_bytes_pin_rejected ... ok
2026-09-18T15:44:04.4380950Z test pool::recovery::tests::replay_integration_tests::a_shorter_valid_archive_needs_its_own_pin_not_the_later_checkpoint ... ok
2026-09-18T15:44:04.5834381Z test pool::recovery::tests::replay_integration_tests::checkpoint_export_and_archive_copy_discard_history_but_keep_the_exact_tip ... ok
2026-09-18T15:44:04.6216912Z test pool::recovery::tests::replay_integration_tests::checkpoint_export_rejects_a_valid_same_length_alternate_history ... ok
2026-09-18T15:44:04.6619138Z test pool::recovery::tests::replay_integration_tests::every_recovery_entry_uses_isolated_replay_without_per_block_state_copies ... ok
2026-09-18T15:44:04.6767056Z test pool::recovery::tests::replay_integration_tests::injected_replay_failure_keeps_lock_and_blocks_prepared_commit_without_repair ... ok
2026-09-18T15:44:04.7059636Z test pool::recovery::tests::replay_integration_tests::normal_append_handles_preserve_history_even_after_read_cursor_rewinds ... ok
2026-09-18T15:44:04.7243612Z test pool::recovery::tests::replay_integration_tests::wrong_final_result_with_new_checksums_never_returns_a_verified_archive ... ok
2026-09-18T15:44:04.7246852Z test pool::replay::tests::a_complete_shorter_prefix_still_requires_an_independent_checkpoint ... ok
2026-09-18T15:44:04.7250109Z test pool::replay::tests::checksum_mutations_and_structural_corruption_do_not_replay ... ok
2026-09-18T15:44:04.7252728Z test pool::replay::tests::declared_size_and_record_count_are_bounded_before_body_allocation ... ok
2026-09-18T15:44:04.7260765Z test pool::replay::tests::every_truncated_frame_and_appended_byte_is_rejected ... ok
2026-09-18T15:44:04.7297837Z test pool::replay::tests::finish_requires_verified_eof_and_errors_permanently_poison_replay ... ok
2026-09-18T15:44:04.7299050Z test pool::replay::tests::fragmented_reads_and_interrupted_eof_are_retried_without_skipping ... ok
2026-09-18T15:44:04.7300225Z test pool::replay::tests::input_failure_is_never_converted_to_a_successful_empty_history ... ok
2026-09-18T15:44:04.7301414Z test pool::replay::tests::io_fault_at_every_record_byte_including_final_eof_drops_the_reconstruction ... ok
2026-09-18T15:44:04.7507338Z test pool::replay::tests::maximum_record_window_is_replayed_without_copying_the_full_state_per_block ... ok
2026-09-18T15:44:04.7531736Z test pool::replay::tests::reusable_buffer_does_not_decode_stale_tail_bytes_after_a_shorter_record ... ok
2026-09-18T15:44:04.7534189Z test pool::replay::tests::shared_eof_does_not_swallow_read_errors_or_trailing_data ... ok
2026-09-18T15:44:04.7536694Z test pool::replay::tests::shared_header_and_eof_retry_interrupted_and_short_reads ... ok
2026-09-18T15:44:04.7539284Z test pool::replay::tests::shared_header_preserves_both_profiles_and_leaves_records_unread ... ok
2026-09-18T15:44:04.7541803Z test pool::replay::tests::shared_header_rejects_bounds_before_reading_commitment_payload ... ok
2026-09-18T15:44:04.7544579Z test pool::replay::tests::shared_header_rejects_unknown_network_domain_and_truncation ... ok
2026-09-18T15:44:04.7563494Z test pool::replay::tests::startup_and_wallet_history_share_replay_and_preserve_journal_bytes ... ok
2026-09-18T15:44:15.8527811Z test pool::tests::actual_two_hop_pool_commit_replay_and_corruption ... ok
2026-09-18T15:44:15.8643935Z test pool::tests::empty_pool_lock_restart_and_no_overwrite ... ok
2026-09-18T15:44:15.8695400Z test pool::tests::lost_sync_acknowledgement_remains_uncertain_until_replay ... ok
2026-09-18T15:44:15.8750352Z test pool::tests::partial_write_poison_does_not_advance_memory_or_repair_disk ... ok
2026-09-18T15:44:15.8767039Z test pool::tests::record_decoder_rejects_truncation_trailing_and_length_bombs ... ok
2026-09-18T15:44:15.8836030Z test pool::tests::tampered_prepared_result_and_resource_limits ... ok
2026-09-18T15:44:35.7131667Z test pool::wallet_flow_tests::durable_wallet_outbox_resumes_exact_real_payment_after_lost_acknowledgement ... ok
2026-09-18T15:44:35.7419138Z test pool::wallet_flow_tests::wallet_history_replay_keeps_append_cursor_and_rejects_disk_drift ... ok
2026-09-18T15:45:02.0742408Z test pool::wallet_flow_tests::wallet_nonzero_multinote_payment_change_expiry_backup_and_rescan ... ok
2026-09-18T15:45:02.4127041Z test pool::wallet_flow_tests::wallet_rejects_changed_checkpoint_ancestry_without_mutation ... ok
2026-09-18T15:45:02.4129606Z test signing_domain_vectors::every_context_component_changes_the_bound_signature_message ... ok
2026-09-18T15:45:02.4132549Z test signing_domain_vectors::legacy_and_bound_transcripts_match_independent_sha256_vectors ... ok
2026-09-18T15:45:02.9578277Z test wallet::tests::shared_witnesses_match_upstream_frontier_for_odd_and_even_trees ... ok
2026-09-18T15:45:03.0577813Z test wallet::vault::independent_kdf_vector::argon2id_matches_independent_argon2_cffi_reference ... ok
2026-09-18T15:45:03.9829813Z test wallet::vault::store::compact_tests::compacted_checkpoint_is_authenticated_but_requires_rescan_and_new_receipt ... ok
2026-09-18T15:45:04.6577083Z test wallet::vault::store::compact_tests::compaction_requires_exact_current_pin_and_never_overwrites_targets ... ok
2026-09-18T15:45:04.8191733Z test wallet::vault::store::compact_tests::corrupt_or_poisoned_source_cannot_be_compacted_into_a_fresh_looking_copy ... ok
2026-09-18T15:45:05.6048856Z test wallet::vault::store::compact_tests::partial_and_lost_ack_compaction_preserve_source_and_do_not_repair_targets ... ok
2026-09-18T15:45:06.2031583Z test wallet::vault::store::tests::authenticated_predecessor_rejects_rewritten_hash_chain_and_other_journal ... ok
2026-09-18T15:45:06.3800989Z test wallet::vault::store::tests::bounds_padding_and_live_disk_drift_fail_closed ... ok
2026-09-18T15:45:06.5112883Z test wallet::vault::store::tests::capacity_inspection_is_read_only_and_does_not_claim_synced_balance ... ok
2026-09-18T15:45:07.1867867Z test wallet::vault::store::tests::create_sync_backup_reopen_and_exact_source_protection ... ok
2026-09-18T15:45:07.8366651Z test wallet::vault::store::tests::legacy_snapshot_import_preserves_missing_outbox_reservation ... ok
2026-09-18T15:45:07.8369069Z test wallet::vault::store::tests::lock_child ... ok
2026-09-18T15:45:07.9714726Z test wallet::vault::store::tests::lock_is_enforced_across_processes ... ok
2026-09-18T15:45:08.3600758Z test wallet::vault::store::tests::lost_acknowledgement_is_uncertain_and_reopen_reconciles_complete_record ... ok
2026-09-18T15:45:08.3653345Z test wallet::vault::store::tests::missing_and_nonregular_files_are_not_created_or_repaired ... ok
2026-09-18T15:45:08.6768557Z test wallet::vault::store::tests::partial_write_poison_preserves_failure_and_never_truncates_on_reopen ... ok
2026-09-18T15:45:08.8235702Z test wallet::vault::store::tests::truncated_and_oversized_files_never_invoke_unbounded_reads ... ok
2026-09-18T15:45:09.3533654Z test wallet::vault::store::tests::valid_prefix_needs_independent_receipt_for_rollback_detection ... ok
2026-09-18T15:45:10.1998755Z test wallet::vault::tests::encrypted_roundtrip_randomization_and_wrong_password ... ok
2026-09-18T15:45:10.2087573Z test wallet::vault::tests::rejects_lengths_versions_and_kdf_bombs_before_derivation ... ok
2026-09-18T15:45:10.2178791Z test wallet::vault::tests::snapshot_rejects_noncanonical_flags_padding_and_duplicate_reservations ... ok
2026-09-18T15:45:10.2190484Z test wire::cache::tests::concurrent_success_memoization_preserves_exact_entries_and_bounds ... ok
2026-09-18T15:45:10.2193841Z test wire::cache::tests::exact_bytes_required_even_for_a_forced_digest_collision ... ok
2026-09-18T15:45:10.2196507Z test wire::cache::tests::fifo_capacity_and_duplicate_insert_are_bounded ... ok
2026-09-18T15:45:10.2198265Z test wire::cache::tests::invalid_sizes_cannot_fill_the_cache ... ok
2026-09-18T15:45:17.8406745Z test wire::fixed_key_tests::concurrent_verifiers_share_only_the_fixed_key_and_keep_real_authorization_cold ... ok
2026-09-18T15:45:17.8409172Z test worker::tests::bounded_frame_rejections ... ok
2026-09-18T15:45:17.8411796Z test worker::tests::fingerprint_matches_go_vector ... ok
2026-09-18T15:45:17.8415074Z test worker::tests::frame_roundtrip ... ok
2026-09-18T15:45:17.8417589Z 
2026-09-18T15:45:17.8418184Z test result: ok. 163 passed; 0 failed; 0 ignored; 0 measured; 0 filtered out; finished in 106.56s
2026-09-18T15:45:17.8418960Z 
2026-09-18T15:45:17.8452785Z      Running unittests src\bin\zevune-orchard-worker.rs (target\release\deps\zevune_orchard_worker-44b822ff81aab2c2.exe)
2026-09-18T15:45:17.8561049Z 
2026-09-18T15:45:17.8561324Z running 0 tests
2026-09-18T15:45:17.8561606Z 
2026-09-18T15:45:17.8562112Z test result: ok. 0 passed; 0 failed; 0 ignored; 0 measured; 0 filtered out; finished in 0.00s
2026-09-18T15:45:17.8562564Z 
2026-09-18T15:45:17.8577499Z      Running unittests src\bin\zevune-pool-worker.rs (target\release\deps\zevune_pool_worker-5279a52ee5383636.exe)
2026-09-18T15:45:17.8680697Z 
2026-09-18T15:45:17.8680929Z running 3 tests
2026-09-18T15:45:17.8684526Z test tests::block_decoder_bounds ... ok
2026-09-18T15:45:17.8686930Z test tests::frame_truncation_and_bombs ... ok
2026-09-18T15:45:17.8689705Z test tests::selection_frame_is_bounded_canonical_and_separate_from_blocks ... ok
2026-09-18T15:45:17.8690421Z 
2026-09-18T15:45:17.8691378Z test result: ok. 3 passed; 0 failed; 0 ignored; 0 measured; 0 filtered out; finished in 0.00s
2026-09-18T15:45:17.8692190Z 
2026-09-18T15:45:17.8707200Z      Running tests\active_incremental_cli.rs (target\release\deps\active_incremental_cli-2b9b5771729c4e42.exe)
2026-09-18T15:45:17.8807739Z 
2026-09-18T15:45:17.8808018Z running 0 tests
2026-09-18T15:45:17.8808485Z 
2026-09-18T15:45:17.8808823Z test result: ok. 0 passed; 0 failed; 0 ignored; 0 measured; 0 filtered out; finished in 0.00s
2026-09-18T15:45:17.8809221Z 
2026-09-18T15:45:17.8824706Z      Running tests\active_incremental_package_cli.rs (target\release\deps\active_incremental_package_cli-3727ef37cf0a6349.exe)
2026-09-18T15:45:17.8939012Z 
2026-09-18T15:45:17.8939347Z running 0 tests
2026-09-18T15:45:17.8939774Z 
2026-09-18T15:45:17.8940306Z test result: ok. 0 passed; 0 failed; 0 ignored; 0 measured; 0 filtered out; finished in 0.00s
2026-09-18T15:45:17.8941009Z 
2026-09-18T15:45:17.8957797Z      Running tests\active_recovery_cli.rs (target\release\deps\active_recovery_cli-42fb7233eb0d0852.exe)
2026-09-18T15:45:17.9062464Z 
2026-09-18T15:45:17.9062837Z running 0 tests
2026-09-18T15:45:17.9063282Z 
2026-09-18T15:45:17.9063878Z test result: ok. 0 passed; 0 failed; 0 ignored; 0 measured; 0 filtered out; finished in 0.00s
2026-09-18T15:45:17.9064551Z 
2026-09-18T15:45:17.9079647Z      Running tests\authorization_cache.rs (target\release\deps\authorization_cache-b0bc5af9f09a5cde.exe)
2026-09-18T15:45:17.9195928Z 
2026-09-18T15:45:17.9196298Z running 1 test
2026-09-18T15:45:27.9577830Z test real_authorization_reuse_rejects_changed_bytes_and_restarts_cold ... AUTH_CACHE_SAMPLE scope=authorization_only samples=32 cold_us=33540 warm_total_us=2550 transaction_bytes=9166
2026-09-18T15:45:27.9579587Z ok
2026-09-18T15:45:27.9579754Z 
2026-09-18T15:45:27.9580182Z test result: ok. 1 passed; 0 failed; 0 ignored; 0 measured; 0 filtered out; finished in 10.04s
2026-09-18T15:45:27.9580894Z 
2026-09-18T15:45:27.9605380Z      Running tests\bridge.rs (target\release\deps\bridge-2d6d87c7b4b2ce0b.exe)
2026-09-18T15:45:27.9724412Z 
2026-09-18T15:45:27.9724627Z running 1 test
2026-09-18T15:45:40.5757081Z test real_wire_roundtrip_individual_authorization_and_rejections ... ok
2026-09-18T15:45:40.5757703Z 
2026-09-18T15:45:40.5758660Z test result: ok. 1 passed; 0 failed; 0 ignored; 0 measured; 0 filtered out; finished in 12.60s
2026-09-18T15:45:40.5759282Z 
2026-09-18T15:45:40.5786286Z      Running tests\cache_state_guards.rs (target\release\deps\cache_state_guards-eb7543413700c781.exe)
2026-09-18T15:45:40.5893863Z 
2026-09-18T15:45:40.5894148Z running 0 tests
2026-09-18T15:45:40.5894475Z 
2026-09-18T15:45:40.5894988Z test result: ok. 0 passed; 0 failed; 0 ignored; 0 measured; 0 filtered out; finished in 0.00s
2026-09-18T15:45:40.5895751Z 
2026-09-18T15:45:40.5912046Z      Running tests\default_worker_policy.rs (target\release\deps\default_worker_policy-cce630c6a2942d79.exe)
2026-09-18T15:45:40.6027333Z 
2026-09-18T15:45:40.6027610Z running 1 test
2026-09-18T15:45:40.6145626Z test default_worker_refuses_explicit_funding_arguments ... ok
2026-09-18T15:45:40.6145975Z 
2026-09-18T15:45:40.6146279Z test result: ok. 1 passed; 0 failed; 0 ignored; 0 measured; 0 filtered out; finished in 0.01s
2026-09-18T15:45:40.6146644Z 
2026-09-18T15:45:40.6161279Z      Running tests\genesis_domain.rs (target\release\deps\genesis_domain-53cce6535e770980.exe)
2026-09-18T15:45:40.6267873Z 
2026-09-18T15:45:40.6268331Z running 0 tests
2026-09-18T15:45:40.6268654Z 
2026-09-18T15:45:40.6268999Z test result: ok. 0 passed; 0 failed; 0 ignored; 0 measured; 0 filtered out; finished in 0.00s
2026-09-18T15:45:40.6269482Z 
2026-09-18T15:45:40.6286309Z      Running tests\genesis_manifest_bounds.rs (target\release\deps\genesis_manifest_bounds-b329bb7a35a78467.exe)
2026-09-18T15:45:40.6389838Z 
2026-09-18T15:45:40.6390272Z running 0 tests
2026-09-18T15:45:40.6390581Z 
2026-09-18T15:45:40.6391154Z test result: ok. 0 passed; 0 failed; 0 ignored; 0 measured; 0 filtered out; finished in 0.00s
2026-09-18T15:45:40.6391892Z 
2026-09-18T15:45:40.6407270Z      Running tests\operator_cli.rs (target\release\deps\operator_cli-dd5ca677447fc622.exe)
2026-09-18T15:45:40.6509711Z 
2026-09-18T15:45:40.6510130Z running 0 tests
2026-09-18T15:45:40.6510479Z 
2026-09-18T15:45:40.6511072Z test result: ok. 0 passed; 0 failed; 0 ignored; 0 measured; 0 filtered out; finished in 0.00s
2026-09-18T15:45:40.6512081Z 
2026-09-18T15:45:40.6527007Z      Running tests\payment_preflight.rs (target\release\deps\payment_preflight-b8cb59e5503377db.exe)
2026-09-18T15:45:40.6629000Z 
2026-09-18T15:45:40.6629464Z running 0 tests
2026-09-18T15:45:40.6629799Z 
2026-09-18T15:45:40.6630321Z test result: ok. 0 passed; 0 failed; 0 ignored; 0 measured; 0 filtered out; finished in 0.00s
2026-09-18T15:45:40.6631033Z 
2026-09-18T15:45:40.6646508Z      Running tests\pool_network.rs (target\release\deps\pool_network-a81118f5b1234391.exe)
2026-09-18T15:45:40.6761532Z 
2026-09-18T15:45:40.6761869Z running 1 test
2026-09-18T15:45:50.6854178Z test zero_value_real_proof_for_consensus ... ok
2026-09-18T15:45:50.6854486Z 
2026-09-18T15:45:50.6854797Z test result: ok. 1 passed; 0 failed; 0 ignored; 0 measured; 0 filtered out; finished in 10.01s
2026-09-18T15:45:50.6855189Z 
2026-09-18T15:45:50.6881841Z      Running tests\real_bundle.rs (target\release\deps\real_bundle-a881684daa2f885f.exe)
2026-09-18T15:45:50.7001306Z 
2026-09-18T15:45:50.7001603Z running 4 tests
2026-09-18T15:45:50.7272799Z test builder_rejects_wrong_owner_and_nonmember_path ... ok
2026-09-18T15:45:50.7318297Z test raw_key_reconstruction_preserves_local_receiver ... ok
2026-09-18T15:46:00.9507364Z test real_proofs_two_hops_and_adversarial_cases ... M4_PHASE valid_proof_and_signatures_and_read_only_check: passed
2026-09-18T15:46:00.9606007Z M4_PHASE recipient_decryption_change_wrong_key_and_raw_key_recovery: passed
2026-09-18T15:46:00.9620171Z M4_PHASE network_expiry_anchor_and_value_balance_rejections: passed
2026-09-18T15:46:00.9954452Z M4_PHASE corrupted_proof_noncanonical_length_signatures_ciphertext_and_version: passed
2026-09-18T15:46:07.4288744Z M4_PHASE duplicate_checks_and_real_proof_unbacked_pool_delta_rejection: passed
2026-09-18T15:46:13.8926234Z M4_PHASE verified_receiver_note_can_be_spent_onward: passed
2026-09-18T15:46:13.8929741Z M4_METRICS {"scope":"single_process_real_crypto_not_network_latency","key_build_ms":6438.636,"first_proof_ms":3696.919,"second_proof_ms":3661.986,"negative_delta_proof_ms":3709.122,"first_verify_ms":33.960,"second_verify_ms":34.563,"first_recipient_scan_ms":2.272,"actions_per_valid_bundle":2,"proof_bytes":7264}
2026-09-18T15:46:13.8971167Z ok
2026-09-18T15:46:13.8974062Z test upstream_public_empty_root_vectors ... ok
2026-09-18T15:46:13.8974537Z 
2026-09-18T15:46:13.8974999Z test result: ok. 4 passed; 0 failed; 0 ignored; 0 measured; 0 filtered out; finished in 23.20s
2026-09-18T15:46:13.8975691Z 
2026-09-18T15:46:13.9004027Z      Running tests\recipient_domain.rs (target\release\deps\recipient_domain-a4a1e43c54e405bb.exe)
2026-09-18T15:46:13.9128063Z 
2026-09-18T15:46:13.9128469Z running 3 tests
2026-09-18T15:46:13.9312567Z test canonical_receiver_formats_preserve_legacy_without_domain_fallback ... ok
2026-09-18T15:46:13.9620872Z test network_recipient_requires_a_verified_history_not_only_keys ... ok
2026-09-18T15:46:13.9860363Z test recipient_parser_rejects_truncation_mutation_and_noncanonical_input ... ok
2026-09-18T15:46:13.9860963Z 
2026-09-18T15:46:13.9861285Z test result: ok. 3 passed; 0 failed; 0 ignored; 0 measured; 0 filtered out; finished in 0.07s
2026-09-18T15:46:13.9861672Z 
2026-09-18T15:46:13.9875473Z      Running tests\recovery_cli.rs (target\release\deps\recovery_cli-0836eefbc580395b.exe)
2026-09-18T15:46:13.9976363Z 
2026-09-18T15:46:13.9976630Z running 0 tests
2026-09-18T15:46:13.9976962Z 
2026-09-18T15:46:13.9977466Z test result: ok. 0 passed; 0 failed; 0 ignored; 0 measured; 0 filtered out; finished in 0.00s
2026-09-18T15:46:13.9978208Z 
2026-09-18T15:46:13.9993114Z      Running tests\test_genesis.rs (target\release\deps\test_genesis-44f4c43591290a73.exe)
2026-09-18T15:46:14.0091026Z 
2026-09-18T15:46:14.0091383Z running 0 tests
2026-09-18T15:46:14.0091642Z 
2026-09-18T15:46:14.0092123Z test result: ok. 0 passed; 0 failed; 0 ignored; 0 measured; 0 filtered out; finished in 0.00s
2026-09-18T15:46:14.0092912Z 
2026-09-18T15:46:14.0106273Z    Doc-tests zevune_orchard_lab
2026-09-18T15:46:14.1585985Z 
2026-09-18T15:46:14.1586489Z running 0 tests
2026-09-18T15:46:14.1586786Z 
2026-09-18T15:46:14.1587479Z test result: ok. 0 passed; 0 failed; 0 ignored; 0 measured; 0 filtered out; finished in 0.00s
2026-09-18T15:46:14.1587903Z 
2026-09-18T15:46:14.2063123Z ##[group]Run cargo clippy --locked --release --all-targets -- -D warnings
2026-09-18T15:46:14.2064436Z [36;1mcargo clippy --locked --release --all-targets -- -D warnings[0m
2026-09-18T15:46:14.2079492Z shell: C:\Program Files\Git\bin\bash.EXE --noprofile --norc -e -o pipefail {0}
2026-09-18T15:46:14.2079961Z env:
2026-09-18T15:46:14.2080196Z   RAYON_NUM_THREADS: 2
2026-09-18T15:46:14.2080473Z   CARGO_BUILD_JOBS: 2
2026-09-18T15:46:14.2080739Z ##[endgroup]
2026-09-18T15:46:15.4916634Z     Checking cfg-if v1.0.4
2026-09-18T15:46:15.4925863Z     Checking subtle v2.6.1
2026-09-18T15:46:15.5286410Z     Checking getrandom v0.2.17
2026-09-18T15:46:15.6188243Z     Checking typenum v1.20.1
2026-09-18T15:46:15.6401901Z     Checking rand_core v0.6.4
2026-09-18T15:46:15.7770827Z     Checking tap v1.0.1
2026-09-18T15:46:15.8426501Z     Checking wyz v0.5.1
2026-09-18T15:46:15.9948302Z     Checking radium v0.7.0
2026-09-18T15:46:16.1663805Z     Checking funty v2.0.0
2026-09-18T15:46:16.3345807Z     Checking generic-array v0.14.7
2026-09-18T15:46:16.6751101Z     Checking bitvec v1.1.1
2026-09-18T15:46:16.9600159Z     Checking crypto-common v0.1.7
2026-09-18T15:46:17.0405961Z     Checking zeroize v1.9.0
2026-09-18T15:46:17.1674244Z     Checking zerocopy v0.8.57
2026-09-18T15:46:18.7067792Z     Checking ff v0.13.1
2026-09-18T15:46:18.8010482Z     Checking arrayvec v0.7.8
2026-09-18T15:46:18.9747512Z     Checking constant_time_eq v0.4.2
2026-09-18T15:46:19.0620049Z     Checking memuse v0.2.2
2026-09-18T15:46:19.1830069Z     Checking blake2b_simd v1.0.5
2026-09-18T15:46:19.5691316Z     Checking crossbeam-utils v0.8.23
2026-09-18T15:46:20.0307705Z     Checking group v0.13.0
2026-09-18T15:46:20.1449175Z     Checking inout v0.1.4
2026-09-18T15:46:20.2243600Z     Checking static_assertions v1.1.0
2026-09-18T15:46:20.2685568Z     Checking cpufeatures v0.2.17
2026-09-18T15:46:20.3043995Z     Checking spin v0.9.9
2026-09-18T15:46:20.3762493Z     Checking lazy_static v1.5.0
2026-09-18T15:46:20.4203394Z     Checking cipher v0.4.4
2026-09-18T15:46:20.6065708Z     Checking crossbeam-epoch v0.9.21
2026-09-18T15:46:20.8040376Z     Checking ppv-lite86 v0.2.21
2026-09-18T15:46:20.8395004Z     Checking crossbeam-deque v0.8.8
2026-09-18T15:46:20.9758713Z     Checking either v1.18.0
2026-09-18T15:46:21.1284006Z     Checking rand_chacha v0.3.1
2026-09-18T15:46:21.1400698Z     Checking rayon-core v1.13.0
2026-09-18T15:46:21.3083867Z     Checking rand v0.8.5
2026-09-18T15:46:21.5094719Z     Checking once_cell v1.21.4
2026-09-18T15:46:21.6731629Z     Checking tracing-core v0.1.36
2026-09-18T15:46:21.8815838Z     Checking pasta_curves v0.5.2
2026-09-18T15:46:22.0042107Z     Checking rayon v1.12.0
2026-09-18T15:46:22.6708914Z     Checking num-traits v0.2.19
2026-09-18T15:46:23.2691559Z     Checking universal-hash v0.5.1
2026-09-18T15:46:23.3535548Z     Checking block-buffer v0.10.4
2026-09-18T15:46:23.4427474Z     Checking hashbrown v0.12.3
2026-09-18T15:46:23.8811307Z     Checking byteorder v1.5.0
2026-09-18T15:46:23.9599039Z     Checking pin-project-lite v0.2.17
2026-09-18T15:46:24.0173044Z     Checking opaque-debug v0.3.1
2026-09-18T15:46:24.0541741Z     Checking hex v0.4.3
2026-09-18T15:46:24.0764449Z     Checking poly1305 v0.8.0
2026-09-18T15:46:24.2616741Z     Checking tracing v0.1.44
2026-09-18T15:46:24.3184295Z     Checking maybe-rayon v0.1.1
2026-09-18T15:46:24.3607698Z     Checking indexmap v1.9.3
2026-09-18T15:46:24.4320216Z     Checking digest v0.10.7
2026-09-18T15:46:24.5978341Z     Checking num-integer v0.1.47
2026-09-18T15:46:24.7085627Z     Checking serde_core v1.0.229
2026-09-18T15:46:24.8393179Z     Checking crunchy v0.2.4
2026-09-18T15:46:24.8815450Z     Checking chacha20 v0.9.1
2026-09-18T15:46:25.0683839Z     Checking bls12_381 v0.8.0
2026-09-18T15:46:25.2296980Z     Checking aead v0.5.2
2026-09-18T15:46:25.3174813Z     Checking halo2_legacy_pdqsort v0.1.0
2026-09-18T15:46:25.4089500Z     Checking halo2_proofs v0.3.5
2026-09-18T15:46:26.7842128Z     Checking serde v1.0.229
2026-09-18T15:46:27.2585152Z     Checking chacha20poly1305 v0.10.1
2026-09-18T15:46:27.3646856Z     Checking jubjub v0.10.0
2026-09-18T15:46:27.7164315Z     Checking thiserror v2.0.20
2026-09-18T15:46:27.7843486Z     Checking uint v0.9.5
2026-09-18T15:46:27.8610065Z     Checking num-bigint v0.4.8
2026-09-18T15:46:28.0558215Z     Checking libm v0.2.16
2026-09-18T15:46:29.0102175Z     Checking halo2_poseidon v0.1.0
2026-09-18T15:46:29.0812900Z     Checking sinsemilla v0.1.0
2026-09-18T15:46:29.3242535Z     Checking cbc v0.1.2
2026-09-18T15:46:29.4121008Z     Checking zcash_spec v0.2.1
2026-09-18T15:46:29.4818054Z     Checking base64ct v1.8.3
2026-09-18T15:46:29.6906440Z     Checking bech32 v0.11.1
2026-09-18T15:46:29.9340135Z     Checking halo2_gadgets v0.5.0
2026-09-18T15:46:30.0458540Z     Checking zip32 v0.2.1
2026-09-18T15:46:30.2659807Z     Checking password-hash v0.5.0
2026-09-18T15:46:30.4933212Z     Checking fpe v0.6.1
2026-09-18T15:46:30.6952334Z     Checking reddsa v0.5.2
2026-09-18T15:46:31.3144249Z     Checking zcash_note_encryption v0.4.2
2026-09-18T15:46:31.5429822Z     Checking blake2 v0.10.6
2026-09-18T15:46:31.8023555Z     Checking incrementalmerkletree v0.8.1
2026-09-18T15:46:31.8453768Z     Checking aes v0.8.4
2026-09-18T15:46:31.9876522Z     Checking corez v0.1.1
2026-09-18T15:46:32.0620645Z     Checking nonempty v0.11.0
2026-09-18T15:46:32.2387655Z     Checking argon2 v0.5.3
2026-09-18T15:46:32.5016840Z     Checking orchard v0.15.5
2026-09-18T15:46:32.7167923Z     Checking sha2 v0.10.9
2026-09-18T15:46:34.4007582Z     Checking zevune-orchard-lab v0.1.0 (D:\a\Zevune\Zevune\integration\orchard)
2026-09-18T15:46:37.0821032Z error: call to `std::mem::drop` with a value that does not implement `Drop`. Dropping such a type only extends its contained lifetimes
2026-09-18T15:46:37.0822585Z    --> src\pool\active\package\tests.rs:354:9
2026-09-18T15:46:37.0823590Z     |
2026-09-18T15:46:37.0824265Z 354 |         drop(reader);
2026-09-18T15:46:37.0824882Z     |         ^^^^^^^^^^^^
2026-09-18T15:46:37.0825447Z     |
2026-09-18T15:46:37.0826154Z note: argument has type `pool::active::package::JoinedReader<'_, '_>`
2026-09-18T15:46:37.0827090Z    --> src\pool\active\package\tests.rs:354:14
2026-09-18T15:46:37.0827802Z     |
2026-09-18T15:46:37.0828294Z 354 |         drop(reader);
2026-09-18T15:46:37.0828879Z     |              ^^^^^^
2026-09-18T15:46:37.0829987Z     = help: for further information visit https://rust-lang.github.io/rust-clippy/rust-1.98.0/index.html#drop_non_drop
2026-09-18T15:46:37.0831340Z     = note: `-D clippy::drop-non-drop` implied by `-D warnings`
2026-09-18T15:46:37.0832338Z     = help: to override `-D warnings` add `#[allow(clippy::drop_non_drop)]`
2026-09-18T15:46:37.0833109Z 
2026-09-18T15:46:37.2644502Z error: could not compile `zevune-orchard-lab` (lib test) due to 1 previous error
2026-09-18T15:46:37.2645418Z warning: build failed, waiting for other jobs to finish...
2026-09-18T15:46:37.3984546Z ##[error]Process completed with exit code 101.
2026-09-18T15:46:37.4253621Z Post job cleanup.
2026-09-18T15:46:37.6313364Z [command]"C:\Program Files\Git\bin\git.exe" version
2026-09-18T15:46:37.6618182Z git version 2.55.0.windows.5
2026-09-18T15:46:37.6695516Z Temporarily overriding HOME='D:\a\_temp\9d437217-c5bb-4c13-a9e5-396271c971f0' before making global git config changes
2026-09-18T15:46:37.6696904Z Adding repository directory to the temporary git global config as a safe directory
2026-09-18T15:46:37.6708105Z [command]"C:\Program Files\Git\bin\git.exe" config --global --add safe.directory D:\a\Zevune\Zevune
2026-09-18T15:46:37.7048353Z [command]"C:\Program Files\Git\bin\git.exe" config --local --name-only --get-regexp core\.sshCommand
2026-09-18T15:46:37.7350562Z [command]"C:\Program Files\Git\bin\git.exe" submodule foreach --recursive "sh -c \"git config --local --name-only --get-regexp 'core\.sshCommand' && git config --local --unset-all 'core.sshCommand' || :\""
2026-09-18T15:46:38.2667318Z [command]"C:\Program Files\Git\bin\git.exe" config --local --name-only --get-regexp http\.https\:\/\/github\.com\/\.extraheader
2026-09-18T15:46:38.2961392Z [command]"C:\Program Files\Git\bin\git.exe" submodule foreach --recursive "sh -c \"git config --local --name-only --get-regexp 'http\.https\:\/\/github\.com\/\.extraheader' && git config --local --unset-all 'http.https://github.com/.extraheader' || :\""
2026-09-18T15:46:38.8352543Z Cleaning up orphan processes
2026-09-18T15:46:38.8610963Z Terminate orphan process: pid (3804) (vctip)
