2026-09-18T15:40:05.6305143Z Current runner version: '2.337.0'
2026-09-18T15:40:05.6336423Z ##[group]Runner Image Provisioner
2026-09-18T15:40:05.6337323Z Hosted Compute Agent
2026-09-18T15:40:05.6337964Z Version: 20260828.587
2026-09-18T15:40:05.6338608Z Commit: abac92662cab4cc7352de4f9f9d2e2419aad9c29
2026-09-18T15:40:05.6339314Z Build Date: 2026-08-28T16:44:25Z
2026-09-18T15:40:05.6339947Z Worker ID: {6d08a85c-5780-497c-b862-26b4ee244aeb}
2026-09-18T15:40:05.6340656Z Azure Region: westus
2026-09-18T15:40:05.6341185Z ##[endgroup]
2026-09-18T15:40:05.6342744Z ##[group]Operating System
2026-09-18T15:40:05.6343367Z Microsoft Windows Server 2025
2026-09-18T15:40:05.6344045Z 10.0.26100
2026-09-18T15:40:05.6344518Z Datacenter
2026-09-18T15:40:05.6345007Z ##[endgroup]
2026-09-18T15:40:05.6345528Z ##[group]Runner Image
2026-09-18T15:40:05.6346065Z Image: windows-2025-vs2026
2026-09-18T15:40:05.6346642Z Version: 20260907.229.1
2026-09-18T15:40:05.6348168Z Included Software: https://github.com/actions/runner-images/blob/win25-vs2026/20260907.229/images/windows/Windows2025-VS2026-Readme.md
2026-09-18T15:40:05.6350365Z Image Release: https://github.com/actions/runner-images/releases/tag/win25-vs2026%2F20260907.229
2026-09-18T15:40:05.6351349Z ##[endgroup]
2026-09-18T15:40:05.6352726Z ##[group]GITHUB_TOKEN Permissions
2026-09-18T15:40:05.6354688Z Contents: read
2026-09-18T15:40:05.6355291Z Metadata: read
2026-09-18T15:40:05.6355822Z ##[endgroup]
2026-09-18T15:40:05.6358055Z Secret source: Actions
2026-09-18T15:40:05.6358978Z Cache mode: write
2026-09-18T15:40:05.6359677Z Prepare workflow directory
2026-09-18T15:40:05.6925066Z Prepare all required actions
2026-09-18T15:40:05.6997138Z Getting action download info
2026-09-18T15:40:06.0373429Z Download action repository 'actions/checkout@08c6903cd8c0fde910a37f88322edcfb5dd907a8' (SHA:08c6903cd8c0fde910a37f88322edcfb5dd907a8)
2026-09-18T15:40:06.6792007Z Complete job name: wallet (windows-latest)
2026-09-18T15:40:06.8555584Z ##[group]Run actions/checkout@08c6903cd8c0fde910a37f88322edcfb5dd907a8
2026-09-18T15:40:06.8557151Z with:
2026-09-18T15:40:06.8557645Z   persist-credentials: false
2026-09-18T15:40:06.8558466Z   repository: youq616/Zevune
2026-09-18T15:40:06.8563194Z   token: ***
2026-09-18T15:40:06.8563667Z   ssh-strict: true
2026-09-18T15:40:06.8564135Z   ssh-user: git
2026-09-18T15:40:06.8564569Z   clean: true
2026-09-18T15:40:06.8565040Z   sparse-checkout-cone-mode: true
2026-09-18T15:40:06.8565592Z   fetch-depth: 1
2026-09-18T15:40:06.8566048Z   fetch-tags: false
2026-09-18T15:40:06.8566531Z   show-progress: true
2026-09-18T15:40:06.8567016Z   lfs: false
2026-09-18T15:40:06.8567455Z   submodules: false
2026-09-18T15:40:06.8567951Z   set-safe-directory: true
2026-09-18T15:40:06.8568719Z env:
2026-09-18T15:40:06.8569145Z   RAYON_NUM_THREADS: 2
2026-09-18T15:40:06.8569621Z   CARGO_BUILD_JOBS: 2
2026-09-18T15:40:06.8570084Z ##[endgroup]
2026-09-18T15:40:07.0208379Z Syncing repository: youq616/Zevune
2026-09-18T15:40:07.0210876Z ##[group]Getting Git version info
2026-09-18T15:40:07.0211630Z Working directory is 'D:\a\Zevune\Zevune'
2026-09-18T15:40:07.1067112Z [command]"C:\Program Files\Git\bin\git.exe" version
2026-09-18T15:40:07.7030391Z git version 2.55.0.windows.5
2026-09-18T15:40:07.7082705Z ##[endgroup]
2026-09-18T15:40:07.7108815Z Temporarily overriding HOME='D:\a\_temp\c0e2f00a-6275-4a7b-9cd6-12d5d305c1ec' before making global git config changes
2026-09-18T15:40:07.7113342Z Adding repository directory to the temporary git global config as a safe directory
2026-09-18T15:40:07.7122588Z [command]"C:\Program Files\Git\bin\git.exe" config --global --add safe.directory D:\a\Zevune\Zevune
2026-09-18T15:40:07.8142937Z Deleting the contents of 'D:\a\Zevune\Zevune'
2026-09-18T15:40:07.8151225Z ##[group]Initializing the repository
2026-09-18T15:40:07.8161873Z [command]"C:\Program Files\Git\bin\git.exe" init D:\a\Zevune\Zevune
2026-09-18T15:40:07.9363233Z Initialized empty Git repository in D:/a/Zevune/Zevune/.git/
2026-09-18T15:40:07.9414430Z [command]"C:\Program Files\Git\bin\git.exe" remote add origin https://github.com/youq616/Zevune
2026-09-18T15:40:08.0468268Z ##[endgroup]
2026-09-18T15:40:08.0470218Z ##[group]Disabling automatic garbage collection
2026-09-18T15:40:08.0472425Z [command]"C:\Program Files\Git\bin\git.exe" config --local gc.auto 0
2026-09-18T15:40:08.0808068Z ##[endgroup]
2026-09-18T15:40:08.0811341Z ##[group]Setting up auth
2026-09-18T15:40:08.0821073Z [command]"C:\Program Files\Git\bin\git.exe" config --local --name-only --get-regexp core\.sshCommand
2026-09-18T15:40:08.1159581Z [command]"C:\Program Files\Git\bin\git.exe" submodule foreach --recursive "sh -c \"git config --local --name-only --get-regexp 'core\.sshCommand' && git config --local --unset-all 'core.sshCommand' || :\""
2026-09-18T15:40:11.8021935Z [command]"C:\Program Files\Git\bin\git.exe" config --local --name-only --get-regexp http\.https\:\/\/github\.com\/\.extraheader
2026-09-18T15:40:11.8403999Z [command]"C:\Program Files\Git\bin\git.exe" submodule foreach --recursive "sh -c \"git config --local --name-only --get-regexp 'http\.https\:\/\/github\.com\/\.extraheader' && git config --local --unset-all 'http.https://github.com/.extraheader' || :\""
2026-09-18T15:40:12.5398977Z [command]"C:\Program Files\Git\bin\git.exe" config --local http.https://github.com/.extraheader "AUTHORIZATION: basic ***"
2026-09-18T15:40:12.5828864Z ##[endgroup]
2026-09-18T15:40:12.5829668Z ##[group]Fetching the repository
2026-09-18T15:40:12.5872310Z [command]"C:\Program Files\Git\bin\git.exe" -c protocol.version=2 fetch --no-tags --prune --no-recurse-submodules --depth=1 origin +aad3cfbb99350b2e8db1ac7abe718b5684a5ab1f:refs/remotes/pull/17/merge
2026-09-18T15:40:15.5237682Z From https://github.com/youq616/Zevune
2026-09-18T15:40:15.5238508Z  * [new ref]         aad3cfbb99350b2e8db1ac7abe718b5684a5ab1f -> pull/17/merge
2026-09-18T15:40:15.5283179Z ##[endgroup]
2026-09-18T15:40:15.5288118Z ##[group]Determining the checkout info
2026-09-18T15:40:15.5288829Z ##[endgroup]
2026-09-18T15:40:15.5303562Z [command]"C:\Program Files\Git\bin\git.exe" sparse-checkout disable
2026-09-18T15:40:15.5693510Z [command]"C:\Program Files\Git\bin\git.exe" config --local --unset-all extensions.worktreeConfig
2026-09-18T15:40:15.6041127Z ##[group]Checking out the ref
2026-09-18T15:40:15.6053603Z [command]"C:\Program Files\Git\bin\git.exe" checkout --progress --force refs/remotes/pull/17/merge
2026-09-18T15:40:15.9530618Z Note: switching to 'refs/remotes/pull/17/merge'.
2026-09-18T15:40:15.9531595Z 
2026-09-18T15:40:15.9532154Z You are in 'detached HEAD' state. You can look around, make experimental
2026-09-18T15:40:15.9533650Z changes and commit them, and you can discard any commits you make in this
2026-09-18T15:40:15.9535180Z state without impacting any branches by switching back to a branch.
2026-09-18T15:40:15.9536150Z 
2026-09-18T15:40:15.9536783Z If you want to create a new branch to retain commits you create, you may
2026-09-18T15:40:15.9538260Z do so (now or later) by using -c with the switch command. Example:
2026-09-18T15:40:15.9539234Z 
2026-09-18T15:40:15.9539630Z   git switch -c <new-branch-name>
2026-09-18T15:40:15.9540063Z 
2026-09-18T15:40:15.9540281Z Or undo this operation with:
2026-09-18T15:40:15.9540662Z 
2026-09-18T15:40:15.9540808Z   git switch -
2026-09-18T15:40:15.9541095Z 
2026-09-18T15:40:15.9541546Z Turn off this advice by setting config variable advice.detachedHead to false
2026-09-18T15:40:15.9542315Z 
2026-09-18T15:40:15.9543165Z HEAD is now at aad3cfb Merge f51c8db240933256870ff03c07bc68915b4ac4a1 into 2cc87a2207d502ac5cfe00ea52e525c1516917e5
2026-09-18T15:40:15.9607481Z ##[endgroup]
2026-09-18T15:40:15.9980286Z [command]"C:\Program Files\Git\bin\git.exe" log -1 --format=%H
2026-09-18T15:40:16.0267414Z aad3cfbb99350b2e8db1ac7abe718b5684a5ab1f
2026-09-18T15:40:16.0312672Z ##[group]Removing auth
2026-09-18T15:40:16.0322461Z [command]"C:\Program Files\Git\bin\git.exe" config --local --name-only --get-regexp core\.sshCommand
2026-09-18T15:40:16.0643526Z [command]"C:\Program Files\Git\bin\git.exe" submodule foreach --recursive "sh -c \"git config --local --name-only --get-regexp 'core\.sshCommand' && git config --local --unset-all 'core.sshCommand' || :\""
2026-09-18T15:40:16.6365784Z [command]"C:\Program Files\Git\bin\git.exe" config --local --name-only --get-regexp http\.https\:\/\/github\.com\/\.extraheader
2026-09-18T15:40:16.6677786Z http.https://github.com/.extraheader
2026-09-18T15:40:16.6730432Z [command]"C:\Program Files\Git\bin\git.exe" config --local --unset-all http.https://github.com/.extraheader
2026-09-18T15:40:16.7110776Z [command]"C:\Program Files\Git\bin\git.exe" submodule foreach --recursive "sh -c \"git config --local --name-only --get-regexp 'http\.https\:\/\/github\.com\/\.extraheader' && git config --local --unset-all 'http.https://github.com/.extraheader' || :\""
2026-09-18T15:40:17.2914303Z ##[endgroup]
2026-09-18T15:40:17.3306510Z ##[group]Run rustup toolchain install 1.98.1 --profile minimal --component rustfmt --component clippy
2026-09-18T15:40:17.3307463Z [36;1mrustup toolchain install 1.98.1 --profile minimal --component rustfmt --component clippy[0m
2026-09-18T15:40:17.3330106Z shell: C:\Program Files\Git\bin\bash.EXE --noprofile --norc -e -o pipefail {0}
2026-09-18T15:40:17.3330554Z env:
2026-09-18T15:40:17.3330740Z   RAYON_NUM_THREADS: 2
2026-09-18T15:40:17.3330957Z   CARGO_BUILD_JOBS: 2
2026-09-18T15:40:17.3331169Z ##[endgroup]
2026-09-18T15:40:18.9062456Z info: syncing channel updates for 1.98.1-x86_64-pc-windows-msvc
2026-09-18T15:40:19.6305901Z info: latest update on 2026-09-03 for version 1.98.1 (48a229cea 2026-09-01)
2026-09-18T15:40:19.6473683Z info: downloading 5 components
2026-09-18T15:40:29.4031463Z 
2026-09-18T15:40:29.4401088Z   1.98.1-x86_64-pc-windows-msvc installed - rustc 1.98.1 (48a229cea 2026-09-01)
2026-09-18T15:40:29.4401930Z 
2026-09-18T15:40:29.4678970Z ##[group]Run rustc --version
2026-09-18T15:40:29.4679342Z [36;1mrustc --version[0m
2026-09-18T15:40:29.4679608Z [36;1mcargo fmt --all -- --check[0m
2026-09-18T15:40:29.4679991Z [36;1mcargo metadata --locked --format-version=1 > /dev/null[0m
2026-09-18T15:40:29.4680368Z [36;1mgit diff --exit-code[0m
2026-09-18T15:40:29.4696213Z shell: C:\Program Files\Git\bin\bash.EXE --noprofile --norc -e -o pipefail {0}
2026-09-18T15:40:29.4696660Z env:
2026-09-18T15:40:29.4696849Z   RAYON_NUM_THREADS: 2
2026-09-18T15:40:29.4697068Z   CARGO_BUILD_JOBS: 2
2026-09-18T15:40:29.4697280Z ##[endgroup]
2026-09-18T15:40:30.2212163Z rustc 1.98.1 (48a229cea 2026-09-01)
2026-09-18T15:40:32.0285950Z     Updating crates.io index
2026-09-18T15:40:32.3774824Z  Downloading crates ...
2026-09-18T15:40:32.4866312Z   Downloaded atomic-polyfill v1.0.3
2026-09-18T15:40:32.5074702Z   Downloaded version_check v0.9.5
2026-09-18T15:40:32.5232642Z   Downloaded tracing-attributes v0.1.31
2026-09-18T15:40:32.5617190Z   Downloaded cpufeatures v0.2.17
2026-09-18T15:40:32.5762473Z   Downloaded embedded-io v0.4.0
2026-09-18T15:40:32.5954008Z   Downloaded getset v0.1.7
2026-09-18T15:40:32.6161238Z   Downloaded halo2_legacy_pdqsort v0.1.0
2026-09-18T15:40:32.6279311Z   Downloaded thiserror v2.0.20
2026-09-18T15:40:32.7984396Z   Downloaded uint v0.9.5
2026-09-18T15:40:32.8116548Z   Downloaded wyz v0.5.1
2026-09-18T15:40:32.8236327Z   Downloaded zcash_spec v0.2.1
2026-09-18T15:40:32.8378579Z   Downloaded zeroize v1.9.0
2026-09-18T15:40:32.8524891Z   Downloaded aead v0.5.2
2026-09-18T15:40:32.8641821Z   Downloaded subtle v2.6.1
2026-09-18T15:40:32.8774048Z   Downloaded syn v2.0.119
2026-09-18T15:40:32.9762972Z   Downloaded tap v1.0.1
2026-09-18T15:40:32.9863106Z   Downloaded universal-hash v0.5.1
2026-09-18T15:40:33.0017237Z   Downloaded zcash_note_encryption v0.4.2
2026-09-18T15:40:33.0161100Z   Downloaded zeroize_derive v1.5.0
2026-09-18T15:40:33.0284261Z   Downloaded const-crc32-nostd v1.3.1
2026-09-18T15:40:33.0375180Z   Downloaded derive-getters v0.5.0
2026-09-18T15:40:33.0765873Z   Downloaded wasi v0.11.1+wasi-snapshot-preview1
2026-09-18T15:40:33.0932979Z   Downloaded zip32 v0.2.1
2026-09-18T15:40:33.1135748Z   Downloaded crypto-common v0.1.7
2026-09-18T15:40:33.1240835Z   Downloaded serdect v0.2.0
2026-09-18T15:40:33.1446174Z   Downloaded tracing-core v0.1.36
2026-09-18T15:40:33.1711711Z   Downloaded unicode-ident v1.0.24
2026-09-18T15:40:33.2025078Z   Downloaded base16ct v0.2.0
2026-09-18T15:40:33.2178824Z   Downloaded crunchy v0.2.4
2026-09-18T15:40:33.2279588Z   Downloaded visibility v0.1.1
2026-09-18T15:40:33.2435920Z   Downloaded block-buffer v0.10.4
2026-09-18T15:40:33.2556414Z   Downloaded chacha20 v0.9.1
2026-09-18T15:40:33.2737422Z   Downloaded cobs v0.3.0
2026-09-18T15:40:33.2905267Z   Downloaded corez v0.1.1
2026-09-18T15:40:33.3130458Z   Downloaded crossbeam-deque v0.8.8
2026-09-18T15:40:33.3280948Z   Downloaded jubjub v0.10.0
2026-09-18T15:40:33.3635507Z   Downloaded num-traits v0.2.19
2026-09-18T15:40:33.3924733Z   Downloaded thiserror-impl v2.0.20
2026-09-18T15:40:33.4144977Z   Downloaded aes v0.8.4
2026-09-18T15:40:33.4489277Z   Downloaded argon2 v0.5.3
2026-09-18T15:40:33.4664702Z   Downloaded arrayvec v0.7.8
2026-09-18T15:40:33.4895615Z   Downloaded autocfg v1.5.1
2026-09-18T15:40:33.5101868Z   Downloaded base64ct v1.8.3
2026-09-18T15:40:33.5419251Z   Downloaded bech32 v0.11.1
2026-09-18T15:40:33.5734883Z   Downloaded blake2 v0.10.6
2026-09-18T15:40:33.6012628Z   Downloaded blake2b_simd v1.0.5
2026-09-18T15:40:33.6193853Z   Downloaded byteorder v1.5.0
2026-09-18T15:40:33.6344308Z   Downloaded cfg-if v1.0.4
2026-09-18T15:40:33.6488811Z   Downloaded chacha20poly1305 v0.10.1
2026-09-18T15:40:33.6637820Z   Downloaded cipher v0.4.4
2026-09-18T15:40:33.6812632Z   Downloaded constant_time_eq v0.4.2
2026-09-18T15:40:33.7064060Z   Downloaded critical-section v1.2.0
2026-09-18T15:40:33.7260987Z   Downloaded crossbeam-epoch v0.9.21
2026-09-18T15:40:33.7552517Z   Downloaded crossbeam-utils v0.8.23
2026-09-18T15:40:33.7909414Z   Downloaded frost-rerandomized v3.0.0
2026-09-18T15:40:33.8009669Z   Downloaded funty v2.0.0
2026-09-18T15:40:33.8088876Z   Downloaded digest v0.10.7
2026-09-18T15:40:33.8300899Z   Downloaded document-features v0.2.12
2026-09-18T15:40:33.8444439Z   Downloaded embedded-io v0.6.1
2026-09-18T15:40:34.3121920Z   Downloaded ff v0.13.1
2026-09-18T15:40:34.4608109Z   Downloaded generic-array v0.14.7
2026-09-18T15:40:34.4782086Z   Downloaded inout v0.1.4
2026-09-18T15:40:34.4915893Z   Downloaded lazy_static v1.5.0
2026-09-18T15:40:34.5124884Z   Downloaded lock_api v0.4.14
2026-09-18T15:40:34.5231541Z   Downloaded maybe-rayon v0.1.1
2026-09-18T15:40:34.5321277Z   Downloaded typenum v1.20.1
2026-09-18T15:40:34.5581672Z   Downloaded incrementalmerkletree v0.8.1
2026-09-18T15:40:34.5719088Z   Downloaded zerocopy-derive v0.8.57
2026-09-18T15:40:34.6931000Z   Downloaded heapless v0.7.17
2026-09-18T15:40:34.7286151Z   Downloaded hex v0.4.3
2026-09-18T15:40:34.7443403Z   Downloaded syn v3.0.5
2026-09-18T15:40:34.8382350Z   Downloaded zerocopy v0.8.57
2026-09-18T15:40:35.0823933Z   Downloaded either v1.18.0
2026-09-18T15:40:35.0986172Z   Downloaded group v0.13.0
2026-09-18T15:40:35.1158343Z   Downloaded radium v0.7.0
2026-09-18T15:40:35.1280060Z   Downloaded fpe v0.6.1
2026-09-18T15:40:35.1466534Z   Downloaded frost-core v3.0.0
2026-09-18T15:40:35.1778746Z   Downloaded memuse v0.2.2
2026-09-18T15:40:35.1922327Z   Downloaded tracing v0.1.44
2026-09-18T15:40:35.2812355Z   Downloaded halo2_poseidon v0.1.0
2026-09-18T15:40:35.2951407Z   Downloaded hash32 v0.2.1
2026-09-18T15:40:35.3110889Z   Downloaded getrandom v0.2.17
2026-09-18T15:40:35.3446730Z   Downloaded stable_deref_trait v1.2.1
2026-09-18T15:40:35.3555258Z   Downloaded cbc v0.1.2
2026-09-18T15:40:35.3794562Z   Downloaded rustc_version v0.4.1
2026-09-18T15:40:35.3930538Z   Downloaded once_cell v1.21.4
2026-09-18T15:40:35.4220850Z   Downloaded rand_core v0.6.4
2026-09-18T15:40:35.4358209Z   Downloaded password-hash v0.5.0
2026-09-18T15:40:35.4537974Z   Downloaded opaque-debug v0.3.1
2026-09-18T15:40:35.4646795Z   Downloaded ppv-lite86 v0.2.21
2026-09-18T15:40:35.4757659Z   Downloaded quote v1.0.47
2026-09-18T15:40:35.5064880Z   Downloaded rand_chacha v0.3.1
2026-09-18T15:40:35.5691488Z   Downloaded litrs v1.0.0
2026-09-18T15:40:36.1891371Z   Downloaded nonempty v0.11.0
2026-09-18T15:40:36.2027341Z   Downloaded num-integer v0.1.47
2026-09-18T15:40:36.2179263Z   Downloaded scopeguard v1.2.0
2026-09-18T15:40:36.2299917Z   Downloaded semver v1.0.28
2026-09-18T15:40:36.2555745Z   Downloaded sha2 v0.10.9
2026-09-18T15:40:36.2875996Z   Downloaded static_assertions v1.1.0
2026-09-18T15:40:36.3038286Z   Downloaded indexmap v1.9.3
2026-09-18T15:40:36.3331840Z   Downloaded pin-project-lite v0.2.17
2026-09-18T15:40:36.4089114Z   Downloaded postcard v1.1.3
2026-09-18T15:40:36.4303942Z   Downloaded serde_derive v1.0.229
2026-09-18T15:40:36.4682318Z   Downloaded hashbrown v0.12.3
2026-09-18T15:40:36.5015489Z   Downloaded poly1305 v0.8.0
2026-09-18T15:40:36.5243447Z   Downloaded proc-macro2 v1.0.107
2026-09-18T15:40:36.5548180Z   Downloaded serde_core v1.0.229
2026-09-18T15:40:36.5827781Z   Downloaded spin v0.9.9
2026-09-18T15:40:36.6048709Z   Downloaded bitvec v1.1.1
2026-09-18T15:40:36.7962000Z   Downloaded serde v1.0.229
2026-09-18T15:40:36.8271439Z   Downloaded rand v0.8.5
2026-09-18T15:40:36.8654070Z   Downloaded rayon-core v1.13.0
2026-09-18T15:40:37.8929923Z   Downloaded libm v0.2.16
2026-09-18T15:40:38.0061242Z   Downloaded num-bigint v0.4.8
2026-09-18T15:40:38.0588071Z   Downloaded reddsa v0.5.2
2026-09-18T15:40:38.1096301Z   Downloaded sinsemilla v0.1.0
2026-09-18T15:40:38.1216782Z   Downloaded itertools v0.14.0
2026-09-18T15:40:38.1903272Z   Downloaded halo2_proofs v0.3.5
2026-09-18T15:40:38.4784117Z   Downloaded rayon v1.12.0
2026-09-18T15:40:38.5759375Z   Downloaded halo2_gadgets v0.5.0
2026-09-18T15:40:38.6803090Z   Downloaded pasta_curves v0.5.2
2026-09-18T15:40:38.7364870Z   Downloaded bls12_381 v0.8.0
2026-09-18T15:40:38.7731168Z   Downloaded orchard v0.15.5
2026-09-18T15:40:38.8854833Z   Downloaded libc v0.2.189
2026-09-18T15:40:40.2590059Z ##[group]Run cargo test --locked --release -- --nocapture --test-threads=1
2026-09-18T15:40:40.2590763Z [36;1mcargo test --locked --release -- --nocapture --test-threads=1[0m
2026-09-18T15:40:40.2606525Z shell: C:\Program Files\Git\bin\bash.EXE --noprofile --norc -e -o pipefail {0}
2026-09-18T15:40:40.2606998Z env:
2026-09-18T15:40:40.2607200Z   RAYON_NUM_THREADS: 2
2026-09-18T15:40:40.2607432Z   CARGO_BUILD_JOBS: 2
2026-09-18T15:40:40.2607645Z ##[endgroup]
2026-09-18T15:40:40.6625729Z    Compiling cfg-if v1.0.4
2026-09-18T15:40:40.6626632Z    Compiling proc-macro2 v1.0.107
2026-09-18T15:40:40.7192716Z    Compiling getrandom v0.2.17
2026-09-18T15:40:40.9370006Z    Compiling rand_core v0.6.4
2026-09-18T15:40:41.2024214Z    Compiling unicode-ident v1.0.24
2026-09-18T15:40:41.2853680Z    Compiling quote v1.0.47
2026-09-18T15:40:42.4921643Z    Compiling subtle v2.6.1
2026-09-18T15:40:42.7066529Z    Compiling version_check v0.9.5
2026-09-18T15:40:43.1132222Z    Compiling generic-array v0.14.7
2026-09-18T15:40:43.7018204Z    Compiling typenum v1.20.1
2026-09-18T15:40:43.7244465Z    Compiling syn v2.0.119
2026-09-18T15:40:45.7354880Z    Compiling crypto-common v0.1.7
2026-09-18T15:40:45.8394988Z    Compiling radium v0.7.0
2026-09-18T15:40:46.0699058Z    Compiling tap v1.0.1
2026-09-18T15:40:46.1660913Z    Compiling wyz v0.5.1
2026-09-18T15:40:46.6513128Z    Compiling funty v2.0.0
2026-09-18T15:40:48.3836515Z    Compiling autocfg v1.5.1
2026-09-18T15:40:48.8459480Z    Compiling zerocopy v0.8.57
2026-09-18T15:40:49.2628372Z    Compiling bitvec v1.1.1
2026-09-18T15:40:50.3811864Z    Compiling zeroize_derive v1.5.0
2026-09-18T15:40:51.1324947Z    Compiling zeroize v1.9.0
2026-09-18T15:40:52.4399373Z    Compiling ff v0.13.1
2026-09-18T15:40:52.5632662Z    Compiling constant_time_eq v0.4.2
2026-09-18T15:40:52.7344840Z    Compiling arrayvec v0.7.8
2026-09-18T15:40:52.9692176Z    Compiling crossbeam-utils v0.8.23
2026-09-18T15:40:53.2323488Z    Compiling memuse v0.2.2
2026-09-18T15:40:53.4073666Z    Compiling blake2b_simd v1.0.5
2026-09-18T15:40:55.8833454Z    Compiling ppv-lite86 v0.2.21
2026-09-18T15:40:56.2715248Z    Compiling crossbeam-epoch v0.9.21
2026-09-18T15:40:56.5101303Z    Compiling rand_chacha v0.3.1
2026-09-18T15:40:57.4391548Z    Compiling group v0.13.0
2026-09-18T15:40:57.6320467Z    Compiling inout v0.1.4
2026-09-18T15:40:57.7407037Z    Compiling cpufeatures v0.2.17
2026-09-18T15:40:57.7871491Z    Compiling crossbeam-deque v0.8.8
2026-09-18T15:40:57.9300455Z    Compiling spin v0.9.9
2026-09-18T15:40:58.0238880Z    Compiling static_assertions v1.1.0
2026-09-18T15:40:58.0640511Z    Compiling lazy_static v1.5.0
2026-09-18T15:40:58.0763225Z    Compiling cipher v0.4.4
2026-09-18T15:40:58.3049139Z    Compiling rand v0.8.5
2026-09-18T15:40:58.6585922Z    Compiling rayon-core v1.13.0
2026-09-18T15:40:59.0221760Z    Compiling num-traits v0.2.19
2026-09-18T15:40:59.1881731Z    Compiling pasta_curves v0.5.2
2026-09-18T15:40:59.3280146Z    Compiling syn v3.0.5
2026-09-18T15:41:02.2688339Z    Compiling either v1.18.0
2026-09-18T15:41:04.9839310Z    Compiling indexmap v1.9.3
2026-09-18T15:41:05.1504831Z    Compiling serde_core v1.0.229
2026-09-18T15:41:05.4423233Z    Compiling crunchy v0.2.4
2026-09-18T15:41:05.6793050Z    Compiling once_cell v1.21.4
2026-09-18T15:41:05.8915946Z    Compiling tracing-core v0.1.36
2026-09-18T15:41:07.3869508Z    Compiling rayon v1.12.0
2026-09-18T15:41:11.3890616Z    Compiling tracing-attributes v0.1.31
2026-09-18T15:41:12.9026225Z    Compiling universal-hash v0.5.1
2026-09-18T15:41:12.9952150Z    Compiling block-buffer v0.10.4
2026-09-18T15:41:13.1119408Z    Compiling hex v0.4.3
2026-09-18T15:41:13.4060712Z    Compiling hashbrown v0.12.3
2026-09-18T15:41:14.0901852Z    Compiling opaque-debug v0.3.1
2026-09-18T15:41:14.1340481Z    Compiling byteorder v1.5.0
2026-09-18T15:41:14.3761507Z    Compiling pin-project-lite v0.2.17
2026-09-18T15:41:14.4482803Z    Compiling thiserror v2.0.20
2026-09-18T15:41:14.7721195Z    Compiling serde v1.0.229
2026-09-18T15:41:15.0443070Z    Compiling libm v0.2.16
2026-09-18T15:41:15.4551998Z    Compiling tracing v0.1.44
2026-09-18T15:41:15.9313118Z    Compiling poly1305 v0.8.0
2026-09-18T15:41:17.8838412Z    Compiling digest v0.10.7
2026-09-18T15:41:18.1602434Z    Compiling num-integer v0.1.47
2026-09-18T15:41:18.9956501Z    Compiling maybe-rayon v0.1.1
2026-09-18T15:41:22.0432424Z    Compiling thiserror-impl v2.0.20
2026-09-18T15:41:23.4857402Z    Compiling serde_derive v1.0.229
2026-09-18T15:41:27.0805363Z    Compiling chacha20 v0.9.1
2026-09-18T15:41:27.3245399Z    Compiling bls12_381 v0.8.0
2026-09-18T15:41:27.9947015Z    Compiling aead v0.5.2
2026-09-18T15:41:28.1394178Z    Compiling halo2_legacy_pdqsort v0.1.0
2026-09-18T15:41:28.2825263Z    Compiling halo2_proofs v0.3.5
2026-09-18T15:41:35.8437849Z    Compiling chacha20poly1305 v0.10.1
2026-09-18T15:41:35.9561910Z    Compiling jubjub v0.10.0
2026-09-18T15:41:42.0394989Z    Compiling uint v0.9.5
2026-09-18T15:41:42.1579063Z    Compiling num-bigint v0.4.8
2026-09-18T15:41:45.6219350Z    Compiling sinsemilla v0.1.0
2026-09-18T15:41:47.2557400Z    Compiling halo2_poseidon v0.1.0
2026-09-18T15:41:48.2425942Z    Compiling cbc v0.1.2
2026-09-18T15:41:48.3641820Z    Compiling zcash_spec v0.2.1
2026-09-18T15:41:48.4715841Z    Compiling bech32 v0.11.1
2026-09-18T15:41:48.6914957Z    Compiling base64ct v1.8.3
2026-09-18T15:41:49.0096420Z    Compiling password-hash v0.5.0
2026-09-18T15:41:49.0607516Z    Compiling zip32 v0.2.1
2026-09-18T15:41:49.6526966Z    Compiling fpe v0.6.1
2026-09-18T15:41:50.4707788Z    Compiling halo2_gadgets v0.5.0
2026-09-18T15:41:50.9617396Z    Compiling reddsa v0.5.2
2026-09-18T15:41:51.4543101Z    Compiling zcash_note_encryption v0.4.2
2026-09-18T15:41:51.7297326Z    Compiling blake2 v0.10.6
2026-09-18T15:41:52.4522944Z    Compiling incrementalmerkletree v0.8.1
2026-09-18T15:41:52.7018629Z    Compiling aes v0.8.4
2026-09-18T15:41:54.2123385Z    Compiling visibility v0.1.1
2026-09-18T15:41:54.4926555Z    Compiling getset v0.1.7
2026-09-18T15:41:55.1523523Z    Compiling corez v0.1.1
2026-09-18T15:41:55.2053900Z    Compiling nonempty v0.11.0
2026-09-18T15:41:55.3535378Z    Compiling argon2 v0.5.3
2026-09-18T15:41:56.8699762Z    Compiling orchard v0.15.5
2026-09-18T15:41:59.8639475Z    Compiling sha2 v0.10.9
2026-09-18T15:42:02.4392275Z    Compiling zevune-orchard-lab v0.1.0 (D:\a\Zevune\Zevune\integration\orchard)
2026-09-18T15:45:11.5047925Z     Finished `release` profile [optimized] target(s) in 4m 31s
2026-09-18T15:45:11.5199129Z      Running unittests src\lib.rs (target\release\deps\zevune_orchard_lab-8c28cc35c6365faf.exe)
2026-09-18T15:45:11.5337670Z 
2026-09-18T15:45:11.5337959Z running 163 tests
2026-09-18T15:45:11.5737771Z test pool::active::incremental::tests::allocation_callback_failure_cannot_return_a_partial_physical_plan ... ok
2026-09-18T15:45:11.9038011Z test pool::active::incremental::tests::every_reused_byte_including_later_chunks_and_sealed_segments_is_compared ... ok
2026-09-18T15:45:11.9039856Z test pool::active::incremental::tests::explicit_fill_handles_different_short_reads_and_interrupted_offsets ... ok
2026-09-18T15:45:11.9830260Z test pool::active::incremental::tests::physical_genesis_eof_and_retained_segment_lengths_fail_closed ... ok
2026-09-18T15:45:12.1954739Z test pool::active::incremental::tests::physical_ranges_cover_empty_tail_growth_and_full_size_rotation ... ok
2026-09-18T15:45:12.1957581Z test pool::active::package::tests::checked_io_retries_short_reads_writes_and_interruptions_without_skipping_bytes ... ok
2026-09-18T15:45:12.2766078Z test pool::active::package::tests::interrupted_package_writes_retain_partial_or_complete_new_files_without_retry ... ok
2026-09-18T15:45:12.3892838Z test pool::active::package::tests::interrupted_reconstruction_keeps_created_files_and_never_overwrites_them ... ok
2026-09-18T15:45:12.4448606Z test pool::active::package::tests::low_level_shape_binds_real_tail_and_source_range_end_before_creating_output ... ok
2026-09-18T15:45:12.5775284Z test pool::active::package::tests::mutations_are_detected_and_a_failed_joined_reader_cannot_resume ... ok
2026-09-18T15:45:12.5803971Z test pool::active::package::tests::prepared_parent_cannot_be_renamed_before_the_retained_owner_drops ... ok
2026-09-18T15:45:13.4140743Z test pool::active::package::tests::transport_view_and_original_creation_handles_preserve_exact_physical_layouts ... ok
2026-09-18T15:45:13.4494292Z test pool::active::tests::another_process_cannot_open_held_genesis_lock ... ok
2026-09-18T15:45:13.4496755Z test pool::active::tests::budgets_include_framing_total_tail_and_the_independent_segment_cap ... ok
2026-09-18T15:45:13.4841951Z test pool::active::tests::captured_reader_requires_each_real_eof_and_poisoned_readers_cannot_resume ... ok
2026-09-18T15:45:13.4970551Z test pool::active::tests::create_is_exclusive_bounded_and_preserves_existing_bytes ... ok
2026-09-18T15:45:13.5186636Z test pool::active::tests::early_rotation_and_split_frames_are_rejected_even_with_valid_checksums ... ok
2026-09-18T15:45:13.6833098Z test pool::active::tests::failed_next_segment_publication_keeps_all_sealed_prefix_bytes_and_no_repair ... ok
2026-09-18T15:45:13.7451018Z test pool::active::tests::full_segment_and_next_frame_rotate_canonically_without_crossing ... ok
2026-09-18T15:45:13.8634885Z test pool::active::tests::interruption_leaves_metadata_unchanged_and_preserves_the_recoverable_prefix ... ok
2026-09-18T15:45:13.8767637Z test pool::active::tests::malformed_frame_and_capacity_rejection_create_no_files_or_bytes ... ok
2026-09-18T15:45:13.8959508Z test pool::active::tests::readers_retain_the_exclusive_root_lock_and_have_independent_positions ... ok
2026-09-18T15:45:13.9072014Z test pool::active::tests::unknown_entry_after_open_is_not_ignored_or_removed ... ok
2026-09-18T15:45:13.9969996Z test pool::active::tests::unknown_missing_empty_and_truncated_segments_fail_closed_without_repair ... ok
2026-09-18T15:45:14.0174680Z test pool::active::tests::windows_retained_handles_block_file_and_directory_rename_until_drop ... ok
2026-09-18T15:45:14.0264164Z test pool::capacity_tests::capacity_accounting_matches_the_actual_record_encoder ... ok
2026-09-18T15:45:17.0974167Z test pool::capacity_tests::capacity_commit_rechecks_the_budget_and_preserves_the_source ... ok
2026-09-18T15:45:17.1131340Z test pool::capacity_tests::capacity_exact_empty_frame_commits_reopens_and_stops_cleanly ... ok
2026-09-18T15:45:17.1229905Z test pool::capacity_tests::capacity_invalid_instance_still_fails_closed ... ok
2026-09-18T15:45:17.1232481Z test pool::capacity_tests::capacity_invalid_lengths_counts_and_overflow_are_rejected ... ok
2026-09-18T15:45:17.1377636Z test pool::capacity_tests::capacity_prepare_rejects_before_unpersistable_empty_block ... ok
2026-09-18T15:45:17.1456838Z test pool::capacity_tests::capacity_rejects_before_attempting_any_candidate_authorization ... ok
2026-09-18T15:45:17.1556933Z test pool::capacity_tests::capacity_selection_requires_space_for_even_an_empty_record ... ok
2026-09-18T15:45:17.8436586Z test pool::recovery::active::incremental::tests::every_call_rechecks_both_open_archives_after_successful_planning ... ok
2026-09-18T15:45:18.2011721Z test pool::recovery::active::incremental::tests::final_full_digest_and_namespace_checks_reject_late_outside_modifications ... ok
2026-09-18T15:45:18.4714102Z test pool::recovery::active::incremental::tests::real_empty_commits_produce_exact_appended_bytes_and_immutable_checkpoints ... ok
2026-09-18T15:45:18.7485190Z test pool::recovery::active::incremental::tests::same_length_valid_replacement_after_open_cannot_reuse_an_old_success ... ok
2026-09-18T15:45:18.8280743Z test pool::recovery::active::incremental::tests::same_path_and_distinct_copy_empty_plans_keep_shared_locks_until_drop ... ok
2026-09-18T15:45:18.9854933Z test pool::recovery::active::incremental::tests::separately_verified_same_height_and_higher_forks_and_rollback_are_stale ... ok
2026-09-18T15:45:19.0726310Z test pool::recovery::active::incremental::tests::windows_planning_keeps_both_retained_names_protected_until_drop ... ok
2026-09-18T15:45:19.1568895Z test pool::recovery::active::incremental::tests::wrong_network_legacy_and_wrong_pin_are_rejected_without_changes ... ok
2026-09-18T15:45:19.8458669Z test pool::recovery::active::package::tests::final_pack_and_restored_target_changes_cannot_publish_success ... ok
2026-09-18T15:45:20.2770541Z test pool::recovery::active::package::tests::final_verify_byte_changes_do_not_reuse_previous_success_or_repair_inputs ... ok
2026-09-18T15:45:21.0417102Z test pool::recovery::active::package::tests::independently_encoded_packages_restore_exact_bytes_without_a_later_directory ... ok
2026-09-18T15:45:21.3726470Z test pool::recovery::active::package::tests::independently_valid_forks_rollback_networks_and_wrong_base_cannot_authorize_output ... ok
2026-09-18T15:45:21.5058602Z test pool::recovery::active::package::tests::new_outputs_are_exclusive_and_changed_inputs_are_rechecked_before_creation ... ok
2026-09-18T15:45:21.8960930Z test pool::recovery::active::package::tests::partial_package_and_restore_failures_keep_exact_targets_and_release_creation_handles ... ok
2026-09-18T15:45:22.0353626Z test pool::recovery::active::package::tests::repinned_early_rotation_and_split_frames_reach_the_joined_replay_gate ... ok
2026-09-18T15:45:22.2353253Z test pool::recovery::active::package::tests::shared_package_readers_keep_locks_until_last_drop_and_allow_sibling_restores ... ok
2026-09-18T15:45:22.4311972Z test pool::recovery::active::package::tests::strict_package_metadata_pins_offsets_lengths_and_eof_reject_without_writing ... ok
2026-09-18T15:45:22.5775661Z test pool::recovery::active::package::tests::windows_retained_package_and_parent_names_cannot_be_deleted_or_renamed ... ok
2026-09-18T15:45:22.5778153Z test pool::recovery::active::tests::checkpoint_codec_has_exact_length_distinct_magic_and_bounded_arithmetic ... ok
2026-09-18T15:45:22.6268901Z test pool::recovery::active::tests::checkpoint_export_preserves_prepared_work_and_never_certifies_uncommitted_bytes ... ok
2026-09-18T15:45:22.6940378Z test pool::recovery::active::tests::checkpoint_export_replays_same_length_replacement_and_never_publishes_its_state ... ok
2026-09-18T15:45:22.7420149Z test pool::recovery::active::tests::creating_a_target_is_exclusive_and_source_validation_precedes_creation ... ok
2026-09-18T15:45:22.7559313Z test pool::recovery::active::tests::exported_genesis_checkpoint_matches_independent_fixed_layout_vector ... ok
2026-09-18T15:45:22.8839750Z test pool::recovery::active::tests::final_source_and_target_namespace_changes_cannot_return_success ... ok
2026-09-18T15:45:23.0717399Z test pool::recovery::active::tests::genesis_and_committed_archive_copies_preserve_every_file_and_continue_normally ... ok
2026-09-18T15:45:23.1041569Z test pool::recovery::active::tests::incompatible_checkpoint_profiles_reject_without_poisoning_healthy_stores ... ok
2026-09-18T15:45:32.6573059Z test pool::recovery::active::tests::namespace_tests::active_archive_locks_coordinate_real_processes ... ok
2026-09-18T15:45:32.6813126Z test pool::recovery::active::tests::namespace_tests::failed_open_releases_all_acquired_file_and_directory_handles ... ok
2026-09-18T15:45:32.7551000Z test pool::recovery::active::tests::namespace_tests::readonly_source_files_copy_into_a_normally_writable_active_directory ... ok
2026-09-18T15:45:32.7776867Z test pool::recovery::active::tests::namespace_tests::unknown_entry_after_open_prevents_verification_and_creates_no_target ... ok
2026-09-18T15:45:32.8180124Z test pool::recovery::active::tests::namespace_tests::windows_files_and_directory_cannot_be_renamed_or_deleted_until_last_reader_drops ... ok
2026-09-18T15:45:32.9495349Z test pool::recovery::active::tests::partial_copies_and_lost_acknowledgements_preserve_targets_without_retry_or_repair ... ok
2026-09-18T15:45:33.0521170Z test pool::recovery::active::tests::repinned_headers_are_bounded_inside_the_physical_genesis_file ... ok
2026-09-18T15:45:33.1398315Z test pool::recovery::active::tests::repinned_layout_still_requires_complete_frames_canonical_rotation_and_real_state ... ok
2026-09-18T15:45:33.1629736Z test pool::recovery::active::tests::retained_replay_binds_the_independently_expected_genesis_after_a_same_length_change ... ok
2026-09-18T15:45:33.3964803Z test pool::recovery::segments::index::tests::all_records_locate_correctly_across_real_production_segment_boundaries ... ok
2026-09-18T15:45:33.4399346Z test pool::recovery::segments::index::tests::both_profiles_have_exact_height_locations_and_unchanged_source ... ok
2026-09-18T15:45:33.4781797Z test pool::recovery::segments::index::tests::changed_captured_length_and_wrong_pinned_tip_are_rejected ... ok
2026-09-18T15:45:33.4785336Z test pool::recovery::segments::index::tests::exact_segment_end_is_not_attributed_to_a_nonexistent_next_segment ... ok
2026-09-18T15:45:33.4979384Z test pool::recovery::segments::index::tests::genesis_only_has_no_phantom_record ... ok
2026-09-18T15:45:33.4994903Z test pool::recovery::segments::index::tests::index_builder_rejects_gaps_overlaps_wrong_heights_hashes_and_bombs ... ok
2026-09-18T15:45:33.5203155Z test pool::recovery::segments::index::tests::metadata_or_late_replay_failure_never_yields_a_prefix_index ... ok
2026-09-18T15:45:33.5206043Z test pool::recovery::segments::reader_tests::exact_payload_requires_last_segment_eof_check_before_success ... ok
2026-09-18T15:45:33.5208713Z test pool::recovery::segments::reader_tests::hard_io_failure_at_each_boundary_permanently_invalidates_reader ... ok
2026-09-18T15:45:33.5211605Z test pool::recovery::segments::reader_tests::inconsistent_private_reader_metadata_returns_error_instead_of_panicking ... ok
2026-09-18T15:45:33.5214185Z test pool::recovery::segments::reader_tests::interrupted_short_reads_and_segment_end_checks_do_not_poison_reader ... ok
2026-09-18T15:45:33.5216561Z test pool::recovery::segments::reader_tests::truncated_or_extended_segment_cannot_be_skipped_by_retry ... ok
2026-09-18T15:45:33.9429783Z test pool::recovery::segments::tests::actual_multisegment_replay_crosses_record_boundary_and_restores_exact_bytes ... ok
2026-09-18T15:45:33.9451414Z test pool::recovery::segments::tests::empty_read_does_not_advance_and_segment_eof_is_not_journal_eof ... ok
2026-09-18T15:45:33.9730138Z test pool::recovery::segments::tests::every_publication_failure_preserves_source_and_cannot_be_retried_in_place ... ok
2026-09-18T15:45:33.9733058Z test pool::recovery::segments::tests::manifest_is_exact_bounded_and_contains_no_supplied_paths ... ok
2026-09-18T15:45:33.9984750Z test pool::recovery::segments::tests::missing_extra_swapped_truncated_or_changed_segments_are_rejected ... ok
2026-09-18T15:45:34.0172784Z test pool::recovery::segments::tests::namespace_tests::extra_file_after_open_is_rejected_without_removal_or_output ... ok
2026-09-18T15:45:34.0343577Z test pool::recovery::segments::tests::namespace_tests::failed_open_releases_directory_guard_and_all_acquired_file_locks ... ok
2026-09-18T15:45:34.0771727Z test pool::recovery::segments::tests::namespace_tests::unchanged_archives_retain_multiple_readers_and_release_handles_on_drop ... ok
2026-09-18T15:45:34.1092531Z test pool::recovery::segments::tests::namespace_tests::windows_newly_packed_handles_preserve_names_without_reopening ... ok
2026-09-18T15:45:34.1337585Z test pool::recovery::segments::tests::namespace_tests::windows_open_archive_rejects_entry_and_directory_rename_until_drop ... ok
2026-09-18T15:45:34.1577272Z test pool::recovery::segments::tests::pack_and_restore_are_create_only_and_archive_readers_keep_real_locks ... ok
2026-09-18T15:45:34.1950397Z test pool::recovery::segments::tests::partial_restore_and_lost_ack_leave_explicitly_verifiable_targets ... ok
2026-09-18T15:45:34.2033383Z test pool::recovery::tests::recovery_checkpoint_codec_bounds_and_every_truncation ... ok
2026-09-18T15:45:34.2279291Z test pool::recovery::tests::recovery_full_copy_matches_and_original_keeps_prepared_block ... ok
2026-09-18T15:45:34.2349419Z test pool::recovery::tests::recovery_invalid_store_does_not_export_a_checkpoint ... ok
2026-09-18T15:45:34.2635324Z test pool::recovery::tests::recovery_partial_write_and_lost_ack_never_replace_or_repair_source ... ok
2026-09-18T15:45:34.2727318Z test pool::recovery::tests::recovery_refuses_overwrite_live_writers_links_and_unknown_paths ... ok
2026-09-18T15:45:34.2811637Z test pool::recovery::tests::recovery_untrusted_header_sizes_are_bounded_even_with_a_matching_file_hash ... ok
2026-09-18T15:45:34.2974037Z test pool::recovery::tests::recovery_wrong_state_domain_length_or_bytes_pin_rejected ... ok
2026-09-18T15:45:34.3168781Z test pool::recovery::tests::replay_integration_tests::a_shorter_valid_archive_needs_its_own_pin_not_the_later_checkpoint ... ok
2026-09-18T15:45:34.5358383Z test pool::recovery::tests::replay_integration_tests::checkpoint_export_and_archive_copy_discard_history_but_keep_the_exact_tip ... ok
2026-09-18T15:45:34.5906909Z test pool::recovery::tests::replay_integration_tests::checkpoint_export_rejects_a_valid_same_length_alternate_history ... ok
2026-09-18T15:45:34.6527885Z test pool::recovery::tests::replay_integration_tests::every_recovery_entry_uses_isolated_replay_without_per_block_state_copies ... ok
2026-09-18T15:45:34.6731735Z test pool::recovery::tests::replay_integration_tests::injected_replay_failure_keeps_lock_and_blocks_prepared_commit_without_repair ... ok
2026-09-18T15:45:34.7085412Z test pool::recovery::tests::replay_integration_tests::normal_append_handles_preserve_history_even_after_read_cursor_rewinds ... ok
2026-09-18T15:45:34.7438322Z test pool::recovery::tests::replay_integration_tests::wrong_final_result_with_new_checksums_never_returns_a_verified_archive ... ok
2026-09-18T15:45:34.7441717Z test pool::replay::tests::a_complete_shorter_prefix_still_requires_an_independent_checkpoint ... ok
2026-09-18T15:45:34.7445801Z test pool::replay::tests::checksum_mutations_and_structural_corruption_do_not_replay ... ok
2026-09-18T15:45:34.7448985Z test pool::replay::tests::declared_size_and_record_count_are_bounded_before_body_allocation ... ok
2026-09-18T15:45:34.7456941Z test pool::replay::tests::every_truncated_frame_and_appended_byte_is_rejected ... ok
2026-09-18T15:45:34.7460328Z test pool::replay::tests::finish_requires_verified_eof_and_errors_permanently_poison_replay ... ok
2026-09-18T15:45:34.7462698Z test pool::replay::tests::fragmented_reads_and_interrupted_eof_are_retried_without_skipping ... ok
2026-09-18T15:45:34.7465474Z test pool::replay::tests::input_failure_is_never_converted_to_a_successful_empty_history ... ok
2026-09-18T15:45:34.7471596Z test pool::replay::tests::io_fault_at_every_record_byte_including_final_eof_drops_the_reconstruction ... ok
2026-09-18T15:45:34.7704884Z test pool::replay::tests::maximum_record_window_is_replayed_without_copying_the_full_state_per_block ... ok
2026-09-18T15:45:34.7726491Z test pool::replay::tests::reusable_buffer_does_not_decode_stale_tail_bytes_after_a_shorter_record ... ok
2026-09-18T15:45:34.7729092Z test pool::replay::tests::shared_eof_does_not_swallow_read_errors_or_trailing_data ... ok
2026-09-18T15:45:34.7731692Z test pool::replay::tests::shared_header_and_eof_retry_interrupted_and_short_reads ... ok
2026-09-18T15:45:34.7734394Z test pool::replay::tests::shared_header_preserves_both_profiles_and_leaves_records_unread ... ok
2026-09-18T15:45:34.7737422Z test pool::replay::tests::shared_header_rejects_bounds_before_reading_commitment_payload ... ok
2026-09-18T15:45:34.7739996Z test pool::replay::tests::shared_header_rejects_unknown_network_domain_and_truncation ... ok
2026-09-18T15:45:34.7788108Z test pool::replay::tests::startup_and_wallet_history_share_replay_and_preserve_journal_bytes ... ok
2026-09-18T15:45:46.4220268Z test pool::tests::actual_two_hop_pool_commit_replay_and_corruption ... ok
2026-09-18T15:45:46.4398827Z test pool::tests::empty_pool_lock_restart_and_no_overwrite ... ok
2026-09-18T15:45:46.4497652Z test pool::tests::lost_sync_acknowledgement_remains_uncertain_until_replay ... ok
2026-09-18T15:45:46.4588319Z test pool::tests::partial_write_poison_does_not_advance_memory_or_repair_disk ... ok
2026-09-18T15:45:46.4605186Z test pool::tests::record_decoder_rejects_truncation_trailing_and_length_bombs ... ok
2026-09-18T15:45:46.4702733Z test pool::tests::tampered_prepared_result_and_resource_limits ... ok
2026-09-18T15:46:10.8000734Z test pool::wallet_flow_tests::durable_wallet_outbox_resumes_exact_real_payment_after_lost_acknowledgement ... ok
2026-09-18T15:46:11.6965471Z test pool::wallet_flow_tests::wallet_history_replay_keeps_append_cursor_and_rejects_disk_drift ... ok
2026-09-18T15:46:41.8583616Z test pool::wallet_flow_tests::wallet_nonzero_multinote_payment_change_expiry_backup_and_rescan ... ok
2026-09-18T15:46:42.1281697Z test pool::wallet_flow_tests::wallet_rejects_changed_checkpoint_ancestry_without_mutation ... ok
2026-09-18T15:46:42.1284055Z test signing_domain_vectors::every_context_component_changes_the_bound_signature_message ... ok
2026-09-18T15:46:42.1286677Z test signing_domain_vectors::legacy_and_bound_transcripts_match_independent_sha256_vectors ... ok
2026-09-18T15:46:42.6850099Z test wallet::tests::shared_witnesses_match_upstream_frontier_for_odd_and_even_trees ... ok
2026-09-18T15:46:42.7998615Z test wallet::vault::independent_kdf_vector::argon2id_matches_independent_argon2_cffi_reference ... ok
2026-09-18T15:46:43.7262414Z test wallet::vault::store::compact_tests::compacted_checkpoint_is_authenticated_but_requires_rescan_and_new_receipt ... ok
2026-09-18T15:46:44.4483652Z test wallet::vault::store::compact_tests::compaction_requires_exact_current_pin_and_never_overwrites_targets ... ok
2026-09-18T15:46:44.5816255Z test wallet::vault::store::compact_tests::corrupt_or_poisoned_source_cannot_be_compacted_into_a_fresh_looking_copy ... ok
2026-09-18T15:46:45.4211180Z test wallet::vault::store::compact_tests::partial_and_lost_ack_compaction_preserve_source_and_do_not_repair_targets ... ok
2026-09-18T15:46:46.0404850Z test wallet::vault::store::tests::authenticated_predecessor_rejects_rewritten_hash_chain_and_other_journal ... ok
2026-09-18T15:46:46.2063017Z test wallet::vault::store::tests::bounds_padding_and_live_disk_drift_fail_closed ... ok
2026-09-18T15:46:46.3334543Z test wallet::vault::store::tests::capacity_inspection_is_read_only_and_does_not_claim_synced_balance ... ok
2026-09-18T15:46:47.0249405Z test wallet::vault::store::tests::create_sync_backup_reopen_and_exact_source_protection ... ok
2026-09-18T15:46:47.6617485Z test wallet::vault::store::tests::legacy_snapshot_import_preserves_missing_outbox_reservation ... ok
2026-09-18T15:46:47.6619990Z test wallet::vault::store::tests::lock_child ... ok
2026-09-18T15:46:47.8146265Z test wallet::vault::store::tests::lock_is_enforced_across_processes ... ok
2026-09-18T15:46:48.2481161Z test wallet::vault::store::tests::lost_acknowledgement_is_uncertain_and_reopen_reconciles_complete_record ... ok
2026-09-18T15:46:48.2498879Z test wallet::vault::store::tests::missing_and_nonregular_files_are_not_created_or_repaired ... ok
2026-09-18T15:46:48.5312204Z test wallet::vault::store::tests::partial_write_poison_preserves_failure_and_never_truncates_on_reopen ... ok
2026-09-18T15:46:48.6616649Z test wallet::vault::store::tests::truncated_and_oversized_files_never_invoke_unbounded_reads ... ok
2026-09-18T15:46:49.2164461Z test wallet::vault::store::tests::valid_prefix_needs_independent_receipt_for_rollback_detection ... ok
2026-09-18T15:46:50.1279985Z test wallet::vault::tests::encrypted_roundtrip_randomization_and_wrong_password ... ok
2026-09-18T15:46:50.1379952Z test wallet::vault::tests::rejects_lengths_versions_and_kdf_bombs_before_derivation ... ok
2026-09-18T15:46:50.1476033Z test wallet::vault::tests::snapshot_rejects_noncanonical_flags_padding_and_duplicate_reservations ... ok
2026-09-18T15:46:50.1486809Z test wire::cache::tests::concurrent_success_memoization_preserves_exact_entries_and_bounds ... ok
2026-09-18T15:46:50.1488667Z test wire::cache::tests::exact_bytes_required_even_for_a_forced_digest_collision ... ok
2026-09-18T15:46:50.1491866Z test wire::cache::tests::fifo_capacity_and_duplicate_insert_are_bounded ... ok
2026-09-18T15:46:50.1493584Z test wire::cache::tests::invalid_sizes_cannot_fill_the_cache ... ok
2026-09-18T15:46:58.8366957Z test wire::fixed_key_tests::concurrent_verifiers_share_only_the_fixed_key_and_keep_real_authorization_cold ... ok
2026-09-18T15:46:58.8368606Z test worker::tests::bounded_frame_rejections ... ok
2026-09-18T15:46:58.8371467Z test worker::tests::fingerprint_matches_go_vector ... ok
2026-09-18T15:46:58.8374929Z test worker::tests::frame_roundtrip ... ok
2026-09-18T15:46:58.8375683Z 
2026-09-18T15:46:58.8376317Z test result: ok. 163 passed; 0 failed; 0 ignored; 0 measured; 0 filtered out; finished in 107.30s
2026-09-18T15:46:58.8377032Z 
2026-09-18T15:46:58.8431533Z      Running unittests src\bin\zevune-orchard-worker.rs (target\release\deps\zevune_orchard_worker-44b822ff81aab2c2.exe)
2026-09-18T15:46:58.8553789Z 
2026-09-18T15:46:58.8554393Z running 0 tests
2026-09-18T15:46:58.8554732Z 
2026-09-18T15:46:58.8555240Z test result: ok. 0 passed; 0 failed; 0 ignored; 0 measured; 0 filtered out; finished in 0.00s
2026-09-18T15:46:58.8555937Z 
2026-09-18T15:46:58.8574765Z      Running unittests src\bin\zevune-pool-worker.rs (target\release\deps\zevune_pool_worker-5279a52ee5383636.exe)
2026-09-18T15:46:58.8689618Z 
2026-09-18T15:46:58.8690554Z running 3 tests
2026-09-18T15:46:58.8693925Z test tests::block_decoder_bounds ... ok
2026-09-18T15:46:58.8696405Z test tests::frame_truncation_and_bombs ... ok
2026-09-18T15:46:58.8699601Z test tests::selection_frame_is_bounded_canonical_and_separate_from_blocks ... ok
2026-09-18T15:46:58.8700348Z 
2026-09-18T15:46:58.8700690Z test result: ok. 3 passed; 0 failed; 0 ignored; 0 measured; 0 filtered out; finished in 0.00s
2026-09-18T15:46:58.8701196Z 
2026-09-18T15:46:58.8724245Z      Running tests\active_incremental_cli.rs (target\release\deps\active_incremental_cli-2b9b5771729c4e42.exe)
2026-09-18T15:46:58.8850342Z 
2026-09-18T15:46:58.8851024Z running 0 tests
2026-09-18T15:46:58.8851379Z 
2026-09-18T15:46:58.8852943Z test result: ok. 0 passed; 0 failed; 0 ignored; 0 measured; 0 filtered out; finished in 0.00s
2026-09-18T15:46:58.8854042Z 
2026-09-18T15:46:58.8875184Z      Running tests\active_incremental_package_cli.rs (target\release\deps\active_incremental_package_cli-3727ef37cf0a6349.exe)
2026-09-18T15:46:58.8996960Z 
2026-09-18T15:46:58.8997585Z running 0 tests
2026-09-18T15:46:58.8997973Z 
2026-09-18T15:46:58.8998516Z test result: ok. 0 passed; 0 failed; 0 ignored; 0 measured; 0 filtered out; finished in 0.00s
2026-09-18T15:46:58.8999513Z 
2026-09-18T15:46:58.9018797Z      Running tests\active_recovery_cli.rs (target\release\deps\active_recovery_cli-42fb7233eb0d0852.exe)
2026-09-18T15:46:58.9131072Z 
2026-09-18T15:46:58.9131658Z running 0 tests
2026-09-18T15:46:58.9132039Z 
2026-09-18T15:46:58.9132591Z test result: ok. 0 passed; 0 failed; 0 ignored; 0 measured; 0 filtered out; finished in 0.00s
2026-09-18T15:46:58.9133333Z 
2026-09-18T15:46:58.9152425Z      Running tests\authorization_cache.rs (target\release\deps\authorization_cache-b0bc5af9f09a5cde.exe)
2026-09-18T15:46:58.9284450Z 
2026-09-18T15:46:58.9285082Z running 1 test
2026-09-18T15:47:11.0557025Z test real_authorization_reuse_rejects_changed_bytes_and_restarts_cold ... AUTH_CACHE_SAMPLE scope=authorization_only samples=32 cold_us=39991 warm_total_us=2634 transaction_bytes=9166
2026-09-18T15:47:11.0559036Z ok
2026-09-18T15:47:11.0559239Z 
2026-09-18T15:47:11.0559815Z test result: ok. 1 passed; 0 failed; 0 ignored; 0 measured; 0 filtered out; finished in 12.13s
2026-09-18T15:47:11.0560541Z 
2026-09-18T15:47:11.0599878Z      Running tests\bridge.rs (target\release\deps\bridge-2d6d87c7b4b2ce0b.exe)
2026-09-18T15:47:11.0738586Z 
2026-09-18T15:47:11.0739209Z running 1 test
2026-09-18T15:47:24.7504343Z test real_wire_roundtrip_individual_authorization_and_rejections ... ok
2026-09-18T15:47:24.7505494Z 
2026-09-18T15:47:24.7506625Z test result: ok. 1 passed; 0 failed; 0 ignored; 0 measured; 0 filtered out; finished in 13.68s
2026-09-18T15:47:24.7507788Z 
2026-09-18T15:47:24.7534283Z      Running tests\cache_state_guards.rs (target\release\deps\cache_state_guards-eb7543413700c781.exe)
2026-09-18T15:47:24.7646846Z 
2026-09-18T15:47:24.7647233Z running 0 tests
2026-09-18T15:47:24.7647536Z 
2026-09-18T15:47:24.7648138Z test result: ok. 0 passed; 0 failed; 0 ignored; 0 measured; 0 filtered out; finished in 0.00s
2026-09-18T15:47:24.7648928Z 
2026-09-18T15:47:24.7666750Z      Running tests\default_worker_policy.rs (target\release\deps\default_worker_policy-cce630c6a2942d79.exe)
2026-09-18T15:47:24.7790719Z 
2026-09-18T15:47:24.7791132Z running 1 test
2026-09-18T15:47:24.7908767Z test default_worker_refuses_explicit_funding_arguments ... ok
2026-09-18T15:47:24.7909255Z 
2026-09-18T15:47:24.7909693Z test result: ok. 1 passed; 0 failed; 0 ignored; 0 measured; 0 filtered out; finished in 0.01s
2026-09-18T15:47:24.7910296Z 
2026-09-18T15:47:24.7925754Z      Running tests\genesis_domain.rs (target\release\deps\genesis_domain-53cce6535e770980.exe)
2026-09-18T15:47:24.8034056Z 
2026-09-18T15:47:24.8034469Z running 0 tests
2026-09-18T15:47:24.8034746Z 
2026-09-18T15:47:24.8035144Z test result: ok. 0 passed; 0 failed; 0 ignored; 0 measured; 0 filtered out; finished in 0.00s
2026-09-18T15:47:24.8035626Z 
2026-09-18T15:47:24.8053508Z      Running tests\genesis_manifest_bounds.rs (target\release\deps\genesis_manifest_bounds-b329bb7a35a78467.exe)
2026-09-18T15:47:24.8162085Z 
2026-09-18T15:47:24.8162615Z running 0 tests
2026-09-18T15:47:24.8163001Z 
2026-09-18T15:47:24.8163670Z test result: ok. 0 passed; 0 failed; 0 ignored; 0 measured; 0 filtered out; finished in 0.00s
2026-09-18T15:47:24.8164602Z 
2026-09-18T15:47:24.8181516Z      Running tests\operator_cli.rs (target\release\deps\operator_cli-dd5ca677447fc622.exe)
2026-09-18T15:47:24.8290965Z 
2026-09-18T15:47:24.8291396Z running 0 tests
2026-09-18T15:47:24.8291761Z 
2026-09-18T15:47:24.8292395Z test result: ok. 0 passed; 0 failed; 0 ignored; 0 measured; 0 filtered out; finished in 0.00s
2026-09-18T15:47:24.8293518Z 
2026-09-18T15:47:24.8310905Z      Running tests\payment_preflight.rs (target\release\deps\payment_preflight-b8cb59e5503377db.exe)
2026-09-18T15:47:24.8424778Z 
2026-09-18T15:47:24.8425418Z running 0 tests
2026-09-18T15:47:24.8425865Z 
2026-09-18T15:47:24.8426583Z test result: ok. 0 passed; 0 failed; 0 ignored; 0 measured; 0 filtered out; finished in 0.00s
2026-09-18T15:47:24.8427689Z 
2026-09-18T15:47:24.8445433Z      Running tests\pool_network.rs (target\release\deps\pool_network-a81118f5b1234391.exe)
2026-09-18T15:47:24.8573188Z 
2026-09-18T15:47:24.8573732Z running 1 test
2026-09-18T15:47:35.0087375Z test zero_value_real_proof_for_consensus ... ok
2026-09-18T15:47:35.0087838Z 
2026-09-18T15:47:35.0088259Z test result: ok. 1 passed; 0 failed; 0 ignored; 0 measured; 0 filtered out; finished in 10.15s
2026-09-18T15:47:35.0088885Z 
2026-09-18T15:47:35.0121136Z      Running tests\real_bundle.rs (target\release\deps\real_bundle-a881684daa2f885f.exe)
2026-09-18T15:47:35.0258876Z 
2026-09-18T15:47:35.0259265Z running 4 tests
2026-09-18T15:47:35.0535879Z test builder_rejects_wrong_owner_and_nonmember_path ... ok
2026-09-18T15:47:35.0583260Z test raw_key_reconstruction_preserves_local_receiver ... ok
2026-09-18T15:47:46.6560956Z test real_proofs_two_hops_and_adversarial_cases ... M4_PHASE valid_proof_and_signatures_and_read_only_check: passed
2026-09-18T15:47:46.6702575Z M4_PHASE recipient_decryption_change_wrong_key_and_raw_key_recovery: passed
2026-09-18T15:47:46.6719692Z M4_PHASE network_expiry_anchor_and_value_balance_rejections: passed
2026-09-18T15:47:46.7107687Z M4_PHASE corrupted_proof_noncanonical_length_signatures_ciphertext_and_version: passed
2026-09-18T15:47:54.3253739Z M4_PHASE duplicate_checks_and_real_proof_unbacked_pool_delta_rejection: passed
2026-09-18T15:48:02.1645949Z M4_PHASE verified_receiver_note_can_be_spent_onward: passed
2026-09-18T15:48:02.1650746Z M4_METRICS {"scope":"single_process_real_crypto_not_network_latency","key_build_ms":6965.669,"first_proof_ms":4541.351,"second_proof_ms":4593.801,"negative_delta_proof_ms":4438.504,"first_verify_ms":39.394,"second_verify_ms":39.279,"first_recipient_scan_ms":2.951,"actions_per_valid_bundle":2,"proof_bytes":7264}
2026-09-18T15:48:02.1699385Z ok
2026-09-18T15:48:02.1703635Z test upstream_public_empty_root_vectors ... ok
2026-09-18T15:48:02.1704311Z 
2026-09-18T15:48:02.1705393Z test result: ok. 4 passed; 0 failed; 0 ignored; 0 measured; 0 filtered out; finished in 27.14s
2026-09-18T15:48:02.1706653Z 
2026-09-18T15:48:02.1740099Z      Running tests\recipient_domain.rs (target\release\deps\recipient_domain-a4a1e43c54e405bb.exe)
2026-09-18T15:48:02.1876479Z 
2026-09-18T15:48:02.1877173Z running 3 tests
2026-09-18T15:48:02.2074389Z test canonical_receiver_formats_preserve_legacy_without_domain_fallback ... ok
2026-09-18T15:48:02.2380766Z test network_recipient_requires_a_verified_history_not_only_keys ... ok
2026-09-18T15:48:02.2634344Z test recipient_parser_rejects_truncation_mutation_and_noncanonical_input ... ok
2026-09-18T15:48:02.2635200Z 
2026-09-18T15:48:02.2636312Z test result: ok. 3 passed; 0 failed; 0 ignored; 0 measured; 0 filtered out; finished in 0.08s
2026-09-18T15:48:02.2637358Z 
2026-09-18T15:48:02.2658872Z      Running tests\recovery_cli.rs (target\release\deps\recovery_cli-0836eefbc580395b.exe)
2026-09-18T15:48:02.2779010Z 
2026-09-18T15:48:02.2779629Z running 0 tests
2026-09-18T15:48:02.2780024Z 
2026-09-18T15:48:02.2780588Z test result: ok. 0 passed; 0 failed; 0 ignored; 0 measured; 0 filtered out; finished in 0.00s
2026-09-18T15:48:02.2781332Z 
2026-09-18T15:48:02.2800735Z      Running tests\test_genesis.rs (target\release\deps\test_genesis-44f4c43591290a73.exe)
2026-09-18T15:48:02.2912602Z 
2026-09-18T15:48:02.2913369Z running 0 tests
2026-09-18T15:48:02.2913743Z 
2026-09-18T15:48:02.2914491Z test result: ok. 0 passed; 0 failed; 0 ignored; 0 measured; 0 filtered out; finished in 0.00s
2026-09-18T15:48:02.2915314Z 
2026-09-18T15:48:02.2932668Z    Doc-tests zevune_orchard_lab
2026-09-18T15:48:02.4721369Z 
2026-09-18T15:48:02.4722391Z running 0 tests
2026-09-18T15:48:02.4722877Z 
2026-09-18T15:48:02.4723480Z test result: ok. 0 passed; 0 failed; 0 ignored; 0 measured; 0 filtered out; finished in 0.00s
2026-09-18T15:48:02.4724306Z 
2026-09-18T15:48:02.5186116Z ##[group]Run cargo clippy --locked --release --all-targets -- -D warnings
2026-09-18T15:48:02.5187256Z [36;1mcargo clippy --locked --release --all-targets -- -D warnings[0m
2026-09-18T15:48:02.5210292Z shell: C:\Program Files\Git\bin\bash.EXE --noprofile --norc -e -o pipefail {0}
2026-09-18T15:48:02.5211008Z env:
2026-09-18T15:48:02.5211366Z   RAYON_NUM_THREADS: 2
2026-09-18T15:48:02.5211786Z   CARGO_BUILD_JOBS: 2
2026-09-18T15:48:02.5212172Z ##[endgroup]
2026-09-18T15:48:03.6637957Z     Checking cfg-if v1.0.4
2026-09-18T15:48:03.6648348Z     Checking subtle v2.6.1
2026-09-18T15:48:03.7188353Z     Checking getrandom v0.2.17
2026-09-18T15:48:03.8279845Z     Checking typenum v1.20.1
2026-09-18T15:48:03.8496572Z     Checking rand_core v0.6.4
2026-09-18T15:48:03.9977551Z     Checking tap v1.0.1
2026-09-18T15:48:04.0820287Z     Checking wyz v0.5.1
2026-09-18T15:48:04.2488198Z     Checking radium v0.7.0
2026-09-18T15:48:04.4141702Z     Checking funty v2.0.0
2026-09-18T15:48:04.6874355Z     Checking generic-array v0.14.7
2026-09-18T15:48:04.9075667Z     Checking bitvec v1.1.1
2026-09-18T15:48:05.2599165Z     Checking crypto-common v0.1.7
2026-09-18T15:48:05.3410232Z     Checking zeroize v1.9.0
2026-09-18T15:48:05.4709969Z     Checking zerocopy v0.8.57
2026-09-18T15:48:06.9768610Z     Checking ff v0.13.1
2026-09-18T15:48:07.0772037Z     Checking memuse v0.2.2
2026-09-18T15:48:07.2061289Z     Checking arrayvec v0.7.8
2026-09-18T15:48:07.3877062Z     Checking constant_time_eq v0.4.2
2026-09-18T15:48:07.4841557Z     Checking blake2b_simd v1.0.5
2026-09-18T15:48:07.9515793Z     Checking crossbeam-utils v0.8.23
2026-09-18T15:48:08.3132567Z     Checking group v0.13.0
2026-09-18T15:48:08.4447331Z     Checking inout v0.1.4
2026-09-18T15:48:08.5229996Z     Checking static_assertions v1.1.0
2026-09-18T15:48:08.5740108Z     Checking cpufeatures v0.2.17
2026-09-18T15:48:08.6160344Z     Checking spin v0.9.9
2026-09-18T15:48:08.6943125Z     Checking lazy_static v1.5.0
2026-09-18T15:48:08.7414938Z     Checking cipher v0.4.4
2026-09-18T15:48:08.9054273Z     Checking crossbeam-epoch v0.9.21
2026-09-18T15:48:09.1397489Z     Checking crossbeam-deque v0.8.8
2026-09-18T15:48:09.3373486Z     Checking either v1.18.0
2026-09-18T15:48:09.4194076Z     Checking ppv-lite86 v0.2.21
2026-09-18T15:48:09.5001425Z     Checking rayon-core v1.13.0
2026-09-18T15:48:09.7296464Z     Checking rand_chacha v0.3.1
2026-09-18T15:48:09.8642970Z     Checking once_cell v1.21.4
2026-09-18T15:48:09.9123657Z     Checking rand v0.8.5
2026-09-18T15:48:10.0130705Z     Checking tracing-core v0.1.36
2026-09-18T15:48:10.3508966Z     Checking rayon v1.12.0
2026-09-18T15:48:10.4884470Z     Checking pasta_curves v0.5.2
2026-09-18T15:48:11.2229664Z     Checking num-traits v0.2.19
2026-09-18T15:48:11.8229349Z     Checking universal-hash v0.5.1
2026-09-18T15:48:11.9002301Z     Checking block-buffer v0.10.4
2026-09-18T15:48:11.9865204Z     Checking opaque-debug v0.3.1
2026-09-18T15:48:12.0216908Z     Checking byteorder v1.5.0
2026-09-18T15:48:12.2005825Z     Checking hex v0.4.3
2026-09-18T15:48:12.2999832Z     Checking pin-project-lite v0.2.17
2026-09-18T15:48:12.3561155Z     Checking hashbrown v0.12.3
2026-09-18T15:48:12.4271876Z     Checking tracing v0.1.44
2026-09-18T15:48:12.5930535Z     Checking maybe-rayon v0.1.1
2026-09-18T15:48:12.6421279Z     Checking poly1305 v0.8.0
2026-09-18T15:48:12.8302304Z     Checking indexmap v1.9.3
2026-09-18T15:48:12.8965553Z     Checking digest v0.10.7
2026-09-18T15:48:13.0657110Z     Checking num-integer v0.1.47
2026-09-18T15:48:13.1768690Z     Checking crunchy v0.2.4
2026-09-18T15:48:13.2240983Z     Checking serde_core v1.0.229
2026-09-18T15:48:13.3048843Z     Checking chacha20 v0.9.1
2026-09-18T15:48:13.4714607Z     Checking bls12_381 v0.8.0
2026-09-18T15:48:13.6230190Z     Checking aead v0.5.2
2026-09-18T15:48:13.7205736Z     Checking halo2_legacy_pdqsort v0.1.0
2026-09-18T15:48:13.8163096Z     Checking halo2_proofs v0.3.5
2026-09-18T15:48:15.5742039Z     Checking serde v1.0.229
2026-09-18T15:48:16.1777964Z     Checking chacha20poly1305 v0.10.1
2026-09-18T15:48:16.2841831Z     Checking jubjub v0.10.0
2026-09-18T15:48:16.6897869Z     Checking thiserror v2.0.20
2026-09-18T15:48:16.7735692Z     Checking num-bigint v0.4.8
2026-09-18T15:48:17.1831534Z     Checking uint v0.9.5
2026-09-18T15:48:17.2810504Z     Checking libm v0.2.16
2026-09-18T15:48:18.3423410Z     Checking halo2_poseidon v0.1.0
2026-09-18T15:48:18.6402245Z     Checking sinsemilla v0.1.0
2026-09-18T15:48:18.7720372Z     Checking cbc v0.1.2
2026-09-18T15:48:18.8782873Z     Checking zcash_spec v0.2.1
2026-09-18T15:48:18.9567503Z     Checking bech32 v0.11.1
2026-09-18T15:48:19.4120267Z     Checking base64ct v1.8.3
2026-09-18T15:48:19.5976011Z     Checking halo2_gadgets v0.5.0
2026-09-18T15:48:19.7082959Z     Checking password-hash v0.5.0
2026-09-18T15:48:20.0016046Z     Checking zip32 v0.2.1
2026-09-18T15:48:20.2402590Z     Checking fpe v0.6.1
2026-09-18T15:48:20.4911495Z     Checking reddsa v0.5.2
2026-09-18T15:48:20.8573456Z     Checking zcash_note_encryption v0.4.2
2026-09-18T15:48:21.0525086Z     Checking blake2 v0.10.6
2026-09-18T15:48:21.3603331Z     Checking incrementalmerkletree v0.8.1
2026-09-18T15:48:21.4508531Z     Checking aes v0.8.4
2026-09-18T15:48:21.5541151Z     Checking corez v0.1.1
2026-09-18T15:48:21.6092828Z     Checking nonempty v0.11.0
2026-09-18T15:48:21.7606389Z     Checking argon2 v0.5.3
2026-09-18T15:48:22.0646591Z     Checking orchard v0.15.5
2026-09-18T15:48:22.2064273Z     Checking sha2 v0.10.9
2026-09-18T15:48:23.9611326Z     Checking zevune-orchard-lab v0.1.0 (D:\a\Zevune\Zevune\integration\orchard)
2026-09-18T15:48:27.0586118Z error: call to `std::mem::drop` with a value that does not implement `Drop`. Dropping such a type only extends its contained lifetimes
2026-09-18T15:48:27.0587759Z    --> src\pool\active\package\tests.rs:354:9
2026-09-18T15:48:27.0588433Z     |
2026-09-18T15:48:27.0588960Z 354 |         drop(reader);
2026-09-18T15:48:27.0589515Z     |         ^^^^^^^^^^^^
2026-09-18T15:48:27.0590035Z     |
2026-09-18T15:48:27.0590644Z note: argument has type `pool::active::package::JoinedReader<'_, '_>`
2026-09-18T15:48:27.0591478Z    --> src\pool\active\package\tests.rs:354:14
2026-09-18T15:48:27.0592111Z     |
2026-09-18T15:48:27.0592533Z 354 |         drop(reader);
2026-09-18T15:48:27.0593050Z     |              ^^^^^^
2026-09-18T15:48:27.0594077Z     = help: for further information visit https://rust-lang.github.io/rust-clippy/rust-1.98.0/index.html#drop_non_drop
2026-09-18T15:48:27.0595248Z     = note: `-D clippy::drop-non-drop` implied by `-D warnings`
2026-09-18T15:48:27.0596089Z     = help: to override `-D warnings` add `#[allow(clippy::drop_non_drop)]`
2026-09-18T15:48:27.0596688Z 
2026-09-18T15:48:27.3218138Z error: could not compile `zevune-orchard-lab` (lib test) due to 1 previous error
2026-09-18T15:48:27.3219118Z warning: build failed, waiting for other jobs to finish...
2026-09-18T15:48:27.4282678Z ##[error]Process completed with exit code 101.
2026-09-18T15:48:27.4612601Z Post job cleanup.
2026-09-18T15:48:27.7458621Z [command]"C:\Program Files\Git\bin\git.exe" version
2026-09-18T15:48:27.7905692Z git version 2.55.0.windows.5
2026-09-18T15:48:27.7980544Z Temporarily overriding HOME='D:\a\_temp\f3c1b788-b56b-4203-b289-944935a7a546' before making global git config changes
2026-09-18T15:48:27.7981983Z Adding repository directory to the temporary git global config as a safe directory
2026-09-18T15:48:27.7995276Z [command]"C:\Program Files\Git\bin\git.exe" config --global --add safe.directory D:\a\Zevune\Zevune
2026-09-18T15:48:27.8499459Z [command]"C:\Program Files\Git\bin\git.exe" config --local --name-only --get-regexp core\.sshCommand
2026-09-18T15:48:27.8858182Z [command]"C:\Program Files\Git\bin\git.exe" submodule foreach --recursive "sh -c \"git config --local --name-only --get-regexp 'core\.sshCommand' && git config --local --unset-all 'core.sshCommand' || :\""
2026-09-18T15:48:28.5083883Z [command]"C:\Program Files\Git\bin\git.exe" config --local --name-only --get-regexp http\.https\:\/\/github\.com\/\.extraheader
2026-09-18T15:48:28.5421650Z [command]"C:\Program Files\Git\bin\git.exe" submodule foreach --recursive "sh -c \"git config --local --name-only --get-regexp 'http\.https\:\/\/github\.com\/\.extraheader' && git config --local --unset-all 'http.https://github.com/.extraheader' || :\""
2026-09-18T15:48:29.1759769Z Cleaning up orphan processes
2026-09-18T15:48:29.2031688Z Terminate orphan process: pid (7236) (vctip)
