2026-09-18T15:39:10.9987784Z Current runner version: '2.337.0'
2026-09-18T15:39:11.0015547Z ##[group]Runner Image Provisioner
2026-09-18T15:39:11.0016570Z Hosted Compute Agent
2026-09-18T15:39:11.0017260Z Version: 20260828.587
2026-09-18T15:39:11.0018091Z Commit: abac92662cab4cc7352de4f9f9d2e2419aad9c29
2026-09-18T15:39:11.0019186Z Build Date: 2026-08-28T16:44:25Z
2026-09-18T15:39:11.0019979Z Worker ID: {df7958e5-f1fb-41f0-9760-293c60b189ca}
2026-09-18T15:39:11.0020907Z Azure Region: eastus
2026-09-18T15:39:11.0021592Z ##[endgroup]
2026-09-18T15:39:11.0023246Z ##[group]Operating System
2026-09-18T15:39:11.0024019Z Ubuntu
2026-09-18T15:39:11.0024604Z 24.04.5
2026-09-18T15:39:11.0025292Z LTS
2026-09-18T15:39:11.0025895Z ##[endgroup]
2026-09-18T15:39:11.0026637Z ##[group]Runner Image
2026-09-18T15:39:11.0027424Z Image: ubuntu-24.04
2026-09-18T15:39:11.0028089Z Version: 20260907.300.1
2026-09-18T15:39:11.0029851Z Included Software: https://github.com/actions/runner-images/blob/ubuntu24/20260907.300/images/ubuntu/Ubuntu2404-Readme.md
2026-09-18T15:39:11.0031860Z Image Release: https://github.com/actions/runner-images/releases/tag/ubuntu24%2F20260907.300
2026-09-18T15:39:11.0033093Z ##[endgroup]
2026-09-18T15:39:11.0034444Z ##[group]GITHUB_TOKEN Permissions
2026-09-18T15:39:11.0036568Z Contents: read
2026-09-18T15:39:11.0037339Z Metadata: read
2026-09-18T15:39:11.0038028Z ##[endgroup]
2026-09-18T15:39:11.0040546Z Secret source: Actions
2026-09-18T15:39:11.0041740Z Cache mode: write
2026-09-18T15:39:11.0042595Z Prepare workflow directory
2026-09-18T15:39:11.0486286Z Prepare all required actions
2026-09-18T15:39:11.0541384Z Getting action download info
2026-09-18T15:39:11.2196001Z Download action repository 'actions/checkout@08c6903cd8c0fde910a37f88322edcfb5dd907a8' (SHA:08c6903cd8c0fde910a37f88322edcfb5dd907a8)
2026-09-18T15:39:11.3854666Z Complete job name: wallet (ubuntu-latest)
2026-09-18T15:39:11.4441121Z ##[group]Run actions/checkout@08c6903cd8c0fde910a37f88322edcfb5dd907a8
2026-09-18T15:39:11.4441922Z with:
2026-09-18T15:39:11.4442283Z   persist-credentials: false
2026-09-18T15:39:11.4442715Z   repository: youq616/Zevune
2026-09-18T15:39:11.4445926Z   token: ***
2026-09-18T15:39:11.4446279Z   ssh-strict: true
2026-09-18T15:39:11.4446646Z   ssh-user: git
2026-09-18T15:39:11.4446983Z   clean: true
2026-09-18T15:39:11.4447337Z   sparse-checkout-cone-mode: true
2026-09-18T15:39:11.4447760Z   fetch-depth: 1
2026-09-18T15:39:11.4448104Z   fetch-tags: false
2026-09-18T15:39:11.4448460Z   show-progress: true
2026-09-18T15:39:11.4448951Z   lfs: false
2026-09-18T15:39:11.4449280Z   submodules: false
2026-09-18T15:39:11.4449633Z   set-safe-directory: true
2026-09-18T15:39:11.4450163Z env:
2026-09-18T15:39:11.4450486Z   RAYON_NUM_THREADS: 2
2026-09-18T15:39:11.4450851Z   CARGO_BUILD_JOBS: 2
2026-09-18T15:39:11.4451207Z ##[endgroup]
2026-09-18T15:39:11.5332091Z Syncing repository: youq616/Zevune
2026-09-18T15:39:11.5333877Z ##[group]Getting Git version info
2026-09-18T15:39:11.5334673Z Working directory is '/home/runner/work/Zevune/Zevune'
2026-09-18T15:39:11.5335898Z [command]/usr/bin/git version
2026-09-18T15:39:11.5337255Z git version 2.55.0
2026-09-18T15:39:11.5359226Z ##[endgroup]
2026-09-18T15:39:11.5369105Z Temporarily overriding HOME='/home/runner/work/_temp/70fa877d-931f-4b48-9703-f004d8999949' before making global git config changes
2026-09-18T15:39:11.5370777Z Adding repository directory to the temporary git global config as a safe directory
2026-09-18T15:39:11.5373481Z [command]/usr/bin/git config --global --add safe.directory /home/runner/work/Zevune/Zevune
2026-09-18T15:39:11.5413927Z Deleting the contents of '/home/runner/work/Zevune/Zevune'
2026-09-18T15:39:11.5417148Z ##[group]Initializing the repository
2026-09-18T15:39:11.5420480Z [command]/usr/bin/git init /home/runner/work/Zevune/Zevune
2026-09-18T15:39:11.5542631Z hint: Using 'master' as the name for the initial branch. This default branch name
2026-09-18T15:39:11.5544132Z hint: will change to "main" in Git 3.0. To configure the initial branch name
2026-09-18T15:39:11.5546482Z hint: to use in all of your new repositories, which will suppress this warning,
2026-09-18T15:39:11.5547870Z hint: call:
2026-09-18T15:39:11.5548654Z hint:
2026-09-18T15:39:11.5549809Z hint: 	git config --global init.defaultBranch <name>
2026-09-18T15:39:11.5550583Z hint:
2026-09-18T15:39:11.5551127Z hint: Names commonly chosen instead of 'master' are 'main', 'trunk' and
2026-09-18T15:39:11.5551879Z hint: 'development'. The just-created branch can be renamed via this command:
2026-09-18T15:39:11.5552452Z hint:
2026-09-18T15:39:11.5552795Z hint: 	git branch -m <name>
2026-09-18T15:39:11.5553172Z hint:
2026-09-18T15:39:11.5553658Z hint: Disable this message with "git config set advice.defaultBranchName false"
2026-09-18T15:39:11.5554391Z Initialized empty Git repository in /home/runner/work/Zevune/Zevune/.git/
2026-09-18T15:39:11.5555693Z [command]/usr/bin/git remote add origin https://github.com/youq616/Zevune
2026-09-18T15:39:11.5593443Z ##[endgroup]
2026-09-18T15:39:11.5594359Z ##[group]Disabling automatic garbage collection
2026-09-18T15:39:11.5597143Z [command]/usr/bin/git config --local gc.auto 0
2026-09-18T15:39:11.5622727Z ##[endgroup]
2026-09-18T15:39:11.5623611Z ##[group]Setting up auth
2026-09-18T15:39:11.5628589Z [command]/usr/bin/git config --local --name-only --get-regexp core\.sshCommand
2026-09-18T15:39:11.5656426Z [command]/usr/bin/git submodule foreach --recursive sh -c "git config --local --name-only --get-regexp 'core\.sshCommand' && git config --local --unset-all 'core.sshCommand' || :"
2026-09-18T15:39:11.5958315Z [command]/usr/bin/git config --local --name-only --get-regexp http\.https\:\/\/github\.com\/\.extraheader
2026-09-18T15:39:11.5982845Z [command]/usr/bin/git submodule foreach --recursive sh -c "git config --local --name-only --get-regexp 'http\.https\:\/\/github\.com\/\.extraheader' && git config --local --unset-all 'http.https://github.com/.extraheader' || :"
2026-09-18T15:39:11.6183540Z [command]/usr/bin/git config --local http.https://github.com/.extraheader AUTHORIZATION: basic ***
2026-09-18T15:39:11.6217159Z ##[endgroup]
2026-09-18T15:39:11.6217899Z ##[group]Fetching the repository
2026-09-18T15:39:11.6224983Z [command]/usr/bin/git -c protocol.version=2 fetch --no-tags --prune --no-recurse-submodules --depth=1 origin +aad3cfbb99350b2e8db1ac7abe718b5684a5ab1f:refs/remotes/pull/17/merge
2026-09-18T15:39:13.0300024Z From https://github.com/youq616/Zevune
2026-09-18T15:39:13.0301730Z  * [new ref]         aad3cfbb99350b2e8db1ac7abe718b5684a5ab1f -> pull/17/merge
2026-09-18T15:39:13.0311223Z ##[endgroup]
2026-09-18T15:39:13.0312726Z ##[group]Determining the checkout info
2026-09-18T15:39:13.0313751Z ##[endgroup]
2026-09-18T15:39:13.0314379Z [command]/usr/bin/git sparse-checkout disable
2026-09-18T15:39:13.0354739Z [command]/usr/bin/git config --local --unset-all extensions.worktreeConfig
2026-09-18T15:39:13.0382740Z ##[group]Checking out the ref
2026-09-18T15:39:13.0386518Z [command]/usr/bin/git checkout --progress --force refs/remotes/pull/17/merge
2026-09-18T15:39:13.1237312Z Note: switching to 'refs/remotes/pull/17/merge'.
2026-09-18T15:39:13.1238118Z 
2026-09-18T15:39:13.1238656Z You are in 'detached HEAD' state. You can look around, make experimental
2026-09-18T15:39:13.1240780Z changes and commit them, and you can discard any commits you make in this
2026-09-18T15:39:13.1242145Z state without impacting any branches by switching back to a branch.
2026-09-18T15:39:13.1242935Z 
2026-09-18T15:39:13.1243479Z If you want to create a new branch to retain commits you create, you may
2026-09-18T15:39:13.1244668Z do so (now or later) by using -c with the switch command. Example:
2026-09-18T15:39:13.1245343Z 
2026-09-18T15:39:13.1245666Z   git switch -c <new-branch-name>
2026-09-18T15:39:13.1246294Z 
2026-09-18T15:39:13.1246792Z Or undo this operation with:
2026-09-18T15:39:13.1247607Z 
2026-09-18T15:39:13.1248164Z   git switch -
2026-09-18T15:39:13.1249207Z 
2026-09-18T15:39:13.1250152Z Turn off this advice by setting config variable advice.detachedHead to false
2026-09-18T15:39:13.1251424Z 
2026-09-18T15:39:13.1253334Z HEAD is now at aad3cfb Merge f51c8db240933256870ff03c07bc68915b4ac4a1 into 2cc87a2207d502ac5cfe00ea52e525c1516917e5
2026-09-18T15:39:13.1258943Z ##[endgroup]
2026-09-18T15:39:13.1353422Z [command]/usr/bin/git log -1 --format=%H
2026-09-18T15:39:13.1376919Z aad3cfbb99350b2e8db1ac7abe718b5684a5ab1f
2026-09-18T15:39:13.1384612Z ##[group]Removing auth
2026-09-18T15:39:13.1387593Z [command]/usr/bin/git config --local --name-only --get-regexp core\.sshCommand
2026-09-18T15:39:13.1415896Z [command]/usr/bin/git submodule foreach --recursive sh -c "git config --local --name-only --get-regexp 'core\.sshCommand' && git config --local --unset-all 'core.sshCommand' || :"
2026-09-18T15:39:13.1602881Z [command]/usr/bin/git config --local --name-only --get-regexp http\.https\:\/\/github\.com\/\.extraheader
2026-09-18T15:39:13.1627435Z http.https://github.com/.extraheader
2026-09-18T15:39:13.1635012Z [command]/usr/bin/git config --local --unset-all http.https://github.com/.extraheader
2026-09-18T15:39:13.1664841Z [command]/usr/bin/git submodule foreach --recursive sh -c "git config --local --name-only --get-regexp 'http\.https\:\/\/github\.com\/\.extraheader' && git config --local --unset-all 'http.https://github.com/.extraheader' || :"
2026-09-18T15:39:13.1853050Z ##[endgroup]
2026-09-18T15:39:13.2054184Z ##[group]Run rustup toolchain install 1.98.1 --profile minimal --component rustfmt --component clippy
2026-09-18T15:39:13.2056526Z [36;1mrustup toolchain install 1.98.1 --profile minimal --component rustfmt --component clippy[0m
2026-09-18T15:39:13.2096048Z shell: /usr/bin/bash --noprofile --norc -e -o pipefail {0}
2026-09-18T15:39:13.2097241Z env:
2026-09-18T15:39:13.2097957Z   RAYON_NUM_THREADS: 2
2026-09-18T15:39:13.2098994Z   CARGO_BUILD_JOBS: 2
2026-09-18T15:39:13.2099798Z ##[endgroup]
2026-09-18T15:39:13.2490336Z info: syncing channel updates for 1.98.1-x86_64-unknown-linux-gnu
2026-09-18T15:39:13.3652825Z info: latest update on 2026-09-03 for version 1.98.1 (48a229cea 2026-09-01)
2026-09-18T15:39:13.3653828Z info: downloading 5 components
2026-09-18T15:39:20.0374881Z 
2026-09-18T15:39:20.0437923Z   1.98.1-x86_64-unknown-linux-gnu installed - rustc 1.98.1 (48a229cea 2026-09-01)
2026-09-18T15:39:20.0438444Z 
2026-09-18T15:39:20.0525031Z ##[group]Run rustc --version
2026-09-18T15:39:20.0525379Z [36;1mrustc --version[0m
2026-09-18T15:39:20.0525618Z [36;1mcargo fmt --all -- --check[0m
2026-09-18T15:39:20.0525930Z [36;1mcargo metadata --locked --format-version=1 > /dev/null[0m
2026-09-18T15:39:20.0526244Z [36;1mgit diff --exit-code[0m
2026-09-18T15:39:20.0560038Z shell: /usr/bin/bash --noprofile --norc -e -o pipefail {0}
2026-09-18T15:39:20.0560380Z env:
2026-09-18T15:39:20.0560592Z   RAYON_NUM_THREADS: 2
2026-09-18T15:39:20.0560813Z   CARGO_BUILD_JOBS: 2
2026-09-18T15:39:20.0561031Z ##[endgroup]
2026-09-18T15:39:20.0901043Z rustc 1.98.1 (48a229cea 2026-09-01)
2026-09-18T15:39:20.3696664Z     Updating crates.io index
2026-09-18T15:39:20.5735243Z  Downloading crates ...
2026-09-18T15:39:20.6254787Z   Downloaded aead v0.5.2
2026-09-18T15:39:20.6267992Z   Downloaded const-crc32-nostd v1.3.1
2026-09-18T15:39:20.6281837Z   Downloaded tap v1.0.1
2026-09-18T15:39:20.6290424Z   Downloaded atomic-polyfill v1.0.3
2026-09-18T15:39:20.6304316Z   Downloaded argon2 v0.5.3
2026-09-18T15:39:20.6317897Z   Downloaded arrayvec v0.7.8
2026-09-18T15:39:20.6336109Z   Downloaded cbc v0.1.2
2026-09-18T15:39:20.6348323Z   Downloaded critical-section v1.2.0
2026-09-18T15:39:20.6367203Z   Downloaded crossbeam-utils v0.8.23
2026-09-18T15:39:20.6397038Z   Downloaded jubjub v0.10.0
2026-09-18T15:39:20.6426648Z   Downloaded aes v0.8.4
2026-09-18T15:39:20.6462535Z   Downloaded thiserror v2.0.20
2026-09-18T15:39:20.6543146Z   Downloaded subtle v2.6.1
2026-09-18T15:39:20.6578997Z   Downloaded visibility v0.1.1
2026-09-18T15:39:20.6579653Z   Downloaded zeroize_derive v1.5.0
2026-09-18T15:39:20.6594760Z   Downloaded zcash_spec v0.2.1
2026-09-18T15:39:20.6595259Z   Downloaded cobs v0.3.0
2026-09-18T15:39:20.6609560Z   Downloaded crypto-common v0.1.7
2026-09-18T15:39:20.6612758Z   Downloaded frost-rerandomized v3.0.0
2026-09-18T15:39:20.6621889Z   Downloaded version_check v0.9.5
2026-09-18T15:39:20.6634092Z   Downloaded uint v0.9.5
2026-09-18T15:39:20.6649074Z   Downloaded zcash_note_encryption v0.4.2
2026-09-18T15:39:20.6666298Z   Downloaded semver v1.0.28
2026-09-18T15:39:20.6689863Z   Downloaded blake2 v0.10.6
2026-09-18T15:39:20.6713306Z   Downloaded scopeguard v1.2.0
2026-09-18T15:39:20.6726467Z   Downloaded zeroize v1.9.0
2026-09-18T15:39:20.6746880Z   Downloaded chacha20 v0.9.1
2026-09-18T15:39:20.6783407Z   Downloaded wyz v0.5.1
2026-09-18T15:39:20.6804941Z   Downloaded zip32 v0.2.1
2026-09-18T15:39:20.6832938Z   Downloaded thiserror-impl v2.0.20
2026-09-18T15:39:20.6854922Z   Downloaded tracing-attributes v0.1.31
2026-09-18T15:39:20.6877196Z   Downloaded constant_time_eq v0.4.2
2026-09-18T15:39:20.6893984Z   Downloaded rayon-core v1.13.0
2026-09-18T15:39:20.6924554Z   Downloaded wasi v0.11.1+wasi-snapshot-preview1
2026-09-18T15:39:20.6937712Z   Downloaded bech32 v0.11.1
2026-09-18T15:39:20.6963255Z   Downloaded rand_chacha v0.3.1
2026-09-18T15:39:20.6972839Z   Downloaded unicode-ident v1.0.24
2026-09-18T15:39:20.6995714Z   Downloaded autocfg v1.5.1
2026-09-18T15:39:20.7010960Z   Downloaded frost-core v3.0.0
2026-09-18T15:39:20.7037824Z   Downloaded hash32 v0.2.1
2026-09-18T15:39:20.7050140Z   Downloaded tracing-core v0.1.36
2026-09-18T15:39:20.7072069Z   Downloaded num-traits v0.2.19
2026-09-18T15:39:20.7093547Z   Downloaded serde v1.0.229
2026-09-18T15:39:20.7122219Z   Downloaded cpufeatures v0.2.17
2026-09-18T15:39:20.7133846Z   Downloaded crunchy v0.2.4
2026-09-18T15:39:20.7140830Z   Downloaded digest v0.10.7
2026-09-18T15:39:20.7155683Z   Downloaded lazy_static v1.5.0
2026-09-18T15:39:20.7170413Z   Downloaded blake2b_simd v1.0.5
2026-09-18T15:39:20.7182364Z   Downloaded crossbeam-deque v0.8.8
2026-09-18T15:39:20.7194778Z   Downloaded serdect v0.2.0
2026-09-18T15:39:20.7206361Z   Downloaded base16ct v0.2.0
2026-09-18T15:39:20.7217780Z   Downloaded embedded-io v0.4.0
2026-09-18T15:39:20.7231979Z   Downloaded halo2_poseidon v0.1.0
2026-09-18T15:39:20.7244096Z   Downloaded zerocopy-derive v0.8.57
2026-09-18T15:39:20.7324059Z   Downloaded typenum v1.20.1
2026-09-18T15:39:20.7353082Z   Downloaded cfg-if v1.0.4
2026-09-18T15:39:20.7364012Z   Downloaded derive-getters v0.5.0
2026-09-18T15:39:20.7386824Z   Downloaded halo2_legacy_pdqsort v0.1.0
2026-09-18T15:39:20.7396037Z   Downloaded rustc_version v0.4.1
2026-09-18T15:39:20.7406528Z   Downloaded syn v2.0.119
2026-09-18T15:39:20.7493723Z   Downloaded password-hash v0.5.0
2026-09-18T15:39:20.7508276Z   Downloaded rand_core v0.6.4
2026-09-18T15:39:20.7519385Z   Downloaded funty v2.0.0
2026-09-18T15:39:20.7525783Z   Downloaded syn v3.0.5
2026-09-18T15:39:20.7612934Z   Downloaded zerocopy v0.8.57
2026-09-18T15:39:20.7791975Z   Downloaded tracing v0.1.44
2026-09-18T15:39:20.7921871Z   Downloaded inout v0.1.4
2026-09-18T15:39:20.7931046Z   Downloaded memuse v0.2.2
2026-09-18T15:39:20.7942304Z   Downloaded block-buffer v0.10.4
2026-09-18T15:39:20.7951338Z   Downloaded hex v0.4.3
2026-09-18T15:39:20.7964377Z   Downloaded static_assertions v1.1.0
2026-09-18T15:39:20.7975651Z   Downloaded either v1.18.0
2026-09-18T15:39:20.7987669Z   Downloaded fpe v0.6.1
2026-09-18T15:39:20.8003571Z   Downloaded spin v0.9.9
2026-09-18T15:39:20.8022673Z   Downloaded stable_deref_trait v1.2.1
2026-09-18T15:39:20.8029959Z   Downloaded embedded-io v0.6.1
2026-09-18T15:39:20.8039915Z   Downloaded maybe-rayon v0.1.1
2026-09-18T15:39:20.8046177Z   Downloaded generic-array v0.14.7
2026-09-18T15:39:20.8057490Z   Downloaded nonempty v0.11.0
2026-09-18T15:39:20.8068857Z   Downloaded radium v0.7.0
2026-09-18T15:39:20.8076913Z   Downloaded opaque-debug v0.3.1
2026-09-18T15:39:20.8084576Z   Downloaded sha2 v0.10.9
2026-09-18T15:39:20.8105384Z   Downloaded cipher v0.4.4
2026-09-18T15:39:20.8117606Z   Downloaded document-features v0.2.12
2026-09-18T15:39:20.8129684Z   Downloaded getrandom v0.2.17
2026-09-18T15:39:20.8153479Z   Downloaded getset v0.1.7
2026-09-18T15:39:20.8166308Z   Downloaded group v0.13.0
2026-09-18T15:39:20.8178751Z   Downloaded incrementalmerkletree v0.8.1
2026-09-18T15:39:20.8188985Z   Downloaded pin-project-lite v0.2.17
2026-09-18T15:39:20.8237740Z   Downloaded quote v1.0.47
2026-09-18T15:39:20.8260276Z   Downloaded lock_api v0.4.14
2026-09-18T15:39:20.8270499Z   Downloaded poly1305 v0.8.0
2026-09-18T15:39:20.8290475Z   Downloaded base64ct v1.8.3
2026-09-18T15:39:20.8311095Z   Downloaded byteorder v1.5.0
2026-09-18T15:39:20.8324094Z   Downloaded corez v0.1.1
2026-09-18T15:39:20.8337912Z   Downloaded ff v0.13.1
2026-09-18T15:39:20.8350130Z   Downloaded litrs v1.0.0
2026-09-18T15:39:20.8374199Z   Downloaded postcard v1.1.3
2026-09-18T15:39:20.8393153Z   Downloaded ppv-lite86 v0.2.21
2026-09-18T15:39:20.8403893Z   Downloaded proc-macro2 v1.0.107
2026-09-18T15:39:20.8427560Z   Downloaded heapless v0.7.17
2026-09-18T15:39:20.8457840Z   Downloaded num-integer v0.1.47
2026-09-18T15:39:20.8471171Z   Downloaded once_cell v1.21.4
2026-09-18T15:39:20.8491756Z   Downloaded serde_derive v1.0.229
2026-09-18T15:39:20.8517002Z   Downloaded chacha20poly1305 v0.10.1
2026-09-18T15:39:20.8530200Z   Downloaded crossbeam-epoch v0.9.21
2026-09-18T15:39:20.8550329Z   Downloaded indexmap v1.9.3
2026-09-18T15:39:20.8576313Z   Downloaded serde_core v1.0.229
2026-09-18T15:39:20.8598656Z   Downloaded num-bigint v0.4.8
2026-09-18T15:39:20.8637624Z   Downloaded rand v0.8.5
2026-09-18T15:39:20.8665442Z   Downloaded reddsa v0.5.2
2026-09-18T15:39:20.8707872Z   Downloaded hashbrown v0.12.3
2026-09-18T15:39:20.8738740Z   Downloaded sinsemilla v0.1.0
2026-09-18T15:39:20.8757979Z   Downloaded itertools v0.14.0
2026-09-18T15:39:20.8815859Z   Downloaded libm v0.2.16
2026-09-18T15:39:20.8906716Z   Downloaded rayon v1.12.0
2026-09-18T15:39:20.8984503Z   Downloaded halo2_proofs v0.3.5
2026-09-18T15:39:20.9048509Z   Downloaded bitvec v1.1.1
2026-09-18T15:39:20.9188464Z   Downloaded halo2_gadgets v0.5.0
2026-09-18T15:39:20.9282546Z   Downloaded pasta_curves v0.5.2
2026-09-18T15:39:20.9347635Z   Downloaded bls12_381 v0.8.0
2026-09-18T15:39:20.9391637Z   Downloaded orchard v0.15.5
2026-09-18T15:39:20.9532789Z   Downloaded libc v0.2.189
2026-09-18T15:39:20.9899620Z   Downloaded universal-hash v0.5.1
2026-09-18T15:39:21.1142312Z ##[group]Run cargo test --locked --release -- --nocapture --test-threads=1
2026-09-18T15:39:21.1142737Z [36;1mcargo test --locked --release -- --nocapture --test-threads=1[0m
2026-09-18T15:39:21.1174050Z shell: /usr/bin/bash --noprofile --norc -e -o pipefail {0}
2026-09-18T15:39:21.1174319Z env:
2026-09-18T15:39:21.1174475Z   RAYON_NUM_THREADS: 2
2026-09-18T15:39:21.1174652Z   CARGO_BUILD_JOBS: 2
2026-09-18T15:39:21.1174825Z ##[endgroup]
2026-09-18T15:39:21.2228059Z    Compiling libc v0.2.189
2026-09-18T15:39:21.2228595Z    Compiling cfg-if v1.0.4
2026-09-18T15:39:21.2393732Z    Compiling proc-macro2 v1.0.107
2026-09-18T15:39:21.3759425Z    Compiling unicode-ident v1.0.24
2026-09-18T15:39:21.4054315Z    Compiling quote v1.0.47
2026-09-18T15:39:21.8345725Z    Compiling getrandom v0.2.17
2026-09-18T15:39:21.8845821Z    Compiling version_check v0.9.5
2026-09-18T15:39:21.9327576Z    Compiling rand_core v0.6.4
2026-09-18T15:39:21.9922019Z    Compiling subtle v2.6.1
2026-09-18T15:39:22.0372463Z    Compiling generic-array v0.14.7
2026-09-18T15:39:22.0538177Z    Compiling typenum v1.20.1
2026-09-18T15:39:22.0883096Z    Compiling syn v2.0.119
2026-09-18T15:39:22.7296307Z    Compiling crypto-common v0.1.7
2026-09-18T15:39:22.7682120Z    Compiling radium v0.7.0
2026-09-18T15:39:22.8320500Z    Compiling tap v1.0.1
2026-09-18T15:39:22.8605494Z    Compiling wyz v0.5.1
2026-09-18T15:39:23.0253529Z    Compiling zerocopy v0.8.57
2026-09-18T15:39:23.1324262Z    Compiling funty v2.0.0
2026-09-18T15:39:23.7179780Z    Compiling autocfg v1.5.1
2026-09-18T15:39:23.8749610Z    Compiling bitvec v1.1.1
2026-09-18T15:39:24.6388058Z    Compiling zeroize_derive v1.5.0
2026-09-18T15:39:25.3559993Z    Compiling ff v0.13.1
2026-09-18T15:39:25.4036268Z    Compiling zeroize v1.9.0
2026-09-18T15:39:25.4679398Z    Compiling memuse v0.2.2
2026-09-18T15:39:25.5302884Z    Compiling constant_time_eq v0.4.2
2026-09-18T15:39:25.5924812Z    Compiling crossbeam-utils v0.8.23
2026-09-18T15:39:25.6615315Z    Compiling arrayvec v0.7.8
2026-09-18T15:39:25.7578577Z    Compiling blake2b_simd v1.0.5
2026-09-18T15:39:26.8399540Z    Compiling ppv-lite86 v0.2.21
2026-09-18T15:39:27.0042303Z    Compiling crossbeam-epoch v0.9.21
2026-09-18T15:39:27.0633623Z    Compiling rand_chacha v0.3.1
2026-09-18T15:39:27.3402879Z    Compiling group v0.13.0
2026-09-18T15:39:27.3742031Z    Compiling inout v0.1.4
2026-09-18T15:39:27.4138432Z    Compiling static_assertions v1.1.0
2026-09-18T15:39:27.4152911Z    Compiling spin v0.9.9
2026-09-18T15:39:27.4309278Z    Compiling crossbeam-deque v0.8.8
2026-09-18T15:39:27.4523210Z    Compiling cpufeatures v0.2.17
2026-09-18T15:39:27.4683153Z    Compiling lazy_static v1.5.0
2026-09-18T15:39:27.4881231Z    Compiling cipher v0.4.4
2026-09-18T15:39:27.5880682Z    Compiling rand v0.8.5
2026-09-18T15:39:27.6885351Z    Compiling rayon-core v1.13.0
2026-09-18T15:39:27.8106440Z    Compiling num-traits v0.2.19
2026-09-18T15:39:27.8512887Z    Compiling syn v3.0.5
2026-09-18T15:39:27.9870987Z    Compiling pasta_curves v0.5.2
2026-09-18T15:39:28.9745771Z    Compiling either v1.18.0
2026-09-18T15:39:29.9767590Z    Compiling indexmap v1.9.3
2026-09-18T15:39:30.0180540Z    Compiling crunchy v0.2.4
2026-09-18T15:39:30.0774867Z    Compiling once_cell v1.21.4
2026-09-18T15:39:30.1691109Z    Compiling serde_core v1.0.229
2026-09-18T15:39:30.2543295Z    Compiling tracing-core v0.1.36
2026-09-18T15:39:30.7896172Z    Compiling rayon v1.12.0
2026-09-18T15:39:32.4730076Z    Compiling tracing-attributes v0.1.31
2026-09-18T15:39:32.9726150Z    Compiling universal-hash v0.5.1
2026-09-18T15:39:33.0096027Z    Compiling block-buffer v0.10.4
2026-09-18T15:39:33.0510125Z    Compiling byteorder v1.5.0
2026-09-18T15:39:33.1534373Z    Compiling libm v0.2.16
2026-09-18T15:39:33.2306579Z    Compiling hex v0.4.3
2026-09-18T15:39:33.3441590Z    Compiling hashbrown v0.12.3
2026-09-18T15:39:33.6292059Z    Compiling thiserror v2.0.20
2026-09-18T15:39:33.7156220Z    Compiling opaque-debug v0.3.1
2026-09-18T15:39:33.7300576Z    Compiling serde v1.0.229
2026-09-18T15:39:33.8018937Z    Compiling pin-project-lite v0.2.17
2026-09-18T15:39:33.8224461Z    Compiling tracing v0.1.44
2026-09-18T15:39:33.9840606Z    Compiling poly1305 v0.8.0
2026-09-18T15:39:34.5555494Z    Compiling digest v0.10.7
2026-09-18T15:39:34.6467849Z    Compiling num-integer v0.1.47
2026-09-18T15:39:34.8981380Z    Compiling maybe-rayon v0.1.1
2026-09-18T15:39:36.1342846Z    Compiling serde_derive v1.0.229
2026-09-18T15:39:37.5118181Z    Compiling thiserror-impl v2.0.20
2026-09-18T15:39:38.0288284Z    Compiling chacha20 v0.9.1
2026-09-18T15:39:38.1222761Z    Compiling bls12_381 v0.8.0
2026-09-18T15:39:38.3418380Z    Compiling aead v0.5.2
2026-09-18T15:39:38.3967829Z    Compiling halo2_legacy_pdqsort v0.1.0
2026-09-18T15:39:38.4483366Z    Compiling halo2_proofs v0.3.5
2026-09-18T15:39:38.7879541Z    Compiling chacha20poly1305 v0.10.1
2026-09-18T15:39:38.8262809Z    Compiling jubjub v0.10.0
2026-09-18T15:39:40.6370234Z    Compiling uint v0.9.5
2026-09-18T15:39:40.6840721Z    Compiling num-bigint v0.4.8
2026-09-18T15:39:42.6620939Z    Compiling halo2_poseidon v0.1.0
2026-09-18T15:39:43.0245592Z    Compiling sinsemilla v0.1.0
2026-09-18T15:39:43.2343841Z    Compiling cbc v0.1.2
2026-09-18T15:39:43.2767754Z    Compiling zcash_spec v0.2.1
2026-09-18T15:39:43.3140032Z    Compiling base64ct v1.8.3
2026-09-18T15:39:43.4465206Z    Compiling bech32 v0.11.1
2026-09-18T15:39:43.6772778Z    Compiling zip32 v0.2.1
2026-09-18T15:39:43.8848591Z    Compiling password-hash v0.5.0
2026-09-18T15:39:43.9822718Z    Compiling halo2_gadgets v0.5.0
2026-09-18T15:39:44.4080684Z    Compiling fpe v0.6.1
2026-09-18T15:39:44.8752601Z    Compiling reddsa v0.5.2
2026-09-18T15:39:45.0798351Z    Compiling zcash_note_encryption v0.4.2
2026-09-18T15:39:45.1901169Z    Compiling blake2 v0.10.6
2026-09-18T15:39:45.4634995Z    Compiling incrementalmerkletree v0.8.1
2026-09-18T15:39:45.5545879Z    Compiling aes v0.8.4
2026-09-18T15:39:46.1102440Z    Compiling visibility v0.1.1
2026-09-18T15:39:46.1883797Z    Compiling getset v0.1.7
2026-09-18T15:39:46.4011400Z    Compiling corez v0.1.1
2026-09-18T15:39:46.4171432Z    Compiling nonempty v0.11.0
2026-09-18T15:39:46.4768273Z    Compiling argon2 v0.5.3
2026-09-18T15:39:47.0490903Z    Compiling orchard v0.15.5
2026-09-18T15:39:48.0509625Z    Compiling sha2 v0.10.9
2026-09-18T15:39:49.1692490Z    Compiling zevune-orchard-lab v0.1.0 (/home/runner/work/Zevune/Zevune/integration/orchard)
2026-09-18T15:40:53.9091780Z     Finished `release` profile [optimized] target(s) in 1m 32s
2026-09-18T15:40:53.9163613Z      Running unittests src/lib.rs (target/release/deps/zevune_orchard_lab-5ea7533f368c424e)
2026-09-18T15:40:53.9175439Z 
2026-09-18T15:40:53.9175549Z running 171 tests
2026-09-18T15:40:53.9221254Z test pool::active::incremental::tests::allocation_callback_failure_cannot_return_a_partial_physical_plan ... ok
2026-09-18T15:40:53.9767502Z test pool::active::incremental::tests::every_reused_byte_including_later_chunks_and_sealed_segments_is_compared ... ok
2026-09-18T15:40:53.9768758Z test pool::active::incremental::tests::explicit_fill_handles_different_short_reads_and_interrupted_offsets ... ok
2026-09-18T15:40:53.9836871Z test pool::active::incremental::tests::physical_genesis_eof_and_retained_segment_lengths_fail_closed ... ok
2026-09-18T15:40:54.0092987Z test pool::active::incremental::tests::physical_ranges_cover_empty_tail_growth_and_full_size_rotation ... ok
2026-09-18T15:40:54.0093720Z test pool::active::package::tests::checked_io_retries_short_reads_writes_and_interruptions_without_skipping_bytes ... ok
2026-09-18T15:40:54.0151497Z test pool::active::package::tests::interrupted_package_writes_retain_partial_or_complete_new_files_without_retry ... ok
2026-09-18T15:40:54.0243929Z test pool::active::package::tests::interrupted_reconstruction_keeps_created_files_and_never_overwrites_them ... ok
2026-09-18T15:40:54.0283690Z test pool::active::package::tests::low_level_shape_binds_real_tail_and_source_range_end_before_creating_output ... ok
2026-09-18T15:40:54.0377256Z test pool::active::package::tests::mutations_are_detected_and_a_failed_joined_reader_cannot_resume ... ok
2026-09-18T15:40:54.0384304Z test pool::active::package::tests::prepared_parent_replacement_is_rejected_before_any_output_creation ... ok
2026-09-18T15:40:54.1956783Z test pool::active::package::tests::transport_view_and_original_creation_handles_preserve_exact_physical_layouts ... ok
2026-09-18T15:40:54.2001326Z test pool::active::tests::adding_a_hard_link_after_open_poison_checks_without_modifying_ledger_bytes ... ok
2026-09-18T15:40:54.2040086Z test pool::active::tests::another_process_cannot_open_held_genesis_lock ... ok
2026-09-18T15:40:54.2040743Z test pool::active::tests::budgets_include_framing_total_tail_and_the_independent_segment_cap ... ok
2026-09-18T15:40:54.2067990Z test pool::active::tests::captured_reader_requires_each_real_eof_and_poisoned_readers_cannot_resume ... ok
2026-09-18T15:40:54.2076285Z test pool::active::tests::create_is_exclusive_bounded_and_preserves_existing_bytes ... ok
2026-09-18T15:40:54.2092466Z test pool::active::tests::early_rotation_and_split_frames_are_rejected_even_with_valid_checksums ... ok
2026-09-18T15:40:54.2345007Z test pool::active::tests::failed_next_segment_publication_keeps_all_sealed_prefix_bytes_and_no_repair ... ok
2026-09-18T15:40:54.2432913Z test pool::active::tests::full_segment_and_next_frame_rotate_canonically_without_crossing ... ok
2026-09-18T15:40:54.2509395Z test pool::active::tests::interruption_leaves_metadata_unchanged_and_preserves_the_recoverable_prefix ... ok
2026-09-18T15:40:54.2516793Z test pool::active::tests::malformed_frame_and_capacity_rejection_create_no_files_or_bytes ... ok
2026-09-18T15:40:54.2536759Z test pool::active::tests::readers_retain_the_exclusive_root_lock_and_have_independent_positions ... ok
2026-09-18T15:40:54.2569932Z test pool::active::tests::symlinks_hard_links_and_replaced_names_are_rejected ... ok
2026-09-18T15:40:54.2577546Z test pool::active::tests::unknown_entry_after_open_is_not_ignored_or_removed ... ok
2026-09-18T15:40:54.2639842Z test pool::active::tests::unknown_missing_empty_and_truncated_segments_fail_closed_without_repair ... ok
2026-09-18T15:40:54.2640694Z test pool::capacity_tests::capacity_accounting_matches_the_actual_record_encoder ... ok
2026-09-18T15:40:56.0160476Z test pool::capacity_tests::capacity_commit_rechecks_the_budget_and_preserves_the_source ... ok
2026-09-18T15:40:56.0173536Z test pool::capacity_tests::capacity_exact_empty_frame_commits_reopens_and_stops_cleanly ... ok
2026-09-18T15:40:56.0179866Z test pool::capacity_tests::capacity_invalid_instance_still_fails_closed ... ok
2026-09-18T15:40:56.0180551Z test pool::capacity_tests::capacity_invalid_lengths_counts_and_overflow_are_rejected ... ok
2026-09-18T15:40:56.0186667Z test pool::capacity_tests::capacity_prepare_rejects_before_unpersistable_empty_block ... ok
2026-09-18T15:40:56.0192655Z test pool::capacity_tests::capacity_rejects_before_attempting_any_candidate_authorization ... ok
2026-09-18T15:40:56.0198351Z test pool::capacity_tests::capacity_selection_requires_space_for_even_an_empty_record ... ok
2026-09-18T15:40:56.0640270Z test pool::recovery::active::incremental::tests::every_call_rechecks_both_open_archives_after_successful_planning ... ok
2026-09-18T15:40:56.0894135Z test pool::recovery::active::incremental::tests::final_full_digest_and_namespace_checks_reject_late_outside_modifications ... ok
2026-09-18T15:40:56.1112201Z test pool::recovery::active::incremental::tests::missing_and_symlinked_retained_segments_fail_without_recreating_entries ... ok
2026-09-18T15:40:56.1313057Z test pool::recovery::active::incremental::tests::real_empty_commits_produce_exact_appended_bytes_and_immutable_checkpoints ... ok
2026-09-18T15:40:56.1527270Z test pool::recovery::active::incremental::tests::retained_name_replacement_and_new_hard_link_reject_without_repair ... ok
2026-09-18T15:40:56.1687765Z test pool::recovery::active::incremental::tests::same_length_valid_replacement_after_open_cannot_reuse_an_old_success ... ok
2026-09-18T15:40:56.1745609Z test pool::recovery::active::incremental::tests::same_path_and_distinct_copy_empty_plans_keep_shared_locks_until_drop ... ok
2026-09-18T15:40:56.1851886Z test pool::recovery::active::incremental::tests::separately_verified_same_height_and_higher_forks_and_rollback_are_stale ... ok
2026-09-18T15:40:56.1910128Z test pool::recovery::active::incremental::tests::wrong_network_legacy_and_wrong_pin_are_rejected_without_changes ... ok
2026-09-18T15:40:56.2389010Z test pool::recovery::active::package::tests::final_pack_and_restored_target_changes_cannot_publish_success ... ok
2026-09-18T15:40:56.2707675Z test pool::recovery::active::package::tests::final_verify_byte_changes_do_not_reuse_previous_success_or_repair_inputs ... ok
2026-09-18T15:40:56.3259630Z test pool::recovery::active::package::tests::independently_encoded_packages_restore_exact_bytes_without_a_later_directory ... ok
2026-09-18T15:40:56.3502889Z test pool::recovery::active::package::tests::independently_valid_forks_rollback_networks_and_wrong_base_cannot_authorize_output ... ok
2026-09-18T15:40:56.3597062Z test pool::recovery::active::package::tests::new_outputs_are_exclusive_and_changed_inputs_are_rechecked_before_creation ... ok
2026-09-18T15:40:56.3673322Z test pool::recovery::active::package::tests::package_symlinks_hardlinks_name_replacement_and_parent_replacement_are_rejected ... ok
2026-09-18T15:40:56.3948041Z test pool::recovery::active::package::tests::partial_package_and_restore_failures_keep_exact_targets_and_release_creation_handles ... ok
2026-09-18T15:40:56.4056719Z test pool::recovery::active::package::tests::repinned_early_rotation_and_split_frames_reach_the_joined_replay_gate ... ok
2026-09-18T15:40:56.4206155Z test pool::recovery::active::package::tests::shared_package_readers_keep_locks_until_last_drop_and_allow_sibling_restores ... ok
2026-09-18T15:40:56.4350144Z test pool::recovery::active::package::tests::strict_package_metadata_pins_offsets_lengths_and_eof_reject_without_writing ... ok
2026-09-18T15:40:56.4351027Z test pool::recovery::active::tests::checkpoint_codec_has_exact_length_distinct_magic_and_bounded_arithmetic ... ok
2026-09-18T15:40:56.4383335Z test pool::recovery::active::tests::checkpoint_export_preserves_prepared_work_and_never_certifies_uncommitted_bytes ... ok
2026-09-18T15:40:56.4422696Z test pool::recovery::active::tests::checkpoint_export_replays_same_length_replacement_and_never_publishes_its_state ... ok
2026-09-18T15:40:56.4446845Z test pool::recovery::active::tests::creating_a_target_is_exclusive_and_source_validation_precedes_creation ... ok
2026-09-18T15:40:56.4455926Z test pool::recovery::active::tests::exported_genesis_checkpoint_matches_independent_fixed_layout_vector ... ok
2026-09-18T15:40:56.4539842Z test pool::recovery::active::tests::final_source_and_target_namespace_changes_cannot_return_success ... ok
2026-09-18T15:40:56.4663862Z test pool::recovery::active::tests::genesis_and_committed_archive_copies_preserve_every_file_and_continue_normally ... ok
2026-09-18T15:40:56.4684556Z test pool::recovery::active::tests::incompatible_checkpoint_profiles_reject_without_poisoning_healthy_stores ... ok
2026-09-18T15:41:01.8422730Z test pool::recovery::active::tests::namespace_tests::active_archive_locks_coordinate_real_processes ... ok
2026-09-18T15:41:01.8440322Z test pool::recovery::active::tests::namespace_tests::failed_open_releases_all_acquired_file_and_directory_handles ... ok
2026-09-18T15:41:01.8473534Z test pool::recovery::active::tests::namespace_tests::parent_aliases_and_replaced_directories_cannot_redirect_a_retained_archive ... ok
2026-09-18T15:41:01.8582871Z test pool::recovery::active::tests::namespace_tests::persistent_entry_replacements_symlinks_and_hardlinks_are_not_certified ... ok
2026-09-18T15:41:01.8629643Z test pool::recovery::active::tests::namespace_tests::readonly_source_files_copy_into_a_normally_writable_active_directory ... ok
2026-09-18T15:41:01.8646360Z test pool::recovery::active::tests::namespace_tests::unknown_entry_after_open_prevents_verification_and_creates_no_target ... ok
2026-09-18T15:41:01.8738490Z test pool::recovery::active::tests::partial_copies_and_lost_acknowledgements_preserve_targets_without_retry_or_repair ... ok
2026-09-18T15:41:01.8777992Z test pool::recovery::active::tests::repinned_headers_are_bounded_inside_the_physical_genesis_file ... ok
2026-09-18T15:41:01.8843605Z test pool::recovery::active::tests::repinned_layout_still_requires_complete_frames_canonical_rotation_and_real_state ... ok
2026-09-18T15:41:01.8857216Z test pool::recovery::active::tests::retained_replay_binds_the_independently_expected_genesis_after_a_same_length_change ... ok
2026-09-18T15:41:01.9991580Z test pool::recovery::segments::index::tests::all_records_locate_correctly_across_real_production_segment_boundaries ... ok
2026-09-18T15:41:02.0027007Z test pool::recovery::segments::index::tests::both_profiles_have_exact_height_locations_and_unchanged_source ... ok
2026-09-18T15:41:02.0052577Z test pool::recovery::segments::index::tests::changed_captured_length_and_wrong_pinned_tip_are_rejected ... ok
2026-09-18T15:41:02.0053542Z test pool::recovery::segments::index::tests::exact_segment_end_is_not_attributed_to_a_nonexistent_next_segment ... ok
2026-09-18T15:41:02.0066819Z test pool::recovery::segments::index::tests::genesis_only_has_no_phantom_record ... ok
2026-09-18T15:41:02.0069862Z test pool::recovery::segments::index::tests::index_builder_rejects_gaps_overlaps_wrong_heights_hashes_and_bombs ... ok
2026-09-18T15:41:02.0086001Z test pool::recovery::segments::index::tests::metadata_or_late_replay_failure_never_yields_a_prefix_index ... ok
2026-09-18T15:41:02.0100999Z test pool::recovery::segments::index::tests::moved_named_archive_cannot_reuse_its_old_index_verdict ... ok
2026-09-18T15:41:02.0101806Z test pool::recovery::segments::reader_tests::exact_payload_requires_last_segment_eof_check_before_success ... ok
2026-09-18T15:41:02.0103016Z test pool::recovery::segments::reader_tests::hard_io_failure_at_each_boundary_permanently_invalidates_reader ... ok
2026-09-18T15:41:02.0104072Z test pool::recovery::segments::reader_tests::inconsistent_private_reader_metadata_returns_error_instead_of_panicking ... ok
2026-09-18T15:41:02.0105110Z test pool::recovery::segments::reader_tests::interrupted_short_reads_and_segment_end_checks_do_not_poison_reader ... ok
2026-09-18T15:41:02.0106063Z test pool::recovery::segments::reader_tests::truncated_or_extended_segment_cannot_be_skipped_by_retry ... ok
2026-09-18T15:41:02.2066876Z test pool::recovery::segments::tests::actual_multisegment_replay_crosses_record_boundary_and_restores_exact_bytes ... ok
2026-09-18T15:41:02.2071854Z test pool::recovery::segments::tests::empty_read_does_not_advance_and_segment_eof_is_not_journal_eof ... ok
2026-09-18T15:41:02.2091936Z test pool::recovery::segments::tests::every_publication_failure_preserves_source_and_cannot_be_retried_in_place ... ok
2026-09-18T15:41:02.2110218Z test pool::recovery::segments::tests::links_and_nonregular_inputs_are_refused_and_late_corruption_precedes_output_creation ... ok
2026-09-18T15:41:02.2111131Z test pool::recovery::segments::tests::manifest_is_exact_bounded_and_contains_no_supplied_paths ... ok
2026-09-18T15:41:02.2137161Z test pool::recovery::segments::tests::missing_extra_swapped_truncated_or_changed_segments_are_rejected ... ok
2026-09-18T15:41:02.2152890Z test pool::recovery::segments::tests::namespace_tests::extra_file_after_open_is_rejected_without_removal_or_output ... ok
2026-09-18T15:41:02.2167338Z test pool::recovery::segments::tests::namespace_tests::failed_open_releases_directory_guard_and_all_acquired_file_locks ... ok
2026-09-18T15:41:02.2185847Z test pool::recovery::segments::tests::namespace_tests::renamed_and_replaced_directory_cannot_be_verified_or_receive_restore_output ... ok
2026-09-18T15:41:02.2202577Z test pool::recovery::segments::tests::namespace_tests::replaced_manifest_with_identical_bytes_is_not_the_retained_object ... ok
2026-09-18T15:41:02.2218413Z test pool::recovery::segments::tests::namespace_tests::replaced_segment_symlink_is_rejected_even_when_it_targets_original_bytes ... ok
2026-09-18T15:41:02.2251725Z test pool::recovery::segments::tests::namespace_tests::unchanged_archives_retain_multiple_readers_and_release_handles_on_drop ... ok
2026-09-18T15:41:02.2271497Z test pool::recovery::segments::tests::pack_and_restore_are_create_only_and_archive_readers_keep_real_locks ... ok
2026-09-18T15:41:02.2296970Z test pool::recovery::segments::tests::partial_restore_and_lost_ack_leave_explicitly_verifiable_targets ... ok
2026-09-18T15:41:02.2313438Z test pool::recovery::segments::tests::persistent_segment_path_replacement_is_rejected_before_restore ... ok
2026-09-18T15:41:02.2320200Z test pool::recovery::tests::recovery_checkpoint_codec_bounds_and_every_truncation ... ok
2026-09-18T15:41:02.2349186Z test pool::recovery::tests::recovery_full_copy_matches_and_original_keeps_prepared_block ... ok
2026-09-18T15:41:02.2355690Z test pool::recovery::tests::recovery_invalid_store_does_not_export_a_checkpoint ... ok
2026-09-18T15:41:02.2374255Z test pool::recovery::tests::recovery_partial_write_and_lost_ack_never_replace_or_repair_source ... ok
2026-09-18T15:41:02.2386333Z test pool::recovery::tests::recovery_readonly_archive_and_changed_source_are_checked_before_target_creation ... ok
2026-09-18T15:41:02.2394385Z test pool::recovery::tests::recovery_refuses_overwrite_live_writers_links_and_unknown_paths ... ok
2026-09-18T15:41:02.2401619Z test pool::recovery::tests::recovery_untrusted_header_sizes_are_bounded_even_with_a_matching_file_hash ... ok
2026-09-18T15:41:02.2415237Z test pool::recovery::tests::recovery_wrong_state_domain_length_or_bytes_pin_rejected ... ok
2026-09-18T15:41:02.2428281Z test pool::recovery::tests::replay_integration_tests::a_shorter_valid_archive_needs_its_own_pin_not_the_later_checkpoint ... ok
2026-09-18T15:41:02.2620722Z test pool::recovery::tests::replay_integration_tests::checkpoint_export_and_archive_copy_discard_history_but_keep_the_exact_tip ... ok
2026-09-18T15:41:02.2651477Z test pool::recovery::tests::replay_integration_tests::checkpoint_export_rejects_a_valid_same_length_alternate_history ... ok
2026-09-18T15:41:02.2687747Z test pool::recovery::tests::replay_integration_tests::every_recovery_entry_uses_isolated_replay_without_per_block_state_copies ... ok
2026-09-18T15:41:02.2699766Z test pool::recovery::tests::replay_integration_tests::injected_replay_failure_keeps_lock_and_blocks_prepared_commit_without_repair ... ok
2026-09-18T15:41:02.2720635Z test pool::recovery::tests::replay_integration_tests::normal_append_handles_preserve_history_even_after_read_cursor_rewinds ... ok
2026-09-18T15:41:02.2735679Z test pool::recovery::tests::replay_integration_tests::wrong_final_result_with_new_checksums_never_returns_a_verified_archive ... ok
2026-09-18T15:41:02.2736646Z test pool::replay::tests::a_complete_shorter_prefix_still_requires_an_independent_checkpoint ... ok
2026-09-18T15:41:02.2737876Z test pool::replay::tests::checksum_mutations_and_structural_corruption_do_not_replay ... ok
2026-09-18T15:41:02.2739035Z test pool::replay::tests::declared_size_and_record_count_are_bounded_before_body_allocation ... ok
2026-09-18T15:41:02.2744126Z test pool::replay::tests::every_truncated_frame_and_appended_byte_is_rejected ... ok
2026-09-18T15:41:02.2744887Z test pool::replay::tests::finish_requires_verified_eof_and_errors_permanently_poison_replay ... ok
2026-09-18T15:41:02.2745777Z test pool::replay::tests::fragmented_reads_and_interrupted_eof_are_retried_without_skipping ... ok
2026-09-18T15:41:02.2746399Z test pool::replay::tests::input_failure_is_never_converted_to_a_successful_empty_history ... ok
2026-09-18T15:41:02.2749280Z test pool::replay::tests::io_fault_at_every_record_byte_including_final_eof_drops_the_reconstruction ... ok
2026-09-18T15:41:02.2906197Z test pool::replay::tests::maximum_record_window_is_replayed_without_copying_the_full_state_per_block ... ok
2026-09-18T15:41:02.2913915Z test pool::replay::tests::reusable_buffer_does_not_decode_stale_tail_bytes_after_a_shorter_record ... ok
2026-09-18T15:41:02.2914800Z test pool::replay::tests::shared_eof_does_not_swallow_read_errors_or_trailing_data ... ok
2026-09-18T15:41:02.2915772Z test pool::replay::tests::shared_header_and_eof_retry_interrupted_and_short_reads ... ok
2026-09-18T15:41:02.2916465Z test pool::replay::tests::shared_header_preserves_both_profiles_and_leaves_records_unread ... ok
2026-09-18T15:41:02.2917211Z test pool::replay::tests::shared_header_rejects_bounds_before_reading_commitment_payload ... ok
2026-09-18T15:41:02.2917965Z test pool::replay::tests::shared_header_rejects_unknown_network_domain_and_truncation ... ok
2026-09-18T15:41:02.2922302Z test pool::replay::tests::startup_and_wallet_history_share_replay_and_preserve_journal_bytes ... ok
2026-09-18T15:41:10.0459439Z test pool::tests::actual_two_hop_pool_commit_replay_and_corruption ... ok
2026-09-18T15:41:10.0470673Z test pool::tests::empty_pool_lock_restart_and_no_overwrite ... ok
2026-09-18T15:41:10.0476940Z test pool::tests::lost_sync_acknowledgement_remains_uncertain_until_replay ... ok
2026-09-18T15:41:10.0484117Z test pool::tests::partial_write_poison_does_not_advance_memory_or_repair_disk ... ok
2026-09-18T15:41:10.0545945Z test pool::tests::record_decoder_rejects_truncation_trailing_and_length_bombs ... ok
2026-09-18T15:41:10.0553090Z test pool::tests::tampered_prepared_result_and_resource_limits ... ok
2026-09-18T15:41:23.4246934Z test pool::wallet_flow_tests::durable_wallet_outbox_resumes_exact_real_payment_after_lost_acknowledgement ... ok
2026-09-18T15:41:23.4265256Z test pool::wallet_flow_tests::wallet_history_replay_keeps_append_cursor_and_rejects_disk_drift ... ok
2026-09-18T15:41:40.8640536Z test pool::wallet_flow_tests::wallet_nonzero_multinote_payment_change_expiry_backup_and_rescan ... ok
2026-09-18T15:41:41.0388561Z test pool::wallet_flow_tests::wallet_rejects_changed_checkpoint_ancestry_without_mutation ... ok
2026-09-18T15:41:41.0389631Z test signing_domain_vectors::every_context_component_changes_the_bound_signature_message ... ok
2026-09-18T15:41:41.0391988Z test signing_domain_vectors::legacy_and_bound_transcripts_match_independent_sha256_vectors ... ok
2026-09-18T15:41:41.3450476Z test wallet::tests::shared_witnesses_match_upstream_frontier_for_odd_and_even_trees ... ok
2026-09-18T15:41:41.4201182Z test wallet::vault::independent_kdf_vector::argon2id_matches_independent_argon2_cffi_reference ... ok
2026-09-18T15:41:42.0389135Z test wallet::vault::store::compact_tests::compacted_checkpoint_is_authenticated_but_requires_rescan_and_new_receipt ... ok
2026-09-18T15:41:42.5370669Z test wallet::vault::store::compact_tests::compaction_requires_exact_current_pin_and_never_overwrites_targets ... ok
2026-09-18T15:41:42.6223791Z test wallet::vault::store::compact_tests::corrupt_or_poisoned_source_cannot_be_compacted_into_a_fresh_looking_copy ... ok
2026-09-18T15:41:43.1884440Z test wallet::vault::store::compact_tests::partial_and_lost_ack_compaction_preserve_source_and_do_not_repair_targets ... ok
2026-09-18T15:41:43.6048197Z test wallet::vault::store::tests::authenticated_predecessor_rejects_rewritten_hash_chain_and_other_journal ... ok
2026-09-18T15:41:43.7078727Z test wallet::vault::store::tests::bounds_padding_and_live_disk_drift_fail_closed ... ok
2026-09-18T15:41:43.7941238Z test wallet::vault::store::tests::capacity_inspection_is_read_only_and_does_not_claim_synced_balance ... ok
2026-09-18T15:41:44.3152226Z test wallet::vault::store::tests::create_sync_backup_reopen_and_exact_source_protection ... ok
2026-09-18T15:41:44.7678675Z test wallet::vault::store::tests::legacy_snapshot_import_preserves_missing_outbox_reservation ... ok
2026-09-18T15:41:44.7679472Z test wallet::vault::store::tests::lock_child ... ok
2026-09-18T15:41:44.8534122Z test wallet::vault::store::tests::lock_is_enforced_across_processes ... ok
2026-09-18T15:41:45.1165730Z test wallet::vault::store::tests::lost_acknowledgement_is_uncertain_and_reopen_reconciles_complete_record ... ok
2026-09-18T15:41:45.2013674Z test wallet::vault::store::tests::missing_and_nonregular_files_are_not_created_or_repaired ... ok
2026-09-18T15:41:45.3757735Z test wallet::vault::store::tests::partial_write_poison_preserves_failure_and_never_truncates_on_reopen ... ok
2026-09-18T15:41:45.4612406Z test wallet::vault::store::tests::truncated_and_oversized_files_never_invoke_unbounded_reads ... ok
2026-09-18T15:41:45.8137584Z test wallet::vault::store::tests::valid_prefix_needs_independent_receipt_for_rollback_detection ... ok
2026-09-18T15:41:46.4469779Z test wallet::vault::tests::encrypted_roundtrip_randomization_and_wrong_password ... ok
2026-09-18T15:41:46.4530348Z test wallet::vault::tests::rejects_lengths_versions_and_kdf_bombs_before_derivation ... ok
2026-09-18T15:41:46.4599836Z test wallet::vault::tests::snapshot_rejects_noncanonical_flags_padding_and_duplicate_reservations ... ok
2026-09-18T15:41:46.4603843Z test wire::cache::tests::concurrent_success_memoization_preserves_exact_entries_and_bounds ... ok
2026-09-18T15:41:46.4604628Z test wire::cache::tests::exact_bytes_required_even_for_a_forced_digest_collision ... ok
2026-09-18T15:41:46.4605280Z test wire::cache::tests::fifo_capacity_and_duplicate_insert_are_bounded ... ok
2026-09-18T15:41:46.4605857Z test wire::cache::tests::invalid_sizes_cannot_fill_the_cache ... ok
2026-09-18T15:41:51.5322092Z test wire::fixed_key_tests::concurrent_verifiers_share_only_the_fixed_key_and_keep_real_authorization_cold ... ok
2026-09-18T15:41:51.5322786Z test worker::tests::bounded_frame_rejections ... ok
2026-09-18T15:41:51.5323212Z test worker::tests::fingerprint_matches_go_vector ... ok
2026-09-18T15:41:51.5325521Z test worker::tests::frame_roundtrip ... ok
2026-09-18T15:41:51.5325770Z 
2026-09-18T15:41:51.5326081Z test result: ok. 171 passed; 0 failed; 0 ignored; 0 measured; 0 filtered out; finished in 57.61s
2026-09-18T15:41:51.5326482Z 
2026-09-18T15:41:51.5337576Z      Running unittests src/bin/zevune-orchard-worker.rs (target/release/deps/zevune_orchard_worker-cd84f4d9aac9e10a)
2026-09-18T15:41:51.5346585Z 
2026-09-18T15:41:51.5346709Z running 0 tests
2026-09-18T15:41:51.5346854Z 
2026-09-18T15:41:51.5347178Z test result: ok. 0 passed; 0 failed; 0 ignored; 0 measured; 0 filtered out; finished in 0.00s
2026-09-18T15:41:51.5347573Z 
2026-09-18T15:41:51.5349325Z      Running unittests src/bin/zevune-pool-worker.rs (target/release/deps/zevune_pool_worker-c8c07100e193c907)
2026-09-18T15:41:51.5355907Z 
2026-09-18T15:41:51.5357212Z running 3 tests
2026-09-18T15:41:51.5357448Z test tests::block_decoder_bounds ... ok
2026-09-18T15:41:51.5357978Z test tests::frame_truncation_and_bombs ... ok
2026-09-18T15:41:51.5360145Z test tests::selection_frame_is_bounded_canonical_and_separate_from_blocks ... ok
2026-09-18T15:41:51.5360554Z 
2026-09-18T15:41:51.5360862Z test result: ok. 3 passed; 0 failed; 0 ignored; 0 measured; 0 filtered out; finished in 0.00s
2026-09-18T15:41:51.5361264Z 
2026-09-18T15:41:51.5361700Z      Running tests/active_incremental_cli.rs (target/release/deps/active_incremental_cli-ddb3c363d43f6c22)
2026-09-18T15:41:51.5367773Z 
2026-09-18T15:41:51.5367896Z running 0 tests
2026-09-18T15:41:51.5368054Z 
2026-09-18T15:41:51.5368366Z test result: ok. 0 passed; 0 failed; 0 ignored; 0 measured; 0 filtered out; finished in 0.00s
2026-09-18T15:41:51.5368945Z 
2026-09-18T15:41:51.5369752Z      Running tests/active_incremental_package_cli.rs (target/release/deps/active_incremental_package_cli-e33af610a4d724d8)
2026-09-18T15:41:51.5376570Z 
2026-09-18T15:41:51.5376793Z running 0 tests
2026-09-18T15:41:51.5376940Z 
2026-09-18T15:41:51.5377240Z test result: ok. 0 passed; 0 failed; 0 ignored; 0 measured; 0 filtered out; finished in 0.00s
2026-09-18T15:41:51.5377639Z 
2026-09-18T15:41:51.5378144Z      Running tests/active_recovery_cli.rs (target/release/deps/active_recovery_cli-1f50c05fa40f1b0c)
2026-09-18T15:41:51.5385475Z 
2026-09-18T15:41:51.5385589Z running 0 tests
2026-09-18T15:41:51.5385747Z 
2026-09-18T15:41:51.5386030Z test result: ok. 0 passed; 0 failed; 0 ignored; 0 measured; 0 filtered out; finished in 0.00s
2026-09-18T15:41:51.5386313Z 
2026-09-18T15:41:51.5387308Z      Running tests/authorization_cache.rs (target/release/deps/authorization_cache-d80d49074bec5de6)
2026-09-18T15:41:51.5396250Z 
2026-09-18T15:41:51.5396707Z running 1 test
2026-09-18T15:41:58.3125189Z test real_authorization_reuse_rejects_changed_bytes_and_restarts_cold ... AUTH_CACHE_SAMPLE scope=authorization_only samples=32 cold_us=21092 warm_total_us=2020 transaction_bytes=9166
2026-09-18T15:41:58.3126188Z ok
2026-09-18T15:41:58.3126313Z 
2026-09-18T15:41:58.3126610Z test result: ok. 1 passed; 0 failed; 0 ignored; 0 measured; 0 filtered out; finished in 6.77s
2026-09-18T15:41:58.3127030Z 
2026-09-18T15:41:58.3134639Z      Running tests/bridge.rs (target/release/deps/bridge-cda5b5ed74dd728b)
2026-09-18T15:41:58.3145980Z 
2026-09-18T15:41:58.3146114Z running 1 test
2026-09-18T15:42:06.8539617Z test real_wire_roundtrip_individual_authorization_and_rejections ... ok
2026-09-18T15:42:06.8540018Z 
2026-09-18T15:42:06.8540419Z test result: ok. 1 passed; 0 failed; 0 ignored; 0 measured; 0 filtered out; finished in 8.54s
2026-09-18T15:42:06.8540901Z 
2026-09-18T15:42:06.8553447Z      Running tests/cache_state_guards.rs (target/release/deps/cache_state_guards-5ead73e6d643655e)
2026-09-18T15:42:06.8563356Z 
2026-09-18T15:42:06.8563469Z running 0 tests
2026-09-18T15:42:06.8563614Z 
2026-09-18T15:42:06.8563930Z test result: ok. 0 passed; 0 failed; 0 ignored; 0 measured; 0 filtered out; finished in 0.00s
2026-09-18T15:42:06.8564352Z 
2026-09-18T15:42:06.8565139Z      Running tests/default_worker_policy.rs (target/release/deps/default_worker_policy-479792fe47624099)
2026-09-18T15:42:06.8572397Z 
2026-09-18T15:42:06.8572517Z running 1 test
2026-09-18T15:42:06.8584737Z test default_worker_refuses_explicit_funding_arguments ... ok
2026-09-18T15:42:06.8585093Z 
2026-09-18T15:42:06.8585418Z test result: ok. 1 passed; 0 failed; 0 ignored; 0 measured; 0 filtered out; finished in 0.00s
2026-09-18T15:42:06.8585813Z 
2026-09-18T15:42:06.8586380Z      Running tests/genesis_domain.rs (target/release/deps/genesis_domain-f530e40902e25b8e)
2026-09-18T15:42:06.8594456Z 
2026-09-18T15:42:06.8594595Z running 0 tests
2026-09-18T15:42:06.8594752Z 
2026-09-18T15:42:06.8595068Z test result: ok. 0 passed; 0 failed; 0 ignored; 0 measured; 0 filtered out; finished in 0.00s
2026-09-18T15:42:06.8595488Z 
2026-09-18T15:42:06.8596165Z      Running tests/genesis_manifest_bounds.rs (target/release/deps/genesis_manifest_bounds-b5536276992f4a6e)
2026-09-18T15:42:06.8603449Z 
2026-09-18T15:42:06.8603566Z running 0 tests
2026-09-18T15:42:06.8603726Z 
2026-09-18T15:42:06.8604018Z test result: ok. 0 passed; 0 failed; 0 ignored; 0 measured; 0 filtered out; finished in 0.00s
2026-09-18T15:42:06.8604434Z 
2026-09-18T15:42:06.8605056Z      Running tests/operator_cli.rs (target/release/deps/operator_cli-287e6082c7030018)
2026-09-18T15:42:06.8612138Z 
2026-09-18T15:42:06.8612254Z running 0 tests
2026-09-18T15:42:06.8612406Z 
2026-09-18T15:42:06.8612695Z test result: ok. 0 passed; 0 failed; 0 ignored; 0 measured; 0 filtered out; finished in 0.00s
2026-09-18T15:42:06.8613110Z 
2026-09-18T15:42:06.8613806Z      Running tests/payment_preflight.rs (target/release/deps/payment_preflight-d68a7de54a8fe8d9)
2026-09-18T15:42:06.8620909Z 
2026-09-18T15:42:06.8621019Z running 0 tests
2026-09-18T15:42:06.8621167Z 
2026-09-18T15:42:06.8621509Z test result: ok. 0 passed; 0 failed; 0 ignored; 0 measured; 0 filtered out; finished in 0.00s
2026-09-18T15:42:06.8621929Z 
2026-09-18T15:42:06.8623426Z      Running tests/pool_network.rs (target/release/deps/pool_network-c8f8ae5b9cd9a26d)
2026-09-18T15:42:06.8631984Z 
2026-09-18T15:42:06.8632086Z running 1 test
2026-09-18T15:42:13.6241734Z test zero_value_real_proof_for_consensus ... ok
2026-09-18T15:42:13.6242041Z 
2026-09-18T15:42:13.6242322Z test result: ok. 1 passed; 0 failed; 0 ignored; 0 measured; 0 filtered out; finished in 6.76s
2026-09-18T15:42:13.6242708Z 
2026-09-18T15:42:13.6258124Z      Running tests/real_bundle.rs (target/release/deps/real_bundle-20f99c112b3d5369)
2026-09-18T15:42:13.6269462Z 
2026-09-18T15:42:13.6434937Z running 4 tests
2026-09-18T15:42:13.6435204Z test builder_rejects_wrong_owner_and_nonmember_path ... ok
2026-09-18T15:42:13.6459311Z test raw_key_reconstruction_preserves_local_receiver ... ok
2026-09-18T15:42:20.4055172Z test real_proofs_two_hops_and_adversarial_cases ... M4_PHASE valid_proof_and_signatures_and_read_only_check: passed
2026-09-18T15:42:20.4118267Z M4_PHASE recipient_decryption_change_wrong_key_and_raw_key_recovery: passed
2026-09-18T15:42:20.4128129Z M4_PHASE network_expiry_anchor_and_value_balance_rejections: passed
2026-09-18T15:42:20.4354859Z M4_PHASE corrupted_proof_noncanonical_length_signatures_ciphertext_and_version: passed
2026-09-18T15:42:24.7375133Z M4_PHASE duplicate_checks_and_real_proof_unbacked_pool_delta_rejection: passed
2026-09-18T15:42:29.0414373Z M4_PHASE verified_receiver_note_can_be_spent_onward: passed
2026-09-18T15:42:29.0415936Z M4_METRICS {"scope":"single_process_real_crypto_not_network_latency","key_build_ms":4188.463,"first_proof_ms":2519.458,"second_proof_ms":2482.579,"negative_delta_proof_ms":2511.357,"first_verify_ms":20.750,"second_verify_ms":20.633,"first_recipient_scan_ms":1.465,"actions_per_valid_bundle":2,"proof_bytes":7264}
2026-09-18T15:42:29.0484719Z ok
2026-09-18T15:42:29.0486081Z test upstream_public_empty_root_vectors ... ok
2026-09-18T15:42:29.0486309Z 
2026-09-18T15:42:29.0486510Z test result: ok. 4 passed; 0 failed; 0 ignored; 0 measured; 0 filtered out; finished in 15.42s
2026-09-18T15:42:29.0486788Z 
2026-09-18T15:42:29.0490294Z      Running tests/recipient_domain.rs (target/release/deps/recipient_domain-bf48c57b14c78bc5)
2026-09-18T15:42:29.0499835Z 
2026-09-18T15:42:29.0499943Z running 3 tests
2026-09-18T15:42:29.0655823Z test canonical_receiver_formats_preserve_legacy_without_domain_fallback ... ok
2026-09-18T15:42:29.0859576Z test network_recipient_requires_a_verified_history_not_only_keys ... ok
2026-09-18T15:42:29.1032146Z test recipient_parser_rejects_truncation_mutation_and_noncanonical_input ... ok
2026-09-18T15:42:29.1032733Z 
2026-09-18T15:42:29.1032960Z test result: ok. 3 passed; 0 failed; 0 ignored; 0 measured; 0 filtered out; finished in 0.05s
2026-09-18T15:42:29.1033229Z 
2026-09-18T15:42:29.1034581Z      Running tests/recovery_cli.rs (target/release/deps/recovery_cli-db19acbe6913f296)
2026-09-18T15:42:29.1043012Z 
2026-09-18T15:42:29.1043126Z running 0 tests
2026-09-18T15:42:29.1043282Z 
2026-09-18T15:42:29.1043575Z test result: ok. 0 passed; 0 failed; 0 ignored; 0 measured; 0 filtered out; finished in 0.00s
2026-09-18T15:42:29.1043861Z 
2026-09-18T15:42:29.1044835Z      Running tests/test_genesis.rs (target/release/deps/test_genesis-c254433454550e36)
2026-09-18T15:42:29.1052182Z 
2026-09-18T15:42:29.1052303Z running 0 tests
2026-09-18T15:42:29.1052450Z 
2026-09-18T15:42:29.1052748Z test result: ok. 0 passed; 0 failed; 0 ignored; 0 measured; 0 filtered out; finished in 0.00s
2026-09-18T15:42:29.1053152Z 
2026-09-18T15:42:29.1053657Z    Doc-tests zevune_orchard_lab
2026-09-18T15:42:29.1630417Z 
2026-09-18T15:42:29.1630928Z running 0 tests
2026-09-18T15:42:29.1631150Z 
2026-09-18T15:42:29.1631526Z test result: ok. 0 passed; 0 failed; 0 ignored; 0 measured; 0 filtered out; finished in 0.00s
2026-09-18T15:42:29.1631887Z 
2026-09-18T15:42:29.1684827Z ##[group]Run cargo clippy --locked --release --all-targets -- -D warnings
2026-09-18T15:42:29.1685251Z [36;1mcargo clippy --locked --release --all-targets -- -D warnings[0m
2026-09-18T15:42:29.1717487Z shell: /usr/bin/bash --noprofile --norc -e -o pipefail {0}
2026-09-18T15:42:29.1717758Z env:
2026-09-18T15:42:29.1717913Z   RAYON_NUM_THREADS: 2
2026-09-18T15:42:29.1718085Z   CARGO_BUILD_JOBS: 2
2026-09-18T15:42:29.1718250Z ##[endgroup]
2026-09-18T15:42:29.2948647Z     Checking cfg-if v1.0.4
2026-09-18T15:42:29.2950431Z     Checking libc v0.2.189
2026-09-18T15:42:29.3084208Z     Checking subtle v2.6.1
2026-09-18T15:42:29.3614478Z     Checking typenum v1.20.1
2026-09-18T15:42:29.6902323Z     Checking generic-array v0.14.7
2026-09-18T15:42:29.7774035Z     Checking getrandom v0.2.17
2026-09-18T15:42:29.8301028Z     Checking rand_core v0.6.4
2026-09-18T15:42:29.8867752Z     Checking tap v1.0.1
2026-09-18T15:42:29.9102111Z     Checking wyz v0.5.1
2026-09-18T15:42:29.9297216Z     Checking crypto-common v0.1.7
2026-09-18T15:42:29.9594129Z     Checking radium v0.7.0
2026-09-18T15:42:29.9743119Z     Checking funty v2.0.0
2026-09-18T15:42:30.0217679Z     Checking zeroize v1.9.0
2026-09-18T15:42:30.0707811Z     Checking zerocopy v0.8.57
2026-09-18T15:42:30.1714857Z     Checking bitvec v1.1.1
2026-09-18T15:42:31.1480270Z     Checking ff v0.13.1
2026-09-18T15:42:31.1844179Z     Checking memuse v0.2.2
2026-09-18T15:42:31.2336281Z     Checking constant_time_eq v0.4.2
2026-09-18T15:42:31.2701996Z     Checking arrayvec v0.7.8
2026-09-18T15:42:31.3405261Z     Checking blake2b_simd v1.0.5
2026-09-18T15:42:31.5251736Z     Checking crossbeam-utils v0.8.23
2026-09-18T15:42:31.6847088Z     Checking group v0.13.0
2026-09-18T15:42:31.7347885Z     Checking inout v0.1.4
2026-09-18T15:42:31.7660039Z     Checking static_assertions v1.1.0
2026-09-18T15:42:31.7788642Z     Checking cpufeatures v0.2.17
2026-09-18T15:42:31.7919245Z     Checking spin v0.9.9
2026-09-18T15:42:31.8207369Z     Checking lazy_static v1.5.0
2026-09-18T15:42:31.8334867Z     Checking ppv-lite86 v0.2.21
2026-09-18T15:42:31.8363758Z     Checking cipher v0.4.4
2026-09-18T15:42:31.9114777Z     Checking crossbeam-epoch v0.9.21
2026-09-18T15:42:31.9717511Z     Checking rand_chacha v0.3.1
2026-09-18T15:42:32.0139286Z     Checking crossbeam-deque v0.8.8
2026-09-18T15:42:32.0523600Z     Checking rand v0.8.5
2026-09-18T15:42:32.0767495Z     Checking either v1.18.0
2026-09-18T15:42:32.1385481Z     Checking rayon-core v1.13.0
2026-09-18T15:42:32.3162900Z     Checking once_cell v1.21.4
2026-09-18T15:42:32.3213684Z     Checking pasta_curves v0.5.2
2026-09-18T15:42:32.3790140Z     Checking tracing-core v0.1.36
2026-09-18T15:42:32.5406787Z     Checking rayon v1.12.0
2026-09-18T15:42:32.6699931Z     Checking num-traits v0.2.19
2026-09-18T15:42:32.9386015Z     Checking universal-hash v0.5.1
2026-09-18T15:42:32.9680641Z     Checking block-buffer v0.10.4
2026-09-18T15:42:32.9999878Z     Checking pin-project-lite v0.2.17
2026-09-18T15:42:33.0174021Z     Checking byteorder v1.5.0
2026-09-18T15:42:33.0981409Z     Checking hashbrown v0.12.3
2026-09-18T15:42:33.3086202Z     Checking opaque-debug v0.3.1
2026-09-18T15:42:33.3211821Z     Checking hex v0.4.3
2026-09-18T15:42:33.4046030Z     Checking poly1305 v0.8.0
2026-09-18T15:42:33.5067868Z     Checking maybe-rayon v0.1.1
2026-09-18T15:42:33.5178007Z     Checking indexmap v1.9.3
2026-09-18T15:42:33.5202040Z     Checking tracing v0.1.44
2026-09-18T15:42:33.5899489Z     Checking digest v0.10.7
2026-09-18T15:42:33.6598298Z     Checking num-integer v0.1.47
2026-09-18T15:42:33.6715080Z     Checking serde_core v1.0.229
2026-09-18T15:42:33.7557630Z     Checking crunchy v0.2.4
2026-09-18T15:42:33.7705372Z     Checking chacha20 v0.9.1
2026-09-18T15:42:33.8404857Z     Checking bls12_381 v0.8.0
2026-09-18T15:42:33.9046744Z     Checking aead v0.5.2
2026-09-18T15:42:33.9405193Z     Checking halo2_legacy_pdqsort v0.1.0
2026-09-18T15:42:33.9783764Z     Checking halo2_proofs v0.3.5
2026-09-18T15:42:34.6065379Z     Checking serde v1.0.229
2026-09-18T15:42:34.8107919Z     Checking chacha20poly1305 v0.10.1
2026-09-18T15:42:34.8401658Z     Checking jubjub v0.10.0
2026-09-18T15:42:34.9546014Z     Checking thiserror v2.0.20
2026-09-18T15:42:34.9740281Z     Checking uint v0.9.5
2026-09-18T15:42:35.0055992Z     Checking num-bigint v0.4.8
2026-09-18T15:42:35.3011623Z     Checking libm v0.2.16
2026-09-18T15:42:35.5482445Z     Checking halo2_poseidon v0.1.0
2026-09-18T15:42:35.7132662Z     Checking sinsemilla v0.1.0
2026-09-18T15:42:35.7715545Z     Checking cbc v0.1.2
2026-09-18T15:42:35.8055147Z     Checking zcash_spec v0.2.1
2026-09-18T15:42:35.8289468Z     Checking bech32 v0.11.1
2026-09-18T15:42:35.9760943Z     Checking base64ct v1.8.3
2026-09-18T15:42:36.0685471Z     Checking password-hash v0.5.0
2026-09-18T15:42:36.1700218Z     Checking zip32 v0.2.1
2026-09-18T15:42:36.2159708Z     Checking halo2_gadgets v0.5.0
2026-09-18T15:42:36.2399359Z     Checking fpe v0.6.1
2026-09-18T15:42:36.3218665Z     Checking reddsa v0.5.2
2026-09-18T15:42:36.4456414Z     Checking zcash_note_encryption v0.4.2
2026-09-18T15:42:36.5096656Z     Checking blake2 v0.10.6
2026-09-18T15:42:36.6041220Z     Checking incrementalmerkletree v0.8.1
2026-09-18T15:42:36.6623299Z     Checking aes v0.8.4
2026-09-18T15:42:36.8550895Z     Checking nonempty v0.11.0
2026-09-18T15:42:36.9015309Z     Checking corez v0.1.1
2026-09-18T15:42:36.9090528Z     Checking argon2 v0.5.3
2026-09-18T15:42:36.9144016Z     Checking orchard v0.15.5
2026-09-18T15:42:37.0667000Z     Checking sha2 v0.10.9
2026-09-18T15:42:37.7333617Z     Checking zevune-orchard-lab v0.1.0 (/home/runner/work/Zevune/Zevune/integration/orchard)
2026-09-18T15:42:38.9394742Z error: call to `std::mem::drop` with a value that does not implement `Drop`. Dropping such a type only extends its contained lifetimes
2026-09-18T15:42:38.9395620Z    --> src/pool/active/package/tests.rs:354:9
2026-09-18T15:42:38.9395991Z     |
2026-09-18T15:42:38.9396224Z 354 |         drop(reader);
2026-09-18T15:42:38.9396508Z     |         ^^^^^^^^^^^^
2026-09-18T15:42:38.9396780Z     |
2026-09-18T15:42:38.9397133Z note: argument has type `pool::active::package::JoinedReader<'_, '_>`
2026-09-18T15:42:38.9397615Z    --> src/pool/active/package/tests.rs:354:14
2026-09-18T15:42:38.9397953Z     |
2026-09-18T15:42:38.9398168Z 354 |         drop(reader);
2026-09-18T15:42:38.9398448Z     |              ^^^^^^
2026-09-18T15:42:38.9399474Z     = help: for further information visit https://rust-lang.github.io/rust-clippy/rust-1.98.0/index.html#drop_non_drop
2026-09-18T15:42:38.9400240Z     = note: `-D clippy::drop-non-drop` implied by `-D warnings`
2026-09-18T15:42:38.9400783Z     = help: to override `-D warnings` add `#[allow(clippy::drop_non_drop)]`
2026-09-18T15:42:38.9401120Z 
2026-09-18T15:42:39.0312442Z error: could not compile `zevune-orchard-lab` (lib test) due to 1 previous error
2026-09-18T15:42:39.0412325Z ##[error]Process completed with exit code 101.
2026-09-18T15:42:39.0519004Z Post job cleanup.
2026-09-18T15:42:39.1210666Z [command]/usr/bin/git version
2026-09-18T15:42:39.1248987Z git version 2.55.0
2026-09-18T15:42:39.1284498Z Temporarily overriding HOME='/home/runner/work/_temp/ccd50b5d-0bd2-4d77-86f9-9a4893d79898' before making global git config changes
2026-09-18T15:42:39.1285225Z Adding repository directory to the temporary git global config as a safe directory
2026-09-18T15:42:39.1288954Z [command]/usr/bin/git config --global --add safe.directory /home/runner/work/Zevune/Zevune
2026-09-18T15:42:39.1326831Z [command]/usr/bin/git config --local --name-only --get-regexp core\.sshCommand
2026-09-18T15:42:39.1356967Z [command]/usr/bin/git submodule foreach --recursive sh -c "git config --local --name-only --get-regexp 'core\.sshCommand' && git config --local --unset-all 'core.sshCommand' || :"
2026-09-18T15:42:39.1578154Z [command]/usr/bin/git config --local --name-only --get-regexp http\.https\:\/\/github\.com\/\.extraheader
2026-09-18T15:42:39.1609457Z [command]/usr/bin/git submodule foreach --recursive sh -c "git config --local --name-only --get-regexp 'http\.https\:\/\/github\.com\/\.extraheader' && git config --local --unset-all 'http.https://github.com/.extraheader' || :"
2026-09-18T15:42:39.1992100Z Cleaning up orphan processes
