2026-09-18T15:34:31.2293763Z Current runner version: '2.337.0'
2026-09-18T15:34:31.2320880Z ##[group]Runner Image Provisioner
2026-09-18T15:34:31.2321831Z Hosted Compute Agent
2026-09-18T15:34:31.2322428Z Version: 20260828.587
2026-09-18T15:34:31.2323044Z Commit: abac92662cab4cc7352de4f9f9d2e2419aad9c29
2026-09-18T15:34:31.2323764Z Build Date: 2026-08-28T16:44:25Z
2026-09-18T15:34:31.2324418Z Worker ID: {86956eb6-11cb-4af5-b862-7a6e35ebdb07}
2026-09-18T15:34:31.2325137Z Azure Region: northcentralus
2026-09-18T15:34:31.2325729Z ##[endgroup]
2026-09-18T15:34:31.2327460Z ##[group]Operating System
2026-09-18T15:34:31.2328200Z Microsoft Windows Server 2025
2026-09-18T15:34:31.2328839Z 10.0.26100
2026-09-18T15:34:31.2329352Z Datacenter
2026-09-18T15:34:31.2329852Z ##[endgroup]
2026-09-18T15:34:31.2330349Z ##[group]Runner Image
2026-09-18T15:34:31.2330948Z Image: windows-2025-vs2026
2026-09-18T15:34:31.2331822Z Version: 20260907.229.1
2026-09-18T15:34:31.2333426Z Included Software: https://github.com/actions/runner-images/blob/win25-vs2026/20260907.229/images/windows/Windows2025-VS2026-Readme.md
2026-09-18T15:34:31.2335131Z Image Release: https://github.com/actions/runner-images/releases/tag/win25-vs2026%2F20260907.229
2026-09-18T15:34:31.2336659Z ##[endgroup]
2026-09-18T15:34:31.2337819Z ##[group]GITHUB_TOKEN Permissions
2026-09-18T15:34:31.2339893Z Contents: read
2026-09-18T15:34:31.2340526Z Metadata: read
2026-09-18T15:34:31.2341080Z ##[endgroup]
2026-09-18T15:34:31.2343304Z Secret source: Actions
2026-09-18T15:34:31.2344248Z Cache mode: write
2026-09-18T15:34:31.2345048Z Prepare workflow directory
2026-09-18T15:34:31.2869429Z Prepare all required actions
2026-09-18T15:34:31.2924977Z Getting action download info
2026-09-18T15:34:31.4797446Z Download action repository 'actions/checkout@08c6903cd8c0fde910a37f88322edcfb5dd907a8' (SHA:08c6903cd8c0fde910a37f88322edcfb5dd907a8)
2026-09-18T15:34:31.6340400Z Download action repository 'actions/setup-go@44694675825211faa026b3c33043df3e48a5fa00' (SHA:44694675825211faa026b3c33043df3e48a5fa00)
2026-09-18T15:34:32.0155663Z Download action repository 'actions/upload-artifact@ea165f8d65b6e75b540449e92b4886f43607fa02' (SHA:ea165f8d65b6e75b540449e92b4886f43607fa02)
2026-09-18T15:34:32.9780128Z Complete job name: operator (windows-latest)
2026-09-18T15:34:33.1946912Z ##[group]Run actions/checkout@08c6903cd8c0fde910a37f88322edcfb5dd907a8
2026-09-18T15:34:33.1949130Z with:
2026-09-18T15:34:33.1950512Z   persist-credentials: false
2026-09-18T15:34:33.1952117Z   repository: youq616/Zevune
2026-09-18T15:34:33.1960525Z   token: ***
2026-09-18T15:34:33.1961806Z   ssh-strict: true
2026-09-18T15:34:33.1962645Z   ssh-user: git
2026-09-18T15:34:33.1963442Z   clean: true
2026-09-18T15:34:33.1964273Z   sparse-checkout-cone-mode: true
2026-09-18T15:34:33.1965282Z   fetch-depth: 1
2026-09-18T15:34:33.1966093Z   fetch-tags: false
2026-09-18T15:34:33.1966926Z   show-progress: true
2026-09-18T15:34:33.1967769Z   lfs: false
2026-09-18T15:34:33.1968556Z   submodules: false
2026-09-18T15:34:33.1969431Z   set-safe-directory: true
2026-09-18T15:34:33.1970696Z env:
2026-09-18T15:34:33.1971460Z   RAYON_NUM_THREADS: 2
2026-09-18T15:34:33.1972323Z   CARGO_BUILD_JOBS: 2
2026-09-18T15:34:33.1973162Z ##[endgroup]
2026-09-18T15:34:33.3769343Z Syncing repository: youq616/Zevune
2026-09-18T15:34:33.3772381Z ##[group]Getting Git version info
2026-09-18T15:34:33.3773544Z Working directory is 'D:\a\Zevune\Zevune'
2026-09-18T15:34:33.4922139Z [command]"C:\Program Files\Git\bin\git.exe" version
2026-09-18T15:34:34.1692375Z git version 2.55.0.windows.5
2026-09-18T15:34:34.1740993Z ##[endgroup]
2026-09-18T15:34:34.1759724Z Temporarily overriding HOME='D:\a\_temp\47d4c179-879c-4731-8314-2bc1cd8b60c9' before making global git config changes
2026-09-18T15:34:34.1761427Z Adding repository directory to the temporary git global config as a safe directory
2026-09-18T15:34:34.1770698Z [command]"C:\Program Files\Git\bin\git.exe" config --global --add safe.directory D:\a\Zevune\Zevune
2026-09-18T15:34:34.2782092Z Deleting the contents of 'D:\a\Zevune\Zevune'
2026-09-18T15:34:34.2788858Z ##[group]Initializing the repository
2026-09-18T15:34:34.2798977Z [command]"C:\Program Files\Git\bin\git.exe" init D:\a\Zevune\Zevune
2026-09-18T15:34:34.4434175Z Initialized empty Git repository in D:/a/Zevune/Zevune/.git/
2026-09-18T15:34:34.4488280Z [command]"C:\Program Files\Git\bin\git.exe" remote add origin https://github.com/youq616/Zevune
2026-09-18T15:34:34.5574925Z ##[endgroup]
2026-09-18T15:34:34.5575656Z ##[group]Disabling automatic garbage collection
2026-09-18T15:34:34.5584702Z [command]"C:\Program Files\Git\bin\git.exe" config --local gc.auto 0
2026-09-18T15:34:34.5907327Z ##[endgroup]
2026-09-18T15:34:34.5907971Z ##[group]Setting up auth
2026-09-18T15:34:34.5920358Z [command]"C:\Program Files\Git\bin\git.exe" config --local --name-only --get-regexp core\.sshCommand
2026-09-18T15:34:34.6233164Z [command]"C:\Program Files\Git\bin\git.exe" submodule foreach --recursive "sh -c \"git config --local --name-only --get-regexp 'core\.sshCommand' && git config --local --unset-all 'core.sshCommand' || :\""
2026-09-18T15:34:37.2619219Z [command]"C:\Program Files\Git\bin\git.exe" config --local --name-only --get-regexp http\.https\:\/\/github\.com\/\.extraheader
2026-09-18T15:34:37.2934224Z [command]"C:\Program Files\Git\bin\git.exe" submodule foreach --recursive "sh -c \"git config --local --name-only --get-regexp 'http\.https\:\/\/github\.com\/\.extraheader' && git config --local --unset-all 'http.https://github.com/.extraheader' || :\""
2026-09-18T15:34:37.8609127Z [command]"C:\Program Files\Git\bin\git.exe" config --local http.https://github.com/.extraheader "AUTHORIZATION: basic ***"
2026-09-18T15:34:37.8955221Z ##[endgroup]
2026-09-18T15:34:37.8956444Z ##[group]Fetching the repository
2026-09-18T15:34:37.8968805Z [command]"C:\Program Files\Git\bin\git.exe" -c protocol.version=2 fetch --no-tags --prune --no-recurse-submodules --depth=1 origin +aad3cfbb99350b2e8db1ac7abe718b5684a5ab1f:refs/remotes/pull/17/merge
2026-09-18T15:34:40.9102625Z From https://github.com/youq616/Zevune
2026-09-18T15:34:40.9103582Z  * [new ref]         aad3cfbb99350b2e8db1ac7abe718b5684a5ab1f -> pull/17/merge
2026-09-18T15:34:40.9146930Z ##[endgroup]
2026-09-18T15:34:40.9150541Z ##[group]Determining the checkout info
2026-09-18T15:34:40.9152005Z ##[endgroup]
2026-09-18T15:34:40.9165773Z [command]"C:\Program Files\Git\bin\git.exe" sparse-checkout disable
2026-09-18T15:34:40.9661141Z [command]"C:\Program Files\Git\bin\git.exe" config --local --unset-all extensions.worktreeConfig
2026-09-18T15:34:40.9966263Z ##[group]Checking out the ref
2026-09-18T15:34:41.0041227Z [command]"C:\Program Files\Git\bin\git.exe" checkout --progress --force refs/remotes/pull/17/merge
2026-09-18T15:34:41.3730942Z Note: switching to 'refs/remotes/pull/17/merge'.
2026-09-18T15:34:41.3731286Z 
2026-09-18T15:34:41.3731528Z You are in 'detached HEAD' state. You can look around, make experimental
2026-09-18T15:34:41.3732243Z changes and commit them, and you can discard any commits you make in this
2026-09-18T15:34:41.3734169Z state without impacting any branches by switching back to a branch.
2026-09-18T15:34:41.3735001Z 
2026-09-18T15:34:41.3735328Z If you want to create a new branch to retain commits you create, you may
2026-09-18T15:34:41.3735878Z do so (now or later) by using -c with the switch command. Example:
2026-09-18T15:34:41.3736221Z 
2026-09-18T15:34:41.3736416Z   git switch -c <new-branch-name>
2026-09-18T15:34:41.3736623Z 
2026-09-18T15:34:41.3736732Z Or undo this operation with:
2026-09-18T15:34:41.3736915Z 
2026-09-18T15:34:41.3737002Z   git switch -
2026-09-18T15:34:41.3737140Z 
2026-09-18T15:34:41.3737375Z Turn off this advice by setting config variable advice.detachedHead to false
2026-09-18T15:34:41.3737741Z 
2026-09-18T15:34:41.3738189Z HEAD is now at aad3cfb Merge f51c8db240933256870ff03c07bc68915b4ac4a1 into 2cc87a2207d502ac5cfe00ea52e525c1516917e5
2026-09-18T15:34:41.3882192Z ##[endgroup]
2026-09-18T15:34:41.4501278Z [command]"C:\Program Files\Git\bin\git.exe" log -1 --format=%H
2026-09-18T15:34:41.4797238Z aad3cfbb99350b2e8db1ac7abe718b5684a5ab1f
2026-09-18T15:34:41.4839998Z ##[group]Removing auth
2026-09-18T15:34:41.4849127Z [command]"C:\Program Files\Git\bin\git.exe" config --local --name-only --get-regexp core\.sshCommand
2026-09-18T15:34:41.5173727Z [command]"C:\Program Files\Git\bin\git.exe" submodule foreach --recursive "sh -c \"git config --local --name-only --get-regexp 'core\.sshCommand' && git config --local --unset-all 'core.sshCommand' || :\""
2026-09-18T15:34:42.0927628Z [command]"C:\Program Files\Git\bin\git.exe" config --local --name-only --get-regexp http\.https\:\/\/github\.com\/\.extraheader
2026-09-18T15:34:42.1206393Z http.https://github.com/.extraheader
2026-09-18T15:34:42.1249615Z [command]"C:\Program Files\Git\bin\git.exe" config --local --unset-all http.https://github.com/.extraheader
2026-09-18T15:34:42.1590369Z [command]"C:\Program Files\Git\bin\git.exe" submodule foreach --recursive "sh -c \"git config --local --name-only --get-regexp 'http\.https\:\/\/github\.com\/\.extraheader' && git config --local --unset-all 'http.https://github.com/.extraheader' || :\""
2026-09-18T15:34:42.7291977Z ##[endgroup]
2026-09-18T15:34:42.7767347Z Node 20 is being deprecated. This workflow is running with Node 24 by default. If you need to temporarily use Node 20, you can set the ACTIONS_ALLOW_USE_UNSECURE_NODE_VERSION=true environment variable. For more information see: https://github.blog/changelog/2025-09-19-deprecation-of-node-20-on-github-actions-runners/
2026-09-18T15:34:42.7769727Z ##[group]Run actions/setup-go@44694675825211faa026b3c33043df3e48a5fa00
2026-09-18T15:34:42.7770077Z with:
2026-09-18T15:34:42.7770256Z   go-version: 1.27.1
2026-09-18T15:34:42.7770533Z   cache-dependency-path: integration/cometbft/go.sum
2026-09-18T15:34:42.7770854Z   check-latest: false
2026-09-18T15:34:42.7773618Z   token: ***
2026-09-18T15:34:42.7773802Z   cache: true
2026-09-18T15:34:42.7773973Z env:
2026-09-18T15:34:42.7774162Z   RAYON_NUM_THREADS: 2
2026-09-18T15:34:42.7774354Z   CARGO_BUILD_JOBS: 2
2026-09-18T15:34:42.7774535Z ##[endgroup]
2026-09-18T15:34:42.9430606Z Setup go version spec 1.27.1
2026-09-18T15:34:42.9445180Z Attempting to download 1.27.1...
2026-09-18T15:34:42.9645730Z (node:3672) [DEP0040] DeprecationWarning: The `punycode` module is deprecated. Please use a userland alternative instead.
2026-09-18T15:34:42.9646484Z (Use `node --trace-deprecation ...` to show where the warning was created)
2026-09-18T15:34:43.6012019Z matching 1.27.1...
2026-09-18T15:34:43.6037069Z Acquiring 1.27.1 from https://github.com/actions/go-versions/releases/download/1.27.1-33583469715/go-1.27.1-win32-x64.zip
2026-09-18T15:34:44.2463514Z Extracting Go...
2026-09-18T15:34:44.3691777Z [command]"C:\Program Files\PowerShell\7\pwsh.exe" -NoLogo -NoProfile -NonInteractive -ExecutionPolicy Unrestricted -Command "$ErrorActionPreference = 'Stop' ; try { Add-Type -AssemblyName System.IO.Compression.ZipFile } catch { } ; try { [System.IO.Compression.ZipFile]::ExtractToDirectory('D:\a\_temp\go-1.27.1-win32-x64.zip', 'D:\a\_temp\6a3f5d62-2528-4788-a7e1-11ccf4d443ae', $true) } catch { if (($_.Exception.GetType().FullName -eq 'System.Management.Automation.MethodException') -or ($_.Exception.GetType().FullName -eq 'System.Management.Automation.RuntimeException') ){ Expand-Archive -LiteralPath 'D:\a\_temp\go-1.27.1-win32-x64.zip' -DestinationPath 'D:\a\_temp\6a3f5d62-2528-4788-a7e1-11ccf4d443ae' -Force } else { throw $_ } } ;"
2026-09-18T15:34:49.6836486Z Successfully extracted go to D:\a\_temp\6a3f5d62-2528-4788-a7e1-11ccf4d443ae
2026-09-18T15:34:49.6837596Z Adding to the cache ...
2026-09-18T15:35:01.5897222Z Created link C:\hostedtoolcache\windows\go\1.27.1\x64 => D:\hostedtoolcache\windows\go\1.27.1\x64
2026-09-18T15:35:01.5901528Z Created link C:\hostedtoolcache\windows\go\1.27.1\x64.complete => D:\hostedtoolcache\windows\go\1.27.1\x64.complete
2026-09-18T15:35:01.6234553Z Successfully cached go to C:\hostedtoolcache\windows\go\1.27.1\x64
2026-09-18T15:35:01.6239346Z Added go to the path
2026-09-18T15:35:01.6243771Z Successfully set up Go version 1.27.1
2026-09-18T15:35:01.9893167Z [command]C:\hostedtoolcache\windows\go\1.27.1\x64\bin\go.exe env GOMODCACHE
2026-09-18T15:35:01.9945273Z [command]C:\hostedtoolcache\windows\go\1.27.1\x64\bin\go.exe env GOCACHE
2026-09-18T15:35:02.0177962Z C:\Users\runneradmin\go\pkg\mod
2026-09-18T15:35:02.0225720Z C:\Users\runneradmin\AppData\Local\go-build
2026-09-18T15:35:02.2631473Z Cache hit for: setup-go-Windows-x64-go-1.27.1-ef6b0fbca0a8d0b6206b16c85f11c4a6c772908ae2660ca86a6b7ee95979c938
2026-09-18T15:35:02.2751676Z (node:3672) [DEP0169] DeprecationWarning: `url.parse()` behavior is not standardized and prone to errors that have security implications. Use the WHATWG URL API instead. CVEs are not issued for `url.parse()` vulnerabilities.
2026-09-18T15:35:03.3910109Z Received 155189248 of 429434914 (36.1%), 145.7 MBs/sec
2026-09-18T15:35:04.3944838Z Received 369098752 of 429434914 (85.9%), 174.3 MBs/sec
2026-09-18T15:35:04.8158507Z Received 429434914 of 429434914 (100.0%), 167.8 MBs/sec
2026-09-18T15:35:04.8162424Z Cache Size: ~410 MB (429434914 B)
2026-09-18T15:35:04.8254937Z [command]"C:\Program Files\Git\usr\bin\tar.exe" -xf D:/a/_temp/e637a60d-d82e-4775-b735-90ecd7e36a40/cache.tzst -P -C D:/a/Zevune/Zevune --force-local --use-compress-program "zstd -d"
2026-09-18T15:35:50.0368479Z Cache restored successfully
2026-09-18T15:35:50.0605887Z Cache restored from key: setup-go-Windows-x64-go-1.27.1-ef6b0fbca0a8d0b6206b16c85f11c4a6c772908ae2660ca86a6b7ee95979c938
2026-09-18T15:35:50.0630992Z go version go1.27.1 windows/amd64
2026-09-18T15:35:50.0631307Z 
2026-09-18T15:35:50.0631703Z ##[group]go env
2026-09-18T15:35:50.3904088Z set AR=ar
2026-09-18T15:35:50.3904444Z set CC=gcc
2026-09-18T15:35:50.3905530Z set CGO_CFLAGS=-O2 -g
2026-09-18T15:35:50.3906016Z set CGO_CPPFLAGS=
2026-09-18T15:35:50.3906337Z set CGO_CXXFLAGS=-O2 -g
2026-09-18T15:35:50.3906650Z set CGO_ENABLED=1
2026-09-18T15:35:50.3906970Z set CGO_FFLAGS=-O2 -g
2026-09-18T15:35:50.3907282Z set CGO_LDFLAGS=-O2 -g
2026-09-18T15:35:50.3907568Z set CXX=g++
2026-09-18T15:35:50.3907807Z set GCCGO=gccgo
2026-09-18T15:35:50.3908109Z set GO111MODULE=
2026-09-18T15:35:50.3908368Z set GOAMD64=v1
2026-09-18T15:35:50.3908647Z set GOARCH=amd64
2026-09-18T15:35:50.3908961Z set GOAUTH=netrc
2026-09-18T15:35:50.3909286Z set GOBIN=C:\Users\runneradmin\go\bin
2026-09-18T15:35:50.3909793Z set GOCACHE=C:\Users\runneradmin\AppData\Local\go-build
2026-09-18T15:35:50.3910266Z set GOCACHEPROG=
2026-09-18T15:35:50.3910550Z set GODEBUG=
2026-09-18T15:35:50.3910900Z set GOENV=C:\Users\runneradmin\AppData\Roaming\go\env
2026-09-18T15:35:50.3911371Z set GOEXE=.exe
2026-09-18T15:35:50.3911648Z set GOEXPERIMENT=
2026-09-18T15:35:50.3911944Z set GOFIPS140=off
2026-09-18T15:35:50.3912224Z set GOFLAGS=
2026-09-18T15:35:50.3913410Z set GOGCCFLAGS=-m64 -pthread -Wl,--no-gc-sections -fmessage-length=0 -ffile-prefix-map=C:\Users\RUNNER~1\AppData\Local\Temp\go-build1650831453=/tmp/go-build -gno-record-gcc-switches
2026-09-18T15:35:50.3914641Z set GOHOSTARCH=amd64
2026-09-18T15:35:50.3914949Z set GOHOSTOS=windows
2026-09-18T15:35:50.3915255Z set GOINSECURE=
2026-09-18T15:35:50.3915577Z set GOMOD=D:\a\Zevune\Zevune\go.mod
2026-09-18T15:35:50.3916018Z set GOMODCACHE=C:\Users\runneradmin\go\pkg\mod
2026-09-18T15:35:50.3916448Z set GONOPROXY=
2026-09-18T15:35:50.3916732Z set GONOSUMDB=
2026-09-18T15:35:50.3916997Z set GOOS=windows
2026-09-18T15:35:50.3917304Z set GOPACKAGESDRIVER=
2026-09-18T15:35:50.3917679Z set GOPATH=C:\Users\runneradmin\go
2026-09-18T15:35:50.3918112Z set GOPRIVATE=
2026-09-18T15:35:50.3918487Z set GOPROXY=https://proxy.golang.org,direct
2026-09-18T15:35:50.3919014Z set GOROOT=C:\hostedtoolcache\windows\go\1.27.1\x64
2026-09-18T15:35:50.3919493Z set GOSUMDB=sum.golang.org
2026-09-18T15:35:50.3919842Z set GOTELEMETRY=local
2026-09-18T15:35:50.3920319Z set GOTELEMETRYDIR=C:\Users\runneradmin\AppData\Roaming\go\telemetry
2026-09-18T15:35:50.3921190Z set GOTMPDIR=
2026-09-18T15:35:50.3921479Z set GOTOOLCHAIN=local
2026-09-18T15:35:50.3922002Z set GOTOOLDIR=C:\hostedtoolcache\windows\go\1.27.1\x64\pkg\tool\windows_amd64
2026-09-18T15:35:50.3922586Z set GOVCS=
2026-09-18T15:35:50.3922844Z set GOVERSION=go1.27.1
2026-09-18T15:35:50.3923152Z set GOWORK=
2026-09-18T15:35:50.3923432Z set PKG_CONFIG=pkg-config
2026-09-18T15:35:50.3923680Z 
2026-09-18T15:35:50.3924370Z ##[endgroup]
2026-09-18T15:35:50.4218847Z ##[group]Run rustup toolchain install 1.98.1 --profile minimal --component rustfmt --component clippy
2026-09-18T15:35:50.4219668Z [36;1mrustup toolchain install 1.98.1 --profile minimal --component rustfmt --component clippy[0m
2026-09-18T15:35:50.4242395Z shell: C:\Program Files\Git\bin\bash.EXE --noprofile --norc -e -o pipefail {0}
2026-09-18T15:35:50.4242805Z env:
2026-09-18T15:35:50.4242983Z   RAYON_NUM_THREADS: 2
2026-09-18T15:35:50.4243191Z   CARGO_BUILD_JOBS: 2
2026-09-18T15:35:50.4243385Z   GOTOOLCHAIN: local
2026-09-18T15:35:50.4243583Z ##[endgroup]
2026-09-18T15:35:51.4933320Z info: syncing channel updates for 1.98.1-x86_64-pc-windows-msvc
2026-09-18T15:35:52.0656645Z info: latest update on 2026-09-03 for version 1.98.1 (48a229cea 2026-09-01)
2026-09-18T15:35:52.0792305Z info: downloading 5 components
2026-09-18T15:36:00.8317747Z 
2026-09-18T15:36:00.8641953Z   1.98.1-x86_64-pc-windows-msvc installed - rustc 1.98.1 (48a229cea 2026-09-01)
2026-09-18T15:36:00.8642609Z 
2026-09-18T15:36:00.8912228Z ##[group]Run test -z "$(gofmt -l integration/cometbft/labnet integration/cometbft/cmd/zevune-network)"
2026-09-18T15:36:00.8913064Z [36;1mtest -z "$(gofmt -l integration/cometbft/labnet integration/cometbft/cmd/zevune-network)"[0m
2026-09-18T15:36:00.8913588Z [36;1mpython -m unittest discover -s scripts/tests -v[0m
2026-09-18T15:36:00.8913910Z [36;1mcd integration/orchard[0m
2026-09-18T15:36:00.8914165Z [36;1mcargo fmt --all -- --check[0m
2026-09-18T15:36:00.8914538Z [36;1mcargo build --locked --release --features local-funding-lab --bins[0m
2026-09-18T15:36:00.8914932Z [36;1mgit diff --exit-code[0m
2026-09-18T15:36:00.8931685Z shell: C:\Program Files\Git\bin\bash.EXE --noprofile --norc -e -o pipefail {0}
2026-09-18T15:36:00.8932075Z env:
2026-09-18T15:36:00.8932256Z   RAYON_NUM_THREADS: 2
2026-09-18T15:36:00.8932462Z   CARGO_BUILD_JOBS: 2
2026-09-18T15:36:00.8932670Z   GOTOOLCHAIN: local
2026-09-18T15:36:00.8932859Z ##[endgroup]
2026-09-18T15:36:14.5045475Z test_duplicate_archive_path_rejected (test_crate_notices.CrateNoticeTests.test_duplicate_archive_path_rejected) ... ok
2026-09-18T15:36:14.5374466Z test_inventory_is_create_only (test_crate_notices.CrateNoticeTests.test_inventory_is_create_only) ... ok
2026-09-18T15:36:14.5383863Z test_lock_rejects_path_identities_and_duplicates (test_crate_notices.CrateNoticeTests.test_lock_rejects_path_identities_and_duplicates) ... ok
2026-09-18T15:36:14.5392192Z test_member_and_expanded_byte_limits (test_crate_notices.CrateNoticeTests.test_member_and_expanded_byte_limits) ... ok
2026-09-18T15:36:14.5537841Z test_missing_notices_is_not_distribution_approval (test_crate_notices.CrateNoticeTests.test_missing_notices_is_not_distribution_approval) ... ok
2026-09-18T15:36:14.5545757Z test_pinned_archive_collects_notices_not_source (test_crate_notices.CrateNoticeTests.test_pinned_archive_collects_notices_not_source) ... ok
2026-09-18T15:36:14.5548335Z test_registry_checksum_required_and_workspace_separate (test_crate_notices.CrateNoticeTests.test_registry_checksum_required_and_workspace_separate) ... ok
2026-09-18T15:36:14.5560209Z test_traversal_foreign_root_and_symlink_rejected (test_crate_notices.CrateNoticeTests.test_traversal_foreign_root_and_symlink_rejected) ... ok
2026-09-18T15:36:14.5565427Z test_wrong_archive_checksum_fails_before_parsing (test_crate_notices.CrateNoticeTests.test_wrong_archive_checksum_fails_before_parsing) ... ok
2026-09-18T15:36:14.5576260Z test_command_failure_stops_cohort_and_never_reports_completion (test_funded_rust.FundedRustPlanTests.test_command_failure_stops_cohort_and_never_reports_completion) ... ok
2026-09-18T15:36:14.5588263Z test_commands_keep_flags_and_never_filter_test_names (test_funded_rust.FundedRustPlanTests.test_commands_keep_flags_and_never_filter_test_names) ... ok
2026-09-18T15:36:14.5599968Z test_empty_or_incomplete_inventory_fails (test_funded_rust.FundedRustPlanTests.test_empty_or_incomplete_inventory_fails) ... ok
2026-09-18T15:36:14.5604710Z test_future_binary_and_integration_targets_join_automatically (test_funded_rust.FundedRustPlanTests.test_future_binary_and_integration_targets_join_automatically) ... ok
2026-09-18T15:36:14.5630543Z test_invalid_names_and_duplicate_targets_fail (test_funded_rust.FundedRustPlanTests.test_invalid_names_and_duplicate_targets_fail) ... ok
2026-09-18T15:36:14.5637072Z test_metadata_failure_is_a_nonzero_exit (test_funded_rust.FundedRustPlanTests.test_metadata_failure_is_a_nonzero_exit) ... ok
2026-09-18T15:36:14.5646199Z test_plan_only_is_not_a_test_execution (test_funded_rust.FundedRustPlanTests.test_plan_only_is_not_a_test_execution) ... ok
2026-09-18T15:36:14.5654863Z test_reordering_metadata_does_not_change_plan (test_funded_rust.FundedRustPlanTests.test_reordering_metadata_does_not_change_plan) ... ok
2026-09-18T15:36:14.5662632Z test_target_union_is_complete_and_disjoint (test_funded_rust.FundedRustPlanTests.test_target_union_is_complete_and_disjoint) ... ok
2026-09-18T15:36:14.5666133Z test_unknown_cohort_or_schema_fails (test_funded_rust.FundedRustPlanTests.test_unknown_cohort_or_schema_fails) ... ok
2026-09-18T15:36:14.5695810Z test_unknown_or_disabled_targets_are_not_silently_omitted (test_funded_rust.FundedRustPlanTests.test_unknown_or_disabled_targets_are_not_silently_omitted) ... ok
2026-09-18T15:36:14.5706928Z test_unselected_features_fail (test_funded_rust.FundedRustPlanTests.test_unselected_features_fail) ... ok
2026-09-18T15:36:14.5720755Z test_wrong_workspace_identity_fails (test_funded_rust.FundedRustPlanTests.test_wrong_workspace_identity_fails) ... ok
2026-09-18T15:36:14.5734389Z test_directory_is_not_packaged (test_local_bundle.BundleManifestTests.test_directory_is_not_packaged) ... ok
2026-09-18T15:36:14.5753537Z test_manifest_hashes_only_explicit_regular_files (test_local_bundle.BundleManifestTests.test_manifest_hashes_only_explicit_regular_files) ... ok
2026-09-18T15:36:14.5944736Z test_signer_material_is_ignored_without_creating_secret_files (test_local_bundle.BundleManifestTests.test_signer_material_is_ignored_without_creating_secret_files) ... ok
2026-09-18T15:36:14.5949550Z test_memory_requires_exact_kib_fields_and_positive_consistent_values (test_payment_resources.LinuxParserTests.test_memory_requires_exact_kib_fields_and_positive_consistent_values) ... ok
2026-09-18T15:36:14.5952324Z test_proc_pinned_identity_rechecks_both_sides_of_memory_read (test_payment_resources.LinuxParserTests.test_proc_pinned_identity_rechecks_both_sides_of_memory_read) ... skipped 'Linux proc descriptor semantics'
2026-09-18T15:36:14.5954664Z test_proc_stat_parentheses_identity_and_creation (test_payment_resources.LinuxParserTests.test_proc_stat_parentheses_identity_and_creation) ... ok
2026-09-18T15:36:14.6258607Z test_direct_child_parent_identity_exit_and_current_rss (test_payment_resources.NativeMemoryTests.test_direct_child_parent_identity_exit_and_current_rss) ... ok
2026-09-18T15:36:14.6279709Z test_live_self_sample_uses_real_os_counters (test_payment_resources.NativeMemoryTests.test_live_self_sample_uses_real_os_counters) ... ok
2026-09-18T15:36:14.6282332Z test_unsupported_platform_is_failure_not_skip_or_zero (test_payment_resources.NativeMemoryTests.test_unsupported_platform_is_failure_not_skip_or_zero) ... ok
2026-09-18T15:36:14.7240774Z test_budget_failure_preserves_valid_sample_and_sends_negative_ack (test_payment_resources.PersistenceAndCollectorTests.test_budget_failure_preserves_valid_sample_and_sends_negative_ack) ... ok
2026-09-18T15:36:14.7573901Z test_collector_initialization_failure_reaps_started_coordinator (test_payment_resources.PersistenceAndCollectorTests.test_collector_initialization_failure_reaps_started_coordinator) ... ok
2026-09-18T15:36:15.9126590Z test_complete_evidence_requires_all_children_stopped_and_immutable_files (test_payment_resources.PersistenceAndCollectorTests.test_complete_evidence_requires_all_children_stopped_and_immutable_files) ... ok
2026-09-18T15:36:15.9344501Z test_evidence_reservation_never_overwrites_user_file (test_payment_resources.PersistenceAndCollectorTests.test_evidence_reservation_never_overwrites_user_file) ... ok
2026-09-18T15:36:15.9604460Z test_metadata_failure_still_saves_start_and_failure_without_exception_text (test_payment_resources.PersistenceAndCollectorTests.test_metadata_failure_still_saves_start_and_failure_without_exception_text) ... ok
2026-09-18T15:36:16.0490049Z test_pid_change_parent_failure_and_missing_metric_cannot_be_success (test_payment_resources.PersistenceAndCollectorTests.test_pid_change_parent_failure_and_missing_metric_cannot_be_success) ... ok
2026-09-18T15:36:16.7728874Z test_progress_failure_keeps_confirmed_count_and_uncertain_commit (test_payment_resources.PersistenceAndCollectorTests.test_progress_failure_keeps_confirmed_count_and_uncertain_commit) ... ok
2026-09-18T15:36:16.7817981Z test_final_result_does_not_accept_empty_tests_missing_checks_or_edited_timings (test_payment_resources.ProgressAndResultTests.test_final_result_does_not_accept_empty_tests_missing_checks_or_edited_timings) ... ok
2026-09-18T15:36:16.7847100Z test_full_operation_sequence_is_paired_and_final_result_matches (test_payment_resources.ProgressAndResultTests.test_full_operation_sequence_is_paired_and_final_result_matches) ... ok
2026-09-18T15:36:16.7859217Z test_progress_completion_must_match_operation_payment_and_commit_count (test_payment_resources.ProgressAndResultTests.test_progress_completion_must_match_operation_payment_and_commit_count) ... ok
2026-09-18T15:36:16.7871370Z test_unfinished_operation_has_no_fabricated_duration (test_payment_resources.ProgressAndResultTests.test_unfinished_operation_has_no_fabricated_duration) ... ok
2026-09-18T15:36:16.7876959Z test_all_nine_exact_checkpoints_and_pending_wallet_record (test_payment_resources.ResourceSchemaTests.test_all_nine_exact_checkpoints_and_pending_wallet_record) ... ok
2026-09-18T15:36:16.7878710Z test_budget_keeps_valid_over_budget_measurement (test_payment_resources.ResourceSchemaTests.test_budget_keeps_valid_over_budget_measurement) ... ok
2026-09-18T15:36:16.7880766Z test_json_duplicates_nonfinite_scalars_and_oversize_rejected (test_payment_resources.ResourceSchemaTests.test_json_duplicates_nonfinite_scalars_and_oversize_rejected) ... ok
2026-09-18T15:36:16.7883402Z test_unknown_and_missing_fields_cannot_enter_evidence (test_payment_resources.ResourceSchemaTests.test_unknown_and_missing_fields_cannot_enter_evidence) ... ok
2026-09-18T15:36:16.7885872Z test_unsigned_numbers_reject_booleans_floats_and_out_of_bounds (test_payment_resources.ResourceSchemaTests.test_unsigned_numbers_reject_booleans_floats_and_out_of_bounds) ... ok
2026-09-18T15:36:16.7915907Z test_wallet_and_capacity_counts_are_checked_not_just_types (test_payment_resources.ResourceSchemaTests.test_wallet_and_capacity_counts_are_checked_not_just_types) ... ok
2026-09-18T15:36:16.7918265Z test_wrong_phase_height_generation_or_pid_cannot_claim_checkpoint (test_payment_resources.ResourceSchemaTests.test_wrong_phase_height_generation_or_pid_cannot_claim_checkpoint) ... ok
2026-09-18T15:36:17.4573331Z test_bad_order_is_rejected_before_copying_it_over_a_valid_prefix (test_payment_resources_evidence.EvidenceCollectorBoundaryTests.test_bad_order_is_rejected_before_copying_it_over_a_valid_prefix) ... ok
2026-09-18T15:36:17.4581570Z test_cleanup_does_not_restart_its_existing_deadline (test_payment_resources_evidence.EvidenceCollectorBoundaryTests.test_cleanup_does_not_restart_its_existing_deadline) ... ok
2026-09-18T15:36:18.1477274Z test_commit_completion_changes_confirmed_count_without_inventing_apply_success (test_payment_resources_evidence.EvidenceCollectorBoundaryTests.test_commit_completion_changes_confirmed_count_without_inventing_apply_success) ... ok
2026-09-18T15:36:19.2847116Z test_complete_checkpoints_without_result_file_are_still_failure (test_payment_resources_evidence.EvidenceCollectorBoundaryTests.test_complete_checkpoints_without_result_file_are_still_failure) ... ok
2026-09-18T15:36:20.5349033Z test_numeric_measurement_complete_cannot_stand_in_for_true (test_payment_resources_evidence.EvidenceCollectorBoundaryTests.test_numeric_measurement_complete_cannot_stand_in_for_true) ... ok
2026-09-18T15:36:20.6197718Z test_report_save_failure_does_not_acknowledge_success (test_payment_resources_evidence.EvidenceCollectorBoundaryTests.test_report_save_failure_does_not_acknowledge_success) ... ok
2026-09-18T15:36:20.7987500Z test_same_height_recovery_cannot_change_capacity (test_payment_resources_evidence.EvidenceCollectorBoundaryTests.test_same_height_recovery_cannot_change_capacity) ... ok
2026-09-18T15:36:20.9176389Z test_second_role_over_budget_retains_both_samples_in_real_report (test_payment_resources_evidence.EvidenceCollectorBoundaryTests.test_second_role_over_budget_retains_both_samples_in_real_report) ... ok
2026-09-18T15:36:20.9863449Z test_unvalidated_fields_never_enter_failure_report_or_ack (test_payment_resources_evidence.EvidenceCollectorBoundaryTests.test_unvalidated_fields_never_enter_failure_report_or_ack) ... ok
2026-09-18T15:36:21.0619372Z test_zero_exit_without_checkpoints_is_not_successful_acceptance (test_payment_resources_evidence.EvidenceCollectorBoundaryTests.test_zero_exit_without_checkpoints_is_not_successful_acceptance) ... ok
2026-09-18T15:36:21.0927844Z test_close_disk_check_and_outbox_boundaries_cannot_move (test_payment_resources_evidence.EvidenceCompletenessTests.test_close_disk_check_and_outbox_boundaries_cannot_move) ... ok
2026-09-18T15:36:21.1025428Z test_every_one_of_nine_checkpoints_is_required (test_payment_resources_evidence.EvidenceCompletenessTests.test_every_one_of_nine_checkpoints_is_required) ... ok
2026-09-18T15:36:21.1052909Z test_fixture_has_exact_fixed_go_operation_contract (test_payment_resources_evidence.EvidenceCompletenessTests.test_fixture_has_exact_fixed_go_operation_contract) ... ok
2026-09-18T15:36:21.1356831Z test_missing_or_repeated_recovery_pair_cannot_claim_complete_recovery (test_payment_resources_evidence.EvidenceCompletenessTests.test_missing_or_repeated_recovery_pair_cannot_claim_complete_recovery) ... ok
2026-09-18T15:36:21.1363175Z test_recovery_cannot_be_recorded_at_a_different_committed_height (test_payment_resources_evidence.EvidenceCompletenessTests.test_recovery_cannot_be_recorded_at_a_different_committed_height) ... ok
2026-09-18T15:36:21.1525826Z test_removing_whole_core_pair_cannot_be_hidden_by_matching_timings (test_payment_resources_evidence.EvidenceCompletenessTests.test_removing_whole_core_pair_cannot_be_hidden_by_matching_timings) ... ok
2026-09-18T15:36:21.1562397Z test_reordering_complete_core_pairs_is_not_a_valid_timing_result (test_payment_resources_evidence.EvidenceCompletenessTests.test_reordering_complete_core_pairs_is_not_a_valid_timing_result) ... ok
2026-09-18T15:36:21.1620544Z test_review_c1_wallet_recovery_after_new_payment_and_outbox_is_rejected (test_payment_resources_evidence.EvidenceCompletenessTests.test_review_c1_wallet_recovery_after_new_payment_and_outbox_is_rejected) ... ok
2026-09-18T15:36:21.1654204Z test_review_c1_worker_reopen_before_scenario_start_is_rejected (test_payment_resources_evidence.EvidenceCompletenessTests.test_review_c1_worker_reopen_before_scenario_start_is_rejected) ... ok
2026-09-18T15:36:21.2179364Z test_valid_partial_recovery_prefixes_remain_incomplete_without_fake_duration (test_payment_resources_evidence.EvidenceCompletenessTests.test_valid_partial_recovery_prefixes_remain_incomplete_without_fake_duration) ... ok
2026-09-18T15:36:21.2288868Z test_all_io_stages_produce_only_bounded_public_diagnostics (test_payment_resources_windows.PublicReadDiagnosticTests.test_all_io_stages_produce_only_bounded_public_diagnostics) ... ok
2026-09-18T15:36:21.2292642Z test_known_protocol_positions_and_os_codes_survive_without_private_context (test_payment_resources_windows.PublicReadDiagnosticTests.test_known_protocol_positions_and_os_codes_survive_without_private_context) ... ok
2026-09-18T15:36:21.2310427Z test_read_error_is_preserved_when_closing_the_same_stream_also_fails (test_payment_resources_windows.PublicReadDiagnosticTests.test_read_error_is_preserved_when_closing_the_same_stream_also_fails) ... ok
2026-09-18T15:36:21.2316114Z test_unknown_names_and_invalid_diagnostic_scalars_are_not_serialized (test_payment_resources_windows.PublicReadDiagnosticTests.test_unknown_names_and_invalid_diagnostic_scalars_are_not_serialized) ... ok
2026-09-18T15:36:21.2322549Z test_failed_crt_handle_transfer_closes_only_the_owned_windows_handle (test_payment_resources_windows.WindowsHandleOwnershipTests.test_failed_crt_handle_transfer_closes_only_the_owned_windows_handle) ... ok
2026-09-18T15:36:21.2333365Z test_failed_stream_creation_closes_crt_descriptor_not_raw_handle_twice (test_payment_resources_windows.WindowsHandleOwnershipTests.test_failed_stream_creation_closes_crt_descriptor_not_raw_handle_twice) ... ok
2026-09-18T15:36:21.2352566Z test_delete_holder_blocks_legacy_open_but_shared_reader_preserves_exact_json (test_payment_resources_windows.WindowsSharedProtocolTests.test_delete_holder_blocks_legacy_open_but_shared_reader_preserves_exact_json) ... ok
2026-09-18T15:36:21.2626854Z test_delete_sharing_does_not_disable_post_read_size_check (test_payment_resources_windows.WindowsSharedProtocolTests.test_delete_sharing_does_not_disable_post_read_size_check) ... ok
2026-09-18T15:36:21.2656194Z test_delete_sharing_does_not_disable_replacement_identity_check (test_payment_resources_windows.WindowsSharedProtocolTests.test_delete_sharing_does_not_disable_replacement_identity_check) ... ok
2026-09-18T15:36:21.2658484Z test_broken_clock_is_unknown_not_zero_duration (test_prepare_timing.PrepareTimingTests.test_broken_clock_is_unknown_not_zero_duration) ... ok
2026-09-18T15:36:21.2660139Z test_exact_stages_allow_only_submicrosecond_rounding (test_prepare_timing.PrepareTimingTests.test_exact_stages_allow_only_submicrosecond_rounding) ... ok
2026-09-18T15:36:21.2661991Z test_integer_types_bounds_and_missing_stages_fail (test_prepare_timing.PrepareTimingTests.test_integer_types_bounds_and_missing_stages_fail) ... ok
2026-09-18T15:36:21.2663722Z test_wrong_scope_or_unknown_fields_cannot_claim_finality (test_prepare_timing.PrepareTimingTests.test_wrong_scope_or_unknown_fields_cannot_claim_finality) ... ok
2026-09-18T15:36:21.2666237Z test_declared_wire_and_manifest_resource_bounds (test_protocol_vectors.ProtocolTranscriptVectors.test_declared_wire_and_manifest_resource_bounds) ... ok
2026-09-18T15:36:21.2670844Z test_legacy_and_genesis_bound_reference_vectors (test_protocol_vectors.ProtocolTranscriptVectors.test_legacy_and_genesis_bound_reference_vectors) ... ok
2026-09-18T15:36:21.6357548Z test_create_only (test_source_snapshot.SourceSnapshotTests.test_create_only) ... ok
2026-09-18T15:36:21.9761030Z test_excludes_untracked_ignored_and_modified_working_copy (test_source_snapshot.SourceSnapshotTests.test_excludes_untracked_ignored_and_modified_working_copy) ... ok
2026-09-18T15:36:22.3575926Z test_file_count_and_size_are_checked_before_blob_fetch (test_source_snapshot.SourceSnapshotTests.test_file_count_and_size_are_checked_before_blob_fetch) ... ok
2026-09-18T15:36:22.6575827Z test_modified_batch_payload_fails_identity_check (test_source_snapshot.SourceSnapshotTests.test_modified_batch_payload_fails_identity_check) ... ok
2026-09-18T15:36:23.0997607Z test_no_checkout_eol_filter_changes (test_source_snapshot.SourceSnapshotTests.test_no_checkout_eol_filter_changes) ... ok
2026-09-18T15:36:23.3563426Z test_non_oid_and_option_inputs_rejected (test_source_snapshot.SourceSnapshotTests.test_non_oid_and_option_inputs_rejected) ... ok
2026-09-18T15:36:23.7716007Z test_tracked_link_refused_without_following_it (test_source_snapshot.SourceSnapshotTests.test_tracked_link_refused_without_following_it) ... ok
2026-09-18T15:36:24.1761426Z test_uses_captured_commit_not_moving_head (test_source_snapshot.SourceSnapshotTests.test_uses_captured_commit_not_moving_head) ... ok
2026-09-18T15:36:24.2530901Z test_cli_failure_is_redacted_and_returns_nonzero (test_verify_local_lab.BundleVerificationTests.test_cli_failure_is_redacted_and_returns_nonzero) ... ok
2026-09-18T15:36:24.2640957Z test_directory_cannot_substitute_for_executable (test_verify_local_lab.BundleVerificationTests.test_directory_cannot_substitute_for_executable) ... ok
2026-09-18T15:36:24.2744527Z test_duplicate_json_fields_rejected_even_with_matching_pin (test_verify_local_lab.BundleVerificationTests.test_duplicate_json_fields_rejected_even_with_matching_pin) ... ok
2026-09-18T15:36:24.2973698Z test_each_modified_payload_is_rejected (test_verify_local_lab.BundleVerificationTests.test_each_modified_payload_is_rejected) ... ok
2026-09-18T15:36:24.3073328Z test_file_size_change_is_rejected (test_verify_local_lab.BundleVerificationTests.test_file_size_change_is_rejected) ... ok
2026-09-18T15:36:24.3219712Z test_invalid_sizes_and_hashes_are_rejected (test_verify_local_lab.BundleVerificationTests.test_invalid_sizes_and_hashes_are_rejected) ... ok
2026-09-18T15:36:24.3367779Z test_matching_bundle_verifies_without_launch_or_mutation (test_verify_local_lab.BundleVerificationTests.test_matching_bundle_verifies_without_launch_or_mutation) ... ok
2026-09-18T15:36:24.3475187Z test_missing_and_unlisted_files_rejected (test_verify_local_lab.BundleVerificationTests.test_missing_and_unlisted_files_rejected) ... ok
2026-09-18T15:36:24.3574715Z test_oversized_manifest_rejected_before_parse (test_verify_local_lab.BundleVerificationTests.test_oversized_manifest_rejected_before_parse) ... ok
2026-09-18T15:36:24.3678368Z test_rewritten_manifest_without_trusted_pin_rejected (test_verify_local_lab.BundleVerificationTests.test_rewritten_manifest_without_trusted_pin_rejected) ... ok
2026-09-18T15:36:24.3853523Z test_strict_false_flags_not_numeric_zero (test_verify_local_lab.BundleVerificationTests.test_strict_false_flags_not_numeric_zero) ... ok
2026-09-18T15:36:24.3984446Z test_unknown_and_legacy_manifest_fields_rejected (test_verify_local_lab.BundleVerificationTests.test_unknown_and_legacy_manifest_fields_rejected) ... ok
2026-09-18T15:36:24.4120017Z test_unsafe_duplicate_and_unknown_filenames_rejected (test_verify_local_lab.BundleVerificationTests.test_unsafe_duplicate_and_unknown_filenames_rejected) ... ok
2026-09-18T15:36:24.4272555Z test_windows_bundle_supported_but_mixed_platform_refused (test_verify_local_lab.BundleVerificationTests.test_windows_bundle_supported_but_mixed_platform_refused) ... ok
2026-09-18T15:36:24.4412673Z test_windows_reparse_point_is_not_regular_input (test_verify_local_lab.BundleVerificationTests.test_windows_reparse_point_is_not_regular_input) ... ok
2026-09-18T15:36:24.4516834Z test_wrong_independent_pin_and_commit_rejected (test_verify_local_lab.BundleVerificationTests.test_wrong_independent_pin_and_commit_rejected) ... ok
2026-09-18T15:36:24.4518862Z test_capacity_report_must_be_one_record (test_wallet_compaction.CompactionTests.test_capacity_report_must_be_one_record) ... ok
2026-09-18T15:36:24.4521099Z test_compact_frame_requires_pin_and_exactly_two_paths (test_wallet_compaction.CompactionTests.test_compact_frame_requires_pin_and_exactly_two_paths) ... ok
2026-09-18T15:36:24.4590230Z test_confirmation_and_response_checks_without_scanning_or_spending (test_wallet_compaction.CompactionTests.test_confirmation_and_response_checks_without_scanning_or_spending) ... ok
2026-09-18T15:36:24.4593755Z test_mismatched_source_target_and_claimed_payment_status_rejected (test_wallet_compaction.CompactionTests.test_mismatched_source_target_and_claimed_payment_status_rejected) ... ok
2026-09-18T15:36:24.4654702Z test_missing_pin_or_existing_target_never_asks_password_or_starts_backend (test_wallet_compaction.CompactionTests.test_missing_pin_or_existing_target_never_asks_password_or_starts_backend) ... ok
2026-09-18T15:36:24.4656641Z test_receipt_handover_is_not_balance_or_finality (test_wallet_compaction.CompactionTests.test_receipt_handover_is_not_balance_or_finality) ... ok
2026-09-18T15:36:24.4685910Z test_active_manifest_keeps_lab2_payments_and_isolates_legacy_domain (test_wallet_network.NetworkIdentityTests.test_active_manifest_keeps_lab2_payments_and_isolates_legacy_domain) ... ok
2026-09-18T15:36:24.4721795Z test_addresses_reject_mutation_and_noncanonical_text (test_wallet_network.NetworkIdentityTests.test_addresses_reject_mutation_and_noncanonical_text) ... ok
2026-09-18T15:36:24.4736639Z test_bound_checksum_and_expected_identity (test_wallet_network.NetworkIdentityTests.test_bound_checksum_and_expected_identity) ... ok
2026-09-18T15:36:24.4896831Z test_invalid_payment_numbers_fail_before_password_or_backend (test_wallet_network.NetworkIdentityTests.test_invalid_payment_numbers_fail_before_password_or_backend) ... ok
2026-09-18T15:36:24.4982905Z test_network_address_frontend_checks_backend_identity (test_wallet_network.NetworkIdentityTests.test_network_address_frontend_checks_backend_identity) ... ok
2026-09-18T15:36:24.4997493Z test_network_address_wire_operation_has_exact_field_count (test_wallet_network.NetworkIdentityTests.test_network_address_wire_operation_has_exact_field_count) ... ok
2026-09-18T15:36:24.5017965Z test_pinned_genesis_is_read_only_and_profile_is_explicit (test_wallet_network.NetworkIdentityTests.test_pinned_genesis_is_read_only_and_profile_is_explicit) ... ok
2026-09-18T15:36:24.5047459Z test_public_supply_precheck_rejects_bad_allocation_not_just_pin (test_wallet_network.NetworkIdentityTests.test_public_supply_precheck_rejects_bad_allocation_not_just_pin) ... ok
2026-09-18T15:36:24.5626150Z test_truncated_unknown_overlarge_and_wrong_network_frames_fail (test_wallet_network.NetworkIdentityTests.test_truncated_unknown_overlarge_and_wrong_network_frames_fail) ... ok
2026-09-18T15:36:24.5642770Z test_untrusted_pin_missing_and_nonregular_files_fail (test_wallet_network.NetworkIdentityTests.test_untrusted_pin_missing_and_nonregular_files_fail) ... ok
2026-09-18T15:36:24.5712814Z test_wrong_network_frontend_stops_before_password_and_backend (test_wallet_network.NetworkIdentityTests.test_wrong_network_frontend_stops_before_password_and_backend) ... ok
2026-09-18T15:36:24.5740070Z test_console_storage_never_selects_history_or_constructs_payment (test_wallet_storage.StorageStatusTests.test_console_storage_never_selects_history_or_constructs_payment) ... ok
2026-09-18T15:36:24.5741698Z test_extra_missing_and_unsupported_fields_fail (test_wallet_storage.StorageStatusTests.test_extra_missing_and_unsupported_fields_fail) ... ok
2026-09-18T15:36:24.5743209Z test_new_and_full_reports_are_not_balance_or_confirmation (test_wallet_storage.StorageStatusTests.test_new_and_full_reports_are_not_balance_or_confirmation) ... ok
2026-09-18T15:36:24.5745593Z test_rejects_false_capacity_and_noncanonical_types (test_wallet_storage.StorageStatusTests.test_rejects_false_capacity_and_noncanonical_types) ... ok
2026-09-18T15:36:24.5747645Z test_storage_request_has_one_field_and_existing_private_pin (test_wallet_storage.StorageStatusTests.test_storage_request_has_one_field_and_existing_private_pin) ... ok
2026-09-18T15:36:24.5749178Z test_address_checksum_and_numeric_canonicality (test_zevune_wallet.WalletConsoleTests.test_address_checksum_and_numeric_canonicality) ... ok
2026-09-18T15:36:24.5753147Z test_no_echo_fallback_and_confirmation (test_zevune_wallet.WalletConsoleTests.test_no_echo_fallback_and_confirmation) ... ok
2026-09-18T15:36:24.5793360Z test_private_input_never_enters_arguments_or_environment (test_zevune_wallet.WalletConsoleTests.test_private_input_never_enters_arguments_or_environment) ... ok
2026-09-18T15:36:24.5795410Z test_request_bounds_and_receipt (test_zevune_wallet.WalletConsoleTests.test_request_bounds_and_receipt) ... ok
2026-09-18T15:36:24.5813594Z test_wrong_executable_digest_prevents_execution (test_zevune_wallet.WalletConsoleTests.test_wrong_executable_digest_prevents_execution) ... ok
2026-09-18T15:36:24.5814654Z 
2026-09-18T15:36:24.5814838Z ----------------------------------------------------------------------
2026-09-18T15:36:24.5815245Z Ran 135 tests in 10.120s
2026-09-18T15:36:24.5815399Z 
2026-09-18T15:36:24.5815490Z OK (skipped=1)
2026-09-18T15:36:26.5057606Z     Updating crates.io index
2026-09-18T15:36:27.2176855Z  Downloading crates ...
2026-09-18T15:36:27.4236188Z   Downloaded crossbeam-deque v0.8.8
2026-09-18T15:36:27.4405856Z   Downloaded block-buffer v0.10.4
2026-09-18T15:36:27.4510973Z   Downloaded digest v0.10.7
2026-09-18T15:36:27.4752526Z   Downloaded crunchy v0.2.4
2026-09-18T15:36:27.4840742Z   Downloaded blake2b_simd v1.0.5
2026-09-18T15:36:27.5179896Z   Downloaded heapless v0.7.17
2026-09-18T15:36:27.5591035Z   Downloaded aead v0.5.2
2026-09-18T15:36:27.5688639Z   Downloaded base64ct v1.8.3
2026-09-18T15:36:27.5963870Z   Downloaded byteorder v1.5.0
2026-09-18T15:36:27.6094789Z   Downloaded chacha20 v0.9.1
2026-09-18T15:36:27.6248932Z   Downloaded crossbeam-utils v0.8.23
2026-09-18T15:36:27.6610584Z   Downloaded serde_core v1.0.229
2026-09-18T15:36:27.8206445Z   Downloaded sinsemilla v0.1.0
2026-09-18T15:36:27.8332263Z   Downloaded tap v1.0.1
2026-09-18T15:36:27.8419247Z   Downloaded unicode-ident v1.0.24
2026-09-18T15:36:27.8714453Z   Downloaded aes v0.8.4
2026-09-18T15:36:27.9069959Z   Downloaded arrayvec v0.7.8
2026-09-18T15:36:27.9316722Z   Downloaded autocfg v1.5.1
2026-09-18T15:36:27.9482001Z   Downloaded base16ct v0.2.0
2026-09-18T15:36:27.9666159Z   Downloaded bech32 v0.11.1
2026-09-18T15:36:28.0037331Z   Downloaded bitvec v1.1.1
2026-09-18T15:36:28.2239685Z   Downloaded blake2 v0.10.6
2026-09-18T15:36:28.2473244Z   Downloaded cbc v0.1.2
2026-09-18T15:36:28.2639026Z   Downloaded cfg-if v1.0.4
2026-09-18T15:36:28.2762874Z   Downloaded chacha20poly1305 v0.10.1
2026-09-18T15:36:28.2900117Z   Downloaded cipher v0.4.4
2026-09-18T15:36:28.3087782Z   Downloaded cobs v0.3.0
2026-09-18T15:36:28.3210155Z   Downloaded const-crc32-nostd v1.3.1
2026-09-18T15:36:28.3348378Z   Downloaded constant_time_eq v0.4.2
2026-09-18T15:36:28.3565815Z   Downloaded corez v0.1.1
2026-09-18T15:36:28.3735797Z   Downloaded cpufeatures v0.2.17
2026-09-18T15:36:28.3892738Z   Downloaded crossbeam-epoch v0.9.21
2026-09-18T15:36:28.4126147Z   Downloaded crypto-common v0.1.7
2026-09-18T15:36:28.4747355Z   Downloaded derive-getters v0.5.0
2026-09-18T15:36:28.5113856Z   Downloaded either v1.18.0
2026-09-18T15:36:28.5277440Z   Downloaded embedded-io v0.4.0
2026-09-18T15:36:28.5428987Z   Downloaded embedded-io v0.6.1
2026-09-18T15:36:28.5578479Z   Downloaded frost-core v3.0.0
2026-09-18T15:36:28.5872815Z   Downloaded funty v2.0.0
2026-09-18T15:36:28.5950490Z   Downloaded generic-array v0.14.7
2026-09-18T15:36:28.6140347Z   Downloaded getrandom v0.2.17
2026-09-18T15:36:28.6597577Z   Downloaded group v0.13.0
2026-09-18T15:36:28.6731864Z   Downloaded inout v0.1.4
2026-09-18T15:36:28.6992030Z   Downloaded itertools v0.14.0
2026-09-18T15:36:28.7710331Z   Downloaded libm v0.2.16
2026-09-18T15:36:28.8992991Z   Downloaded pasta_curves v0.5.2
2026-09-18T15:36:28.9624070Z   Downloaded thiserror-impl v2.0.20
2026-09-18T15:36:28.9825891Z   Downloaded getset v0.1.7
2026-09-18T15:36:29.0015381Z   Downloaded hash32 v0.2.1
2026-09-18T15:36:29.0213048Z   Downloaded visibility v0.1.1
2026-09-18T15:36:29.4078575Z   Downloaded litrs v1.0.0
2026-09-18T15:36:29.4466282Z   Downloaded universal-hash v0.5.1
2026-09-18T15:36:29.4561355Z   Downloaded wyz v0.5.1
2026-09-18T15:36:29.4672019Z   Downloaded zip32 v0.2.1
2026-09-18T15:36:29.4859659Z   Downloaded document-features v0.2.12
2026-09-18T15:36:29.5042317Z   Downloaded halo2_proofs v0.3.5
2026-09-18T15:36:29.5901119Z   Downloaded indexmap v1.9.3
2026-09-18T15:36:29.6247704Z   Downloaded maybe-rayon v0.1.1
2026-09-18T15:36:29.6357739Z   Downloaded num-bigint v0.4.8
2026-09-18T15:36:29.6955856Z   Downloaded stable_deref_trait v1.2.1
2026-09-18T15:36:29.7063533Z   Downloaded uint v0.9.5
2026-09-18T15:36:29.7298685Z   Downloaded version_check v0.9.5
2026-09-18T15:36:29.7429840Z   Downloaded zcash_spec v0.2.1
2026-09-18T15:36:29.7612900Z   Downloaded zeroize v1.9.0
2026-09-18T15:36:29.7770242Z   Downloaded zeroize_derive v1.5.0
2026-09-18T15:36:29.7873169Z   Downloaded argon2 v0.5.3
2026-09-18T15:36:29.8131677Z   Downloaded ff v0.13.1
2026-09-18T15:36:29.8279808Z   Downloaded frost-rerandomized v3.0.0
2026-09-18T15:36:29.8390302Z   Downloaded halo2_gadgets v0.5.0
2026-09-18T15:36:29.9499976Z   Downloaded halo2_poseidon v0.1.0
2026-09-18T15:36:29.9709057Z   Downloaded lock_api v0.4.14
2026-09-18T15:36:29.9811398Z   Downloaded num-traits v0.2.19
2026-09-18T15:36:31.2525168Z   Downloaded opaque-debug v0.3.1
2026-09-18T15:36:31.2618292Z   Downloaded rand_chacha v0.3.1
2026-09-18T15:36:31.2718734Z   Downloaded rustc_version v0.4.1
2026-09-18T15:36:31.2837572Z   Downloaded tracing-attributes v0.1.31
2026-09-18T15:36:31.3103119Z   Downloaded tracing-core v0.1.36
2026-09-18T15:36:31.3383035Z   Downloaded zcash_note_encryption v0.4.2
2026-09-18T15:36:31.3515318Z   Downloaded bls12_381 v0.8.0
2026-09-18T15:36:31.3939356Z   Downloaded memuse v0.2.2
2026-09-18T15:36:31.4100819Z   Downloaded once_cell v1.21.4
2026-09-18T15:36:31.4365477Z   Downloaded pin-project-lite v0.2.17
2026-09-18T15:36:31.5141046Z   Downloaded poly1305 v0.8.0
2026-09-18T15:36:31.5409642Z   Downloaded reddsa v0.5.2
2026-09-18T15:36:31.5958905Z   Downloaded semver v1.0.28
2026-09-18T15:36:31.6230720Z   Downloaded serde v1.0.229
2026-09-18T15:36:31.6701867Z   Downloaded spin v0.9.9
2026-09-18T15:36:31.6936877Z   Downloaded typenum v1.20.1
2026-09-18T15:36:31.7172966Z   Downloaded fpe v0.6.1
2026-09-18T15:36:31.7338289Z   Downloaded halo2_legacy_pdqsort v0.1.0
2026-09-18T15:36:31.7442372Z   Downloaded hashbrown v0.12.3
2026-09-18T15:36:31.9341214Z   Downloaded hex v0.4.3
2026-09-18T15:36:31.9544269Z   Downloaded incrementalmerkletree v0.8.1
2026-09-18T15:36:31.9667520Z   Downloaded jubjub v0.10.0
2026-09-18T15:36:31.9983440Z   Downloaded num-integer v0.1.47
2026-09-18T15:36:32.0125131Z   Downloaded ppv-lite86 v0.2.21
2026-09-18T15:36:32.0269347Z   Downloaded proc-macro2 v1.0.107
2026-09-18T15:36:32.0622062Z   Downloaded rand_core v0.6.4
2026-09-18T15:36:32.0736936Z   Downloaded rayon-core v1.13.0
2026-09-18T15:36:32.1139513Z   Downloaded serdect v0.2.0
2026-09-18T15:36:32.1307701Z   Downloaded sha2 v0.10.9
2026-09-18T15:36:32.1683336Z   Downloaded static_assertions v1.1.0
2026-09-18T15:36:32.1869433Z   Downloaded quote v1.0.47
2026-09-18T15:36:32.2147263Z   Downloaded postcard v1.1.3
2026-09-18T15:36:32.2388683Z   Downloaded rayon v1.12.0
2026-09-18T15:36:32.3647547Z   Downloaded zerocopy v0.8.57
2026-09-18T15:36:32.6074752Z   Downloaded lazy_static v1.5.0
2026-09-18T15:36:32.6262914Z   Downloaded serde_derive v1.0.229
2026-09-18T15:36:32.6594083Z   Downloaded syn v3.0.5
2026-09-18T15:36:32.7607546Z   Downloaded scopeguard v1.2.0
2026-09-18T15:36:32.7732659Z   Downloaded nonempty v0.11.0
2026-09-18T15:36:32.7855452Z   Downloaded radium v0.7.0
2026-09-18T15:36:32.7958405Z   Downloaded rand v0.8.5
2026-09-18T15:36:32.8337627Z   Downloaded syn v2.0.119
2026-09-18T15:36:32.9280013Z   Downloaded subtle v2.6.1
2026-09-18T15:36:32.9412567Z   Downloaded thiserror v2.0.20
2026-09-18T15:36:33.0410726Z   Downloaded orchard v0.15.5
2026-09-18T15:36:33.1527421Z   Downloaded password-hash v0.5.0
2026-09-18T15:36:33.1722882Z   Downloaded tracing v0.1.44
2026-09-18T15:36:33.8671847Z    Compiling cfg-if v1.0.4
2026-09-18T15:36:33.8672491Z    Compiling proc-macro2 v1.0.107
2026-09-18T15:36:33.9144969Z    Compiling getrandom v0.2.17
2026-09-18T15:36:34.0742294Z    Compiling rand_core v0.6.4
2026-09-18T15:36:34.2992521Z    Compiling quote v1.0.47
2026-09-18T15:36:35.8811410Z    Compiling unicode-ident v1.0.24
2026-09-18T15:36:36.0253153Z    Compiling version_check v0.9.5
2026-09-18T15:36:36.3364393Z    Compiling subtle v2.6.1
2026-09-18T15:36:36.4745965Z    Compiling generic-array v0.14.7
2026-09-18T15:36:36.8823154Z    Compiling typenum v1.20.1
2026-09-18T15:36:36.9736756Z    Compiling syn v2.0.119
2026-09-18T15:36:38.3735670Z    Compiling crypto-common v0.1.7
2026-09-18T15:36:38.4745629Z    Compiling radium v0.7.0
2026-09-18T15:36:38.7004464Z    Compiling tap v1.0.1
2026-09-18T15:36:38.7765651Z    Compiling wyz v0.5.1
2026-09-18T15:36:39.2099655Z    Compiling zerocopy v0.8.57
2026-09-18T15:36:39.5399022Z    Compiling autocfg v1.5.1
2026-09-18T15:36:39.9639822Z    Compiling funty v2.0.0
2026-09-18T15:36:41.6602606Z    Compiling bitvec v1.1.1
2026-09-18T15:36:42.7188726Z    Compiling zeroize_derive v1.5.0
2026-09-18T15:36:44.4826917Z    Compiling ff v0.13.1
2026-09-18T15:36:44.6076280Z    Compiling zeroize v1.9.0
2026-09-18T15:36:44.7827568Z    Compiling constant_time_eq v0.4.2
2026-09-18T15:36:44.9411115Z    Compiling crossbeam-utils v0.8.23
2026-09-18T15:36:45.1943125Z    Compiling memuse v0.2.2
2026-09-18T15:36:45.3444363Z    Compiling arrayvec v0.7.8
2026-09-18T15:36:45.5651936Z    Compiling blake2b_simd v1.0.5
2026-09-18T15:36:47.5466223Z    Compiling ppv-lite86 v0.2.21
2026-09-18T15:36:47.9223140Z    Compiling crossbeam-epoch v0.9.21
2026-09-18T15:36:48.8186795Z    Compiling rand_chacha v0.3.1
2026-09-18T15:36:48.9086274Z    Compiling group v0.13.0
2026-09-18T15:36:49.0846224Z    Compiling inout v0.1.4
2026-09-18T15:36:49.1868892Z    Compiling static_assertions v1.1.0
2026-09-18T15:36:49.2324593Z    Compiling cpufeatures v0.2.17
2026-09-18T15:36:49.2766300Z    Compiling spin v0.9.9
2026-09-18T15:36:49.3696329Z    Compiling crossbeam-deque v0.8.8
2026-09-18T15:36:49.6077516Z    Compiling lazy_static v1.5.0
2026-09-18T15:36:49.6587013Z    Compiling cipher v0.4.4
2026-09-18T15:36:49.6946616Z    Compiling rand v0.8.5
2026-09-18T15:36:50.3861125Z    Compiling rayon-core v1.13.0
2026-09-18T15:36:50.5483555Z    Compiling pasta_curves v0.5.2
2026-09-18T15:36:50.7478184Z    Compiling num-traits v0.2.19
2026-09-18T15:36:50.9260568Z    Compiling syn v3.0.5
2026-09-18T15:36:53.6119125Z    Compiling either v1.18.0
2026-09-18T15:36:56.1656912Z    Compiling indexmap v1.9.3
2026-09-18T15:36:56.3262331Z    Compiling once_cell v1.21.4
2026-09-18T15:36:56.5351481Z    Compiling crunchy v0.2.4
2026-09-18T15:36:56.7530370Z    Compiling serde_core v1.0.229
2026-09-18T15:36:57.0436418Z    Compiling tracing-core v0.1.36
2026-09-18T15:36:58.6913451Z    Compiling rayon v1.12.0
2026-09-18T15:37:02.6278288Z    Compiling tracing-attributes v0.1.31
2026-09-18T15:37:04.2660903Z    Compiling universal-hash v0.5.1
2026-09-18T15:37:04.3671459Z    Compiling block-buffer v0.10.4
2026-09-18T15:37:04.4893404Z    Compiling hashbrown v0.12.3
2026-09-18T15:37:05.1882126Z    Compiling pin-project-lite v0.2.17
2026-09-18T15:37:05.2665039Z    Compiling hex v0.4.3
2026-09-18T15:37:05.6323263Z    Compiling serde v1.0.229
2026-09-18T15:37:06.1326481Z    Compiling opaque-debug v0.3.1
2026-09-18T15:37:06.1780426Z    Compiling thiserror v2.0.20
2026-09-18T15:37:06.6753631Z    Compiling libm v0.2.16
2026-09-18T15:37:06.9838090Z    Compiling byteorder v1.5.0
2026-09-18T15:37:07.4216904Z    Compiling poly1305 v0.8.0
2026-09-18T15:37:08.4659569Z    Compiling tracing v0.1.44
2026-09-18T15:37:09.5169651Z    Compiling digest v0.10.7
2026-09-18T15:37:09.7596009Z    Compiling num-integer v0.1.47
2026-09-18T15:37:10.5856739Z    Compiling maybe-rayon v0.1.1
2026-09-18T15:37:13.9932118Z    Compiling serde_derive v1.0.229
2026-09-18T15:37:18.1383666Z    Compiling thiserror-impl v2.0.20
2026-09-18T15:37:19.8571458Z    Compiling chacha20 v0.9.1
2026-09-18T15:37:20.1246248Z    Compiling bls12_381 v0.8.0
2026-09-18T15:37:20.8921278Z    Compiling aead v0.5.2
2026-09-18T15:37:21.0281587Z    Compiling halo2_legacy_pdqsort v0.1.0
2026-09-18T15:37:21.1806326Z    Compiling halo2_proofs v0.3.5
2026-09-18T15:37:29.3849621Z    Compiling chacha20poly1305 v0.10.1
2026-09-18T15:37:29.5146755Z    Compiling jubjub v0.10.0
2026-09-18T15:37:37.3966290Z    Compiling uint v0.9.5
2026-09-18T15:37:37.5471296Z    Compiling num-bigint v0.4.8
2026-09-18T15:37:43.4776086Z    Compiling halo2_poseidon v0.1.0
2026-09-18T15:37:44.7737307Z    Compiling sinsemilla v0.1.0
2026-09-18T15:37:45.2589001Z    Compiling cbc v0.1.2
2026-09-18T15:37:45.3973138Z    Compiling zcash_spec v0.2.1
2026-09-18T15:37:45.5247071Z    Compiling base64ct v1.8.3
2026-09-18T15:37:45.9243152Z    Compiling bech32 v0.11.1
2026-09-18T15:37:46.5744393Z    Compiling zip32 v0.2.1
2026-09-18T15:37:46.9060177Z    Compiling halo2_gadgets v0.5.0
2026-09-18T15:37:47.2888682Z    Compiling password-hash v0.5.0
2026-09-18T15:37:49.0269960Z    Compiling fpe v0.6.1
2026-09-18T15:37:50.5730784Z    Compiling reddsa v0.5.2
2026-09-18T15:37:51.0918622Z    Compiling zcash_note_encryption v0.4.2
2026-09-18T15:37:51.3886112Z    Compiling blake2 v0.10.6
2026-09-18T15:37:52.1650769Z    Compiling incrementalmerkletree v0.8.1
2026-09-18T15:37:52.4499759Z    Compiling aes v0.8.4
2026-09-18T15:37:54.1763520Z    Compiling visibility v0.1.1
2026-09-18T15:37:54.5539807Z    Compiling getset v0.1.7
2026-09-18T15:37:55.3217500Z    Compiling corez v0.1.1
2026-09-18T15:37:55.3777992Z    Compiling nonempty v0.11.0
2026-09-18T15:37:55.5721510Z    Compiling orchard v0.15.5
2026-09-18T15:37:57.7051628Z    Compiling argon2 v0.5.3
2026-09-18T15:37:59.3078592Z    Compiling sha2 v0.10.9
2026-09-18T15:38:01.5549137Z    Compiling zevune-orchard-lab v0.1.0 (D:\a\Zevune\Zevune\integration\orchard)
2026-09-18T15:38:58.9095444Z     Finished `release` profile [optimized] target(s) in 2m 32s
2026-09-18T15:38:59.1716932Z ##[group]Run python scripts/build_local_lab.py --output "$RUNNER_TEMP/zevune-local-bundle"
2026-09-18T15:38:59.1718204Z [36;1mpython scripts/build_local_lab.py --output "$RUNNER_TEMP/zevune-local-bundle"[0m
2026-09-18T15:38:59.1741735Z shell: C:\Program Files\Git\bin\bash.EXE --noprofile --norc -e -o pipefail {0}
2026-09-18T15:38:59.1742527Z env:
2026-09-18T15:38:59.1742942Z   RAYON_NUM_THREADS: 2
2026-09-18T15:38:59.1743436Z   CARGO_BUILD_JOBS: 2
2026-09-18T15:38:59.1743964Z   GOTOOLCHAIN: local
2026-09-18T15:38:59.1744478Z ##[endgroup]
2026-09-18T15:39:53.1638081Z    Compiling cfg-if v1.0.4
2026-09-18T15:39:53.1638769Z    Compiling proc-macro2 v1.0.107
2026-09-18T15:39:53.2296662Z    Compiling getrandom v0.2.17
2026-09-18T15:39:53.4249815Z    Compiling rand_core v0.6.4
2026-09-18T15:39:53.9469176Z    Compiling quote v1.0.47
2026-09-18T15:39:53.9612879Z    Compiling unicode-ident v1.0.24
2026-09-18T15:39:54.2389343Z    Compiling version_check v0.9.5
2026-09-18T15:39:54.7695382Z    Compiling subtle v2.6.1
2026-09-18T15:39:54.7970859Z    Compiling generic-array v0.14.7
2026-09-18T15:39:54.9520150Z    Compiling typenum v1.20.1
2026-09-18T15:39:55.0468128Z    Compiling syn v2.0.119
2026-09-18T15:39:56.4674418Z    Compiling crypto-common v0.1.7
2026-09-18T15:39:56.5789970Z    Compiling radium v0.7.0
2026-09-18T15:39:56.8558290Z    Compiling tap v1.0.1
2026-09-18T15:39:56.9438249Z    Compiling wyz v0.5.1
2026-09-18T15:39:57.3939414Z    Compiling zerocopy v0.8.57
2026-09-18T15:39:57.7695959Z    Compiling autocfg v1.5.1
2026-09-18T15:39:58.1924209Z    Compiling funty v2.0.0
2026-09-18T15:39:59.7575763Z    Compiling bitvec v1.1.1
2026-09-18T15:40:00.7001223Z    Compiling zeroize_derive v1.5.0
2026-09-18T15:40:02.6206530Z    Compiling ff v0.13.1
2026-09-18T15:40:02.7498026Z    Compiling zeroize v1.9.0
2026-09-18T15:40:02.9335332Z    Compiling crossbeam-utils v0.8.23
2026-09-18T15:40:03.2324487Z    Compiling constant_time_eq v0.4.2
2026-09-18T15:40:03.4157083Z    Compiling memuse v0.2.2
2026-09-18T15:40:03.5921638Z    Compiling arrayvec v0.7.8
2026-09-18T15:40:03.8283310Z    Compiling blake2b_simd v1.0.5
2026-09-18T15:40:05.6057732Z    Compiling ppv-lite86 v0.2.21
2026-09-18T15:40:06.0202558Z    Compiling crossbeam-epoch v0.9.21
2026-09-18T15:40:07.1006662Z    Compiling rand_chacha v0.3.1
2026-09-18T15:40:07.1943618Z    Compiling group v0.13.0
2026-09-18T15:40:07.3965701Z    Compiling inout v0.1.4
2026-09-18T15:40:07.5208229Z    Compiling static_assertions v1.1.0
2026-09-18T15:40:07.5885956Z    Compiling crossbeam-deque v0.8.8
2026-09-18T15:40:07.8457248Z    Compiling cpufeatures v0.2.17
2026-09-18T15:40:07.9027201Z    Compiling spin v0.9.9
2026-09-18T15:40:08.0239274Z    Compiling lazy_static v1.5.0
2026-09-18T15:40:08.0521707Z    Compiling cipher v0.4.4
2026-09-18T15:40:08.0989027Z    Compiling rand v0.8.5
2026-09-18T15:40:08.8495918Z    Compiling rayon-core v1.13.0
2026-09-18T15:40:09.0022838Z    Compiling pasta_curves v0.5.2
2026-09-18T15:40:09.2807728Z    Compiling num-traits v0.2.19
2026-09-18T15:40:09.4798745Z    Compiling syn v3.0.5
2026-09-18T15:40:12.1864897Z    Compiling either v1.18.0
2026-09-18T15:40:14.6950283Z    Compiling indexmap v1.9.3
2026-09-18T15:40:14.8939121Z    Compiling crunchy v0.2.4
2026-09-18T15:40:15.1256368Z    Compiling serde_core v1.0.229
2026-09-18T15:40:15.4023994Z    Compiling once_cell v1.21.4
2026-09-18T15:40:15.6773414Z    Compiling tracing-core v0.1.36
2026-09-18T15:40:17.1731079Z    Compiling rayon v1.12.0
2026-09-18T15:40:20.9218684Z    Compiling tracing-attributes v0.1.31
2026-09-18T15:40:22.3856874Z    Compiling universal-hash v0.5.1
2026-09-18T15:40:22.5161709Z    Compiling block-buffer v0.10.4
2026-09-18T15:40:22.6522426Z    Compiling opaque-debug v0.3.1
2026-09-18T15:40:22.7004611Z    Compiling serde v1.0.229
2026-09-18T15:40:22.9937702Z    Compiling pin-project-lite v0.2.17
2026-09-18T15:40:23.0658279Z    Compiling hashbrown v0.12.3
2026-09-18T15:40:23.7085782Z    Compiling libm v0.2.16
2026-09-18T15:40:24.0053766Z    Compiling byteorder v1.5.0
2026-09-18T15:40:24.2502687Z    Compiling hex v0.4.3
2026-09-18T15:40:24.5269723Z    Compiling thiserror v2.0.20
2026-09-18T15:40:25.4577559Z    Compiling tracing v0.1.44
2026-09-18T15:40:25.8969134Z    Compiling poly1305 v0.8.0
2026-09-18T15:40:26.7305097Z    Compiling digest v0.10.7
2026-09-18T15:40:26.9575353Z    Compiling num-integer v0.1.47
2026-09-18T15:40:27.5999196Z    Compiling maybe-rayon v0.1.1
2026-09-18T15:40:30.3472314Z    Compiling serde_derive v1.0.229
2026-09-18T15:40:34.5801548Z    Compiling thiserror-impl v2.0.20
2026-09-18T15:40:37.1144585Z    Compiling chacha20 v0.9.1
2026-09-18T15:40:37.3912487Z    Compiling bls12_381 v0.8.0
2026-09-18T15:40:38.4327039Z    Compiling aead v0.5.2
2026-09-18T15:40:38.5962708Z    Compiling halo2_legacy_pdqsort v0.1.0
2026-09-18T15:40:39.0691822Z    Compiling halo2_proofs v0.3.5
2026-09-18T15:40:46.6977379Z    Compiling chacha20poly1305 v0.10.1
2026-09-18T15:40:47.8488537Z    Compiling jubjub v0.10.0
2026-09-18T15:40:50.6381147Z    Compiling uint v0.9.5
2026-09-18T15:40:50.8365735Z    Compiling num-bigint v0.4.8
2026-09-18T15:40:55.0718755Z    Compiling halo2_poseidon v0.1.0
2026-09-18T15:40:56.0362909Z    Compiling sinsemilla v0.1.0
2026-09-18T15:40:57.0219966Z    Compiling cbc v0.1.2
2026-09-18T15:40:57.1613813Z    Compiling zcash_spec v0.2.1
2026-09-18T15:40:57.2831204Z    Compiling bech32 v0.11.1
2026-09-18T15:40:57.6722097Z    Compiling base64ct v1.8.3
2026-09-18T15:40:57.9226554Z    Compiling zip32 v0.2.1
2026-09-18T15:41:00.7702826Z    Compiling password-hash v0.5.0
2026-09-18T15:41:01.2228967Z    Compiling halo2_gadgets v0.5.0
2026-09-18T15:41:02.2007670Z    Compiling fpe v0.6.1
2026-09-18T15:41:03.4411256Z    Compiling reddsa v0.5.2
2026-09-18T15:41:03.9035836Z    Compiling zcash_note_encryption v0.4.2
2026-09-18T15:41:04.1657583Z    Compiling blake2 v0.10.6
2026-09-18T15:41:04.8473267Z    Compiling incrementalmerkletree v0.8.1
2026-09-18T15:41:05.0887357Z    Compiling aes v0.8.4
2026-09-18T15:41:06.5973230Z    Compiling getset v0.1.7
2026-09-18T15:41:07.3772533Z    Compiling visibility v0.1.1
2026-09-18T15:41:07.8319643Z    Compiling nonempty v0.11.0
2026-09-18T15:41:07.9921180Z    Compiling corez v0.1.1
2026-09-18T15:41:08.0559480Z    Compiling orchard v0.15.5
2026-09-18T15:41:10.0991526Z    Compiling argon2 v0.5.3
2026-09-18T15:41:11.6300425Z    Compiling sha2 v0.10.9
2026-09-18T15:41:13.9057288Z    Compiling zevune-orchard-lab v0.1.0 (C:\Users\RUNNER~1\AppData\Local\Temp\zevune-source-build-q77zd8u1\source\integration\orchard)
2026-09-18T15:42:09.0176635Z     Finished `release` profile [optimized] target(s) in 2m 16s
2026-09-18T15:42:10.3940610Z {"built": true, "source_commit": "aad3cfbb99350b2e8db1ac7abe718b5684a5ab1f", "real_funds_allowed": false, "manifest_sha256": "df73d5d724b5e69dcda6eaeed60492d76b1f59cea5e7dcba1573c64f0f05e0fb"}
2026-09-18T15:42:10.4274514Z ##[group]Run python - <<'PY'
2026-09-18T15:42:10.4274952Z [36;1mpython - <<'PY'[0m
2026-09-18T15:42:10.4275293Z [36;1mimport os[0m
2026-09-18T15:42:10.4275576Z [36;1mfrom pathlib import Path[0m
2026-09-18T15:42:10.4275946Z [36;1msuffix = '.exe' if os.name == 'nt' else ''[0m
2026-09-18T15:42:10.4276427Z [36;1mbundle = Path(os.environ['RUNNER_TEMP']) / 'zevune-local-bundle'[0m
2026-09-18T15:42:10.4276987Z [36;1mwith open(os.environ['GITHUB_ENV'], 'a', encoding='utf-8') as f:[0m
2026-09-18T15:42:10.4278198Z [36;1m    for key, path in [('ZEVUNE_NETWORK_OPERATOR', bundle / ('zevune-network' + suffix)), ('ZEVUNE_POOL_WORKER', bundle / ('zevune-pool-worker' + suffix)), ('ZEVUNE_FUNDED_SCENARIO', Path('integration/orchard/target/release').absolute() / ('zevune-funded-scenario' + suffix))]:[0m
2026-09-18T15:42:10.4279372Z [36;1m        f.write(key + '=' + str(path) + '\n')[0m
2026-09-18T15:42:10.4279742Z [36;1mPY[0m
2026-09-18T15:42:10.4297281Z shell: C:\Program Files\Git\bin\bash.EXE --noprofile --norc -e -o pipefail {0}
2026-09-18T15:42:10.4297752Z env:
2026-09-18T15:42:10.4297992Z   RAYON_NUM_THREADS: 2
2026-09-18T15:42:10.4298257Z   CARGO_BUILD_JOBS: 2
2026-09-18T15:42:10.4298520Z   GOTOOLCHAIN: local
2026-09-18T15:42:10.4298802Z ##[endgroup]
2026-09-18T15:42:10.5534836Z ##[group]Run go test -mod=readonly -tags=operator_e2e ./labnet ./cmd/zevune-network -count=1 -timeout=15m -v
2026-09-18T15:42:10.5535771Z [36;1mgo test -mod=readonly -tags=operator_e2e ./labnet ./cmd/zevune-network -count=1 -timeout=15m -v[0m
2026-09-18T15:42:10.5536446Z [36;1mgo vet -mod=readonly -tags=operator_e2e ./labnet ./cmd/zevune-network[0m
2026-09-18T15:42:10.5553745Z shell: C:\Program Files\Git\bin\bash.EXE --noprofile --norc -e -o pipefail {0}
2026-09-18T15:42:10.5554226Z env:
2026-09-18T15:42:10.5554468Z   RAYON_NUM_THREADS: 2
2026-09-18T15:42:10.5554740Z   CARGO_BUILD_JOBS: 2
2026-09-18T15:42:10.5555031Z   GOTOOLCHAIN: local
2026-09-18T15:42:10.5555431Z   ZEVUNE_NETWORK_OPERATOR: D:\a\_temp\zevune-local-bundle\zevune-network.exe
2026-09-18T15:42:10.5555994Z   ZEVUNE_POOL_WORKER: D:\a\_temp\zevune-local-bundle\zevune-pool-worker.exe
2026-09-18T15:42:10.5556726Z   ZEVUNE_FUNDED_SCENARIO: D:\a\Zevune\Zevune\integration\orchard\target\release\zevune-funded-scenario.exe
2026-09-18T15:42:10.5557256Z ##[endgroup]
2026-09-18T15:51:48.4952640Z === RUN   TestActiveFundedFourNodePaymentRestart
2026-09-18T15:51:48.4956042Z     active_funded_e2e_test.go:246: active profile: shipped init/run/sync/submit/storage, InitChain version rejection, genuine nonzero A->B, all-four-node restart, B->C spend, wallet history reopen, signed next-header verification and duplicate rejection passed; low-height NO-FUNDS scenario
2026-09-18T15:51:48.4959457Z --- PASS: TestActiveFundedFourNodePaymentRestart (104.96s)
2026-09-18T15:51:48.4960305Z === RUN   TestQuorumAndAllHeaderBindings
2026-09-18T15:51:48.4960936Z === RUN   TestQuorumAndAllHeaderBindings/validators
2026-09-18T15:51:48.4961604Z === RUN   TestQuorumAndAllHeaderBindings/parameters
2026-09-18T15:51:48.4962295Z === RUN   TestQuorumAndAllHeaderBindings/future
2026-09-18T15:51:48.4963031Z === RUN   TestQuorumAndAllHeaderBindings/pre-genesis
2026-09-18T15:51:48.4963706Z === RUN   TestQuorumAndAllHeaderBindings/chain
2026-09-18T15:51:48.4964515Z === RUN   TestQuorumAndAllHeaderBindings/version
2026-09-18T15:51:48.4965322Z === RUN   TestQuorumAndAllHeaderBindings/next-validators
2026-09-18T15:51:48.4966411Z === RUN   TestQuorumAndAllHeaderBindings/state-length
2026-09-18T15:51:48.4967150Z === RUN   TestQuorumAndAllHeaderBindings/height
2026-09-18T15:51:48.4967841Z --- PASS: TestQuorumAndAllHeaderBindings (0.00s)
2026-09-18T15:51:48.4969614Z     --- PASS: TestQuorumAndAllHeaderBindings/validators (0.00s)
2026-09-18T15:51:48.4970611Z     --- PASS: TestQuorumAndAllHeaderBindings/parameters (0.00s)
2026-09-18T15:51:48.4971556Z     --- PASS: TestQuorumAndAllHeaderBindings/future (0.00s)
2026-09-18T15:51:48.4972429Z     --- PASS: TestQuorumAndAllHeaderBindings/pre-genesis (0.00s)
2026-09-18T15:51:48.4973277Z     --- PASS: TestQuorumAndAllHeaderBindings/chain (0.00s)
2026-09-18T15:51:48.4973859Z     --- PASS: TestQuorumAndAllHeaderBindings/version (0.00s)
2026-09-18T15:51:48.4974448Z     --- PASS: TestQuorumAndAllHeaderBindings/next-validators (0.00s)
2026-09-18T15:51:48.4975039Z     --- PASS: TestQuorumAndAllHeaderBindings/state-length (0.00s)
2026-09-18T15:51:48.4975612Z     --- PASS: TestQuorumAndAllHeaderBindings/height (0.00s)
2026-09-18T15:51:48.4976106Z === RUN   TestPinnedPublicConfigurationAndCompanionFiles
2026-09-18T15:51:48.4977068Z --- PASS: TestPinnedPublicConfigurationAndCompanionFiles (0.11s)
2026-09-18T15:51:48.4977591Z === RUN   TestCanonicalDecodingAndFileBounds
2026-09-18T15:51:48.4978058Z --- PASS: TestCanonicalDecodingAndFileBounds (0.07s)
2026-09-18T15:51:48.4978515Z === RUN   TestLoopbackEndpointAndStreamingLimits
2026-09-18T15:51:48.4978990Z --- PASS: TestLoopbackEndpointAndStreamingLimits (0.00s)
2026-09-18T15:51:48.4979482Z === RUN   TestRPCRejectsRedirectCompressionAndOversize
2026-09-18T15:51:48.4980018Z === RUN   TestRPCRejectsRedirectCompressionAndOversize/redirect
2026-09-18T15:51:48.4980560Z === RUN   TestRPCRejectsRedirectCompressionAndOversize/encoding
2026-09-18T15:51:48.4983678Z === RUN   TestRPCRejectsRedirectCompressionAndOversize/length
2026-09-18T15:51:48.4984380Z === RUN   TestRPCRejectsRedirectCompressionAndOversize/stream
2026-09-18T15:51:48.4984964Z --- PASS: TestRPCRejectsRedirectCompressionAndOversize (0.01s)
2026-09-18T15:51:48.4985857Z     --- PASS: TestRPCRejectsRedirectCompressionAndOversize/redirect (0.00s)
2026-09-18T15:51:48.4986622Z     --- PASS: TestRPCRejectsRedirectCompressionAndOversize/encoding (0.00s)
2026-09-18T15:51:48.4987312Z     --- PASS: TestRPCRejectsRedirectCompressionAndOversize/length (0.00s)
2026-09-18T15:51:48.4988365Z     --- PASS: TestRPCRejectsRedirectCompressionAndOversize/stream (0.01s)
2026-09-18T15:51:48.4988988Z === RUN   TestMalformedGenesisInitDoesNotCreatePrivateDirectory
2026-09-18T15:51:48.4989641Z --- PASS: TestMalformedGenesisInitDoesNotCreatePrivateDirectory (0.00s)
2026-09-18T15:51:48.4990231Z === RUN   TestUnexpectedEngineExitIsNotSuccessfulShutdown
2026-09-18T15:51:48.4990779Z --- PASS: TestUnexpectedEngineExitIsNotSuccessfulShutdown (0.00s)
2026-09-18T15:51:48.4991335Z === RUN   TestRequestedShutdownDoesNotNeedEngineExit
2026-09-18T15:51:48.4991833Z --- PASS: TestRequestedShutdownDoesNotNeedEngineExit (0.00s)
2026-09-18T15:51:48.4992381Z === RUN   TestConcurrentCancellationAndEngineExitRemainRequested
2026-09-18T15:51:48.4992989Z --- PASS: TestConcurrentCancellationAndEngineExitRemainRequested (0.00s)
2026-09-18T15:51:48.4993924Z === RUN   TestEngineExitReleasesWaitingSupervisor
2026-09-18T15:51:48.4994424Z --- PASS: TestEngineExitReleasesWaitingSupervisor (0.00s)
2026-09-18T15:51:48.4994891Z === RUN   TestLifecycleRejectsMissingContext
2026-09-18T15:51:48.4995328Z --- PASS: TestLifecycleRejectsMissingContext (0.00s)
2026-09-18T15:51:48.4995812Z === RUN   TestRealOperatorNonzeroPaymentsAndRestart
2026-09-18T15:51:48.4998403Z     operator_e2e_test.go:451: shipped init/run/sync/submit commands: wrong-domain, downgrade and unknown-profile RPC rejection; real nonzero A->B->C, encrypted outbox backup, one-node outage, signed reference-state checks, full restart and duplicate rejection passed; local NO-FUNDS only
2026-09-18T15:51:48.5000414Z --- PASS: TestRealOperatorNonzeroPaymentsAndRestart (127.39s)
2026-09-18T15:51:48.5000955Z === RUN   TestQuorumSignedWrongPostStateNeverPersists
2026-09-18T15:51:48.5001501Z --- PASS: TestQuorumSignedWrongPostStateNeverPersists (5.63s)
2026-09-18T15:51:48.5002306Z === RUN   TestPinnedNetworkProfileCannotChangeConfigurationOrAppVersion
2026-09-18T15:51:48.5003029Z === RUN   TestPinnedNetworkProfileCannotChangeConfigurationOrAppVersion/ZVTGEN01/1/2
2026-09-18T15:51:48.5003841Z === RUN   TestPinnedNetworkProfileCannotChangeConfigurationOrAppVersion/ZVTGEN01/1/3
2026-09-18T15:51:48.5004807Z === RUN   TestPinnedNetworkProfileCannotChangeConfigurationOrAppVersion/ZVTGEN01/2/2
2026-09-18T15:51:48.5005921Z === RUN   TestPinnedNetworkProfileCannotChangeConfigurationOrAppVersion/ZVTGEN01/2/3
2026-09-18T15:51:48.5006720Z === RUN   TestPinnedNetworkProfileCannotChangeConfigurationOrAppVersion/ZVTGEN02/1/2
2026-09-18T15:51:48.5007519Z === RUN   TestPinnedNetworkProfileCannotChangeConfigurationOrAppVersion/ZVTGEN02/1/3
2026-09-18T15:51:48.5008278Z === RUN   TestPinnedNetworkProfileCannotChangeConfigurationOrAppVersion/ZVTGEN02/2/2
2026-09-18T15:51:48.5009031Z === RUN   TestPinnedNetworkProfileCannotChangeConfigurationOrAppVersion/ZVTGEN02/2/3
2026-09-18T15:51:48.5009947Z === RUN   TestPinnedNetworkProfileCannotChangeConfigurationOrAppVersion/ZVTGEN03/1/2
2026-09-18T15:51:48.5011076Z === RUN   TestPinnedNetworkProfileCannotChangeConfigurationOrAppVersion/ZVTGEN03/1/3
2026-09-18T15:51:48.5011859Z === RUN   TestPinnedNetworkProfileCannotChangeConfigurationOrAppVersion/ZVTGEN03/2/2
2026-09-18T15:51:48.5012642Z === RUN   TestPinnedNetworkProfileCannotChangeConfigurationOrAppVersion/ZVTGEN03/2/3
2026-09-18T15:51:48.5013401Z --- PASS: TestPinnedNetworkProfileCannotChangeConfigurationOrAppVersion (0.84s)
2026-09-18T15:51:48.5014883Z     --- PASS: TestPinnedNetworkProfileCannotChangeConfigurationOrAppVersion/ZVTGEN01/1/2 (0.07s)
2026-09-18T15:51:48.5016158Z     --- PASS: TestPinnedNetworkProfileCannotChangeConfigurationOrAppVersion/ZVTGEN01/1/3 (0.08s)
2026-09-18T15:51:48.5017241Z     --- PASS: TestPinnedNetworkProfileCannotChangeConfigurationOrAppVersion/ZVTGEN01/2/2 (0.07s)
2026-09-18T15:51:48.5018170Z     --- PASS: TestPinnedNetworkProfileCannotChangeConfigurationOrAppVersion/ZVTGEN01/2/3 (0.04s)
2026-09-18T15:51:48.5019098Z     --- PASS: TestPinnedNetworkProfileCannotChangeConfigurationOrAppVersion/ZVTGEN02/1/2 (0.06s)
2026-09-18T15:51:48.5020039Z     --- PASS: TestPinnedNetworkProfileCannotChangeConfigurationOrAppVersion/ZVTGEN02/1/3 (0.07s)
2026-09-18T15:51:48.5020954Z     --- PASS: TestPinnedNetworkProfileCannotChangeConfigurationOrAppVersion/ZVTGEN02/2/2 (0.08s)
2026-09-18T15:51:48.5022226Z     --- PASS: TestPinnedNetworkProfileCannotChangeConfigurationOrAppVersion/ZVTGEN02/2/3 (0.04s)
2026-09-18T15:51:48.5023176Z     --- PASS: TestPinnedNetworkProfileCannotChangeConfigurationOrAppVersion/ZVTGEN03/1/2 (0.07s)
2026-09-18T15:51:48.5024148Z     --- PASS: TestPinnedNetworkProfileCannotChangeConfigurationOrAppVersion/ZVTGEN03/1/3 (0.09s)
2026-09-18T15:51:48.5025068Z     --- PASS: TestPinnedNetworkProfileCannotChangeConfigurationOrAppVersion/ZVTGEN03/2/2 (0.08s)
2026-09-18T15:51:48.5026150Z     --- PASS: TestPinnedNetworkProfileCannotChangeConfigurationOrAppVersion/ZVTGEN03/2/3 (0.08s)
2026-09-18T15:51:48.5027054Z === RUN   TestSignedHeadersUseAuthenticatedProfileHeightAndVersion
2026-09-18T15:51:48.5027914Z --- PASS: TestSignedHeadersUseAuthenticatedProfileHeightAndVersion (0.00s)
2026-09-18T15:51:48.5028586Z === RUN   TestActiveCheckpointUsesPinnedNetworkAndRetainsLegacyBounds
2026-09-18T15:51:48.5029270Z --- PASS: TestActiveCheckpointUsesPinnedNetworkAndRetainsLegacyBounds (0.10s)
2026-09-18T15:51:48.5029967Z === RUN   TestActiveCapacityReportsLogicalBytesAndExactCheckpoint
2026-09-18T15:51:48.5030589Z --- PASS: TestActiveCapacityReportsLogicalBytesAndExactCheckpoint (0.00s)
2026-09-18T15:51:48.5031244Z === RUN   TestActiveStorageCopyRefusesBeforeReadingOrCreatingAnyPath
2026-09-18T15:51:48.5031905Z --- PASS: TestActiveStorageCopyRefusesBeforeReadingOrCreatingAnyPath (0.00s)
2026-09-18T15:51:48.5032709Z === RUN   TestRealReferenceCheckpointBeforeRPC
2026-09-18T15:51:48.5033343Z === RUN   TestRealReferenceCheckpointBeforeRPC/old-valid-prefix
2026-09-18T15:51:48.5034089Z === RUN   TestRealReferenceCheckpointBeforeRPC/newer-than-exact-pin
2026-09-18T15:51:48.5034689Z === RUN   TestRealReferenceCheckpointBeforeRPC/same-height-wrong-state
2026-09-18T15:51:48.5035302Z === RUN   TestRealReferenceCheckpointBeforeRPC/corrupt-correct-pin
2026-09-18T15:51:48.5035826Z --- PASS: TestRealReferenceCheckpointBeforeRPC (68.81s)
2026-09-18T15:51:48.5036435Z     --- PASS: TestRealReferenceCheckpointBeforeRPC/old-valid-prefix (5.59s)
2026-09-18T15:51:48.5037142Z     --- PASS: TestRealReferenceCheckpointBeforeRPC/newer-than-exact-pin (5.86s)
2026-09-18T15:51:48.5037995Z     --- PASS: TestRealReferenceCheckpointBeforeRPC/same-height-wrong-state (5.90s)
2026-09-18T15:51:48.5039000Z     --- PASS: TestRealReferenceCheckpointBeforeRPC/corrupt-correct-pin (5.44s)
2026-09-18T15:51:48.5039549Z === RUN   TestRealPinnedReferencePayment
2026-09-18T15:51:48.5039959Z --- PASS: TestRealPinnedReferencePayment (55.49s)
2026-09-18T15:51:48.5040465Z === RUN   TestReferenceCheckpointRequestBoundsBeforeAccess
2026-09-18T15:51:48.5041033Z --- PASS: TestReferenceCheckpointRequestBoundsBeforeAccess (0.00s)
2026-09-18T15:51:48.5041582Z === RUN   TestReferenceCheckpointMissingContextAndNetwork
2026-09-18T15:51:48.5042150Z --- PASS: TestReferenceCheckpointMissingContextAndNetwork (0.00s)
2026-09-18T15:51:48.5042701Z === RUN   TestUnpinnedResultsNeverClaimRetainedCheckpoint
2026-09-18T15:51:48.5043235Z --- PASS: TestUnpinnedResultsNeverClaimRetainedCheckpoint (0.00s)
2026-09-18T15:51:48.5044054Z === RUN   TestStorageCheckpointCanonicalInputs
2026-09-18T15:51:48.5044730Z --- PASS: TestStorageCheckpointCanonicalInputs (0.00s)
2026-09-18T15:51:48.5045281Z === RUN   TestStorageCheckpointExactTipNotMinimumHeightOrFinality
2026-09-18T15:51:48.5045919Z --- PASS: TestStorageCheckpointExactTipNotMinimumHeightOrFinality (0.00s)
2026-09-18T15:51:48.5046755Z === RUN   TestInvalidStorageCheckpointFailsBeforeFileAccess
2026-09-18T15:51:48.5047361Z --- PASS: TestInvalidStorageCheckpointFailsBeforeFileAccess (0.00s)
2026-09-18T15:51:48.5047934Z === RUN   TestRealJournalCopyRestoreAndAdversarialReplay
2026-09-18T15:51:48.5048473Z --- PASS: TestRealJournalCopyRestoreAndAdversarialReplay (69.63s)
2026-09-18T15:51:48.5049072Z === RUN   TestBoundedCopyRejectsShortLongAndCancelledInput
2026-09-18T15:51:48.5050043Z --- PASS: TestBoundedCopyRejectsShortLongAndCancelledInput (0.00s)
2026-09-18T15:51:48.5050640Z === RUN   TestCopyIOFailureAndMidstreamCancelNeverYieldDigest
2026-09-18T15:51:48.5051224Z --- PASS: TestCopyIOFailureAndMidstreamCancelNeverYieldDigest (0.00s)
2026-09-18T15:51:48.5051792Z === RUN   TestCopyPathsAndPublicEntryRejectBeforeWorker
2026-09-18T15:51:48.5052351Z --- PASS: TestCopyPathsAndPublicEntryRejectBeforeWorker (0.00s)
2026-09-18T15:51:48.5052883Z === RUN   TestPublishCopyIsCreateOnlyAndDoesNotLinkSource
2026-09-18T15:51:48.5053451Z --- PASS: TestPublishCopyIsCreateOnlyAndDoesNotLinkSource (0.04s)
2026-09-18T15:51:48.5054020Z === RUN   TestPublicationFailureAfterLinkIsExplicitlyUncertain
2026-09-18T15:51:48.5054673Z --- PASS: TestPublicationFailureAfterLinkIsExplicitlyUncertain (0.00s)
2026-09-18T15:51:48.5055732Z === RUN   TestPublicationCancellationAndExistingSymlinkDoNotOverwrite
2026-09-18T15:51:48.5080963Z --- PASS: TestPublicationCancellationAndExistingSymlinkDoNotOverwrite (0.00s)
2026-09-18T15:51:48.5082008Z === RUN   TestCopyReportDoesNotClaimConsensusOrFunds
2026-09-18T15:51:48.5082848Z --- PASS: TestCopyReportDoesNotClaimConsensusOrFunds (0.00s)
2026-09-18T15:51:48.5083715Z === RUN   TestJournalDigestDetectsChangedAndReplacedFile
2026-09-18T15:51:48.5084685Z --- PASS: TestJournalDigestDetectsChangedAndReplacedFile (0.00s)
2026-09-18T15:51:48.5085736Z === RUN   TestCancelAfterPublishRetainsCompleteCopyWithUncertainResult
2026-09-18T15:51:48.5087269Z --- PASS: TestCancelAfterPublishRetainsCompleteCopyWithUncertainResult (0.00s)
2026-09-18T15:51:48.5088334Z === RUN   TestRealOfflineStorageInspectionAndLock
2026-09-18T15:51:48.5089622Z --- PASS: TestRealOfflineStorageInspectionAndLock (87.90s)
2026-09-18T15:51:48.5090825Z === RUN   TestStorageReportBoundariesAndNoFinalityClaims
2026-09-18T15:51:48.5091531Z === RUN   TestStorageReportBoundariesAndNoFinalityClaims/normal
2026-09-18T15:51:48.5092144Z === RUN   TestStorageReportBoundariesAndNoFinalityClaims/exact-empty
2026-09-18T15:51:48.5092968Z === RUN   TestStorageReportBoundariesAndNoFinalityClaims/one-short
2026-09-18T15:51:48.5093592Z === RUN   TestStorageReportBoundariesAndNoFinalityClaims/byte-limit
2026-09-18T15:51:48.5094218Z === RUN   TestStorageReportBoundariesAndNoFinalityClaims/record-limit
2026-09-18T15:51:48.5095046Z === RUN   TestStorageReportBoundariesAndNoFinalityClaims/record-warning
2026-09-18T15:51:48.5095806Z === RUN   TestStorageReportBoundariesAndNoFinalityClaims/record-before-warning
2026-09-18T15:51:48.5097490Z === RUN   TestStorageReportBoundariesAndNoFinalityClaims/one-output-slot
2026-09-18T15:51:48.5098180Z === RUN   TestStorageReportBoundariesAndNoFinalityClaims/two-output-slots
2026-09-18T15:51:48.5098841Z --- PASS: TestStorageReportBoundariesAndNoFinalityClaims (0.00s)
2026-09-18T15:51:48.5099711Z     --- PASS: TestStorageReportBoundariesAndNoFinalityClaims/normal (0.00s)
2026-09-18T15:51:48.5100471Z     --- PASS: TestStorageReportBoundariesAndNoFinalityClaims/exact-empty (0.00s)
2026-09-18T15:51:48.5101233Z     --- PASS: TestStorageReportBoundariesAndNoFinalityClaims/one-short (0.00s)
2026-09-18T15:51:48.5102658Z     --- PASS: TestStorageReportBoundariesAndNoFinalityClaims/byte-limit (0.00s)
2026-09-18T15:51:48.5103594Z     --- PASS: TestStorageReportBoundariesAndNoFinalityClaims/record-limit (0.00s)
2026-09-18T15:51:48.5104382Z     --- PASS: TestStorageReportBoundariesAndNoFinalityClaims/record-warning (0.00s)
2026-09-18T15:51:48.5105191Z     --- PASS: TestStorageReportBoundariesAndNoFinalityClaims/record-before-warning (0.00s)
2026-09-18T15:51:48.5106036Z     --- PASS: TestStorageReportBoundariesAndNoFinalityClaims/one-output-slot (0.00s)
2026-09-18T15:51:48.5107378Z     --- PASS: TestStorageReportBoundariesAndNoFinalityClaims/two-output-slots (0.00s)
2026-09-18T15:51:48.5108291Z === RUN   TestStorageReportRejectsContradictoryCounts
2026-09-18T15:51:48.5108840Z --- PASS: TestStorageReportRejectsContradictoryCounts (0.00s)
2026-09-18T15:51:48.5109590Z === RUN   TestJournalMetadataIsReadOnlyAndDetectsOrdinaryChanges
2026-09-18T15:51:48.5110204Z --- PASS: TestJournalMetadataIsReadOnlyAndDetectsOrdinaryChanges (0.00s)
2026-09-18T15:51:48.5110742Z === RUN   TestStorageMissingInvalidPathsNeverCreateData
2026-09-18T15:51:48.5111401Z --- PASS: TestStorageMissingInvalidPathsNeverCreateData (0.00s)
2026-09-18T15:51:48.5111943Z === RUN   FuzzCanonicalPublicConfiguration
2026-09-18T15:51:48.5113248Z === RUN   FuzzCanonicalPublicConfiguration/seed#0
2026-09-18T15:51:48.5113806Z === RUN   FuzzCanonicalPublicConfiguration/seed#1
2026-09-18T15:51:48.5114274Z --- PASS: FuzzCanonicalPublicConfiguration (0.00s)
2026-09-18T15:51:48.5114848Z     --- PASS: FuzzCanonicalPublicConfiguration/seed#0 (0.00s)
2026-09-18T15:51:48.5115554Z     --- PASS: FuzzCanonicalPublicConfiguration/seed#1 (0.00s)
2026-09-18T15:51:48.5116028Z === RUN   FuzzNumericLoopbackEndpoint
2026-09-18T15:51:48.5116403Z === RUN   FuzzNumericLoopbackEndpoint/seed#0
2026-09-18T15:51:48.5117017Z === RUN   FuzzNumericLoopbackEndpoint/seed#1
2026-09-18T15:51:48.5117491Z --- PASS: FuzzNumericLoopbackEndpoint (0.00s)
2026-09-18T15:51:48.5118005Z     --- PASS: FuzzNumericLoopbackEndpoint/seed#0 (0.00s)
2026-09-18T15:51:48.5118795Z     --- PASS: FuzzNumericLoopbackEndpoint/seed#1 (0.00s)
2026-09-18T15:51:48.5119244Z === RUN   FuzzStorageCheckpointInputs
2026-09-18T15:51:48.5119621Z === RUN   FuzzStorageCheckpointInputs/seed#0
2026-09-18T15:51:48.5120137Z === RUN   FuzzStorageCheckpointInputs/seed#1
2026-09-18T15:51:48.5120584Z === RUN   FuzzStorageCheckpointInputs/seed#2
2026-09-18T15:51:48.5121013Z --- PASS: FuzzStorageCheckpointInputs (0.00s)
2026-09-18T15:51:48.5121476Z     --- PASS: FuzzStorageCheckpointInputs/seed#0 (0.00s)
2026-09-18T15:51:48.5122162Z     --- PASS: FuzzStorageCheckpointInputs/seed#1 (0.00s)
2026-09-18T15:51:48.5122762Z     --- PASS: FuzzStorageCheckpointInputs/seed#2 (0.00s)
2026-09-18T15:51:48.5123278Z === RUN   FuzzStorageAccounting
2026-09-18T15:51:48.5123812Z === RUN   FuzzStorageAccounting/seed#0
2026-09-18T15:51:48.5124306Z === RUN   FuzzStorageAccounting/seed#1
2026-09-18T15:51:48.5124757Z --- PASS: FuzzStorageAccounting (0.00s)
2026-09-18T15:51:48.5125314Z     --- PASS: FuzzStorageAccounting/seed#0 (0.00s)
2026-09-18T15:51:48.5125761Z     --- PASS: FuzzStorageAccounting/seed#1 (0.00s)
2026-09-18T15:51:48.5126109Z PASS
2026-09-18T15:51:48.5126596Z ok  	github.com/youq616/Zevune/integration/cometbft/labnet	521.036s
2026-09-18T15:51:48.5127197Z === RUN   TestMalformedCommandsNeverCreateOrOverwrite
2026-09-18T15:51:48.5127693Z --- PASS: TestMalformedCommandsNeverCreateOrOverwrite (0.00s)
2026-09-18T15:51:48.5128255Z === RUN   TestBoundedPublicTransactionFiles
2026-09-18T15:51:48.5129193Z --- PASS: TestBoundedPublicTransactionFiles (0.00s)
2026-09-18T15:51:48.5129985Z === RUN   TestStorageCommandRejectsNetworkAndMutationFlags
2026-09-18T15:51:48.5130909Z --- PASS: TestStorageCommandRejectsNetworkAndMutationFlags (0.00s)
2026-09-18T15:51:48.5131964Z === RUN   TestSyncSubmitRejectInvalidCheckpointBeforeOtherInput
2026-09-18T15:51:48.5133019Z --- PASS: TestSyncSubmitRejectInvalidCheckpointBeforeOtherInput (0.00s)
2026-09-18T15:51:48.5133934Z === RUN   TestStorageCheckpointFlagPair
2026-09-18T15:51:48.5134648Z --- PASS: TestStorageCheckpointFlagPair (0.00s)
2026-09-18T15:51:48.5136127Z === RUN   TestCheckpointSyntaxDoesNotSelectAStorageProfile
2026-09-18T15:51:48.5137149Z --- PASS: TestCheckpointSyntaxDoesNotSelectAStorageProfile (0.00s)
2026-09-18T15:51:48.5137876Z === RUN   TestStorageCheckpointCLIRejectsPartialDuplicateAndWrongCommands
2026-09-18T15:51:48.5138772Z --- PASS: TestStorageCheckpointCLIRejectsPartialDuplicateAndWrongCommands (0.00s)
2026-09-18T15:51:48.5139477Z === RUN   TestExplicitEmptyStorageCheckpointDoesNotDisableCheck
2026-09-18T15:51:48.5140387Z --- PASS: TestExplicitEmptyStorageCheckpointDoesNotDisableCheck (0.00s)
2026-09-18T15:51:48.5141054Z === RUN   TestStorageCopyRequiresExplicitCheckpointAndOfflinePaths
2026-09-18T15:51:48.5141707Z --- PASS: TestStorageCopyRequiresExplicitCheckpointAndOfflinePaths (0.00s)
2026-09-18T15:51:48.5142323Z PASS
2026-09-18T15:51:48.5142699Z ok  	github.com/youq616/Zevune/integration/cometbft/cmd/zevune-network	0.087s
2026-09-18T15:52:04.1637541Z ##[group]Run git diff --exit-code
2026-09-18T15:52:04.1638032Z [36;1mgit diff --exit-code[0m
2026-09-18T15:52:04.1654070Z shell: C:\Program Files\Git\bin\bash.EXE --noprofile --norc -e -o pipefail {0}
2026-09-18T15:52:04.1654537Z env:
2026-09-18T15:52:04.1654797Z   RAYON_NUM_THREADS: 2
2026-09-18T15:52:04.1655103Z   CARGO_BUILD_JOBS: 2
2026-09-18T15:52:04.1655369Z   GOTOOLCHAIN: local
2026-09-18T15:52:04.1655779Z   ZEVUNE_NETWORK_OPERATOR: D:\a\_temp\zevune-local-bundle\zevune-network.exe
2026-09-18T15:52:04.1656368Z   ZEVUNE_POOL_WORKER: D:\a\_temp\zevune-local-bundle\zevune-pool-worker.exe
2026-09-18T15:52:04.1657079Z   ZEVUNE_FUNDED_SCENARIO: D:\a\Zevune\Zevune\integration\orchard\target\release\zevune-funded-scenario.exe
2026-09-18T15:52:04.1658091Z ##[endgroup]
2026-09-18T15:52:04.2678038Z Node 20 is being deprecated. This workflow is running with Node 24 by default. If you need to temporarily use Node 20, you can set the ACTIONS_ALLOW_USE_UNSECURE_NODE_VERSION=true environment variable. For more information see: https://github.blog/changelog/2025-09-19-deprecation-of-node-20-on-github-actions-runners/
2026-09-18T15:52:04.2679585Z ##[group]Run actions/upload-artifact@ea165f8d65b6e75b540449e92b4886f43607fa02
2026-09-18T15:52:04.2679969Z with:
2026-09-18T15:52:04.2680184Z   name: zevune-local-lab-Windows
2026-09-18T15:52:04.2680444Z   path: D:\a\_temp/zevune-local-bundle/
2026-09-18T15:52:04.2680710Z   if-no-files-found: error
2026-09-18T15:52:04.2680930Z   retention-days: 7
2026-09-18T15:52:04.2681345Z   compression-level: 6
2026-09-18T15:52:04.2681538Z   overwrite: false
2026-09-18T15:52:04.2681731Z   include-hidden-files: false
2026-09-18T15:52:04.2681941Z env:
2026-09-18T15:52:04.2682103Z   RAYON_NUM_THREADS: 2
2026-09-18T15:52:04.2682320Z   CARGO_BUILD_JOBS: 2
2026-09-18T15:52:04.2682504Z   GOTOOLCHAIN: local
2026-09-18T15:52:04.2682822Z   ZEVUNE_NETWORK_OPERATOR: D:\a\_temp\zevune-local-bundle\zevune-network.exe
2026-09-18T15:52:04.2683315Z   ZEVUNE_POOL_WORKER: D:\a\_temp\zevune-local-bundle\zevune-pool-worker.exe
2026-09-18T15:52:04.2683899Z   ZEVUNE_FUNDED_SCENARIO: D:\a\Zevune\Zevune\integration\orchard\target\release\zevune-funded-scenario.exe
2026-09-18T15:52:04.2684365Z ##[endgroup]
2026-09-18T15:52:04.5269566Z (node:2904) [DEP0040] DeprecationWarning: The `punycode` module is deprecated. Please use a userland alternative instead.
2026-09-18T15:52:04.5271248Z (Use `node --trace-deprecation ...` to show where the warning was created)
2026-09-18T15:52:04.5362736Z With the provided path, there will be 6 files uploaded
2026-09-18T15:52:04.5371739Z Artifact name is valid!
2026-09-18T15:52:04.5372343Z Root directory input is valid!
2026-09-18T15:52:04.8395178Z Beginning upload of artifact content to blob storage
2026-09-18T15:52:05.6293161Z (node:2904) [DEP0169] DeprecationWarning: `url.parse()` behavior is not standardized and prone to errors that have security implications. Use the WHATWG URL API instead. CVEs are not issued for `url.parse()` vulnerabilities.
2026-09-18T15:52:06.1761569Z Uploaded bytes 8388608
2026-09-18T15:52:06.7062529Z Uploaded bytes 16777216
2026-09-18T15:52:06.9247051Z Uploaded bytes 22388467
2026-09-18T15:52:06.9607782Z Finished uploading artifact content to blob storage!
2026-09-18T15:52:06.9609382Z SHA256 digest of uploaded artifact zip is c8b1342ee1d002ae35b9738b863c8977519a7bc33aeb5b7eaf172a20b8820d5c
2026-09-18T15:52:06.9612758Z Finalizing artifact upload
2026-09-18T15:52:07.1588799Z Artifact zevune-local-lab-Windows.zip successfully finalized. Artifact ID 10556311587
2026-09-18T15:52:07.1590187Z Artifact zevune-local-lab-Windows has been successfully uploaded! Final size is 22388467 bytes. Artifact ID is 10556311587
2026-09-18T15:52:07.1602138Z Artifact download URL: https://github.com/youq616/Zevune/actions/runs/35362925534/artifacts/10556311587
2026-09-18T15:52:07.1984240Z Node 20 is being deprecated. This workflow is running with Node 24 by default. If you need to temporarily use Node 20, you can set the ACTIONS_ALLOW_USE_UNSECURE_NODE_VERSION=true environment variable. For more information see: https://github.blog/changelog/2025-09-19-deprecation-of-node-20-on-github-actions-runners/
2026-09-18T15:52:07.1985707Z Post job cleanup.
2026-09-18T15:52:07.3702826Z (node:8544) [DEP0040] DeprecationWarning: The `punycode` module is deprecated. Please use a userland alternative instead.
2026-09-18T15:52:07.3703850Z (Use `node --trace-deprecation ...` to show where the warning was created)
2026-09-18T15:52:07.5013104Z [command]C:\hostedtoolcache\windows\go\1.27.1\x64\bin\go.exe env GOMODCACHE
2026-09-18T15:52:07.5118880Z [command]C:\hostedtoolcache\windows\go\1.27.1\x64\bin\go.exe env GOCACHE
2026-09-18T15:52:07.5448082Z C:\Users\runneradmin\go\pkg\mod
2026-09-18T15:52:07.5476716Z C:\Users\runneradmin\AppData\Local\go-build
2026-09-18T15:52:07.5505057Z Cache hit occurred on the primary key setup-go-Windows-x64-go-1.27.1-ef6b0fbca0a8d0b6206b16c85f11c4a6c772908ae2660ca86a6b7ee95979c938, not saving cache.
2026-09-18T15:52:07.5828485Z Post job cleanup.
2026-09-18T15:52:07.8227594Z [command]"C:\Program Files\Git\bin\git.exe" version
2026-09-18T15:52:07.8561385Z git version 2.55.0.windows.5
2026-09-18T15:52:07.8643814Z Temporarily overriding HOME='D:\a\_temp\ec418958-dd4d-4b9b-bb9a-51636768abd6' before making global git config changes
2026-09-18T15:52:07.8645097Z Adding repository directory to the temporary git global config as a safe directory
2026-09-18T15:52:07.8657223Z [command]"C:\Program Files\Git\bin\git.exe" config --global --add safe.directory D:\a\Zevune\Zevune
2026-09-18T15:52:07.9061552Z [command]"C:\Program Files\Git\bin\git.exe" config --local --name-only --get-regexp core\.sshCommand
2026-09-18T15:52:07.9420565Z [command]"C:\Program Files\Git\bin\git.exe" submodule foreach --recursive "sh -c \"git config --local --name-only --get-regexp 'core\.sshCommand' && git config --local --unset-all 'core.sshCommand' || :\""
2026-09-18T15:52:08.5434120Z [command]"C:\Program Files\Git\bin\git.exe" config --local --name-only --get-regexp http\.https\:\/\/github\.com\/\.extraheader
2026-09-18T15:52:08.5746381Z [command]"C:\Program Files\Git\bin\git.exe" submodule foreach --recursive "sh -c \"git config --local --name-only --get-regexp 'http\.https\:\/\/github\.com\/\.extraheader' && git config --local --unset-all 'http.https://github.com/.extraheader' || :\""
2026-09-18T15:52:09.2270709Z Cleaning up orphan processes
2026-09-18T15:52:09.2450714Z Terminate orphan process: pid (3036) (vctip)
2026-09-18T15:52:09.2730854Z ##[warning]Node.js 20 is deprecated. The following actions target Node.js 20 but are being forced to run on Node.js 24: actions/setup-go@44694675825211faa026b3c33043df3e48a5fa00, actions/upload-artifact@ea165f8d65b6e75b540449e92b4886f43607fa02. For more information see: https://github.blog/changelog/2025-09-19-deprecation-of-node-20-on-github-actions-runners/
