2026-09-17T10:50:21.0857388Z Current runner version: '2.337.0'
2026-09-17T10:50:21.0879164Z ##[group]Runner Image Provisioner
2026-09-17T10:50:21.0879897Z Hosted Compute Agent
2026-09-17T10:50:21.0880343Z Version: 20260828.587
2026-09-17T10:50:21.0880992Z Commit: abac92662cab4cc7352de4f9f9d2e2419aad9c29
2026-09-17T10:50:21.0881571Z Build Date: 2026-08-28T16:44:25Z
2026-09-17T10:50:21.0882151Z Worker ID: {8e1f8bc2-ecf1-42cd-848e-c0e927aac92f}
2026-09-17T10:50:21.0882963Z Azure Region: centralus
2026-09-17T10:50:21.0883413Z ##[endgroup]
2026-09-17T10:50:21.0884565Z ##[group]Operating System
2026-09-17T10:50:21.0885055Z Ubuntu
2026-09-17T10:50:21.0885492Z 24.04.5
2026-09-17T10:50:21.0885931Z LTS
2026-09-17T10:50:21.0886386Z ##[endgroup]
2026-09-17T10:50:21.0886865Z ##[group]Runner Image
2026-09-17T10:50:21.0887332Z Image: ubuntu-24.04
2026-09-17T10:50:21.0887890Z Version: 20260907.300.1
2026-09-17T10:50:21.0888918Z Included Software: https://github.com/actions/runner-images/blob/ubuntu24/20260907.300/images/ubuntu/Ubuntu2404-Readme.md
2026-09-17T10:50:21.0890194Z Image Release: https://github.com/actions/runner-images/releases/tag/ubuntu24%2F20260907.300
2026-09-17T10:50:21.0891102Z ##[endgroup]
2026-09-17T10:50:21.0892236Z ##[group]GITHUB_TOKEN Permissions
2026-09-17T10:50:21.0894290Z Contents: read
2026-09-17T10:50:21.0894768Z Metadata: read
2026-09-17T10:50:21.0895210Z ##[endgroup]
2026-09-17T10:50:21.0896911Z Secret source: Actions
2026-09-17T10:50:21.0897701Z Cache mode: write
2026-09-17T10:50:21.0898240Z Prepare workflow directory
2026-09-17T10:50:21.1857780Z Prepare all required actions
2026-09-17T10:50:21.1899049Z Getting action download info
2026-09-17T10:50:21.3981463Z Download action repository 'actions/checkout@08c6903cd8c0fde910a37f88322edcfb5dd907a8' (SHA:08c6903cd8c0fde910a37f88322edcfb5dd907a8)
2026-09-17T10:50:21.5617750Z Download action repository 'actions/setup-go@44694675825211faa026b3c33043df3e48a5fa00' (SHA:44694675825211faa026b3c33043df3e48a5fa00)
2026-09-17T10:50:22.2542982Z Complete job name: source
2026-09-17T10:50:22.5500994Z ##[group]Run actions/checkout@08c6903cd8c0fde910a37f88322edcfb5dd907a8
2026-09-17T10:50:22.5501814Z with:
2026-09-17T10:50:22.5502166Z   persist-credentials: false
2026-09-17T10:50:22.5502831Z   repository: youq616/Zevune
2026-09-17T10:50:22.5505847Z   token: ***
2026-09-17T10:50:22.5506174Z   ssh-strict: true
2026-09-17T10:50:22.5506506Z   ssh-user: git
2026-09-17T10:50:22.5506823Z   clean: true
2026-09-17T10:50:22.5507161Z   sparse-checkout-cone-mode: true
2026-09-17T10:50:22.5507565Z   fetch-depth: 1
2026-09-17T10:50:22.5507891Z   fetch-tags: false
2026-09-17T10:50:22.5508237Z   show-progress: true
2026-09-17T10:50:22.5508587Z   lfs: false
2026-09-17T10:50:22.5508920Z   submodules: false
2026-09-17T10:50:22.5509284Z   set-safe-directory: true
2026-09-17T10:50:22.5509792Z ##[endgroup]
2026-09-17T10:50:22.6298985Z Syncing repository: youq616/Zevune
2026-09-17T10:50:22.6301118Z ##[group]Getting Git version info
2026-09-17T10:50:22.6302023Z Working directory is '/home/runner/work/Zevune/Zevune'
2026-09-17T10:50:22.6303594Z [command]/usr/bin/git version
2026-09-17T10:50:22.6340848Z git version 2.55.0
2026-09-17T10:50:22.6356301Z ##[endgroup]
2026-09-17T10:50:22.6368258Z Temporarily overriding HOME='/home/runner/work/_temp/c79d5ba0-7443-47ab-91a7-b59138b23add' before making global git config changes
2026-09-17T10:50:22.6369573Z Adding repository directory to the temporary git global config as a safe directory
2026-09-17T10:50:22.6373233Z [command]/usr/bin/git config --global --add safe.directory /home/runner/work/Zevune/Zevune
2026-09-17T10:50:22.6415770Z Deleting the contents of '/home/runner/work/Zevune/Zevune'
2026-09-17T10:50:22.6420164Z ##[group]Initializing the repository
2026-09-17T10:50:22.6424819Z [command]/usr/bin/git init /home/runner/work/Zevune/Zevune
2026-09-17T10:50:22.6520766Z hint: Using 'master' as the name for the initial branch. This default branch name
2026-09-17T10:50:22.6522056Z hint: will change to "main" in Git 3.0. To configure the initial branch name
2026-09-17T10:50:22.6523750Z hint: to use in all of your new repositories, which will suppress this warning,
2026-09-17T10:50:22.6524807Z hint: call:
2026-09-17T10:50:22.6525253Z hint:
2026-09-17T10:50:22.6525999Z hint: 	git config --global init.defaultBranch <name>
2026-09-17T10:50:22.6526757Z hint:
2026-09-17T10:50:22.6527369Z hint: Names commonly chosen instead of 'master' are 'main', 'trunk' and
2026-09-17T10:50:22.6528362Z hint: 'development'. The just-created branch can be renamed via this command:
2026-09-17T10:50:22.6529270Z hint:
2026-09-17T10:50:22.6529803Z hint: 	git branch -m <name>
2026-09-17T10:50:22.6530354Z hint:
2026-09-17T10:50:22.6531023Z hint: Disable this message with "git config set advice.defaultBranchName false"
2026-09-17T10:50:22.6532029Z Initialized empty Git repository in /home/runner/work/Zevune/Zevune/.git/
2026-09-17T10:50:22.6534257Z [command]/usr/bin/git remote add origin https://github.com/youq616/Zevune
2026-09-17T10:50:22.6575220Z ##[endgroup]
2026-09-17T10:50:22.6576155Z ##[group]Disabling automatic garbage collection
2026-09-17T10:50:22.6577511Z [command]/usr/bin/git config --local gc.auto 0
2026-09-17T10:50:22.6598190Z ##[endgroup]
2026-09-17T10:50:22.6599023Z ##[group]Setting up auth
2026-09-17T10:50:22.6603320Z [command]/usr/bin/git config --local --name-only --get-regexp core\.sshCommand
2026-09-17T10:50:22.6625304Z [command]/usr/bin/git submodule foreach --recursive sh -c "git config --local --name-only --get-regexp 'core\.sshCommand' && git config --local --unset-all 'core.sshCommand' || :"
2026-09-17T10:50:22.6931984Z [command]/usr/bin/git config --local --name-only --get-regexp http\.https\:\/\/github\.com\/\.extraheader
2026-09-17T10:50:22.6958846Z [command]/usr/bin/git submodule foreach --recursive sh -c "git config --local --name-only --get-regexp 'http\.https\:\/\/github\.com\/\.extraheader' && git config --local --unset-all 'http.https://github.com/.extraheader' || :"
2026-09-17T10:50:22.7113647Z [command]/usr/bin/git config --local http.https://github.com/.extraheader AUTHORIZATION: basic ***
2026-09-17T10:50:22.7139999Z ##[endgroup]
2026-09-17T10:50:22.7140908Z ##[group]Fetching the repository
2026-09-17T10:50:22.7147151Z [command]/usr/bin/git -c protocol.version=2 fetch --no-tags --prune --no-recurse-submodules --depth=1 origin +00d4442b12cb72344ffa5bea101eb7142ab03270:refs/remotes/pull/13/merge
2026-09-17T10:50:23.5165790Z From https://github.com/youq616/Zevune
2026-09-17T10:50:23.5167378Z  * [new ref]         00d4442b12cb72344ffa5bea101eb7142ab03270 -> pull/13/merge
2026-09-17T10:50:23.5170292Z ##[endgroup]
2026-09-17T10:50:23.5171675Z ##[group]Determining the checkout info
2026-09-17T10:50:23.5173184Z ##[endgroup]
2026-09-17T10:50:23.5176890Z [command]/usr/bin/git sparse-checkout disable
2026-09-17T10:50:23.5218610Z [command]/usr/bin/git config --local --unset-all extensions.worktreeConfig
2026-09-17T10:50:23.5240483Z ##[group]Checking out the ref
2026-09-17T10:50:23.5243465Z [command]/usr/bin/git checkout --progress --force refs/remotes/pull/13/merge
2026-09-17T10:50:23.5596347Z Note: switching to 'refs/remotes/pull/13/merge'.
2026-09-17T10:50:23.5597126Z 
2026-09-17T10:50:23.5597653Z You are in 'detached HEAD' state. You can look around, make experimental
2026-09-17T10:50:23.5599049Z changes and commit them, and you can discard any commits you make in this
2026-09-17T10:50:23.5600450Z state without impacting any branches by switching back to a branch.
2026-09-17T10:50:23.5601258Z 
2026-09-17T10:50:23.5601786Z If you want to create a new branch to retain commits you create, you may
2026-09-17T10:50:23.5603370Z do so (now or later) by using -c with the switch command. Example:
2026-09-17T10:50:23.5604070Z 
2026-09-17T10:50:23.5604373Z   git switch -c <new-branch-name>
2026-09-17T10:50:23.5604867Z 
2026-09-17T10:50:23.5605226Z Or undo this operation with:
2026-09-17T10:50:23.5605875Z 
2026-09-17T10:50:23.5606272Z   git switch -
2026-09-17T10:50:23.5606826Z 
2026-09-17T10:50:23.5607505Z Turn off this advice by setting config variable advice.detachedHead to false
2026-09-17T10:50:23.5608506Z 
2026-09-17T10:50:23.5609912Z HEAD is now at 00d4442 Merge de474720431daf33afd4a7ebc32de2d230344a5a into 6913d4ab2fda6956db37e0ceb49790a4518c2762
2026-09-17T10:50:23.5614068Z ##[endgroup]
2026-09-17T10:50:23.5635520Z [command]/usr/bin/git log -1 --format=%H
2026-09-17T10:50:23.5652910Z 00d4442b12cb72344ffa5bea101eb7142ab03270
2026-09-17T10:50:23.5658935Z ##[group]Removing auth
2026-09-17T10:50:23.5661408Z [command]/usr/bin/git config --local --name-only --get-regexp core\.sshCommand
2026-09-17T10:50:23.5683009Z [command]/usr/bin/git submodule foreach --recursive sh -c "git config --local --name-only --get-regexp 'core\.sshCommand' && git config --local --unset-all 'core.sshCommand' || :"
2026-09-17T10:50:23.5825443Z [command]/usr/bin/git config --local --name-only --get-regexp http\.https\:\/\/github\.com\/\.extraheader
2026-09-17T10:50:23.5844657Z http.https://github.com/.extraheader
2026-09-17T10:50:23.5849286Z [command]/usr/bin/git config --local --unset-all http.https://github.com/.extraheader
2026-09-17T10:50:23.5873916Z [command]/usr/bin/git submodule foreach --recursive sh -c "git config --local --name-only --get-regexp 'http\.https\:\/\/github\.com\/\.extraheader' && git config --local --unset-all 'http.https://github.com/.extraheader' || :"
2026-09-17T10:50:23.6014345Z ##[endgroup]
2026-09-17T10:50:23.7285080Z Node 20 is being deprecated. This workflow is running with Node 24 by default. If you need to temporarily use Node 20, you can set the ACTIONS_ALLOW_USE_UNSECURE_NODE_VERSION=true environment variable. For more information see: https://github.blog/changelog/2025-09-19-deprecation-of-node-20-on-github-actions-runners/
2026-09-17T10:50:23.7289598Z ##[group]Run actions/setup-go@44694675825211faa026b3c33043df3e48a5fa00
2026-09-17T10:50:23.7290704Z with:
2026-09-17T10:50:23.7291318Z   go-version: 1.27.1
2026-09-17T10:50:23.7292129Z   cache-dependency-path: integration/cometbft/go.sum
2026-09-17T10:50:23.7293213Z   check-latest: false
2026-09-17T10:50:23.7299334Z   token: ***
2026-09-17T10:50:23.7299963Z   cache: true
2026-09-17T10:50:23.7300620Z ##[endgroup]
2026-09-17T10:50:23.8270386Z Setup go version spec 1.27.1
2026-09-17T10:50:23.8276802Z Attempting to download 1.27.1...
2026-09-17T10:50:23.8359295Z (node:2087) [DEP0040] DeprecationWarning: The `punycode` module is deprecated. Please use a userland alternative instead.
2026-09-17T10:50:23.8361333Z (Use `node --trace-deprecation ...` to show where the warning was created)
2026-09-17T10:50:24.4987892Z matching 1.27.1...
2026-09-17T10:50:24.5007045Z Acquiring 1.27.1 from https://github.com/actions/go-versions/releases/download/1.27.1-33583469715/go-1.27.1-linux-x64.tar.gz
2026-09-17T10:50:25.0190844Z Extracting Go...
2026-09-17T10:50:25.0265617Z [command]/usr/bin/tar xz --warning=no-unknown-keyword --overwrite -C /home/runner/work/_temp/7420eac4-27ca-4a00-a3f5-4a2e5fc355f3 -f /home/runner/work/_temp/cdb3a5cf-0fba-445d-8b89-9a7c88f4fa86
2026-09-17T10:50:26.2905599Z Successfully extracted go to /home/runner/work/_temp/7420eac4-27ca-4a00-a3f5-4a2e5fc355f3
2026-09-17T10:50:26.2906122Z Adding to the cache ...
2026-09-17T10:50:30.7042231Z Successfully cached go to /opt/hostedtoolcache/go/1.27.1/x64
2026-09-17T10:50:30.7042983Z Added go to the path
2026-09-17T10:50:30.7045124Z Successfully set up Go version 1.27.1
2026-09-17T10:50:30.7215369Z [command]/opt/hostedtoolcache/go/1.27.1/x64/bin/go env GOMODCACHE
2026-09-17T10:50:30.7239665Z [command]/opt/hostedtoolcache/go/1.27.1/x64/bin/go env GOCACHE
2026-09-17T10:50:30.7262709Z /home/runner/go/pkg/mod
2026-09-17T10:50:30.7278990Z /home/runner/.cache/go-build
2026-09-17T10:50:31.1061170Z Cache hit for: setup-go-Linux-x64-ubuntu24-go-1.27.1-ef6b0fbca0a8d0b6206b16c85f11c4a6c772908ae2660ca86a6b7ee95979c938
2026-09-17T10:50:31.1110612Z (node:2087) [DEP0169] DeprecationWarning: `url.parse()` behavior is not standardized and prone to errors that have security implications. Use the WHATWG URL API instead. CVEs are not issued for `url.parse()` vulnerabilities.
2026-09-17T10:50:32.2362870Z Received 134217728 of 484452015 (27.7%), 127.7 MBs/sec
2026-09-17T10:50:33.2361533Z Received 356515840 of 484452015 (73.6%), 169.8 MBs/sec
2026-09-17T10:50:33.9213200Z Received 484452015 of 484452015 (100.0%), 171.9 MBs/sec
2026-09-17T10:50:33.9213728Z Cache Size: ~462 MB (484452015 B)
2026-09-17T10:50:33.9326736Z [command]/usr/bin/tar -xf /home/runner/work/_temp/8d6ec326-6c37-42cb-a34f-04fb4f4a1372/cache.tzst -P -C /home/runner/work/Zevune/Zevune --use-compress-program unzstd
2026-09-17T10:50:36.2815271Z Cache restored successfully
2026-09-17T10:50:36.2985070Z Cache restored from key: setup-go-Linux-x64-ubuntu24-go-1.27.1-ef6b0fbca0a8d0b6206b16c85f11c4a6c772908ae2660ca86a6b7ee95979c938
2026-09-17T10:50:36.3009138Z go version go1.27.1 linux/amd64
2026-09-17T10:50:36.3009339Z 
2026-09-17T10:50:36.3009644Z ##[group]go env
2026-09-17T10:50:36.3653696Z AR='ar'
2026-09-17T10:50:36.3653992Z CC='gcc'
2026-09-17T10:50:36.3654215Z CGO_CFLAGS='-O2 -g'
2026-09-17T10:50:36.3654522Z CGO_CPPFLAGS=''
2026-09-17T10:50:36.3654759Z CGO_CXXFLAGS='-O2 -g'
2026-09-17T10:50:36.3655055Z CGO_ENABLED='1'
2026-09-17T10:50:36.3655288Z CGO_FFLAGS='-O2 -g'
2026-09-17T10:50:36.3655546Z CGO_LDFLAGS='-O2 -g'
2026-09-17T10:50:36.3655792Z CXX='g++'
2026-09-17T10:50:36.3655947Z GCCGO='gccgo'
2026-09-17T10:50:36.3656103Z GO111MODULE=''
2026-09-17T10:50:36.3656465Z GOAMD64='v1'
2026-09-17T10:50:36.3656622Z GOARCH='amd64'
2026-09-17T10:50:36.3656775Z GOAUTH='netrc'
2026-09-17T10:50:36.3656939Z GOBIN='/home/runner/go/bin'
2026-09-17T10:50:36.3657156Z GOCACHE='/home/runner/.cache/go-build'
2026-09-17T10:50:36.3657390Z GOCACHEPROG=''
2026-09-17T10:50:36.3657561Z GODEBUG=''
2026-09-17T10:50:36.3657726Z GOENV='/home/runner/.config/go/env'
2026-09-17T10:50:36.3657933Z GOEXE=''
2026-09-17T10:50:36.3658082Z GOEXPERIMENT=''
2026-09-17T10:50:36.3658240Z GOFIPS140='off'
2026-09-17T10:50:36.3658391Z GOFLAGS=''
2026-09-17T10:50:36.3658851Z GOGCCFLAGS='-fPIC -m64 -pthread -Wl,--no-gc-sections -fmessage-length=0 -ffile-prefix-map=/tmp/go-build2134957442=/tmp/go-build -gno-record-gcc-switches'
2026-09-17T10:50:36.3659303Z GOHOSTARCH='amd64'
2026-09-17T10:50:36.3659467Z GOHOSTOS='linux'
2026-09-17T10:50:36.3659623Z GOINSECURE=''
2026-09-17T10:50:36.3659841Z GOMOD='/home/runner/work/Zevune/Zevune/go.mod'
2026-09-17T10:50:36.3660079Z GOMODCACHE='/home/runner/go/pkg/mod'
2026-09-17T10:50:36.3660273Z GONOPROXY=''
2026-09-17T10:50:36.3660417Z GONOSUMDB=''
2026-09-17T10:50:36.3660561Z GOOS='linux'
2026-09-17T10:50:36.3660719Z GOPACKAGESDRIVER=''
2026-09-17T10:50:36.3660889Z GOPATH='/home/runner/go'
2026-09-17T10:50:36.3661053Z GOPRIVATE=''
2026-09-17T10:50:36.3661420Z GOPROXY='https://proxy.golang.org,direct'
2026-09-17T10:50:36.3661665Z GOROOT='/opt/hostedtoolcache/go/1.27.1/x64'
2026-09-17T10:50:36.3661875Z GOSUMDB='sum.golang.org'
2026-09-17T10:50:36.3662048Z GOTELEMETRY='local'
2026-09-17T10:50:36.3662244Z GOTELEMETRYDIR='/home/runner/.config/go/telemetry'
2026-09-17T10:50:36.3662457Z GOTMPDIR=''
2026-09-17T10:50:36.3662791Z GOTOOLCHAIN='local'
2026-09-17T10:50:36.3663038Z GOTOOLDIR='/opt/hostedtoolcache/go/1.27.1/x64/pkg/tool/linux_amd64'
2026-09-17T10:50:36.3663299Z GOVCS=''
2026-09-17T10:50:36.3663455Z GOVERSION='go1.27.1'
2026-09-17T10:50:36.3663623Z GOWORK=''
2026-09-17T10:50:36.3663797Z PKG_CONFIG='pkg-config'
2026-09-17T10:50:36.3663902Z 
2026-09-17T10:50:36.3664210Z ##[endgroup]
2026-09-17T10:50:36.4492037Z ##[group]Run rustup toolchain install 1.98.1 --profile minimal --component rustfmt
2026-09-17T10:50:36.4492760Z [36;1mrustup toolchain install 1.98.1 --profile minimal --component rustfmt[0m
2026-09-17T10:50:36.4520198Z shell: /usr/bin/bash -e {0}
2026-09-17T10:50:36.4520429Z env:
2026-09-17T10:50:36.4520589Z   GOTOOLCHAIN: local
2026-09-17T10:50:36.4520764Z ##[endgroup]
2026-09-17T10:50:36.5557370Z info: syncing channel updates for 1.98.1-x86_64-unknown-linux-gnu
2026-09-17T10:50:37.3696070Z info: latest update on 2026-09-03 for version 1.98.1 (48a229cea 2026-09-01)
2026-09-17T10:50:37.3696419Z info: downloading 4 components
2026-09-17T10:50:44.3057249Z 
2026-09-17T10:50:44.3126009Z   1.98.1-x86_64-unknown-linux-gnu installed - rustc 1.98.1 (48a229cea 2026-09-01)
2026-09-17T10:50:44.3126693Z 
2026-09-17T10:50:44.3301835Z ##[group]Run python - <<'PY'
2026-09-17T10:50:44.3302147Z [36;1mpython - <<'PY'[0m
2026-09-17T10:50:44.3302372Z [36;1mimport subprocess[0m
2026-09-17T10:50:44.3302801Z [36;1mpaths = ['internal/poolbridge', 'integration/cometbft/poolapp',[0m
2026-09-17T10:50:44.3303229Z [36;1m         'integration/cometbft/labnet', 'integration/cometbft/cmd/zevune-network'][0m
2026-09-17T10:50:44.3303651Z [36;1mresult = subprocess.run(['gofmt', '-l', *paths], check=True,[0m
2026-09-17T10:50:44.3303982Z [36;1m                        stdout=subprocess.PIPE, text=True)[0m
2026-09-17T10:50:44.3304258Z [36;1mgo_diff_code = 0[0m
2026-09-17T10:50:44.3304476Z [36;1mif result.stdout.strip():[0m
2026-09-17T10:50:44.3304818Z [36;1m    go_diff_code = subprocess.run(['gofmt', '-d', *paths]).returncode[0m
2026-09-17T10:50:44.3305196Z [36;1mrust = subprocess.run(['cargo', '+1.98.1', 'fmt', '--manifest-path',[0m
2026-09-17T10:50:44.3305581Z [36;1m                       'integration/orchard/Cargo.toml', '--all', '--', '--check'])[0m
2026-09-17T10:50:44.3305958Z [36;1mraise SystemExit(bool(result.stdout.strip()) or go_diff_code != 0 or rust.returncode != 0)[0m
2026-09-17T10:50:44.3306272Z [36;1mPY[0m
2026-09-17T10:50:44.3328362Z shell: /usr/bin/bash -e {0}
2026-09-17T10:50:44.3328569Z env:
2026-09-17T10:50:44.3328727Z   GOTOOLCHAIN: local
2026-09-17T10:50:44.3328892Z ##[endgroup]
2026-09-17T10:50:44.5418464Z ##[group]Run go test -mod=readonly ./... -run '^$'
2026-09-17T10:50:44.5418787Z [36;1mgo test -mod=readonly ./... -run '^$'[0m
2026-09-17T10:50:44.5419006Z [36;1mcd integration/cometbft[0m
2026-09-17T10:50:44.5419264Z [36;1mgo test -mod=readonly -tags=pool_e2e,funded_e2e ./... -run '^$'[0m
2026-09-17T10:50:44.5419531Z [36;1mgit diff --exit-code[0m
2026-09-17T10:50:44.5440325Z shell: /usr/bin/bash -e {0}
2026-09-17T10:50:44.5440552Z env:
2026-09-17T10:50:44.5440714Z   GOTOOLCHAIN: local
2026-09-17T10:50:44.5440906Z ##[endgroup]
2026-09-17T10:50:44.7155968Z ?   	github.com/youq616/Zevune/cmd/latency-report	[no test files]
2026-09-17T10:50:44.8514121Z ?   	github.com/youq616/Zevune/cmd/zevuned	[no test files]
2026-09-17T10:50:45.1753902Z ok  	github.com/youq616/Zevune/internal/api	0.009s [no tests to run]
2026-09-17T10:50:45.1799656Z ok  	github.com/youq616/Zevune/internal/latency	0.007s [no tests to run]
2026-09-17T10:50:45.2134776Z ok  	github.com/youq616/Zevune/internal/ledger	0.012s [no tests to run]
2026-09-17T10:50:45.2258318Z ok  	github.com/youq616/Zevune/internal/merkle	0.015s [no tests to run]
2026-09-17T10:50:45.3679238Z ok  	github.com/youq616/Zevune/internal/orchardbridge	0.002s [no tests to run]
2026-09-17T10:50:45.4063016Z ok  	github.com/youq616/Zevune/internal/poolbridge	0.004s [no tests to run]
2026-09-17T10:50:45.4162958Z ok  	github.com/youq616/Zevune/internal/protocol	0.002s [no tests to run]
2026-09-17T10:50:55.4764114Z ok  	github.com/youq616/Zevune/integration/cometbft/app	0.030s [no tests to run]
2026-09-17T10:51:00.1822116Z ?   	github.com/youq616/Zevune/integration/cometbft/cmd/zevune-devnet	[no test files]
2026-09-17T10:51:01.1303838Z ok  	github.com/youq616/Zevune/integration/cometbft/cmd/zevune-network	0.017s [no tests to run]
2026-09-17T10:51:01.3698338Z ok  	github.com/youq616/Zevune/integration/cometbft/devnet	0.023s [no tests to run]
2026-09-17T10:51:01.4270394Z ok  	github.com/youq616/Zevune/integration/cometbft/labnet	0.013s [no tests to run]
2026-09-17T10:51:01.4282056Z ok  	github.com/youq616/Zevune/integration/cometbft/poolapp	0.014s [no tests to run]
2026-09-17T10:51:01.5654239Z Node 20 is being deprecated. This workflow is running with Node 24 by default. If you need to temporarily use Node 20, you can set the ACTIONS_ALLOW_USE_UNSECURE_NODE_VERSION=true environment variable. For more information see: https://github.blog/changelog/2025-09-19-deprecation-of-node-20-on-github-actions-runners/
2026-09-17T10:51:01.5655105Z Post job cleanup.
2026-09-17T10:51:01.6530366Z (node:6561) [DEP0040] DeprecationWarning: The `punycode` module is deprecated. Please use a userland alternative instead.
2026-09-17T10:51:01.6531112Z (Use `node --trace-deprecation ...` to show where the warning was created)
2026-09-17T10:51:01.6585457Z [command]/opt/hostedtoolcache/go/1.27.1/x64/bin/go env GOMODCACHE
2026-09-17T10:51:01.6624702Z [command]/opt/hostedtoolcache/go/1.27.1/x64/bin/go env GOCACHE
2026-09-17T10:51:01.6644665Z /home/runner/go/pkg/mod
2026-09-17T10:51:01.6662910Z /home/runner/.cache/go-build
2026-09-17T10:51:01.6667739Z Cache hit occurred on the primary key setup-go-Linux-x64-ubuntu24-go-1.27.1-ef6b0fbca0a8d0b6206b16c85f11c4a6c772908ae2660ca86a6b7ee95979c938, not saving cache.
2026-09-17T10:51:01.7602362Z Post job cleanup.
2026-09-17T10:51:01.8237064Z [command]/usr/bin/git version
2026-09-17T10:51:01.8274536Z git version 2.55.0
2026-09-17T10:51:01.8310027Z Temporarily overriding HOME='/home/runner/work/_temp/a25b8954-1cae-4fdd-8ff0-b44acb27eda4' before making global git config changes
2026-09-17T10:51:01.8310957Z Adding repository directory to the temporary git global config as a safe directory
2026-09-17T10:51:01.8315117Z [command]/usr/bin/git config --global --add safe.directory /home/runner/work/Zevune/Zevune
2026-09-17T10:51:01.8354809Z [command]/usr/bin/git config --local --name-only --get-regexp core\.sshCommand
2026-09-17T10:51:01.8390144Z [command]/usr/bin/git submodule foreach --recursive sh -c "git config --local --name-only --get-regexp 'core\.sshCommand' && git config --local --unset-all 'core.sshCommand' || :"
2026-09-17T10:51:01.8606143Z [command]/usr/bin/git config --local --name-only --get-regexp http\.https\:\/\/github\.com\/\.extraheader
2026-09-17T10:51:01.8633923Z [command]/usr/bin/git submodule foreach --recursive sh -c "git config --local --name-only --get-regexp 'http\.https\:\/\/github\.com\/\.extraheader' && git config --local --unset-all 'http.https://github.com/.extraheader' || :"
2026-09-17T10:51:01.8985606Z Cleaning up orphan processes
2026-09-17T10:51:01.9162137Z ##[warning]Node.js 20 is deprecated. The following actions target Node.js 20 but are being forced to run on Node.js 24: actions/setup-go@44694675825211faa026b3c33043df3e48a5fa00. For more information see: https://github.blog/changelog/2025-09-19-deprecation-of-node-20-on-github-actions-runners/
