2026-09-17T10:43:12.8529844Z Current runner version: '2.337.0'
2026-09-17T10:43:12.8551083Z ##[group]Runner Image Provisioner
2026-09-17T10:43:12.8551739Z Hosted Compute Agent
2026-09-17T10:43:12.8552194Z Version: 20260828.587
2026-09-17T10:43:12.8552681Z Commit: abac92662cab4cc7352de4f9f9d2e2419aad9c29
2026-09-17T10:43:12.8553231Z Build Date: 2026-08-28T16:44:25Z
2026-09-17T10:43:12.8553775Z Worker ID: {4544c7f4-ff16-46e9-9c6f-ea47666e4be4}
2026-09-17T10:43:12.8554331Z Azure Region: westus
2026-09-17T10:43:12.8554826Z ##[endgroup]
2026-09-17T10:43:12.8555967Z ##[group]Operating System
2026-09-17T10:43:12.8556952Z Microsoft Windows Server 2025
2026-09-17T10:43:12.8557628Z 10.0.26100
2026-09-17T10:43:12.8558027Z Datacenter
2026-09-17T10:43:12.8558440Z ##[endgroup]
2026-09-17T10:43:12.8558945Z ##[group]Runner Image
2026-09-17T10:43:12.8559472Z Image: windows-2025-vs2026
2026-09-17T10:43:12.8559962Z Version: 20260907.229.1
2026-09-17T10:43:12.8561208Z Included Software: https://github.com/actions/runner-images/blob/win25-vs2026/20260907.229/images/windows/Windows2025-VS2026-Readme.md
2026-09-17T10:43:12.8562471Z Image Release: https://github.com/actions/runner-images/releases/tag/win25-vs2026%2F20260907.229
2026-09-17T10:43:12.8563268Z ##[endgroup]
2026-09-17T10:43:12.8564115Z ##[group]GITHUB_TOKEN Permissions
2026-09-17T10:43:12.8565620Z Contents: read
2026-09-17T10:43:12.8566118Z Metadata: read
2026-09-17T10:43:12.8566529Z ##[endgroup]
2026-09-17T10:43:12.8568159Z Secret source: Actions
2026-09-17T10:43:12.8568867Z Cache mode: write
2026-09-17T10:43:12.8569444Z Prepare workflow directory
2026-09-17T10:43:12.8896341Z Prepare all required actions
2026-09-17T10:43:12.8952924Z Getting action download info
2026-09-17T10:43:13.2221397Z Download action repository 'actions/checkout@08c6903cd8c0fde910a37f88322edcfb5dd907a8' (SHA:08c6903cd8c0fde910a37f88322edcfb5dd907a8)
2026-09-17T10:43:13.8118343Z Complete job name: wallet (windows-latest)
2026-09-17T10:43:13.9470836Z ##[group]Run actions/checkout@08c6903cd8c0fde910a37f88322edcfb5dd907a8
2026-09-17T10:43:13.9472295Z with:
2026-09-17T10:43:13.9472655Z   persist-credentials: false
2026-09-17T10:43:13.9473073Z   repository: youq616/Zevune
2026-09-17T10:43:13.9476476Z   token: ***
2026-09-17T10:43:13.9476818Z   ssh-strict: true
2026-09-17T10:43:13.9477160Z   ssh-user: git
2026-09-17T10:43:13.9477485Z   clean: true
2026-09-17T10:43:13.9477846Z   sparse-checkout-cone-mode: true
2026-09-17T10:43:13.9478259Z   fetch-depth: 1
2026-09-17T10:43:13.9478588Z   fetch-tags: false
2026-09-17T10:43:13.9478967Z   show-progress: true
2026-09-17T10:43:13.9479324Z   lfs: false
2026-09-17T10:43:13.9479650Z   submodules: false
2026-09-17T10:43:13.9480026Z   set-safe-directory: true
2026-09-17T10:43:13.9480611Z env:
2026-09-17T10:43:13.9480926Z   RAYON_NUM_THREADS: 2
2026-09-17T10:43:13.9481294Z   CARGO_BUILD_JOBS: 2
2026-09-17T10:43:13.9481645Z ##[endgroup]
2026-09-17T10:43:14.0649463Z Syncing repository: youq616/Zevune
2026-09-17T10:43:14.0650913Z ##[group]Getting Git version info
2026-09-17T10:43:14.0651593Z Working directory is 'D:\a\Zevune\Zevune'
2026-09-17T10:43:14.1230230Z [command]"C:\Program Files\Git\bin\git.exe" version
2026-09-17T10:43:14.9140436Z git version 2.55.0.windows.5
2026-09-17T10:43:14.9182942Z ##[endgroup]
2026-09-17T10:43:14.9200082Z Temporarily overriding HOME='D:\a\_temp\66755836-51fd-4b1b-a822-dc0343c6a780' before making global git config changes
2026-09-17T10:43:14.9203177Z Adding repository directory to the temporary git global config as a safe directory
2026-09-17T10:43:14.9209014Z [command]"C:\Program Files\Git\bin\git.exe" config --global --add safe.directory D:\a\Zevune\Zevune
2026-09-17T10:43:15.0249235Z Deleting the contents of 'D:\a\Zevune\Zevune'
2026-09-17T10:43:15.0254115Z ##[group]Initializing the repository
2026-09-17T10:43:15.0262193Z [command]"C:\Program Files\Git\bin\git.exe" init D:\a\Zevune\Zevune
2026-09-17T10:43:15.1169217Z Initialized empty Git repository in D:/a/Zevune/Zevune/.git/
2026-09-17T10:43:15.1209056Z [command]"C:\Program Files\Git\bin\git.exe" remote add origin https://github.com/youq616/Zevune
2026-09-17T10:43:15.1801092Z ##[endgroup]
2026-09-17T10:43:15.1803050Z ##[group]Disabling automatic garbage collection
2026-09-17T10:43:15.1805449Z [command]"C:\Program Files\Git\bin\git.exe" config --local gc.auto 0
2026-09-17T10:43:15.2029310Z ##[endgroup]
2026-09-17T10:43:15.2030667Z ##[group]Setting up auth
2026-09-17T10:43:15.2038211Z [command]"C:\Program Files\Git\bin\git.exe" config --local --name-only --get-regexp core\.sshCommand
2026-09-17T10:43:15.2265893Z [command]"C:\Program Files\Git\bin\git.exe" submodule foreach --recursive "sh -c \"git config --local --name-only --get-regexp 'core\.sshCommand' && git config --local --unset-all 'core.sshCommand' || :\""
2026-09-17T10:43:17.4438254Z [command]"C:\Program Files\Git\bin\git.exe" config --local --name-only --get-regexp http\.https\:\/\/github\.com\/\.extraheader
2026-09-17T10:43:17.4678315Z [command]"C:\Program Files\Git\bin\git.exe" submodule foreach --recursive "sh -c \"git config --local --name-only --get-regexp 'http\.https\:\/\/github\.com\/\.extraheader' && git config --local --unset-all 'http.https://github.com/.extraheader' || :\""
2026-09-17T10:43:17.8786879Z [command]"C:\Program Files\Git\bin\git.exe" config --local http.https://github.com/.extraheader "AUTHORIZATION: basic ***"
2026-09-17T10:43:17.9022551Z ##[endgroup]
2026-09-17T10:43:17.9023195Z ##[group]Fetching the repository
2026-09-17T10:43:17.9033384Z [command]"C:\Program Files\Git\bin\git.exe" -c protocol.version=2 fetch --no-tags --prune --no-recurse-submodules --depth=1 origin +00d4442b12cb72344ffa5bea101eb7142ab03270:refs/remotes/pull/13/merge
2026-09-17T10:43:20.2699577Z From https://github.com/youq616/Zevune
2026-09-17T10:43:20.2700027Z  * [new ref]         00d4442b12cb72344ffa5bea101eb7142ab03270 -> pull/13/merge
2026-09-17T10:43:20.2734660Z ##[endgroup]
2026-09-17T10:43:20.2737271Z ##[group]Determining the checkout info
2026-09-17T10:43:20.2737888Z ##[endgroup]
2026-09-17T10:43:20.2745582Z [command]"C:\Program Files\Git\bin\git.exe" sparse-checkout disable
2026-09-17T10:43:20.3156299Z [command]"C:\Program Files\Git\bin\git.exe" config --local --unset-all extensions.worktreeConfig
2026-09-17T10:43:20.3385098Z ##[group]Checking out the ref
2026-09-17T10:43:20.3392435Z [command]"C:\Program Files\Git\bin\git.exe" checkout --progress --force refs/remotes/pull/13/merge
2026-09-17T10:43:20.5290132Z Note: switching to 'refs/remotes/pull/13/merge'.
2026-09-17T10:43:20.5290409Z 
2026-09-17T10:43:20.5290587Z You are in 'detached HEAD' state. You can look around, make experimental
2026-09-17T10:43:20.5290961Z changes and commit them, and you can discard any commits you make in this
2026-09-17T10:43:20.5291316Z state without impacting any branches by switching back to a branch.
2026-09-17T10:43:20.5291530Z 
2026-09-17T10:43:20.5291701Z If you want to create a new branch to retain commits you create, you may
2026-09-17T10:43:20.5292036Z do so (now or later) by using -c with the switch command. Example:
2026-09-17T10:43:20.5292243Z 
2026-09-17T10:43:20.5292444Z   git switch -c <new-branch-name>
2026-09-17T10:43:20.5292599Z 
2026-09-17T10:43:20.5292684Z Or undo this operation with:
2026-09-17T10:43:20.5292807Z 
2026-09-17T10:43:20.5292869Z   git switch -
2026-09-17T10:43:20.5292999Z 
2026-09-17T10:43:20.5293164Z Turn off this advice by setting config variable advice.detachedHead to false
2026-09-17T10:43:20.5293394Z 
2026-09-17T10:43:20.5293699Z HEAD is now at 00d4442 Merge de474720431daf33afd4a7ebc32de2d230344a5a into 6913d4ab2fda6956db37e0ceb49790a4518c2762
2026-09-17T10:43:20.5420724Z ##[endgroup]
2026-09-17T10:43:20.5730962Z [command]"C:\Program Files\Git\bin\git.exe" log -1 --format=%H
2026-09-17T10:43:20.5934661Z 00d4442b12cb72344ffa5bea101eb7142ab03270
2026-09-17T10:43:20.5967465Z ##[group]Removing auth
2026-09-17T10:43:20.5974666Z [command]"C:\Program Files\Git\bin\git.exe" config --local --name-only --get-regexp core\.sshCommand
2026-09-17T10:43:20.6217618Z [command]"C:\Program Files\Git\bin\git.exe" submodule foreach --recursive "sh -c \"git config --local --name-only --get-regexp 'core\.sshCommand' && git config --local --unset-all 'core.sshCommand' || :\""
2026-09-17T10:43:21.0766123Z [command]"C:\Program Files\Git\bin\git.exe" config --local --name-only --get-regexp http\.https\:\/\/github\.com\/\.extraheader
2026-09-17T10:43:21.0961204Z http.https://github.com/.extraheader
2026-09-17T10:43:21.0994639Z [command]"C:\Program Files\Git\bin\git.exe" config --local --unset-all http.https://github.com/.extraheader
2026-09-17T10:43:21.1224465Z [command]"C:\Program Files\Git\bin\git.exe" submodule foreach --recursive "sh -c \"git config --local --name-only --get-regexp 'http\.https\:\/\/github\.com\/\.extraheader' && git config --local --unset-all 'http.https://github.com/.extraheader' || :\""
2026-09-17T10:43:21.5515537Z ##[endgroup]
2026-09-17T10:43:21.5931807Z ##[group]Run rustup toolchain install 1.98.1 --profile minimal --component rustfmt --component clippy
2026-09-17T10:43:21.5932510Z [36;1mrustup toolchain install 1.98.1 --profile minimal --component rustfmt --component clippy[0m
2026-09-17T10:43:21.5947518Z shell: C:\Program Files\Git\bin\bash.EXE --noprofile --norc -e -o pipefail {0}
2026-09-17T10:43:21.5947820Z env:
2026-09-17T10:43:21.5947960Z   RAYON_NUM_THREADS: 2
2026-09-17T10:43:21.5948120Z   CARGO_BUILD_JOBS: 2
2026-09-17T10:43:21.5948271Z ##[endgroup]
2026-09-17T10:43:22.8656288Z info: syncing channel updates for 1.98.1-x86_64-pc-windows-msvc
2026-09-17T10:43:23.5488654Z info: latest update on 2026-09-03 for version 1.98.1 (48a229cea 2026-09-01)
2026-09-17T10:43:23.5636701Z info: downloading 5 components
2026-09-17T10:43:32.9466331Z 
2026-09-17T10:43:32.9721507Z   1.98.1-x86_64-pc-windows-msvc installed - rustc 1.98.1 (48a229cea 2026-09-01)
2026-09-17T10:43:32.9721796Z 
2026-09-17T10:43:32.9928267Z ##[group]Run rustc --version
2026-09-17T10:43:32.9928547Z [36;1mrustc --version[0m
2026-09-17T10:43:32.9928737Z [36;1mcargo fmt --all -- --check[0m
2026-09-17T10:43:32.9929013Z [36;1mcargo metadata --locked --format-version=1 > /dev/null[0m
2026-09-17T10:43:32.9929277Z [36;1mgit diff --exit-code[0m
2026-09-17T10:43:32.9939624Z shell: C:\Program Files\Git\bin\bash.EXE --noprofile --norc -e -o pipefail {0}
2026-09-17T10:43:32.9939929Z env:
2026-09-17T10:43:32.9940071Z   RAYON_NUM_THREADS: 2
2026-09-17T10:43:32.9940234Z   CARGO_BUILD_JOBS: 2
2026-09-17T10:43:32.9940384Z ##[endgroup]
2026-09-17T10:43:34.2120452Z rustc 1.98.1 (48a229cea 2026-09-01)
2026-09-17T10:43:37.0719662Z     Updating crates.io index
2026-09-17T10:43:37.4333508Z  Downloading crates ...
2026-09-17T10:43:37.5015214Z   Downloaded crypto-common v0.1.7
2026-09-17T10:43:37.5112970Z   Downloaded aead v0.5.2
2026-09-17T10:43:37.5240264Z   Downloaded cpufeatures v0.2.17
2026-09-17T10:43:37.5425390Z   Downloaded funty v2.0.0
2026-09-17T10:43:37.5486349Z   Downloaded universal-hash v0.5.1
2026-09-17T10:43:37.5554835Z   Downloaded autocfg v1.5.1
2026-09-17T10:43:37.5897552Z   Downloaded base64ct v1.8.3
2026-09-17T10:43:37.6117527Z   Downloaded const-crc32-nostd v1.3.1
2026-09-17T10:43:37.6212819Z   Downloaded document-features v0.2.12
2026-09-17T10:43:37.6458246Z   Downloaded embedded-io v0.6.1
2026-09-17T10:43:37.6568068Z   Downloaded subtle v2.6.1
2026-09-17T10:43:37.6652403Z   Downloaded cfg-if v1.0.4
2026-09-17T10:43:37.6788846Z   Downloaded unicode-ident v1.0.24
2026-09-17T10:43:37.6995849Z   Downloaded visibility v0.1.1
2026-09-17T10:43:37.7129549Z   Downloaded zeroize_derive v1.5.0
2026-09-17T10:43:37.7200906Z   Downloaded blake2 v0.10.6
2026-09-17T10:43:37.8100446Z   Downloaded getset v0.1.7
2026-09-17T10:43:37.8287127Z   Downloaded uint v0.9.5
2026-09-17T10:43:37.8377515Z   Downloaded tracing-attributes v0.1.31
2026-09-17T10:43:37.8657003Z   Downloaded crossbeam-deque v0.8.8
2026-09-17T10:43:37.8754701Z   Downloaded either v1.18.0
2026-09-17T10:43:37.8875732Z   Downloaded fpe v0.6.1
2026-09-17T10:43:37.9036976Z   Downloaded maybe-rayon v0.1.1
2026-09-17T10:43:37.9102889Z   Downloaded tap v1.0.1
2026-09-17T10:43:37.9728598Z   Downloaded zip32 v0.2.1
2026-09-17T10:43:38.0111470Z   Downloaded base16ct v0.2.0
2026-09-17T10:43:38.0211318Z   Downloaded byteorder v1.5.0
2026-09-17T10:43:38.0312766Z   Downloaded chacha20poly1305 v0.10.1
2026-09-17T10:43:38.0406468Z   Downloaded crossbeam-epoch v0.9.21
2026-09-17T10:43:38.0684312Z   Downloaded crossbeam-utils v0.8.23
2026-09-17T10:43:38.1297955Z   Downloaded digest v0.10.7
2026-09-17T10:43:38.1485169Z   Downloaded ff v0.13.1
2026-09-17T10:43:38.1589927Z   Downloaded generic-array v0.14.7
2026-09-17T10:43:38.1769875Z   Downloaded hex v0.4.3
2026-09-17T10:43:38.1877426Z   Downloaded inout v0.1.4
2026-09-17T10:43:38.1959182Z   Downloaded jubjub v0.10.0
2026-09-17T10:43:38.2261518Z   Downloaded once_cell v1.21.4
2026-09-17T10:43:38.2521583Z   Downloaded password-hash v0.5.0
2026-09-17T10:43:38.2660843Z   Downloaded poly1305 v0.8.0
2026-09-17T10:43:38.2869854Z   Downloaded radium v0.7.0
2026-09-17T10:43:38.2944341Z   Downloaded semver v1.0.28
2026-09-17T10:43:38.3179893Z   Downloaded sinsemilla v0.1.0
2026-09-17T10:43:38.3304162Z   Downloaded stable_deref_trait v1.2.1
2026-09-17T10:43:38.3372885Z   Downloaded zcash_spec v0.2.1
2026-09-17T10:43:38.3469093Z   Downloaded aes v0.8.4
2026-09-17T10:43:38.8102456Z   Downloaded arrayvec v0.7.8
2026-09-17T10:43:38.8345812Z   Downloaded bech32 v0.11.1
2026-09-17T10:43:38.8643431Z   Downloaded crunchy v0.2.4
2026-09-17T10:43:38.8829080Z   Downloaded derive-getters v0.5.0
2026-09-17T10:43:38.9272125Z   Downloaded embedded-io v0.4.0
2026-09-17T10:43:38.9396324Z   Downloaded frost-core v3.0.0
2026-09-17T10:43:38.9911895Z   Downloaded libm v0.2.16
2026-09-17T10:43:39.0944537Z   Downloaded num-bigint v0.4.8
2026-09-17T10:43:39.1419979Z   Downloaded thiserror-impl v2.0.20
2026-09-17T10:43:39.1554295Z   Downloaded version_check v0.9.5
2026-09-17T10:43:39.1649616Z   Downloaded wyz v0.5.1
2026-09-17T10:43:39.1786147Z   Downloaded zcash_note_encryption v0.4.2
2026-09-17T10:43:39.1927684Z   Downloaded zeroize v1.9.0
2026-09-17T10:43:39.2027217Z   Downloaded argon2 v0.5.3
2026-09-17T10:43:39.2152804Z   Downloaded bls12_381 v0.8.0
2026-09-17T10:43:39.2667238Z   Downloaded cbc v0.1.2
2026-09-17T10:43:39.2862171Z   Downloaded thiserror v2.0.20
2026-09-17T10:43:39.3552545Z   Downloaded wasi v0.11.1+wasi-snapshot-preview1
2026-09-17T10:43:39.3701177Z   Downloaded zerocopy-derive v0.8.57
2026-09-17T10:43:39.5287902Z   Downloaded tracing-core v0.1.36
2026-09-17T10:43:39.5948685Z   Downloaded atomic-polyfill v1.0.3
2026-09-17T10:43:39.6565952Z   Downloaded frost-rerandomized v3.0.0
2026-09-17T10:43:39.6634330Z   Downloaded lazy_static v1.5.0
2026-09-17T10:43:39.6784752Z   Downloaded typenum v1.20.1
2026-09-17T10:43:39.7505011Z   Downloaded cipher v0.4.4
2026-09-17T10:43:39.7630340Z   Downloaded getrandom v0.2.17
2026-09-17T10:43:39.8483927Z   Downloaded halo2_legacy_pdqsort v0.1.0
2026-09-17T10:43:39.8572627Z   Downloaded hash32 v0.2.1
2026-09-17T10:43:39.8731062Z   Downloaded litrs v1.0.0
2026-09-17T10:43:39.8943789Z   Downloaded num-traits v0.2.19
2026-09-17T10:43:39.9212835Z   Downloaded rand v0.8.5
2026-09-17T10:43:40.0025351Z   Downloaded syn v2.0.119
2026-09-17T10:43:40.7719630Z   Downloaded corez v0.1.1
2026-09-17T10:43:40.7857336Z   Downloaded indexmap v1.9.3
2026-09-17T10:43:40.8648778Z   Downloaded postcard v1.1.3
2026-09-17T10:43:41.0377460Z   Downloaded rustc_version v0.4.1
2026-09-17T10:43:41.0865853Z   Downloaded zerocopy v0.8.57
2026-09-17T10:43:43.6304149Z   Downloaded memuse v0.2.2
2026-09-17T10:43:43.6459526Z   Downloaded spin v0.9.9
2026-09-17T10:43:43.8672113Z   Downloaded syn v3.0.5
2026-09-17T10:43:46.4716117Z   Downloaded lock_api v0.4.14
2026-09-17T10:43:46.5920047Z   Downloaded proc-macro2 v1.0.107
2026-09-17T10:43:46.7890534Z   Downloaded tracing v0.1.44
2026-09-17T10:43:47.1429819Z   Downloaded chacha20 v0.9.1
2026-09-17T10:43:47.1621172Z   Downloaded incrementalmerkletree v0.8.1
2026-09-17T10:43:47.1710989Z   Downloaded num-integer v0.1.47
2026-09-17T10:43:47.1861124Z   Downloaded quote v1.0.47
2026-09-17T10:43:47.2212416Z   Downloaded serdect v0.2.0
2026-09-17T10:43:47.2456311Z   Downloaded nonempty v0.11.0
2026-09-17T10:43:47.2775020Z   Downloaded opaque-debug v0.3.1
2026-09-17T10:43:47.2866219Z   Downloaded rand_chacha v0.3.1
2026-09-17T10:43:47.2982949Z   Downloaded scopeguard v1.2.0
2026-09-17T10:43:47.3165134Z   Downloaded block-buffer v0.10.4
2026-09-17T10:43:47.3479486Z   Downloaded cobs v0.3.0
2026-09-17T10:43:47.3601365Z   Downloaded reddsa v0.5.2
2026-09-17T10:43:47.4450414Z   Downloaded ppv-lite86 v0.2.21
2026-09-17T10:43:47.4539298Z   Downloaded static_assertions v1.1.0
2026-09-17T10:43:47.4700113Z   Downloaded sha2 v0.10.9
2026-09-17T10:43:47.5851138Z   Downloaded constant_time_eq v0.4.2
2026-09-17T10:43:47.6119927Z   Downloaded group v0.13.0
2026-09-17T10:43:47.6298356Z   Downloaded rand_core v0.6.4
2026-09-17T10:43:47.6429743Z   Downloaded heapless v0.7.17
2026-09-17T10:43:47.6714185Z   Downloaded pin-project-lite v0.2.17
2026-09-17T10:43:47.7991054Z   Downloaded critical-section v1.2.0
2026-09-17T10:43:47.8132898Z   Downloaded halo2_poseidon v0.1.0
2026-09-17T10:43:47.8246815Z   Downloaded serde_core v1.0.229
2026-09-17T10:43:47.8518945Z   Downloaded blake2b_simd v1.0.5
2026-09-17T10:43:47.8626849Z   Downloaded serde_derive v1.0.229
2026-09-17T10:43:47.8944738Z   Downloaded itertools v0.14.0
2026-09-17T10:43:47.9723675Z   Downloaded rayon-core v1.13.0
2026-09-17T10:43:48.0829687Z   Downloaded halo2_gadgets v0.5.0
2026-09-17T10:43:48.3189073Z   Downloaded serde v1.0.229
2026-09-17T10:43:48.3477284Z   Downloaded pasta_curves v0.5.2
2026-09-17T10:43:48.3929675Z   Downloaded hashbrown v0.12.3
2026-09-17T10:43:48.4169964Z   Downloaded rayon v1.12.0
2026-09-17T10:43:49.4233789Z   Downloaded bitvec v1.1.1
2026-09-17T10:43:49.8788206Z   Downloaded orchard v0.15.5
2026-09-17T10:43:50.4276230Z   Downloaded libc v0.2.189
2026-09-17T10:43:54.2517222Z   Downloaded halo2_proofs v0.3.5
2026-09-17T10:43:54.7369589Z ##[group]Run cargo test --locked --release -- --nocapture --test-threads=1
2026-09-17T10:43:54.7370054Z [36;1mcargo test --locked --release -- --nocapture --test-threads=1[0m
2026-09-17T10:43:54.7379798Z shell: C:\Program Files\Git\bin\bash.EXE --noprofile --norc -e -o pipefail {0}
2026-09-17T10:43:54.7380101Z env:
2026-09-17T10:43:54.7380240Z   RAYON_NUM_THREADS: 2
2026-09-17T10:43:54.7380414Z   CARGO_BUILD_JOBS: 2
2026-09-17T10:43:54.7380567Z ##[endgroup]
2026-09-17T10:43:55.0103183Z    Compiling cfg-if v1.0.4
2026-09-17T10:43:55.0103812Z    Compiling proc-macro2 v1.0.107
2026-09-17T10:43:55.0544981Z    Compiling getrandom v0.2.17
2026-09-17T10:43:55.1850665Z    Compiling rand_core v0.6.4
2026-09-17T10:43:55.3748482Z    Compiling quote v1.0.47
2026-09-17T10:44:00.8160586Z    Compiling unicode-ident v1.0.24
2026-09-17T10:44:00.9268140Z    Compiling subtle v2.6.1
2026-09-17T10:44:01.0448120Z    Compiling version_check v0.9.5
2026-09-17T10:44:01.3120043Z    Compiling generic-array v0.14.7
2026-09-17T10:44:01.7913060Z    Compiling typenum v1.20.1
2026-09-17T10:44:01.8940732Z    Compiling syn v2.0.119
2026-09-17T10:44:03.0092134Z    Compiling crypto-common v0.1.7
2026-09-17T10:44:03.0874244Z    Compiling radium v0.7.0
2026-09-17T10:44:03.2956722Z    Compiling tap v1.0.1
2026-09-17T10:44:03.3756673Z    Compiling wyz v0.5.1
2026-09-17T10:44:03.7005118Z    Compiling zerocopy v0.8.57
2026-09-17T10:44:03.9987984Z    Compiling autocfg v1.5.1
2026-09-17T10:44:04.3061952Z    Compiling funty v2.0.0
2026-09-17T10:44:05.5183194Z    Compiling bitvec v1.1.1
2026-09-17T10:44:06.3607347Z    Compiling zeroize_derive v1.5.0
2026-09-17T10:44:07.7520644Z    Compiling ff v0.13.1
2026-09-17T10:44:07.8537501Z    Compiling zeroize v1.9.0
2026-09-17T10:44:07.9864432Z    Compiling memuse v0.2.2
2026-09-17T10:44:08.1086673Z    Compiling crossbeam-utils v0.8.23
2026-09-17T10:44:08.3557864Z    Compiling constant_time_eq v0.4.2
2026-09-17T10:44:08.4877205Z    Compiling arrayvec v0.7.8
2026-09-17T10:44:08.7046755Z    Compiling blake2b_simd v1.0.5
2026-09-17T10:44:10.3395730Z    Compiling ppv-lite86 v0.2.21
2026-09-17T10:44:10.6424325Z    Compiling crossbeam-epoch v0.9.21
2026-09-17T10:44:11.3250190Z    Compiling rand_chacha v0.3.1
2026-09-17T10:44:11.3498839Z    Compiling group v0.13.0
2026-09-17T10:44:11.4984109Z    Compiling inout v0.1.4
2026-09-17T10:44:11.5841649Z    Compiling crossbeam-deque v0.8.8
2026-09-17T10:44:11.7738628Z    Compiling cpufeatures v0.2.17
2026-09-17T10:44:11.8105422Z    Compiling static_assertions v1.1.0
2026-09-17T10:44:11.8494099Z    Compiling spin v0.9.9
2026-09-17T10:44:11.9268222Z    Compiling lazy_static v1.5.0
2026-09-17T10:44:11.9832035Z    Compiling cipher v0.4.4
2026-09-17T10:44:12.0212254Z    Compiling rand v0.8.5
2026-09-17T10:44:12.5736966Z    Compiling rayon-core v1.13.0
2026-09-17T10:44:12.7097011Z    Compiling pasta_curves v0.5.2
2026-09-17T10:44:12.9198508Z    Compiling num-traits v0.2.19
2026-09-17T10:44:13.0495068Z    Compiling syn v3.0.5
2026-09-17T10:44:15.0911794Z    Compiling either v1.18.0
2026-09-17T10:44:16.9739223Z    Compiling indexmap v1.9.3
2026-09-17T10:44:17.1038011Z    Compiling crunchy v0.2.4
2026-09-17T10:44:17.2674408Z    Compiling serde_core v1.0.229
2026-09-17T10:44:17.4696762Z    Compiling once_cell v1.21.4
2026-09-17T10:44:17.6396887Z    Compiling tracing-core v0.1.36
2026-09-17T10:44:18.7567116Z    Compiling rayon v1.12.0
2026-09-17T10:44:21.5614635Z    Compiling tracing-attributes v0.1.31
2026-09-17T10:44:22.6746270Z    Compiling universal-hash v0.5.1
2026-09-17T10:44:22.7462944Z    Compiling block-buffer v0.10.4
2026-09-17T10:44:22.8449465Z    Compiling hex v0.4.3
2026-09-17T10:44:23.0682752Z    Compiling serde v1.0.229
2026-09-17T10:44:23.2749065Z    Compiling libm v0.2.16
2026-09-17T10:44:23.4735198Z    Compiling opaque-debug v0.3.1
2026-09-17T10:44:23.5056870Z    Compiling pin-project-lite v0.2.17
2026-09-17T10:44:23.5572190Z    Compiling hashbrown v0.12.3
2026-09-17T10:44:24.0196224Z    Compiling byteorder v1.5.0
2026-09-17T10:44:24.2154669Z    Compiling thiserror v2.0.20
2026-09-17T10:44:25.1686895Z    Compiling tracing v0.1.44
2026-09-17T10:44:25.4865548Z    Compiling poly1305 v0.8.0
2026-09-17T10:44:26.1767062Z    Compiling digest v0.10.7
2026-09-17T10:44:26.3630936Z    Compiling num-integer v0.1.47
2026-09-17T10:44:26.8459739Z    Compiling maybe-rayon v0.1.1
2026-09-17T10:44:28.9018427Z    Compiling serde_derive v1.0.229
2026-09-17T10:44:31.4053081Z    Compiling thiserror-impl v2.0.20
2026-09-17T10:44:32.3978330Z    Compiling chacha20 v0.9.1
2026-09-17T10:44:32.5696093Z    Compiling bls12_381 v0.8.0
2026-09-17T10:44:33.0543380Z    Compiling aead v0.5.2
2026-09-17T10:44:33.1684892Z    Compiling halo2_legacy_pdqsort v0.1.0
2026-09-17T10:44:33.2654040Z    Compiling halo2_proofs v0.3.5
2026-09-17T10:44:38.5519735Z    Compiling chacha20poly1305 v0.10.1
2026-09-17T10:44:38.6344952Z    Compiling jubjub v0.10.0
2026-09-17T10:44:42.1217573Z    Compiling uint v0.9.5
2026-09-17T10:44:42.1850265Z    Compiling num-bigint v0.4.8
2026-09-17T10:44:44.1299041Z    Compiling halo2_poseidon v0.1.0
2026-09-17T10:44:44.8569168Z    Compiling sinsemilla v0.1.0
2026-09-17T10:44:46.1487880Z    Compiling cbc v0.1.2
2026-09-17T10:44:46.2497651Z    Compiling zcash_spec v0.2.1
2026-09-17T10:44:46.3330076Z    Compiling base64ct v1.8.3
2026-09-17T10:44:46.5737113Z    Compiling bech32 v0.11.1
2026-09-17T10:44:46.7771130Z    Compiling password-hash v0.5.0
2026-09-17T10:44:47.0287975Z    Compiling zip32 v0.2.1
2026-09-17T10:44:47.4918961Z    Compiling fpe v0.6.1
2026-09-17T10:44:47.8682961Z    Compiling halo2_gadgets v0.5.0
2026-09-17T10:44:48.4215358Z    Compiling reddsa v0.5.2
2026-09-17T10:44:48.7752614Z    Compiling zcash_note_encryption v0.4.2
2026-09-17T10:44:48.9836273Z    Compiling blake2 v0.10.6
2026-09-17T10:44:49.4799283Z    Compiling incrementalmerkletree v0.8.1
2026-09-17T10:44:49.6591007Z    Compiling aes v0.8.4
2026-09-17T10:44:50.7301043Z    Compiling visibility v0.1.1
2026-09-17T10:44:50.9480658Z    Compiling getset v0.1.7
2026-09-17T10:44:51.4800242Z    Compiling corez v0.1.1
2026-09-17T10:44:51.5175201Z    Compiling nonempty v0.11.0
2026-09-17T10:44:51.6438663Z    Compiling argon2 v0.5.3
2026-09-17T10:44:52.7218257Z    Compiling orchard v0.15.5
2026-09-17T10:44:54.6895803Z    Compiling sha2 v0.10.9
2026-09-17T10:44:56.3374835Z    Compiling zevune-orchard-lab v0.1.0 (D:\a\Zevune\Zevune\integration\orchard)
2026-09-17T10:47:01.8379480Z     Finished `release` profile [optimized] target(s) in 3m 07s
2026-09-17T10:47:01.8483722Z      Running unittests src\lib.rs (target\release\deps\zevune_orchard_lab-8c28cc35c6365faf.exe)
2026-09-17T10:47:01.8583630Z 
2026-09-17T10:47:01.8584077Z running 133 tests
2026-09-17T10:47:01.8823115Z test pool::active::tests::another_process_cannot_open_held_genesis_lock ... ok
2026-09-17T10:47:01.8823921Z test pool::active::tests::budgets_include_framing_total_tail_and_the_independent_segment_cap ... ok
2026-09-17T10:47:01.9316180Z test pool::active::tests::captured_reader_requires_each_real_eof_and_poisoned_readers_cannot_resume ... ok
2026-09-17T10:47:01.9441581Z test pool::active::tests::create_is_exclusive_bounded_and_preserves_existing_bytes ... ok
2026-09-17T10:47:01.9703088Z test pool::active::tests::early_rotation_and_split_frames_are_rejected_even_with_valid_checksums ... ok
2026-09-17T10:47:02.2018171Z test pool::active::tests::failed_next_segment_publication_keeps_all_sealed_prefix_bytes_and_no_repair ... ok
2026-09-17T10:47:02.2721533Z test pool::active::tests::full_segment_and_next_frame_rotate_canonically_without_crossing ... ok
2026-09-17T10:47:02.4568177Z test pool::active::tests::interruption_leaves_metadata_unchanged_and_preserves_the_recoverable_prefix ... ok
2026-09-17T10:47:02.4721670Z test pool::active::tests::malformed_frame_and_capacity_rejection_create_no_files_or_bytes ... ok
2026-09-17T10:47:02.4985966Z test pool::active::tests::readers_retain_the_exclusive_root_lock_and_have_independent_positions ... ok
2026-09-17T10:47:02.5406612Z test pool::active::tests::unknown_entry_after_open_is_not_ignored_or_removed ... ok
2026-09-17T10:47:02.6123233Z test pool::active::tests::unknown_missing_empty_and_truncated_segments_fail_closed_without_repair ... ok
2026-09-17T10:47:02.6304130Z test pool::active::tests::windows_retained_handles_block_file_and_directory_rename_until_drop ... ok
2026-09-17T10:47:02.6366973Z test pool::capacity_tests::capacity_accounting_matches_the_actual_record_encoder ... ok
2026-09-17T10:47:04.9507817Z test pool::capacity_tests::capacity_commit_rechecks_the_budget_and_preserves_the_source ... ok
2026-09-17T10:47:04.9663459Z test pool::capacity_tests::capacity_exact_empty_frame_commits_reopens_and_stops_cleanly ... ok
2026-09-17T10:47:04.9736072Z test pool::capacity_tests::capacity_invalid_instance_still_fails_closed ... ok
2026-09-17T10:47:04.9737969Z test pool::capacity_tests::capacity_invalid_lengths_counts_and_overflow_are_rejected ... ok
2026-09-17T10:47:04.9832435Z test pool::capacity_tests::capacity_prepare_rejects_before_unpersistable_empty_block ... ok
2026-09-17T10:47:04.9904511Z test pool::capacity_tests::capacity_rejects_before_attempting_any_candidate_authorization ... ok
2026-09-17T10:47:04.9971394Z test pool::capacity_tests::capacity_selection_requires_space_for_even_an_empty_record ... ok
2026-09-17T10:47:04.9973295Z test pool::recovery::active::tests::checkpoint_codec_has_exact_length_distinct_magic_and_bounded_arithmetic ... ok
2026-09-17T10:47:05.0359730Z test pool::recovery::active::tests::checkpoint_export_preserves_prepared_work_and_never_certifies_uncommitted_bytes ... ok
2026-09-17T10:47:05.0929993Z test pool::recovery::active::tests::checkpoint_export_replays_same_length_replacement_and_never_publishes_its_state ... ok
2026-09-17T10:47:05.1290983Z test pool::recovery::active::tests::creating_a_target_is_exclusive_and_source_validation_precedes_creation ... ok
2026-09-17T10:47:05.1387838Z test pool::recovery::active::tests::exported_genesis_checkpoint_matches_independent_fixed_layout_vector ... ok
2026-09-17T10:47:05.3575669Z test pool::recovery::active::tests::final_source_and_target_namespace_changes_cannot_return_success ... ok
2026-09-17T10:47:05.5285235Z test pool::recovery::active::tests::genesis_and_committed_archive_copies_preserve_every_file_and_continue_normally ... ok
2026-09-17T10:47:05.5608942Z test pool::recovery::active::tests::incompatible_checkpoint_profiles_reject_without_poisoning_healthy_stores ... ok
2026-09-17T10:47:12.6448787Z test pool::recovery::active::tests::namespace_tests::active_archive_locks_coordinate_real_processes ... ok
2026-09-17T10:47:12.6959010Z test pool::recovery::active::tests::namespace_tests::failed_open_releases_all_acquired_file_and_directory_handles ... ok
2026-09-17T10:47:12.9741764Z test pool::recovery::active::tests::namespace_tests::readonly_source_files_copy_into_a_normally_writable_active_directory ... ok
2026-09-17T10:47:12.9948192Z test pool::recovery::active::tests::namespace_tests::unknown_entry_after_open_prevents_verification_and_creates_no_target ... ok
2026-09-17T10:47:13.0272420Z test pool::recovery::active::tests::namespace_tests::windows_files_and_directory_cannot_be_renamed_or_deleted_until_last_reader_drops ... ok
2026-09-17T10:47:13.2600825Z test pool::recovery::active::tests::partial_copies_and_lost_acknowledgements_preserve_targets_without_retry_or_repair ... ok
2026-09-17T10:47:13.3115757Z test pool::recovery::active::tests::repinned_headers_are_bounded_inside_the_physical_genesis_file ... ok
2026-09-17T10:47:13.4597066Z test pool::recovery::active::tests::repinned_layout_still_requires_complete_frames_canonical_rotation_and_real_state ... ok
2026-09-17T10:47:13.5459055Z test pool::recovery::active::tests::retained_replay_binds_the_independently_expected_genesis_after_a_same_length_change ... ok
2026-09-17T10:47:13.7435813Z test pool::recovery::segments::index::tests::all_records_locate_correctly_across_real_production_segment_boundaries ... ok
2026-09-17T10:47:13.7998464Z test pool::recovery::segments::index::tests::both_profiles_have_exact_height_locations_and_unchanged_source ... ok
2026-09-17T10:47:13.9019286Z test pool::recovery::segments::index::tests::changed_captured_length_and_wrong_pinned_tip_are_rejected ... ok
2026-09-17T10:47:13.9020944Z test pool::recovery::segments::index::tests::exact_segment_end_is_not_attributed_to_a_nonexistent_next_segment ... ok
2026-09-17T10:47:13.9223125Z test pool::recovery::segments::index::tests::genesis_only_has_no_phantom_record ... ok
2026-09-17T10:47:13.9233730Z test pool::recovery::segments::index::tests::index_builder_rejects_gaps_overlaps_wrong_heights_hashes_and_bombs ... ok
2026-09-17T10:47:13.9472168Z test pool::recovery::segments::index::tests::metadata_or_late_replay_failure_never_yields_a_prefix_index ... ok
2026-09-17T10:47:13.9473779Z test pool::recovery::segments::reader_tests::exact_payload_requires_last_segment_eof_check_before_success ... ok
2026-09-17T10:47:13.9475743Z test pool::recovery::segments::reader_tests::hard_io_failure_at_each_boundary_permanently_invalidates_reader ... ok
2026-09-17T10:47:13.9477442Z test pool::recovery::segments::reader_tests::inconsistent_private_reader_metadata_returns_error_instead_of_panicking ... ok
2026-09-17T10:47:13.9479195Z test pool::recovery::segments::reader_tests::interrupted_short_reads_and_segment_end_checks_do_not_poison_reader ... ok
2026-09-17T10:47:13.9480549Z test pool::recovery::segments::reader_tests::truncated_or_extended_segment_cannot_be_skipped_by_retry ... ok
2026-09-17T10:47:14.7820526Z test pool::recovery::segments::tests::actual_multisegment_replay_crosses_record_boundary_and_restores_exact_bytes ... ok
2026-09-17T10:47:14.7837041Z test pool::recovery::segments::tests::empty_read_does_not_advance_and_segment_eof_is_not_journal_eof ... ok
2026-09-17T10:47:15.0829362Z test pool::recovery::segments::tests::every_publication_failure_preserves_source_and_cannot_be_retried_in_place ... ok
2026-09-17T10:47:15.0831131Z test pool::recovery::segments::tests::manifest_is_exact_bounded_and_contains_no_supplied_paths ... ok
2026-09-17T10:47:15.1077310Z test pool::recovery::segments::tests::missing_extra_swapped_truncated_or_changed_segments_are_rejected ... ok
2026-09-17T10:47:15.1607546Z test pool::recovery::segments::tests::namespace_tests::extra_file_after_open_is_rejected_without_removal_or_output ... ok
2026-09-17T10:47:15.1945205Z test pool::recovery::segments::tests::namespace_tests::failed_open_releases_directory_guard_and_all_acquired_file_locks ... ok
2026-09-17T10:47:15.3815358Z test pool::recovery::segments::tests::namespace_tests::unchanged_archives_retain_multiple_readers_and_release_handles_on_drop ... ok
2026-09-17T10:47:15.4907908Z test pool::recovery::segments::tests::namespace_tests::windows_newly_packed_handles_preserve_names_without_reopening ... ok
2026-09-17T10:47:15.5160336Z test pool::recovery::segments::tests::namespace_tests::windows_open_archive_rejects_entry_and_directory_rename_until_drop ... ok
2026-09-17T10:47:15.5433570Z test pool::recovery::segments::tests::pack_and_restore_are_create_only_and_archive_readers_keep_real_locks ... ok
2026-09-17T10:47:15.5861808Z test pool::recovery::segments::tests::partial_restore_and_lost_ack_leave_explicitly_verifiable_targets ... ok
2026-09-17T10:47:15.5945852Z test pool::recovery::tests::recovery_checkpoint_codec_bounds_and_every_truncation ... ok
2026-09-17T10:47:15.6216449Z test pool::recovery::tests::recovery_full_copy_matches_and_original_keeps_prepared_block ... ok
2026-09-17T10:47:15.6290197Z test pool::recovery::tests::recovery_invalid_store_does_not_export_a_checkpoint ... ok
2026-09-17T10:47:15.6821700Z test pool::recovery::tests::recovery_partial_write_and_lost_ack_never_replace_or_repair_source ... ok
2026-09-17T10:47:15.6919689Z test pool::recovery::tests::recovery_refuses_overwrite_live_writers_links_and_unknown_paths ... ok
2026-09-17T10:47:15.7010432Z test pool::recovery::tests::recovery_untrusted_header_sizes_are_bounded_even_with_a_matching_file_hash ... ok
2026-09-17T10:47:15.7224703Z test pool::recovery::tests::recovery_wrong_state_domain_length_or_bytes_pin_rejected ... ok
2026-09-17T10:47:15.7436984Z test pool::recovery::tests::replay_integration_tests::a_shorter_valid_archive_needs_its_own_pin_not_the_later_checkpoint ... ok
2026-09-17T10:47:15.9920143Z test pool::recovery::tests::replay_integration_tests::checkpoint_export_and_archive_copy_discard_history_but_keep_the_exact_tip ... ok
2026-09-17T10:47:16.0529825Z test pool::recovery::tests::replay_integration_tests::checkpoint_export_rejects_a_valid_same_length_alternate_history ... ok
2026-09-17T10:47:16.1965859Z test pool::recovery::tests::replay_integration_tests::every_recovery_entry_uses_isolated_replay_without_per_block_state_copies ... ok
2026-09-17T10:47:16.2678736Z test pool::recovery::tests::replay_integration_tests::injected_replay_failure_keeps_lock_and_blocks_prepared_commit_without_repair ... ok
2026-09-17T10:47:16.3121634Z test pool::recovery::tests::replay_integration_tests::normal_append_handles_preserve_history_even_after_read_cursor_rewinds ... ok
2026-09-17T10:47:16.3655992Z test pool::recovery::tests::replay_integration_tests::wrong_final_result_with_new_checksums_never_returns_a_verified_archive ... ok
2026-09-17T10:47:16.3658004Z test pool::replay::tests::a_complete_shorter_prefix_still_requires_an_independent_checkpoint ... ok
2026-09-17T10:47:16.3661173Z test pool::replay::tests::checksum_mutations_and_structural_corruption_do_not_replay ... ok
2026-09-17T10:47:16.3662915Z test pool::replay::tests::declared_size_and_record_count_are_bounded_before_body_allocation ... ok
2026-09-17T10:47:16.3668989Z test pool::replay::tests::every_truncated_frame_and_appended_byte_is_rejected ... ok
2026-09-17T10:47:16.3670709Z test pool::replay::tests::finish_requires_verified_eof_and_errors_permanently_poison_replay ... ok
2026-09-17T10:47:16.3672321Z test pool::replay::tests::fragmented_reads_and_interrupted_eof_are_retried_without_skipping ... ok
2026-09-17T10:47:16.3674069Z test pool::replay::tests::input_failure_is_never_converted_to_a_successful_empty_history ... ok
2026-09-17T10:47:16.3678292Z test pool::replay::tests::io_fault_at_every_record_byte_including_final_eof_drops_the_reconstruction ... ok
2026-09-17T10:47:16.3872966Z test pool::replay::tests::maximum_record_window_is_replayed_without_copying_the_full_state_per_block ... ok
2026-09-17T10:47:16.3888775Z test pool::replay::tests::reusable_buffer_does_not_decode_stale_tail_bytes_after_a_shorter_record ... ok
2026-09-17T10:47:16.3890238Z test pool::replay::tests::shared_eof_does_not_swallow_read_errors_or_trailing_data ... ok
2026-09-17T10:47:16.3891932Z test pool::replay::tests::shared_header_and_eof_retry_interrupted_and_short_reads ... ok
2026-09-17T10:47:16.3893674Z test pool::replay::tests::shared_header_preserves_both_profiles_and_leaves_records_unread ... ok
2026-09-17T10:47:16.3895457Z test pool::replay::tests::shared_header_rejects_bounds_before_reading_commitment_payload ... ok
2026-09-17T10:47:16.3897638Z test pool::replay::tests::shared_header_rejects_unknown_network_domain_and_truncation ... ok
2026-09-17T10:47:16.3911680Z test pool::replay::tests::startup_and_wallet_history_share_replay_and_preserve_journal_bytes ... ok
2026-09-17T10:47:25.9531890Z test pool::tests::actual_two_hop_pool_commit_replay_and_corruption ... ok
2026-09-17T10:47:25.9872930Z test pool::tests::empty_pool_lock_restart_and_no_overwrite ... ok
2026-09-17T10:47:25.9989243Z test pool::tests::lost_sync_acknowledgement_remains_uncertain_until_replay ... ok
2026-09-17T10:47:26.0064472Z test pool::tests::partial_write_poison_does_not_advance_memory_or_repair_disk ... ok
2026-09-17T10:47:26.0077904Z test pool::tests::record_decoder_rejects_truncation_trailing_and_length_bombs ... ok
2026-09-17T10:47:26.0189557Z test pool::tests::tampered_prepared_result_and_resource_limits ... ok
2026-09-17T10:47:42.8117394Z test pool::wallet_flow_tests::durable_wallet_outbox_resumes_exact_real_payment_after_lost_acknowledgement ... ok
2026-09-17T10:47:42.8455467Z test pool::wallet_flow_tests::wallet_history_replay_keeps_append_cursor_and_rejects_disk_drift ... ok
2026-09-17T10:48:04.2009499Z test pool::wallet_flow_tests::wallet_nonzero_multinote_payment_change_expiry_backup_and_rescan ... ok
2026-09-17T10:48:04.4389172Z test pool::wallet_flow_tests::wallet_rejects_changed_checkpoint_ancestry_without_mutation ... ok
2026-09-17T10:48:04.4390654Z test signing_domain_vectors::every_context_component_changes_the_bound_signature_message ... ok
2026-09-17T10:48:04.4392519Z test signing_domain_vectors::legacy_and_bound_transcripts_match_independent_sha256_vectors ... ok
2026-09-17T10:48:04.9046135Z test wallet::tests::shared_witnesses_match_upstream_frontier_for_odd_and_even_trees ... ok
2026-09-17T10:48:04.9929801Z test wallet::vault::independent_kdf_vector::argon2id_matches_independent_argon2_cffi_reference ... ok
2026-09-17T10:48:05.8206905Z test wallet::vault::store::compact_tests::compacted_checkpoint_is_authenticated_but_requires_rescan_and_new_receipt ... ok
2026-09-17T10:48:06.3950956Z test wallet::vault::store::compact_tests::compaction_requires_exact_current_pin_and_never_overwrites_targets ... ok
2026-09-17T10:48:06.6805491Z test wallet::vault::store::compact_tests::corrupt_or_poisoned_source_cannot_be_compacted_into_a_fresh_looking_copy ... ok
2026-09-17T10:48:07.3822410Z test wallet::vault::store::compact_tests::partial_and_lost_ack_compaction_preserve_source_and_do_not_repair_targets ... ok
2026-09-17T10:48:08.0779654Z test wallet::vault::store::tests::authenticated_predecessor_rejects_rewritten_hash_chain_and_other_journal ... ok
2026-09-17T10:48:08.2378697Z test wallet::vault::store::tests::bounds_padding_and_live_disk_drift_fail_closed ... ok
2026-09-17T10:48:08.3792134Z test wallet::vault::store::tests::capacity_inspection_is_read_only_and_does_not_claim_synced_balance ... ok
2026-09-17T10:48:08.9703083Z test wallet::vault::store::tests::create_sync_backup_reopen_and_exact_source_protection ... ok
2026-09-17T10:48:09.6016627Z test wallet::vault::store::tests::legacy_snapshot_import_preserves_missing_outbox_reservation ... ok
2026-09-17T10:48:09.6018036Z test wallet::vault::store::tests::lock_child ... ok
2026-09-17T10:48:09.7299464Z test wallet::vault::store::tests::lock_is_enforced_across_processes ... ok
2026-09-17T10:48:10.0668330Z test wallet::vault::store::tests::lost_acknowledgement_is_uncertain_and_reopen_reconciles_complete_record ... ok
2026-09-17T10:48:10.0678657Z test wallet::vault::store::tests::missing_and_nonregular_files_are_not_created_or_repaired ... ok
2026-09-17T10:48:10.2983170Z test wallet::vault::store::tests::partial_write_poison_preserves_failure_and_never_truncates_on_reopen ... ok
2026-09-17T10:48:10.4118625Z test wallet::vault::store::tests::truncated_and_oversized_files_never_invoke_unbounded_reads ... ok
2026-09-17T10:48:10.8610789Z test wallet::vault::store::tests::valid_prefix_needs_independent_receipt_for_rollback_detection ... ok
2026-09-17T10:48:11.5967672Z test wallet::vault::tests::encrypted_roundtrip_randomization_and_wrong_password ... ok
2026-09-17T10:48:11.6050529Z test wallet::vault::tests::rejects_lengths_versions_and_kdf_bombs_before_derivation ... ok
2026-09-17T10:48:11.6132362Z test wallet::vault::tests::snapshot_rejects_noncanonical_flags_padding_and_duplicate_reservations ... ok
2026-09-17T10:48:11.6139771Z test wire::cache::tests::concurrent_success_memoization_preserves_exact_entries_and_bounds ... ok
2026-09-17T10:48:11.6141600Z test wire::cache::tests::exact_bytes_required_even_for_a_forced_digest_collision ... ok
2026-09-17T10:48:11.6143357Z test wire::cache::tests::fifo_capacity_and_duplicate_insert_are_bounded ... ok
2026-09-17T10:48:11.6145029Z test wire::cache::tests::invalid_sizes_cannot_fill_the_cache ... ok
2026-09-17T10:48:18.0900590Z test wire::fixed_key_tests::concurrent_verifiers_share_only_the_fixed_key_and_keep_real_authorization_cold ... ok
2026-09-17T10:48:18.0901982Z test worker::tests::bounded_frame_rejections ... ok
2026-09-17T10:48:18.0904378Z test worker::tests::fingerprint_matches_go_vector ... ok
2026-09-17T10:48:18.0905147Z test worker::tests::frame_roundtrip ... ok
2026-09-17T10:48:18.0905391Z 
2026-09-17T10:48:18.0905718Z test result: ok. 133 passed; 0 failed; 0 ignored; 0 measured; 0 filtered out; finished in 76.23s
2026-09-17T10:48:18.0906122Z 
2026-09-17T10:48:18.0938413Z      Running unittests src\bin\zevune-orchard-worker.rs (target\release\deps\zevune_orchard_worker-44b822ff81aab2c2.exe)
2026-09-17T10:48:18.1024421Z 
2026-09-17T10:48:18.1024722Z running 0 tests
2026-09-17T10:48:18.1024894Z 
2026-09-17T10:48:18.1025251Z test result: ok. 0 passed; 0 failed; 0 ignored; 0 measured; 0 filtered out; finished in 0.00s
2026-09-17T10:48:18.1025694Z 
2026-09-17T10:48:18.1038755Z      Running unittests src\bin\zevune-pool-worker.rs (target\release\deps\zevune_pool_worker-5279a52ee5383636.exe)
2026-09-17T10:48:18.1115575Z 
2026-09-17T10:48:18.1115816Z running 3 tests
2026-09-17T10:48:18.1118188Z test tests::block_decoder_bounds ... ok
2026-09-17T10:48:18.1119839Z test tests::frame_truncation_and_bombs ... ok
2026-09-17T10:48:18.1121553Z test tests::selection_frame_is_bounded_canonical_and_separate_from_blocks ... ok
2026-09-17T10:48:18.1121869Z 
2026-09-17T10:48:18.1122108Z test result: ok. 3 passed; 0 failed; 0 ignored; 0 measured; 0 filtered out; finished in 0.00s
2026-09-17T10:48:18.1122404Z 
2026-09-17T10:48:18.1134309Z      Running tests\active_recovery_cli.rs (target\release\deps\active_recovery_cli-42fb7233eb0d0852.exe)
2026-09-17T10:48:18.1210938Z 
2026-09-17T10:48:18.1211192Z running 0 tests
2026-09-17T10:48:18.1211363Z 
2026-09-17T10:48:18.1211670Z test result: ok. 0 passed; 0 failed; 0 ignored; 0 measured; 0 filtered out; finished in 0.00s
2026-09-17T10:48:18.1211959Z 
2026-09-17T10:48:18.1223565Z      Running tests\authorization_cache.rs (target\release\deps\authorization_cache-b0bc5af9f09a5cde.exe)
2026-09-17T10:48:18.1309802Z 
2026-09-17T10:48:18.1310030Z running 1 test
2026-09-17T10:48:26.6336796Z test real_authorization_reuse_rejects_changed_bytes_and_restarts_cold ... AUTH_CACHE_SAMPLE scope=authorization_only samples=32 cold_us=32493 warm_total_us=2128 transaction_bytes=9166
2026-09-17T10:48:26.6338199Z ok
2026-09-17T10:48:26.6338308Z 
2026-09-17T10:48:26.6338742Z test result: ok. 1 passed; 0 failed; 0 ignored; 0 measured; 0 filtered out; finished in 8.50s
2026-09-17T10:48:26.6339006Z 
2026-09-17T10:48:26.6363058Z      Running tests\bridge.rs (target\release\deps\bridge-2d6d87c7b4b2ce0b.exe)
2026-09-17T10:48:26.6456061Z 
2026-09-17T10:48:26.6456353Z running 1 test
2026-09-17T10:48:37.6785605Z test real_wire_roundtrip_individual_authorization_and_rejections ... ok
2026-09-17T10:48:37.6786076Z 
2026-09-17T10:48:37.6786449Z test result: ok. 1 passed; 0 failed; 0 ignored; 0 measured; 0 filtered out; finished in 11.03s
2026-09-17T10:48:37.6786957Z 
2026-09-17T10:48:37.6810687Z      Running tests\cache_state_guards.rs (target\release\deps\cache_state_guards-eb7543413700c781.exe)
2026-09-17T10:48:37.6894662Z 
2026-09-17T10:48:37.6895090Z running 0 tests
2026-09-17T10:48:37.6895471Z 
2026-09-17T10:48:37.6895805Z test result: ok. 0 passed; 0 failed; 0 ignored; 0 measured; 0 filtered out; finished in 0.00s
2026-09-17T10:48:37.6896297Z 
2026-09-17T10:48:37.6908977Z      Running tests\default_worker_policy.rs (target\release\deps\default_worker_policy-cce630c6a2942d79.exe)
2026-09-17T10:48:37.6998186Z 
2026-09-17T10:48:37.6998525Z running 1 test
2026-09-17T10:48:37.7084767Z test default_worker_refuses_explicit_funding_arguments ... ok
2026-09-17T10:48:37.7085098Z 
2026-09-17T10:48:37.7085307Z test result: ok. 1 passed; 0 failed; 0 ignored; 0 measured; 0 filtered out; finished in 0.01s
2026-09-17T10:48:37.7085619Z 
2026-09-17T10:48:37.7095846Z      Running tests\genesis_domain.rs (target\release\deps\genesis_domain-53cce6535e770980.exe)
2026-09-17T10:48:37.7168778Z 
2026-09-17T10:48:37.7169113Z running 0 tests
2026-09-17T10:48:37.7169284Z 
2026-09-17T10:48:37.7169903Z test result: ok. 0 passed; 0 failed; 0 ignored; 0 measured; 0 filtered out; finished in 0.00s
2026-09-17T10:48:37.7170365Z 
2026-09-17T10:48:37.7182114Z      Running tests\genesis_manifest_bounds.rs (target\release\deps\genesis_manifest_bounds-b329bb7a35a78467.exe)
2026-09-17T10:48:37.7258343Z 
2026-09-17T10:48:37.7258637Z running 0 tests
2026-09-17T10:48:37.7258805Z 
2026-09-17T10:48:37.7259285Z test result: ok. 0 passed; 0 failed; 0 ignored; 0 measured; 0 filtered out; finished in 0.00s
2026-09-17T10:48:37.7259572Z 
2026-09-17T10:48:37.7271631Z      Running tests\operator_cli.rs (target\release\deps\operator_cli-dd5ca677447fc622.exe)
2026-09-17T10:48:37.7345270Z 
2026-09-17T10:48:37.7345730Z running 0 tests
2026-09-17T10:48:37.7346005Z 
2026-09-17T10:48:37.7346589Z test result: ok. 0 passed; 0 failed; 0 ignored; 0 measured; 0 filtered out; finished in 0.00s
2026-09-17T10:48:37.7347042Z 
2026-09-17T10:48:37.7358704Z      Running tests\payment_preflight.rs (target\release\deps\payment_preflight-b8cb59e5503377db.exe)
2026-09-17T10:48:37.7434614Z 
2026-09-17T10:48:37.7435051Z running 0 tests
2026-09-17T10:48:37.7435294Z 
2026-09-17T10:48:37.7435631Z test result: ok. 0 passed; 0 failed; 0 ignored; 0 measured; 0 filtered out; finished in 0.00s
2026-09-17T10:48:37.7436117Z 
2026-09-17T10:48:37.7447048Z      Running tests\pool_network.rs (target\release\deps\pool_network-a81118f5b1234391.exe)
2026-09-17T10:48:37.7531496Z 
2026-09-17T10:48:37.7531932Z running 1 test
2026-09-17T10:48:46.2243536Z test zero_value_real_proof_for_consensus ... ok
2026-09-17T10:48:46.2243784Z 
2026-09-17T10:48:46.2244044Z test result: ok. 1 passed; 0 failed; 0 ignored; 0 measured; 0 filtered out; finished in 8.47s
2026-09-17T10:48:46.2244329Z 
2026-09-17T10:48:46.2268755Z      Running tests\real_bundle.rs (target\release\deps\real_bundle-a881684daa2f885f.exe)
2026-09-17T10:48:46.2362203Z 
2026-09-17T10:48:46.2362415Z running 4 tests
2026-09-17T10:48:46.2597356Z test builder_rejects_wrong_owner_and_nonmember_path ... ok
2026-09-17T10:48:46.2636260Z test raw_key_reconstruction_preserves_local_receiver ... ok
2026-09-17T10:48:55.1312215Z test real_proofs_two_hops_and_adversarial_cases ... M4_PHASE valid_proof_and_signatures_and_read_only_check: passed
2026-09-17T10:48:55.1411732Z M4_PHASE recipient_decryption_change_wrong_key_and_raw_key_recovery: passed
2026-09-17T10:48:55.1423580Z M4_PHASE network_expiry_anchor_and_value_balance_rejections: passed
2026-09-17T10:48:55.1720164Z M4_PHASE corrupted_proof_noncanonical_length_signatures_ciphertext_and_version: passed
2026-09-17T10:49:00.5731921Z M4_PHASE duplicate_checks_and_real_proof_unbacked_pool_delta_rejection: passed
2026-09-17T10:49:06.0011706Z M4_PHASE verified_receiver_note_can_be_spent_onward: passed
2026-09-17T10:49:06.0012745Z M4_METRICS {"scope":"single_process_real_crypto_not_network_latency","key_build_ms":5680.658,"first_proof_ms":3109.090,"second_proof_ms":3007.090,"negative_delta_proof_ms":3055.768,"first_verify_ms":31.227,"second_verify_ms":27.038,"first_recipient_scan_ms":2.352,"actions_per_valid_bundle":2,"proof_bytes":7264}
2026-09-17T10:49:06.0044313Z ok
2026-09-17T10:49:06.0046776Z test upstream_public_empty_root_vectors ... ok
2026-09-17T10:49:06.0047076Z 
2026-09-17T10:49:06.0047433Z test result: ok. 4 passed; 0 failed; 0 ignored; 0 measured; 0 filtered out; finished in 19.77s
2026-09-17T10:49:06.0047835Z 
2026-09-17T10:49:06.0077691Z      Running tests\recipient_domain.rs (target\release\deps\recipient_domain-a4a1e43c54e405bb.exe)
2026-09-17T10:49:06.0176865Z 
2026-09-17T10:49:06.0177209Z running 3 tests
2026-09-17T10:49:06.0377797Z test canonical_receiver_formats_preserve_legacy_without_domain_fallback ... ok
2026-09-17T10:49:06.0637688Z test network_recipient_requires_a_verified_history_not_only_keys ... ok
2026-09-17T10:49:06.0857651Z test recipient_parser_rejects_truncation_mutation_and_noncanonical_input ... ok
2026-09-17T10:49:06.0857983Z 
2026-09-17T10:49:06.0858186Z test result: ok. 3 passed; 0 failed; 0 ignored; 0 measured; 0 filtered out; finished in 0.07s
2026-09-17T10:49:06.0858480Z 
2026-09-17T10:49:06.0876917Z      Running tests\recovery_cli.rs (target\release\deps\recovery_cli-0836eefbc580395b.exe)
2026-09-17T10:49:06.0962063Z 
2026-09-17T10:49:06.0962483Z running 0 tests
2026-09-17T10:49:06.0962708Z 
2026-09-17T10:49:06.0963044Z test result: ok. 0 passed; 0 failed; 0 ignored; 0 measured; 0 filtered out; finished in 0.00s
2026-09-17T10:49:06.0963529Z 
2026-09-17T10:49:06.0978155Z      Running tests\test_genesis.rs (target\release\deps\test_genesis-44f4c43591290a73.exe)
2026-09-17T10:49:06.1058805Z 
2026-09-17T10:49:06.1059399Z running 0 tests
2026-09-17T10:49:06.1059667Z 
2026-09-17T10:49:06.1060089Z test result: ok. 0 passed; 0 failed; 0 ignored; 0 measured; 0 filtered out; finished in 0.00s
2026-09-17T10:49:06.1060522Z 
2026-09-17T10:49:06.1076216Z    Doc-tests zevune_orchard_lab
2026-09-17T10:49:06.2238043Z 
2026-09-17T10:49:06.2238604Z running 0 tests
2026-09-17T10:49:06.2238776Z 
2026-09-17T10:49:06.2239030Z test result: ok. 0 passed; 0 failed; 0 ignored; 0 measured; 0 filtered out; finished in 0.00s
2026-09-17T10:49:06.2239485Z 
2026-09-17T10:49:06.2570059Z ##[group]Run cargo clippy --locked --release --all-targets -- -D warnings
2026-09-17T10:49:06.2570899Z [36;1mcargo clippy --locked --release --all-targets -- -D warnings[0m
2026-09-17T10:49:06.2585860Z shell: C:\Program Files\Git\bin\bash.EXE --noprofile --norc -e -o pipefail {0}
2026-09-17T10:49:06.2586270Z env:
2026-09-17T10:49:06.2586477Z   RAYON_NUM_THREADS: 2
2026-09-17T10:49:06.2586684Z   CARGO_BUILD_JOBS: 2
2026-09-17T10:49:06.2586930Z ##[endgroup]
2026-09-17T10:49:07.7367142Z     Checking cfg-if v1.0.4
2026-09-17T10:49:07.7374170Z     Checking subtle v2.6.1
2026-09-17T10:49:07.7701159Z     Checking getrandom v0.2.17
2026-09-17T10:49:07.8337369Z     Checking typenum v1.20.1
2026-09-17T10:49:07.8536245Z     Checking rand_core v0.6.4
2026-09-17T10:49:07.9793054Z     Checking tap v1.0.1
2026-09-17T10:49:08.0471270Z     Checking wyz v0.5.1
2026-09-17T10:49:08.1712492Z     Checking radium v0.7.0
2026-09-17T10:49:08.2976876Z     Checking funty v2.0.0
2026-09-17T10:49:08.5259448Z     Checking generic-array v0.14.7
2026-09-17T10:49:08.6589352Z     Checking bitvec v1.1.1
2026-09-17T10:49:08.9477535Z     Checking crypto-common v0.1.7
2026-09-17T10:49:09.0459497Z     Checking zeroize v1.9.0
2026-09-17T10:49:09.1726180Z     Checking zerocopy v0.8.57
2026-09-17T10:49:10.2673211Z     Checking ff v0.13.1
2026-09-17T10:49:10.3458021Z     Checking constant_time_eq v0.4.2
2026-09-17T10:49:10.4254035Z     Checking arrayvec v0.7.8
2026-09-17T10:49:10.6098117Z     Checking memuse v0.2.2
2026-09-17T10:49:10.7177310Z     Checking blake2b_simd v1.0.5
2026-09-17T10:49:11.0563731Z     Checking crossbeam-utils v0.8.23
2026-09-17T10:49:11.3676235Z     Checking group v0.13.0
2026-09-17T10:49:11.4908434Z     Checking inout v0.1.4
2026-09-17T10:49:11.5574429Z     Checking spin v0.9.9
2026-09-17T10:49:11.6214911Z     Checking static_assertions v1.1.0
2026-09-17T10:49:11.6537864Z     Checking cpufeatures v0.2.17
2026-09-17T10:49:11.6883809Z     Checking lazy_static v1.5.0
2026-09-17T10:49:11.7359330Z     Checking cipher v0.4.4
2026-09-17T10:49:11.8720758Z     Checking crossbeam-epoch v0.9.21
2026-09-17T10:49:12.0829724Z     Checking crossbeam-deque v0.8.8
2026-09-17T10:49:12.2067580Z     Checking either v1.18.0
2026-09-17T10:49:12.2751390Z     Checking ppv-lite86 v0.2.21
2026-09-17T10:49:12.3366573Z     Checking rayon-core v1.13.0
2026-09-17T10:49:12.5606591Z     Checking rand_chacha v0.3.1
2026-09-17T10:49:12.6868491Z     Checking once_cell v1.21.4
2026-09-17T10:49:12.7366378Z     Checking rand v0.8.5
2026-09-17T10:49:12.8339441Z     Checking tracing-core v0.1.36
2026-09-17T10:49:13.1171066Z     Checking rayon v1.12.0
2026-09-17T10:49:13.2254635Z     Checking pasta_curves v0.5.2
2026-09-17T10:49:13.8848689Z     Checking num-traits v0.2.19
2026-09-17T10:49:14.4378819Z     Checking universal-hash v0.5.1
2026-09-17T10:49:14.5142462Z     Checking block-buffer v0.10.4
2026-09-17T10:49:14.5947648Z     Checking hex v0.4.3
2026-09-17T10:49:14.7755640Z     Checking byteorder v1.5.0
2026-09-17T10:49:14.8384480Z     Checking opaque-debug v0.3.1
2026-09-17T10:49:14.8852070Z     Checking hashbrown v0.12.3
2026-09-17T10:49:14.9820473Z     Checking pin-project-lite v0.2.17
2026-09-17T10:49:15.0398854Z     Checking tracing v0.1.44
2026-09-17T10:49:15.2171267Z     Checking poly1305 v0.8.0
2026-09-17T10:49:15.3325791Z     Checking indexmap v1.9.3
2026-09-17T10:49:15.4620364Z     Checking maybe-rayon v0.1.1
2026-09-17T10:49:15.5081327Z     Checking digest v0.10.7
2026-09-17T10:49:15.6844657Z     Checking num-integer v0.1.47
2026-09-17T10:49:15.6945751Z     Checking serde_core v1.0.229
2026-09-17T10:49:15.9130474Z     Checking crunchy v0.2.4
2026-09-17T10:49:15.9490093Z     Checking chacha20 v0.9.1
2026-09-17T10:49:16.0928816Z     Checking bls12_381 v0.8.0
2026-09-17T10:49:16.2348746Z     Checking aead v0.5.2
2026-09-17T10:49:16.3362246Z     Checking halo2_legacy_pdqsort v0.1.0
2026-09-17T10:49:16.4485114Z     Checking halo2_proofs v0.3.5
2026-09-17T10:49:17.6922762Z     Checking serde v1.0.229
2026-09-17T10:49:18.0967971Z     Checking chacha20poly1305 v0.10.1
2026-09-17T10:49:18.1825982Z     Checking jubjub v0.10.0
2026-09-17T10:49:18.4945255Z     Checking thiserror v2.0.20
2026-09-17T10:49:18.5755442Z     Checking uint v0.9.5
2026-09-17T10:49:18.6803913Z     Checking num-bigint v0.4.8
2026-09-17T10:49:19.2387055Z     Checking libm v0.2.16
2026-09-17T10:49:20.3800679Z     Checking halo2_poseidon v0.1.0
2026-09-17T10:49:20.6956011Z     Checking sinsemilla v0.1.0
2026-09-17T10:49:20.7330109Z     Checking cbc v0.1.2
2026-09-17T10:49:20.8202777Z     Checking zcash_spec v0.2.1
2026-09-17T10:49:20.8929969Z     Checking bech32 v0.11.1
2026-09-17T10:49:21.1922597Z     Checking base64ct v1.8.3
2026-09-17T10:49:21.3553601Z     Checking password-hash v0.5.0
2026-09-17T10:49:21.4867100Z     Checking halo2_gadgets v0.5.0
2026-09-17T10:49:21.5458029Z     Checking zip32 v0.2.1
2026-09-17T10:49:21.6884330Z     Checking fpe v0.6.1
2026-09-17T10:49:21.8535954Z     Checking reddsa v0.5.2
2026-09-17T10:49:22.0630965Z     Checking zcash_note_encryption v0.4.2
2026-09-17T10:49:22.2075732Z     Checking blake2 v0.10.6
2026-09-17T10:49:22.3819363Z     Checking incrementalmerkletree v0.8.1
2026-09-17T10:49:22.4907177Z     Checking aes v0.8.4
2026-09-17T10:49:22.6271337Z     Checking nonempty v0.11.0
2026-09-17T10:49:22.7180883Z     Checking corez v0.1.1
2026-09-17T10:49:22.7597776Z     Checking argon2 v0.5.3
2026-09-17T10:49:22.8286692Z     Checking orchard v0.15.5
2026-09-17T10:49:23.0067340Z     Checking sha2 v0.10.9
2026-09-17T10:49:24.1351532Z     Checking zevune-orchard-lab v0.1.0 (D:\a\Zevune\Zevune\integration\orchard)
2026-09-17T10:49:25.9053790Z     Finished `release` profile [optimized] target(s) in 18.63s
2026-09-17T10:49:27.4111395Z ##[group]Run git diff --exit-code
2026-09-17T10:49:27.4111684Z [36;1mgit diff --exit-code[0m
2026-09-17T10:49:27.4121460Z shell: C:\Program Files\Git\bin\bash.EXE --noprofile --norc -e -o pipefail {0}
2026-09-17T10:49:27.4121782Z env:
2026-09-17T10:49:27.4121920Z   RAYON_NUM_THREADS: 2
2026-09-17T10:49:27.4122077Z   CARGO_BUILD_JOBS: 2
2026-09-17T10:49:27.4122226Z ##[endgroup]
2026-09-17T10:49:28.8318363Z Post job cleanup.
2026-09-17T10:49:28.9870223Z [command]"C:\Program Files\Git\bin\git.exe" version
2026-09-17T10:49:29.0088961Z git version 2.55.0.windows.5
2026-09-17T10:49:29.0146557Z Temporarily overriding HOME='D:\a\_temp\9f904625-76a7-4662-badc-84157ceb723b' before making global git config changes
2026-09-17T10:49:29.0147466Z Adding repository directory to the temporary git global config as a safe directory
2026-09-17T10:49:29.0155449Z [command]"C:\Program Files\Git\bin\git.exe" config --global --add safe.directory D:\a\Zevune\Zevune
2026-09-17T10:49:29.0412040Z [command]"C:\Program Files\Git\bin\git.exe" config --local --name-only --get-regexp core\.sshCommand
2026-09-17T10:49:29.0672838Z [command]"C:\Program Files\Git\bin\git.exe" submodule foreach --recursive "sh -c \"git config --local --name-only --get-regexp 'core\.sshCommand' && git config --local --unset-all 'core.sshCommand' || :\""
2026-09-17T10:49:30.1778812Z [command]"C:\Program Files\Git\bin\git.exe" config --local --name-only --get-regexp http\.https\:\/\/github\.com\/\.extraheader
2026-09-17T10:49:30.2012933Z [command]"C:\Program Files\Git\bin\git.exe" submodule foreach --recursive "sh -c \"git config --local --name-only --get-regexp 'http\.https\:\/\/github\.com\/\.extraheader' && git config --local --unset-all 'http.https://github.com/.extraheader' || :\""
2026-09-17T10:49:30.8407364Z Cleaning up orphan processes
2026-09-17T10:49:30.8631651Z Terminate orphan process: pid (7872) (vctip)
