2026-09-17T10:40:43.1432895Z Current runner version: '2.337.0'
2026-09-17T10:40:43.1456220Z ##[group]Runner Image Provisioner
2026-09-17T10:40:43.1456952Z Hosted Compute Agent
2026-09-17T10:40:43.1457445Z Version: 20260828.587
2026-09-17T10:40:43.1458290Z Commit: abac92662cab4cc7352de4f9f9d2e2419aad9c29
2026-09-17T10:40:43.1458941Z Build Date: 2026-08-28T16:44:25Z
2026-09-17T10:40:43.1459552Z Worker ID: {97ee5353-9d15-4173-ba2f-b10b58f7d975}
2026-09-17T10:40:43.1460167Z Azure Region: eastus
2026-09-17T10:40:43.1460661Z ##[endgroup]
2026-09-17T10:40:43.1462255Z ##[group]Operating System
2026-09-17T10:40:43.1462810Z Ubuntu
2026-09-17T10:40:43.1463327Z 24.04.5
2026-09-17T10:40:43.1463769Z LTS
2026-09-17T10:40:43.1464196Z ##[endgroup]
2026-09-17T10:40:43.1464727Z ##[group]Runner Image
2026-09-17T10:40:43.1465246Z Image: ubuntu-24.04
2026-09-17T10:40:43.1465706Z Version: 20260907.300.1
2026-09-17T10:40:43.1466821Z Included Software: https://github.com/actions/runner-images/blob/ubuntu24/20260907.300/images/ubuntu/Ubuntu2404-Readme.md
2026-09-17T10:40:43.1468265Z Image Release: https://github.com/actions/runner-images/releases/tag/ubuntu24%2F20260907.300
2026-09-17T10:40:43.1469098Z ##[endgroup]
2026-09-17T10:40:43.1470085Z ##[group]GITHUB_TOKEN Permissions
2026-09-17T10:40:43.1471921Z Contents: read
2026-09-17T10:40:43.1472555Z Metadata: read
2026-09-17T10:40:43.1473070Z ##[endgroup]
2026-09-17T10:40:43.1475080Z Secret source: Actions
2026-09-17T10:40:43.1475925Z Cache mode: write
2026-09-17T10:40:43.1476645Z Prepare workflow directory
2026-09-17T10:40:43.2834760Z Prepare all required actions
2026-09-17T10:40:43.2874647Z Getting action download info
2026-09-17T10:40:43.4210939Z Download action repository 'actions/checkout@08c6903cd8c0fde910a37f88322edcfb5dd907a8' (SHA:08c6903cd8c0fde910a37f88322edcfb5dd907a8)
2026-09-17T10:40:43.6641154Z Complete job name: funded-library (ubuntu-latest)
2026-09-17T10:40:43.9462155Z ##[group]Run actions/checkout@08c6903cd8c0fde910a37f88322edcfb5dd907a8
2026-09-17T10:40:43.9463090Z with:
2026-09-17T10:40:43.9463546Z   persist-credentials: false
2026-09-17T10:40:43.9464040Z   repository: youq616/Zevune
2026-09-17T10:40:43.9467756Z   token: ***
2026-09-17T10:40:43.9468276Z   ssh-strict: true
2026-09-17T10:40:43.9468713Z   ssh-user: git
2026-09-17T10:40:43.9469127Z   clean: true
2026-09-17T10:40:43.9469559Z   sparse-checkout-cone-mode: true
2026-09-17T10:40:43.9470063Z   fetch-depth: 1
2026-09-17T10:40:43.9470480Z   fetch-tags: false
2026-09-17T10:40:43.9470911Z   show-progress: true
2026-09-17T10:40:43.9471344Z   lfs: false
2026-09-17T10:40:43.9471756Z   submodules: false
2026-09-17T10:40:43.9472201Z   set-safe-directory: true
2026-09-17T10:40:43.9472852Z env:
2026-09-17T10:40:43.9473247Z   RAYON_NUM_THREADS: 2
2026-09-17T10:40:43.9473700Z   CARGO_BUILD_JOBS: 2
2026-09-17T10:40:43.9474127Z ##[endgroup]
2026-09-17T10:40:44.0302613Z Syncing repository: youq616/Zevune
2026-09-17T10:40:44.0304188Z ##[group]Getting Git version info
2026-09-17T10:40:44.0304805Z Working directory is '/home/runner/work/Zevune/Zevune'
2026-09-17T10:40:44.0305753Z [command]/usr/bin/git version
2026-09-17T10:40:44.0372074Z git version 2.55.0
2026-09-17T10:40:44.0391450Z ##[endgroup]
2026-09-17T10:40:44.0404563Z Temporarily overriding HOME='/home/runner/work/_temp/aae30c85-bedb-4129-9a14-d70eb7ebe714' before making global git config changes
2026-09-17T10:40:44.0406634Z Adding repository directory to the temporary git global config as a safe directory
2026-09-17T10:40:44.0408951Z [command]/usr/bin/git config --global --add safe.directory /home/runner/work/Zevune/Zevune
2026-09-17T10:40:44.0458640Z Deleting the contents of '/home/runner/work/Zevune/Zevune'
2026-09-17T10:40:44.0461870Z ##[group]Initializing the repository
2026-09-17T10:40:44.0465537Z [command]/usr/bin/git init /home/runner/work/Zevune/Zevune
2026-09-17T10:40:44.0557786Z hint: Using 'master' as the name for the initial branch. This default branch name
2026-09-17T10:40:44.0559250Z hint: will change to "main" in Git 3.0. To configure the initial branch name
2026-09-17T10:40:44.0560889Z hint: to use in all of your new repositories, which will suppress this warning,
2026-09-17T10:40:44.0562289Z hint: call:
2026-09-17T10:40:44.0562910Z hint:
2026-09-17T10:40:44.0563664Z hint: 	git config --global init.defaultBranch <name>
2026-09-17T10:40:44.0564584Z hint:
2026-09-17T10:40:44.0565426Z hint: Names commonly chosen instead of 'master' are 'main', 'trunk' and
2026-09-17T10:40:44.0566825Z hint: 'development'. The just-created branch can be renamed via this command:
2026-09-17T10:40:44.0568070Z hint:
2026-09-17T10:40:44.0568684Z hint: 	git branch -m <name>
2026-09-17T10:40:44.0569397Z hint:
2026-09-17T10:40:44.0570316Z hint: Disable this message with "git config set advice.defaultBranchName false"
2026-09-17T10:40:44.0572150Z Initialized empty Git repository in /home/runner/work/Zevune/Zevune/.git/
2026-09-17T10:40:44.0576180Z [command]/usr/bin/git remote add origin https://github.com/youq616/Zevune
2026-09-17T10:40:44.0622737Z ##[endgroup]
2026-09-17T10:40:44.0623668Z ##[group]Disabling automatic garbage collection
2026-09-17T10:40:44.0625331Z [command]/usr/bin/git config --local gc.auto 0
2026-09-17T10:40:44.0655544Z ##[endgroup]
2026-09-17T10:40:44.0656443Z ##[group]Setting up auth
2026-09-17T10:40:44.0661807Z [command]/usr/bin/git config --local --name-only --get-regexp core\.sshCommand
2026-09-17T10:40:44.0691335Z [command]/usr/bin/git submodule foreach --recursive sh -c "git config --local --name-only --get-regexp 'core\.sshCommand' && git config --local --unset-all 'core.sshCommand' || :"
2026-09-17T10:40:44.1025633Z [command]/usr/bin/git config --local --name-only --get-regexp http\.https\:\/\/github\.com\/\.extraheader
2026-09-17T10:40:44.1057381Z [command]/usr/bin/git submodule foreach --recursive sh -c "git config --local --name-only --get-regexp 'http\.https\:\/\/github\.com\/\.extraheader' && git config --local --unset-all 'http.https://github.com/.extraheader' || :"
2026-09-17T10:40:44.1256278Z [command]/usr/bin/git config --local http.https://github.com/.extraheader AUTHORIZATION: basic ***
2026-09-17T10:40:44.1289569Z ##[endgroup]
2026-09-17T10:40:44.1290313Z ##[group]Fetching the repository
2026-09-17T10:40:44.1298895Z [command]/usr/bin/git -c protocol.version=2 fetch --no-tags --prune --no-recurse-submodules --depth=1 origin +00d4442b12cb72344ffa5bea101eb7142ab03270:refs/remotes/pull/13/merge
2026-09-17T10:40:44.6761892Z From https://github.com/youq616/Zevune
2026-09-17T10:40:44.6763942Z  * [new ref]         00d4442b12cb72344ffa5bea101eb7142ab03270 -> pull/13/merge
2026-09-17T10:40:44.6767103Z ##[endgroup]
2026-09-17T10:40:44.6768698Z ##[group]Determining the checkout info
2026-09-17T10:40:44.6770234Z ##[endgroup]
2026-09-17T10:40:44.6774643Z [command]/usr/bin/git sparse-checkout disable
2026-09-17T10:40:44.6823383Z [command]/usr/bin/git config --local --unset-all extensions.worktreeConfig
2026-09-17T10:40:44.6850432Z ##[group]Checking out the ref
2026-09-17T10:40:44.6854254Z [command]/usr/bin/git checkout --progress --force refs/remotes/pull/13/merge
2026-09-17T10:40:44.7264170Z Note: switching to 'refs/remotes/pull/13/merge'.
2026-09-17T10:40:44.7264924Z 
2026-09-17T10:40:44.7265467Z You are in 'detached HEAD' state. You can look around, make experimental
2026-09-17T10:40:44.7266791Z changes and commit them, and you can discard any commits you make in this
2026-09-17T10:40:44.7268226Z state without impacting any branches by switching back to a branch.
2026-09-17T10:40:44.7269000Z 
2026-09-17T10:40:44.7269575Z If you want to create a new branch to retain commits you create, you may
2026-09-17T10:40:44.7270751Z do so (now or later) by using -c with the switch command. Example:
2026-09-17T10:40:44.7271424Z 
2026-09-17T10:40:44.7271725Z   git switch -c <new-branch-name>
2026-09-17T10:40:44.7272205Z 
2026-09-17T10:40:44.7272521Z Or undo this operation with:
2026-09-17T10:40:44.7273060Z 
2026-09-17T10:40:44.7273500Z   git switch -
2026-09-17T10:40:44.7274059Z 
2026-09-17T10:40:44.7274697Z Turn off this advice by setting config variable advice.detachedHead to false
2026-09-17T10:40:44.7275612Z 
2026-09-17T10:40:44.7276996Z HEAD is now at 00d4442 Merge de474720431daf33afd4a7ebc32de2d230344a5a into 6913d4ab2fda6956db37e0ceb49790a4518c2762
2026-09-17T10:40:44.7280869Z ##[endgroup]
2026-09-17T10:40:44.7314112Z [command]/usr/bin/git log -1 --format=%H
2026-09-17T10:40:44.7336574Z 00d4442b12cb72344ffa5bea101eb7142ab03270
2026-09-17T10:40:44.7344923Z ##[group]Removing auth
2026-09-17T10:40:44.7347416Z [command]/usr/bin/git config --local --name-only --get-regexp core\.sshCommand
2026-09-17T10:40:44.7375426Z [command]/usr/bin/git submodule foreach --recursive sh -c "git config --local --name-only --get-regexp 'core\.sshCommand' && git config --local --unset-all 'core.sshCommand' || :"
2026-09-17T10:40:44.7563608Z [command]/usr/bin/git config --local --name-only --get-regexp http\.https\:\/\/github\.com\/\.extraheader
2026-09-17T10:40:44.7588751Z http.https://github.com/.extraheader
2026-09-17T10:40:44.7595855Z [command]/usr/bin/git config --local --unset-all http.https://github.com/.extraheader
2026-09-17T10:40:44.7627754Z [command]/usr/bin/git submodule foreach --recursive sh -c "git config --local --name-only --get-regexp 'http\.https\:\/\/github\.com\/\.extraheader' && git config --local --unset-all 'http.https://github.com/.extraheader' || :"
2026-09-17T10:40:44.7811545Z ##[endgroup]
2026-09-17T10:40:44.8639636Z ##[group]Run rustup toolchain install 1.98.1 --profile minimal --component rustfmt --component clippy
2026-09-17T10:40:44.8641906Z [36;1mrustup toolchain install 1.98.1 --profile minimal --component rustfmt --component clippy[0m
2026-09-17T10:40:44.8681142Z shell: /usr/bin/bash --noprofile --norc -e -o pipefail {0}
2026-09-17T10:40:44.8682244Z env:
2026-09-17T10:40:44.8682889Z   RAYON_NUM_THREADS: 2
2026-09-17T10:40:44.8683623Z   CARGO_BUILD_JOBS: 2
2026-09-17T10:40:44.8684326Z ##[endgroup]
2026-09-17T10:40:44.9174654Z info: syncing channel updates for 1.98.1-x86_64-unknown-linux-gnu
2026-09-17T10:40:45.0756003Z info: latest update on 2026-09-03 for version 1.98.1 (48a229cea 2026-09-01)
2026-09-17T10:40:45.0758186Z info: downloading 5 components
2026-09-17T10:40:51.8639599Z 
2026-09-17T10:40:51.8702166Z   1.98.1-x86_64-unknown-linux-gnu installed - rustc 1.98.1 (48a229cea 2026-09-01)
2026-09-17T10:40:51.8702542Z 
2026-09-17T10:40:51.9016497Z ##[group]Run python -m unittest discover -s scripts/tests -p test_funded_rust.py -v
2026-09-17T10:40:51.9016980Z [36;1mpython -m unittest discover -s scripts/tests -p test_funded_rust.py -v[0m
2026-09-17T10:40:51.9050817Z shell: /usr/bin/bash --noprofile --norc -e -o pipefail {0}
2026-09-17T10:40:51.9051169Z env:
2026-09-17T10:40:51.9051350Z   RAYON_NUM_THREADS: 2
2026-09-17T10:40:51.9051530Z   CARGO_BUILD_JOBS: 2
2026-09-17T10:40:51.9051702Z ##[endgroup]
2026-09-17T10:40:51.9822014Z test_command_failure_stops_cohort_and_never_reports_completion (test_funded_rust.FundedRustPlanTests.test_command_failure_stops_cohort_and_never_reports_completion) ... ok
2026-09-17T10:40:51.9824898Z test_commands_keep_flags_and_never_filter_test_names (test_funded_rust.FundedRustPlanTests.test_commands_keep_flags_and_never_filter_test_names) ... ok
2026-09-17T10:40:51.9828463Z test_empty_or_incomplete_inventory_fails (test_funded_rust.FundedRustPlanTests.test_empty_or_incomplete_inventory_fails) ... ok
2026-09-17T10:40:51.9830167Z test_future_binary_and_integration_targets_join_automatically (test_funded_rust.FundedRustPlanTests.test_future_binary_and_integration_targets_join_automatically) ... ok
2026-09-17T10:40:51.9836688Z test_invalid_names_and_duplicate_targets_fail (test_funded_rust.FundedRustPlanTests.test_invalid_names_and_duplicate_targets_fail) ... ok
2026-09-17T10:40:51.9842396Z test_metadata_failure_is_a_nonzero_exit (test_funded_rust.FundedRustPlanTests.test_metadata_failure_is_a_nonzero_exit) ... ok
2026-09-17T10:40:51.9848152Z test_plan_only_is_not_a_test_execution (test_funded_rust.FundedRustPlanTests.test_plan_only_is_not_a_test_execution) ... ok
2026-09-17T10:40:51.9851008Z test_reordering_metadata_does_not_change_plan (test_funded_rust.FundedRustPlanTests.test_reordering_metadata_does_not_change_plan) ... ok
2026-09-17T10:40:51.9853703Z test_target_union_is_complete_and_disjoint (test_funded_rust.FundedRustPlanTests.test_target_union_is_complete_and_disjoint) ... ok
2026-09-17T10:40:51.9855029Z test_unknown_cohort_or_schema_fails (test_funded_rust.FundedRustPlanTests.test_unknown_cohort_or_schema_fails) ... ok
2026-09-17T10:40:51.9862965Z test_unknown_or_disabled_targets_are_not_silently_omitted (test_funded_rust.FundedRustPlanTests.test_unknown_or_disabled_targets_are_not_silently_omitted) ... ok
2026-09-17T10:40:51.9866090Z test_unselected_features_fail (test_funded_rust.FundedRustPlanTests.test_unselected_features_fail) ... ok
2026-09-17T10:40:51.9869833Z test_wrong_workspace_identity_fails (test_funded_rust.FundedRustPlanTests.test_wrong_workspace_identity_fails) ... ok
2026-09-17T10:40:51.9870454Z 
2026-09-17T10:40:51.9870640Z ----------------------------------------------------------------------
2026-09-17T10:40:51.9871063Z Ran 13 tests in 0.005s
2026-09-17T10:40:51.9871246Z 
2026-09-17T10:40:51.9871330Z OK
2026-09-17T10:40:52.0176282Z ##[group]Run cargo fmt --all -- --check
2026-09-17T10:40:52.0176585Z [36;1mcargo fmt --all -- --check[0m
2026-09-17T10:40:52.0176871Z [36;1mcargo metadata --locked --format-version=1 > /dev/null[0m
2026-09-17T10:40:52.0177157Z [36;1mgit diff --exit-code[0m
2026-09-17T10:40:52.0211484Z shell: /usr/bin/bash --noprofile --norc -e -o pipefail {0}
2026-09-17T10:40:52.0211771Z env:
2026-09-17T10:40:52.0211957Z   RAYON_NUM_THREADS: 2
2026-09-17T10:40:52.0212141Z   CARGO_BUILD_JOBS: 2
2026-09-17T10:40:52.0212325Z ##[endgroup]
2026-09-17T10:40:52.2878945Z     Updating crates.io index
2026-09-17T10:40:52.5028168Z  Downloading crates ...
2026-09-17T10:40:52.5353384Z   Downloaded argon2 v0.5.3
2026-09-17T10:40:52.5374778Z   Downloaded autocfg v1.5.1
2026-09-17T10:40:52.5404927Z   Downloaded atomic-polyfill v1.0.3
2026-09-17T10:40:52.5409420Z   Downloaded blake2 v0.10.6
2026-09-17T10:40:52.5438258Z   Downloaded aead v0.5.2
2026-09-17T10:40:52.5458275Z   Downloaded arrayvec v0.7.8
2026-09-17T10:40:52.5478620Z   Downloaded bech32 v0.11.1
2026-09-17T10:40:52.5506399Z   Downloaded bitvec v1.1.1
2026-09-17T10:40:52.5684152Z   Downloaded base64ct v1.8.3
2026-09-17T10:40:52.5705838Z   Downloaded serde_derive v1.0.229
2026-09-17T10:40:52.5731976Z   Downloaded aes v0.8.4
2026-09-17T10:40:52.5778121Z   Downloaded base16ct v0.2.0
2026-09-17T10:40:52.5794293Z   Downloaded subtle v2.6.1
2026-09-17T10:40:52.5808470Z   Downloaded byteorder v1.5.0
2026-09-17T10:40:52.5813124Z   Downloaded thiserror v2.0.20
2026-09-17T10:40:52.5865398Z   Downloaded rand_core v0.6.4
2026-09-17T10:40:52.5876213Z   Downloaded tap v1.0.1
2026-09-17T10:40:52.5883587Z   Downloaded zeroize_derive v1.5.0
2026-09-17T10:40:52.5891440Z   Downloaded crypto-common v0.1.7
2026-09-17T10:40:52.5898472Z   Downloaded universal-hash v0.5.1
2026-09-17T10:40:52.5905273Z   Downloaded visibility v0.1.1
2026-09-17T10:40:52.5915291Z   Downloaded zcash_spec v0.2.1
2026-09-17T10:40:52.5924846Z   Downloaded corez v0.1.1
2026-09-17T10:40:52.5938955Z   Downloaded frost-rerandomized v3.0.0
2026-09-17T10:40:52.5945811Z   Downloaded sha2 v0.10.9
2026-09-17T10:40:52.5966076Z   Downloaded thiserror-impl v2.0.20
2026-09-17T10:40:52.5977306Z   Downloaded version_check v0.9.5
2026-09-17T10:40:52.5987903Z   Downloaded wasi v0.11.1+wasi-snapshot-preview1
2026-09-17T10:40:52.6001533Z   Downloaded zeroize v1.9.0
2026-09-17T10:40:52.6013237Z   Downloaded either v1.18.0
2026-09-17T10:40:52.6025362Z   Downloaded tracing-attributes v0.1.31
2026-09-17T10:40:52.6046407Z   Downloaded uint v0.9.5
2026-09-17T10:40:52.6058885Z   Downloaded num-integer v0.1.47
2026-09-17T10:40:52.6071742Z   Downloaded radium v0.7.0
2026-09-17T10:40:52.6079741Z   Downloaded zip32 v0.2.1
2026-09-17T10:40:52.6092339Z   Downloaded bls12_381 v0.8.0
2026-09-17T10:40:52.6135007Z   Downloaded cfg-if v1.0.4
2026-09-17T10:40:52.6145378Z   Downloaded unicode-ident v1.0.24
2026-09-17T10:40:52.6168876Z   Downloaded zcash_note_encryption v0.4.2
2026-09-17T10:40:52.6179687Z   Downloaded itertools v0.14.0
2026-09-17T10:40:52.6236982Z   Downloaded lock_api v0.4.14
2026-09-17T10:40:52.6247456Z   Downloaded getrandom v0.2.17
2026-09-17T10:40:52.6271499Z   Downloaded indexmap v1.9.3
2026-09-17T10:40:52.6296999Z   Downloaded wyz v0.5.1
2026-09-17T10:40:52.6306660Z   Downloaded generic-array v0.14.7
2026-09-17T10:40:52.6317833Z   Downloaded chacha20poly1305 v0.10.1
2026-09-17T10:40:52.6331303Z   Downloaded constant_time_eq v0.4.2
2026-09-17T10:40:52.6347638Z   Downloaded crossbeam-utils v0.8.23
2026-09-17T10:40:52.6370334Z   Downloaded crossbeam-epoch v0.9.21
2026-09-17T10:40:52.6391200Z   Downloaded crunchy v0.2.4
2026-09-17T10:40:52.6397650Z   Downloaded ff v0.13.1
2026-09-17T10:40:52.6409894Z   Downloaded group v0.13.0
2026-09-17T10:40:52.6422629Z   Downloaded num-traits v0.2.19
2026-09-17T10:40:52.6443309Z   Downloaded pin-project-lite v0.2.17
2026-09-17T10:40:52.6493027Z   Downloaded quote v1.0.47
2026-09-17T10:40:52.6518605Z   Downloaded static_assertions v1.1.0
2026-09-17T10:40:52.6533258Z   Downloaded tracing-core v0.1.36
2026-09-17T10:40:52.6555190Z   Downloaded zerocopy-derive v0.8.57
2026-09-17T10:40:52.6632715Z   Downloaded hex v0.4.3
2026-09-17T10:40:52.6645528Z   Downloaded incrementalmerkletree v0.8.1
2026-09-17T10:40:52.6655766Z   Downloaded inout v0.1.4
2026-09-17T10:40:52.6664730Z   Downloaded typenum v1.20.1
2026-09-17T10:40:52.6693322Z   Downloaded const-crc32-nostd v1.3.1
2026-09-17T10:40:52.6699478Z   Downloaded cpufeatures v0.2.17
2026-09-17T10:40:52.6710667Z   Downloaded derive-getters v0.5.0
2026-09-17T10:40:52.6733103Z   Downloaded digest v0.10.7
2026-09-17T10:40:52.6747623Z   Downloaded frost-core v3.0.0
2026-09-17T10:40:52.6773977Z   Downloaded scopeguard v1.2.0
2026-09-17T10:40:52.6784017Z   Downloaded block-buffer v0.10.4
2026-09-17T10:40:52.6792303Z   Downloaded cipher v0.4.4
2026-09-17T10:40:52.6804015Z   Downloaded funty v2.0.0
2026-09-17T10:40:52.6810291Z   Downloaded serde_core v1.0.229
2026-09-17T10:40:52.6832802Z   Downloaded spin v0.9.9
2026-09-17T10:40:52.6852552Z   Downloaded crossbeam-deque v0.8.8
2026-09-17T10:40:52.6865367Z   Downloaded halo2_legacy_pdqsort v0.1.0
2026-09-17T10:40:52.6876376Z   Downloaded password-hash v0.5.0
2026-09-17T10:40:52.6891531Z   Downloaded syn v2.0.119
2026-09-17T10:40:52.6976164Z   Downloaded lazy_static v1.5.0
2026-09-17T10:40:52.6991153Z   Downloaded chacha20 v0.9.1
2026-09-17T10:40:52.7005543Z   Downloaded halo2_poseidon v0.1.0
2026-09-17T10:40:52.7017693Z   Downloaded heapless v0.7.17
2026-09-17T10:40:52.7048201Z   Downloaded rustc_version v0.4.1
2026-09-17T10:40:52.7058441Z   Downloaded zerocopy v0.8.57
2026-09-17T10:40:52.7232521Z   Downloaded serdect v0.2.0
2026-09-17T10:40:52.7243618Z   Downloaded syn v3.0.5
2026-09-17T10:40:52.7329457Z   Downloaded tracing v0.1.44
2026-09-17T10:40:52.7458748Z   Downloaded embedded-io v0.6.1
2026-09-17T10:40:52.7469288Z   Downloaded hash32 v0.2.1
2026-09-17T10:40:52.7482067Z   Downloaded document-features v0.2.12
2026-09-17T10:40:52.7492145Z   Downloaded embedded-io v0.4.0
2026-09-17T10:40:52.7505611Z   Downloaded nonempty v0.11.0
2026-09-17T10:40:52.7516586Z   Downloaded stable_deref_trait v1.2.1
2026-09-17T10:40:52.7523607Z   Downloaded cobs v0.3.0
2026-09-17T10:40:52.7534984Z   Downloaded getset v0.1.7
2026-09-17T10:40:52.7547806Z   Downloaded opaque-debug v0.3.1
2026-09-17T10:40:52.7555350Z   Downloaded poly1305 v0.8.0
2026-09-17T10:40:52.7575322Z   Downloaded ppv-lite86 v0.2.21
2026-09-17T10:40:52.7585777Z   Downloaded memuse v0.2.2
2026-09-17T10:40:52.7596749Z   Downloaded fpe v0.6.1
2026-09-17T10:40:52.7612738Z   Downloaded once_cell v1.21.4
2026-09-17T10:40:52.7633498Z   Downloaded postcard v1.1.3
2026-09-17T10:40:52.7652508Z   Downloaded rand_chacha v0.3.1
2026-09-17T10:40:52.7668273Z   Downloaded critical-section v1.2.0
2026-09-17T10:40:52.7675519Z   Downloaded maybe-rayon v0.1.1
2026-09-17T10:40:52.7682219Z   Downloaded proc-macro2 v1.0.107
2026-09-17T10:40:52.7706102Z   Downloaded blake2b_simd v1.0.5
2026-09-17T10:40:52.7717783Z   Downloaded cbc v0.1.2
2026-09-17T10:40:52.7729945Z   Downloaded jubjub v0.10.0
2026-09-17T10:40:52.7757024Z   Downloaded semver v1.0.28
2026-09-17T10:40:52.7775780Z   Downloaded serde v1.0.229
2026-09-17T10:40:52.7803931Z   Downloaded litrs v1.0.0
2026-09-17T10:40:52.7829418Z   Downloaded rayon v1.12.0
2026-09-17T10:40:52.7908491Z   Downloaded rayon-core v1.13.0
2026-09-17T10:40:52.7939136Z   Downloaded num-bigint v0.4.8
2026-09-17T10:40:52.7979669Z   Downloaded reddsa v0.5.2
2026-09-17T10:40:52.8023600Z   Downloaded hashbrown v0.12.3
2026-09-17T10:40:52.8054220Z   Downloaded rand v0.8.5
2026-09-17T10:40:52.8082230Z   Downloaded sinsemilla v0.1.0
2026-09-17T10:40:52.8101732Z   Downloaded libm v0.2.16
2026-09-17T10:40:52.8191751Z   Downloaded halo2_proofs v0.3.5
2026-09-17T10:40:52.8254581Z   Downloaded halo2_gadgets v0.5.0
2026-09-17T10:40:52.8348375Z   Downloaded pasta_curves v0.5.2
2026-09-17T10:40:52.8408252Z   Downloaded orchard v0.15.5
2026-09-17T10:40:52.8550055Z   Downloaded libc v0.2.189
2026-09-17T10:40:53.0702776Z ##[group]Run python scripts/run_funded_rust.py library
2026-09-17T10:40:53.0703139Z [36;1mpython scripts/run_funded_rust.py library[0m
2026-09-17T10:40:53.0734743Z shell: /usr/bin/bash --noprofile --norc -e -o pipefail {0}
2026-09-17T10:40:53.0735008Z env:
2026-09-17T10:40:53.0735171Z   RAYON_NUM_THREADS: 2
2026-09-17T10:40:53.0735355Z   CARGO_BUILD_JOBS: 2
2026-09-17T10:40:53.0735527Z ##[endgroup]
2026-09-17T10:40:53.1336870Z {"cohort": "library", "commands": [["cargo", "test", "--locked", "--release", "--features", "local-funding-lab", "--lib", "--", "--test-threads=1"]], "documentation_tests": false, "test_targets": [["lib", "zevune_orchard_lab"]]}
2026-09-17T10:40:53.1338129Z RUN cargo test --locked --release --features local-funding-lab --lib -- --test-threads=1
2026-09-17T10:40:53.2283284Z    Compiling libc v0.2.189
2026-09-17T10:40:53.2283634Z    Compiling cfg-if v1.0.4
2026-09-17T10:40:53.2444822Z    Compiling proc-macro2 v1.0.107
2026-09-17T10:40:53.3899327Z    Compiling quote v1.0.47
2026-09-17T10:40:53.4599487Z    Compiling unicode-ident v1.0.24
2026-09-17T10:40:53.8689362Z    Compiling getrandom v0.2.17
2026-09-17T10:40:53.8754524Z    Compiling version_check v0.9.5
2026-09-17T10:40:53.9745309Z    Compiling rand_core v0.6.4
2026-09-17T10:40:53.9878332Z    Compiling subtle v2.6.1
2026-09-17T10:40:54.0410011Z    Compiling generic-array v0.14.7
2026-09-17T10:40:54.0771841Z    Compiling typenum v1.20.1
2026-09-17T10:40:54.0923563Z    Compiling syn v2.0.119
2026-09-17T10:40:54.7417102Z    Compiling crypto-common v0.1.7
2026-09-17T10:40:54.7801041Z    Compiling radium v0.7.0
2026-09-17T10:40:54.8428225Z    Compiling tap v1.0.1
2026-09-17T10:40:54.8711929Z    Compiling wyz v0.5.1
2026-09-17T10:40:55.0334957Z    Compiling autocfg v1.5.1
2026-09-17T10:40:55.1829105Z    Compiling funty v2.0.0
2026-09-17T10:40:55.7588610Z    Compiling zerocopy v0.8.57
2026-09-17T10:40:55.8760079Z    Compiling bitvec v1.1.1
2026-09-17T10:40:56.5757094Z    Compiling zeroize_derive v1.5.0
2026-09-17T10:40:56.7703178Z    Compiling zeroize v1.9.0
2026-09-17T10:40:57.3515740Z    Compiling ff v0.13.1
2026-09-17T10:40:57.4009419Z    Compiling arrayvec v0.7.8
2026-09-17T10:40:57.5001484Z    Compiling crossbeam-utils v0.8.23
2026-09-17T10:40:57.5705695Z    Compiling constant_time_eq v0.4.2
2026-09-17T10:40:57.6346954Z    Compiling memuse v0.2.2
2026-09-17T10:40:57.6991843Z    Compiling blake2b_simd v1.0.5
2026-09-17T10:40:58.8566390Z    Compiling ppv-lite86 v0.2.21
2026-09-17T10:40:58.9844968Z    Compiling crossbeam-epoch v0.9.21
2026-09-17T10:40:59.0292329Z    Compiling rand_chacha v0.3.1
2026-09-17T10:40:59.3633235Z    Compiling group v0.13.0
2026-09-17T10:40:59.3681916Z    Compiling inout v0.1.4
2026-09-17T10:40:59.4076102Z    Compiling cpufeatures v0.2.17
2026-09-17T10:40:59.4238272Z    Compiling static_assertions v1.1.0
2026-09-17T10:40:59.4416580Z    Compiling crossbeam-deque v0.8.8
2026-09-17T10:40:59.4438111Z    Compiling spin v0.9.9
2026-09-17T10:40:59.4807952Z    Compiling lazy_static v1.5.0
2026-09-17T10:40:59.4993950Z    Compiling cipher v0.4.4
2026-09-17T10:40:59.6010402Z    Compiling rand v0.8.5
2026-09-17T10:40:59.7037792Z    Compiling rayon-core v1.13.0
2026-09-17T10:40:59.8294130Z    Compiling num-traits v0.2.19
2026-09-17T10:40:59.8719771Z    Compiling syn v3.0.5
2026-09-17T10:41:00.0190335Z    Compiling pasta_curves v0.5.2
2026-09-17T10:41:01.0227452Z    Compiling either v1.18.0
2026-09-17T10:41:02.0333081Z    Compiling indexmap v1.9.3
2026-09-17T10:41:02.0764172Z    Compiling crunchy v0.2.4
2026-09-17T10:41:02.1356831Z    Compiling serde_core v1.0.229
2026-09-17T10:41:02.2132589Z    Compiling once_cell v1.21.4
2026-09-17T10:41:02.3048635Z    Compiling tracing-core v0.1.36
2026-09-17T10:41:02.8705820Z    Compiling rayon v1.12.0
2026-09-17T10:41:04.6472914Z    Compiling tracing-attributes v0.1.31
2026-09-17T10:41:05.1648563Z    Compiling universal-hash v0.5.1
2026-09-17T10:41:05.2006056Z    Compiling block-buffer v0.10.4
2026-09-17T10:41:05.2426781Z    Compiling pin-project-lite v0.2.17
2026-09-17T10:41:05.2634381Z    Compiling hashbrown v0.12.3
2026-09-17T10:41:05.5861007Z    Compiling serde v1.0.229
2026-09-17T10:41:05.6603812Z    Compiling byteorder v1.5.0
2026-09-17T10:41:05.7655302Z    Compiling thiserror v2.0.20
2026-09-17T10:41:05.8539609Z    Compiling opaque-debug v0.3.1
2026-09-17T10:41:05.8686291Z    Compiling hex v0.4.3
2026-09-17T10:41:05.9850443Z    Compiling libm v0.2.16
2026-09-17T10:41:06.0639299Z    Compiling poly1305 v0.8.0
2026-09-17T10:41:06.6538753Z    Compiling tracing v0.1.44
2026-09-17T10:41:06.8095815Z    Compiling digest v0.10.7
2026-09-17T10:41:06.9032924Z    Compiling num-integer v0.1.47
2026-09-17T10:41:07.1592880Z    Compiling maybe-rayon v0.1.1
2026-09-17T10:41:08.4502770Z    Compiling thiserror-impl v2.0.20
2026-09-17T10:41:08.9865857Z    Compiling serde_derive v1.0.229
2026-09-17T10:41:10.4272894Z    Compiling chacha20 v0.9.1
2026-09-17T10:41:10.5213078Z    Compiling bls12_381 v0.8.0
2026-09-17T10:41:10.7428592Z    Compiling aead v0.5.2
2026-09-17T10:41:10.7979779Z    Compiling halo2_legacy_pdqsort v0.1.0
2026-09-17T10:41:10.8506523Z    Compiling halo2_proofs v0.3.5
2026-09-17T10:41:10.9024467Z    Compiling chacha20poly1305 v0.10.1
2026-09-17T10:41:10.9426160Z    Compiling jubjub v0.10.0
2026-09-17T10:41:12.7709212Z    Compiling uint v0.9.5
2026-09-17T10:41:12.8154069Z    Compiling num-bigint v0.4.8
2026-09-17T10:41:15.2277110Z    Compiling halo2_poseidon v0.1.0
2026-09-17T10:41:15.4765500Z    Compiling sinsemilla v0.1.0
2026-09-17T10:41:15.6100898Z    Compiling cbc v0.1.2
2026-09-17T10:41:15.6536107Z    Compiling zcash_spec v0.2.1
2026-09-17T10:41:15.6891824Z    Compiling base64ct v1.8.3
2026-09-17T10:41:15.8268777Z    Compiling bech32 v0.11.1
2026-09-17T10:41:16.0666228Z    Compiling zip32 v0.2.1
2026-09-17T10:41:16.2800555Z    Compiling password-hash v0.5.0
2026-09-17T10:41:16.4701817Z    Compiling halo2_gadgets v0.5.0
2026-09-17T10:41:16.8178224Z    Compiling fpe v0.6.1
2026-09-17T10:41:17.2941269Z    Compiling reddsa v0.5.2
2026-09-17T10:41:17.4945695Z    Compiling zcash_note_encryption v0.4.2
2026-09-17T10:41:17.6009885Z    Compiling blake2 v0.10.6
2026-09-17T10:41:17.8833610Z    Compiling incrementalmerkletree v0.8.1
2026-09-17T10:41:17.9795098Z    Compiling aes v0.8.4
2026-09-17T10:41:18.5325893Z    Compiling visibility v0.1.1
2026-09-17T10:41:18.6079803Z    Compiling getset v0.1.7
2026-09-17T10:41:18.8162354Z    Compiling corez v0.1.1
2026-09-17T10:41:18.8329183Z    Compiling nonempty v0.11.0
2026-09-17T10:41:18.8943884Z    Compiling argon2 v0.5.3
2026-09-17T10:41:19.4654310Z    Compiling orchard v0.15.5
2026-09-17T10:41:20.6099393Z    Compiling sha2 v0.10.9
2026-09-17T10:41:30.2133758Z    Compiling zevune-orchard-lab v0.1.0 (/home/runner/work/Zevune/Zevune/integration/orchard)
2026-09-17T10:41:45.9496877Z     Finished `release` profile [optimized] target(s) in 52.79s
2026-09-17T10:41:45.9552922Z      Running unittests src/lib.rs (target/release/deps/zevune_orchard_lab-33858c4524ad0554)
2026-09-17T10:41:45.9564681Z 
2026-09-17T10:41:45.9564835Z running 159 tests
2026-09-17T10:41:45.9603569Z test pool::active::tests::adding_a_hard_link_after_open_poison_checks_without_modifying_ledger_bytes ... ok
2026-09-17T10:41:45.9638499Z test pool::active::tests::another_process_cannot_open_held_genesis_lock ... ok
2026-09-17T10:41:45.9639236Z test pool::active::tests::budgets_include_framing_total_tail_and_the_independent_segment_cap ... ok
2026-09-17T10:41:45.9668309Z test pool::active::tests::captured_reader_requires_each_real_eof_and_poisoned_readers_cannot_resume ... ok
2026-09-17T10:41:45.9678285Z test pool::active::tests::create_is_exclusive_bounded_and_preserves_existing_bytes ... ok
2026-09-17T10:41:45.9697089Z test pool::active::tests::early_rotation_and_split_frames_are_rejected_even_with_valid_checksums ... ok
2026-09-17T10:41:45.9951611Z test pool::active::tests::failed_next_segment_publication_keeps_all_sealed_prefix_bytes_and_no_repair ... ok
2026-09-17T10:41:46.0037100Z test pool::active::tests::full_segment_and_next_frame_rotate_canonically_without_crossing ... ok
2026-09-17T10:41:46.0122986Z test pool::active::tests::interruption_leaves_metadata_unchanged_and_preserves_the_recoverable_prefix ... ok
2026-09-17T10:41:46.0132237Z test pool::active::tests::malformed_frame_and_capacity_rejection_create_no_files_or_bytes ... ok
2026-09-17T10:41:46.0148788Z test pool::active::tests::readers_retain_the_exclusive_root_lock_and_have_independent_positions ... ok
2026-09-17T10:41:46.0188847Z test pool::active::tests::symlinks_hard_links_and_replaced_names_are_rejected ... ok
2026-09-17T10:41:46.0199635Z test pool::active::tests::unknown_entry_after_open_is_not_ignored_or_removed ... ok
2026-09-17T10:41:46.0293420Z test pool::active::tests::unknown_missing_empty_and_truncated_segments_fail_closed_without_repair ... ok
2026-09-17T10:41:53.2648959Z test pool::active_flow_tests::active_profile_domain_rejections_preserve_bytes_reservations_and_legacy_contract ... ok
2026-09-17T10:41:53.3334623Z test pool::active_flow_tests::active_write_failures_poison_store_without_publishing_partial_state ... ok
2026-09-17T10:41:57.7313445Z test pool::active_flow_tests::legacy_normal_commits_stop_at_10000_without_mutating_state_or_journal ... ok
2026-09-17T10:42:14.0613255Z test pool::active_flow_tests::real_payments_rotate_default_segments_cross_10000_and_reopen_through_10002 ... ok
2026-09-17T10:42:14.0619078Z test pool::capacity_tests::capacity_accounting_matches_the_actual_record_encoder ... ok
2026-09-17T10:42:14.0628370Z test pool::capacity_tests::capacity_commit_rechecks_the_budget_and_preserves_the_source ... ok
2026-09-17T10:42:14.0644917Z test pool::capacity_tests::capacity_exact_empty_frame_commits_reopens_and_stops_cleanly ... ok
2026-09-17T10:42:24.5224079Z test pool::capacity_tests::capacity_genuine_payments_share_one_exact_budget_without_state_leaks ... ok
2026-09-17T10:42:24.5230936Z test pool::capacity_tests::capacity_invalid_instance_still_fails_closed ... ok
2026-09-17T10:42:24.5233357Z test pool::capacity_tests::capacity_invalid_lengths_counts_and_overflow_are_rejected ... ok
2026-09-17T10:42:24.5238671Z test pool::capacity_tests::capacity_prepare_rejects_before_unpersistable_empty_block ... ok
2026-09-17T10:42:24.5245385Z test pool::capacity_tests::capacity_rejects_before_attempting_any_candidate_authorization ... ok
2026-09-17T10:42:24.5252071Z test pool::capacity_tests::capacity_selection_requires_space_for_even_an_empty_record ... ok
2026-09-17T10:42:24.5252808Z test pool::recovery::active::tests::checkpoint_codec_has_exact_length_distinct_magic_and_bounded_arithmetic ... ok
2026-09-17T10:42:24.5285128Z test pool::recovery::active::tests::checkpoint_export_preserves_prepared_work_and_never_certifies_uncommitted_bytes ... ok
2026-09-17T10:42:24.5327696Z test pool::recovery::active::tests::checkpoint_export_replays_same_length_replacement_and_never_publishes_its_state ... ok
2026-09-17T10:42:24.5377650Z test pool::recovery::active::tests::creating_a_target_is_exclusive_and_source_validation_precedes_creation ... ok
2026-09-17T10:42:24.5387848Z test pool::recovery::active::tests::exported_genesis_checkpoint_matches_independent_fixed_layout_vector ... ok
2026-09-17T10:42:24.5479222Z test pool::recovery::active::tests::final_source_and_target_namespace_changes_cannot_return_success ... ok
2026-09-17T10:42:24.5623385Z test pool::recovery::active::tests::genesis_and_committed_archive_copies_preserve_every_file_and_continue_normally ... ok
2026-09-17T10:42:24.5653228Z test pool::recovery::active::tests::incompatible_checkpoint_profiles_reject_without_poisoning_healthy_stores ... ok
2026-09-17T10:42:29.9396151Z test pool::recovery::active::tests::namespace_tests::active_archive_locks_coordinate_real_processes ... ok
2026-09-17T10:42:29.9460705Z test pool::recovery::active::tests::namespace_tests::failed_open_releases_all_acquired_file_and_directory_handles ... ok
2026-09-17T10:42:29.9495450Z test pool::recovery::active::tests::namespace_tests::parent_aliases_and_replaced_directories_cannot_redirect_a_retained_archive ... ok
2026-09-17T10:42:29.9613503Z test pool::recovery::active::tests::namespace_tests::persistent_entry_replacements_symlinks_and_hardlinks_are_not_certified ... ok
2026-09-17T10:42:29.9666209Z test pool::recovery::active::tests::namespace_tests::readonly_source_files_copy_into_a_normally_writable_active_directory ... ok
2026-09-17T10:42:29.9684911Z test pool::recovery::active::tests::namespace_tests::unknown_entry_after_open_prevents_verification_and_creates_no_target ... ok
2026-09-17T10:42:29.9827440Z test pool::recovery::active::tests::partial_copies_and_lost_acknowledgements_preserve_targets_without_retry_or_repair ... ok
2026-09-17T10:42:29.9892625Z test pool::recovery::active::tests::repinned_headers_are_bounded_inside_the_physical_genesis_file ... ok
2026-09-17T10:42:30.0232547Z test pool::recovery::active::tests::repinned_layout_still_requires_complete_frames_canonical_rotation_and_real_state ... ok
2026-09-17T10:42:30.0339158Z test pool::recovery::active::tests::retained_replay_binds_the_independently_expected_genesis_after_a_same_length_change ... ok
2026-09-17T10:42:30.1437937Z test pool::recovery::segments::index::tests::all_records_locate_correctly_across_real_production_segment_boundaries ... ok
2026-09-17T10:42:30.1475426Z test pool::recovery::segments::index::tests::both_profiles_have_exact_height_locations_and_unchanged_source ... ok
2026-09-17T10:42:30.1502915Z test pool::recovery::segments::index::tests::changed_captured_length_and_wrong_pinned_tip_are_rejected ... ok
2026-09-17T10:42:30.1503847Z test pool::recovery::segments::index::tests::exact_segment_end_is_not_attributed_to_a_nonexistent_next_segment ... ok
2026-09-17T10:42:30.1518335Z test pool::recovery::segments::index::tests::genesis_only_has_no_phantom_record ... ok
2026-09-17T10:42:35.5071882Z test pool::recovery::segments::index::tests::genuine_nonzero_payment_index_cannot_bypass_authorization_or_double_spend ... ok
2026-09-17T10:42:35.5074530Z test pool::recovery::segments::index::tests::index_builder_rejects_gaps_overlaps_wrong_heights_hashes_and_bombs ... ok
2026-09-17T10:42:35.5093440Z test pool::recovery::segments::index::tests::metadata_or_late_replay_failure_never_yields_a_prefix_index ... ok
2026-09-17T10:42:35.5109887Z test pool::recovery::segments::index::tests::moved_named_archive_cannot_reuse_its_old_index_verdict ... ok
2026-09-17T10:42:35.5110811Z test pool::recovery::segments::reader_tests::exact_payload_requires_last_segment_eof_check_before_success ... ok
2026-09-17T10:42:35.5112527Z test pool::recovery::segments::reader_tests::hard_io_failure_at_each_boundary_permanently_invalidates_reader ... ok
2026-09-17T10:42:35.5113485Z test pool::recovery::segments::reader_tests::inconsistent_private_reader_metadata_returns_error_instead_of_panicking ... ok
2026-09-17T10:42:35.5114466Z test pool::recovery::segments::reader_tests::interrupted_short_reads_and_segment_end_checks_do_not_poison_reader ... ok
2026-09-17T10:42:35.5115390Z test pool::recovery::segments::reader_tests::truncated_or_extended_segment_cannot_be_skipped_by_retry ... ok
2026-09-17T10:42:35.7028692Z test pool::recovery::segments::tests::actual_multisegment_replay_crosses_record_boundary_and_restores_exact_bytes ... ok
2026-09-17T10:42:35.7115087Z test pool::recovery::segments::tests::empty_read_does_not_advance_and_segment_eof_is_not_journal_eof ... ok
2026-09-17T10:42:35.7139010Z test pool::recovery::segments::tests::every_publication_failure_preserves_source_and_cannot_be_retried_in_place ... ok
2026-09-17T10:42:35.7157710Z test pool::recovery::segments::tests::links_and_nonregular_inputs_are_refused_and_late_corruption_precedes_output_creation ... ok
2026-09-17T10:42:35.7158696Z test pool::recovery::segments::tests::manifest_is_exact_bounded_and_contains_no_supplied_paths ... ok
2026-09-17T10:42:35.7189220Z test pool::recovery::segments::tests::missing_extra_swapped_truncated_or_changed_segments_are_rejected ... ok
2026-09-17T10:42:35.7204510Z test pool::recovery::segments::tests::namespace_tests::extra_file_after_open_is_rejected_without_removal_or_output ... ok
2026-09-17T10:42:35.7220199Z test pool::recovery::segments::tests::namespace_tests::failed_open_releases_directory_guard_and_all_acquired_file_locks ... ok
2026-09-17T10:42:35.7241434Z test pool::recovery::segments::tests::namespace_tests::renamed_and_replaced_directory_cannot_be_verified_or_receive_restore_output ... ok
2026-09-17T10:42:35.7258340Z test pool::recovery::segments::tests::namespace_tests::replaced_manifest_with_identical_bytes_is_not_the_retained_object ... ok
2026-09-17T10:42:35.7274969Z test pool::recovery::segments::tests::namespace_tests::replaced_segment_symlink_is_rejected_even_when_it_targets_original_bytes ... ok
2026-09-17T10:42:35.7310923Z test pool::recovery::segments::tests::namespace_tests::unchanged_archives_retain_multiple_readers_and_release_handles_on_drop ... ok
2026-09-17T10:42:35.7330677Z test pool::recovery::segments::tests::pack_and_restore_are_create_only_and_archive_readers_keep_real_locks ... ok
2026-09-17T10:42:35.7356594Z test pool::recovery::segments::tests::partial_restore_and_lost_ack_leave_explicitly_verifiable_targets ... ok
2026-09-17T10:42:41.0996178Z test pool::recovery::segments::tests::payment_boundary_tests::real_zero_value_authorization_crosses_segment_boundary_and_rehashed_corruption_cannot_restore ... ok
2026-09-17T10:42:41.1014961Z test pool::recovery::segments::tests::persistent_segment_path_replacement_is_rejected_before_restore ... ok
2026-09-17T10:42:49.0569832Z test pool::recovery::segments::tests::real_payment_restore_continues_but_rehashed_bad_signature_is_still_rejected ... ok
2026-09-17T10:42:49.0577335Z test pool::recovery::tests::recovery_checkpoint_codec_bounds_and_every_truncation ... ok
2026-09-17T10:42:49.1228775Z test pool::recovery::tests::recovery_full_copy_matches_and_original_keeps_prepared_block ... ok
2026-09-17T10:42:49.1235971Z test pool::recovery::tests::recovery_invalid_store_does_not_export_a_checkpoint ... ok
2026-09-17T10:42:49.1664014Z test pool::recovery::tests::recovery_legacy_funded_header_is_preserved_not_relabelled_as_lab2 ... ok
2026-09-17T10:42:49.1687239Z test pool::recovery::tests::recovery_partial_write_and_lost_ack_never_replace_or_repair_source ... ok
2026-09-17T10:42:49.1707875Z test pool::recovery::tests::recovery_readonly_archive_and_changed_source_are_checked_before_target_creation ... ok
2026-09-17T10:42:57.0875809Z test pool::recovery::tests::recovery_real_lab2_payment_replay_and_rechecksums_cannot_bypass_authorization ... ok
2026-09-17T10:42:57.0886378Z test pool::recovery::tests::recovery_refuses_overwrite_live_writers_links_and_unknown_paths ... ok
2026-09-17T10:42:57.0895371Z test pool::recovery::tests::recovery_untrusted_header_sizes_are_bounded_even_with_a_matching_file_hash ... ok
2026-09-17T10:42:57.0911240Z test pool::recovery::tests::recovery_wrong_state_domain_length_or_bytes_pin_rejected ... ok
2026-09-17T10:42:57.0926899Z test pool::recovery::tests::replay_integration_tests::a_shorter_valid_archive_needs_its_own_pin_not_the_later_checkpoint ... ok
2026-09-17T10:42:57.1113395Z test pool::recovery::tests::replay_integration_tests::checkpoint_export_and_archive_copy_discard_history_but_keep_the_exact_tip ... ok
2026-09-17T10:42:57.1148542Z test pool::recovery::tests::replay_integration_tests::checkpoint_export_rejects_a_valid_same_length_alternate_history ... ok
2026-09-17T10:42:57.1193150Z test pool::recovery::tests::replay_integration_tests::every_recovery_entry_uses_isolated_replay_without_per_block_state_copies ... ok
2026-09-17T10:42:57.1207833Z test pool::recovery::tests::replay_integration_tests::injected_replay_failure_keeps_lock_and_blocks_prepared_commit_without_repair ... ok
2026-09-17T10:42:57.1233032Z test pool::recovery::tests::replay_integration_tests::normal_append_handles_preserve_history_even_after_read_cursor_rewinds ... ok
2026-09-17T10:42:57.1250508Z test pool::recovery::tests::replay_integration_tests::wrong_final_result_with_new_checksums_never_returns_a_verified_archive ... ok
2026-09-17T10:42:57.1251626Z test pool::replay::tests::a_complete_shorter_prefix_still_requires_an_independent_checkpoint ... ok
2026-09-17T10:42:57.1253324Z test pool::replay::tests::checksum_mutations_and_structural_corruption_do_not_replay ... ok
2026-09-17T10:42:57.1254025Z test pool::replay::tests::declared_size_and_record_count_are_bounded_before_body_allocation ... ok
2026-09-17T10:42:57.1259192Z test pool::replay::tests::every_truncated_frame_and_appended_byte_is_rejected ... ok
2026-09-17T10:42:57.1260297Z test pool::replay::tests::finish_requires_verified_eof_and_errors_permanently_poison_replay ... ok
2026-09-17T10:42:57.1262857Z test pool::replay::tests::fragmented_reads_and_interrupted_eof_are_retried_without_skipping ... ok
2026-09-17T10:42:57.1263642Z test pool::replay::tests::input_failure_is_never_converted_to_a_successful_empty_history ... ok
2026-09-17T10:42:57.1265499Z test pool::replay::tests::io_fault_at_every_record_byte_including_final_eof_drops_the_reconstruction ... ok
2026-09-17T10:42:57.1431868Z test pool::replay::tests::maximum_record_window_is_replayed_without_copying_the_full_state_per_block ... ok
2026-09-17T10:43:04.9243772Z test pool::replay::tests::real_bound_payments_replay_and_partly_valid_blocks_are_discarded ... ok
2026-09-17T10:43:04.9253377Z test pool::replay::tests::reusable_buffer_does_not_decode_stale_tail_bytes_after_a_shorter_record ... ok
2026-09-17T10:43:04.9254204Z test pool::replay::tests::shared_eof_does_not_swallow_read_errors_or_trailing_data ... ok
2026-09-17T10:43:04.9254908Z test pool::replay::tests::shared_header_and_eof_retry_interrupted_and_short_reads ... ok
2026-09-17T10:43:04.9255623Z test pool::replay::tests::shared_header_preserves_both_profiles_and_leaves_records_unread ... ok
2026-09-17T10:43:04.9256332Z test pool::replay::tests::shared_header_rejects_bounds_before_reading_commitment_payload ... ok
2026-09-17T10:43:04.9256789Z test pool::replay::tests::shared_header_rejects_unknown_network_domain_and_truncation ... ok
2026-09-17T10:43:04.9262491Z test pool::replay::tests::startup_and_wallet_history_share_replay_and_preserve_journal_bytes ... ok
2026-09-17T10:43:05.0075504Z test pool::root_cache_tests::cached_root_matches_uncached_summary_for_initialization_clones_and_empty_blocks ... ok
2026-09-17T10:43:15.7478202Z test pool::selection::tests::genuine_selection_matches_prefix_reference_and_never_persists ... ok
2026-09-17T10:43:23.4603616Z test pool::selection::tests::same_block_output_cannot_become_a_selection_anchor ... ok
2026-09-17T10:43:23.4610348Z test pool::selection::tests::selector_bounds_and_unavailable_store_fail_closed ... ok
2026-09-17T10:43:23.4851014Z test pool::testnet::tests::different_manifests_bind_different_initial_states ... ok
2026-09-17T10:43:23.5113491Z test pool::testnet::tests::fixed_supply_and_canonical_openings ... ok
2026-09-17T10:43:31.2897191Z test pool::tests::actual_two_hop_pool_commit_replay_and_corruption ... ok
2026-09-17T10:43:31.2909528Z test pool::tests::empty_pool_lock_restart_and_no_overwrite ... ok
2026-09-17T10:43:31.2916988Z test pool::tests::lost_sync_acknowledgement_remains_uncertain_until_replay ... ok
2026-09-17T10:43:31.2924224Z test pool::tests::partial_write_poison_does_not_advance_memory_or_repair_disk ... ok
2026-09-17T10:43:31.2985789Z test pool::tests::record_decoder_rejects_truncation_trailing_and_length_bombs ... ok
2026-09-17T10:43:31.2994081Z test pool::tests::tampered_prepared_result_and_resource_limits ... ok
2026-09-17T10:43:44.7617479Z test pool::wallet_flow_tests::durable_wallet_outbox_resumes_exact_real_payment_after_lost_acknowledgement ... ok
2026-09-17T10:43:44.7636464Z test pool::wallet_flow_tests::wallet_history_replay_keeps_append_cursor_and_rejects_disk_drift ... ok
2026-09-17T10:44:02.1690506Z test pool::wallet_flow_tests::wallet_nonzero_multinote_payment_change_expiry_backup_and_rescan ... ok
2026-09-17T10:44:02.3501479Z test pool::wallet_flow_tests::wallet_rejects_changed_checkpoint_ancestry_without_mutation ... ok
2026-09-17T10:44:02.3502225Z test signing_domain_vectors::every_context_component_changes_the_bound_signature_message ... ok
2026-09-17T10:44:02.3503458Z test signing_domain_vectors::legacy_and_bound_transcripts_match_independent_sha256_vectors ... ok
2026-09-17T10:44:02.6571214Z test wallet::tests::shared_witnesses_match_upstream_frontier_for_odd_and_even_trees ... ok
2026-09-17T10:44:02.7363099Z test wallet::vault::independent_kdf_vector::argon2id_matches_independent_argon2_cffi_reference ... ok
2026-09-17T10:44:03.3633881Z test wallet::vault::store::compact_tests::compacted_checkpoint_is_authenticated_but_requires_rescan_and_new_receipt ... ok
2026-09-17T10:44:03.8640070Z test wallet::vault::store::compact_tests::compaction_requires_exact_current_pin_and_never_overwrites_targets ... ok
2026-09-17T10:44:03.9525317Z test wallet::vault::store::compact_tests::corrupt_or_poisoned_source_cannot_be_compacted_into_a_fresh_looking_copy ... ok
2026-09-17T10:44:35.6432359Z test wallet::vault::store::compact_tests::full_journal_compacts_exact_real_outbox_and_continues_after_confirmation ... ok
2026-09-17T10:44:36.2474234Z test wallet::vault::store::compact_tests::partial_and_lost_ack_compaction_preserve_source_and_do_not_repair_targets ... ok
2026-09-17T10:44:36.6929197Z test wallet::vault::store::tests::authenticated_predecessor_rejects_rewritten_hash_chain_and_other_journal ... ok
2026-09-17T10:44:36.8044321Z test wallet::vault::store::tests::bounds_padding_and_live_disk_drift_fail_closed ... ok
2026-09-17T10:44:36.8950505Z test wallet::vault::store::tests::capacity_inspection_is_read_only_and_does_not_claim_synced_balance ... ok
2026-09-17T10:44:37.3846530Z test wallet::vault::store::tests::create_sync_backup_reopen_and_exact_source_protection ... ok
2026-09-17T10:45:05.3856058Z test wallet::vault::store::tests::full_real_journal_reopens_and_recovers_identical_outbox_without_capacity_bypass ... ok
2026-09-17T10:45:05.8459143Z test wallet::vault::store::tests::legacy_snapshot_import_preserves_missing_outbox_reservation ... ok
2026-09-17T10:45:05.8459876Z test wallet::vault::store::tests::lock_child ... ok
2026-09-17T10:45:05.9358887Z test wallet::vault::store::tests::lock_is_enforced_across_processes ... ok
2026-09-17T10:45:06.2099755Z test wallet::vault::store::tests::lost_acknowledgement_is_uncertain_and_reopen_reconciles_complete_record ... ok
2026-09-17T10:45:06.2974018Z test wallet::vault::store::tests::missing_and_nonregular_files_are_not_created_or_repaired ... ok
2026-09-17T10:45:06.4828646Z test wallet::vault::store::tests::partial_write_poison_preserves_failure_and_never_truncates_on_reopen ... ok
2026-09-17T10:45:06.5721095Z test wallet::vault::store::tests::truncated_and_oversized_files_never_invoke_unbounded_reads ... ok
2026-09-17T10:45:06.9680136Z test wallet::vault::store::tests::valid_prefix_needs_independent_receipt_for_rollback_detection ... ok
2026-09-17T10:45:07.6464826Z test wallet::vault::tests::encrypted_roundtrip_randomization_and_wrong_password ... ok
2026-09-17T10:45:07.6539466Z test wallet::vault::tests::rejects_lengths_versions_and_kdf_bombs_before_derivation ... ok
2026-09-17T10:45:07.6613807Z test wallet::vault::tests::snapshot_rejects_noncanonical_flags_padding_and_duplicate_reservations ... ok
2026-09-17T10:45:07.6618410Z test wire::cache::tests::concurrent_success_memoization_preserves_exact_entries_and_bounds ... ok
2026-09-17T10:45:07.6620440Z test wire::cache::tests::exact_bytes_required_even_for_a_forced_digest_collision ... ok
2026-09-17T10:45:07.6621159Z test wire::cache::tests::fifo_capacity_and_duplicate_insert_are_bounded ... ok
2026-09-17T10:45:07.6621755Z test wire::cache::tests::invalid_sizes_cannot_fill_the_cache ... ok
2026-09-17T10:45:12.7981161Z test wire::fixed_key_tests::concurrent_verifiers_share_only_the_fixed_key_and_keep_real_authorization_cold ... ok
2026-09-17T10:45:12.7981812Z test worker::tests::bounded_frame_rejections ... ok
2026-09-17T10:45:12.7982406Z test worker::tests::fingerprint_matches_go_vector ... ok
2026-09-17T10:45:12.7983137Z test worker::tests::frame_roundtrip ... ok
2026-09-17T10:45:12.7983370Z 
2026-09-17T10:45:12.7983765Z test result: ok. 159 passed; 0 failed; 0 ignored; 0 measured; 0 filtered out; finished in 206.84s
2026-09-17T10:45:12.7984324Z 
2026-09-17T10:45:12.8006837Z FUNDED_COHORT_COMPLETE library
2026-09-17T10:45:12.8215983Z ##[group]Run git diff --exit-code
2026-09-17T10:45:12.8216257Z [36;1mgit diff --exit-code[0m
2026-09-17T10:45:12.8248666Z shell: /usr/bin/bash --noprofile --norc -e -o pipefail {0}
2026-09-17T10:45:12.8248930Z env:
2026-09-17T10:45:12.8249085Z   RAYON_NUM_THREADS: 2
2026-09-17T10:45:12.8249261Z   CARGO_BUILD_JOBS: 2
2026-09-17T10:45:12.8249424Z ##[endgroup]
2026-09-17T10:45:12.9496611Z Post job cleanup.
2026-09-17T10:45:13.0204801Z [command]/usr/bin/git version
2026-09-17T10:45:13.0241488Z git version 2.55.0
2026-09-17T10:45:13.0273300Z Temporarily overriding HOME='/home/runner/work/_temp/acfda39d-db83-4bc5-9d93-1401c1861592' before making global git config changes
2026-09-17T10:45:13.0274523Z Adding repository directory to the temporary git global config as a safe directory
2026-09-17T10:45:13.0278168Z [command]/usr/bin/git config --global --add safe.directory /home/runner/work/Zevune/Zevune
2026-09-17T10:45:13.0314695Z [command]/usr/bin/git config --local --name-only --get-regexp core\.sshCommand
2026-09-17T10:45:13.0358158Z [command]/usr/bin/git submodule foreach --recursive sh -c "git config --local --name-only --get-regexp 'core\.sshCommand' && git config --local --unset-all 'core.sshCommand' || :"
2026-09-17T10:45:13.0567188Z [command]/usr/bin/git config --local --name-only --get-regexp http\.https\:\/\/github\.com\/\.extraheader
2026-09-17T10:45:13.0598572Z [command]/usr/bin/git submodule foreach --recursive sh -c "git config --local --name-only --get-regexp 'http\.https\:\/\/github\.com\/\.extraheader' && git config --local --unset-all 'http.https://github.com/.extraheader' || :"
2026-09-17T10:45:13.1073093Z Cleaning up orphan processes
