2026-09-17T10:52:41.3249136Z Current runner version: '2.337.0'
2026-09-17T10:52:41.3284473Z ##[group]Runner Image Provisioner
2026-09-17T10:52:41.3285627Z Hosted Compute Agent
2026-09-17T10:52:41.3286575Z Version: 20260828.587
2026-09-17T10:52:41.3287786Z Commit: abac92662cab4cc7352de4f9f9d2e2419aad9c29
2026-09-17T10:52:41.3288853Z Build Date: 2026-08-28T16:44:25Z
2026-09-17T10:52:41.3289843Z Worker ID: {4ba98243-b1f4-4ac1-a481-402908ada71c}
2026-09-17T10:52:41.3290883Z Azure Region: westus
2026-09-17T10:52:41.3291666Z ##[endgroup]
2026-09-17T10:52:41.3293671Z ##[group]Operating System
2026-09-17T10:52:41.3294620Z Microsoft Windows Server 2025
2026-09-17T10:52:41.3295495Z 10.0.26100
2026-09-17T10:52:41.3296238Z Datacenter
2026-09-17T10:52:41.3296992Z ##[endgroup]
2026-09-17T10:52:41.3297759Z ##[group]Runner Image
2026-09-17T10:52:41.3298580Z Image: windows-2025-vs2026
2026-09-17T10:52:41.3299403Z Version: 20260907.229.1
2026-09-17T10:52:41.3301550Z Included Software: https://github.com/actions/runner-images/blob/win25-vs2026/20260907.229/images/windows/Windows2025-VS2026-Readme.md
2026-09-17T10:52:41.3304104Z Image Release: https://github.com/actions/runner-images/releases/tag/win25-vs2026%2F20260907.229
2026-09-17T10:52:41.3305659Z ##[endgroup]
2026-09-17T10:52:41.3307591Z ##[group]GITHUB_TOKEN Permissions
2026-09-17T10:52:41.3310328Z Contents: read
2026-09-17T10:52:41.3311198Z Metadata: read
2026-09-17T10:52:41.3312006Z ##[endgroup]
2026-09-17T10:52:41.3315036Z Secret source: Actions
2026-09-17T10:52:41.3316423Z Cache mode: write
2026-09-17T10:52:41.3317681Z Prepare workflow directory
2026-09-17T10:52:41.5482314Z Prepare all required actions
2026-09-17T10:52:41.5529426Z Getting action download info
2026-09-17T10:52:41.8835114Z Download action repository 'actions/checkout@08c6903cd8c0fde910a37f88322edcfb5dd907a8' (SHA:08c6903cd8c0fde910a37f88322edcfb5dd907a8)
2026-09-17T10:52:42.2258954Z Complete job name: funded-library (windows-latest)
2026-09-17T10:52:42.6878010Z ##[group]Run actions/checkout@08c6903cd8c0fde910a37f88322edcfb5dd907a8
2026-09-17T10:52:42.6880095Z with:
2026-09-17T10:52:42.6880772Z   persist-credentials: false
2026-09-17T10:52:42.6881588Z   repository: youq616/Zevune
2026-09-17T10:52:42.6889749Z   token: ***
2026-09-17T10:52:42.6890399Z   ssh-strict: true
2026-09-17T10:52:42.6891063Z   ssh-user: git
2026-09-17T10:52:42.6891699Z   clean: true
2026-09-17T10:52:42.6892429Z   sparse-checkout-cone-mode: true
2026-09-17T10:52:42.6893516Z   fetch-depth: 1
2026-09-17T10:52:42.6894175Z   fetch-tags: false
2026-09-17T10:52:42.6894856Z   show-progress: true
2026-09-17T10:52:42.6895533Z   lfs: false
2026-09-17T10:52:42.6896154Z   submodules: false
2026-09-17T10:52:42.6896839Z   set-safe-directory: true
2026-09-17T10:52:42.6897913Z env:
2026-09-17T10:52:42.6898531Z   RAYON_NUM_THREADS: 2
2026-09-17T10:52:42.6899235Z   CARGO_BUILD_JOBS: 2
2026-09-17T10:52:42.6899917Z ##[endgroup]
2026-09-17T10:52:42.8363648Z Syncing repository: youq616/Zevune
2026-09-17T10:52:42.8365352Z ##[group]Getting Git version info
2026-09-17T10:52:42.8365961Z Working directory is 'D:\a\Zevune\Zevune'
2026-09-17T10:52:42.9338718Z [command]"C:\Program Files\Git\bin\git.exe" version
2026-09-17T10:52:43.3541635Z git version 2.55.0.windows.5
2026-09-17T10:52:43.3597062Z ##[endgroup]
2026-09-17T10:52:43.3618242Z Temporarily overriding HOME='D:\a\_temp\bf53ffa7-be6f-4600-9334-fd6d7424007a' before making global git config changes
2026-09-17T10:52:43.3619721Z Adding repository directory to the temporary git global config as a safe directory
2026-09-17T10:52:43.3633891Z [command]"C:\Program Files\Git\bin\git.exe" config --global --add safe.directory D:\a\Zevune\Zevune
2026-09-17T10:52:43.4322173Z Deleting the contents of 'D:\a\Zevune\Zevune'
2026-09-17T10:52:43.4329188Z ##[group]Initializing the repository
2026-09-17T10:52:43.4338957Z [command]"C:\Program Files\Git\bin\git.exe" init D:\a\Zevune\Zevune
2026-09-17T10:52:43.5191607Z Initialized empty Git repository in D:/a/Zevune/Zevune/.git/
2026-09-17T10:52:43.5239250Z [command]"C:\Program Files\Git\bin\git.exe" remote add origin https://github.com/youq616/Zevune
2026-09-17T10:52:43.5890678Z ##[endgroup]
2026-09-17T10:52:43.5891922Z ##[group]Disabling automatic garbage collection
2026-09-17T10:52:43.5899822Z [command]"C:\Program Files\Git\bin\git.exe" config --local gc.auto 0
2026-09-17T10:52:43.6197131Z ##[endgroup]
2026-09-17T10:52:43.6198334Z ##[group]Setting up auth
2026-09-17T10:52:43.6208979Z [command]"C:\Program Files\Git\bin\git.exe" config --local --name-only --get-regexp core\.sshCommand
2026-09-17T10:52:43.6513070Z [command]"C:\Program Files\Git\bin\git.exe" submodule foreach --recursive "sh -c \"git config --local --name-only --get-regexp 'core\.sshCommand' && git config --local --unset-all 'core.sshCommand' || :\""
2026-09-17T10:52:45.3232429Z [command]"C:\Program Files\Git\bin\git.exe" config --local --name-only --get-regexp http\.https\:\/\/github\.com\/\.extraheader
2026-09-17T10:52:45.3560092Z [command]"C:\Program Files\Git\bin\git.exe" submodule foreach --recursive "sh -c \"git config --local --name-only --get-regexp 'http\.https\:\/\/github\.com\/\.extraheader' && git config --local --unset-all 'http.https://github.com/.extraheader' || :\""
2026-09-17T10:52:45.9281532Z [command]"C:\Program Files\Git\bin\git.exe" config --local http.https://github.com/.extraheader "AUTHORIZATION: basic ***"
2026-09-17T10:52:45.9637810Z ##[endgroup]
2026-09-17T10:52:45.9639338Z ##[group]Fetching the repository
2026-09-17T10:52:45.9653923Z [command]"C:\Program Files\Git\bin\git.exe" -c protocol.version=2 fetch --no-tags --prune --no-recurse-submodules --depth=1 origin +00d4442b12cb72344ffa5bea101eb7142ab03270:refs/remotes/pull/13/merge
2026-09-17T10:52:47.2672505Z From https://github.com/youq616/Zevune
2026-09-17T10:52:47.2673355Z  * [new ref]         00d4442b12cb72344ffa5bea101eb7142ab03270 -> pull/13/merge
2026-09-17T10:52:47.2719560Z ##[endgroup]
2026-09-17T10:52:47.2724276Z ##[group]Determining the checkout info
2026-09-17T10:52:47.2725337Z ##[endgroup]
2026-09-17T10:52:47.2734220Z [command]"C:\Program Files\Git\bin\git.exe" sparse-checkout disable
2026-09-17T10:52:47.3350590Z [command]"C:\Program Files\Git\bin\git.exe" config --local --unset-all extensions.worktreeConfig
2026-09-17T10:52:47.3685075Z ##[group]Checking out the ref
2026-09-17T10:52:47.3694364Z [command]"C:\Program Files\Git\bin\git.exe" checkout --progress --force refs/remotes/pull/13/merge
2026-09-17T10:52:47.5638063Z Note: switching to 'refs/remotes/pull/13/merge'.
2026-09-17T10:52:47.5638510Z 
2026-09-17T10:52:47.5638978Z You are in 'detached HEAD' state. You can look around, make experimental
2026-09-17T10:52:47.5639788Z changes and commit them, and you can discard any commits you make in this
2026-09-17T10:52:47.5640523Z state without impacting any branches by switching back to a branch.
2026-09-17T10:52:47.5640852Z 
2026-09-17T10:52:47.5641158Z If you want to create a new branch to retain commits you create, you may
2026-09-17T10:52:47.5641634Z do so (now or later) by using -c with the switch command. Example:
2026-09-17T10:52:47.5641935Z 
2026-09-17T10:52:47.5642139Z   git switch -c <new-branch-name>
2026-09-17T10:52:47.5642337Z 
2026-09-17T10:52:47.5642443Z Or undo this operation with:
2026-09-17T10:52:47.5642620Z 
2026-09-17T10:52:47.5642706Z   git switch -
2026-09-17T10:52:47.5642829Z 
2026-09-17T10:52:47.5643059Z Turn off this advice by setting config variable advice.detachedHead to false
2026-09-17T10:52:47.5643407Z 
2026-09-17T10:52:47.5643843Z HEAD is now at 00d4442 Merge de474720431daf33afd4a7ebc32de2d230344a5a into 6913d4ab2fda6956db37e0ceb49790a4518c2762
2026-09-17T10:52:47.5844382Z ##[endgroup]
2026-09-17T10:52:47.6275304Z [command]"C:\Program Files\Git\bin\git.exe" log -1 --format=%H
2026-09-17T10:52:47.6558559Z 00d4442b12cb72344ffa5bea101eb7142ab03270
2026-09-17T10:52:47.6600210Z ##[group]Removing auth
2026-09-17T10:52:47.6608319Z [command]"C:\Program Files\Git\bin\git.exe" config --local --name-only --get-regexp core\.sshCommand
2026-09-17T10:52:47.6907591Z [command]"C:\Program Files\Git\bin\git.exe" submodule foreach --recursive "sh -c \"git config --local --name-only --get-regexp 'core\.sshCommand' && git config --local --unset-all 'core.sshCommand' || :\""
2026-09-17T10:52:48.2725526Z [command]"C:\Program Files\Git\bin\git.exe" config --local --name-only --get-regexp http\.https\:\/\/github\.com\/\.extraheader
2026-09-17T10:52:48.3019325Z http.https://github.com/.extraheader
2026-09-17T10:52:48.3068904Z [command]"C:\Program Files\Git\bin\git.exe" config --local --unset-all http.https://github.com/.extraheader
2026-09-17T10:52:48.3421025Z [command]"C:\Program Files\Git\bin\git.exe" submodule foreach --recursive "sh -c \"git config --local --name-only --get-regexp 'http\.https\:\/\/github\.com\/\.extraheader' && git config --local --unset-all 'http.https://github.com/.extraheader' || :\""
2026-09-17T10:52:48.9215190Z ##[endgroup]
2026-09-17T10:52:49.0251260Z ##[group]Run rustup toolchain install 1.98.1 --profile minimal --component rustfmt --component clippy
2026-09-17T10:52:49.0252116Z [36;1mrustup toolchain install 1.98.1 --profile minimal --component rustfmt --component clippy[0m
2026-09-17T10:52:49.0274252Z shell: C:\Program Files\Git\bin\bash.EXE --noprofile --norc -e -o pipefail {0}
2026-09-17T10:52:49.0274648Z env:
2026-09-17T10:52:49.0274819Z   RAYON_NUM_THREADS: 2
2026-09-17T10:52:49.0275020Z   CARGO_BUILD_JOBS: 2
2026-09-17T10:52:49.0275216Z ##[endgroup]
2026-09-17T10:52:49.9340190Z info: syncing channel updates for 1.98.1-x86_64-pc-windows-msvc
2026-09-17T10:52:50.4940341Z info: latest update on 2026-09-03 for version 1.98.1 (48a229cea 2026-09-01)
2026-09-17T10:52:50.5095289Z info: downloading 5 components
2026-09-17T10:52:59.2926008Z 
2026-09-17T10:52:59.3289495Z   1.98.1-x86_64-pc-windows-msvc installed - rustc 1.98.1 (48a229cea 2026-09-01)
2026-09-17T10:52:59.3289854Z 
2026-09-17T10:52:59.4575786Z ##[group]Run python -m unittest discover -s scripts/tests -p test_funded_rust.py -v
2026-09-17T10:52:59.4576464Z [36;1mpython -m unittest discover -s scripts/tests -p test_funded_rust.py -v[0m
2026-09-17T10:52:59.4594205Z shell: C:\Program Files\Git\bin\bash.EXE --noprofile --norc -e -o pipefail {0}
2026-09-17T10:52:59.4594595Z env:
2026-09-17T10:52:59.4594762Z   RAYON_NUM_THREADS: 2
2026-09-17T10:52:59.4594958Z   CARGO_BUILD_JOBS: 2
2026-09-17T10:52:59.4595146Z ##[endgroup]
2026-09-17T10:53:01.6518506Z test_command_failure_stops_cohort_and_never_reports_completion (test_funded_rust.FundedRustPlanTests.test_command_failure_stops_cohort_and_never_reports_completion) ... ok
2026-09-17T10:53:01.6529697Z test_commands_keep_flags_and_never_filter_test_names (test_funded_rust.FundedRustPlanTests.test_commands_keep_flags_and_never_filter_test_names) ... ok
2026-09-17T10:53:01.6540779Z test_empty_or_incomplete_inventory_fails (test_funded_rust.FundedRustPlanTests.test_empty_or_incomplete_inventory_fails) ... ok
2026-09-17T10:53:01.6545101Z test_future_binary_and_integration_targets_join_automatically (test_funded_rust.FundedRustPlanTests.test_future_binary_and_integration_targets_join_automatically) ... ok
2026-09-17T10:53:01.6568141Z test_invalid_names_and_duplicate_targets_fail (test_funded_rust.FundedRustPlanTests.test_invalid_names_and_duplicate_targets_fail) ... ok
2026-09-17T10:53:01.6575714Z test_metadata_failure_is_a_nonzero_exit (test_funded_rust.FundedRustPlanTests.test_metadata_failure_is_a_nonzero_exit) ... ok
2026-09-17T10:53:01.6585151Z test_plan_only_is_not_a_test_execution (test_funded_rust.FundedRustPlanTests.test_plan_only_is_not_a_test_execution) ... ok
2026-09-17T10:53:01.6593678Z test_reordering_metadata_does_not_change_plan (test_funded_rust.FundedRustPlanTests.test_reordering_metadata_does_not_change_plan) ... ok
2026-09-17T10:53:01.6601077Z test_target_union_is_complete_and_disjoint (test_funded_rust.FundedRustPlanTests.test_target_union_is_complete_and_disjoint) ... ok
2026-09-17T10:53:01.6602978Z test_unknown_cohort_or_schema_fails (test_funded_rust.FundedRustPlanTests.test_unknown_cohort_or_schema_fails) ... ok
2026-09-17T10:53:01.6633181Z test_unknown_or_disabled_targets_are_not_silently_omitted (test_funded_rust.FundedRustPlanTests.test_unknown_or_disabled_targets_are_not_silently_omitted) ... ok
2026-09-17T10:53:01.6643262Z test_unselected_features_fail (test_funded_rust.FundedRustPlanTests.test_unselected_features_fail) ... ok
2026-09-17T10:53:01.6758056Z test_wrong_workspace_identity_fails (test_funded_rust.FundedRustPlanTests.test_wrong_workspace_identity_fails) ... ok
2026-09-17T10:53:01.6758795Z 
2026-09-17T10:53:01.6758992Z ----------------------------------------------------------------------
2026-09-17T10:53:01.6759494Z Ran 13 tests in 0.025s
2026-09-17T10:53:01.6759679Z 
2026-09-17T10:53:01.6759792Z OK
2026-09-17T10:53:01.7401247Z ##[group]Run cargo fmt --all -- --check
2026-09-17T10:53:01.7401626Z [36;1mcargo fmt --all -- --check[0m
2026-09-17T10:53:01.7401958Z [36;1mcargo metadata --locked --format-version=1 > /dev/null[0m
2026-09-17T10:53:01.7402292Z [36;1mgit diff --exit-code[0m
2026-09-17T10:53:01.7417867Z shell: C:\Program Files\Git\bin\bash.EXE --noprofile --norc -e -o pipefail {0}
2026-09-17T10:53:01.7418251Z env:
2026-09-17T10:53:01.7418413Z   RAYON_NUM_THREADS: 2
2026-09-17T10:53:01.7418608Z   CARGO_BUILD_JOBS: 2
2026-09-17T10:53:01.7418800Z ##[endgroup]
2026-09-17T10:53:03.4786367Z     Updating crates.io index
2026-09-17T10:53:03.8582010Z  Downloading crates ...
2026-09-17T10:53:04.1779058Z   Downloaded thiserror v2.0.20
2026-09-17T10:53:04.2831629Z   Downloaded base16ct v0.2.0
2026-09-17T10:53:04.3031436Z   Downloaded tracing-attributes v0.1.31
2026-09-17T10:53:04.3386251Z   Downloaded aead v0.5.2
2026-09-17T10:53:04.3480362Z   Downloaded typenum v1.20.1
2026-09-17T10:53:04.3704600Z   Downloaded wasi v0.11.1+wasi-snapshot-preview1
2026-09-17T10:53:04.3891820Z   Downloaded version_check v0.9.5
2026-09-17T10:53:04.4012227Z   Downloaded visibility v0.1.1
2026-09-17T10:53:04.4135307Z   Downloaded subtle v2.6.1
2026-09-17T10:53:04.4299371Z   Downloaded zcash_spec v0.2.1
2026-09-17T10:53:04.4450349Z   Downloaded atomic-polyfill v1.0.3
2026-09-17T10:53:04.4591156Z   Downloaded inout v0.1.4
2026-09-17T10:53:04.4696629Z   Downloaded cobs v0.3.0
2026-09-17T10:53:04.4857737Z   Downloaded embedded-io v0.6.1
2026-09-17T10:53:04.4991832Z   Downloaded scopeguard v1.2.0
2026-09-17T10:53:04.5101639Z   Downloaded universal-hash v0.5.1
2026-09-17T10:53:04.5232159Z   Downloaded zcash_note_encryption v0.4.2
2026-09-17T10:53:04.5409775Z   Downloaded zeroize_derive v1.5.0
2026-09-17T10:53:04.5529595Z   Downloaded zip32 v0.2.1
2026-09-17T10:53:04.5695578Z   Downloaded base64ct v1.8.3
2026-09-17T10:53:04.5998457Z   Downloaded byteorder v1.5.0
2026-09-17T10:53:04.6137993Z   Downloaded cfg-if v1.0.4
2026-09-17T10:53:04.6309219Z   Downloaded crypto-common v0.1.7
2026-09-17T10:53:04.6771677Z   Downloaded derive-getters v0.5.0
2026-09-17T10:53:04.7210646Z   Downloaded either v1.18.0
2026-09-17T10:53:04.7360550Z   Downloaded incrementalmerkletree v0.8.1
2026-09-17T10:53:04.7466866Z   Downloaded quote v1.0.47
2026-09-17T10:53:04.7811906Z   Downloaded serdect v0.2.0
2026-09-17T10:53:04.7976759Z   Downloaded tap v1.0.1
2026-09-17T10:53:04.8078979Z   Downloaded uint v0.9.5
2026-09-17T10:53:04.8241757Z   Downloaded wyz v0.5.1
2026-09-17T10:53:04.8349582Z   Downloaded zerocopy-derive v0.8.57
2026-09-17T10:53:04.9491774Z   Downloaded zeroize v1.9.0
2026-09-17T10:53:04.9665339Z   Downloaded argon2 v0.5.3
2026-09-17T10:53:04.9809657Z   Downloaded arrayvec v0.7.8
2026-09-17T10:53:05.0035016Z   Downloaded autocfg v1.5.1
2026-09-17T10:53:05.0249486Z   Downloaded bech32 v0.11.1
2026-09-17T10:53:05.0523773Z   Downloaded blake2 v0.10.6
2026-09-17T10:53:05.0783307Z   Downloaded block-buffer v0.10.4
2026-09-17T10:53:05.0879817Z   Downloaded cbc v0.1.2
2026-09-17T10:53:05.1081284Z   Downloaded chacha20 v0.9.1
2026-09-17T10:53:05.1237216Z   Downloaded chacha20poly1305 v0.10.1
2026-09-17T10:53:05.1440044Z   Downloaded cipher v0.4.4
2026-09-17T10:53:05.1743253Z   Downloaded cpufeatures v0.2.17
2026-09-17T10:53:05.1895114Z   Downloaded crossbeam-utils v0.8.23
2026-09-17T10:53:05.2333514Z   Downloaded digest v0.10.7
2026-09-17T10:53:05.2525806Z   Downloaded embedded-io v0.4.0
2026-09-17T10:53:05.2685184Z   Downloaded hash32 v0.2.1
2026-09-17T10:53:05.3102456Z   Downloaded thiserror-impl v2.0.20
2026-09-17T10:53:05.6418655Z   Downloaded tracing-core v0.1.36
2026-09-17T10:53:05.6741846Z   Downloaded rayon-core v1.13.0
2026-09-17T10:53:05.7164645Z   Downloaded unicode-ident v1.0.24
2026-09-17T10:53:05.7444309Z   Downloaded blake2b_simd v1.0.5
2026-09-17T10:53:05.7589915Z   Downloaded syn v2.0.119
2026-09-17T10:53:05.8590142Z   Downloaded const-crc32-nostd v1.3.1
2026-09-17T10:53:05.8679445Z   Downloaded critical-section v1.2.0
2026-09-17T10:53:05.8912507Z   Downloaded group v0.13.0
2026-09-17T10:53:05.9057556Z   Downloaded zerocopy v0.8.57
2026-09-17T10:53:06.1661796Z   Downloaded getset v0.1.7
2026-09-17T10:53:06.1870591Z   Downloaded halo2_legacy_pdqsort v0.1.0
2026-09-17T10:53:06.1987776Z   Downloaded tracing v0.1.44
2026-09-17T10:53:06.2922961Z   Downloaded num-bigint v0.4.8
2026-09-17T10:53:06.3506965Z   Downloaded aes v0.8.4
2026-09-17T10:53:06.3858598Z   Downloaded document-features v0.2.12
2026-09-17T10:53:06.3978094Z   Downloaded hashbrown v0.12.3
2026-09-17T10:53:06.4306769Z   Downloaded syn v3.0.5
2026-09-17T10:53:06.5442227Z   Downloaded fpe v0.6.1
2026-09-17T10:53:06.6080394Z   Downloaded corez v0.1.1
2026-09-17T10:53:07.3354222Z   Downloaded frost-core v3.0.0
2026-09-17T10:53:07.4742180Z   Downloaded generic-array v0.14.7
2026-09-17T10:53:07.5692785Z   Downloaded getrandom v0.2.17
2026-09-17T10:53:07.7671308Z   Downloaded halo2_poseidon v0.1.0
2026-09-17T10:53:07.8577100Z   Downloaded rustc_version v0.4.1
2026-09-17T10:53:07.9204875Z   Downloaded hex v0.4.3
2026-09-17T10:53:08.0223757Z   Downloaded jubjub v0.10.0
2026-09-17T10:53:08.3000544Z   Downloaded maybe-rayon v0.1.1
2026-09-17T10:53:08.3294502Z   Downloaded memuse v0.2.2
2026-09-17T10:53:08.3779445Z   Downloaded nonempty v0.11.0
2026-09-17T10:53:08.4191217Z   Downloaded crossbeam-epoch v0.9.21
2026-09-17T10:53:08.5438984Z   Downloaded crunchy v0.2.4
2026-09-17T10:53:08.5823936Z   Downloaded rand_chacha v0.3.1
2026-09-17T10:53:08.6363212Z   Downloaded constant_time_eq v0.4.2
2026-09-17T10:53:08.6728344Z   Downloaded opaque-debug v0.3.1
2026-09-17T10:53:08.6918122Z   Downloaded radium v0.7.0
2026-09-17T10:53:08.7365054Z   Downloaded stable_deref_trait v1.2.1
2026-09-17T10:53:08.7966866Z   Downloaded crossbeam-deque v0.8.8
2026-09-17T10:53:08.8881088Z   Downloaded funty v2.0.0
2026-09-17T10:53:08.9281503Z   Downloaded sha2 v0.10.9
2026-09-17T10:53:09.1276394Z   Downloaded lazy_static v1.5.0
2026-09-17T10:53:09.2687829Z   Downloaded password-hash v0.5.0
2026-09-17T10:53:09.3715688Z   Downloaded ppv-lite86 v0.2.21
2026-09-17T10:53:09.5240321Z   Downloaded static_assertions v1.1.0
2026-09-17T10:53:09.6135396Z   Downloaded frost-rerandomized v3.0.0
2026-09-17T10:53:09.6717109Z   Downloaded indexmap v1.9.3
2026-09-17T10:53:09.8071533Z   Downloaded lock_api v0.4.14
2026-09-17T10:53:09.8171838Z   Downloaded num-integer v0.1.47
2026-09-17T10:53:09.8353150Z   Downloaded once_cell v1.21.4
2026-09-17T10:53:09.8614666Z   Downloaded pin-project-lite v0.2.17
2026-09-17T10:53:09.9577342Z   Downloaded poly1305 v0.8.0
2026-09-17T10:53:09.9967091Z   Downloaded postcard v1.1.3
2026-09-17T10:53:10.0170169Z   Downloaded rand_core v0.6.4
2026-09-17T10:53:10.0394107Z   Downloaded semver v1.0.28
2026-09-17T10:53:10.0880351Z   Downloaded spin v0.9.9
2026-09-17T10:53:10.1332004Z   Downloaded ff v0.13.1
2026-09-17T10:53:10.1530404Z   Downloaded heapless v0.7.17
2026-09-17T10:53:10.1979751Z   Downloaded litrs v1.0.0
2026-09-17T10:53:10.2295098Z   Downloaded num-traits v0.2.19
2026-09-17T10:53:10.2891908Z   Downloaded serde_derive v1.0.229
2026-09-17T10:53:10.3223159Z   Downloaded proc-macro2 v1.0.107
2026-09-17T10:53:10.3653067Z   Downloaded serde_core v1.0.229
2026-09-17T10:53:10.3934053Z   Downloaded bitvec v1.1.1
2026-09-17T10:53:10.6087808Z   Downloaded rand v0.8.5
2026-09-17T10:53:10.6525782Z   Downloaded serde v1.0.229
2026-09-17T10:53:10.6953636Z   Downloaded itertools v0.14.0
2026-09-17T10:53:10.7770059Z   Downloaded reddsa v0.5.2
2026-09-17T10:53:10.8279471Z   Downloaded sinsemilla v0.1.0
2026-09-17T10:53:12.0409981Z   Downloaded halo2_proofs v0.3.5
2026-09-17T10:53:12.1393990Z   Downloaded libm v0.2.16
2026-09-17T10:53:12.3976499Z   Downloaded rayon v1.12.0
2026-09-17T10:53:12.5160840Z   Downloaded halo2_gadgets v0.5.0
2026-09-17T10:53:12.6309325Z   Downloaded pasta_curves v0.5.2
2026-09-17T10:53:12.6879823Z   Downloaded orchard v0.15.5
2026-09-17T10:53:12.8183552Z   Downloaded bls12_381 v0.8.0
2026-09-17T10:53:12.8621783Z   Downloaded libc v0.2.189
2026-09-17T10:53:14.5087680Z ##[group]Run python scripts/run_funded_rust.py library
2026-09-17T10:53:14.5088141Z [36;1mpython scripts/run_funded_rust.py library[0m
2026-09-17T10:53:14.5103492Z shell: C:\Program Files\Git\bin\bash.EXE --noprofile --norc -e -o pipefail {0}
2026-09-17T10:53:14.5103901Z env:
2026-09-17T10:53:14.5104070Z   RAYON_NUM_THREADS: 2
2026-09-17T10:53:14.5104265Z   CARGO_BUILD_JOBS: 2
2026-09-17T10:53:14.5104456Z ##[endgroup]
2026-09-17T10:53:14.6892335Z {"cohort": "library", "commands": [["cargo", "test", "--locked", "--release", "--features", "local-funding-lab", "--lib", "--", "--test-threads=1"]], "documentation_tests": false, "test_targets": [["lib", "zevune_orchard_lab"]]}
2026-09-17T10:53:14.6893397Z RUN cargo test --locked --release --features local-funding-lab --lib -- --test-threads=1
2026-09-17T10:53:14.9958967Z    Compiling cfg-if v1.0.4
2026-09-17T10:53:14.9959590Z    Compiling proc-macro2 v1.0.107
2026-09-17T10:53:15.0493651Z    Compiling getrandom v0.2.17
2026-09-17T10:53:15.2249557Z    Compiling rand_core v0.6.4
2026-09-17T10:53:15.4645853Z    Compiling quote v1.0.47
2026-09-17T10:53:16.9727920Z    Compiling unicode-ident v1.0.24
2026-09-17T10:53:17.1207778Z    Compiling version_check v0.9.5
2026-09-17T10:53:17.4462023Z    Compiling subtle v2.6.1
2026-09-17T10:53:17.6036707Z    Compiling generic-array v0.14.7
2026-09-17T10:53:18.0698539Z    Compiling typenum v1.20.1
2026-09-17T10:53:18.0923291Z    Compiling syn v2.0.119
2026-09-17T10:53:19.6335552Z    Compiling crypto-common v0.1.7
2026-09-17T10:53:19.7354535Z    Compiling radium v0.7.0
2026-09-17T10:53:19.9705806Z    Compiling tap v1.0.1
2026-09-17T10:53:20.0586552Z    Compiling wyz v0.5.1
2026-09-17T10:53:20.4702335Z    Compiling autocfg v1.5.1
2026-09-17T10:53:20.8706019Z    Compiling funty v2.0.0
2026-09-17T10:53:22.4552662Z    Compiling zerocopy v0.8.57
2026-09-17T10:53:22.8762412Z    Compiling bitvec v1.1.1
2026-09-17T10:53:23.9460809Z    Compiling zeroize_derive v1.5.0
2026-09-17T10:53:24.6069506Z    Compiling zeroize v1.9.0
2026-09-17T10:53:25.8289756Z    Compiling ff v0.13.1
2026-09-17T10:53:25.9603022Z    Compiling constant_time_eq v0.4.2
2026-09-17T10:53:26.1506143Z    Compiling arrayvec v0.7.8
2026-09-17T10:53:26.3703034Z    Compiling memuse v0.2.2
2026-09-17T10:53:26.5279336Z    Compiling crossbeam-utils v0.8.23
2026-09-17T10:53:26.7869022Z    Compiling blake2b_simd v1.0.5
2026-09-17T10:53:29.1243056Z    Compiling ppv-lite86 v0.2.21
2026-09-17T10:53:29.5498205Z    Compiling crossbeam-epoch v0.9.21
2026-09-17T10:53:29.7675878Z    Compiling rand_chacha v0.3.1
2026-09-17T10:53:30.6182025Z    Compiling group v0.13.0
2026-09-17T10:53:30.8007533Z    Compiling inout v0.1.4
2026-09-17T10:53:30.9127258Z    Compiling crossbeam-deque v0.8.8
2026-09-17T10:53:31.0482627Z    Compiling spin v0.9.9
2026-09-17T10:53:31.1312301Z    Compiling cpufeatures v0.2.17
2026-09-17T10:53:31.1667653Z    Compiling static_assertions v1.1.0
2026-09-17T10:53:31.1801453Z    Compiling lazy_static v1.5.0
2026-09-17T10:53:31.2313550Z    Compiling cipher v0.4.4
2026-09-17T10:53:31.4638581Z    Compiling rand v0.8.5
2026-09-17T10:53:31.7529862Z    Compiling rayon-core v1.13.0
2026-09-17T10:53:32.1253926Z    Compiling num-traits v0.2.19
2026-09-17T10:53:32.2963793Z    Compiling pasta_curves v0.5.2
2026-09-17T10:53:32.4158121Z    Compiling syn v3.0.5
2026-09-17T10:53:35.2404438Z    Compiling either v1.18.0
2026-09-17T10:53:37.8683503Z    Compiling indexmap v1.9.3
2026-09-17T10:53:38.0321766Z    Compiling serde_core v1.0.229
2026-09-17T10:53:38.3059364Z    Compiling once_cell v1.21.4
2026-09-17T10:53:38.5210460Z    Compiling crunchy v0.2.4
2026-09-17T10:53:38.7437411Z    Compiling tracing-core v0.1.36
2026-09-17T10:53:40.2087886Z    Compiling rayon v1.12.0
2026-09-17T10:53:44.0945662Z    Compiling tracing-attributes v0.1.31
2026-09-17T10:53:45.5278245Z    Compiling universal-hash v0.5.1
2026-09-17T10:53:45.6172496Z    Compiling block-buffer v0.10.4
2026-09-17T10:53:45.7301494Z    Compiling serde v1.0.229
2026-09-17T10:53:45.9855663Z    Compiling opaque-debug v0.3.1
2026-09-17T10:53:46.0261749Z    Compiling pin-project-lite v0.2.17
2026-09-17T10:53:46.0915634Z    Compiling libm v0.2.16
2026-09-17T10:53:46.3535791Z    Compiling hashbrown v0.12.3
2026-09-17T10:53:47.0016497Z    Compiling thiserror v2.0.20
2026-09-17T10:53:47.2854919Z    Compiling hex v0.4.3
2026-09-17T10:53:47.5751389Z    Compiling byteorder v1.5.0
2026-09-17T10:53:48.3917619Z    Compiling tracing v0.1.44
2026-09-17T10:53:48.8114727Z    Compiling poly1305 v0.8.0
2026-09-17T10:53:49.6998444Z    Compiling digest v0.10.7
2026-09-17T10:53:49.9179955Z    Compiling num-integer v0.1.47
2026-09-17T10:53:50.5638676Z    Compiling maybe-rayon v0.1.1
2026-09-17T10:53:53.2201950Z    Compiling thiserror-impl v2.0.20
2026-09-17T10:53:54.5608092Z    Compiling serde_derive v1.0.229
2026-09-17T10:53:57.8594547Z    Compiling chacha20 v0.9.1
2026-09-17T10:53:58.0886330Z    Compiling bls12_381 v0.8.0
2026-09-17T10:53:58.7839537Z    Compiling aead v0.5.2
2026-09-17T10:53:58.9250585Z    Compiling halo2_legacy_pdqsort v0.1.0
2026-09-17T10:53:59.0643110Z    Compiling halo2_proofs v0.3.5
2026-09-17T10:54:06.1779856Z    Compiling chacha20poly1305 v0.10.1
2026-09-17T10:54:06.2873476Z    Compiling jubjub v0.10.0
2026-09-17T10:54:11.5663252Z    Compiling uint v0.9.5
2026-09-17T10:54:11.6842423Z    Compiling num-bigint v0.4.8
2026-09-17T10:54:14.4575672Z    Compiling sinsemilla v0.1.0
2026-09-17T10:54:15.9926974Z    Compiling halo2_poseidon v0.1.0
2026-09-17T10:54:16.9582974Z    Compiling cbc v0.1.2
2026-09-17T10:54:17.0661006Z    Compiling zcash_spec v0.2.1
2026-09-17T10:54:17.1690678Z    Compiling base64ct v1.8.3
2026-09-17T10:54:17.4824156Z    Compiling bech32 v0.11.1
2026-09-17T10:54:17.8704387Z    Compiling zip32 v0.2.1
2026-09-17T10:54:18.0287737Z    Compiling password-hash v0.5.0
2026-09-17T10:54:18.4457718Z    Compiling fpe v0.6.1
2026-09-17T10:54:19.3582062Z    Compiling halo2_gadgets v0.5.0
2026-09-17T10:54:19.6531697Z    Compiling reddsa v0.5.2
2026-09-17T10:54:20.1041847Z    Compiling zcash_note_encryption v0.4.2
2026-09-17T10:54:20.3448468Z    Compiling blake2 v0.10.6
2026-09-17T10:54:21.0427363Z    Compiling incrementalmerkletree v0.8.1
2026-09-17T10:54:21.2892563Z    Compiling aes v0.8.4
2026-09-17T10:54:22.7622792Z    Compiling getset v0.1.7
2026-09-17T10:54:23.4122447Z    Compiling visibility v0.1.1
2026-09-17T10:54:23.6911837Z    Compiling corez v0.1.1
2026-09-17T10:54:23.7425559Z    Compiling nonempty v0.11.0
2026-09-17T10:54:23.9022111Z    Compiling argon2 v0.5.3
2026-09-17T10:54:25.4333491Z    Compiling orchard v0.15.5
2026-09-17T10:54:28.3268950Z    Compiling sha2 v0.10.9
2026-09-17T10:54:53.9436728Z    Compiling zevune-orchard-lab v0.1.0 (D:\a\Zevune\Zevune\integration\orchard)
2026-09-17T10:55:32.0290498Z     Finished `release` profile [optimized] target(s) in 2m 17s
2026-09-17T10:55:32.0356475Z      Running unittests src\lib.rs (target\release\deps\zevune_orchard_lab-a0dda5613daa790f.exe)
2026-09-17T10:55:32.0489561Z 
2026-09-17T10:55:32.0490046Z running 152 tests
2026-09-17T10:55:32.0769859Z test pool::active::tests::another_process_cannot_open_held_genesis_lock ... ok
2026-09-17T10:55:32.0771028Z test pool::active::tests::budgets_include_framing_total_tail_and_the_independent_segment_cap ... ok
2026-09-17T10:55:32.1230044Z test pool::active::tests::captured_reader_requires_each_real_eof_and_poisoned_readers_cannot_resume ... ok
2026-09-17T10:55:32.1397922Z test pool::active::tests::create_is_exclusive_bounded_and_preserves_existing_bytes ... ok
2026-09-17T10:55:32.1643427Z test pool::active::tests::early_rotation_and_split_frames_are_rejected_even_with_valid_checksums ... ok
2026-09-17T10:55:32.3431854Z test pool::active::tests::failed_next_segment_publication_keeps_all_sealed_prefix_bytes_and_no_repair ... ok
2026-09-17T10:55:32.4149067Z test pool::active::tests::full_segment_and_next_frame_rotate_canonically_without_crossing ... ok
2026-09-17T10:55:32.5375777Z test pool::active::tests::interruption_leaves_metadata_unchanged_and_preserves_the_recoverable_prefix ... ok
2026-09-17T10:55:32.5493800Z test pool::active::tests::malformed_frame_and_capacity_rejection_create_no_files_or_bytes ... ok
2026-09-17T10:55:32.5666413Z test pool::active::tests::readers_retain_the_exclusive_root_lock_and_have_independent_positions ... ok
2026-09-17T10:55:32.5880646Z test pool::active::tests::unknown_entry_after_open_is_not_ignored_or_removed ... ok
2026-09-17T10:55:32.6721861Z test pool::active::tests::unknown_missing_empty_and_truncated_segments_fail_closed_without_repair ... ok
2026-09-17T10:55:32.7001787Z test pool::active::tests::windows_retained_handles_block_file_and_directory_rename_until_drop ... ok
2026-09-17T10:55:43.6343255Z test pool::active_flow_tests::active_profile_domain_rejections_preserve_bytes_reservations_and_legacy_contract ... ok
2026-09-17T10:55:43.8035716Z test pool::active_flow_tests::active_write_failures_poison_store_without_publishing_partial_state ... ok
2026-09-17T10:56:31.6983086Z test pool::active_flow_tests::legacy_normal_commits_stop_at_10000_without_mutating_state_or_journal ... ok
2026-09-17T10:57:34.0107922Z test pool::active_flow_tests::real_payments_rotate_default_segments_cross_10000_and_reopen_through_10002 ... ok
2026-09-17T10:57:34.0149080Z test pool::capacity_tests::capacity_accounting_matches_the_actual_record_encoder ... ok
2026-09-17T10:57:34.0257866Z test pool::capacity_tests::capacity_commit_rechecks_the_budget_and_preserves_the_source ... ok
2026-09-17T10:57:34.0389209Z test pool::capacity_tests::capacity_exact_empty_frame_commits_reopens_and_stops_cleanly ... ok
2026-09-17T10:57:49.4238985Z test pool::capacity_tests::capacity_genuine_payments_share_one_exact_budget_without_state_leaks ... ok
2026-09-17T10:57:49.4561447Z test pool::capacity_tests::capacity_invalid_instance_still_fails_closed ... ok
2026-09-17T10:57:49.4564745Z test pool::capacity_tests::capacity_invalid_lengths_counts_and_overflow_are_rejected ... ok
2026-09-17T10:57:49.4637547Z test pool::capacity_tests::capacity_prepare_rejects_before_unpersistable_empty_block ... ok
2026-09-17T10:57:49.4710968Z test pool::capacity_tests::capacity_rejects_before_attempting_any_candidate_authorization ... ok
2026-09-17T10:57:49.9471639Z test pool::capacity_tests::capacity_selection_requires_space_for_even_an_empty_record ... ok
2026-09-17T10:57:49.9474310Z test pool::recovery::active::tests::checkpoint_codec_has_exact_length_distinct_magic_and_bounded_arithmetic ... ok
2026-09-17T10:57:50.0367948Z test pool::recovery::active::tests::checkpoint_export_preserves_prepared_work_and_never_certifies_uncommitted_bytes ... ok
2026-09-17T10:57:50.2638063Z test pool::recovery::active::tests::checkpoint_export_replays_same_length_replacement_and_never_publishes_its_state ... ok
2026-09-17T10:57:50.3018668Z test pool::recovery::active::tests::creating_a_target_is_exclusive_and_source_validation_precedes_creation ... ok
2026-09-17T10:57:50.3111361Z test pool::recovery::active::tests::exported_genesis_checkpoint_matches_independent_fixed_layout_vector ... ok
2026-09-17T10:57:50.4384523Z test pool::recovery::active::tests::final_source_and_target_namespace_changes_cannot_return_success ... ok
2026-09-17T10:57:52.5772249Z test pool::recovery::active::tests::genesis_and_committed_archive_copies_preserve_every_file_and_continue_normally ... ok
2026-09-17T10:57:53.7798986Z test pool::recovery::active::tests::incompatible_checkpoint_profiles_reject_without_poisoning_healthy_stores ... ok
2026-09-17T10:58:02.4639152Z test pool::recovery::active::tests::namespace_tests::active_archive_locks_coordinate_real_processes ... ok
2026-09-17T10:58:02.5092788Z test pool::recovery::active::tests::namespace_tests::failed_open_releases_all_acquired_file_and_directory_handles ... ok
2026-09-17T10:58:02.6865004Z test pool::recovery::active::tests::namespace_tests::readonly_source_files_copy_into_a_normally_writable_active_directory ... ok
2026-09-17T10:58:02.7305525Z test pool::recovery::active::tests::namespace_tests::unknown_entry_after_open_prevents_verification_and_creates_no_target ... ok
2026-09-17T10:58:02.7969672Z test pool::recovery::active::tests::namespace_tests::windows_files_and_directory_cannot_be_renamed_or_deleted_until_last_reader_drops ... ok
2026-09-17T10:58:03.0518624Z test pool::recovery::active::tests::partial_copies_and_lost_acknowledgements_preserve_targets_without_retry_or_repair ... ok
2026-09-17T10:58:03.1846356Z test pool::recovery::active::tests::repinned_headers_are_bounded_inside_the_physical_genesis_file ... ok
2026-09-17T10:58:03.3831846Z test pool::recovery::active::tests::repinned_layout_still_requires_complete_frames_canonical_rotation_and_real_state ... ok
2026-09-17T10:58:03.4202392Z test pool::recovery::active::tests::retained_replay_binds_the_independently_expected_genesis_after_a_same_length_change ... ok
2026-09-17T10:58:03.7011367Z test pool::recovery::segments::index::tests::all_records_locate_correctly_across_real_production_segment_boundaries ... ok
2026-09-17T10:58:03.7903744Z test pool::recovery::segments::index::tests::both_profiles_have_exact_height_locations_and_unchanged_source ... ok
2026-09-17T10:58:03.8853609Z test pool::recovery::segments::index::tests::changed_captured_length_and_wrong_pinned_tip_are_rejected ... ok
2026-09-17T10:58:03.8855791Z test pool::recovery::segments::index::tests::exact_segment_end_is_not_attributed_to_a_nonexistent_next_segment ... ok
2026-09-17T10:58:03.9241259Z test pool::recovery::segments::index::tests::genesis_only_has_no_phantom_record ... ok
2026-09-17T10:58:11.8243997Z test pool::recovery::segments::index::tests::genuine_nonzero_payment_index_cannot_bypass_authorization_or_double_spend ... ok
2026-09-17T10:58:11.8259137Z test pool::recovery::segments::index::tests::index_builder_rejects_gaps_overlaps_wrong_heights_hashes_and_bombs ... ok
2026-09-17T10:58:11.8460360Z test pool::recovery::segments::index::tests::metadata_or_late_replay_failure_never_yields_a_prefix_index ... ok
2026-09-17T10:58:11.8463244Z test pool::recovery::segments::reader_tests::exact_payload_requires_last_segment_eof_check_before_success ... ok
2026-09-17T10:58:11.8465634Z test pool::recovery::segments::reader_tests::hard_io_failure_at_each_boundary_permanently_invalidates_reader ... ok
2026-09-17T10:58:11.8468628Z test pool::recovery::segments::reader_tests::inconsistent_private_reader_metadata_returns_error_instead_of_panicking ... ok
2026-09-17T10:58:11.8470897Z test pool::recovery::segments::reader_tests::interrupted_short_reads_and_segment_end_checks_do_not_poison_reader ... ok
2026-09-17T10:58:11.8473843Z test pool::recovery::segments::reader_tests::truncated_or_extended_segment_cannot_be_skipped_by_retry ... ok
2026-09-17T10:58:12.2354348Z test pool::recovery::segments::tests::actual_multisegment_replay_crosses_record_boundary_and_restores_exact_bytes ... ok
2026-09-17T10:58:12.2376686Z test pool::recovery::segments::tests::empty_read_does_not_advance_and_segment_eof_is_not_journal_eof ... ok
2026-09-17T10:58:12.2653620Z test pool::recovery::segments::tests::every_publication_failure_preserves_source_and_cannot_be_retried_in_place ... ok
2026-09-17T10:58:12.2656384Z test pool::recovery::segments::tests::manifest_is_exact_bounded_and_contains_no_supplied_paths ... ok
2026-09-17T10:58:12.2898328Z test pool::recovery::segments::tests::missing_extra_swapped_truncated_or_changed_segments_are_rejected ... ok
2026-09-17T10:58:12.3135407Z test pool::recovery::segments::tests::namespace_tests::extra_file_after_open_is_rejected_without_removal_or_output ... ok
2026-09-17T10:58:12.3329039Z test pool::recovery::segments::tests::namespace_tests::failed_open_releases_directory_guard_and_all_acquired_file_locks ... ok
2026-09-17T10:58:12.3799595Z test pool::recovery::segments::tests::namespace_tests::unchanged_archives_retain_multiple_readers_and_release_handles_on_drop ... ok
2026-09-17T10:58:12.4090217Z test pool::recovery::segments::tests::namespace_tests::windows_newly_packed_handles_preserve_names_without_reopening ... ok
2026-09-17T10:58:12.4306956Z test pool::recovery::segments::tests::namespace_tests::windows_open_archive_rejects_entry_and_directory_rename_until_drop ... ok
2026-09-17T10:58:12.4523695Z test pool::recovery::segments::tests::pack_and_restore_are_create_only_and_archive_readers_keep_real_locks ... ok
2026-09-17T10:58:12.4857584Z test pool::recovery::segments::tests::partial_restore_and_lost_ack_leave_explicitly_verifiable_targets ... ok
2026-09-17T10:58:20.4679035Z test pool::recovery::segments::tests::payment_boundary_tests::real_zero_value_authorization_crosses_segment_boundary_and_rehashed_corruption_cannot_restore ... ok
2026-09-17T10:58:32.3627495Z test pool::recovery::segments::tests::real_payment_restore_continues_but_rehashed_bad_signature_is_still_rejected ... ok
2026-09-17T10:58:32.6431526Z test pool::recovery::tests::recovery_checkpoint_codec_bounds_and_every_truncation ... ok
2026-09-17T10:58:33.4322287Z test pool::recovery::tests::recovery_full_copy_matches_and_original_keeps_prepared_block ... ok
2026-09-17T10:58:33.9575860Z test pool::recovery::tests::recovery_invalid_store_does_not_export_a_checkpoint ... ok
2026-09-17T10:58:34.4704813Z test pool::recovery::tests::recovery_legacy_funded_header_is_preserved_not_relabelled_as_lab2 ... ok
2026-09-17T10:58:35.1704112Z test pool::recovery::tests::recovery_partial_write_and_lost_ack_never_replace_or_repair_source ... ok
2026-09-17T10:58:47.9819980Z test pool::recovery::tests::recovery_real_lab2_payment_replay_and_rechecksums_cannot_bypass_authorization ... ok
2026-09-17T10:58:48.0337948Z test pool::recovery::tests::recovery_refuses_overwrite_live_writers_links_and_unknown_paths ... ok
2026-09-17T10:58:48.0547709Z test pool::recovery::tests::recovery_untrusted_header_sizes_are_bounded_even_with_a_matching_file_hash ... ok
2026-09-17T10:58:48.1131952Z test pool::recovery::tests::recovery_wrong_state_domain_length_or_bytes_pin_rejected ... ok
2026-09-17T10:58:48.1987997Z test pool::recovery::tests::replay_integration_tests::a_shorter_valid_archive_needs_its_own_pin_not_the_later_checkpoint ... ok
2026-09-17T10:58:48.8020527Z test pool::recovery::tests::replay_integration_tests::checkpoint_export_and_archive_copy_discard_history_but_keep_the_exact_tip ... ok
2026-09-17T10:58:48.8555516Z test pool::recovery::tests::replay_integration_tests::checkpoint_export_rejects_a_valid_same_length_alternate_history ... ok
2026-09-17T10:58:48.9323681Z test pool::recovery::tests::replay_integration_tests::every_recovery_entry_uses_isolated_replay_without_per_block_state_copies ... ok
2026-09-17T10:58:48.9492167Z test pool::recovery::tests::replay_integration_tests::injected_replay_failure_keeps_lock_and_blocks_prepared_commit_without_repair ... ok
2026-09-17T10:58:49.0081602Z test pool::recovery::tests::replay_integration_tests::normal_append_handles_preserve_history_even_after_read_cursor_rewinds ... ok
2026-09-17T10:58:49.2642454Z test pool::recovery::tests::replay_integration_tests::wrong_final_result_with_new_checksums_never_returns_a_verified_archive ... ok
2026-09-17T10:58:49.2645465Z test pool::replay::tests::a_complete_shorter_prefix_still_requires_an_independent_checkpoint ... ok
2026-09-17T10:58:49.2649178Z test pool::replay::tests::checksum_mutations_and_structural_corruption_do_not_replay ... ok
2026-09-17T10:58:49.2652145Z test pool::replay::tests::declared_size_and_record_count_are_bounded_before_body_allocation ... ok
2026-09-17T10:58:49.2660120Z test pool::replay::tests::every_truncated_frame_and_appended_byte_is_rejected ... ok
2026-09-17T10:58:49.2663195Z test pool::replay::tests::finish_requires_verified_eof_and_errors_permanently_poison_replay ... ok
2026-09-17T10:58:49.2665893Z test pool::replay::tests::fragmented_reads_and_interrupted_eof_are_retried_without_skipping ... ok
2026-09-17T10:58:49.2668702Z test pool::replay::tests::input_failure_is_never_converted_to_a_successful_empty_history ... ok
2026-09-17T10:58:49.2674093Z test pool::replay::tests::io_fault_at_every_record_byte_including_final_eof_drops_the_reconstruction ... ok
2026-09-17T10:58:49.2911157Z test pool::replay::tests::maximum_record_window_is_replayed_without_copying_the_full_state_per_block ... ok
2026-09-17T10:59:01.4122402Z test pool::replay::tests::real_bound_payments_replay_and_partly_valid_blocks_are_discarded ... ok
2026-09-17T10:59:01.4144026Z test pool::replay::tests::reusable_buffer_does_not_decode_stale_tail_bytes_after_a_shorter_record ... ok
2026-09-17T10:59:01.4146298Z test pool::replay::tests::shared_eof_does_not_swallow_read_errors_or_trailing_data ... ok
2026-09-17T10:59:01.4148711Z test pool::replay::tests::shared_header_and_eof_retry_interrupted_and_short_reads ... ok
2026-09-17T10:59:01.4151819Z test pool::replay::tests::shared_header_preserves_both_profiles_and_leaves_records_unread ... ok
2026-09-17T10:59:01.4154023Z test pool::replay::tests::shared_header_rejects_bounds_before_reading_commitment_payload ... ok
2026-09-17T10:59:01.4156441Z test pool::replay::tests::shared_header_rejects_unknown_network_domain_and_truncation ... ok
2026-09-17T10:59:01.4177046Z test pool::replay::tests::startup_and_wallet_history_share_replay_and_preserve_journal_bytes ... ok
2026-09-17T10:59:01.5619951Z test pool::root_cache_tests::cached_root_matches_uncached_summary_for_initialization_clones_and_empty_blocks ... ok
2026-09-17T10:59:17.8064873Z test pool::selection::tests::genuine_selection_matches_prefix_reference_and_never_persists ... ok
2026-09-17T10:59:29.2985726Z test pool::selection::tests::same_block_output_cannot_become_a_selection_anchor ... ok
2026-09-17T10:59:29.3049351Z test pool::selection::tests::selector_bounds_and_unavailable_store_fail_closed ... ok
2026-09-17T10:59:29.3431304Z test pool::testnet::tests::different_manifests_bind_different_initial_states ... ok
2026-09-17T10:59:29.3808185Z test pool::testnet::tests::fixed_supply_and_canonical_openings ... ok
2026-09-17T10:59:40.8465624Z test pool::tests::actual_two_hop_pool_commit_replay_and_corruption ... ok
2026-09-17T10:59:40.8617511Z test pool::tests::empty_pool_lock_restart_and_no_overwrite ... ok
2026-09-17T10:59:40.8688342Z test pool::tests::lost_sync_acknowledgement_remains_uncertain_until_replay ... ok
2026-09-17T10:59:40.8756846Z test pool::tests::partial_write_poison_does_not_advance_memory_or_repair_disk ... ok
2026-09-17T10:59:40.8773513Z test pool::tests::record_decoder_rejects_truncation_trailing_and_length_bombs ... ok
2026-09-17T10:59:40.8952737Z test pool::tests::tampered_prepared_result_and_resource_limits ... ok
2026-09-17T11:00:01.3677740Z test pool::wallet_flow_tests::durable_wallet_outbox_resumes_exact_real_payment_after_lost_acknowledgement ... ok
2026-09-17T11:00:01.8712216Z test pool::wallet_flow_tests::wallet_history_replay_keeps_append_cursor_and_rejects_disk_drift ... ok
2026-09-17T11:00:33.5241028Z test pool::wallet_flow_tests::wallet_nonzero_multinote_payment_change_expiry_backup_and_rescan ... ok
2026-09-17T11:00:33.9046865Z test pool::wallet_flow_tests::wallet_rejects_changed_checkpoint_ancestry_without_mutation ... ok
2026-09-17T11:00:33.9048783Z test signing_domain_vectors::every_context_component_changes_the_bound_signature_message ... ok
2026-09-17T11:00:33.9051637Z test signing_domain_vectors::legacy_and_bound_transcripts_match_independent_sha256_vectors ... ok
2026-09-17T11:00:34.4929114Z test wallet::tests::shared_witnesses_match_upstream_frontier_for_odd_and_even_trees ... ok
2026-09-17T11:00:34.6023133Z test wallet::vault::independent_kdf_vector::argon2id_matches_independent_argon2_cffi_reference ... ok
2026-09-17T11:00:36.1894966Z test wallet::vault::store::compact_tests::compacted_checkpoint_is_authenticated_but_requires_rescan_and_new_receipt ... ok
2026-09-17T11:00:37.2613567Z test wallet::vault::store::compact_tests::compaction_requires_exact_current_pin_and_never_overwrites_targets ... ok
2026-09-17T11:00:37.5196725Z test wallet::vault::store::compact_tests::corrupt_or_poisoned_source_cannot_be_compacted_into_a_fresh_looking_copy ... ok
2026-09-17T11:01:22.2168476Z test wallet::vault::store::compact_tests::full_journal_compacts_exact_real_outbox_and_continues_after_confirmation ... ok
2026-09-17T11:01:23.0201191Z test wallet::vault::store::compact_tests::partial_and_lost_ack_compaction_preserve_source_and_do_not_repair_targets ... ok
2026-09-17T11:01:23.6230471Z test wallet::vault::store::tests::authenticated_predecessor_rejects_rewritten_hash_chain_and_other_journal ... ok
2026-09-17T11:01:23.7808529Z test wallet::vault::store::tests::bounds_padding_and_live_disk_drift_fail_closed ... ok
2026-09-17T11:01:23.9143516Z test wallet::vault::store::tests::capacity_inspection_is_read_only_and_does_not_claim_synced_balance ... ok
2026-09-17T11:01:24.5849623Z test wallet::vault::store::tests::create_sync_backup_reopen_and_exact_source_protection ... ok
2026-09-17T11:02:14.3030239Z test wallet::vault::store::tests::full_real_journal_reopens_and_recovers_identical_outbox_without_capacity_bypass ... ok
2026-09-17T11:02:14.9527616Z test wallet::vault::store::tests::legacy_snapshot_import_preserves_missing_outbox_reservation ... ok
2026-09-17T11:02:14.9529426Z test wallet::vault::store::tests::lock_child ... ok
2026-09-17T11:02:15.1131318Z test wallet::vault::store::tests::lock_is_enforced_across_processes ... ok
2026-09-17T11:02:15.5156946Z test wallet::vault::store::tests::lost_acknowledgement_is_uncertain_and_reopen_reconciles_complete_record ... ok
2026-09-17T11:02:15.5304800Z test wallet::vault::store::tests::missing_and_nonregular_files_are_not_created_or_repaired ... ok
2026-09-17T11:02:15.8229991Z test wallet::vault::store::tests::partial_write_poison_preserves_failure_and_never_truncates_on_reopen ... ok
2026-09-17T11:02:15.9555967Z test wallet::vault::store::tests::truncated_and_oversized_files_never_invoke_unbounded_reads ... ok
2026-09-17T11:02:16.4986431Z test wallet::vault::store::tests::valid_prefix_needs_independent_receipt_for_rollback_detection ... ok
2026-09-17T11:02:17.3763132Z test wallet::vault::tests::encrypted_roundtrip_randomization_and_wrong_password ... ok
2026-09-17T11:02:17.3863826Z test wallet::vault::tests::rejects_lengths_versions_and_kdf_bombs_before_derivation ... ok
2026-09-17T11:02:17.3968011Z test wallet::vault::tests::snapshot_rejects_noncanonical_flags_padding_and_duplicate_reservations ... ok
2026-09-17T11:02:17.3981185Z test wire::cache::tests::concurrent_success_memoization_preserves_exact_entries_and_bounds ... ok
2026-09-17T11:02:17.3983432Z test wire::cache::tests::exact_bytes_required_even_for_a_forced_digest_collision ... ok
2026-09-17T11:02:17.3986179Z test wire::cache::tests::fifo_capacity_and_duplicate_insert_are_bounded ... ok
2026-09-17T11:02:17.3988455Z test wire::cache::tests::invalid_sizes_cannot_fill_the_cache ... ok
2026-09-17T11:02:25.2491586Z test wire::fixed_key_tests::concurrent_verifiers_share_only_the_fixed_key_and_keep_real_authorization_cold ... ok
2026-09-17T11:02:25.2494179Z test worker::tests::bounded_frame_rejections ... ok
2026-09-17T11:02:25.2498093Z test worker::tests::fingerprint_matches_go_vector ... ok
2026-09-17T11:02:25.2500003Z test worker::tests::frame_roundtrip ... ok
2026-09-17T11:02:25.2500445Z 
2026-09-17T11:02:25.2500932Z test result: ok. 152 passed; 0 failed; 0 ignored; 0 measured; 0 filtered out; finished in 413.20s
2026-09-17T11:02:25.2501640Z 
2026-09-17T11:02:25.2604125Z FUNDED_COHORT_COMPLETE library
2026-09-17T11:02:25.3236474Z ##[group]Run git diff --exit-code
2026-09-17T11:02:25.3236910Z [36;1mgit diff --exit-code[0m
2026-09-17T11:02:25.3252962Z shell: C:\Program Files\Git\bin\bash.EXE --noprofile --norc -e -o pipefail {0}
2026-09-17T11:02:25.3253421Z env:
2026-09-17T11:02:25.3253660Z   RAYON_NUM_THREADS: 2
2026-09-17T11:02:25.3253933Z   CARGO_BUILD_JOBS: 2
2026-09-17T11:02:25.3254189Z ##[endgroup]
2026-09-17T11:02:25.5738917Z Post job cleanup.
2026-09-17T11:02:25.7775417Z [command]"C:\Program Files\Git\bin\git.exe" version
2026-09-17T11:02:25.8068413Z git version 2.55.0.windows.5
2026-09-17T11:02:25.8135397Z Temporarily overriding HOME='D:\a\_temp\cf8010b2-d3b8-40c7-98d1-164ce0c1564e' before making global git config changes
2026-09-17T11:02:25.8136422Z Adding repository directory to the temporary git global config as a safe directory
2026-09-17T11:02:25.8146330Z [command]"C:\Program Files\Git\bin\git.exe" config --global --add safe.directory D:\a\Zevune\Zevune
2026-09-17T11:02:25.8468350Z [command]"C:\Program Files\Git\bin\git.exe" config --local --name-only --get-regexp core\.sshCommand
2026-09-17T11:02:25.8783531Z [command]"C:\Program Files\Git\bin\git.exe" submodule foreach --recursive "sh -c \"git config --local --name-only --get-regexp 'core\.sshCommand' && git config --local --unset-all 'core.sshCommand' || :\""
2026-09-17T11:02:26.4595407Z [command]"C:\Program Files\Git\bin\git.exe" config --local --name-only --get-regexp http\.https\:\/\/github\.com\/\.extraheader
2026-09-17T11:02:26.4911089Z [command]"C:\Program Files\Git\bin\git.exe" submodule foreach --recursive "sh -c \"git config --local --name-only --get-regexp 'http\.https\:\/\/github\.com\/\.extraheader' && git config --local --unset-all 'http.https://github.com/.extraheader' || :\""
2026-09-17T11:02:27.0788228Z Cleaning up orphan processes
2026-09-17T11:02:27.1021240Z Terminate orphan process: pid (9024) (vctip)
