2026-09-17T10:44:34.1619452Z Current runner version: '2.337.0'
2026-09-17T10:44:34.1637470Z ##[group]Runner Image Provisioner
2026-09-17T10:44:34.1638038Z Hosted Compute Agent
2026-09-17T10:44:34.1638524Z Version: 20260828.587
2026-09-17T10:44:34.1638910Z Commit: abac92662cab4cc7352de4f9f9d2e2419aad9c29
2026-09-17T10:44:34.1639342Z Build Date: 2026-08-28T16:44:25Z
2026-09-17T10:44:34.1639809Z Worker ID: {0c87902d-501d-4a9f-bc1b-9b59e3e10dd8}
2026-09-17T10:44:34.1640242Z Azure Region: centralus
2026-09-17T10:44:34.1640652Z ##[endgroup]
2026-09-17T10:44:34.1641437Z ##[group]Operating System
2026-09-17T10:44:34.1641823Z Ubuntu
2026-09-17T10:44:34.1642194Z 24.04.5
2026-09-17T10:44:34.1642506Z LTS
2026-09-17T10:44:34.1642877Z ##[endgroup]
2026-09-17T10:44:34.1643225Z ##[group]Runner Image
2026-09-17T10:44:34.1643582Z Image: ubuntu-24.04
2026-09-17T10:44:34.1643962Z Version: 20260907.300.1
2026-09-17T10:44:34.1644753Z Included Software: https://github.com/actions/runner-images/blob/ubuntu24/20260907.300/images/ubuntu/Ubuntu2404-Readme.md
2026-09-17T10:44:34.1645813Z Image Release: https://github.com/actions/runner-images/releases/tag/ubuntu24%2F20260907.300
2026-09-17T10:44:34.1646389Z ##[endgroup]
2026-09-17T10:44:34.1647089Z ##[group]GITHUB_TOKEN Permissions
2026-09-17T10:44:34.1648365Z Contents: read
2026-09-17T10:44:34.1648770Z Metadata: read
2026-09-17T10:44:34.1649111Z ##[endgroup]
2026-09-17T10:44:34.1650492Z Secret source: Actions
2026-09-17T10:44:34.1651068Z Cache mode: write
2026-09-17T10:44:34.1651496Z Prepare workflow directory
2026-09-17T10:44:34.2044215Z Prepare all required actions
2026-09-17T10:44:34.2076914Z Getting action download info
2026-09-17T10:44:34.4214971Z Download action repository 'actions/checkout@08c6903cd8c0fde910a37f88322edcfb5dd907a8' (SHA:08c6903cd8c0fde910a37f88322edcfb5dd907a8)
2026-09-17T10:44:34.7993146Z Download action repository 'actions/setup-go@44694675825211faa026b3c33043df3e48a5fa00' (SHA:44694675825211faa026b3c33043df3e48a5fa00)
2026-09-17T10:44:35.3210092Z Complete job name: integration (ubuntu-latest)
2026-09-17T10:44:35.3690515Z ##[group]Run actions/checkout@08c6903cd8c0fde910a37f88322edcfb5dd907a8
2026-09-17T10:44:35.3691049Z with:
2026-09-17T10:44:35.3691295Z   persist-credentials: false
2026-09-17T10:44:35.3691578Z   repository: youq616/Zevune
2026-09-17T10:44:35.3693726Z   token: ***
2026-09-17T10:44:35.3693961Z   ssh-strict: true
2026-09-17T10:44:35.3694203Z   ssh-user: git
2026-09-17T10:44:35.3694439Z   clean: true
2026-09-17T10:44:35.3694687Z   sparse-checkout-cone-mode: true
2026-09-17T10:44:35.3694971Z   fetch-depth: 1
2026-09-17T10:44:35.3695328Z   fetch-tags: false
2026-09-17T10:44:35.3695575Z   show-progress: true
2026-09-17T10:44:35.3695825Z   lfs: false
2026-09-17T10:44:35.3696057Z   submodules: false
2026-09-17T10:44:35.3696308Z   set-safe-directory: true
2026-09-17T10:44:35.3696657Z ##[endgroup]
2026-09-17T10:44:35.4374853Z Syncing repository: youq616/Zevune
2026-09-17T10:44:35.4376533Z ##[group]Getting Git version info
2026-09-17T10:44:35.4377191Z Working directory is '/home/runner/work/Zevune/Zevune'
2026-09-17T10:44:35.4378105Z [command]/usr/bin/git version
2026-09-17T10:44:35.4439330Z git version 2.55.0
2026-09-17T10:44:35.4462620Z ##[endgroup]
2026-09-17T10:44:35.4468660Z Temporarily overriding HOME='/home/runner/work/_temp/5d45a4c4-eabd-444e-8ebd-6ccf7133f382' before making global git config changes
2026-09-17T10:44:35.4469973Z Adding repository directory to the temporary git global config as a safe directory
2026-09-17T10:44:35.4472285Z [command]/usr/bin/git config --global --add safe.directory /home/runner/work/Zevune/Zevune
2026-09-17T10:44:35.4517902Z Deleting the contents of '/home/runner/work/Zevune/Zevune'
2026-09-17T10:44:35.4520669Z ##[group]Initializing the repository
2026-09-17T10:44:35.4524000Z [command]/usr/bin/git init /home/runner/work/Zevune/Zevune
2026-09-17T10:44:35.4616794Z hint: Using 'master' as the name for the initial branch. This default branch name
2026-09-17T10:44:35.4618058Z hint: will change to "main" in Git 3.0. To configure the initial branch name
2026-09-17T10:44:35.4619634Z hint: to use in all of your new repositories, which will suppress this warning,
2026-09-17T10:44:35.4620638Z hint: call:
2026-09-17T10:44:35.4621355Z hint:
2026-09-17T10:44:35.4622804Z hint: 	git config --global init.defaultBranch <name>
2026-09-17T10:44:35.4623475Z hint:
2026-09-17T10:44:35.4624107Z hint: Names commonly chosen instead of 'master' are 'main', 'trunk' and
2026-09-17T10:44:35.4624968Z hint: 'development'. The just-created branch can be renamed via this command:
2026-09-17T10:44:35.4625824Z hint:
2026-09-17T10:44:35.4633380Z hint: 	git branch -m <name>
2026-09-17T10:44:35.4633876Z hint:
2026-09-17T10:44:35.4634587Z hint: Disable this message with "git config set advice.defaultBranchName false"
2026-09-17T10:44:35.4635830Z Initialized empty Git repository in /home/runner/work/Zevune/Zevune/.git/
2026-09-17T10:44:35.4637497Z [command]/usr/bin/git remote add origin https://github.com/youq616/Zevune
2026-09-17T10:44:35.4685694Z ##[endgroup]
2026-09-17T10:44:35.4687011Z ##[group]Disabling automatic garbage collection
2026-09-17T10:44:35.4689030Z [command]/usr/bin/git config --local gc.auto 0
2026-09-17T10:44:35.4725455Z ##[endgroup]
2026-09-17T10:44:35.4726077Z ##[group]Setting up auth
2026-09-17T10:44:35.4728376Z [command]/usr/bin/git config --local --name-only --get-regexp core\.sshCommand
2026-09-17T10:44:35.4760926Z [command]/usr/bin/git submodule foreach --recursive sh -c "git config --local --name-only --get-regexp 'core\.sshCommand' && git config --local --unset-all 'core.sshCommand' || :"
2026-09-17T10:44:35.5074234Z [command]/usr/bin/git config --local --name-only --get-regexp http\.https\:\/\/github\.com\/\.extraheader
2026-09-17T10:44:35.5104000Z [command]/usr/bin/git submodule foreach --recursive sh -c "git config --local --name-only --get-regexp 'http\.https\:\/\/github\.com\/\.extraheader' && git config --local --unset-all 'http.https://github.com/.extraheader' || :"
2026-09-17T10:44:35.5284434Z [command]/usr/bin/git config --local http.https://github.com/.extraheader AUTHORIZATION: basic ***
2026-09-17T10:44:35.5317831Z ##[endgroup]
2026-09-17T10:44:35.5318368Z ##[group]Fetching the repository
2026-09-17T10:44:35.5323803Z [command]/usr/bin/git -c protocol.version=2 fetch --no-tags --prune --no-recurse-submodules --depth=1 origin +00d4442b12cb72344ffa5bea101eb7142ab03270:refs/remotes/pull/13/merge
2026-09-17T10:44:36.2965889Z From https://github.com/youq616/Zevune
2026-09-17T10:44:36.2966879Z  * [new ref]         00d4442b12cb72344ffa5bea101eb7142ab03270 -> pull/13/merge
2026-09-17T10:44:36.2970040Z ##[endgroup]
2026-09-17T10:44:36.2970808Z ##[group]Determining the checkout info
2026-09-17T10:44:36.2971955Z ##[endgroup]
2026-09-17T10:44:36.2976384Z [command]/usr/bin/git sparse-checkout disable
2026-09-17T10:44:36.3017914Z [command]/usr/bin/git config --local --unset-all extensions.worktreeConfig
2026-09-17T10:44:36.3042987Z ##[group]Checking out the ref
2026-09-17T10:44:36.3045681Z [command]/usr/bin/git checkout --progress --force refs/remotes/pull/13/merge
2026-09-17T10:44:36.3426833Z Note: switching to 'refs/remotes/pull/13/merge'.
2026-09-17T10:44:36.3427280Z 
2026-09-17T10:44:36.3427604Z You are in 'detached HEAD' state. You can look around, make experimental
2026-09-17T10:44:36.3428424Z changes and commit them, and you can discard any commits you make in this
2026-09-17T10:44:36.3429257Z state without impacting any branches by switching back to a branch.
2026-09-17T10:44:36.3429766Z 
2026-09-17T10:44:36.3430118Z If you want to create a new branch to retain commits you create, you may
2026-09-17T10:44:36.3430887Z do so (now or later) by using -c with the switch command. Example:
2026-09-17T10:44:36.3431350Z 
2026-09-17T10:44:36.3431547Z   git switch -c <new-branch-name>
2026-09-17T10:44:36.3431845Z 
2026-09-17T10:44:36.3432034Z Or undo this operation with:
2026-09-17T10:44:36.3432310Z 
2026-09-17T10:44:36.3432506Z   git switch -
2026-09-17T10:44:36.3432779Z 
2026-09-17T10:44:36.3433218Z Turn off this advice by setting config variable advice.detachedHead to false
2026-09-17T10:44:36.3434074Z 
2026-09-17T10:44:36.3434681Z HEAD is now at 00d4442 Merge de474720431daf33afd4a7ebc32de2d230344a5a into 6913d4ab2fda6956db37e0ceb49790a4518c2762
2026-09-17T10:44:36.3439727Z ##[endgroup]
2026-09-17T10:44:36.3494172Z [command]/usr/bin/git log -1 --format=%H
2026-09-17T10:44:36.3518076Z 00d4442b12cb72344ffa5bea101eb7142ab03270
2026-09-17T10:44:36.3525852Z ##[group]Removing auth
2026-09-17T10:44:36.3528564Z [command]/usr/bin/git config --local --name-only --get-regexp core\.sshCommand
2026-09-17T10:44:36.3555695Z [command]/usr/bin/git submodule foreach --recursive sh -c "git config --local --name-only --get-regexp 'core\.sshCommand' && git config --local --unset-all 'core.sshCommand' || :"
2026-09-17T10:44:36.3728982Z [command]/usr/bin/git config --local --name-only --get-regexp http\.https\:\/\/github\.com\/\.extraheader
2026-09-17T10:44:36.3754302Z http.https://github.com/.extraheader
2026-09-17T10:44:36.3759305Z [command]/usr/bin/git config --local --unset-all http.https://github.com/.extraheader
2026-09-17T10:44:36.3785708Z [command]/usr/bin/git submodule foreach --recursive sh -c "git config --local --name-only --get-regexp 'http\.https\:\/\/github\.com\/\.extraheader' && git config --local --unset-all 'http.https://github.com/.extraheader' || :"
2026-09-17T10:44:36.3952441Z ##[endgroup]
2026-09-17T10:44:36.4242050Z Node 20 is being deprecated. This workflow is running with Node 24 by default. If you need to temporarily use Node 20, you can set the ACTIONS_ALLOW_USE_UNSECURE_NODE_VERSION=true environment variable. For more information see: https://github.blog/changelog/2025-09-19-deprecation-of-node-20-on-github-actions-runners/
2026-09-17T10:44:36.4243985Z ##[group]Run actions/setup-go@44694675825211faa026b3c33043df3e48a5fa00
2026-09-17T10:44:36.4244389Z with:
2026-09-17T10:44:36.4244638Z   go-version: 1.27.1
2026-09-17T10:44:36.4244895Z   cache: true
2026-09-17T10:44:36.4245406Z   cache-dependency-path: integration/cometbft/go.sum
2026-09-17T10:44:36.4245781Z   check-latest: false
2026-09-17T10:44:36.4248221Z   token: ***
2026-09-17T10:44:36.4248468Z ##[endgroup]
2026-09-17T10:44:36.5097180Z Setup go version spec 1.27.1
2026-09-17T10:44:36.5101906Z Attempting to download 1.27.1...
2026-09-17T10:44:36.5173119Z (node:2086) [DEP0040] DeprecationWarning: The `punycode` module is deprecated. Please use a userland alternative instead.
2026-09-17T10:44:36.5173875Z (Use `node --trace-deprecation ...` to show where the warning was created)
2026-09-17T10:44:37.1964279Z matching 1.27.1...
2026-09-17T10:44:37.1980757Z Acquiring 1.27.1 from https://github.com/actions/go-versions/releases/download/1.27.1-33583469715/go-1.27.1-linux-x64.tar.gz
2026-09-17T10:44:37.6960787Z Extracting Go...
2026-09-17T10:44:37.7045755Z [command]/usr/bin/tar xz --warning=no-unknown-keyword --overwrite -C /home/runner/work/_temp/945a0895-dcd8-4e33-aec7-182ed26e52d1 -f /home/runner/work/_temp/620e7401-a26c-45e0-afa2-7c44f2f973da
2026-09-17T10:44:38.9790658Z Successfully extracted go to /home/runner/work/_temp/945a0895-dcd8-4e33-aec7-182ed26e52d1
2026-09-17T10:44:38.9791229Z Adding to the cache ...
2026-09-17T10:44:43.2155650Z Successfully cached go to /opt/hostedtoolcache/go/1.27.1/x64
2026-09-17T10:44:43.2156971Z Added go to the path
2026-09-17T10:44:43.2159338Z Successfully set up Go version 1.27.1
2026-09-17T10:44:43.2345421Z [command]/opt/hostedtoolcache/go/1.27.1/x64/bin/go env GOMODCACHE
2026-09-17T10:44:43.2390629Z [command]/opt/hostedtoolcache/go/1.27.1/x64/bin/go env GOCACHE
2026-09-17T10:44:43.2427018Z /home/runner/go/pkg/mod
2026-09-17T10:44:43.2438952Z /home/runner/.cache/go-build
2026-09-17T10:44:43.3752514Z Cache hit for: setup-go-Linux-x64-ubuntu24-go-1.27.1-ef6b0fbca0a8d0b6206b16c85f11c4a6c772908ae2660ca86a6b7ee95979c938
2026-09-17T10:44:43.3824444Z (node:2086) [DEP0169] DeprecationWarning: `url.parse()` behavior is not standardized and prone to errors that have security implications. Use the WHATWG URL API instead. CVEs are not issued for `url.parse()` vulnerabilities.
2026-09-17T10:44:44.5279636Z Received 134217728 of 484452015 (27.7%), 127.9 MBs/sec
2026-09-17T10:44:45.5332222Z Received 402653184 of 484452015 (83.1%), 191.3 MBs/sec
2026-09-17T10:44:45.8558823Z Received 484452015 of 484452015 (100.0%), 198.4 MBs/sec
2026-09-17T10:44:45.8559359Z Cache Size: ~462 MB (484452015 B)
2026-09-17T10:44:45.8580602Z [command]/usr/bin/tar -xf /home/runner/work/_temp/850b37a4-4a05-498c-ba64-509801ff6206/cache.tzst -P -C /home/runner/work/Zevune/Zevune --use-compress-program unzstd
2026-09-17T10:44:48.2907216Z Cache restored successfully
2026-09-17T10:44:48.3088692Z Cache restored from key: setup-go-Linux-x64-ubuntu24-go-1.27.1-ef6b0fbca0a8d0b6206b16c85f11c4a6c772908ae2660ca86a6b7ee95979c938
2026-09-17T10:44:48.3113638Z go version go1.27.1 linux/amd64
2026-09-17T10:44:48.3113787Z 
2026-09-17T10:44:48.3114069Z ##[group]go env
2026-09-17T10:44:48.3996174Z AR='ar'
2026-09-17T10:44:48.3996456Z CC='gcc'
2026-09-17T10:44:48.3996591Z CGO_CFLAGS='-O2 -g'
2026-09-17T10:44:48.3996819Z CGO_CPPFLAGS=''
2026-09-17T10:44:48.3996997Z CGO_CXXFLAGS='-O2 -g'
2026-09-17T10:44:48.3997241Z CGO_ENABLED='1'
2026-09-17T10:44:48.3997413Z CGO_FFLAGS='-O2 -g'
2026-09-17T10:44:48.3997535Z CGO_LDFLAGS='-O2 -g'
2026-09-17T10:44:48.3997653Z CXX='g++'
2026-09-17T10:44:48.3997765Z GCCGO='gccgo'
2026-09-17T10:44:48.3997878Z GO111MODULE=''
2026-09-17T10:44:48.3998248Z GOAMD64='v1'
2026-09-17T10:44:48.3998356Z GOARCH='amd64'
2026-09-17T10:44:48.3998461Z GOAUTH='netrc'
2026-09-17T10:44:48.3998579Z GOBIN='/home/runner/go/bin'
2026-09-17T10:44:48.3998732Z GOCACHE='/home/runner/.cache/go-build'
2026-09-17T10:44:48.3998882Z GOCACHEPROG=''
2026-09-17T10:44:48.3998990Z GODEBUG=''
2026-09-17T10:44:48.3999106Z GOENV='/home/runner/.config/go/env'
2026-09-17T10:44:48.3999245Z GOEXE=''
2026-09-17T10:44:48.3999352Z GOEXPERIMENT=''
2026-09-17T10:44:48.3999464Z GOFIPS140='off'
2026-09-17T10:44:48.3999571Z GOFLAGS=''
2026-09-17T10:44:48.3999927Z GOGCCFLAGS='-fPIC -m64 -pthread -Wl,--no-gc-sections -fmessage-length=0 -ffile-prefix-map=/tmp/go-build238355204=/tmp/go-build -gno-record-gcc-switches'
2026-09-17T10:44:48.4000286Z GOHOSTARCH='amd64'
2026-09-17T10:44:48.4000403Z GOHOSTOS='linux'
2026-09-17T10:44:48.4000515Z GOINSECURE=''
2026-09-17T10:44:48.4000682Z GOMOD='/home/runner/work/Zevune/Zevune/go.mod'
2026-09-17T10:44:48.4000858Z GOMODCACHE='/home/runner/go/pkg/mod'
2026-09-17T10:44:48.4001006Z GONOPROXY=''
2026-09-17T10:44:48.4001111Z GONOSUMDB=''
2026-09-17T10:44:48.4001233Z GOOS='linux'
2026-09-17T10:44:48.4001346Z GOPACKAGESDRIVER=''
2026-09-17T10:44:48.4001471Z GOPATH='/home/runner/go'
2026-09-17T10:44:48.4001598Z GOPRIVATE=''
2026-09-17T10:44:48.4001770Z GOPROXY='https://proxy.golang.org,direct'
2026-09-17T10:44:48.4001951Z GOROOT='/opt/hostedtoolcache/go/1.27.1/x64'
2026-09-17T10:44:48.4002115Z GOSUMDB='sum.golang.org'
2026-09-17T10:44:48.4002243Z GOTELEMETRY='local'
2026-09-17T10:44:48.4002392Z GOTELEMETRYDIR='/home/runner/.config/go/telemetry'
2026-09-17T10:44:48.4002552Z GOTMPDIR=''
2026-09-17T10:44:48.4002662Z GOTOOLCHAIN='local'
2026-09-17T10:44:48.4002834Z GOTOOLDIR='/opt/hostedtoolcache/go/1.27.1/x64/pkg/tool/linux_amd64'
2026-09-17T10:44:48.4003034Z GOVCS=''
2026-09-17T10:44:48.4003141Z GOVERSION='go1.27.1'
2026-09-17T10:44:48.4003261Z GOWORK=''
2026-09-17T10:44:48.4003385Z PKG_CONFIG='pkg-config'
2026-09-17T10:44:48.4003467Z 
2026-09-17T10:44:48.4003715Z ##[endgroup]
2026-09-17T10:44:48.4221753Z ##[group]Run go version
2026-09-17T10:44:48.4221961Z [36;1mgo version[0m
2026-09-17T10:44:48.4222102Z [36;1mgo mod download[0m
2026-09-17T10:44:48.4222231Z [36;1mgo mod verify[0m
2026-09-17T10:44:48.4222363Z [36;1mgo mod tidy -diff[0m
2026-09-17T10:44:48.4222498Z [36;1mtest -z "$(gofmt -l .)"[0m
2026-09-17T10:44:48.4257880Z shell: /usr/bin/bash --noprofile --norc -e -o pipefail {0}
2026-09-17T10:44:48.4258083Z env:
2026-09-17T10:44:48.4258197Z   GOTOOLCHAIN: local
2026-09-17T10:44:48.4258323Z ##[endgroup]
2026-09-17T10:44:48.4361364Z go version go1.27.1 linux/amd64
2026-09-17T10:44:49.3542148Z all modules verified
2026-09-17T10:44:49.4769892Z ##[group]Run go test -mod=readonly ./... -count=1 -timeout=8m -v
2026-09-17T10:44:49.4770306Z [36;1mgo test -mod=readonly ./... -count=1 -timeout=8m -v[0m
2026-09-17T10:44:49.4800786Z shell: /usr/bin/bash --noprofile --norc -e -o pipefail {0}
2026-09-17T10:44:49.4800966Z env:
2026-09-17T10:44:49.4801079Z   GOTOOLCHAIN: local
2026-09-17T10:44:49.4801202Z ##[endgroup]
2026-09-17T10:44:51.4487273Z === RUN   TestGenesisValidation
2026-09-17T10:44:51.4487943Z --- PASS: TestGenesisValidation (0.14s)
2026-09-17T10:44:51.4488559Z === RUN   TestFinalizeIsNotDurableAndCommitIs
2026-09-17T10:44:51.4488943Z --- PASS: TestFinalizeIsNotDurableAndCommitIs (0.02s)
2026-09-17T10:44:51.4489271Z === RUN   TestProposalChecksNeverWrite
2026-09-17T10:44:51.4489560Z --- PASS: TestProposalChecksNeverWrite (0.12s)
2026-09-17T10:44:51.4489879Z === RUN   TestEveryTransactionEntryRemainsClosed
2026-09-17T10:44:51.4490223Z --- PASS: TestEveryTransactionEntryRemainsClosed (0.35s)
2026-09-17T10:44:51.4490690Z === RUN   TestRepeatedFinalizeCopiesAndBindsHash
2026-09-17T10:44:51.4491025Z --- PASS: TestRepeatedFinalizeCopiesAndBindsHash (0.23s)
2026-09-17T10:44:51.4491378Z === RUN   TestQueryOnlyCommittedStateAndNoProofClaims
2026-09-17T10:44:51.4491777Z --- PASS: TestQueryOnlyCommittedStateAndNoProofClaims (0.14s)
2026-09-17T10:44:51.4492232Z === RUN   TestSnapshotsAndExtensionsFailClosed
2026-09-17T10:44:51.4492626Z --- PASS: TestSnapshotsAndExtensionsFailClosed (0.02s)
2026-09-17T10:44:51.4492997Z === RUN   TestConcurrentInfoAndFinalize
2026-09-17T10:44:51.4493598Z --- PASS: TestConcurrentInfoAndFinalize (0.09s)
2026-09-17T10:44:51.4493950Z === RUN   TestClosedApplicationFails
2026-09-17T10:44:51.4494425Z --- PASS: TestClosedApplicationFails (0.01s)
2026-09-17T10:44:51.4494716Z PASS
2026-09-17T10:44:51.4495087Z ok  	github.com/youq616/Zevune/integration/cometbft/app	1.126s
2026-09-17T10:44:51.4495738Z ?   	github.com/youq616/Zevune/integration/cometbft/cmd/zevune-devnet	[no test files]
2026-09-17T10:44:51.4496346Z === RUN   TestMalformedCommandsNeverCreateOrOverwrite
2026-09-17T10:44:51.4496878Z --- PASS: TestMalformedCommandsNeverCreateOrOverwrite (0.00s)
2026-09-17T10:44:51.4497212Z === RUN   TestBoundedPublicTransactionFiles
2026-09-17T10:44:51.4497614Z --- PASS: TestBoundedPublicTransactionFiles (0.27s)
2026-09-17T10:44:51.4497961Z === RUN   TestStorageCommandRejectsNetworkAndMutationFlags
2026-09-17T10:44:51.4498240Z --- PASS: TestStorageCommandRejectsNetworkAndMutationFlags (0.00s)
2026-09-17T10:44:51.4498621Z === RUN   TestSyncSubmitRejectInvalidCheckpointBeforeOtherInput
2026-09-17T10:44:51.4498892Z --- PASS: TestSyncSubmitRejectInvalidCheckpointBeforeOtherInput (0.00s)
2026-09-17T10:44:51.4499157Z === RUN   TestStorageCheckpointFlagPair
2026-09-17T10:44:51.4499358Z --- PASS: TestStorageCheckpointFlagPair (0.00s)
2026-09-17T10:44:51.4499566Z === RUN   TestCheckpointSyntaxDoesNotSelectAStorageProfile
2026-09-17T10:44:51.4499816Z --- PASS: TestCheckpointSyntaxDoesNotSelectAStorageProfile (0.00s)
2026-09-17T10:44:51.4500172Z === RUN   TestStorageCheckpointCLIRejectsPartialDuplicateAndWrongCommands
2026-09-17T10:44:51.4500558Z --- PASS: TestStorageCheckpointCLIRejectsPartialDuplicateAndWrongCommands (0.00s)
2026-09-17T10:44:51.4500926Z === RUN   TestExplicitEmptyStorageCheckpointDoesNotDisableCheck
2026-09-17T10:44:51.4501201Z --- PASS: TestExplicitEmptyStorageCheckpointDoesNotDisableCheck (0.00s)
2026-09-17T10:44:51.4501532Z === RUN   TestStorageCopyRequiresExplicitCheckpointAndOfflinePaths
2026-09-17T10:44:51.4501820Z --- PASS: TestStorageCopyRequiresExplicitCheckpointAndOfflinePaths (0.00s)
2026-09-17T10:44:51.4502034Z PASS
2026-09-17T10:44:51.4502232Z ok  	github.com/youq616/Zevune/integration/cometbft/cmd/zevune-network	0.279s
2026-09-17T10:45:34.2029277Z === RUN   TestNodeProcessHelper
2026-09-17T10:45:34.2029618Z --- PASS: TestNodeProcessHelper (0.00s)
2026-09-17T10:45:34.2029925Z === RUN   TestFourProcessConsensusAndRecovery
2026-09-17T10:45:34.2031159Z     devnet_test.go:214: four processes verified common height=4; equal block/app hashes; >2/3 signatures verified
2026-09-17T10:45:34.2031991Z     devnet_test.go:221: payment admission rejected by real CometBFT RPC/mempool path
2026-09-17T10:45:34.2032546Z     devnet_test.go:225: one validator offline: remaining 3/4 continued committing
2026-09-17T10:45:34.2033109Z     devnet_test.go:233: two validators offline: height remained 7 over observation window
2026-09-17T10:45:34.2033663Z     devnet_test.go:239: restored quorum and lagging validator catch-up succeeded
2026-09-17T10:45:34.2034280Z     devnet_test.go:245: abrupt process termination recovered without resetting validator state
2026-09-17T10:45:34.2034917Z     devnet_test.go:256: full four-process restart resumed from durable application/consensus state
2026-09-17T10:45:34.2035526Z --- PASS: TestFourProcessConsensusAndRecovery (36.75s)
2026-09-17T10:45:34.2035842Z === RUN   TestInitAndManifestFailClosed
2026-09-17T10:45:34.2036128Z --- PASS: TestInitAndManifestFailClosed (0.01s)
2026-09-17T10:45:34.2036455Z === RUN   TestFullRestartAdvancesBeyondDurableHeight
2026-09-17T10:45:34.2037005Z     restart_test.go:53: restart advanced every node beyond highest recovered height 3 to at least 6
2026-09-17T10:45:34.2037495Z --- PASS: TestFullRestartAdvancesBeyondDurableHeight (6.38s)
2026-09-17T10:45:34.2037846Z === RUN   TestMissingSigningStateIsNotRecreated
2026-09-17T10:45:34.2038172Z --- PASS: TestMissingSigningStateIsNotRecreated (0.02s)
2026-09-17T10:45:34.2038444Z PASS
2026-09-17T10:45:34.2038698Z ok  	github.com/youq616/Zevune/integration/cometbft/devnet	43.162s
2026-09-17T10:45:34.2039086Z === RUN   TestQuorumAndAllHeaderBindings
2026-09-17T10:45:34.2039371Z === RUN   TestQuorumAndAllHeaderBindings/version
2026-09-17T10:45:34.2039701Z === RUN   TestQuorumAndAllHeaderBindings/next-validators
2026-09-17T10:45:34.2040026Z === RUN   TestQuorumAndAllHeaderBindings/parameters
2026-09-17T10:45:34.2040349Z === RUN   TestQuorumAndAllHeaderBindings/state-length
2026-09-17T10:45:34.2040676Z === RUN   TestQuorumAndAllHeaderBindings/pre-genesis
2026-09-17T10:45:34.2040983Z === RUN   TestQuorumAndAllHeaderBindings/height
2026-09-17T10:45:34.2041280Z === RUN   TestQuorumAndAllHeaderBindings/chain
2026-09-17T10:45:34.2041582Z === RUN   TestQuorumAndAllHeaderBindings/validators
2026-09-17T10:45:34.2041881Z === RUN   TestQuorumAndAllHeaderBindings/future
2026-09-17T10:45:34.2042183Z --- PASS: TestQuorumAndAllHeaderBindings (0.00s)
2026-09-17T10:45:34.2042562Z     --- PASS: TestQuorumAndAllHeaderBindings/version (0.00s)
2026-09-17T10:45:34.2042996Z     --- PASS: TestQuorumAndAllHeaderBindings/next-validators (0.00s)
2026-09-17T10:45:34.2043436Z     --- PASS: TestQuorumAndAllHeaderBindings/parameters (0.00s)
2026-09-17T10:45:34.2043868Z     --- PASS: TestQuorumAndAllHeaderBindings/state-length (0.00s)
2026-09-17T10:45:34.2044294Z     --- PASS: TestQuorumAndAllHeaderBindings/pre-genesis (0.00s)
2026-09-17T10:45:34.2044701Z     --- PASS: TestQuorumAndAllHeaderBindings/height (0.00s)
2026-09-17T10:45:34.2045095Z     --- PASS: TestQuorumAndAllHeaderBindings/chain (0.00s)
2026-09-17T10:45:34.2045604Z     --- PASS: TestQuorumAndAllHeaderBindings/validators (0.00s)
2026-09-17T10:45:34.2046009Z     --- PASS: TestQuorumAndAllHeaderBindings/future (0.00s)
2026-09-17T10:45:34.2046363Z === RUN   TestPinnedPublicConfigurationAndCompanionFiles
2026-09-17T10:45:34.2046758Z --- PASS: TestPinnedPublicConfigurationAndCompanionFiles (0.15s)
2026-09-17T10:45:34.2047154Z === RUN   TestCanonicalDecodingAndFileBounds
2026-09-17T10:45:34.2047456Z --- PASS: TestCanonicalDecodingAndFileBounds (0.08s)
2026-09-17T10:45:34.2047772Z === RUN   TestLoopbackEndpointAndStreamingLimits
2026-09-17T10:45:34.2048111Z --- PASS: TestLoopbackEndpointAndStreamingLimits (0.00s)
2026-09-17T10:45:34.2048459Z === RUN   TestRPCRejectsRedirectCompressionAndOversize
2026-09-17T10:45:34.2048829Z === RUN   TestRPCRejectsRedirectCompressionAndOversize/redirect
2026-09-17T10:45:34.2049224Z === RUN   TestRPCRejectsRedirectCompressionAndOversize/encoding
2026-09-17T10:45:34.2049758Z === RUN   TestRPCRejectsRedirectCompressionAndOversize/length
2026-09-17T10:45:34.2050247Z === RUN   TestRPCRejectsRedirectCompressionAndOversize/stream
2026-09-17T10:45:34.2050640Z --- PASS: TestRPCRejectsRedirectCompressionAndOversize (0.01s)
2026-09-17T10:45:34.2051138Z     --- PASS: TestRPCRejectsRedirectCompressionAndOversize/redirect (0.00s)
2026-09-17T10:45:34.2051666Z     --- PASS: TestRPCRejectsRedirectCompressionAndOversize/encoding (0.00s)
2026-09-17T10:45:34.2052183Z     --- PASS: TestRPCRejectsRedirectCompressionAndOversize/length (0.00s)
2026-09-17T10:45:34.2052689Z     --- PASS: TestRPCRejectsRedirectCompressionAndOversize/stream (0.00s)
2026-09-17T10:45:34.2053120Z === RUN   TestMalformedGenesisInitDoesNotCreatePrivateDirectory
2026-09-17T10:45:34.2053570Z --- PASS: TestMalformedGenesisInitDoesNotCreatePrivateDirectory (0.00s)
2026-09-17T10:45:34.2053987Z === RUN   TestUnexpectedEngineExitIsNotSuccessfulShutdown
2026-09-17T10:45:34.2054411Z --- PASS: TestUnexpectedEngineExitIsNotSuccessfulShutdown (0.00s)
2026-09-17T10:45:34.2054790Z === RUN   TestRequestedShutdownDoesNotNeedEngineExit
2026-09-17T10:45:34.2055265Z --- PASS: TestRequestedShutdownDoesNotNeedEngineExit (0.00s)
2026-09-17T10:45:34.2055658Z === RUN   TestConcurrentCancellationAndEngineExitRemainRequested
2026-09-17T10:45:34.2056109Z --- PASS: TestConcurrentCancellationAndEngineExitRemainRequested (0.00s)
2026-09-17T10:45:34.2056517Z === RUN   TestEngineExitReleasesWaitingSupervisor
2026-09-17T10:45:34.2056883Z --- PASS: TestEngineExitReleasesWaitingSupervisor (0.00s)
2026-09-17T10:45:34.2057371Z === RUN   TestLifecycleRejectsMissingContext
2026-09-17T10:45:34.2057684Z --- PASS: TestLifecycleRejectsMissingContext (0.00s)
2026-09-17T10:45:34.2058085Z === RUN   TestPinnedNetworkProfileCannotChangeConfigurationOrAppVersion
2026-09-17T10:45:34.2058604Z === RUN   TestPinnedNetworkProfileCannotChangeConfigurationOrAppVersion/ZVTGEN01/1/2
2026-09-17T10:45:34.2059168Z === RUN   TestPinnedNetworkProfileCannotChangeConfigurationOrAppVersion/ZVTGEN01/1/3
2026-09-17T10:45:34.2059730Z === RUN   TestPinnedNetworkProfileCannotChangeConfigurationOrAppVersion/ZVTGEN01/2/2
2026-09-17T10:45:34.2060291Z === RUN   TestPinnedNetworkProfileCannotChangeConfigurationOrAppVersion/ZVTGEN01/2/3
2026-09-17T10:45:34.2060839Z === RUN   TestPinnedNetworkProfileCannotChangeConfigurationOrAppVersion/ZVTGEN02/1/2
2026-09-17T10:45:34.2061395Z === RUN   TestPinnedNetworkProfileCannotChangeConfigurationOrAppVersion/ZVTGEN02/1/3
2026-09-17T10:45:34.2061952Z === RUN   TestPinnedNetworkProfileCannotChangeConfigurationOrAppVersion/ZVTGEN02/2/2
2026-09-17T10:45:34.2062510Z === RUN   TestPinnedNetworkProfileCannotChangeConfigurationOrAppVersion/ZVTGEN02/2/3
2026-09-17T10:45:34.2063068Z === RUN   TestPinnedNetworkProfileCannotChangeConfigurationOrAppVersion/ZVTGEN03/1/2
2026-09-17T10:45:34.2063630Z === RUN   TestPinnedNetworkProfileCannotChangeConfigurationOrAppVersion/ZVTGEN03/1/3
2026-09-17T10:45:34.2064185Z === RUN   TestPinnedNetworkProfileCannotChangeConfigurationOrAppVersion/ZVTGEN03/2/2
2026-09-17T10:45:34.2064753Z === RUN   TestPinnedNetworkProfileCannotChangeConfigurationOrAppVersion/ZVTGEN03/2/3
2026-09-17T10:45:34.2065421Z --- PASS: TestPinnedNetworkProfileCannotChangeConfigurationOrAppVersion (0.32s)
2026-09-17T10:45:34.2066093Z     --- PASS: TestPinnedNetworkProfileCannotChangeConfigurationOrAppVersion/ZVTGEN01/1/2 (0.05s)
2026-09-17T10:45:34.2066805Z     --- PASS: TestPinnedNetworkProfileCannotChangeConfigurationOrAppVersion/ZVTGEN01/1/3 (0.10s)
2026-09-17T10:45:34.2067503Z     --- PASS: TestPinnedNetworkProfileCannotChangeConfigurationOrAppVersion/ZVTGEN01/2/2 (0.03s)
2026-09-17T10:45:34.2068199Z     --- PASS: TestPinnedNetworkProfileCannotChangeConfigurationOrAppVersion/ZVTGEN01/2/3 (0.04s)
2026-09-17T10:45:34.2068891Z     --- PASS: TestPinnedNetworkProfileCannotChangeConfigurationOrAppVersion/ZVTGEN02/1/2 (0.02s)
2026-09-17T10:45:34.2069584Z     --- PASS: TestPinnedNetworkProfileCannotChangeConfigurationOrAppVersion/ZVTGEN02/1/3 (0.00s)
2026-09-17T10:45:34.2070402Z     --- PASS: TestPinnedNetworkProfileCannotChangeConfigurationOrAppVersion/ZVTGEN02/2/2 (0.01s)
2026-09-17T10:45:34.2071221Z     --- PASS: TestPinnedNetworkProfileCannotChangeConfigurationOrAppVersion/ZVTGEN02/2/3 (0.01s)
2026-09-17T10:45:34.2071920Z     --- PASS: TestPinnedNetworkProfileCannotChangeConfigurationOrAppVersion/ZVTGEN03/1/2 (0.03s)
2026-09-17T10:45:34.2072622Z     --- PASS: TestPinnedNetworkProfileCannotChangeConfigurationOrAppVersion/ZVTGEN03/1/3 (0.01s)
2026-09-17T10:45:34.2073330Z     --- PASS: TestPinnedNetworkProfileCannotChangeConfigurationOrAppVersion/ZVTGEN03/2/2 (0.01s)
2026-09-17T10:45:34.2074030Z     --- PASS: TestPinnedNetworkProfileCannotChangeConfigurationOrAppVersion/ZVTGEN03/2/3 (0.02s)
2026-09-17T10:45:34.2074568Z === RUN   TestSignedHeadersUseAuthenticatedProfileHeightAndVersion
2026-09-17T10:45:34.2075033Z --- PASS: TestSignedHeadersUseAuthenticatedProfileHeightAndVersion (0.00s)
2026-09-17T10:45:34.2075626Z === RUN   TestActiveCheckpointUsesPinnedNetworkAndRetainsLegacyBounds
2026-09-17T10:45:34.2076127Z --- PASS: TestActiveCheckpointUsesPinnedNetworkAndRetainsLegacyBounds (0.02s)
2026-09-17T10:45:34.2076611Z === RUN   TestActiveCapacityReportsLogicalBytesAndExactCheckpoint
2026-09-17T10:45:34.2077070Z --- PASS: TestActiveCapacityReportsLogicalBytesAndExactCheckpoint (0.00s)
2026-09-17T10:45:34.2077545Z === RUN   TestActiveStorageCopyRefusesBeforeReadingOrCreatingAnyPath
2026-09-17T10:45:34.2078030Z --- PASS: TestActiveStorageCopyRefusesBeforeReadingOrCreatingAnyPath (0.00s)
2026-09-17T10:45:34.2078481Z === RUN   TestReferenceCheckpointRequestBoundsBeforeAccess
2026-09-17T10:45:34.2078888Z --- PASS: TestReferenceCheckpointRequestBoundsBeforeAccess (0.00s)
2026-09-17T10:45:34.2079287Z === RUN   TestReferenceCheckpointMissingContextAndNetwork
2026-09-17T10:45:34.2079689Z --- PASS: TestReferenceCheckpointMissingContextAndNetwork (0.00s)
2026-09-17T10:45:34.2080080Z === RUN   TestUnpinnedResultsNeverClaimRetainedCheckpoint
2026-09-17T10:45:34.2080481Z --- PASS: TestUnpinnedResultsNeverClaimRetainedCheckpoint (0.00s)
2026-09-17T10:45:34.2080846Z === RUN   TestStorageCheckpointCanonicalInputs
2026-09-17T10:45:34.2081176Z --- PASS: TestStorageCheckpointCanonicalInputs (0.00s)
2026-09-17T10:45:34.2081560Z === RUN   TestStorageCheckpointExactTipNotMinimumHeightOrFinality
2026-09-17T10:45:34.2082017Z --- PASS: TestStorageCheckpointExactTipNotMinimumHeightOrFinality (0.00s)
2026-09-17T10:45:34.2082451Z === RUN   TestInvalidStorageCheckpointFailsBeforeFileAccess
2026-09-17T10:45:34.2082857Z --- PASS: TestInvalidStorageCheckpointFailsBeforeFileAccess (0.00s)
2026-09-17T10:45:34.2083259Z === RUN   TestBoundedCopyRejectsShortLongAndCancelledInput
2026-09-17T10:45:34.2083661Z --- PASS: TestBoundedCopyRejectsShortLongAndCancelledInput (0.00s)
2026-09-17T10:45:34.2084074Z === RUN   TestCopyIOFailureAndMidstreamCancelNeverYieldDigest
2026-09-17T10:45:34.2084494Z --- PASS: TestCopyIOFailureAndMidstreamCancelNeverYieldDigest (0.00s)
2026-09-17T10:45:34.2084899Z === RUN   TestCopyPathsAndPublicEntryRejectBeforeWorker
2026-09-17T10:45:34.2086183Z --- PASS: TestCopyPathsAndPublicEntryRejectBeforeWorker (0.00s)
2026-09-17T10:45:34.2086580Z === RUN   TestPublishCopyIsCreateOnlyAndDoesNotLinkSource
2026-09-17T10:45:34.2086973Z --- PASS: TestPublishCopyIsCreateOnlyAndDoesNotLinkSource (0.01s)
2026-09-17T10:45:34.2087384Z === RUN   TestPublicationFailureAfterLinkIsExplicitlyUncertain
2026-09-17T10:45:34.2087820Z --- PASS: TestPublicationFailureAfterLinkIsExplicitlyUncertain (0.00s)
2026-09-17T10:45:34.2088282Z === RUN   TestPublicationCancellationAndExistingSymlinkDoNotOverwrite
2026-09-17T10:45:34.2088772Z --- PASS: TestPublicationCancellationAndExistingSymlinkDoNotOverwrite (0.00s)
2026-09-17T10:45:34.2089206Z === RUN   TestCopyReportDoesNotClaimConsensusOrFunds
2026-09-17T10:45:34.2089562Z --- PASS: TestCopyReportDoesNotClaimConsensusOrFunds (0.00s)
2026-09-17T10:45:34.2089931Z === RUN   TestJournalDigestDetectsChangedAndReplacedFile
2026-09-17T10:45:34.2090318Z --- PASS: TestJournalDigestDetectsChangedAndReplacedFile (0.02s)
2026-09-17T10:45:34.2090875Z === RUN   TestCancelAfterPublishRetainsCompleteCopyWithUncertainResult
2026-09-17T10:45:34.2091477Z --- PASS: TestCancelAfterPublishRetainsCompleteCopyWithUncertainResult (0.00s)
2026-09-17T10:45:34.2091924Z === RUN   TestStorageReportBoundariesAndNoFinalityClaims
2026-09-17T10:45:34.2092301Z === RUN   TestStorageReportBoundariesAndNoFinalityClaims/normal
2026-09-17T10:45:34.2092723Z === RUN   TestStorageReportBoundariesAndNoFinalityClaims/exact-empty
2026-09-17T10:45:34.2093151Z === RUN   TestStorageReportBoundariesAndNoFinalityClaims/one-short
2026-09-17T10:45:34.2093571Z === RUN   TestStorageReportBoundariesAndNoFinalityClaims/byte-limit
2026-09-17T10:45:34.2093995Z === RUN   TestStorageReportBoundariesAndNoFinalityClaims/record-limit
2026-09-17T10:45:34.2094438Z === RUN   TestStorageReportBoundariesAndNoFinalityClaims/record-warning
2026-09-17T10:45:34.2094906Z === RUN   TestStorageReportBoundariesAndNoFinalityClaims/record-before-warning
2026-09-17T10:45:34.2095488Z === RUN   TestStorageReportBoundariesAndNoFinalityClaims/one-output-slot
2026-09-17T10:45:34.2095944Z === RUN   TestStorageReportBoundariesAndNoFinalityClaims/two-output-slots
2026-09-17T10:45:34.2096383Z --- PASS: TestStorageReportBoundariesAndNoFinalityClaims (0.00s)
2026-09-17T10:45:34.2096882Z     --- PASS: TestStorageReportBoundariesAndNoFinalityClaims/normal (0.00s)
2026-09-17T10:45:34.2097435Z     --- PASS: TestStorageReportBoundariesAndNoFinalityClaims/exact-empty (0.00s)
2026-09-17T10:45:34.2098000Z     --- PASS: TestStorageReportBoundariesAndNoFinalityClaims/one-short (0.00s)
2026-09-17T10:45:34.2098550Z     --- PASS: TestStorageReportBoundariesAndNoFinalityClaims/byte-limit (0.00s)
2026-09-17T10:45:34.2099116Z     --- PASS: TestStorageReportBoundariesAndNoFinalityClaims/record-limit (0.00s)
2026-09-17T10:45:34.2099696Z     --- PASS: TestStorageReportBoundariesAndNoFinalityClaims/record-warning (0.00s)
2026-09-17T10:45:34.2100312Z     --- PASS: TestStorageReportBoundariesAndNoFinalityClaims/record-before-warning (0.00s)
2026-09-17T10:45:34.2100933Z     --- PASS: TestStorageReportBoundariesAndNoFinalityClaims/one-output-slot (0.00s)
2026-09-17T10:45:34.2101537Z     --- PASS: TestStorageReportBoundariesAndNoFinalityClaims/two-output-slots (0.00s)
2026-09-17T10:45:34.2101978Z === RUN   TestStorageReportRejectsContradictoryCounts
2026-09-17T10:45:34.2102346Z --- PASS: TestStorageReportRejectsContradictoryCounts (0.00s)
2026-09-17T10:45:34.2102754Z === RUN   TestJournalMetadataIsReadOnlyAndDetectsOrdinaryChanges
2026-09-17T10:45:34.2103200Z --- PASS: TestJournalMetadataIsReadOnlyAndDetectsOrdinaryChanges (0.01s)
2026-09-17T10:45:34.2103615Z === RUN   TestStorageMissingInvalidPathsNeverCreateData
2026-09-17T10:45:34.2104001Z --- PASS: TestStorageMissingInvalidPathsNeverCreateData (0.00s)
2026-09-17T10:45:34.2104348Z === RUN   FuzzCanonicalPublicConfiguration
2026-09-17T10:45:34.2104674Z === RUN   FuzzCanonicalPublicConfiguration/seed#0
2026-09-17T10:45:34.2104992Z === RUN   FuzzCanonicalPublicConfiguration/seed#1
2026-09-17T10:45:34.2105424Z --- PASS: FuzzCanonicalPublicConfiguration (0.00s)
2026-09-17T10:45:34.2105817Z     --- PASS: FuzzCanonicalPublicConfiguration/seed#0 (0.00s)
2026-09-17T10:45:34.2106223Z     --- PASS: FuzzCanonicalPublicConfiguration/seed#1 (0.00s)
2026-09-17T10:45:34.2106541Z === RUN   FuzzNumericLoopbackEndpoint
2026-09-17T10:45:34.2106810Z === RUN   FuzzNumericLoopbackEndpoint/seed#0
2026-09-17T10:45:34.2107098Z === RUN   FuzzNumericLoopbackEndpoint/seed#1
2026-09-17T10:45:34.2107385Z --- PASS: FuzzNumericLoopbackEndpoint (0.00s)
2026-09-17T10:45:34.2107741Z     --- PASS: FuzzNumericLoopbackEndpoint/seed#0 (0.00s)
2026-09-17T10:45:34.2108123Z     --- PASS: FuzzNumericLoopbackEndpoint/seed#1 (0.00s)
2026-09-17T10:45:34.2108417Z === RUN   FuzzStorageCheckpointInputs
2026-09-17T10:45:34.2108687Z === RUN   FuzzStorageCheckpointInputs/seed#0
2026-09-17T10:45:34.2108966Z === RUN   FuzzStorageCheckpointInputs/seed#1
2026-09-17T10:45:34.2109248Z === RUN   FuzzStorageCheckpointInputs/seed#2
2026-09-17T10:45:34.2109641Z --- PASS: FuzzStorageCheckpointInputs (0.00s)
2026-09-17T10:45:34.2110097Z     --- PASS: FuzzStorageCheckpointInputs/seed#0 (0.00s)
2026-09-17T10:45:34.2110466Z     --- PASS: FuzzStorageCheckpointInputs/seed#1 (0.00s)
2026-09-17T10:45:34.2110838Z     --- PASS: FuzzStorageCheckpointInputs/seed#2 (0.00s)
2026-09-17T10:45:34.2111123Z === RUN   FuzzStorageAccounting
2026-09-17T10:45:34.2111363Z === RUN   FuzzStorageAccounting/seed#0
2026-09-17T10:45:34.2111619Z === RUN   FuzzStorageAccounting/seed#1
2026-09-17T10:45:34.2111878Z --- PASS: FuzzStorageAccounting (0.00s)
2026-09-17T10:45:34.2112196Z     --- PASS: FuzzStorageAccounting/seed#0 (0.00s)
2026-09-17T10:45:34.2112530Z     --- PASS: FuzzStorageAccounting/seed#1 (0.00s)
2026-09-17T10:45:34.2112778Z PASS
2026-09-17T10:45:34.2113034Z ok  	github.com/youq616/Zevune/integration/cometbft/labnet	0.633s
2026-09-17T10:45:34.2113405Z === RUN   TestGenesisBindingRejectsAmbiguityAndMismatch
2026-09-17T10:45:34.2113786Z --- PASS: TestGenesisBindingRejectsAmbiguityAndMismatch (0.00s)
2026-09-17T10:45:34.2114088Z PASS
2026-09-17T10:45:34.2114343Z ok  	github.com/youq616/Zevune/integration/cometbft/poolapp	0.006s
2026-09-17T10:45:34.3662754Z ##[group]Run go vet -mod=readonly ./...
2026-09-17T10:45:34.3662973Z [36;1mgo vet -mod=readonly ./...[0m
2026-09-17T10:45:34.3693189Z shell: /usr/bin/bash --noprofile --norc -e -o pipefail {0}
2026-09-17T10:45:34.3693375Z env:
2026-09-17T10:45:34.3693487Z   GOTOOLCHAIN: local
2026-09-17T10:45:34.3693615Z ##[endgroup]
2026-09-17T10:45:37.9441838Z ##[group]Run go test -mod=readonly -race ./app -count=1 -timeout=3m
2026-09-17T10:45:37.9442111Z [36;1mgo test -mod=readonly -race ./app -count=1 -timeout=3m[0m
2026-09-17T10:45:37.9472605Z shell: /usr/bin/bash --noprofile --norc -e -o pipefail {0}
2026-09-17T10:45:37.9472799Z env:
2026-09-17T10:45:37.9472908Z   GOTOOLCHAIN: local
2026-09-17T10:45:37.9473032Z ##[endgroup]
2026-09-17T10:46:00.9547777Z ok  	github.com/youq616/Zevune/integration/cometbft/app	1.063s
2026-09-17T10:46:01.0419916Z ##[group]Run go build -mod=readonly ./cmd/zevune-devnet
2026-09-17T10:46:01.0420181Z [36;1mgo build -mod=readonly ./cmd/zevune-devnet[0m
2026-09-17T10:46:01.0450190Z shell: /usr/bin/bash --noprofile --norc -e -o pipefail {0}
2026-09-17T10:46:01.0450385Z env:
2026-09-17T10:46:01.0450499Z   GOTOOLCHAIN: local
2026-09-17T10:46:01.0450626Z ##[endgroup]
2026-09-17T10:46:01.9891600Z ##[group]Run git diff --exit-code
2026-09-17T10:46:01.9891935Z [36;1mgit diff --exit-code[0m
2026-09-17T10:46:01.9932545Z shell: /usr/bin/bash --noprofile --norc -e -o pipefail {0}
2026-09-17T10:46:01.9932861Z env:
2026-09-17T10:46:01.9933045Z   GOTOOLCHAIN: local
2026-09-17T10:46:01.9933246Z ##[endgroup]
2026-09-17T10:46:02.0072549Z Node 20 is being deprecated. This workflow is running with Node 24 by default. If you need to temporarily use Node 20, you can set the ACTIONS_ALLOW_USE_UNSECURE_NODE_VERSION=true environment variable. For more information see: https://github.blog/changelog/2025-09-19-deprecation-of-node-20-on-github-actions-runners/
2026-09-17T10:46:02.0073226Z Post job cleanup.
2026-09-17T10:46:02.0863119Z (node:10830) [DEP0040] DeprecationWarning: The `punycode` module is deprecated. Please use a userland alternative instead.
2026-09-17T10:46:02.0863556Z (Use `node --trace-deprecation ...` to show where the warning was created)
2026-09-17T10:46:02.0904233Z [command]/opt/hostedtoolcache/go/1.27.1/x64/bin/go env GOMODCACHE
2026-09-17T10:46:02.0942784Z [command]/opt/hostedtoolcache/go/1.27.1/x64/bin/go env GOCACHE
2026-09-17T10:46:02.0967427Z /home/runner/go/pkg/mod
2026-09-17T10:46:02.0980192Z /home/runner/.cache/go-build
2026-09-17T10:46:02.0985505Z Cache hit occurred on the primary key setup-go-Linux-x64-ubuntu24-go-1.27.1-ef6b0fbca0a8d0b6206b16c85f11c4a6c772908ae2660ca86a6b7ee95979c938, not saving cache.
2026-09-17T10:46:02.1172441Z Post job cleanup.
2026-09-17T10:46:02.1762985Z [command]/usr/bin/git version
2026-09-17T10:46:02.1796323Z git version 2.55.0
2026-09-17T10:46:02.1820908Z Temporarily overriding HOME='/home/runner/work/_temp/9d0764d6-9a41-4502-82b5-09a51748c650' before making global git config changes
2026-09-17T10:46:02.1821911Z Adding repository directory to the temporary git global config as a safe directory
2026-09-17T10:46:02.1825323Z [command]/usr/bin/git config --global --add safe.directory /home/runner/work/Zevune/Zevune
2026-09-17T10:46:02.1861165Z [command]/usr/bin/git config --local --name-only --get-regexp core\.sshCommand
2026-09-17T10:46:02.1894766Z [command]/usr/bin/git submodule foreach --recursive sh -c "git config --local --name-only --get-regexp 'core\.sshCommand' && git config --local --unset-all 'core.sshCommand' || :"
2026-09-17T10:46:02.2102029Z [command]/usr/bin/git config --local --name-only --get-regexp http\.https\:\/\/github\.com\/\.extraheader
2026-09-17T10:46:02.2138539Z [command]/usr/bin/git submodule foreach --recursive sh -c "git config --local --name-only --get-regexp 'http\.https\:\/\/github\.com\/\.extraheader' && git config --local --unset-all 'http.https://github.com/.extraheader' || :"
2026-09-17T10:46:02.2467803Z Cleaning up orphan processes
2026-09-17T10:46:02.2675039Z ##[warning]Node.js 20 is deprecated. The following actions target Node.js 20 but are being forced to run on Node.js 24: actions/setup-go@44694675825211faa026b3c33043df3e48a5fa00. For more information see: https://github.blog/changelog/2025-09-19-deprecation-of-node-20-on-github-actions-runners/
