2026-09-17T10:51:36.1610621Z Current runner version: '2.337.0'
2026-09-17T10:51:36.1639494Z ##[group]Runner Image Provisioner
2026-09-17T10:51:36.1640341Z Hosted Compute Agent
2026-09-17T10:51:36.1640946Z Version: 20260828.587
2026-09-17T10:51:36.1641543Z Commit: abac92662cab4cc7352de4f9f9d2e2419aad9c29
2026-09-17T10:51:36.1642268Z Build Date: 2026-08-28T16:44:25Z
2026-09-17T10:51:36.1642886Z Worker ID: {e9242e25-4d27-4ac0-b563-abede720f063}
2026-09-17T10:51:36.1643560Z Azure Region: westus
2026-09-17T10:51:36.1644067Z ##[endgroup]
2026-09-17T10:51:36.1645348Z ##[group]Operating System
2026-09-17T10:51:36.1645991Z Microsoft Windows Server 2025
2026-09-17T10:51:36.1646546Z 10.0.26100
2026-09-17T10:51:36.1647005Z Datacenter
2026-09-17T10:51:36.1647502Z ##[endgroup]
2026-09-17T10:51:36.1647969Z ##[group]Runner Image
2026-09-17T10:51:36.1648516Z Image: windows-2025-vs2026
2026-09-17T10:51:36.1649046Z Version: 20260907.229.1
2026-09-17T10:51:36.1650471Z Included Software: https://github.com/actions/runner-images/blob/win25-vs2026/20260907.229/images/windows/Windows2025-VS2026-Readme.md
2026-09-17T10:51:36.1652528Z Image Release: https://github.com/actions/runner-images/releases/tag/win25-vs2026%2F20260907.229
2026-09-17T10:51:36.1653620Z ##[endgroup]
2026-09-17T10:51:36.1654632Z ##[group]GITHUB_TOKEN Permissions
2026-09-17T10:51:36.1656488Z Contents: read
2026-09-17T10:51:36.1657043Z Metadata: read
2026-09-17T10:51:36.1657542Z ##[endgroup]
2026-09-17T10:51:36.1659589Z Secret source: Actions
2026-09-17T10:51:36.1660472Z Cache mode: write
2026-09-17T10:51:36.1661157Z Prepare workflow directory
2026-09-17T10:51:36.3813933Z Prepare all required actions
2026-09-17T10:51:36.3862449Z Getting action download info
2026-09-17T10:51:36.7334363Z Download action repository 'actions/checkout@08c6903cd8c0fde910a37f88322edcfb5dd907a8' (SHA:08c6903cd8c0fde910a37f88322edcfb5dd907a8)
2026-09-17T10:51:36.8619424Z Download action repository 'actions/setup-go@44694675825211faa026b3c33043df3e48a5fa00' (SHA:44694675825211faa026b3c33043df3e48a5fa00)
2026-09-17T10:51:37.5713590Z Complete job name: growth (windows-latest)
2026-09-17T10:51:38.0691664Z ##[group]Run actions/checkout@08c6903cd8c0fde910a37f88322edcfb5dd907a8
2026-09-17T10:51:38.0692981Z with:
2026-09-17T10:51:38.0693425Z   persist-credentials: false
2026-09-17T10:51:38.0693956Z   repository: youq616/Zevune
2026-09-17T10:51:38.0699019Z   token: ***
2026-09-17T10:51:38.0699461Z   ssh-strict: true
2026-09-17T10:51:38.0699876Z   ssh-user: git
2026-09-17T10:51:38.0700281Z   clean: true
2026-09-17T10:51:38.0700711Z   sparse-checkout-cone-mode: true
2026-09-17T10:51:38.0701229Z   fetch-depth: 1
2026-09-17T10:51:38.0701641Z   fetch-tags: false
2026-09-17T10:51:38.0702073Z   show-progress: true
2026-09-17T10:51:38.0702509Z   lfs: false
2026-09-17T10:51:38.0702908Z   submodules: false
2026-09-17T10:51:38.0703370Z   set-safe-directory: true
2026-09-17T10:51:38.0704115Z env:
2026-09-17T10:51:38.0704515Z   RAYON_NUM_THREADS: 2
2026-09-17T10:51:38.0704954Z   CARGO_BUILD_JOBS: 2
2026-09-17T10:51:38.0705375Z ##[endgroup]
2026-09-17T10:51:38.2126797Z Syncing repository: youq616/Zevune
2026-09-17T10:51:38.2128531Z ##[group]Getting Git version info
2026-09-17T10:51:38.2129138Z Working directory is 'D:\a\Zevune\Zevune'
2026-09-17T10:51:38.3123257Z [command]"C:\Program Files\Git\bin\git.exe" version
2026-09-17T10:51:38.4774081Z git version 2.55.0.windows.5
2026-09-17T10:51:38.4819110Z ##[endgroup]
2026-09-17T10:51:38.4841199Z Temporarily overriding HOME='D:\a\_temp\e4e76a91-eff0-44f6-be91-32be43805b1e' before making global git config changes
2026-09-17T10:51:38.4844215Z Adding repository directory to the temporary git global config as a safe directory
2026-09-17T10:51:38.4851569Z [command]"C:\Program Files\Git\bin\git.exe" config --global --add safe.directory D:\a\Zevune\Zevune
2026-09-17T10:51:38.5260858Z Deleting the contents of 'D:\a\Zevune\Zevune'
2026-09-17T10:51:38.5267046Z ##[group]Initializing the repository
2026-09-17T10:51:38.5276854Z [command]"C:\Program Files\Git\bin\git.exe" init D:\a\Zevune\Zevune
2026-09-17T10:51:38.5734298Z Initialized empty Git repository in D:/a/Zevune/Zevune/.git/
2026-09-17T10:51:38.5777559Z [command]"C:\Program Files\Git\bin\git.exe" remote add origin https://github.com/youq616/Zevune
2026-09-17T10:51:38.6115717Z ##[endgroup]
2026-09-17T10:51:38.6117011Z ##[group]Disabling automatic garbage collection
2026-09-17T10:51:38.6126441Z [command]"C:\Program Files\Git\bin\git.exe" config --local gc.auto 0
2026-09-17T10:51:38.6423543Z ##[endgroup]
2026-09-17T10:51:38.6424813Z ##[group]Setting up auth
2026-09-17T10:51:38.6436249Z [command]"C:\Program Files\Git\bin\git.exe" config --local --name-only --get-regexp core\.sshCommand
2026-09-17T10:51:38.6736387Z [command]"C:\Program Files\Git\bin\git.exe" submodule foreach --recursive "sh -c \"git config --local --name-only --get-regexp 'core\.sshCommand' && git config --local --unset-all 'core.sshCommand' || :\""
2026-09-17T10:51:39.8145676Z [command]"C:\Program Files\Git\bin\git.exe" config --local --name-only --get-regexp http\.https\:\/\/github\.com\/\.extraheader
2026-09-17T10:51:39.8462505Z [command]"C:\Program Files\Git\bin\git.exe" submodule foreach --recursive "sh -c \"git config --local --name-only --get-regexp 'http\.https\:\/\/github\.com\/\.extraheader' && git config --local --unset-all 'http.https://github.com/.extraheader' || :\""
2026-09-17T10:51:40.3776947Z [command]"C:\Program Files\Git\bin\git.exe" config --local http.https://github.com/.extraheader "AUTHORIZATION: basic ***"
2026-09-17T10:51:40.4110964Z ##[endgroup]
2026-09-17T10:51:40.4111536Z ##[group]Fetching the repository
2026-09-17T10:51:40.4124051Z [command]"C:\Program Files\Git\bin\git.exe" -c protocol.version=2 fetch --no-tags --prune --no-recurse-submodules --depth=1 origin +00d4442b12cb72344ffa5bea101eb7142ab03270:refs/remotes/pull/13/merge
2026-09-17T10:51:41.4125768Z From https://github.com/youq616/Zevune
2026-09-17T10:51:41.4126634Z  * [new ref]         00d4442b12cb72344ffa5bea101eb7142ab03270 -> pull/13/merge
2026-09-17T10:51:41.4167124Z ##[endgroup]
2026-09-17T10:51:41.4170807Z ##[group]Determining the checkout info
2026-09-17T10:51:41.4171851Z ##[endgroup]
2026-09-17T10:51:41.4181079Z [command]"C:\Program Files\Git\bin\git.exe" sparse-checkout disable
2026-09-17T10:51:41.4553842Z [command]"C:\Program Files\Git\bin\git.exe" config --local --unset-all extensions.worktreeConfig
2026-09-17T10:51:41.4916238Z ##[group]Checking out the ref
2026-09-17T10:51:41.4925827Z [command]"C:\Program Files\Git\bin\git.exe" checkout --progress --force refs/remotes/pull/13/merge
2026-09-17T10:51:41.6684518Z Note: switching to 'refs/remotes/pull/13/merge'.
2026-09-17T10:51:41.6685069Z 
2026-09-17T10:51:41.6685449Z You are in 'detached HEAD' state. You can look around, make experimental
2026-09-17T10:51:41.6686302Z changes and commit them, and you can discard any commits you make in this
2026-09-17T10:51:41.6687528Z state without impacting any branches by switching back to a branch.
2026-09-17T10:51:41.6688043Z 
2026-09-17T10:51:41.6688487Z If you want to create a new branch to retain commits you create, you may
2026-09-17T10:51:41.6689316Z do so (now or later) by using -c with the switch command. Example:
2026-09-17T10:51:41.6689810Z 
2026-09-17T10:51:41.6690025Z   git switch -c <new-branch-name>
2026-09-17T10:51:41.6690325Z 
2026-09-17T10:51:41.6690487Z Or undo this operation with:
2026-09-17T10:51:41.6690763Z 
2026-09-17T10:51:41.6690892Z   git switch -
2026-09-17T10:51:41.6691182Z 
2026-09-17T10:51:41.6691574Z Turn off this advice by setting config variable advice.detachedHead to false
2026-09-17T10:51:41.6692201Z 
2026-09-17T10:51:41.6692882Z HEAD is now at 00d4442 Merge de474720431daf33afd4a7ebc32de2d230344a5a into 6913d4ab2fda6956db37e0ceb49790a4518c2762
2026-09-17T10:51:41.6759397Z ##[endgroup]
2026-09-17T10:51:41.7088615Z [command]"C:\Program Files\Git\bin\git.exe" log -1 --format=%H
2026-09-17T10:51:41.7356426Z 00d4442b12cb72344ffa5bea101eb7142ab03270
2026-09-17T10:51:41.7397268Z ##[group]Removing auth
2026-09-17T10:51:41.7405956Z [command]"C:\Program Files\Git\bin\git.exe" config --local --name-only --get-regexp core\.sshCommand
2026-09-17T10:51:41.7702507Z [command]"C:\Program Files\Git\bin\git.exe" submodule foreach --recursive "sh -c \"git config --local --name-only --get-regexp 'core\.sshCommand' && git config --local --unset-all 'core.sshCommand' || :\""
2026-09-17T10:51:42.3072118Z [command]"C:\Program Files\Git\bin\git.exe" config --local --name-only --get-regexp http\.https\:\/\/github\.com\/\.extraheader
2026-09-17T10:51:42.3330316Z http.https://github.com/.extraheader
2026-09-17T10:51:42.3374442Z [command]"C:\Program Files\Git\bin\git.exe" config --local --unset-all http.https://github.com/.extraheader
2026-09-17T10:51:42.3671968Z [command]"C:\Program Files\Git\bin\git.exe" submodule foreach --recursive "sh -c \"git config --local --name-only --get-regexp 'http\.https\:\/\/github\.com\/\.extraheader' && git config --local --unset-all 'http.https://github.com/.extraheader' || :\""
2026-09-17T10:51:42.8987090Z ##[endgroup]
2026-09-17T10:51:43.1685086Z Node 20 is being deprecated. This workflow is running with Node 24 by default. If you need to temporarily use Node 20, you can set the ACTIONS_ALLOW_USE_UNSECURE_NODE_VERSION=true environment variable. For more information see: https://github.blog/changelog/2025-09-19-deprecation-of-node-20-on-github-actions-runners/
2026-09-17T10:51:43.1686933Z ##[group]Run actions/setup-go@44694675825211faa026b3c33043df3e48a5fa00
2026-09-17T10:51:43.1687284Z with:
2026-09-17T10:51:43.1687464Z   go-version: 1.27.1
2026-09-17T10:51:43.1687719Z   cache-dependency-path: integration/cometbft/go.sum
2026-09-17T10:51:43.1688015Z   check-latest: false
2026-09-17T10:51:43.1690646Z   token: ***
2026-09-17T10:51:43.1690824Z   cache: true
2026-09-17T10:51:43.1690996Z env:
2026-09-17T10:51:43.1691157Z   RAYON_NUM_THREADS: 2
2026-09-17T10:51:43.1691350Z   CARGO_BUILD_JOBS: 2
2026-09-17T10:51:43.1691531Z ##[endgroup]
2026-09-17T10:51:43.3260652Z Setup go version spec 1.27.1
2026-09-17T10:51:43.3275837Z Attempting to download 1.27.1...
2026-09-17T10:51:43.3461941Z (node:7640) [DEP0040] DeprecationWarning: The `punycode` module is deprecated. Please use a userland alternative instead.
2026-09-17T10:51:43.3462644Z (Use `node --trace-deprecation ...` to show where the warning was created)
2026-09-17T10:51:43.9276905Z matching 1.27.1...
2026-09-17T10:51:43.9304834Z Acquiring 1.27.1 from https://github.com/actions/go-versions/releases/download/1.27.1-33583469715/go-1.27.1-win32-x64.zip
2026-09-17T10:51:44.9728551Z Extracting Go...
2026-09-17T10:51:45.0608676Z [command]"C:\Program Files\PowerShell\7\pwsh.exe" -NoLogo -NoProfile -NonInteractive -ExecutionPolicy Unrestricted -Command "$ErrorActionPreference = 'Stop' ; try { Add-Type -AssemblyName System.IO.Compression.ZipFile } catch { } ; try { [System.IO.Compression.ZipFile]::ExtractToDirectory('D:\a\_temp\go-1.27.1-win32-x64.zip', 'D:\a\_temp\f84acc00-16d7-4a25-9247-34554bcbe08b', $true) } catch { if (($_.Exception.GetType().FullName -eq 'System.Management.Automation.MethodException') -or ($_.Exception.GetType().FullName -eq 'System.Management.Automation.RuntimeException') ){ Expand-Archive -LiteralPath 'D:\a\_temp\go-1.27.1-win32-x64.zip' -DestinationPath 'D:\a\_temp\f84acc00-16d7-4a25-9247-34554bcbe08b' -Force } else { throw $_ } } ;"
2026-09-17T10:51:50.4753477Z Successfully extracted go to D:\a\_temp\f84acc00-16d7-4a25-9247-34554bcbe08b
2026-09-17T10:51:50.4754274Z Adding to the cache ...
2026-09-17T10:52:02.7745469Z Created link C:\hostedtoolcache\windows\go\1.27.1\x64 => D:\hostedtoolcache\windows\go\1.27.1\x64
2026-09-17T10:52:02.7750898Z Created link C:\hostedtoolcache\windows\go\1.27.1\x64.complete => D:\hostedtoolcache\windows\go\1.27.1\x64.complete
2026-09-17T10:52:02.7751942Z Successfully cached go to C:\hostedtoolcache\windows\go\1.27.1\x64
2026-09-17T10:52:02.7758411Z Added go to the path
2026-09-17T10:52:02.7761242Z Successfully set up Go version 1.27.1
2026-09-17T10:52:03.1631141Z [command]C:\hostedtoolcache\windows\go\1.27.1\x64\bin\go.exe env GOCACHE
2026-09-17T10:52:03.1683955Z [command]C:\hostedtoolcache\windows\go\1.27.1\x64\bin\go.exe env GOMODCACHE
2026-09-17T10:52:03.1975520Z C:\Users\runneradmin\AppData\Local\go-build
2026-09-17T10:52:03.1993891Z C:\Users\runneradmin\go\pkg\mod
2026-09-17T10:52:03.5990361Z Cache hit for: setup-go-Windows-x64-go-1.27.1-ef6b0fbca0a8d0b6206b16c85f11c4a6c772908ae2660ca86a6b7ee95979c938
2026-09-17T10:52:03.6125896Z (node:7640) [DEP0169] DeprecationWarning: `url.parse()` behavior is not standardized and prone to errors that have security implications. Use the WHATWG URL API instead. CVEs are not issued for `url.parse()` vulnerabilities.
2026-09-17T10:52:04.9098242Z Received 37748736 of 429434914 (8.8%), 35.8 MBs/sec
2026-09-17T10:52:05.9229528Z Received 130023424 of 429434914 (30.3%), 61.4 MBs/sec
2026-09-17T10:52:06.9366501Z Received 239075328 of 429434914 (55.7%), 75.2 MBs/sec
2026-09-17T10:52:07.9419876Z Received 369098752 of 429434914 (85.9%), 87.2 MBs/sec
2026-09-17T10:52:08.5023176Z Received 429434914 of 429434914 (100.0%), 89.1 MBs/sec
2026-09-17T10:52:08.5024167Z Cache Size: ~410 MB (429434914 B)
2026-09-17T10:52:08.5097940Z [command]"C:\Program Files\Git\usr\bin\tar.exe" -xf D:/a/_temp/bf5f485e-5afc-4308-8e2c-4e0f3eb363d1/cache.tzst -P -C D:/a/Zevune/Zevune --force-local --use-compress-program "zstd -d"
2026-09-17T10:52:40.7691057Z Cache restored successfully
2026-09-17T10:52:40.8077703Z Cache restored from key: setup-go-Windows-x64-go-1.27.1-ef6b0fbca0a8d0b6206b16c85f11c4a6c772908ae2660ca86a6b7ee95979c938
2026-09-17T10:52:40.8102167Z go version go1.27.1 windows/amd64
2026-09-17T10:52:40.8102483Z 
2026-09-17T10:52:40.8102903Z ##[group]go env
2026-09-17T10:52:41.1025588Z set AR=ar
2026-09-17T10:52:41.1025961Z set CC=gcc
2026-09-17T10:52:41.1026376Z set CGO_CFLAGS=-O2 -g
2026-09-17T10:52:41.1026775Z set CGO_CPPFLAGS=
2026-09-17T10:52:41.1027155Z set CGO_CXXFLAGS=-O2 -g
2026-09-17T10:52:41.1027551Z set CGO_ENABLED=1
2026-09-17T10:52:41.1027916Z set CGO_FFLAGS=-O2 -g
2026-09-17T10:52:41.1028325Z set CGO_LDFLAGS=-O2 -g
2026-09-17T10:52:41.1028660Z set CXX=g++
2026-09-17T10:52:41.1028926Z set GCCGO=gccgo
2026-09-17T10:52:41.1029230Z set GO111MODULE=
2026-09-17T10:52:41.1029563Z set GOAMD64=v1
2026-09-17T10:52:41.1029879Z set GOARCH=amd64
2026-09-17T10:52:41.1030204Z set GOAUTH=netrc
2026-09-17T10:52:41.1030565Z set GOBIN=C:\Users\runneradmin\go\bin
2026-09-17T10:52:41.1031167Z set GOCACHE=C:\Users\runneradmin\AppData\Local\go-build
2026-09-17T10:52:41.1031982Z set GOCACHEPROG=
2026-09-17T10:52:41.1032321Z set GODEBUG=
2026-09-17T10:52:41.1032757Z set GOENV=C:\Users\runneradmin\AppData\Roaming\go\env
2026-09-17T10:52:41.1033274Z set GOEXE=.exe
2026-09-17T10:52:41.1033601Z set GOEXPERIMENT=
2026-09-17T10:52:41.1033940Z set GOFIPS140=off
2026-09-17T10:52:41.1034265Z set GOFLAGS=
2026-09-17T10:52:41.1035706Z set GOGCCFLAGS=-m64 -pthread -Wl,--no-gc-sections -fmessage-length=0 -ffile-prefix-map=C:\Users\RUNNER~1\AppData\Local\Temp\go-build3987293503=/tmp/go-build -gno-record-gcc-switches
2026-09-17T10:52:41.1037170Z set GOHOSTARCH=amd64
2026-09-17T10:52:41.1037535Z set GOHOSTOS=windows
2026-09-17T10:52:41.1037891Z set GOINSECURE=
2026-09-17T10:52:41.1038262Z set GOMOD=D:\a\Zevune\Zevune\go.mod
2026-09-17T10:52:41.1038770Z set GOMODCACHE=C:\Users\runneradmin\go\pkg\mod
2026-09-17T10:52:41.1039266Z set GONOPROXY=
2026-09-17T10:52:41.1039580Z set GONOSUMDB=
2026-09-17T10:52:41.1039887Z set GOOS=windows
2026-09-17T10:52:41.1040247Z set GOPACKAGESDRIVER=
2026-09-17T10:52:41.1040750Z set GOPATH=C:\Users\runneradmin\go
2026-09-17T10:52:41.1041226Z set GOPRIVATE=
2026-09-17T10:52:41.1041650Z set GOPROXY=https://proxy.golang.org,direct
2026-09-17T10:52:41.1042239Z set GOROOT=C:\hostedtoolcache\windows\go\1.27.1\x64
2026-09-17T10:52:41.1042775Z set GOSUMDB=sum.golang.org
2026-09-17T10:52:41.1043160Z set GOTELEMETRY=local
2026-09-17T10:52:41.1043728Z set GOTELEMETRYDIR=C:\Users\runneradmin\AppData\Roaming\go\telemetry
2026-09-17T10:52:41.1044907Z set GOTMPDIR=
2026-09-17T10:52:41.1045251Z set GOTOOLCHAIN=local
2026-09-17T10:52:41.1045875Z set GOTOOLDIR=C:\hostedtoolcache\windows\go\1.27.1\x64\pkg\tool\windows_amd64
2026-09-17T10:52:41.1046565Z set GOVCS=
2026-09-17T10:52:41.1046870Z set GOVERSION=go1.27.1
2026-09-17T10:52:41.1047204Z set GOWORK=
2026-09-17T10:52:41.1047525Z set PKG_CONFIG=pkg-config
2026-09-17T10:52:41.1047753Z 
2026-09-17T10:52:41.1048165Z ##[endgroup]
2026-09-17T10:52:41.1505901Z ##[group]Run rustup toolchain install 1.98.1 --profile minimal
2026-09-17T10:52:41.1506496Z [36;1mrustup toolchain install 1.98.1 --profile minimal[0m
2026-09-17T10:52:41.1528755Z shell: C:\Program Files\Git\bin\bash.EXE --noprofile --norc -e -o pipefail {0}
2026-09-17T10:52:41.1529157Z env:
2026-09-17T10:52:41.1529330Z   RAYON_NUM_THREADS: 2
2026-09-17T10:52:41.1529828Z   CARGO_BUILD_JOBS: 2
2026-09-17T10:52:41.1530051Z   GOTOOLCHAIN: local
2026-09-17T10:52:41.1530248Z ##[endgroup]
2026-09-17T10:52:41.9402801Z info: syncing channel updates for 1.98.1-x86_64-pc-windows-msvc
2026-09-17T10:52:42.4522636Z info: latest update on 2026-09-03 for version 1.98.1 (48a229cea 2026-09-01)
2026-09-17T10:52:42.4645206Z info: downloading 3 components
2026-09-17T10:52:49.8241479Z 
2026-09-17T10:52:49.8544605Z   1.98.1-x86_64-pc-windows-msvc installed - rustc 1.98.1 (48a229cea 2026-09-01)
2026-09-17T10:52:49.8544978Z 
2026-09-17T10:52:49.8999992Z ##[group]Run cargo +1.98.1 build --manifest-path integration/orchard/Cargo.toml --locked --release --features local-funding-lab --bins
2026-09-17T10:52:49.9001087Z [36;1mcargo +1.98.1 build --manifest-path integration/orchard/Cargo.toml --locked --release --features local-funding-lab --bins[0m
2026-09-17T10:52:49.9017914Z shell: C:\Program Files\Git\bin\bash.EXE --noprofile --norc -e -o pipefail {0}
2026-09-17T10:52:49.9018400Z env:
2026-09-17T10:52:49.9018673Z   RAYON_NUM_THREADS: 2
2026-09-17T10:52:49.9018953Z   CARGO_BUILD_JOBS: 2
2026-09-17T10:52:49.9019226Z   GOTOOLCHAIN: local
2026-09-17T10:52:49.9019492Z ##[endgroup]
2026-09-17T10:52:50.5434541Z     Updating crates.io index
2026-09-17T10:52:50.8491142Z  Downloading crates ...
2026-09-17T10:52:50.9327533Z   Downloaded base16ct v0.2.0
2026-09-17T10:52:50.9530180Z   Downloaded aead v0.5.2
2026-09-17T10:52:50.9667163Z   Downloaded generic-array v0.14.7
2026-09-17T10:52:50.9833983Z   Downloaded nonempty v0.11.0
2026-09-17T10:52:50.9948948Z   Downloaded block-buffer v0.10.4
2026-09-17T10:52:51.0042440Z   Downloaded universal-hash v0.5.1
2026-09-17T10:52:51.0116420Z   Downloaded visibility v0.1.1
2026-09-17T10:52:51.0231621Z   Downloaded tap v1.0.1
2026-09-17T10:52:51.0309608Z   Downloaded version_check v0.9.5
2026-09-17T10:52:51.0411907Z   Downloaded zcash_spec v0.2.1
2026-09-17T10:52:51.0520497Z   Downloaded zeroize v1.9.0
2026-09-17T10:52:51.0637000Z   Downloaded zeroize_derive v1.5.0
2026-09-17T10:52:51.0751458Z   Downloaded autocfg v1.5.1
2026-09-17T10:52:51.0906739Z   Downloaded cbc v0.1.2
2026-09-17T10:52:51.1052758Z   Downloaded cfg-if v1.0.4
2026-09-17T10:52:51.1196052Z   Downloaded cobs v0.3.0
2026-09-17T10:52:51.1318867Z   Downloaded const-crc32-nostd v1.3.1
2026-09-17T10:52:51.1408193Z   Downloaded hex v0.4.3
2026-09-17T10:52:51.1541563Z   Downloaded lock_api v0.4.14
2026-09-17T10:52:51.1641535Z   Downloaded rand_chacha v0.3.1
2026-09-17T10:52:51.1735726Z   Downloaded scopeguard v1.2.0
2026-09-17T10:52:51.1850942Z   Downloaded subtle v2.6.1
2026-09-17T10:52:51.1945486Z   Downloaded thiserror-impl v2.0.20
2026-09-17T10:52:51.2075924Z   Downloaded uint v0.9.5
2026-09-17T10:52:51.2192719Z   Downloaded unicode-ident v1.0.24
2026-09-17T10:52:51.2447722Z   Downloaded wyz v0.5.1
2026-09-17T10:52:51.2570722Z   Downloaded zcash_note_encryption v0.4.2
2026-09-17T10:52:51.2690643Z   Downloaded zip32 v0.2.1
2026-09-17T10:52:51.2874889Z   Downloaded argon2 v0.5.3
2026-09-17T10:52:51.4441563Z   Downloaded base64ct v1.8.3
2026-09-17T10:52:51.4681163Z   Downloaded byteorder v1.5.0
2026-09-17T10:52:51.4802149Z   Downloaded chacha20 v0.9.1
2026-09-17T10:52:51.4948855Z   Downloaded thiserror v2.0.20
2026-09-17T10:52:51.5688255Z   Downloaded tracing-attributes v0.1.31
2026-09-17T10:52:51.5945296Z   Downloaded cipher v0.4.4
2026-09-17T10:52:51.6086064Z   Downloaded tracing-core v0.1.36
2026-09-17T10:52:51.6307092Z   Downloaded postcard v1.1.3
2026-09-17T10:52:51.6509480Z   Downloaded quote v1.0.47
2026-09-17T10:52:51.6763304Z   Downloaded arrayvec v0.7.8
2026-09-17T10:52:51.6943175Z   Downloaded crossbeam-utils v0.8.23
2026-09-17T10:52:51.7217910Z   Downloaded frost-core v3.0.0
2026-09-17T10:52:51.7520767Z   Downloaded halo2_poseidon v0.1.0
2026-09-17T10:52:51.7653261Z   Downloaded typenum v1.20.1
2026-09-17T10:52:51.7876430Z   Downloaded bech32 v0.11.1
2026-09-17T10:52:51.8185093Z   Downloaded blake2 v0.10.6
2026-09-17T10:52:51.8398792Z   Downloaded blake2b_simd v1.0.5
2026-09-17T10:52:51.8554802Z   Downloaded chacha20poly1305 v0.10.1
2026-09-17T10:52:51.8661544Z   Downloaded aes v0.8.4
2026-09-17T10:52:51.8964860Z   Downloaded bitvec v1.1.1
2026-09-17T10:52:52.1069005Z   Downloaded embedded-io v0.4.0
2026-09-17T10:52:52.1210382Z   Downloaded corez v0.1.1
2026-09-17T10:52:52.1379713Z   Downloaded crossbeam-deque v0.8.8
2026-09-17T10:52:52.1507810Z   Downloaded zerocopy v0.8.57
2026-09-17T10:52:52.3655752Z   Downloaded crypto-common v0.1.7
2026-09-17T10:52:52.3757425Z   Downloaded getset v0.1.7
2026-09-17T10:52:52.3932067Z   Downloaded opaque-debug v0.3.1
2026-09-17T10:52:52.4087128Z   Downloaded document-features v0.2.12
2026-09-17T10:52:52.4185487Z   Downloaded funty v2.0.0
2026-09-17T10:52:52.4255034Z   Downloaded lazy_static v1.5.0
2026-09-17T10:52:52.4440129Z   Downloaded hash32 v0.2.1
2026-09-17T10:52:52.4582134Z   Downloaded group v0.13.0
2026-09-17T10:52:52.4779646Z   Downloaded tracing v0.1.44
2026-09-17T10:52:52.5650792Z   Downloaded inout v0.1.4
2026-09-17T10:52:52.5778562Z   Downloaded crunchy v0.2.4
2026-09-17T10:52:52.5865591Z   Downloaded cpufeatures v0.2.17
2026-09-17T10:52:52.6009287Z   Downloaded num-integer v0.1.47
2026-09-17T10:52:52.6163921Z   Downloaded bls12_381 v0.8.0
2026-09-17T10:52:52.6839962Z   Downloaded once_cell v1.21.4
2026-09-17T10:52:53.0738702Z   Downloaded digest v0.10.7
2026-09-17T10:52:53.0960538Z   Downloaded crossbeam-epoch v0.9.21
2026-09-17T10:52:53.1209032Z   Downloaded embedded-io v0.6.1
2026-09-17T10:52:53.1345099Z   Downloaded memuse v0.2.2
2026-09-17T10:52:53.1472153Z   Downloaded constant_time_eq v0.4.2
2026-09-17T10:52:53.1715379Z   Downloaded frost-rerandomized v3.0.0
2026-09-17T10:52:53.1807804Z   Downloaded maybe-rayon v0.1.1
2026-09-17T10:52:53.1890331Z   Downloaded num-bigint v0.4.8
2026-09-17T10:52:53.2366871Z   Downloaded rand_core v0.6.4
2026-09-17T10:52:53.2514274Z   Downloaded rayon-core v1.13.0
2026-09-17T10:52:53.2916901Z   Downloaded litrs v1.0.0
2026-09-17T10:52:53.3181835Z   Downloaded stable_deref_trait v1.2.1
2026-09-17T10:52:53.3278142Z   Downloaded rustc_version v0.4.1
2026-09-17T10:52:53.3386503Z   Downloaded derive-getters v0.5.0
2026-09-17T10:52:53.3675384Z   Downloaded incrementalmerkletree v0.8.1
2026-09-17T10:52:53.3770073Z   Downloaded poly1305 v0.8.0
2026-09-17T10:52:53.3972927Z   Downloaded halo2_legacy_pdqsort v0.1.0
2026-09-17T10:52:53.4063868Z   Downloaded ppv-lite86 v0.2.21
2026-09-17T10:52:53.4197401Z   Downloaded serdect v0.2.0
2026-09-17T10:52:53.4365860Z   Downloaded password-hash v0.5.0
2026-09-17T10:52:53.4554218Z   Downloaded static_assertions v1.1.0
2026-09-17T10:52:53.4711551Z   Downloaded jubjub v0.10.0
2026-09-17T10:52:53.4999417Z   Downloaded fpe v0.6.1
2026-09-17T10:52:53.5178098Z   Downloaded ff v0.13.1
2026-09-17T10:52:53.5300898Z   Downloaded proc-macro2 v1.0.107
2026-09-17T10:52:53.5575975Z   Downloaded radium v0.7.0
2026-09-17T10:52:53.5663977Z   Downloaded serde_derive v1.0.229
2026-09-17T10:52:53.5988006Z   Downloaded spin v0.9.9
2026-09-17T10:52:53.6200147Z   Downloaded either v1.18.0
2026-09-17T10:52:53.6334377Z   Downloaded getrandom v0.2.17
2026-09-17T10:52:53.6601194Z   Downloaded semver v1.0.28
2026-09-17T10:52:53.6833981Z   Downloaded sha2 v0.10.9
2026-09-17T10:52:53.7095534Z   Downloaded heapless v0.7.17
2026-09-17T10:52:53.7409264Z   Downloaded indexmap v1.9.3
2026-09-17T10:52:53.7685578Z   Downloaded libm v0.2.16
2026-09-17T10:52:53.8648662Z   Downloaded pin-project-lite v0.2.17
2026-09-17T10:52:53.9334752Z   Downloaded rand v0.8.5
2026-09-17T10:52:53.9608967Z   Downloaded serde v1.0.229
2026-09-17T10:52:53.9868213Z   Downloaded num-traits v0.2.19
2026-09-17T10:52:54.0160803Z   Downloaded serde_core v1.0.229
2026-09-17T10:52:54.4460618Z   Downloaded halo2_proofs v0.3.5
2026-09-17T10:52:54.5175631Z   Downloaded hashbrown v0.12.3
2026-09-17T10:52:54.5452925Z   Downloaded sinsemilla v0.1.0
2026-09-17T10:52:54.5571847Z   Downloaded itertools v0.14.0
2026-09-17T10:52:54.6261462Z   Downloaded reddsa v0.5.2
2026-09-17T10:52:54.6718415Z   Downloaded rayon v1.12.0
2026-09-17T10:52:54.7618022Z   Downloaded halo2_gadgets v0.5.0
2026-09-17T10:52:54.8478335Z   Downloaded syn v2.0.119
2026-09-17T10:52:54.9222518Z   Downloaded syn v3.0.5
2026-09-17T10:52:54.9977424Z   Downloaded pasta_curves v0.5.2
2026-09-17T10:52:55.0446958Z   Downloaded orchard v0.15.5
2026-09-17T10:52:55.2800887Z    Compiling cfg-if v1.0.4
2026-09-17T10:52:55.2802333Z    Compiling proc-macro2 v1.0.107
2026-09-17T10:52:55.3297011Z    Compiling getrandom v0.2.17
2026-09-17T10:52:55.5190345Z    Compiling rand_core v0.6.4
2026-09-17T10:52:55.7726123Z    Compiling unicode-ident v1.0.24
2026-09-17T10:52:55.8499180Z    Compiling quote v1.0.47
2026-09-17T10:52:56.8335075Z    Compiling version_check v0.9.5
2026-09-17T10:52:57.2134565Z    Compiling subtle v2.6.1
2026-09-17T10:52:57.3674495Z    Compiling generic-array v0.14.7
2026-09-17T10:52:57.7671852Z    Compiling typenum v1.20.1
2026-09-17T10:52:57.8046750Z    Compiling syn v2.0.119
2026-09-17T10:52:59.3285439Z    Compiling crypto-common v0.1.7
2026-09-17T10:52:59.4264167Z    Compiling radium v0.7.0
2026-09-17T10:52:59.6518020Z    Compiling tap v1.0.1
2026-09-17T10:52:59.7316467Z    Compiling wyz v0.5.1
2026-09-17T10:53:00.1732888Z    Compiling zerocopy v0.8.57
2026-09-17T10:53:00.5064726Z    Compiling autocfg v1.5.1
2026-09-17T10:53:00.9358207Z    Compiling funty v2.0.0
2026-09-17T10:53:02.5947603Z    Compiling bitvec v1.1.1
2026-09-17T10:53:03.7539051Z    Compiling zeroize_derive v1.5.0
2026-09-17T10:53:05.5779746Z    Compiling ff v0.13.1
2026-09-17T10:53:05.6989276Z    Compiling zeroize v1.9.0
2026-09-17T10:53:05.8637630Z    Compiling memuse v0.2.2
2026-09-17T10:53:06.0184050Z    Compiling arrayvec v0.7.8
2026-09-17T10:53:06.2693729Z    Compiling constant_time_eq v0.4.2
2026-09-17T10:53:06.4288944Z    Compiling crossbeam-utils v0.8.23
2026-09-17T10:53:06.6924972Z    Compiling blake2b_simd v1.0.5
2026-09-17T10:53:08.6656949Z    Compiling ppv-lite86 v0.2.21
2026-09-17T10:53:09.0530472Z    Compiling crossbeam-epoch v0.9.21
2026-09-17T10:53:09.2575381Z    Compiling rand_chacha v0.3.1
2026-09-17T10:53:10.1947170Z    Compiling group v0.13.0
2026-09-17T10:53:10.3778331Z    Compiling inout v0.1.4
2026-09-17T10:53:10.4803094Z    Compiling spin v0.9.9
2026-09-17T10:53:10.5852624Z    Compiling cpufeatures v0.2.17
2026-09-17T10:53:10.6324560Z    Compiling crossbeam-deque v0.8.8
2026-09-17T10:53:10.8343130Z    Compiling static_assertions v1.1.0
2026-09-17T10:53:10.8622272Z    Compiling lazy_static v1.5.0
2026-09-17T10:53:10.9218146Z    Compiling cipher v0.4.4
2026-09-17T10:53:11.1428480Z    Compiling rand v0.8.5
2026-09-17T10:53:11.3942827Z    Compiling rayon-core v1.13.0
2026-09-17T10:53:11.7786619Z    Compiling num-traits v0.2.19
2026-09-17T10:53:11.9362525Z    Compiling pasta_curves v0.5.2
2026-09-17T10:53:12.0804284Z    Compiling syn v3.0.5
2026-09-17T10:53:14.8492759Z    Compiling either v1.18.0
2026-09-17T10:53:17.4438025Z    Compiling indexmap v1.9.3
2026-09-17T10:53:17.6005347Z    Compiling crunchy v0.2.4
2026-09-17T10:53:17.8124897Z    Compiling once_cell v1.21.4
2026-09-17T10:53:18.0319501Z    Compiling serde_core v1.0.229
2026-09-17T10:53:18.3272481Z    Compiling tracing-core v0.1.36
2026-09-17T10:53:19.7408833Z    Compiling rayon v1.12.0
2026-09-17T10:53:23.6418832Z    Compiling tracing-attributes v0.1.31
2026-09-17T10:53:25.1208614Z    Compiling universal-hash v0.5.1
2026-09-17T10:53:25.2180383Z    Compiling block-buffer v0.10.4
2026-09-17T10:53:25.3268509Z    Compiling thiserror v2.0.20
2026-09-17T10:53:25.6162098Z    Compiling libm v0.2.16
2026-09-17T10:53:25.8755712Z    Compiling opaque-debug v0.3.1
2026-09-17T10:53:25.9261759Z    Compiling hashbrown v0.12.3
2026-09-17T10:53:26.5639416Z    Compiling pin-project-lite v0.2.17
2026-09-17T10:53:26.6243600Z    Compiling byteorder v1.5.0
2026-09-17T10:53:26.8569563Z    Compiling hex v0.4.3
2026-09-17T10:53:27.1352873Z    Compiling serde v1.0.229
2026-09-17T10:53:27.4160162Z    Compiling tracing v0.1.44
2026-09-17T10:53:28.3494230Z    Compiling poly1305 v0.8.0
2026-09-17T10:53:29.2941045Z    Compiling digest v0.10.7
2026-09-17T10:53:29.5098030Z    Compiling num-integer v0.1.47
2026-09-17T10:53:30.1555983Z    Compiling maybe-rayon v0.1.1
2026-09-17T10:53:33.0975739Z    Compiling thiserror-impl v2.0.20
2026-09-17T10:53:34.4571877Z    Compiling serde_derive v1.0.229
2026-09-17T10:53:37.7277499Z    Compiling chacha20 v0.9.1
2026-09-17T10:53:37.9319992Z    Compiling bls12_381 v0.8.0
2026-09-17T10:53:38.5887020Z    Compiling aead v0.5.2
2026-09-17T10:53:38.7272218Z    Compiling halo2_legacy_pdqsort v0.1.0
2026-09-17T10:53:38.8515665Z    Compiling halo2_proofs v0.3.5
2026-09-17T10:53:45.8041367Z    Compiling chacha20poly1305 v0.10.1
2026-09-17T10:53:45.9036804Z    Compiling jubjub v0.10.0
2026-09-17T10:53:50.6558072Z    Compiling uint v0.9.5
2026-09-17T10:53:50.7899463Z    Compiling num-bigint v0.4.8
2026-09-17T10:53:53.8183764Z    Compiling halo2_poseidon v0.1.0
2026-09-17T10:53:54.7499342Z    Compiling sinsemilla v0.1.0
2026-09-17T10:53:56.2952060Z    Compiling cbc v0.1.2
2026-09-17T10:53:56.4061039Z    Compiling zcash_spec v0.2.1
2026-09-17T10:53:56.5053086Z    Compiling base64ct v1.8.3
2026-09-17T10:53:56.8263130Z    Compiling bech32 v0.11.1
2026-09-17T10:53:56.9686884Z    Compiling password-hash v0.5.0
2026-09-17T10:53:57.3965487Z    Compiling zip32 v0.2.1
2026-09-17T10:53:57.9627183Z    Compiling fpe v0.6.1
2026-09-17T10:53:58.3180903Z    Compiling halo2_gadgets v0.5.0
2026-09-17T10:53:59.1661385Z    Compiling reddsa v0.5.2
2026-09-17T10:53:59.6240177Z    Compiling zcash_note_encryption v0.4.2
2026-09-17T10:53:59.8726965Z    Compiling blake2 v0.10.6
2026-09-17T10:54:00.5414023Z    Compiling incrementalmerkletree v0.8.1
2026-09-17T10:54:00.7755613Z    Compiling aes v0.8.4
2026-09-17T10:54:02.2453698Z    Compiling getset v0.1.7
2026-09-17T10:54:02.8996204Z    Compiling visibility v0.1.1
2026-09-17T10:54:03.1717695Z    Compiling corez v0.1.1
2026-09-17T10:54:03.2195915Z    Compiling nonempty v0.11.0
2026-09-17T10:54:03.3816866Z    Compiling orchard v0.15.5
2026-09-17T10:54:07.2449479Z    Compiling argon2 v0.5.3
2026-09-17T10:54:08.8166874Z    Compiling sha2 v0.10.9
2026-09-17T10:54:11.0996718Z    Compiling zevune-orchard-lab v0.1.0 (D:\a\Zevune\Zevune\integration\orchard)
2026-09-17T10:55:04.8787839Z     Finished `release` profile [optimized] target(s) in 2m 14s
2026-09-17T10:55:04.9573370Z ##[group]Run python - <<'PY'
2026-09-17T10:55:04.9573742Z [36;1mpython - <<'PY'[0m
2026-09-17T10:55:04.9573962Z [36;1mimport os[0m
2026-09-17T10:55:04.9574196Z [36;1msuffix = '.exe' if os.name == 'nt' else ''[0m
2026-09-17T10:55:04.9574601Z [36;1mwith open(os.environ['GITHUB_ENV'], 'a', encoding='utf-8') as output:[0m
2026-09-17T10:55:04.9575077Z [36;1m    for key, binary in [('ZEVUNE_POOL_WORKER', 'zevune-pool-worker'),[0m
2026-09-17T10:55:04.9575542Z [36;1m                        ('ZEVUNE_FUNDED_SCENARIO', 'zevune-funded-scenario')]:[0m
2026-09-17T10:55:04.9576142Z [36;1m        output.write(key + '=' + os.path.abspath('integration/orchard/target/release/' + binary + suffix) + '\n')[0m
2026-09-17T10:55:04.9576633Z [36;1mPY[0m
2026-09-17T10:55:04.9593730Z shell: C:\Program Files\Git\bin\bash.EXE --noprofile --norc -e -o pipefail {0}
2026-09-17T10:55:04.9594139Z env:
2026-09-17T10:55:04.9594318Z   RAYON_NUM_THREADS: 2
2026-09-17T10:55:04.9594552Z   CARGO_BUILD_JOBS: 2
2026-09-17T10:55:04.9594751Z   GOTOOLCHAIN: local
2026-09-17T10:55:04.9594941Z ##[endgroup]
2026-09-17T10:55:05.5714887Z ##[group]Run go test -mod=readonly -tags=pool_e2e,funded_e2e ./poolapp -run '^TestActiveSegmentedLedger100000BlocksBoundaryPaymentsAndRestart$' -count=1 -timeout=25m -v
2026-09-17T10:55:05.5716395Z [36;1mgo test -mod=readonly -tags=pool_e2e,funded_e2e ./poolapp -run '^TestActiveSegmentedLedger100000BlocksBoundaryPaymentsAndRestart$' -count=1 -timeout=25m -v[0m
2026-09-17T10:55:05.5733585Z shell: C:\Program Files\Git\bin\bash.EXE --noprofile --norc -e -o pipefail {0}
2026-09-17T10:55:05.5734010Z env:
2026-09-17T10:55:05.5734195Z   RAYON_NUM_THREADS: 2
2026-09-17T10:55:05.5734408Z   CARGO_BUILD_JOBS: 2
2026-09-17T10:55:05.5734625Z   GOTOOLCHAIN: local
2026-09-17T10:55:05.5735057Z   ZEVUNE_POOL_WORKER: D:\a\Zevune\Zevune\integration\orchard\target\release\zevune-pool-worker.exe
2026-09-17T10:55:05.5735840Z   ZEVUNE_FUNDED_SCENARIO: D:\a\Zevune\Zevune\integration\orchard\target\release\zevune-funded-scenario.exe
2026-09-17T10:55:05.5736384Z ##[endgroup]
2026-09-17T10:55:08.3120017Z === RUN   TestActiveSegmentedLedger100000BlocksBoundaryPaymentsAndRestart
2026-09-17T10:56:57.2566226Z     active_growth_e2e_test.go:407: ACTIVE_BOUNDARY heights=9999,10000,10001,10002; selection, preview, finalize and commit agree; real A->B then recovered B->C, full wallet history, exact outbox recovery and pre-expiry duplicate rejection passed
2026-09-17T10:57:57.5498103Z     active_growth_e2e_test.go:414: ACTIVE_GROWTH_PROGRESS committed_blocks=25000 paid_blocks=2 logical_bytes=3768544 segments=4 elapsed_ms=159154
2026-09-17T10:59:42.6965803Z     active_growth_e2e_test.go:414: ACTIVE_GROWTH_PROGRESS committed_blocks=50000 paid_blocks=2 logical_bytes=7518544 segments=8 elapsed_ms=264301
2026-09-17T11:01:21.1463827Z     active_growth_e2e_test.go:414: ACTIVE_GROWTH_PROGRESS committed_blocks=75000 paid_blocks=2 logical_bytes=11268544 segments=11 elapsed_ms=362750
2026-09-17T11:03:03.0308882Z     active_growth_e2e_test.go:414: ACTIVE_GROWTH_PROGRESS committed_blocks=100000 paid_blocks=2 logical_bytes=15018544 segments=15 elapsed_ms=464635
2026-09-17T11:03:06.4466575Z     active_growth_e2e_test.go:443: ACTIVE_GROWTH_RESULT committed_blocks=100000 empty_blocks=99998 paid_blocks=2 logical_bytes=15018544 segments=15 segment_limit_bytes=1048576 growth_elapsed_ms=464635 replay_elapsed_ms=3257 continued_height=100001
2026-09-17T11:03:06.4470993Z     active_growth_e2e_test.go:444: growth counts are actual local worker commits, not four-node consensus heights; about 15 MB of records does not prove growth beyond 64 MiB or the commitment limit; timing includes durable writes and boundary proof/wallet checks, not payment latency or throughput
2026-09-17T11:03:06.4636376Z --- PASS: TestActiveSegmentedLedger100000BlocksBoundaryPaymentsAndRestart (478.15s)
2026-09-17T11:03:06.4637272Z PASS
2026-09-17T11:03:06.4679599Z ok  	github.com/youq616/Zevune/integration/cometbft/poolapp	478.187s
2026-09-17T11:03:07.1558078Z ##[group]Run git diff --exit-code
2026-09-17T11:03:07.1558527Z [36;1mgit diff --exit-code[0m
2026-09-17T11:03:07.1578868Z shell: C:\Program Files\Git\bin\bash.EXE --noprofile --norc -e -o pipefail {0}
2026-09-17T11:03:07.1579311Z env:
2026-09-17T11:03:07.1579537Z   RAYON_NUM_THREADS: 2
2026-09-17T11:03:07.1579821Z   CARGO_BUILD_JOBS: 2
2026-09-17T11:03:07.1580080Z   GOTOOLCHAIN: local
2026-09-17T11:03:07.1580544Z   ZEVUNE_POOL_WORKER: D:\a\Zevune\Zevune\integration\orchard\target\release\zevune-pool-worker.exe
2026-09-17T11:03:07.1581336Z   ZEVUNE_FUNDED_SCENARIO: D:\a\Zevune\Zevune\integration\orchard\target\release\zevune-funded-scenario.exe
2026-09-17T11:03:07.1581872Z ##[endgroup]
2026-09-17T11:03:07.3738269Z Node 20 is being deprecated. This workflow is running with Node 24 by default. If you need to temporarily use Node 20, you can set the ACTIONS_ALLOW_USE_UNSECURE_NODE_VERSION=true environment variable. For more information see: https://github.blog/changelog/2025-09-19-deprecation-of-node-20-on-github-actions-runners/
2026-09-17T11:03:07.3740747Z Post job cleanup.
2026-09-17T11:03:07.5435661Z (node:5948) [DEP0040] DeprecationWarning: The `punycode` module is deprecated. Please use a userland alternative instead.
2026-09-17T11:03:07.5436511Z (Use `node --trace-deprecation ...` to show where the warning was created)
2026-09-17T11:03:07.6560716Z [command]C:\hostedtoolcache\windows\go\1.27.1\x64\bin\go.exe env GOMODCACHE
2026-09-17T11:03:07.6646792Z [command]C:\hostedtoolcache\windows\go\1.27.1\x64\bin\go.exe env GOCACHE
2026-09-17T11:03:07.6999738Z C:\Users\runneradmin\go\pkg\mod
2026-09-17T11:03:07.7065063Z C:\Users\runneradmin\AppData\Local\go-build
2026-09-17T11:03:07.7095812Z Cache hit occurred on the primary key setup-go-Windows-x64-go-1.27.1-ef6b0fbca0a8d0b6206b16c85f11c4a6c772908ae2660ca86a6b7ee95979c938, not saving cache.
2026-09-17T11:03:07.8342833Z Post job cleanup.
2026-09-17T11:03:08.0693543Z [command]"C:\Program Files\Git\bin\git.exe" version
2026-09-17T11:03:08.0973168Z git version 2.55.0.windows.5
2026-09-17T11:03:08.1042657Z Temporarily overriding HOME='D:\a\_temp\d62689ec-12c2-49dc-9007-0e20fa813d87' before making global git config changes
2026-09-17T11:03:08.1043771Z Adding repository directory to the temporary git global config as a safe directory
2026-09-17T11:03:08.1054854Z [command]"C:\Program Files\Git\bin\git.exe" config --global --add safe.directory D:\a\Zevune\Zevune
2026-09-17T11:03:08.1370366Z [command]"C:\Program Files\Git\bin\git.exe" config --local --name-only --get-regexp core\.sshCommand
2026-09-17T11:03:08.1697955Z [command]"C:\Program Files\Git\bin\git.exe" submodule foreach --recursive "sh -c \"git config --local --name-only --get-regexp 'core\.sshCommand' && git config --local --unset-all 'core.sshCommand' || :\""
2026-09-17T11:03:08.7452056Z [command]"C:\Program Files\Git\bin\git.exe" config --local --name-only --get-regexp http\.https\:\/\/github\.com\/\.extraheader
2026-09-17T11:03:08.7767405Z [command]"C:\Program Files\Git\bin\git.exe" submodule foreach --recursive "sh -c \"git config --local --name-only --get-regexp 'http\.https\:\/\/github\.com\/\.extraheader' && git config --local --unset-all 'http.https://github.com/.extraheader' || :\""
2026-09-17T11:03:09.3618789Z Cleaning up orphan processes
2026-09-17T11:03:09.3894500Z Terminate orphan process: pid (9576) (vctip)
2026-09-17T11:03:09.3920255Z ##[warning]Node.js 20 is deprecated. The following actions target Node.js 20 but are being forced to run on Node.js 24: actions/setup-go@44694675825211faa026b3c33043df3e48a5fa00. For more information see: https://github.blog/changelog/2025-09-19-deprecation-of-node-20-on-github-actions-runners/
