2026-09-17T10:49:35.5955458Z Current runner version: '2.337.0'
2026-09-17T10:49:35.5981130Z ##[group]Runner Image Provisioner
2026-09-17T10:49:35.5982014Z Hosted Compute Agent
2026-09-17T10:49:35.5982754Z Version: 20260828.587
2026-09-17T10:49:35.5983404Z Commit: abac92662cab4cc7352de4f9f9d2e2419aad9c29
2026-09-17T10:49:35.5984232Z Build Date: 2026-08-28T16:44:25Z
2026-09-17T10:49:35.5984929Z Worker ID: {73d7b866-ef90-41d9-bcaf-6e9a083d7142}
2026-09-17T10:49:35.5985626Z Azure Region: westus
2026-09-17T10:49:35.5986280Z ##[endgroup]
2026-09-17T10:49:35.5987786Z ##[group]Operating System
2026-09-17T10:49:35.5988488Z Ubuntu
2026-09-17T10:49:35.5989035Z 24.04.5
2026-09-17T10:49:35.5989541Z LTS
2026-09-17T10:49:35.5990557Z ##[endgroup]
2026-09-17T10:49:35.5991192Z ##[group]Runner Image
2026-09-17T10:49:35.5991887Z Image: ubuntu-24.04
2026-09-17T10:49:35.5992483Z Version: 20260907.300.1
2026-09-17T10:49:35.5993860Z Included Software: https://github.com/actions/runner-images/blob/ubuntu24/20260907.300/images/ubuntu/Ubuntu2404-Readme.md
2026-09-17T10:49:35.5995436Z Image Release: https://github.com/actions/runner-images/releases/tag/ubuntu24%2F20260907.300
2026-09-17T10:49:35.5996494Z ##[endgroup]
2026-09-17T10:49:35.5997623Z ##[group]GITHUB_TOKEN Permissions
2026-09-17T10:49:35.5999668Z Contents: read
2026-09-17T10:49:35.6000549Z Metadata: read
2026-09-17T10:49:35.6001142Z ##[endgroup]
2026-09-17T10:49:35.6003451Z Secret source: Actions
2026-09-17T10:49:35.6004479Z Cache mode: write
2026-09-17T10:49:35.6005229Z Prepare workflow directory
2026-09-17T10:49:35.6439852Z Prepare all required actions
2026-09-17T10:49:35.6490781Z Getting action download info
2026-09-17T10:49:36.0039878Z Download action repository 'actions/checkout@08c6903cd8c0fde910a37f88322edcfb5dd907a8' (SHA:08c6903cd8c0fde910a37f88322edcfb5dd907a8)
2026-09-17T10:49:36.5438659Z Download action repository 'actions/setup-go@44694675825211faa026b3c33043df3e48a5fa00' (SHA:44694675825211faa026b3c33043df3e48a5fa00)
2026-09-17T10:49:37.0676309Z Complete job name: integrated (ubuntu-latest)
2026-09-17T10:49:37.1569460Z ##[group]Run actions/checkout@08c6903cd8c0fde910a37f88322edcfb5dd907a8
2026-09-17T10:49:37.1570951Z with:
2026-09-17T10:49:37.1571490Z   persist-credentials: false
2026-09-17T10:49:37.1572073Z   repository: youq616/Zevune
2026-09-17T10:49:37.1576276Z   token: ***
2026-09-17T10:49:37.1576765Z   ssh-strict: true
2026-09-17T10:49:37.1577273Z   ssh-user: git
2026-09-17T10:49:37.1577747Z   clean: true
2026-09-17T10:49:37.1578244Z   sparse-checkout-cone-mode: true
2026-09-17T10:49:37.1578822Z   fetch-depth: 1
2026-09-17T10:49:37.1579301Z   fetch-tags: false
2026-09-17T10:49:37.1579793Z   show-progress: true
2026-09-17T10:49:37.1580786Z   lfs: false
2026-09-17T10:49:37.1581314Z   submodules: false
2026-09-17T10:49:37.1581828Z   set-safe-directory: true
2026-09-17T10:49:37.1582788Z env:
2026-09-17T10:49:37.1583291Z   RAYON_NUM_THREADS: 2
2026-09-17T10:49:37.1583807Z   CARGO_BUILD_JOBS: 2
2026-09-17T10:49:37.1584296Z ##[endgroup]
2026-09-17T10:49:37.2681022Z Syncing repository: youq616/Zevune
2026-09-17T10:49:37.2683302Z ##[group]Getting Git version info
2026-09-17T10:49:37.2684193Z Working directory is '/home/runner/work/Zevune/Zevune'
2026-09-17T10:49:37.2685417Z [command]/usr/bin/git version
2026-09-17T10:49:37.4134739Z git version 2.55.0
2026-09-17T10:49:37.4160749Z ##[endgroup]
2026-09-17T10:49:37.4179280Z Temporarily overriding HOME='/home/runner/work/_temp/f676fee1-f4cb-43b7-a3a1-992cecf05c01' before making global git config changes
2026-09-17T10:49:37.4182356Z Adding repository directory to the temporary git global config as a safe directory
2026-09-17T10:49:37.4187016Z [command]/usr/bin/git config --global --add safe.directory /home/runner/work/Zevune/Zevune
2026-09-17T10:49:37.4485949Z Deleting the contents of '/home/runner/work/Zevune/Zevune'
2026-09-17T10:49:37.4490515Z ##[group]Initializing the repository
2026-09-17T10:49:37.4496180Z [command]/usr/bin/git init /home/runner/work/Zevune/Zevune
2026-09-17T10:49:37.5199191Z hint: Using 'master' as the name for the initial branch. This default branch name
2026-09-17T10:49:37.5202887Z hint: will change to "main" in Git 3.0. To configure the initial branch name
2026-09-17T10:49:37.5205295Z hint: to use in all of your new repositories, which will suppress this warning,
2026-09-17T10:49:37.5207059Z hint: call:
2026-09-17T10:49:37.5208083Z hint:
2026-09-17T10:49:37.5209268Z hint: 	git config --global init.defaultBranch <name>
2026-09-17T10:49:37.5211164Z hint:
2026-09-17T10:49:37.5212493Z hint: Names commonly chosen instead of 'master' are 'main', 'trunk' and
2026-09-17T10:49:37.5214391Z hint: 'development'. The just-created branch can be renamed via this command:
2026-09-17T10:49:37.5216055Z hint:
2026-09-17T10:49:37.5216978Z hint: 	git branch -m <name>
2026-09-17T10:49:37.5218061Z hint:
2026-09-17T10:49:37.5219353Z hint: Disable this message with "git config set advice.defaultBranchName false"
2026-09-17T10:49:37.5221827Z Initialized empty Git repository in /home/runner/work/Zevune/Zevune/.git/
2026-09-17T10:49:37.5225103Z [command]/usr/bin/git remote add origin https://github.com/youq616/Zevune
2026-09-17T10:49:37.5547695Z ##[endgroup]
2026-09-17T10:49:37.5549719Z ##[group]Disabling automatic garbage collection
2026-09-17T10:49:37.5552204Z [command]/usr/bin/git config --local gc.auto 0
2026-09-17T10:49:37.5593882Z ##[endgroup]
2026-09-17T10:49:37.5594718Z ##[group]Setting up auth
2026-09-17T10:49:37.5602933Z [command]/usr/bin/git config --local --name-only --get-regexp core\.sshCommand
2026-09-17T10:49:37.5658136Z [command]/usr/bin/git submodule foreach --recursive sh -c "git config --local --name-only --get-regexp 'core\.sshCommand' && git config --local --unset-all 'core.sshCommand' || :"
2026-09-17T10:49:37.8009609Z [command]/usr/bin/git config --local --name-only --get-regexp http\.https\:\/\/github\.com\/\.extraheader
2026-09-17T10:49:37.8050043Z [command]/usr/bin/git submodule foreach --recursive sh -c "git config --local --name-only --get-regexp 'http\.https\:\/\/github\.com\/\.extraheader' && git config --local --unset-all 'http.https://github.com/.extraheader' || :"
2026-09-17T10:49:37.8299196Z [command]/usr/bin/git config --local http.https://github.com/.extraheader AUTHORIZATION: basic ***
2026-09-17T10:49:37.8341991Z ##[endgroup]
2026-09-17T10:49:37.8343135Z ##[group]Fetching the repository
2026-09-17T10:49:37.8352852Z [command]/usr/bin/git -c protocol.version=2 fetch --no-tags --prune --no-recurse-submodules --depth=1 origin +00d4442b12cb72344ffa5bea101eb7142ab03270:refs/remotes/pull/13/merge
2026-09-17T10:49:38.8024161Z From https://github.com/youq616/Zevune
2026-09-17T10:49:38.8027659Z  * [new ref]         00d4442b12cb72344ffa5bea101eb7142ab03270 -> pull/13/merge
2026-09-17T10:49:38.8033761Z ##[endgroup]
2026-09-17T10:49:38.8036105Z ##[group]Determining the checkout info
2026-09-17T10:49:38.8038812Z ##[endgroup]
2026-09-17T10:49:38.8040543Z [command]/usr/bin/git sparse-checkout disable
2026-09-17T10:49:38.8288165Z [command]/usr/bin/git config --local --unset-all extensions.worktreeConfig
2026-09-17T10:49:38.8323878Z ##[group]Checking out the ref
2026-09-17T10:49:38.8364490Z [command]/usr/bin/git checkout --progress --force refs/remotes/pull/13/merge
2026-09-17T10:49:38.8875377Z Note: switching to 'refs/remotes/pull/13/merge'.
2026-09-17T10:49:38.8876611Z 
2026-09-17T10:49:38.8877321Z You are in 'detached HEAD' state. You can look around, make experimental
2026-09-17T10:49:38.8879156Z changes and commit them, and you can discard any commits you make in this
2026-09-17T10:49:38.8881192Z state without impacting any branches by switching back to a branch.
2026-09-17T10:49:38.8882272Z 
2026-09-17T10:49:38.8883036Z If you want to create a new branch to retain commits you create, you may
2026-09-17T10:49:38.8884635Z do so (now or later) by using -c with the switch command. Example:
2026-09-17T10:49:38.8885561Z 
2026-09-17T10:49:38.8885976Z   git switch -c <new-branch-name>
2026-09-17T10:49:38.8886617Z 
2026-09-17T10:49:38.8887367Z Or undo this operation with:
2026-09-17T10:49:38.8888461Z 
2026-09-17T10:49:38.8888980Z   git switch -
2026-09-17T10:49:38.8890011Z 
2026-09-17T10:49:38.8891158Z Turn off this advice by setting config variable advice.detachedHead to false
2026-09-17T10:49:38.8892783Z 
2026-09-17T10:49:38.8894306Z HEAD is now at 00d4442 Merge de474720431daf33afd4a7ebc32de2d230344a5a into 6913d4ab2fda6956db37e0ceb49790a4518c2762
2026-09-17T10:49:38.8899300Z ##[endgroup]
2026-09-17T10:49:38.8937008Z [command]/usr/bin/git log -1 --format=%H
2026-09-17T10:49:38.8968982Z 00d4442b12cb72344ffa5bea101eb7142ab03270
2026-09-17T10:49:38.8979730Z ##[group]Removing auth
2026-09-17T10:49:38.8983891Z [command]/usr/bin/git config --local --name-only --get-regexp core\.sshCommand
2026-09-17T10:49:38.9020943Z [command]/usr/bin/git submodule foreach --recursive sh -c "git config --local --name-only --get-regexp 'core\.sshCommand' && git config --local --unset-all 'core.sshCommand' || :"
2026-09-17T10:49:38.9250865Z [command]/usr/bin/git config --local --name-only --get-regexp http\.https\:\/\/github\.com\/\.extraheader
2026-09-17T10:49:38.9281445Z http.https://github.com/.extraheader
2026-09-17T10:49:38.9289210Z [command]/usr/bin/git config --local --unset-all http.https://github.com/.extraheader
2026-09-17T10:49:38.9327564Z [command]/usr/bin/git submodule foreach --recursive sh -c "git config --local --name-only --get-regexp 'http\.https\:\/\/github\.com\/\.extraheader' && git config --local --unset-all 'http.https://github.com/.extraheader' || :"
2026-09-17T10:49:38.9557102Z ##[endgroup]
2026-09-17T10:49:38.9918348Z Node 20 is being deprecated. This workflow is running with Node 24 by default. If you need to temporarily use Node 20, you can set the ACTIONS_ALLOW_USE_UNSECURE_NODE_VERSION=true environment variable. For more information see: https://github.blog/changelog/2025-09-19-deprecation-of-node-20-on-github-actions-runners/
2026-09-17T10:49:38.9924762Z ##[group]Run actions/setup-go@44694675825211faa026b3c33043df3e48a5fa00
2026-09-17T10:49:38.9926364Z with:
2026-09-17T10:49:38.9927225Z   go-version: 1.27.1
2026-09-17T10:49:38.9928407Z   cache-dependency-path: integration/cometbft/go.sum
2026-09-17T10:49:38.9929866Z   check-latest: false
2026-09-17T10:49:38.9939559Z   token: ***
2026-09-17T10:49:38.9940664Z   cache: true
2026-09-17T10:49:38.9941543Z env:
2026-09-17T10:49:38.9942394Z   RAYON_NUM_THREADS: 2
2026-09-17T10:49:38.9943391Z   CARGO_BUILD_JOBS: 2
2026-09-17T10:49:38.9944358Z ##[endgroup]
2026-09-17T10:49:39.1343422Z Setup go version spec 1.27.1
2026-09-17T10:49:39.1373601Z Attempting to download 1.27.1...
2026-09-17T10:49:39.1478547Z (node:2208) [DEP0040] DeprecationWarning: The `punycode` module is deprecated. Please use a userland alternative instead.
2026-09-17T10:49:39.1484238Z (Use `node --trace-deprecation ...` to show where the warning was created)
2026-09-17T10:49:39.7803859Z matching 1.27.1...
2026-09-17T10:49:39.7830966Z Acquiring 1.27.1 from https://github.com/actions/go-versions/releases/download/1.27.1-33583469715/go-1.27.1-linux-x64.tar.gz
2026-09-17T10:49:40.3772781Z Extracting Go...
2026-09-17T10:49:40.3892049Z [command]/usr/bin/tar xz --warning=no-unknown-keyword --overwrite -C /home/runner/work/_temp/49881e2e-369a-4c12-aeb3-babcbb193a55 -f /home/runner/work/_temp/f5760150-e753-4dd8-aac3-6e790210d040
2026-09-17T10:49:42.0898122Z Successfully extracted go to /home/runner/work/_temp/49881e2e-369a-4c12-aeb3-babcbb193a55
2026-09-17T10:49:42.0898663Z Adding to the cache ...
2026-09-17T10:49:48.0420461Z Successfully cached go to /opt/hostedtoolcache/go/1.27.1/x64
2026-09-17T10:49:48.0423920Z Added go to the path
2026-09-17T10:49:48.0426866Z Successfully set up Go version 1.27.1
2026-09-17T10:49:48.0695315Z [command]/opt/hostedtoolcache/go/1.27.1/x64/bin/go env GOMODCACHE
2026-09-17T10:49:48.0749519Z [command]/opt/hostedtoolcache/go/1.27.1/x64/bin/go env GOCACHE
2026-09-17T10:49:48.0798968Z /home/runner/go/pkg/mod
2026-09-17T10:49:48.0818310Z /home/runner/.cache/go-build
2026-09-17T10:49:48.3876909Z Cache hit for: setup-go-Linux-x64-ubuntu24-go-1.27.1-ef6b0fbca0a8d0b6206b16c85f11c4a6c772908ae2660ca86a6b7ee95979c938
2026-09-17T10:49:48.3996857Z (node:2208) [DEP0169] DeprecationWarning: `url.parse()` behavior is not standardized and prone to errors that have security implications. Use the WHATWG URL API instead. CVEs are not issued for `url.parse()` vulnerabilities.
2026-09-17T10:49:49.6920626Z Received 0 of 484452015 (0.0%), 0.0 MBs/sec
2026-09-17T10:49:50.6940431Z Received 113246208 of 484452015 (23.4%), 53.9 MBs/sec
2026-09-17T10:49:51.6929837Z Received 255852544 of 484452015 (52.8%), 81.3 MBs/sec
2026-09-17T10:49:52.6931218Z Received 385875968 of 484452015 (79.7%), 92.0 MBs/sec
2026-09-17T10:49:53.5647992Z Received 484452015 of 484452015 (100.0%), 94.8 MBs/sec
2026-09-17T10:49:53.5649055Z Cache Size: ~462 MB (484452015 B)
2026-09-17T10:49:53.5687277Z [command]/usr/bin/tar -xf /home/runner/work/_temp/c968b65e-782d-48d7-9cf1-89a02b2f8e8d/cache.tzst -P -C /home/runner/work/Zevune/Zevune --use-compress-program unzstd
2026-09-17T10:49:56.3811469Z Cache restored successfully
2026-09-17T10:49:56.4036762Z Cache restored from key: setup-go-Linux-x64-ubuntu24-go-1.27.1-ef6b0fbca0a8d0b6206b16c85f11c4a6c772908ae2660ca86a6b7ee95979c938
2026-09-17T10:49:56.4068682Z go version go1.27.1 linux/amd64
2026-09-17T10:49:56.4069051Z 
2026-09-17T10:49:56.4069518Z ##[group]go env
2026-09-17T10:49:56.5446072Z AR='ar'
2026-09-17T10:49:56.5446557Z CC='gcc'
2026-09-17T10:49:56.5446875Z CGO_CFLAGS='-O2 -g'
2026-09-17T10:49:56.5447215Z CGO_CPPFLAGS=''
2026-09-17T10:49:56.5447552Z CGO_CXXFLAGS='-O2 -g'
2026-09-17T10:49:56.5448188Z CGO_ENABLED='1'
2026-09-17T10:49:56.5448476Z CGO_FFLAGS='-O2 -g'
2026-09-17T10:49:56.5448768Z CGO_LDFLAGS='-O2 -g'
2026-09-17T10:49:56.5449046Z CXX='g++'
2026-09-17T10:49:56.5449308Z GCCGO='gccgo'
2026-09-17T10:49:56.5449572Z GO111MODULE=''
2026-09-17T10:49:56.5449838Z GOAMD64='v1'
2026-09-17T10:49:56.5450449Z GOARCH='amd64'
2026-09-17T10:49:56.5450777Z GOAUTH='netrc'
2026-09-17T10:49:56.5451073Z GOBIN='/home/runner/go/bin'
2026-09-17T10:49:56.5451433Z GOCACHE='/home/runner/.cache/go-build'
2026-09-17T10:49:56.5451805Z GOCACHEPROG=''
2026-09-17T10:49:56.5452089Z GODEBUG=''
2026-09-17T10:49:56.5452378Z GOENV='/home/runner/.config/go/env'
2026-09-17T10:49:56.5452716Z GOEXE=''
2026-09-17T10:49:56.5452974Z GOEXPERIMENT=''
2026-09-17T10:49:56.5453246Z GOFIPS140='off'
2026-09-17T10:49:56.5453513Z GOFLAGS=''
2026-09-17T10:49:56.5454392Z GOGCCFLAGS='-fPIC -m64 -pthread -Wl,--no-gc-sections -fmessage-length=0 -ffile-prefix-map=/tmp/go-build3607888027=/tmp/go-build -gno-record-gcc-switches'
2026-09-17T10:49:56.5455326Z GOHOSTARCH='amd64'
2026-09-17T10:49:56.5455609Z GOHOSTOS='linux'
2026-09-17T10:49:56.5455882Z GOINSECURE=''
2026-09-17T10:49:56.5456244Z GOMOD='/home/runner/work/Zevune/Zevune/go.mod'
2026-09-17T10:49:56.5456665Z GOMODCACHE='/home/runner/go/pkg/mod'
2026-09-17T10:49:56.5457010Z GONOPROXY=''
2026-09-17T10:49:56.5457264Z GONOSUMDB=''
2026-09-17T10:49:56.5457516Z GOOS='linux'
2026-09-17T10:49:56.5457778Z GOPACKAGESDRIVER=''
2026-09-17T10:49:56.5458100Z GOPATH='/home/runner/go'
2026-09-17T10:49:56.5458540Z GOPRIVATE=''
2026-09-17T10:49:56.5458885Z GOPROXY='https://proxy.golang.org,direct'
2026-09-17T10:49:56.5459277Z GOROOT='/opt/hostedtoolcache/go/1.27.1/x64'
2026-09-17T10:49:56.5459578Z GOSUMDB='sum.golang.org'
2026-09-17T10:49:56.5459811Z GOTELEMETRY='local'
2026-09-17T10:49:56.5460344Z GOTELEMETRYDIR='/home/runner/.config/go/telemetry'
2026-09-17T10:49:56.5460816Z GOTMPDIR=''
2026-09-17T10:49:56.5461023Z GOTOOLCHAIN='local'
2026-09-17T10:49:56.5461404Z GOTOOLDIR='/opt/hostedtoolcache/go/1.27.1/x64/pkg/tool/linux_amd64'
2026-09-17T10:49:56.5461761Z GOVCS=''
2026-09-17T10:49:56.5461959Z GOVERSION='go1.27.1'
2026-09-17T10:49:56.5462186Z GOWORK=''
2026-09-17T10:49:56.5462398Z PKG_CONFIG='pkg-config'
2026-09-17T10:49:56.5462551Z 
2026-09-17T10:49:56.5462886Z ##[endgroup]
2026-09-17T10:49:56.5684106Z ##[group]Run rustup toolchain install 1.98.1 --profile minimal --component rustfmt --component clippy
2026-09-17T10:49:56.5684895Z [36;1mrustup toolchain install 1.98.1 --profile minimal --component rustfmt --component clippy[0m
2026-09-17T10:49:56.5731740Z shell: /usr/bin/bash --noprofile --norc -e -o pipefail {0}
2026-09-17T10:49:56.5732345Z env:
2026-09-17T10:49:56.5732554Z   RAYON_NUM_THREADS: 2
2026-09-17T10:49:56.5732784Z   CARGO_BUILD_JOBS: 2
2026-09-17T10:49:56.5733011Z   GOTOOLCHAIN: local
2026-09-17T10:49:56.5733234Z ##[endgroup]
2026-09-17T10:49:57.2786065Z info: syncing channel updates for 1.98.1-x86_64-unknown-linux-gnu
2026-09-17T10:49:57.5680946Z info: latest update on 2026-09-03 for version 1.98.1 (48a229cea 2026-09-01)
2026-09-17T10:49:57.5681592Z info: downloading 5 components
2026-09-17T10:50:05.6259508Z 
2026-09-17T10:50:05.6332139Z   1.98.1-x86_64-unknown-linux-gnu installed - rustc 1.98.1 (48a229cea 2026-09-01)
2026-09-17T10:50:05.6332717Z 
2026-09-17T10:50:05.6416829Z ##[group]Run test -z "$(gofmt -l internal/poolbridge integration/cometbft/poolapp)"
2026-09-17T10:50:05.6417471Z [36;1mtest -z "$(gofmt -l internal/poolbridge integration/cometbft/poolapp)"[0m
2026-09-17T10:50:05.6418204Z [36;1mcargo fmt --manifest-path integration/orchard/Cargo.toml --all -- --check[0m
2026-09-17T10:50:05.6419042Z [36;1mcargo metadata --manifest-path integration/orchard/Cargo.toml --locked --format-version=1 > /dev/null[0m
2026-09-17T10:50:05.6419629Z [36;1mgit diff --exit-code[0m
2026-09-17T10:50:05.6458385Z shell: /usr/bin/bash --noprofile --norc -e -o pipefail {0}
2026-09-17T10:50:05.6458734Z env:
2026-09-17T10:50:05.6458931Z   RAYON_NUM_THREADS: 2
2026-09-17T10:50:05.6459203Z   CARGO_BUILD_JOBS: 2
2026-09-17T10:50:05.6459546Z   GOTOOLCHAIN: local
2026-09-17T10:50:05.6459767Z ##[endgroup]
2026-09-17T10:50:10.4832386Z     Updating crates.io index
2026-09-17T10:50:10.8825127Z  Downloading crates ...
2026-09-17T10:50:10.9285555Z   Downloaded either v1.18.0
2026-09-17T10:50:10.9549138Z   Downloaded ff v0.13.1
2026-09-17T10:50:10.9570387Z   Downloaded opaque-debug v0.3.1
2026-09-17T10:50:10.9580963Z   Downloaded base16ct v0.2.0
2026-09-17T10:50:10.9595693Z   Downloaded constant_time_eq v0.4.2
2026-09-17T10:50:10.9618443Z   Downloaded memuse v0.2.2
2026-09-17T10:50:10.9632224Z   Downloaded atomic-polyfill v1.0.3
2026-09-17T10:50:10.9649807Z   Downloaded postcard v1.1.3
2026-09-17T10:50:10.9675387Z   Downloaded aead v0.5.2
2026-09-17T10:50:10.9687747Z   Downloaded argon2 v0.5.3
2026-09-17T10:50:10.9708753Z   Downloaded bech32 v0.11.1
2026-09-17T10:50:10.9799880Z   Downloaded arrayvec v0.7.8
2026-09-17T10:50:10.9834248Z   Downloaded aes v0.8.4
2026-09-17T10:50:10.9868291Z   Downloaded corez v0.1.1
2026-09-17T10:50:10.9886205Z   Downloaded subtle v2.6.1
2026-09-17T10:50:10.9898243Z   Downloaded funty v2.0.0
2026-09-17T10:50:10.9905880Z   Downloaded crossbeam-utils v0.8.23
2026-09-17T10:50:10.9933855Z   Downloaded embedded-io v0.6.1
2026-09-17T10:50:10.9946865Z   Downloaded zcash_note_encryption v0.4.2
2026-09-17T10:50:10.9961558Z   Downloaded blake2 v0.10.6
2026-09-17T10:50:10.9987165Z   Downloaded cobs v0.3.0
2026-09-17T10:50:11.0001302Z   Downloaded getset v0.1.7
2026-09-17T10:50:11.0017286Z   Downloaded unicode-ident v1.0.24
2026-09-17T10:50:11.0045249Z   Downloaded visibility v0.1.1
2026-09-17T10:50:11.0058296Z   Downloaded zip32 v0.2.1
2026-09-17T10:50:11.0074697Z   Downloaded blake2b_simd v1.0.5
2026-09-17T10:50:11.0088730Z   Downloaded thiserror v2.0.20
2026-09-17T10:50:11.0155832Z   Downloaded embedded-io v0.4.0
2026-09-17T10:50:11.0173537Z   Downloaded cpufeatures v0.2.17
2026-09-17T10:50:11.0187908Z   Downloaded universal-hash v0.5.1
2026-09-17T10:50:11.0197236Z   Downloaded zcash_spec v0.2.1
2026-09-17T10:50:11.0210065Z   Downloaded zeroize_derive v1.5.0
2026-09-17T10:50:11.0357059Z   Downloaded cbc v0.1.2
2026-09-17T10:50:11.0373758Z   Downloaded const-crc32-nostd v1.3.1
2026-09-17T10:50:11.0382709Z   Downloaded derive-getters v0.5.0
2026-09-17T10:50:11.0411254Z   Downloaded autocfg v1.5.1
2026-09-17T10:50:11.0430245Z   Downloaded frost-rerandomized v3.0.0
2026-09-17T10:50:11.0440373Z   Downloaded group v0.13.0
2026-09-17T10:50:11.0456671Z   Downloaded uint v0.9.5
2026-09-17T10:50:11.0472497Z   Downloaded version_check v0.9.5
2026-09-17T10:50:11.0485547Z   Downloaded wyz v0.5.1
2026-09-17T10:50:11.0497854Z   Downloaded zeroize v1.9.0
2026-09-17T10:50:11.0513725Z   Downloaded thiserror-impl v2.0.20
2026-09-17T10:50:11.0528887Z   Downloaded wasi v0.11.1+wasi-snapshot-preview1
2026-09-17T10:50:11.0547349Z   Downloaded tracing-attributes v0.1.31
2026-09-17T10:50:11.0574771Z   Downloaded tracing-core v0.1.36
2026-09-17T10:50:11.0602454Z   Downloaded zerocopy-derive v0.8.57
2026-09-17T10:50:11.0701887Z   Downloaded block-buffer v0.10.4
2026-09-17T10:50:11.0713368Z   Downloaded byteorder v1.5.0
2026-09-17T10:50:11.0729181Z   Downloaded typenum v1.20.1
2026-09-17T10:50:11.0764542Z   Downloaded inout v0.1.4
2026-09-17T10:50:11.0775948Z   Downloaded chacha20 v0.9.1
2026-09-17T10:50:11.0795496Z   Downloaded tracing v0.1.44
2026-09-17T10:50:11.0955771Z   Downloaded fpe v0.6.1
2026-09-17T10:50:11.0976383Z   Downloaded getrandom v0.2.17
2026-09-17T10:50:11.1007022Z   Downloaded zerocopy v0.8.57
2026-09-17T10:50:11.1229477Z   Downloaded num-integer v0.1.47
2026-09-17T10:50:11.1246445Z   Downloaded semver v1.0.28
2026-09-17T10:50:11.1270484Z   Downloaded lazy_static v1.5.0
2026-09-17T10:50:11.1288820Z   Downloaded once_cell v1.21.4
2026-09-17T10:50:11.1317370Z   Downloaded halo2_poseidon v0.1.0
2026-09-17T10:50:11.1332716Z   Downloaded incrementalmerkletree v0.8.1
2026-09-17T10:50:11.1345728Z   Downloaded scopeguard v1.2.0
2026-09-17T10:50:11.1358260Z   Downloaded document-features v0.2.12
2026-09-17T10:50:11.1372180Z   Downloaded quote v1.0.47
2026-09-17T10:50:11.1400235Z   Downloaded serdect v0.2.0
2026-09-17T10:50:11.1414770Z   Downloaded litrs v1.0.0
2026-09-17T10:50:11.1445412Z   Downloaded rand_chacha v0.3.1
2026-09-17T10:50:11.1456912Z   Downloaded base64ct v1.8.3
2026-09-17T10:50:11.1483199Z   Downloaded indexmap v1.9.3
2026-09-17T10:50:11.1517609Z   Downloaded spin v0.9.9
2026-09-17T10:50:11.1541502Z   Downloaded hashbrown v0.12.3
2026-09-17T10:50:11.1579402Z   Downloaded lock_api v0.4.14
2026-09-17T10:50:11.1592606Z   Downloaded nonempty v0.11.0
2026-09-17T10:50:11.1606681Z   Downloaded stable_deref_trait v1.2.1
2026-09-17T10:50:11.1615995Z   Downloaded cfg-if v1.0.4
2026-09-17T10:50:11.1630137Z   Downloaded crypto-common v0.1.7
2026-09-17T10:50:11.1640192Z   Downloaded pin-project-lite v0.2.17
2026-09-17T10:50:11.1701239Z   Downloaded poly1305 v0.8.0
2026-09-17T10:50:11.1728478Z   Downloaded radium v0.7.0
2026-09-17T10:50:11.1739014Z   Downloaded hex v0.4.3
2026-09-17T10:50:11.1755599Z   Downloaded maybe-rayon v0.1.1
2026-09-17T10:50:11.1764215Z   Downloaded crunchy v0.2.4
2026-09-17T10:50:11.1773000Z   Downloaded hash32 v0.2.1
2026-09-17T10:50:11.1788020Z   Downloaded rand_core v0.6.4
2026-09-17T10:50:11.1801902Z   Downloaded rustc_version v0.4.1
2026-09-17T10:50:11.1815346Z   Downloaded tap v1.0.1
2026-09-17T10:50:11.1824986Z   Downloaded crossbeam-deque v0.8.8
2026-09-17T10:50:11.1840273Z   Downloaded password-hash v0.5.0
2026-09-17T10:50:11.1858690Z   Downloaded sha2 v0.10.9
2026-09-17T10:50:11.1885096Z   Downloaded static_assertions v1.1.0
2026-09-17T10:50:11.1899642Z   Downloaded cipher v0.4.4
2026-09-17T10:50:11.1915300Z   Downloaded critical-section v1.2.0
2026-09-17T10:50:11.1931986Z   Downloaded generic-array v0.14.7
2026-09-17T10:50:11.1946291Z   Downloaded ppv-lite86 v0.2.21
2026-09-17T10:50:11.1959636Z   Downloaded serde_core v1.0.229
2026-09-17T10:50:11.1987355Z   Downloaded crossbeam-epoch v0.9.21
2026-09-17T10:50:11.2012526Z   Downloaded digest v0.10.7
2026-09-17T10:50:11.2031157Z   Downloaded heapless v0.7.17
2026-09-17T10:50:11.2069347Z   Downloaded jubjub v0.10.0
2026-09-17T10:50:11.2103398Z   Downloaded proc-macro2 v1.0.107
2026-09-17T10:50:11.2133532Z   Downloaded num-traits v0.2.19
2026-09-17T10:50:11.2160131Z   Downloaded frost-core v3.0.0
2026-09-17T10:50:11.2193363Z   Downloaded rand v0.8.5
2026-09-17T10:50:11.2228012Z   Downloaded serde v1.0.229
2026-09-17T10:50:11.2263100Z   Downloaded serde_derive v1.0.229
2026-09-17T10:50:11.2294987Z   Downloaded sinsemilla v0.1.0
2026-09-17T10:50:11.2317565Z   Downloaded chacha20poly1305 v0.10.1
2026-09-17T10:50:11.2334007Z   Downloaded rayon-core v1.13.0
2026-09-17T10:50:11.2372058Z   Downloaded num-bigint v0.4.8
2026-09-17T10:50:11.2420075Z   Downloaded reddsa v0.5.2
2026-09-17T10:50:11.2472475Z   Downloaded bitvec v1.1.1
2026-09-17T10:50:11.2647409Z   Downloaded libm v0.2.16
2026-09-17T10:50:11.2760693Z   Downloaded itertools v0.14.0
2026-09-17T10:50:11.2832138Z   Downloaded rayon v1.12.0
2026-09-17T10:50:11.2929369Z   Downloaded halo2_proofs v0.3.5
2026-09-17T10:50:11.3007083Z   Downloaded syn v2.0.119
2026-09-17T10:50:11.3113898Z   Downloaded syn v3.0.5
2026-09-17T10:50:11.3220258Z   Downloaded halo2_gadgets v0.5.0
2026-09-17T10:50:11.3340165Z   Downloaded pasta_curves v0.5.2
2026-09-17T10:50:11.3416012Z   Downloaded orchard v0.15.5
2026-09-17T10:50:11.3589925Z   Downloaded bls12_381 v0.8.0
2026-09-17T10:50:11.3644846Z   Downloaded libc v0.2.189
2026-09-17T10:50:11.4094222Z   Downloaded halo2_legacy_pdqsort v0.1.0
2026-09-17T10:50:11.5020998Z ##[group]Run python - <<'PY'
2026-09-17T10:50:11.5021365Z [36;1mpython - <<'PY'[0m
2026-09-17T10:50:11.5021629Z [36;1mimport os, tempfile[0m
2026-09-17T10:50:11.5022015Z [36;1md = tempfile.mkdtemp(prefix='zevune-m7-', dir=os.environ['RUNNER_TEMP'])[0m
2026-09-17T10:50:11.5022720Z [36;1mworker = os.path.abspath('integration/orchard/target/release/zevune-pool-worker' + ('.exe' if os.name == 'nt' else ''))[0m
2026-09-17T10:50:11.5023395Z [36;1mwith open(os.environ['GITHUB_ENV'], 'a', encoding='utf-8') as f:[0m
2026-09-17T10:50:11.5023897Z [36;1m    f.write('ZEVUNE_POOL_FIXTURE=' + os.path.join(d, 'zero-value.bin') + '\n')[0m
2026-09-17T10:50:11.5024349Z [36;1m    f.write('ZEVUNE_POOL_WORKER=' + worker + '\n')[0m
2026-09-17T10:50:11.5024658Z [36;1mPY[0m
2026-09-17T10:50:11.5060740Z shell: /usr/bin/bash --noprofile --norc -e -o pipefail {0}
2026-09-17T10:50:11.5061082Z env:
2026-09-17T10:50:11.5061283Z   RAYON_NUM_THREADS: 2
2026-09-17T10:50:11.5061542Z   CARGO_BUILD_JOBS: 2
2026-09-17T10:50:11.5061763Z   GOTOOLCHAIN: local
2026-09-17T10:50:11.5061974Z ##[endgroup]
2026-09-17T10:50:11.5410986Z ##[group]Run cargo test --locked --release -- --test-threads=1
2026-09-17T10:50:11.5411475Z [36;1mcargo test --locked --release -- --test-threads=1[0m
2026-09-17T10:50:11.5411907Z [36;1mcargo clippy --locked --release --all-targets -- -D warnings[0m
2026-09-17T10:50:11.5412363Z [36;1mcargo build --locked --release --bin zevune-pool-worker[0m
2026-09-17T10:50:11.5448662Z shell: /usr/bin/bash --noprofile --norc -e -o pipefail {0}
2026-09-17T10:50:11.5449008Z env:
2026-09-17T10:50:11.5449214Z   RAYON_NUM_THREADS: 2
2026-09-17T10:50:11.5449440Z   CARGO_BUILD_JOBS: 2
2026-09-17T10:50:11.5449656Z   GOTOOLCHAIN: local
2026-09-17T10:50:11.5450229Z   ZEVUNE_POOL_FIXTURE: /home/runner/work/_temp/zevune-m7-dg_pxm17/zero-value.bin
2026-09-17T10:50:11.5450925Z   ZEVUNE_POOL_WORKER: /home/runner/work/Zevune/Zevune/integration/orchard/target/release/zevune-pool-worker
2026-09-17T10:50:11.5451429Z ##[endgroup]
2026-09-17T10:50:11.6781246Z    Compiling libc v0.2.189
2026-09-17T10:50:11.6782253Z    Compiling cfg-if v1.0.4
2026-09-17T10:50:11.7031253Z    Compiling proc-macro2 v1.0.107
2026-09-17T10:50:12.0001322Z    Compiling quote v1.0.47
2026-09-17T10:50:12.1011514Z    Compiling unicode-ident v1.0.24
2026-09-17T10:50:12.6281906Z    Compiling getrandom v0.2.17
2026-09-17T10:50:12.6392982Z    Compiling subtle v2.6.1
2026-09-17T10:50:12.7064425Z    Compiling rand_core v0.6.4
2026-09-17T10:50:12.7539712Z    Compiling version_check v0.9.5
2026-09-17T10:50:12.8376256Z    Compiling typenum v1.20.1
2026-09-17T10:50:12.8962858Z    Compiling generic-array v0.14.7
2026-09-17T10:50:12.9531056Z    Compiling syn v2.0.119
2026-09-17T10:50:13.7063594Z    Compiling crypto-common v0.1.7
2026-09-17T10:50:13.7513813Z    Compiling radium v0.7.0
2026-09-17T10:50:13.8278045Z    Compiling tap v1.0.1
2026-09-17T10:50:13.8627174Z    Compiling wyz v0.5.1
2026-09-17T10:50:14.0801617Z    Compiling zerocopy v0.8.57
2026-09-17T10:50:14.2155644Z    Compiling funty v2.0.0
2026-09-17T10:50:14.9752612Z    Compiling autocfg v1.5.1
2026-09-17T10:50:15.1731414Z    Compiling bitvec v1.1.1
2026-09-17T10:50:16.1514666Z    Compiling zeroize_derive v1.5.0
2026-09-17T10:50:17.1067150Z    Compiling ff v0.13.1
2026-09-17T10:50:17.1670827Z    Compiling zeroize v1.9.0
2026-09-17T10:50:17.2450717Z    Compiling memuse v0.2.2
2026-09-17T10:50:17.3278202Z    Compiling crossbeam-utils v0.8.23
2026-09-17T10:50:17.4119722Z    Compiling arrayvec v0.7.8
2026-09-17T10:50:17.5419416Z    Compiling constant_time_eq v0.4.2
2026-09-17T10:50:17.6208422Z    Compiling blake2b_simd v1.0.5
2026-09-17T10:50:19.0314507Z    Compiling ppv-lite86 v0.2.21
2026-09-17T10:50:19.2474658Z    Compiling crossbeam-epoch v0.9.21
2026-09-17T10:50:19.3187416Z    Compiling rand_chacha v0.3.1
2026-09-17T10:50:19.6531420Z    Compiling group v0.13.0
2026-09-17T10:50:19.7297362Z    Compiling inout v0.1.4
2026-09-17T10:50:19.7477026Z    Compiling static_assertions v1.1.0
2026-09-17T10:50:19.7672799Z    Compiling crossbeam-deque v0.8.8
2026-09-17T10:50:19.7820919Z    Compiling cpufeatures v0.2.17
2026-09-17T10:50:19.8013663Z    Compiling spin v0.9.9
2026-09-17T10:50:19.8424418Z    Compiling lazy_static v1.5.0
2026-09-17T10:50:19.8480692Z    Compiling cipher v0.4.4
2026-09-17T10:50:19.9789205Z    Compiling rand v0.8.5
2026-09-17T10:50:20.1208263Z    Compiling rayon-core v1.13.0
2026-09-17T10:50:20.2746180Z    Compiling num-traits v0.2.19
2026-09-17T10:50:20.3235380Z    Compiling syn v3.0.5
2026-09-17T10:50:20.5209481Z    Compiling pasta_curves v0.5.2
2026-09-17T10:50:21.8869608Z    Compiling either v1.18.0
2026-09-17T10:50:23.1939957Z    Compiling indexmap v1.9.3
2026-09-17T10:50:23.2449008Z    Compiling once_cell v1.21.4
2026-09-17T10:50:23.3646528Z    Compiling crunchy v0.2.4
2026-09-17T10:50:23.4344197Z    Compiling serde_core v1.0.229
2026-09-17T10:50:23.5492047Z    Compiling tracing-core v0.1.36
2026-09-17T10:50:24.2445884Z    Compiling rayon v1.12.0
2026-09-17T10:50:26.5182039Z    Compiling tracing-attributes v0.1.31
2026-09-17T10:50:27.1954903Z    Compiling universal-hash v0.5.1
2026-09-17T10:50:27.2434311Z    Compiling block-buffer v0.10.4
2026-09-17T10:50:27.2984183Z    Compiling byteorder v1.5.0
2026-09-17T10:50:27.4364142Z    Compiling opaque-debug v0.3.1
2026-09-17T10:50:27.4538879Z    Compiling serde v1.0.229
2026-09-17T10:50:27.5477210Z    Compiling pin-project-lite v0.2.17
2026-09-17T10:50:27.5721641Z    Compiling hex v0.4.3
2026-09-17T10:50:27.7495308Z    Compiling hashbrown v0.12.3
2026-09-17T10:50:28.1582164Z    Compiling thiserror v2.0.20
2026-09-17T10:50:28.2730744Z    Compiling libm v0.2.16
2026-09-17T10:50:28.7274293Z    Compiling tracing v0.1.44
2026-09-17T10:50:28.9398572Z    Compiling poly1305 v0.8.0
2026-09-17T10:50:29.3598242Z    Compiling digest v0.10.7
2026-09-17T10:50:29.4812649Z    Compiling num-integer v0.1.47
2026-09-17T10:50:29.8198474Z    Compiling maybe-rayon v0.1.1
2026-09-17T10:50:31.4971163Z    Compiling thiserror-impl v2.0.20
2026-09-17T10:50:32.1766396Z    Compiling serde_derive v1.0.229
2026-09-17T10:50:34.0454102Z    Compiling chacha20 v0.9.1
2026-09-17T10:50:34.1597778Z    Compiling bls12_381 v0.8.0
2026-09-17T10:50:34.4499551Z    Compiling aead v0.5.2
2026-09-17T10:50:34.5186079Z    Compiling halo2_legacy_pdqsort v0.1.0
2026-09-17T10:50:34.5819183Z    Compiling halo2_proofs v0.3.5
2026-09-17T10:50:35.2246163Z    Compiling chacha20poly1305 v0.10.1
2026-09-17T10:50:35.2710505Z    Compiling jubjub v0.10.0
2026-09-17T10:50:37.7298264Z    Compiling uint v0.9.5
2026-09-17T10:50:37.7831295Z    Compiling num-bigint v0.4.8
2026-09-17T10:50:40.1201540Z    Compiling sinsemilla v0.1.0
2026-09-17T10:50:41.1439144Z    Compiling halo2_poseidon v0.1.0
2026-09-17T10:50:41.3450994Z    Compiling cbc v0.1.2
2026-09-17T10:50:41.3994668Z    Compiling zcash_spec v0.2.1
2026-09-17T10:50:41.4431702Z    Compiling bech32 v0.11.1
2026-09-17T10:50:41.6371708Z    Compiling base64ct v1.8.3
2026-09-17T10:50:41.7597466Z    Compiling zip32 v0.2.1
2026-09-17T10:50:41.8139042Z    Compiling password-hash v0.5.0
2026-09-17T10:50:42.0422347Z    Compiling halo2_gadgets v0.5.0
2026-09-17T10:50:42.5022527Z    Compiling fpe v0.6.1
2026-09-17T10:50:43.1001371Z    Compiling reddsa v0.5.2
2026-09-17T10:50:43.3541964Z    Compiling zcash_note_encryption v0.4.2
2026-09-17T10:50:43.4893111Z    Compiling blake2 v0.10.6
2026-09-17T10:50:43.8267599Z    Compiling incrementalmerkletree v0.8.1
2026-09-17T10:50:43.9409585Z    Compiling aes v0.8.4
2026-09-17T10:50:44.6568498Z    Compiling visibility v0.1.1
2026-09-17T10:50:44.7567836Z    Compiling getset v0.1.7
2026-09-17T10:50:45.0240872Z    Compiling corez v0.1.1
2026-09-17T10:50:45.0435373Z    Compiling nonempty v0.11.0
2026-09-17T10:50:45.1336395Z    Compiling argon2 v0.5.3
2026-09-17T10:50:45.8765676Z    Compiling orchard v0.15.5
2026-09-17T10:50:47.2651311Z    Compiling sha2 v0.10.9
2026-09-17T10:50:48.5952858Z    Compiling zevune-orchard-lab v0.1.0 (/home/runner/work/Zevune/Zevune/integration/orchard)
2026-09-17T10:52:09.4472043Z     Finished `release` profile [optimized] target(s) in 1m 57s
2026-09-17T10:52:09.4545543Z      Running unittests src/lib.rs (target/release/deps/zevune_orchard_lab-5ea7533f368c424e)
2026-09-17T10:52:09.4559120Z 
2026-09-17T10:52:09.4559327Z running 140 tests
2026-09-17T10:52:09.4585105Z test pool::active::tests::adding_a_hard_link_after_open_poison_checks_without_modifying_ledger_bytes ... ok
2026-09-17T10:52:09.4636964Z test pool::active::tests::another_process_cannot_open_held_genesis_lock ... ok
2026-09-17T10:52:09.4637720Z test pool::active::tests::budgets_include_framing_total_tail_and_the_independent_segment_cap ... ok
2026-09-17T10:52:09.4669965Z test pool::active::tests::captured_reader_requires_each_real_eof_and_poisoned_readers_cannot_resume ... ok
2026-09-17T10:52:09.4681344Z test pool::active::tests::create_is_exclusive_bounded_and_preserves_existing_bytes ... ok
2026-09-17T10:52:09.4701043Z test pool::active::tests::early_rotation_and_split_frames_are_rejected_even_with_valid_checksums ... ok
2026-09-17T10:52:09.4957919Z test pool::active::tests::failed_next_segment_publication_keeps_all_sealed_prefix_bytes_and_no_repair ... ok
2026-09-17T10:52:09.5062097Z test pool::active::tests::full_segment_and_next_frame_rotate_canonically_without_crossing ... ok
2026-09-17T10:52:09.5151021Z test pool::active::tests::interruption_leaves_metadata_unchanged_and_preserves_the_recoverable_prefix ... ok
2026-09-17T10:52:09.5159124Z test pool::active::tests::malformed_frame_and_capacity_rejection_create_no_files_or_bytes ... ok
2026-09-17T10:52:09.5174172Z test pool::active::tests::readers_retain_the_exclusive_root_lock_and_have_independent_positions ... ok
2026-09-17T10:52:09.5211603Z test pool::active::tests::symlinks_hard_links_and_replaced_names_are_rejected ... ok
2026-09-17T10:52:09.5221808Z test pool::active::tests::unknown_entry_after_open_is_not_ignored_or_removed ... ok
2026-09-17T10:52:09.5286104Z test pool::active::tests::unknown_missing_empty_and_truncated_segments_fail_closed_without_repair ... ok
2026-09-17T10:52:09.5293734Z test pool::capacity_tests::capacity_accounting_matches_the_actual_record_encoder ... ok
2026-09-17T10:52:11.6003155Z test pool::capacity_tests::capacity_commit_rechecks_the_budget_and_preserves_the_source ... ok
2026-09-17T10:52:11.6016471Z test pool::capacity_tests::capacity_exact_empty_frame_commits_reopens_and_stops_cleanly ... ok
2026-09-17T10:52:11.6023368Z test pool::capacity_tests::capacity_invalid_instance_still_fails_closed ... ok
2026-09-17T10:52:11.6024273Z test pool::capacity_tests::capacity_invalid_lengths_counts_and_overflow_are_rejected ... ok
2026-09-17T10:52:11.6031169Z test pool::capacity_tests::capacity_prepare_rejects_before_unpersistable_empty_block ... ok
2026-09-17T10:52:11.6037640Z test pool::capacity_tests::capacity_rejects_before_attempting_any_candidate_authorization ... ok
2026-09-17T10:52:11.6044234Z test pool::capacity_tests::capacity_selection_requires_space_for_even_an_empty_record ... ok
2026-09-17T10:52:11.6047025Z test pool::recovery::active::tests::checkpoint_codec_has_exact_length_distinct_magic_and_bounded_arithmetic ... ok
2026-09-17T10:52:11.6080609Z test pool::recovery::active::tests::checkpoint_export_preserves_prepared_work_and_never_certifies_uncommitted_bytes ... ok
2026-09-17T10:52:11.6128201Z test pool::recovery::active::tests::checkpoint_export_replays_same_length_replacement_and_never_publishes_its_state ... ok
2026-09-17T10:52:11.6158511Z test pool::recovery::active::tests::creating_a_target_is_exclusive_and_source_validation_precedes_creation ... ok
2026-09-17T10:52:11.6169486Z test pool::recovery::active::tests::exported_genesis_checkpoint_matches_independent_fixed_layout_vector ... ok
2026-09-17T10:52:11.6267126Z test pool::recovery::active::tests::final_source_and_target_namespace_changes_cannot_return_success ... ok
2026-09-17T10:52:11.6413418Z test pool::recovery::active::tests::genesis_and_committed_archive_copies_preserve_every_file_and_continue_normally ... ok
2026-09-17T10:52:11.6439973Z test pool::recovery::active::tests::incompatible_checkpoint_profiles_reject_without_poisoning_healthy_stores ... ok
2026-09-17T10:52:17.8793796Z test pool::recovery::active::tests::namespace_tests::active_archive_locks_coordinate_real_processes ... ok
2026-09-17T10:52:17.8815220Z test pool::recovery::active::tests::namespace_tests::failed_open_releases_all_acquired_file_and_directory_handles ... ok
2026-09-17T10:52:17.8854565Z test pool::recovery::active::tests::namespace_tests::parent_aliases_and_replaced_directories_cannot_redirect_a_retained_archive ... ok
2026-09-17T10:52:17.8986098Z test pool::recovery::active::tests::namespace_tests::persistent_entry_replacements_symlinks_and_hardlinks_are_not_certified ... ok
2026-09-17T10:52:17.9041780Z test pool::recovery::active::tests::namespace_tests::readonly_source_files_copy_into_a_normally_writable_active_directory ... ok
2026-09-17T10:52:17.9062838Z test pool::recovery::active::tests::namespace_tests::unknown_entry_after_open_prevents_verification_and_creates_no_target ... ok
2026-09-17T10:52:17.9172683Z test pool::recovery::active::tests::partial_copies_and_lost_acknowledgements_preserve_targets_without_retry_or_repair ... ok
2026-09-17T10:52:17.9219267Z test pool::recovery::active::tests::repinned_headers_are_bounded_inside_the_physical_genesis_file ... ok
2026-09-17T10:52:17.9284846Z test pool::recovery::active::tests::repinned_layout_still_requires_complete_frames_canonical_rotation_and_real_state ... ok
2026-09-17T10:52:17.9302119Z test pool::recovery::active::tests::retained_replay_binds_the_independently_expected_genesis_after_a_same_length_change ... ok
2026-09-17T10:52:18.0456256Z test pool::recovery::segments::index::tests::all_records_locate_correctly_across_real_production_segment_boundaries ... ok
2026-09-17T10:52:18.0497145Z test pool::recovery::segments::index::tests::both_profiles_have_exact_height_locations_and_unchanged_source ... ok
2026-09-17T10:52:18.0528531Z test pool::recovery::segments::index::tests::changed_captured_length_and_wrong_pinned_tip_are_rejected ... ok
2026-09-17T10:52:18.0530325Z test pool::recovery::segments::index::tests::exact_segment_end_is_not_attributed_to_a_nonexistent_next_segment ... ok
2026-09-17T10:52:18.0549636Z test pool::recovery::segments::index::tests::genesis_only_has_no_phantom_record ... ok
2026-09-17T10:52:18.0553453Z test pool::recovery::segments::index::tests::index_builder_rejects_gaps_overlaps_wrong_heights_hashes_and_bombs ... ok
2026-09-17T10:52:18.0572971Z test pool::recovery::segments::index::tests::metadata_or_late_replay_failure_never_yields_a_prefix_index ... ok
2026-09-17T10:52:18.0591184Z test pool::recovery::segments::index::tests::moved_named_archive_cannot_reuse_its_old_index_verdict ... ok
2026-09-17T10:52:18.0592576Z test pool::recovery::segments::reader_tests::exact_payload_requires_last_segment_eof_check_before_success ... ok
2026-09-17T10:52:18.0593979Z test pool::recovery::segments::reader_tests::hard_io_failure_at_each_boundary_permanently_invalidates_reader ... ok
2026-09-17T10:52:18.0595303Z test pool::recovery::segments::reader_tests::inconsistent_private_reader_metadata_returns_error_instead_of_panicking ... ok
2026-09-17T10:52:18.0596596Z test pool::recovery::segments::reader_tests::interrupted_short_reads_and_segment_end_checks_do_not_poison_reader ... ok
2026-09-17T10:52:18.0597783Z test pool::recovery::segments::reader_tests::truncated_or_extended_segment_cannot_be_skipped_by_retry ... ok
2026-09-17T10:52:18.2616863Z test pool::recovery::segments::tests::actual_multisegment_replay_crosses_record_boundary_and_restores_exact_bytes ... ok
2026-09-17T10:52:18.2625809Z test pool::recovery::segments::tests::empty_read_does_not_advance_and_segment_eof_is_not_journal_eof ... ok
2026-09-17T10:52:18.2652225Z test pool::recovery::segments::tests::every_publication_failure_preserves_source_and_cannot_be_retried_in_place ... ok
2026-09-17T10:52:18.2673776Z test pool::recovery::segments::tests::links_and_nonregular_inputs_are_refused_and_late_corruption_precedes_output_creation ... ok
2026-09-17T10:52:18.2675587Z test pool::recovery::segments::tests::manifest_is_exact_bounded_and_contains_no_supplied_paths ... ok
2026-09-17T10:52:18.2713108Z test pool::recovery::segments::tests::missing_extra_swapped_truncated_or_changed_segments_are_rejected ... ok
2026-09-17T10:52:18.2731025Z test pool::recovery::segments::tests::namespace_tests::extra_file_after_open_is_rejected_without_removal_or_output ... ok
2026-09-17T10:52:18.2748796Z test pool::recovery::segments::tests::namespace_tests::failed_open_releases_directory_guard_and_all_acquired_file_locks ... ok
2026-09-17T10:52:18.2776803Z test pool::recovery::segments::tests::namespace_tests::renamed_and_replaced_directory_cannot_be_verified_or_receive_restore_output ... ok
2026-09-17T10:52:18.2793030Z test pool::recovery::segments::tests::namespace_tests::replaced_manifest_with_identical_bytes_is_not_the_retained_object ... ok
2026-09-17T10:52:18.2809808Z test pool::recovery::segments::tests::namespace_tests::replaced_segment_symlink_is_rejected_even_when_it_targets_original_bytes ... ok
2026-09-17T10:52:18.2848816Z test pool::recovery::segments::tests::namespace_tests::unchanged_archives_retain_multiple_readers_and_release_handles_on_drop ... ok
2026-09-17T10:52:18.2873100Z test pool::recovery::segments::tests::pack_and_restore_are_create_only_and_archive_readers_keep_real_locks ... ok
2026-09-17T10:52:18.2903691Z test pool::recovery::segments::tests::partial_restore_and_lost_ack_leave_explicitly_verifiable_targets ... ok
2026-09-17T10:52:18.2921358Z test pool::recovery::segments::tests::persistent_segment_path_replacement_is_rejected_before_restore ... ok
2026-09-17T10:52:18.2929306Z test pool::recovery::tests::recovery_checkpoint_codec_bounds_and_every_truncation ... ok
2026-09-17T10:52:18.2949439Z test pool::recovery::tests::recovery_full_copy_matches_and_original_keeps_prepared_block ... ok
2026-09-17T10:52:18.2957035Z test pool::recovery::tests::recovery_invalid_store_does_not_export_a_checkpoint ... ok
2026-09-17T10:52:18.2979221Z test pool::recovery::tests::recovery_partial_write_and_lost_ack_never_replace_or_repair_source ... ok
2026-09-17T10:52:18.2993575Z test pool::recovery::tests::recovery_readonly_archive_and_changed_source_are_checked_before_target_creation ... ok
2026-09-17T10:52:18.3003544Z test pool::recovery::tests::recovery_refuses_overwrite_live_writers_links_and_unknown_paths ... ok
2026-09-17T10:52:18.3013324Z test pool::recovery::tests::recovery_untrusted_header_sizes_are_bounded_even_with_a_matching_file_hash ... ok
2026-09-17T10:52:18.3031046Z test pool::recovery::tests::recovery_wrong_state_domain_length_or_bytes_pin_rejected ... ok
2026-09-17T10:52:18.3046258Z test pool::recovery::tests::replay_integration_tests::a_shorter_valid_archive_needs_its_own_pin_not_the_later_checkpoint ... ok
2026-09-17T10:52:18.3218211Z test pool::recovery::tests::replay_integration_tests::checkpoint_export_and_archive_copy_discard_history_but_keep_the_exact_tip ... ok
2026-09-17T10:52:18.3247718Z test pool::recovery::tests::replay_integration_tests::checkpoint_export_rejects_a_valid_same_length_alternate_history ... ok
2026-09-17T10:52:18.3291946Z test pool::recovery::tests::replay_integration_tests::every_recovery_entry_uses_isolated_replay_without_per_block_state_copies ... ok
2026-09-17T10:52:18.3306146Z test pool::recovery::tests::replay_integration_tests::injected_replay_failure_keeps_lock_and_blocks_prepared_commit_without_repair ... ok
2026-09-17T10:52:18.3338926Z test pool::recovery::tests::replay_integration_tests::normal_append_handles_preserve_history_even_after_read_cursor_rewinds ... ok
2026-09-17T10:52:18.3357973Z test pool::recovery::tests::replay_integration_tests::wrong_final_result_with_new_checksums_never_returns_a_verified_archive ... ok
2026-09-17T10:52:18.3359531Z test pool::replay::tests::a_complete_shorter_prefix_still_requires_an_independent_checkpoint ... ok
2026-09-17T10:52:18.3360985Z test pool::replay::tests::checksum_mutations_and_structural_corruption_do_not_replay ... ok
2026-09-17T10:52:18.3362253Z test pool::replay::tests::declared_size_and_record_count_are_bounded_before_body_allocation ... ok
2026-09-17T10:52:18.3367881Z test pool::replay::tests::every_truncated_frame_and_appended_byte_is_rejected ... ok
2026-09-17T10:52:18.3369144Z test pool::replay::tests::finish_requires_verified_eof_and_errors_permanently_poison_replay ... ok
2026-09-17T10:52:18.3370576Z test pool::replay::tests::fragmented_reads_and_interrupted_eof_are_retried_without_skipping ... ok
2026-09-17T10:52:18.3371282Z test pool::replay::tests::input_failure_is_never_converted_to_a_successful_empty_history ... ok
2026-09-17T10:52:18.3374391Z test pool::replay::tests::io_fault_at_every_record_byte_including_final_eof_drops_the_reconstruction ... ok
2026-09-17T10:52:18.3563507Z test pool::replay::tests::maximum_record_window_is_replayed_without_copying_the_full_state_per_block ... ok
2026-09-17T10:52:18.3574430Z test pool::replay::tests::reusable_buffer_does_not_decode_stale_tail_bytes_after_a_shorter_record ... ok
2026-09-17T10:52:18.3575885Z test pool::replay::tests::shared_eof_does_not_swallow_read_errors_or_trailing_data ... ok
2026-09-17T10:52:18.3577597Z test pool::replay::tests::shared_header_and_eof_retry_interrupted_and_short_reads ... ok
2026-09-17T10:52:18.3578712Z test pool::replay::tests::shared_header_preserves_both_profiles_and_leaves_records_unread ... ok
2026-09-17T10:52:18.3579602Z test pool::replay::tests::shared_header_rejects_bounds_before_reading_commitment_payload ... ok
2026-09-17T10:52:18.3580794Z test pool::replay::tests::shared_header_rejects_unknown_network_domain_and_truncation ... ok
2026-09-17T10:52:18.3584415Z test pool::replay::tests::startup_and_wallet_history_share_replay_and_preserve_journal_bytes ... ok
2026-09-17T10:52:27.6959324Z test pool::tests::actual_two_hop_pool_commit_replay_and_corruption ... ok
2026-09-17T10:52:27.6973517Z test pool::tests::empty_pool_lock_restart_and_no_overwrite ... ok
2026-09-17T10:52:27.6981077Z test pool::tests::lost_sync_acknowledgement_remains_uncertain_until_replay ... ok
2026-09-17T10:52:27.6989562Z test pool::tests::partial_write_poison_does_not_advance_memory_or_repair_disk ... ok
2026-09-17T10:52:27.7060300Z test pool::tests::record_decoder_rejects_truncation_trailing_and_length_bombs ... ok
2026-09-17T10:52:27.7074315Z test pool::tests::tampered_prepared_result_and_resource_limits ... ok
2026-09-17T10:52:43.6660017Z test pool::wallet_flow_tests::durable_wallet_outbox_resumes_exact_real_payment_after_lost_acknowledgement ... ok
2026-09-17T10:52:43.6680335Z test pool::wallet_flow_tests::wallet_history_replay_keeps_append_cursor_and_rejects_disk_drift ... ok
2026-09-17T10:53:04.3429913Z test pool::wallet_flow_tests::wallet_nonzero_multinote_payment_change_expiry_backup_and_rescan ... ok
2026-09-17T10:53:04.5504729Z test pool::wallet_flow_tests::wallet_rejects_changed_checkpoint_ancestry_without_mutation ... ok
2026-09-17T10:53:04.5506200Z test signing_domain_vectors::every_context_component_changes_the_bound_signature_message ... ok
2026-09-17T10:53:04.5507467Z test signing_domain_vectors::legacy_and_bound_transcripts_match_independent_sha256_vectors ... ok
2026-09-17T10:53:04.9191273Z test wallet::tests::shared_witnesses_match_upstream_frontier_for_odd_and_even_trees ... ok
2026-09-17T10:53:05.0095712Z test wallet::vault::independent_kdf_vector::argon2id_matches_independent_argon2_cffi_reference ... ok
2026-09-17T10:53:05.7399834Z test wallet::vault::store::compact_tests::compacted_checkpoint_is_authenticated_but_requires_rescan_and_new_receipt ... ok
2026-09-17T10:53:06.3119495Z test wallet::vault::store::compact_tests::compaction_requires_exact_current_pin_and_never_overwrites_targets ... ok
2026-09-17T10:53:06.4133584Z test wallet::vault::store::compact_tests::corrupt_or_poisoned_source_cannot_be_compacted_into_a_fresh_looking_copy ... ok
2026-09-17T10:53:07.0784980Z test wallet::vault::store::compact_tests::partial_and_lost_ack_compaction_preserve_source_and_do_not_repair_targets ... ok
2026-09-17T10:53:07.5599780Z test wallet::vault::store::tests::authenticated_predecessor_rejects_rewritten_hash_chain_and_other_journal ... ok
2026-09-17T10:53:07.6832875Z test wallet::vault::store::tests::bounds_padding_and_live_disk_drift_fail_closed ... ok
2026-09-17T10:53:07.7846255Z test wallet::vault::store::tests::capacity_inspection_is_read_only_and_does_not_claim_synced_balance ... ok
2026-09-17T10:53:08.3156193Z test wallet::vault::store::tests::create_sync_backup_reopen_and_exact_source_protection ... ok
2026-09-17T10:53:08.8272666Z test wallet::vault::store::tests::legacy_snapshot_import_preserves_missing_outbox_reservation ... ok
2026-09-17T10:53:08.8273619Z test wallet::vault::store::tests::lock_child ... ok
2026-09-17T10:53:08.9283248Z test wallet::vault::store::tests::lock_is_enforced_across_processes ... ok
2026-09-17T10:53:09.2367749Z test wallet::vault::store::tests::lost_acknowledgement_is_uncertain_and_reopen_reconciles_complete_record ... ok
2026-09-17T10:53:09.3360913Z test wallet::vault::store::tests::missing_and_nonregular_files_are_not_created_or_repaired ... ok
2026-09-17T10:53:09.5433580Z test wallet::vault::store::tests::partial_write_poison_preserves_failure_and_never_truncates_on_reopen ... ok
2026-09-17T10:53:09.6459016Z test wallet::vault::store::tests::truncated_and_oversized_files_never_invoke_unbounded_reads ... ok
2026-09-17T10:53:10.0534753Z test wallet::vault::store::tests::valid_prefix_needs_independent_receipt_for_rollback_detection ... ok
2026-09-17T10:53:10.8064704Z test wallet::vault::tests::encrypted_roundtrip_randomization_and_wrong_password ... ok
2026-09-17T10:53:10.8152216Z test wallet::vault::tests::rejects_lengths_versions_and_kdf_bombs_before_derivation ... ok
2026-09-17T10:53:10.8227753Z test wallet::vault::tests::snapshot_rejects_noncanonical_flags_padding_and_duplicate_reservations ... ok
2026-09-17T10:53:10.8234965Z test wire::cache::tests::concurrent_success_memoization_preserves_exact_entries_and_bounds ... ok
2026-09-17T10:53:10.8236305Z test wire::cache::tests::exact_bytes_required_even_for_a_forced_digest_collision ... ok
2026-09-17T10:53:10.8237480Z test wire::cache::tests::fifo_capacity_and_duplicate_insert_are_bounded ... ok
2026-09-17T10:53:10.8238509Z test wire::cache::tests::invalid_sizes_cannot_fill_the_cache ... ok
2026-09-17T10:53:16.8881196Z test wire::fixed_key_tests::concurrent_verifiers_share_only_the_fixed_key_and_keep_real_authorization_cold ... ok
2026-09-17T10:53:16.8882602Z test worker::tests::bounded_frame_rejections ... ok
2026-09-17T10:53:16.8883431Z test worker::tests::fingerprint_matches_go_vector ... ok
2026-09-17T10:53:16.8884209Z test worker::tests::frame_roundtrip ... ok
2026-09-17T10:53:16.8884592Z 
2026-09-17T10:53:16.8885202Z test result: ok. 140 passed; 0 failed; 0 ignored; 0 measured; 0 filtered out; finished in 67.43s
2026-09-17T10:53:16.8885973Z 
2026-09-17T10:53:16.8897101Z      Running unittests src/bin/zevune-orchard-worker.rs (target/release/deps/zevune_orchard_worker-cd84f4d9aac9e10a)
2026-09-17T10:53:16.8907548Z 
2026-09-17T10:53:16.8907745Z running 0 tests
2026-09-17T10:53:16.8907964Z 
2026-09-17T10:53:16.8908453Z test result: ok. 0 passed; 0 failed; 0 ignored; 0 measured; 0 filtered out; finished in 0.00s
2026-09-17T10:53:16.8909060Z 
2026-09-17T10:53:16.8910308Z      Running unittests src/bin/zevune-pool-worker.rs (target/release/deps/zevune_pool_worker-c8c07100e193c907)
2026-09-17T10:53:16.8917880Z 
2026-09-17T10:53:16.8918061Z running 3 tests
2026-09-17T10:53:16.8919777Z test tests::block_decoder_bounds ... ok
2026-09-17T10:53:16.8920864Z test tests::frame_truncation_and_bombs ... ok
2026-09-17T10:53:16.8925514Z test tests::selection_frame_is_bounded_canonical_and_separate_from_blocks ... ok
2026-09-17T10:53:16.8925965Z 
2026-09-17T10:53:16.8926287Z test result: ok. 3 passed; 0 failed; 0 ignored; 0 measured; 0 filtered out; finished in 0.00s
2026-09-17T10:53:16.8926669Z 
2026-09-17T10:53:16.8933896Z      Running tests/active_recovery_cli.rs (target/release/deps/active_recovery_cli-1f50c05fa40f1b0c)
2026-09-17T10:53:16.8934497Z 
2026-09-17T10:53:16.8934601Z running 0 tests
2026-09-17T10:53:16.8934783Z 
2026-09-17T10:53:16.8935261Z test result: ok. 0 passed; 0 failed; 0 ignored; 0 measured; 0 filtered out; finished in 0.00s
2026-09-17T10:53:16.8935843Z 
2026-09-17T10:53:16.8936346Z      Running tests/authorization_cache.rs (target/release/deps/authorization_cache-d80d49074bec5de6)
2026-09-17T10:53:16.8944996Z 
2026-09-17T10:53:16.8945251Z running 1 test
2026-09-17T10:53:24.9161016Z test real_authorization_reuse_rejects_changed_bytes_and_restarts_cold ... ok
2026-09-17T10:53:24.9161654Z 
2026-09-17T10:53:24.9162097Z test result: ok. 1 passed; 0 failed; 0 ignored; 0 measured; 0 filtered out; finished in 8.02s
2026-09-17T10:53:24.9162449Z 
2026-09-17T10:53:24.9173293Z      Running tests/bridge.rs (target/release/deps/bridge-cda5b5ed74dd728b)
2026-09-17T10:53:24.9185582Z 
2026-09-17T10:53:24.9185962Z running 1 test
2026-09-17T10:53:35.0049648Z test real_wire_roundtrip_individual_authorization_and_rejections ... ok
2026-09-17T10:53:35.0050494Z 
2026-09-17T10:53:35.0050993Z test result: ok. 1 passed; 0 failed; 0 ignored; 0 measured; 0 filtered out; finished in 10.09s
2026-09-17T10:53:35.0051359Z 
2026-09-17T10:53:35.0068010Z      Running tests/cache_state_guards.rs (target/release/deps/cache_state_guards-5ead73e6d643655e)
2026-09-17T10:53:35.0078232Z 
2026-09-17T10:53:35.0078417Z running 0 tests
2026-09-17T10:53:35.0078585Z 
2026-09-17T10:53:35.0078877Z test result: ok. 0 passed; 0 failed; 0 ignored; 0 measured; 0 filtered out; finished in 0.00s
2026-09-17T10:53:35.0079231Z 
2026-09-17T10:53:35.0081673Z      Running tests/default_worker_policy.rs (target/release/deps/default_worker_policy-479792fe47624099)
2026-09-17T10:53:35.0090448Z 
2026-09-17T10:53:35.0090658Z running 1 test
2026-09-17T10:53:35.0104375Z test default_worker_refuses_explicit_funding_arguments ... ok
2026-09-17T10:53:35.0104848Z 
2026-09-17T10:53:35.0105337Z test result: ok. 1 passed; 0 failed; 0 ignored; 0 measured; 0 filtered out; finished in 0.00s
2026-09-17T10:53:35.0106026Z 
2026-09-17T10:53:35.0106795Z      Running tests/genesis_domain.rs (target/release/deps/genesis_domain-f530e40902e25b8e)
2026-09-17T10:53:35.0115005Z 
2026-09-17T10:53:35.0115194Z running 0 tests
2026-09-17T10:53:35.0115407Z 
2026-09-17T10:53:35.0115897Z test result: ok. 0 passed; 0 failed; 0 ignored; 0 measured; 0 filtered out; finished in 0.00s
2026-09-17T10:53:35.0116338Z 
2026-09-17T10:53:35.0117147Z      Running tests/genesis_manifest_bounds.rs (target/release/deps/genesis_manifest_bounds-b5536276992f4a6e)
2026-09-17T10:53:35.0126018Z 
2026-09-17T10:53:35.0126204Z running 0 tests
2026-09-17T10:53:35.0126411Z 
2026-09-17T10:53:35.0126887Z test result: ok. 0 passed; 0 failed; 0 ignored; 0 measured; 0 filtered out; finished in 0.00s
2026-09-17T10:53:35.0127317Z 
2026-09-17T10:53:35.0127966Z      Running tests/operator_cli.rs (target/release/deps/operator_cli-287e6082c7030018)
2026-09-17T10:53:35.0136714Z 
2026-09-17T10:53:35.0137042Z running 0 tests
2026-09-17T10:53:35.0137269Z 
2026-09-17T10:53:35.0137770Z test result: ok. 0 passed; 0 failed; 0 ignored; 0 measured; 0 filtered out; finished in 0.00s
2026-09-17T10:53:35.0138210Z 
2026-09-17T10:53:35.0138931Z      Running tests/payment_preflight.rs (target/release/deps/payment_preflight-d68a7de54a8fe8d9)
2026-09-17T10:53:35.0147396Z 
2026-09-17T10:53:35.0147976Z running 0 tests
2026-09-17T10:53:35.0148218Z 
2026-09-17T10:53:35.0148731Z test result: ok. 0 passed; 0 failed; 0 ignored; 0 measured; 0 filtered out; finished in 0.00s
2026-09-17T10:53:35.0150038Z      Running tests/pool_network.rs (target/release/deps/pool_network-c8f8ae5b9cd9a26d)
2026-09-17T10:53:35.0152922Z 
2026-09-17T10:53:35.0160050Z 
2026-09-17T10:53:35.0160506Z running 1 test
2026-09-17T10:53:42.9547211Z test zero_value_real_proof_for_consensus ... ok
2026-09-17T10:53:42.9547661Z 
2026-09-17T10:53:42.9548120Z test result: ok. 1 passed; 0 failed; 0 ignored; 0 measured; 0 filtered out; finished in 7.94s
2026-09-17T10:53:42.9548690Z 
2026-09-17T10:53:42.9559296Z      Running tests/real_bundle.rs (target/release/deps/real_bundle-20f99c112b3d5369)
2026-09-17T10:53:42.9572157Z 
2026-09-17T10:53:42.9572442Z running 4 tests
2026-09-17T10:53:42.9773149Z test builder_rejects_wrong_owner_and_nonmember_path ... ok
2026-09-17T10:53:42.9808580Z test raw_key_reconstruction_preserves_local_receiver ... ok
2026-09-17T10:54:01.3229415Z test real_proofs_two_hops_and_adversarial_cases ... ok
2026-09-17T10:54:01.3230997Z test upstream_public_empty_root_vectors ... ok
2026-09-17T10:54:01.3231379Z 
2026-09-17T10:54:01.3231776Z test result: ok. 4 passed; 0 failed; 0 ignored; 0 measured; 0 filtered out; finished in 18.37s
2026-09-17T10:54:01.3232140Z 
2026-09-17T10:54:01.3248119Z      Running tests/recipient_domain.rs (target/release/deps/recipient_domain-bf48c57b14c78bc5)
2026-09-17T10:54:01.3259091Z 
2026-09-17T10:54:01.3259394Z running 3 tests
2026-09-17T10:54:01.3435747Z test canonical_receiver_formats_preserve_legacy_without_domain_fallback ... ok
2026-09-17T10:54:01.3711087Z test network_recipient_requires_a_verified_history_not_only_keys ... ok
2026-09-17T10:54:01.3926543Z test recipient_parser_rejects_truncation_mutation_and_noncanonical_input ... ok
2026-09-17T10:54:01.3927174Z 
2026-09-17T10:54:01.3928043Z test result: ok. 3 passed; 0 failed; 0 ignored; 0 measured; 0 filtered out; finished in 0.07s
2026-09-17T10:54:01.3928677Z 
2026-09-17T10:54:01.3929975Z      Running tests/recovery_cli.rs (target/release/deps/recovery_cli-db19acbe6913f296)
2026-09-17T10:54:01.3940548Z 
2026-09-17T10:54:01.3940863Z running 0 tests
2026-09-17T10:54:01.3941123Z 
2026-09-17T10:54:01.3941800Z test result: ok. 0 passed; 0 failed; 0 ignored; 0 measured; 0 filtered out; finished in 0.00s
2026-09-17T10:54:01.3942491Z 
2026-09-17T10:54:01.3943311Z      Running tests/test_genesis.rs (target/release/deps/test_genesis-c254433454550e36)
2026-09-17T10:54:01.3951462Z 
2026-09-17T10:54:01.3951753Z running 0 tests
2026-09-17T10:54:01.3952007Z 
2026-09-17T10:54:01.3952513Z test result: ok. 0 passed; 0 failed; 0 ignored; 0 measured; 0 filtered out; finished in 0.00s
2026-09-17T10:54:01.3953238Z 
2026-09-17T10:54:01.3963248Z    Doc-tests zevune_orchard_lab
2026-09-17T10:54:01.4596570Z 
2026-09-17T10:54:01.4597050Z running 0 tests
2026-09-17T10:54:01.4597331Z 
2026-09-17T10:54:01.4597831Z test result: ok. 0 passed; 0 failed; 0 ignored; 0 measured; 0 filtered out; finished in 0.00s
2026-09-17T10:54:01.4598224Z 
2026-09-17T10:54:01.6089478Z     Checking cfg-if v1.0.4
2026-09-17T10:54:01.6089949Z     Checking libc v0.2.189
2026-09-17T10:54:01.6263092Z     Checking subtle v2.6.1
2026-09-17T10:54:01.6832663Z     Checking typenum v1.20.1
2026-09-17T10:54:02.0946825Z     Checking generic-array v0.14.7
2026-09-17T10:54:02.1636159Z     Checking getrandom v0.2.17
2026-09-17T10:54:02.2271420Z     Checking rand_core v0.6.4
2026-09-17T10:54:02.2980656Z     Checking tap v1.0.1
2026-09-17T10:54:02.3271241Z     Checking wyz v0.5.1
2026-09-17T10:54:02.4072020Z     Checking crypto-common v0.1.7
2026-09-17T10:54:02.4072433Z     Checking radium v0.7.0
2026-09-17T10:54:02.4453597Z     Checking funty v2.0.0
2026-09-17T10:54:02.4928202Z     Checking zeroize v1.9.0
2026-09-17T10:54:02.5525511Z     Checking zerocopy v0.8.57
2026-09-17T10:54:02.6996768Z     Checking bitvec v1.1.1
2026-09-17T10:54:03.9931972Z     Checking ff v0.13.1
2026-09-17T10:54:04.0369861Z     Checking constant_time_eq v0.4.2
2026-09-17T10:54:04.0821436Z     Checking arrayvec v0.7.8
2026-09-17T10:54:04.1757580Z     Checking memuse v0.2.2
2026-09-17T10:54:04.2370398Z     Checking blake2b_simd v1.0.5
2026-09-17T10:54:04.4737231Z     Checking crossbeam-utils v0.8.23
2026-09-17T10:54:04.6812519Z     Checking group v0.13.0
2026-09-17T10:54:04.7436731Z     Checking inout v0.1.4
2026-09-17T10:54:04.7801494Z     Checking cpufeatures v0.2.17
2026-09-17T10:54:04.7952544Z     Checking ppv-lite86 v0.2.21
2026-09-17T10:54:04.7953362Z     Checking static_assertions v1.1.0
2026-09-17T10:54:04.8137733Z     Checking spin v0.9.9
2026-09-17T10:54:04.8481523Z     Checking lazy_static v1.5.0
2026-09-17T10:54:04.8657877Z     Checking cipher v0.4.4
2026-09-17T10:54:04.9590558Z     Checking crossbeam-epoch v0.9.21
2026-09-17T10:54:04.9821322Z     Checking rand_chacha v0.3.1
2026-09-17T10:54:05.0841126Z     Checking rand v0.8.5
2026-09-17T10:54:05.0907025Z     Checking crossbeam-deque v0.8.8
2026-09-17T10:54:05.1685270Z     Checking either v1.18.0
2026-09-17T10:54:05.2461556Z     Checking rayon-core v1.13.0
2026-09-17T10:54:05.4296686Z     Checking pasta_curves v0.5.2
2026-09-17T10:54:05.4696109Z     Checking once_cell v1.21.4
2026-09-17T10:54:05.5465788Z     Checking tracing-core v0.1.36
2026-09-17T10:54:05.7592172Z     Checking rayon v1.12.0
2026-09-17T10:54:05.8823791Z     Checking num-traits v0.2.19
2026-09-17T10:54:06.2004146Z     Checking universal-hash v0.5.1
2026-09-17T10:54:06.2358459Z     Checking block-buffer v0.10.4
2026-09-17T10:54:06.2757727Z     Checking byteorder v1.5.0
2026-09-17T10:54:06.3780901Z     Checking hex v0.4.3
2026-09-17T10:54:06.4909510Z     Checking pin-project-lite v0.2.17
2026-09-17T10:54:06.5127868Z     Checking hashbrown v0.12.3
2026-09-17T10:54:06.7704727Z     Checking opaque-debug v0.3.1
2026-09-17T10:54:06.7845077Z     Checking poly1305 v0.8.0
2026-09-17T10:54:06.9289324Z     Checking indexmap v1.9.3
2026-09-17T10:54:06.9348964Z     Checking maybe-rayon v0.1.1
2026-09-17T10:54:06.9508593Z     Checking tracing v0.1.44
2026-09-17T10:54:07.0382832Z     Checking digest v0.10.7
2026-09-17T10:54:07.1255461Z     Checking num-integer v0.1.47
2026-09-17T10:54:07.1277713Z     Checking serde_core v1.0.229
2026-09-17T10:54:07.2479347Z     Checking crunchy v0.2.4
2026-09-17T10:54:07.2655979Z     Checking chacha20 v0.9.1
2026-09-17T10:54:07.3517932Z     Checking bls12_381 v0.8.0
2026-09-17T10:54:07.4318145Z     Checking aead v0.5.2
2026-09-17T10:54:07.4761814Z     Checking halo2_legacy_pdqsort v0.1.0
2026-09-17T10:54:07.5220489Z     Checking halo2_proofs v0.3.5
2026-09-17T10:54:08.3305723Z     Checking serde v1.0.229
2026-09-17T10:54:08.6134480Z     Checking chacha20poly1305 v0.10.1
2026-09-17T10:54:08.6514294Z     Checking jubjub v0.10.0
2026-09-17T10:54:08.8090954Z     Checking thiserror v2.0.20
2026-09-17T10:54:08.8324632Z     Checking uint v0.9.5
2026-09-17T10:54:08.8718207Z     Checking num-bigint v0.4.8
2026-09-17T10:54:09.2413733Z     Checking libm v0.2.16
2026-09-17T10:54:09.6069157Z     Checking halo2_poseidon v0.1.0
2026-09-17T10:54:09.8154738Z     Checking sinsemilla v0.1.0
2026-09-17T10:54:09.8571235Z     Checking cbc v0.1.2
2026-09-17T10:54:09.8992943Z     Checking zcash_spec v0.2.1
2026-09-17T10:54:09.9265080Z     Checking base64ct v1.8.3
2026-09-17T10:54:10.0434327Z     Checking bech32 v0.11.1
2026-09-17T10:54:10.2325524Z     Checking zip32 v0.2.1
2026-09-17T10:54:10.3182681Z     Checking password-hash v0.5.0
2026-09-17T10:54:10.4369430Z     Checking halo2_gadgets v0.5.0
2026-09-17T10:54:10.4499502Z     Checking fpe v0.6.1
2026-09-17T10:54:10.5517843Z     Checking reddsa v0.5.2
2026-09-17T10:54:10.7145202Z     Checking zcash_note_encryption v0.4.2
2026-09-17T10:54:10.7966499Z     Checking blake2 v0.10.6
2026-09-17T10:54:10.9213396Z     Checking incrementalmerkletree v0.8.1
2026-09-17T10:54:10.9945533Z     Checking aes v0.8.4
2026-09-17T10:54:11.2547917Z     Checking corez v0.1.1
2026-09-17T10:54:11.2699811Z     Checking nonempty v0.11.0
2026-09-17T10:54:11.3301598Z     Checking argon2 v0.5.3
2026-09-17T10:54:11.3535638Z     Checking orchard v0.15.5
2026-09-17T10:54:11.5275709Z     Checking sha2 v0.10.9
2026-09-17T10:54:12.3935185Z     Checking zevune-orchard-lab v0.1.0 (/home/runner/work/Zevune/Zevune/integration/orchard)
2026-09-17T10:54:13.6258040Z     Finished `release` profile [optimized] target(s) in 12.11s
2026-09-17T10:54:13.7512120Z     Finished `release` profile [optimized] target(s) in 0.08s
2026-09-17T10:54:13.7607911Z ##[group]Run go test ./... -count=1
2026-09-17T10:54:13.7608268Z [36;1mgo test ./... -count=1[0m
2026-09-17T10:54:13.7608523Z [36;1mgo vet ./...[0m
2026-09-17T10:54:13.7645058Z shell: /usr/bin/bash --noprofile --norc -e -o pipefail {0}
2026-09-17T10:54:13.7645405Z env:
2026-09-17T10:54:13.7645596Z   RAYON_NUM_THREADS: 2
2026-09-17T10:54:13.7645821Z   CARGO_BUILD_JOBS: 2
2026-09-17T10:54:13.7646032Z   GOTOOLCHAIN: local
2026-09-17T10:54:13.7646388Z   ZEVUNE_POOL_FIXTURE: /home/runner/work/_temp/zevune-m7-dg_pxm17/zero-value.bin
2026-09-17T10:54:13.7647030Z   ZEVUNE_POOL_WORKER: /home/runner/work/Zevune/Zevune/integration/orchard/target/release/zevune-pool-worker
2026-09-17T10:54:13.7647553Z ##[endgroup]
2026-09-17T10:54:14.0297728Z ?   	github.com/youq616/Zevune/cmd/latency-report	[no test files]
2026-09-17T10:54:14.1992442Z ?   	github.com/youq616/Zevune/cmd/zevuned	[no test files]
2026-09-17T10:54:14.6554739Z ok  	github.com/youq616/Zevune/internal/api	0.018s
2026-09-17T10:54:14.6555711Z ok  	github.com/youq616/Zevune/internal/latency	0.005s
2026-09-17T10:54:14.8804180Z ok  	github.com/youq616/Zevune/internal/ledger	0.230s
2026-09-17T10:54:14.8805023Z ok  	github.com/youq616/Zevune/internal/merkle	0.010s
2026-09-17T10:54:15.1342733Z ok  	github.com/youq616/Zevune/internal/orchardbridge	0.275s
2026-09-17T10:54:15.6315660Z ok  	github.com/youq616/Zevune/internal/poolbridge	0.544s
2026-09-17T10:54:15.6316270Z ok  	github.com/youq616/Zevune/internal/protocol	0.003s
2026-09-17T10:54:18.4551580Z ##[group]Run go mod download
2026-09-17T10:54:18.4551931Z [36;1mgo mod download[0m
2026-09-17T10:54:18.4552180Z [36;1mgo mod verify[0m
2026-09-17T10:54:18.4552428Z [36;1mgo mod tidy -diff[0m
2026-09-17T10:54:18.4552801Z [36;1mgo test -mod=readonly -tags=pool_e2e ./poolapp -count=1 -timeout=8m -v[0m
2026-09-17T10:54:18.4553258Z [36;1mgo test -mod=readonly ./... -count=1 -timeout=8m[0m
2026-09-17T10:54:18.4553612Z [36;1mgo vet -mod=readonly -tags=pool_e2e ./...[0m
2026-09-17T10:54:18.4589666Z shell: /usr/bin/bash --noprofile --norc -e -o pipefail {0}
2026-09-17T10:54:18.4589998Z env:
2026-09-17T10:54:18.4590521Z   RAYON_NUM_THREADS: 2
2026-09-17T10:54:18.4590765Z   CARGO_BUILD_JOBS: 2
2026-09-17T10:54:18.4590973Z   GOTOOLCHAIN: local
2026-09-17T10:54:18.4591325Z   ZEVUNE_POOL_FIXTURE: /home/runner/work/_temp/zevune-m7-dg_pxm17/zero-value.bin
2026-09-17T10:54:18.4591995Z   ZEVUNE_POOL_WORKER: /home/runner/work/Zevune/Zevune/integration/orchard/target/release/zevune-pool-worker
2026-09-17T10:54:18.4592496Z ##[endgroup]
2026-09-17T10:54:19.7497622Z all modules verified
2026-09-17T10:54:40.7775131Z === RUN   TestRealFinalizationCommitAndRestart
2026-09-17T10:54:47.1435863Z     e2e_test.go:179: real proof -> Finalize without persistence -> worker restart -> replay -> Commit -> durable restart -> duplicate rejected
2026-09-17T10:54:47.1437284Z --- PASS: TestRealFinalizationCommitAndRestart (6.37s)
2026-09-17T10:54:47.1438185Z === RUN   TestPoolNodeHelper
2026-09-17T10:54:47.1438736Z --- PASS: TestPoolNodeHelper (0.00s)
2026-09-17T10:54:47.1439349Z === RUN   TestRealPoolFourProcessConsensus
2026-09-17T10:55:09.3561625Z     e2e_test.go:516: real zero-value proof included at height 4; 4 node commits/signatures/app hashes matched independent Orchard replay
2026-09-17T10:55:27.1936349Z     e2e_test.go:554: full network restart exceeded every persisted height; spent nullifiers and 2 commitments retained; duplicate rejected
2026-09-17T10:55:27.2103499Z --- PASS: TestRealPoolFourProcessConsensus (40.07s)
2026-09-17T10:55:27.2104294Z === RUN   TestRealLegacyInitChainRejectsActiveApplicationVersion
2026-09-17T10:55:29.3007095Z --- PASS: TestRealLegacyInitChainRejectsActiveApplicationVersion (2.09s)
2026-09-17T10:55:29.3007700Z === RUN   TestGenesisBindingRejectsAmbiguityAndMismatch
2026-09-17T10:55:29.3008372Z --- PASS: TestGenesisBindingRejectsAmbiguityAndMismatch (0.00s)
2026-09-17T10:55:29.3008841Z === RUN   TestRealProposalSelectionAndAtomicRejection
2026-09-17T10:55:31.6321461Z --- PASS: TestRealProposalSelectionAndAtomicRejection (2.33s)
2026-09-17T10:55:31.6322406Z PASS
2026-09-17T10:55:31.6329995Z ok  	github.com/youq616/Zevune/integration/cometbft/poolapp	50.867s
2026-09-17T10:55:33.0170984Z ok  	github.com/youq616/Zevune/integration/cometbft/app	0.033s
2026-09-17T10:55:33.0172248Z ?   	github.com/youq616/Zevune/integration/cometbft/cmd/zevune-devnet	[no test files]
2026-09-17T10:55:33.9172730Z ok  	github.com/youq616/Zevune/integration/cometbft/cmd/zevune-network	0.018s
2026-09-17T10:56:17.5103535Z ok  	github.com/youq616/Zevune/integration/cometbft/devnet	43.284s
2026-09-17T10:56:17.5104153Z ok  	github.com/youq616/Zevune/integration/cometbft/labnet	0.061s
2026-09-17T10:56:17.5104785Z ok  	github.com/youq616/Zevune/integration/cometbft/poolapp	0.009s
2026-09-17T10:56:23.9447203Z ##[group]Run go test -mod=readonly -race -tags=pool_e2e ./poolapp -run '^TestReal(FinalizationCommitAndRestart|ProposalSelectionAndAtomicRejection)$' -count=1 -timeout=3m
2026-09-17T10:56:23.9448448Z [36;1mgo test -mod=readonly -race -tags=pool_e2e ./poolapp -run '^TestReal(FinalizationCommitAndRestart|ProposalSelectionAndAtomicRejection)$' -count=1 -timeout=3m[0m
2026-09-17T10:56:23.9485502Z shell: /usr/bin/bash --noprofile --norc -e -o pipefail {0}
2026-09-17T10:56:23.9485843Z env:
2026-09-17T10:56:23.9486035Z   RAYON_NUM_THREADS: 2
2026-09-17T10:56:23.9486269Z   CARGO_BUILD_JOBS: 2
2026-09-17T10:56:23.9486484Z   GOTOOLCHAIN: local
2026-09-17T10:56:23.9486843Z   ZEVUNE_POOL_FIXTURE: /home/runner/work/_temp/zevune-m7-dg_pxm17/zero-value.bin
2026-09-17T10:56:23.9487486Z   ZEVUNE_POOL_WORKER: /home/runner/work/Zevune/Zevune/integration/orchard/target/release/zevune-pool-worker
2026-09-17T10:56:23.9488007Z ##[endgroup]
2026-09-17T10:57:18.9071777Z ok  	github.com/youq616/Zevune/integration/cometbft/poolapp	9.851s
2026-09-17T10:57:19.0535018Z ##[group]Run go test -race ./internal/poolbridge -count=1 -timeout=2m
2026-09-17T10:57:19.0535972Z [36;1mgo test -race ./internal/poolbridge -count=1 -timeout=2m[0m
2026-09-17T10:57:19.0536931Z [36;1mgo test ./internal/poolbridge -run '^$' -fuzz '^FuzzPoolFrame$' -fuzztime=10s -parallel=2[0m
2026-09-17T10:57:19.0590713Z shell: /usr/bin/bash --noprofile --norc -e -o pipefail {0}
2026-09-17T10:57:19.0591318Z env:
2026-09-17T10:57:19.0591664Z   RAYON_NUM_THREADS: 2
2026-09-17T10:57:19.0592154Z   CARGO_BUILD_JOBS: 2
2026-09-17T10:57:19.0592726Z   GOTOOLCHAIN: local
2026-09-17T10:57:19.0606291Z   ZEVUNE_POOL_FIXTURE: /home/runner/work/_temp/zevune-m7-dg_pxm17/zero-value.bin
2026-09-17T10:57:19.0607562Z   ZEVUNE_POOL_WORKER: /home/runner/work/Zevune/Zevune/integration/orchard/target/release/zevune-pool-worker
2026-09-17T10:57:19.0608532Z ##[endgroup]
2026-09-17T10:57:23.6777121Z ok  	github.com/youq616/Zevune/internal/poolbridge	4.003s
2026-09-17T10:57:33.3686154Z fuzz: elapsed: 0s, gathering baseline coverage: 0/1 completed
2026-09-17T10:57:33.3716210Z fuzz: elapsed: 0s, gathering baseline coverage: 1/1 completed, now fuzzing with 2 workers
2026-09-17T10:57:36.3712431Z fuzz: elapsed: 3s, execs: 112734 (37567/sec), new interesting: 4 (total: 5)
2026-09-17T10:57:39.3689399Z fuzz: elapsed: 6s, execs: 226976 (38086/sec), new interesting: 4 (total: 5)
2026-09-17T10:57:42.3692305Z fuzz: elapsed: 9s, execs: 343038 (38684/sec), new interesting: 4 (total: 5)
2026-09-17T10:57:43.4669410Z fuzz: elapsed: 10s, execs: 385029 (38251/sec), new interesting: 4 (total: 5)
2026-09-17T10:57:43.4670447Z PASS
2026-09-17T10:57:43.4676536Z ok  	github.com/youq616/Zevune/internal/poolbridge	10.101s
2026-09-17T10:57:43.5031748Z ##[group]Run git diff --exit-code
2026-09-17T10:57:43.5032097Z [36;1mgit diff --exit-code[0m
2026-09-17T10:57:43.5076220Z shell: /usr/bin/bash --noprofile --norc -e -o pipefail {0}
2026-09-17T10:57:43.5076575Z env:
2026-09-17T10:57:43.5076763Z   RAYON_NUM_THREADS: 2
2026-09-17T10:57:43.5076981Z   CARGO_BUILD_JOBS: 2
2026-09-17T10:57:43.5077186Z   GOTOOLCHAIN: local
2026-09-17T10:57:43.5077538Z   ZEVUNE_POOL_FIXTURE: /home/runner/work/_temp/zevune-m7-dg_pxm17/zero-value.bin
2026-09-17T10:57:43.5078171Z   ZEVUNE_POOL_WORKER: /home/runner/work/Zevune/Zevune/integration/orchard/target/release/zevune-pool-worker
2026-09-17T10:57:43.5078691Z ##[endgroup]
2026-09-17T10:57:43.5633860Z Node 20 is being deprecated. This workflow is running with Node 24 by default. If you need to temporarily use Node 20, you can set the ACTIONS_ALLOW_USE_UNSECURE_NODE_VERSION=true environment variable. For more information see: https://github.blog/changelog/2025-09-19-deprecation-of-node-20-on-github-actions-runners/
2026-09-17T10:57:43.5635106Z Post job cleanup.
2026-09-17T10:57:43.6935441Z (node:23740) [DEP0040] DeprecationWarning: The `punycode` module is deprecated. Please use a userland alternative instead.
2026-09-17T10:57:43.6936336Z (Use `node --trace-deprecation ...` to show where the warning was created)
2026-09-17T10:57:43.7023344Z [command]/opt/hostedtoolcache/go/1.27.1/x64/bin/go env GOMODCACHE
2026-09-17T10:57:43.7076413Z [command]/opt/hostedtoolcache/go/1.27.1/x64/bin/go env GOCACHE
2026-09-17T10:57:43.7149220Z /home/runner/go/pkg/mod
2026-09-17T10:57:43.7154209Z /home/runner/.cache/go-build
2026-09-17T10:57:43.7173414Z Cache hit occurred on the primary key setup-go-Linux-x64-ubuntu24-go-1.27.1-ef6b0fbca0a8d0b6206b16c85f11c4a6c772908ae2660ca86a6b7ee95979c938, not saving cache.
2026-09-17T10:57:43.7429008Z Post job cleanup.
2026-09-17T10:57:43.8325028Z [command]/usr/bin/git version
2026-09-17T10:57:43.8370729Z git version 2.55.0
2026-09-17T10:57:43.8416176Z Temporarily overriding HOME='/home/runner/work/_temp/7f0bb7c3-a933-4088-a9b1-36c84cd97a7b' before making global git config changes
2026-09-17T10:57:43.8417184Z Adding repository directory to the temporary git global config as a safe directory
2026-09-17T10:57:43.8422901Z [command]/usr/bin/git config --global --add safe.directory /home/runner/work/Zevune/Zevune
2026-09-17T10:57:43.8464155Z [command]/usr/bin/git config --local --name-only --get-regexp core\.sshCommand
2026-09-17T10:57:43.8501352Z [command]/usr/bin/git submodule foreach --recursive sh -c "git config --local --name-only --get-regexp 'core\.sshCommand' && git config --local --unset-all 'core.sshCommand' || :"
2026-09-17T10:57:43.8758368Z [command]/usr/bin/git config --local --name-only --get-regexp http\.https\:\/\/github\.com\/\.extraheader
2026-09-17T10:57:43.8795328Z [command]/usr/bin/git submodule foreach --recursive sh -c "git config --local --name-only --get-regexp 'http\.https\:\/\/github\.com\/\.extraheader' && git config --local --unset-all 'http.https://github.com/.extraheader' || :"
2026-09-17T10:57:43.9226294Z Cleaning up orphan processes
2026-09-17T10:57:43.9570790Z ##[warning]Node.js 20 is deprecated. The following actions target Node.js 20 but are being forced to run on Node.js 24: actions/setup-go@44694675825211faa026b3c33043df3e48a5fa00. For more information see: https://github.blog/changelog/2025-09-19-deprecation-of-node-20-on-github-actions-runners/
