2026-09-18T15:28:41.8084167Z Current runner version: '2.337.0'
2026-09-18T15:28:41.8122181Z ##[group]Runner Image Provisioner
2026-09-18T15:28:41.8123314Z Hosted Compute Agent
2026-09-18T15:28:41.8124220Z Version: 20260828.587
2026-09-18T15:28:41.8125088Z Commit: abac92662cab4cc7352de4f9f9d2e2419aad9c29
2026-09-18T15:28:41.8126057Z Build Date: 2026-08-28T16:44:25Z
2026-09-18T15:28:41.8127354Z Worker ID: {b82ca0d9-1e85-40ce-bdab-f2d7a58c5887}
2026-09-18T15:28:41.8128284Z Azure Region: northcentralus
2026-09-18T15:28:41.8128931Z ##[endgroup]
2026-09-18T15:28:41.8130550Z ##[group]Operating System
2026-09-18T15:28:41.8131224Z Microsoft Windows Server 2025
2026-09-18T15:28:41.8131848Z 10.0.26100
2026-09-18T15:28:41.8132374Z Datacenter
2026-09-18T15:28:41.8132985Z ##[endgroup]
2026-09-18T15:28:41.8133520Z ##[group]Runner Image
2026-09-18T15:28:41.8134141Z Image: windows-2025-vs2026
2026-09-18T15:28:41.8134718Z Version: 20260907.229.1
2026-09-18T15:28:41.8136296Z Included Software: https://github.com/actions/runner-images/blob/win25-vs2026/20260907.229/images/windows/Windows2025-VS2026-Readme.md
2026-09-18T15:28:41.8137918Z Image Release: https://github.com/actions/runner-images/releases/tag/win25-vs2026%2F20260907.229
2026-09-18T15:28:41.8139068Z ##[endgroup]
2026-09-18T15:28:41.8140496Z ##[group]GITHUB_TOKEN Permissions
2026-09-18T15:28:41.8143111Z Contents: read
2026-09-18T15:28:41.8143868Z Metadata: read
2026-09-18T15:28:41.8144642Z ##[endgroup]
2026-09-18T15:28:41.8147893Z Secret source: Actions
2026-09-18T15:28:41.8149342Z Cache mode: write
2026-09-18T15:28:41.8150283Z Prepare workflow directory
2026-09-18T15:28:41.8678014Z Prepare all required actions
2026-09-18T15:28:41.8745331Z Getting action download info
2026-09-18T15:28:42.0906734Z Download action repository 'actions/checkout@08c6903cd8c0fde910a37f88322edcfb5dd907a8' (SHA:08c6903cd8c0fde910a37f88322edcfb5dd907a8)
2026-09-18T15:28:42.2152852Z Download action repository 'actions/setup-go@44694675825211faa026b3c33043df3e48a5fa00' (SHA:44694675825211faa026b3c33043df3e48a5fa00)
2026-09-18T15:28:42.7165731Z Complete job name: integration (windows-latest)
2026-09-18T15:28:42.9468320Z ##[group]Run actions/checkout@08c6903cd8c0fde910a37f88322edcfb5dd907a8
2026-09-18T15:28:42.9470685Z with:
2026-09-18T15:28:42.9471225Z   persist-credentials: false
2026-09-18T15:28:42.9471976Z   repository: youq616/Zevune
2026-09-18T15:28:42.9477022Z   token: ***
2026-09-18T15:28:42.9477508Z   ssh-strict: true
2026-09-18T15:28:42.9477993Z   ssh-user: git
2026-09-18T15:28:42.9478465Z   clean: true
2026-09-18T15:28:42.9478970Z   sparse-checkout-cone-mode: true
2026-09-18T15:28:42.9479583Z   fetch-depth: 1
2026-09-18T15:28:42.9480081Z   fetch-tags: false
2026-09-18T15:28:42.9480579Z   show-progress: true
2026-09-18T15:28:42.9481089Z   lfs: false
2026-09-18T15:28:42.9481543Z   submodules: false
2026-09-18T15:28:42.9482112Z   set-safe-directory: true
2026-09-18T15:28:42.9483176Z ##[endgroup]
2026-09-18T15:28:43.1369728Z Syncing repository: youq616/Zevune
2026-09-18T15:28:43.1373251Z ##[group]Getting Git version info
2026-09-18T15:28:43.1374587Z Working directory is 'D:\a\Zevune\Zevune'
2026-09-18T15:28:43.2526128Z [command]"C:\Program Files\Git\bin\git.exe" version
2026-09-18T15:28:43.9381610Z git version 2.55.0.windows.5
2026-09-18T15:28:43.9478663Z ##[endgroup]
2026-09-18T15:28:43.9504681Z Temporarily overriding HOME='D:\a\_temp\52fd6ec8-ea88-415e-86a5-df728a5861d6' before making global git config changes
2026-09-18T15:28:43.9515522Z Adding repository directory to the temporary git global config as a safe directory
2026-09-18T15:28:43.9517417Z [command]"C:\Program Files\Git\bin\git.exe" config --global --add safe.directory D:\a\Zevune\Zevune
2026-09-18T15:28:44.0595123Z Deleting the contents of 'D:\a\Zevune\Zevune'
2026-09-18T15:28:44.0602512Z ##[group]Initializing the repository
2026-09-18T15:28:44.0615227Z [command]"C:\Program Files\Git\bin\git.exe" init D:\a\Zevune\Zevune
2026-09-18T15:28:44.2425687Z Initialized empty Git repository in D:/a/Zevune/Zevune/.git/
2026-09-18T15:28:44.2479794Z [command]"C:\Program Files\Git\bin\git.exe" remote add origin https://github.com/youq616/Zevune
2026-09-18T15:28:44.4617838Z ##[endgroup]
2026-09-18T15:28:44.4626663Z ##[group]Disabling automatic garbage collection
2026-09-18T15:28:44.4630241Z [command]"C:\Program Files\Git\bin\git.exe" config --local gc.auto 0
2026-09-18T15:28:44.5295162Z ##[endgroup]
2026-09-18T15:28:44.5296887Z ##[group]Setting up auth
2026-09-18T15:28:44.5309397Z [command]"C:\Program Files\Git\bin\git.exe" config --local --name-only --get-regexp core\.sshCommand
2026-09-18T15:28:44.5625904Z [command]"C:\Program Files\Git\bin\git.exe" submodule foreach --recursive "sh -c \"git config --local --name-only --get-regexp 'core\.sshCommand' && git config --local --unset-all 'core.sshCommand' || :\""
2026-09-18T15:28:48.3221353Z [command]"C:\Program Files\Git\bin\git.exe" config --local --name-only --get-regexp http\.https\:\/\/github\.com\/\.extraheader
2026-09-18T15:28:48.3579284Z [command]"C:\Program Files\Git\bin\git.exe" submodule foreach --recursive "sh -c \"git config --local --name-only --get-regexp 'http\.https\:\/\/github\.com\/\.extraheader' && git config --local --unset-all 'http.https://github.com/.extraheader' || :\""
2026-09-18T15:28:49.0341769Z [command]"C:\Program Files\Git\bin\git.exe" config --local http.https://github.com/.extraheader "AUTHORIZATION: basic ***"
2026-09-18T15:28:49.0689820Z ##[endgroup]
2026-09-18T15:28:49.0690656Z ##[group]Fetching the repository
2026-09-18T15:28:49.0706499Z [command]"C:\Program Files\Git\bin\git.exe" -c protocol.version=2 fetch --no-tags --prune --no-recurse-submodules --depth=1 origin +bd710cf4c985012ca23e86c333567ce116de72bb:refs/remotes/pull/17/merge
2026-09-18T15:28:54.1071271Z From https://github.com/youq616/Zevune
2026-09-18T15:28:54.1079348Z  * [new ref]         bd710cf4c985012ca23e86c333567ce116de72bb -> pull/17/merge
2026-09-18T15:28:54.1142496Z ##[endgroup]
2026-09-18T15:28:54.1146403Z ##[group]Determining the checkout info
2026-09-18T15:28:54.1168402Z ##[endgroup]
2026-09-18T15:28:54.1173714Z [command]"C:\Program Files\Git\bin\git.exe" sparse-checkout disable
2026-09-18T15:28:54.2177599Z [command]"C:\Program Files\Git\bin\git.exe" config --local --unset-all extensions.worktreeConfig
2026-09-18T15:28:54.2532368Z ##[group]Checking out the ref
2026-09-18T15:28:54.2544926Z [command]"C:\Program Files\Git\bin\git.exe" checkout --progress --force refs/remotes/pull/17/merge
2026-09-18T15:28:54.6457228Z Note: switching to 'refs/remotes/pull/17/merge'.
2026-09-18T15:28:54.6457851Z 
2026-09-18T15:28:54.6458221Z You are in 'detached HEAD' state. You can look around, make experimental
2026-09-18T15:28:54.6458868Z changes and commit them, and you can discard any commits you make in this
2026-09-18T15:28:54.6459483Z state without impacting any branches by switching back to a branch.
2026-09-18T15:28:54.6459756Z 
2026-09-18T15:28:54.6460038Z If you want to create a new branch to retain commits you create, you may
2026-09-18T15:28:54.6460550Z do so (now or later) by using -c with the switch command. Example:
2026-09-18T15:28:54.6460922Z 
2026-09-18T15:28:54.6461218Z   git switch -c <new-branch-name>
2026-09-18T15:28:54.6461518Z 
2026-09-18T15:28:54.6461656Z Or undo this operation with:
2026-09-18T15:28:54.6461914Z 
2026-09-18T15:28:54.6462026Z   git switch -
2026-09-18T15:28:54.6462200Z 
2026-09-18T15:28:54.6462430Z Turn off this advice by setting config variable advice.detachedHead to false
2026-09-18T15:28:54.6462801Z 
2026-09-18T15:28:54.6463225Z HEAD is now at bd710cf Merge 61c691270b91aece076177cb757e51e0e63fe310 into 2cc87a2207d502ac5cfe00ea52e525c1516917e5
2026-09-18T15:28:54.7126237Z ##[endgroup]
2026-09-18T15:28:54.7136905Z [command]"C:\Program Files\Git\bin\git.exe" log -1 --format=%H
2026-09-18T15:28:54.7418936Z bd710cf4c985012ca23e86c333567ce116de72bb
2026-09-18T15:28:54.7472481Z ##[group]Removing auth
2026-09-18T15:28:54.7481904Z [command]"C:\Program Files\Git\bin\git.exe" config --local --name-only --get-regexp core\.sshCommand
2026-09-18T15:28:54.7794068Z [command]"C:\Program Files\Git\bin\git.exe" submodule foreach --recursive "sh -c \"git config --local --name-only --get-regexp 'core\.sshCommand' && git config --local --unset-all 'core.sshCommand' || :\""
2026-09-18T15:28:55.3733761Z [command]"C:\Program Files\Git\bin\git.exe" config --local --name-only --get-regexp http\.https\:\/\/github\.com\/\.extraheader
2026-09-18T15:28:55.4006682Z http.https://github.com/.extraheader
2026-09-18T15:28:55.4056451Z [command]"C:\Program Files\Git\bin\git.exe" config --local --unset-all http.https://github.com/.extraheader
2026-09-18T15:28:55.4364832Z [command]"C:\Program Files\Git\bin\git.exe" submodule foreach --recursive "sh -c \"git config --local --name-only --get-regexp 'http\.https\:\/\/github\.com\/\.extraheader' && git config --local --unset-all 'http.https://github.com/.extraheader' || :\""
2026-09-18T15:28:56.1153068Z ##[endgroup]
2026-09-18T15:28:56.1750896Z Node 20 is being deprecated. This workflow is running with Node 24 by default. If you need to temporarily use Node 20, you can set the ACTIONS_ALLOW_USE_UNSECURE_NODE_VERSION=true environment variable. For more information see: https://github.blog/changelog/2025-09-19-deprecation-of-node-20-on-github-actions-runners/
2026-09-18T15:28:56.1753310Z ##[group]Run actions/setup-go@44694675825211faa026b3c33043df3e48a5fa00
2026-09-18T15:28:56.1753794Z with:
2026-09-18T15:28:56.1754096Z   go-version: 1.27.1
2026-09-18T15:28:56.1754390Z   cache: true
2026-09-18T15:28:56.1755064Z   cache-dependency-path: integration/cometbft/go.sum
2026-09-18T15:28:56.1755475Z   check-latest: false
2026-09-18T15:28:56.1758170Z   token: ***
2026-09-18T15:28:56.1758623Z ##[endgroup]
2026-09-18T15:28:56.3473836Z Setup go version spec 1.27.1
2026-09-18T15:28:56.3494203Z Attempting to download 1.27.1...
2026-09-18T15:28:56.3889727Z (node:8456) [DEP0040] DeprecationWarning: The `punycode` module is deprecated. Please use a userland alternative instead.
2026-09-18T15:28:56.3891007Z (Use `node --trace-deprecation ...` to show where the warning was created)
2026-09-18T15:28:56.9503523Z matching 1.27.1...
2026-09-18T15:28:56.9527662Z Acquiring 1.27.1 from https://github.com/actions/go-versions/releases/download/1.27.1-33583469715/go-1.27.1-win32-x64.zip
2026-09-18T15:28:57.5575123Z Extracting Go...
2026-09-18T15:28:57.6680148Z [command]"C:\Program Files\PowerShell\7\pwsh.exe" -NoLogo -NoProfile -NonInteractive -ExecutionPolicy Unrestricted -Command "$ErrorActionPreference = 'Stop' ; try { Add-Type -AssemblyName System.IO.Compression.ZipFile } catch { } ; try { [System.IO.Compression.ZipFile]::ExtractToDirectory('D:\a\_temp\go-1.27.1-win32-x64.zip', 'D:\a\_temp\54395225-f40a-4316-8d20-4b1261763dee', $true) } catch { if (($_.Exception.GetType().FullName -eq 'System.Management.Automation.MethodException') -or ($_.Exception.GetType().FullName -eq 'System.Management.Automation.RuntimeException') ){ Expand-Archive -LiteralPath 'D:\a\_temp\go-1.27.1-win32-x64.zip' -DestinationPath 'D:\a\_temp\54395225-f40a-4316-8d20-4b1261763dee' -Force } else { throw $_ } } ;"
2026-09-18T15:29:01.7295071Z Successfully extracted go to D:\a\_temp\54395225-f40a-4316-8d20-4b1261763dee
2026-09-18T15:29:01.7295777Z Adding to the cache ...
2026-09-18T15:29:13.0806487Z Created link C:\hostedtoolcache\windows\go\1.27.1\x64 => D:\hostedtoolcache\windows\go\1.27.1\x64
2026-09-18T15:29:13.0810236Z Created link C:\hostedtoolcache\windows\go\1.27.1\x64.complete => D:\hostedtoolcache\windows\go\1.27.1\x64.complete
2026-09-18T15:29:13.0811147Z Successfully cached go to C:\hostedtoolcache\windows\go\1.27.1\x64
2026-09-18T15:29:13.0818179Z Added go to the path
2026-09-18T15:29:13.0820904Z Successfully set up Go version 1.27.1
2026-09-18T15:29:13.3958713Z [command]C:\hostedtoolcache\windows\go\1.27.1\x64\bin\go.exe env GOCACHE
2026-09-18T15:29:13.4012985Z [command]C:\hostedtoolcache\windows\go\1.27.1\x64\bin\go.exe env GOMODCACHE
2026-09-18T15:29:13.4228917Z C:\Users\runneradmin\AppData\Local\go-build
2026-09-18T15:29:13.4258228Z C:\Users\runneradmin\go\pkg\mod
2026-09-18T15:29:13.6758350Z Cache hit for: setup-go-Windows-x64-go-1.27.1-ef6b0fbca0a8d0b6206b16c85f11c4a6c772908ae2660ca86a6b7ee95979c938
2026-09-18T15:29:13.6891468Z (node:8456) [DEP0169] DeprecationWarning: `url.parse()` behavior is not standardized and prone to errors that have security implications. Use the WHATWG URL API instead. CVEs are not issued for `url.parse()` vulnerabilities.
2026-09-18T15:29:15.1022112Z Received 134217728 of 429434914 (31.3%), 97.7 MBs/sec
2026-09-18T15:29:16.3214835Z Received 268435456 of 429434914 (62.5%), 101.1 MBs/sec
2026-09-18T15:29:17.4834420Z Received 402653184 of 429434914 (93.8%), 104.0 MBs/sec
2026-09-18T15:29:17.6741715Z Received 429434914 of 429434914 (100.0%), 105.4 MBs/sec
2026-09-18T15:29:17.6745201Z Cache Size: ~410 MB (429434914 B)
2026-09-18T15:29:17.6895810Z [command]"C:\Program Files\Git\usr\bin\tar.exe" -xf D:/a/_temp/eea34ed5-69b1-4700-a296-8ee13b45068c/cache.tzst -P -C D:/a/Zevune/Zevune --force-local --use-compress-program "zstd -d"
2026-09-18T15:30:00.9448236Z Cache restored successfully
2026-09-18T15:30:00.9912283Z Cache restored from key: setup-go-Windows-x64-go-1.27.1-ef6b0fbca0a8d0b6206b16c85f11c4a6c772908ae2660ca86a6b7ee95979c938
2026-09-18T15:30:00.9935794Z go version go1.27.1 windows/amd64
2026-09-18T15:30:00.9936066Z 
2026-09-18T15:30:00.9936516Z ##[group]go env
2026-09-18T15:30:01.5116915Z set AR=ar
2026-09-18T15:30:01.5117504Z set CC=gcc
2026-09-18T15:30:01.5118626Z set CGO_CFLAGS=-O2 -g
2026-09-18T15:30:01.5119139Z set CGO_CPPFLAGS=
2026-09-18T15:30:01.5119526Z set CGO_CXXFLAGS=-O2 -g
2026-09-18T15:30:01.5119954Z set CGO_ENABLED=1
2026-09-18T15:30:01.5120420Z set CGO_FFLAGS=-O2 -g
2026-09-18T15:30:01.5120873Z set CGO_LDFLAGS=-O2 -g
2026-09-18T15:30:01.5121295Z set CXX=g++
2026-09-18T15:30:01.5121648Z set GCCGO=gccgo
2026-09-18T15:30:01.5122123Z set GO111MODULE=
2026-09-18T15:30:01.5122559Z set GOAMD64=v1
2026-09-18T15:30:01.5122953Z set GOARCH=amd64
2026-09-18T15:30:01.5123378Z set GOAUTH=netrc
2026-09-18T15:30:01.5123866Z set GOBIN=C:\Users\runneradmin\go\bin
2026-09-18T15:30:01.5124458Z set GOCACHE=C:\Users\runneradmin\AppData\Local\go-build
2026-09-18T15:30:01.5125004Z set GOCACHEPROG=
2026-09-18T15:30:01.5125415Z set GODEBUG=
2026-09-18T15:30:01.5125909Z set GOENV=C:\Users\runneradmin\AppData\Roaming\go\env
2026-09-18T15:30:01.5126833Z set GOEXE=.exe
2026-09-18T15:30:01.5127289Z set GOEXPERIMENT=
2026-09-18T15:30:01.5127687Z set GOFIPS140=off
2026-09-18T15:30:01.5128170Z set GOFLAGS=
2026-09-18T15:30:01.5129439Z set GOGCCFLAGS=-m64 -pthread -Wl,--no-gc-sections -fmessage-length=0 -ffile-prefix-map=C:\Users\RUNNER~1\AppData\Local\Temp\go-build2479358177=/tmp/go-build -gno-record-gcc-switches
2026-09-18T15:30:01.5130705Z set GOHOSTARCH=amd64
2026-09-18T15:30:01.5131187Z set GOHOSTOS=windows
2026-09-18T15:30:01.5131661Z set GOINSECURE=
2026-09-18T15:30:01.5132179Z set GOMOD=D:\a\Zevune\Zevune\go.mod
2026-09-18T15:30:01.5132799Z set GOMODCACHE=C:\Users\runneradmin\go\pkg\mod
2026-09-18T15:30:01.5133376Z set GONOPROXY=
2026-09-18T15:30:01.5133875Z set GONOSUMDB=
2026-09-18T15:30:01.5134232Z set GOOS=windows
2026-09-18T15:30:01.5134664Z set GOPACKAGESDRIVER=
2026-09-18T15:30:01.5135175Z set GOPATH=C:\Users\runneradmin\go
2026-09-18T15:30:01.5135833Z set GOPRIVATE=
2026-09-18T15:30:01.5136321Z set GOPROXY=https://proxy.golang.org,direct
2026-09-18T15:30:01.5136938Z set GOROOT=C:\hostedtoolcache\windows\go\1.27.1\x64
2026-09-18T15:30:01.5137535Z set GOSUMDB=sum.golang.org
2026-09-18T15:30:01.5138022Z set GOTELEMETRY=local
2026-09-18T15:30:01.5138572Z set GOTELEMETRYDIR=C:\Users\runneradmin\AppData\Roaming\go\telemetry
2026-09-18T15:30:01.5139168Z set GOTMPDIR=
2026-09-18T15:30:01.5139584Z set GOTOOLCHAIN=local
2026-09-18T15:30:01.5140167Z set GOTOOLDIR=C:\hostedtoolcache\windows\go\1.27.1\x64\pkg\tool\windows_amd64
2026-09-18T15:30:01.5140770Z set GOVCS=
2026-09-18T15:30:01.5141230Z set GOVERSION=go1.27.1
2026-09-18T15:30:01.5141651Z set GOWORK=
2026-09-18T15:30:01.5142658Z set PKG_CONFIG=pkg-config
2026-09-18T15:30:01.5142958Z 
2026-09-18T15:30:01.5143601Z ##[endgroup]
2026-09-18T15:30:01.5551209Z ##[group]Run go version
2026-09-18T15:30:01.5551776Z [36;1mgo version[0m
2026-09-18T15:30:01.5552139Z [36;1mgo mod download[0m
2026-09-18T15:30:01.5552491Z [36;1mgo mod verify[0m
2026-09-18T15:30:01.5552856Z [36;1mgo mod tidy -diff[0m
2026-09-18T15:30:01.5553233Z [36;1mtest -z "$(gofmt -l .)"[0m
2026-09-18T15:30:01.5579883Z shell: C:\Program Files\Git\bin\bash.EXE --noprofile --norc -e -o pipefail {0}
2026-09-18T15:30:01.5580483Z env:
2026-09-18T15:30:01.5580856Z   GOTOOLCHAIN: local
2026-09-18T15:30:01.5581260Z ##[endgroup]
2026-09-18T15:30:01.8620606Z go version go1.27.1 windows/amd64
2026-09-18T15:30:04.0778055Z all modules verified
2026-09-18T15:30:04.3907254Z ##[group]Run go test -mod=readonly ./... -count=1 -timeout=8m -v
2026-09-18T15:30:04.3907963Z [36;1mgo test -mod=readonly ./... -count=1 -timeout=8m -v[0m
2026-09-18T15:30:04.3920829Z shell: C:\Program Files\Git\bin\bash.EXE --noprofile --norc -e -o pipefail {0}
2026-09-18T15:30:04.3921355Z env:
2026-09-18T15:30:04.3921656Z   GOTOOLCHAIN: local
2026-09-18T15:30:04.3921980Z ##[endgroup]
2026-09-18T15:30:08.0407208Z === RUN   TestGenesisValidation
2026-09-18T15:30:08.0452950Z --- PASS: TestGenesisValidation (0.20s)
2026-09-18T15:30:08.0489309Z === RUN   TestFinalizeIsNotDurableAndCommitIs
2026-09-18T15:30:08.0521433Z --- PASS: TestFinalizeIsNotDurableAndCommitIs (0.09s)
2026-09-18T15:30:08.0560743Z === RUN   TestProposalChecksNeverWrite
2026-09-18T15:30:08.0581404Z --- PASS: TestProposalChecksNeverWrite (0.05s)
2026-09-18T15:30:08.0582389Z === RUN   TestEveryTransactionEntryRemainsClosed
2026-09-18T15:30:08.0583470Z --- PASS: TestEveryTransactionEntryRemainsClosed (0.01s)
2026-09-18T15:30:08.0584216Z === RUN   TestRepeatedFinalizeCopiesAndBindsHash
2026-09-18T15:30:08.0584954Z --- PASS: TestRepeatedFinalizeCopiesAndBindsHash (0.05s)
2026-09-18T15:30:08.0585689Z === RUN   TestQueryOnlyCommittedStateAndNoProofClaims
2026-09-18T15:30:08.0586485Z --- PASS: TestQueryOnlyCommittedStateAndNoProofClaims (0.01s)
2026-09-18T15:30:08.0588112Z === RUN   TestSnapshotsAndExtensionsFailClosed
2026-09-18T15:30:08.0589131Z --- PASS: TestSnapshotsAndExtensionsFailClosed (0.03s)
2026-09-18T15:30:08.0590023Z === RUN   TestConcurrentInfoAndFinalize
2026-09-18T15:30:08.0590712Z --- PASS: TestConcurrentInfoAndFinalize (0.10s)
2026-09-18T15:30:08.0591661Z === RUN   TestClosedApplicationFails
2026-09-18T15:30:08.0592282Z --- PASS: TestClosedApplicationFails (0.01s)
2026-09-18T15:30:08.0592860Z PASS
2026-09-18T15:30:08.0593461Z ok  	github.com/youq616/Zevune/integration/cometbft/app	1.311s
2026-09-18T15:30:08.0594585Z ?   	github.com/youq616/Zevune/integration/cometbft/cmd/zevune-devnet	[no test files]
2026-09-18T15:30:09.7207418Z === RUN   TestMalformedCommandsNeverCreateOrOverwrite
2026-09-18T15:30:09.7208372Z --- PASS: TestMalformedCommandsNeverCreateOrOverwrite (0.00s)
2026-09-18T15:30:09.7209480Z === RUN   TestBoundedPublicTransactionFiles
2026-09-18T15:30:09.7210162Z --- PASS: TestBoundedPublicTransactionFiles (0.02s)
2026-09-18T15:30:09.7210910Z === RUN   TestStorageCommandRejectsNetworkAndMutationFlags
2026-09-18T15:30:09.7211821Z --- PASS: TestStorageCommandRejectsNetworkAndMutationFlags (0.00s)
2026-09-18T15:30:09.7212952Z === RUN   TestSyncSubmitRejectInvalidCheckpointBeforeOtherInput
2026-09-18T15:30:09.7213916Z --- PASS: TestSyncSubmitRejectInvalidCheckpointBeforeOtherInput (0.00s)
2026-09-18T15:30:09.7214705Z === RUN   TestStorageCheckpointFlagPair
2026-09-18T15:30:09.7215398Z --- PASS: TestStorageCheckpointFlagPair (0.00s)
2026-09-18T15:30:09.7216111Z === RUN   TestCheckpointSyntaxDoesNotSelectAStorageProfile
2026-09-18T15:30:09.7216943Z --- PASS: TestCheckpointSyntaxDoesNotSelectAStorageProfile (0.00s)
2026-09-18T15:30:09.7217924Z === RUN   TestStorageCheckpointCLIRejectsPartialDuplicateAndWrongCommands
2026-09-18T15:30:09.7219052Z --- PASS: TestStorageCheckpointCLIRejectsPartialDuplicateAndWrongCommands (0.00s)
2026-09-18T15:30:09.7221205Z === RUN   TestExplicitEmptyStorageCheckpointDoesNotDisableCheck
2026-09-18T15:30:09.7222122Z --- PASS: TestExplicitEmptyStorageCheckpointDoesNotDisableCheck (0.00s)
2026-09-18T15:30:09.7223095Z === RUN   TestStorageCopyRequiresExplicitCheckpointAndOfflinePaths
2026-09-18T15:30:09.7224077Z --- PASS: TestStorageCopyRequiresExplicitCheckpointAndOfflinePaths (0.00s)
2026-09-18T15:30:09.7224824Z PASS
2026-09-18T15:30:09.7225458Z ok  	github.com/youq616/Zevune/integration/cometbft/cmd/zevune-network	0.077s
2026-09-18T15:31:00.7583892Z === RUN   TestNodeProcessHelper
2026-09-18T15:31:00.7584730Z --- PASS: TestNodeProcessHelper (0.00s)
2026-09-18T15:31:00.7585440Z === RUN   TestFourProcessConsensusAndRecovery
2026-09-18T15:31:00.7590049Z     devnet_test.go:214: four processes verified common height=4; equal block/app hashes; >2/3 signatures verified
2026-09-18T15:31:00.7591321Z     devnet_test.go:221: payment admission rejected by real CometBFT RPC/mempool path
2026-09-18T15:31:00.7592258Z     devnet_test.go:225: one validator offline: remaining 3/4 continued committing
2026-09-18T15:31:00.7592983Z     devnet_test.go:233: two validators offline: height remained 7 over observation window
2026-09-18T15:31:00.7593762Z     devnet_test.go:239: restored quorum and lagging validator catch-up succeeded
2026-09-18T15:31:00.7594514Z     devnet_test.go:245: abrupt process termination recovered without resetting validator state
2026-09-18T15:31:00.7595389Z     devnet_test.go:256: full four-process restart resumed from durable application/consensus state
2026-09-18T15:31:00.7596297Z --- PASS: TestFourProcessConsensusAndRecovery (41.79s)
2026-09-18T15:31:00.7596770Z === RUN   TestInitAndManifestFailClosed
2026-09-18T15:31:00.7597257Z --- PASS: TestInitAndManifestFailClosed (0.17s)
2026-09-18T15:31:00.7597704Z === RUN   TestFullRestartAdvancesBeyondDurableHeight
2026-09-18T15:31:00.7598355Z     restart_test.go:53: restart advanced every node beyond highest recovered height 3 to at least 6
2026-09-18T15:31:00.7598975Z --- PASS: TestFullRestartAdvancesBeyondDurableHeight (8.98s)
2026-09-18T15:31:00.7599509Z === RUN   TestMissingSigningStateIsNotRecreated
2026-09-18T15:31:00.7599973Z --- PASS: TestMissingSigningStateIsNotRecreated (0.14s)
2026-09-18T15:31:00.7600357Z PASS
2026-09-18T15:31:00.7600737Z ok  	github.com/youq616/Zevune/integration/cometbft/devnet	51.123s
2026-09-18T15:31:00.7601469Z === RUN   TestQuorumAndAllHeaderBindings
2026-09-18T15:31:00.7601929Z === RUN   TestQuorumAndAllHeaderBindings/validators
2026-09-18T15:31:00.7602556Z === RUN   TestQuorumAndAllHeaderBindings/next-validators
2026-09-18T15:31:00.7602990Z === RUN   TestQuorumAndAllHeaderBindings/future
2026-09-18T15:31:00.7603455Z === RUN   TestQuorumAndAllHeaderBindings/height
2026-09-18T15:31:00.7603862Z === RUN   TestQuorumAndAllHeaderBindings/chain
2026-09-18T15:31:00.7604272Z === RUN   TestQuorumAndAllHeaderBindings/version
2026-09-18T15:31:00.7604760Z === RUN   TestQuorumAndAllHeaderBindings/parameters
2026-09-18T15:31:00.7605180Z === RUN   TestQuorumAndAllHeaderBindings/state-length
2026-09-18T15:31:00.7605638Z === RUN   TestQuorumAndAllHeaderBindings/pre-genesis
2026-09-18T15:31:00.7606062Z --- PASS: TestQuorumAndAllHeaderBindings (0.00s)
2026-09-18T15:31:00.7606613Z     --- PASS: TestQuorumAndAllHeaderBindings/validators (0.00s)
2026-09-18T15:31:00.7607173Z     --- PASS: TestQuorumAndAllHeaderBindings/next-validators (0.00s)
2026-09-18T15:31:00.7607736Z     --- PASS: TestQuorumAndAllHeaderBindings/future (0.00s)
2026-09-18T15:31:00.7608600Z     --- PASS: TestQuorumAndAllHeaderBindings/height (0.00s)
2026-09-18T15:31:00.7609095Z     --- PASS: TestQuorumAndAllHeaderBindings/chain (0.00s)
2026-09-18T15:31:00.7609640Z     --- PASS: TestQuorumAndAllHeaderBindings/version (0.00s)
2026-09-18T15:31:00.7610156Z     --- PASS: TestQuorumAndAllHeaderBindings/parameters (0.00s)
2026-09-18T15:31:00.7610674Z     --- PASS: TestQuorumAndAllHeaderBindings/state-length (0.00s)
2026-09-18T15:31:00.7611469Z     --- PASS: TestQuorumAndAllHeaderBindings/pre-genesis (0.00s)
2026-09-18T15:31:00.7611987Z === RUN   TestPinnedPublicConfigurationAndCompanionFiles
2026-09-18T15:31:00.7612521Z --- PASS: TestPinnedPublicConfigurationAndCompanionFiles (0.14s)
2026-09-18T15:31:00.7612993Z === RUN   TestCanonicalDecodingAndFileBounds
2026-09-18T15:31:00.7613530Z --- PASS: TestCanonicalDecodingAndFileBounds (0.03s)
2026-09-18T15:31:00.7614144Z === RUN   TestLoopbackEndpointAndStreamingLimits
2026-09-18T15:31:00.7614581Z --- PASS: TestLoopbackEndpointAndStreamingLimits (0.00s)
2026-09-18T15:31:00.7615065Z === RUN   TestRPCRejectsRedirectCompressionAndOversize
2026-09-18T15:31:00.7615596Z === RUN   TestRPCRejectsRedirectCompressionAndOversize/redirect
2026-09-18T15:31:00.7616754Z === RUN   TestRPCRejectsRedirectCompressionAndOversize/encoding
2026-09-18T15:31:00.7617282Z === RUN   TestRPCRejectsRedirectCompressionAndOversize/length
2026-09-18T15:31:00.7617765Z === RUN   TestRPCRejectsRedirectCompressionAndOversize/stream
2026-09-18T15:31:00.7618356Z --- PASS: TestRPCRejectsRedirectCompressionAndOversize (0.01s)
2026-09-18T15:31:00.7618967Z     --- PASS: TestRPCRejectsRedirectCompressionAndOversize/redirect (0.00s)
2026-09-18T15:31:00.7619854Z     --- PASS: TestRPCRejectsRedirectCompressionAndOversize/encoding (0.00s)
2026-09-18T15:31:00.7620473Z     --- PASS: TestRPCRejectsRedirectCompressionAndOversize/length (0.00s)
2026-09-18T15:31:00.7621116Z     --- PASS: TestRPCRejectsRedirectCompressionAndOversize/stream (0.01s)
2026-09-18T15:31:00.7621900Z === RUN   TestMalformedGenesisInitDoesNotCreatePrivateDirectory
2026-09-18T15:31:00.7622758Z --- PASS: TestMalformedGenesisInitDoesNotCreatePrivateDirectory (0.00s)
2026-09-18T15:31:00.7623321Z === RUN   TestUnexpectedEngineExitIsNotSuccessfulShutdown
2026-09-18T15:31:00.7623876Z --- PASS: TestUnexpectedEngineExitIsNotSuccessfulShutdown (0.00s)
2026-09-18T15:31:00.7624364Z === RUN   TestRequestedShutdownDoesNotNeedEngineExit
2026-09-18T15:31:00.7624928Z --- PASS: TestRequestedShutdownDoesNotNeedEngineExit (0.00s)
2026-09-18T15:31:00.7625825Z === RUN   TestConcurrentCancellationAndEngineExitRemainRequested
2026-09-18T15:31:00.7626425Z --- PASS: TestConcurrentCancellationAndEngineExitRemainRequested (0.00s)
2026-09-18T15:31:00.7626948Z === RUN   TestEngineExitReleasesWaitingSupervisor
2026-09-18T15:31:00.7627484Z --- PASS: TestEngineExitReleasesWaitingSupervisor (0.00s)
2026-09-18T15:31:00.7627927Z === RUN   TestLifecycleRejectsMissingContext
2026-09-18T15:31:00.7628331Z --- PASS: TestLifecycleRejectsMissingContext (0.00s)
2026-09-18T15:31:00.7628883Z === RUN   TestPinnedNetworkProfileCannotChangeConfigurationOrAppVersion
2026-09-18T15:31:00.7629585Z === RUN   TestPinnedNetworkProfileCannotChangeConfigurationOrAppVersion/ZVTGEN01/1/2
2026-09-18T15:31:00.7630272Z === RUN   TestPinnedNetworkProfileCannotChangeConfigurationOrAppVersion/ZVTGEN01/1/3
2026-09-18T15:31:00.7631001Z === RUN   TestPinnedNetworkProfileCannotChangeConfigurationOrAppVersion/ZVTGEN01/2/2
2026-09-18T15:31:00.7631864Z === RUN   TestPinnedNetworkProfileCannotChangeConfigurationOrAppVersion/ZVTGEN01/2/3
2026-09-18T15:31:00.7632564Z === RUN   TestPinnedNetworkProfileCannotChangeConfigurationOrAppVersion/ZVTGEN02/1/2
2026-09-18T15:31:00.7633244Z === RUN   TestPinnedNetworkProfileCannotChangeConfigurationOrAppVersion/ZVTGEN02/1/3
2026-09-18T15:31:00.7633934Z === RUN   TestPinnedNetworkProfileCannotChangeConfigurationOrAppVersion/ZVTGEN02/2/2
2026-09-18T15:31:00.7634658Z === RUN   TestPinnedNetworkProfileCannotChangeConfigurationOrAppVersion/ZVTGEN02/2/3
2026-09-18T15:31:00.7635335Z === RUN   TestPinnedNetworkProfileCannotChangeConfigurationOrAppVersion/ZVTGEN03/1/2
2026-09-18T15:31:00.7636029Z === RUN   TestPinnedNetworkProfileCannotChangeConfigurationOrAppVersion/ZVTGEN03/1/3
2026-09-18T15:31:00.7636977Z === RUN   TestPinnedNetworkProfileCannotChangeConfigurationOrAppVersion/ZVTGEN03/2/2
2026-09-18T15:31:00.7637687Z === RUN   TestPinnedNetworkProfileCannotChangeConfigurationOrAppVersion/ZVTGEN03/2/3
2026-09-18T15:31:00.7638533Z --- PASS: TestPinnedNetworkProfileCannotChangeConfigurationOrAppVersion (0.66s)
2026-09-18T15:31:00.7639386Z     --- PASS: TestPinnedNetworkProfileCannotChangeConfigurationOrAppVersion/ZVTGEN01/1/2 (0.20s)
2026-09-18T15:31:00.7640274Z     --- PASS: TestPinnedNetworkProfileCannotChangeConfigurationOrAppVersion/ZVTGEN01/1/3 (0.15s)
2026-09-18T15:31:00.7641084Z     --- PASS: TestPinnedNetworkProfileCannotChangeConfigurationOrAppVersion/ZVTGEN01/2/2 (0.03s)
2026-09-18T15:31:00.7641929Z     --- PASS: TestPinnedNetworkProfileCannotChangeConfigurationOrAppVersion/ZVTGEN01/2/3 (0.06s)
2026-09-18T15:31:00.7643110Z     --- PASS: TestPinnedNetworkProfileCannotChangeConfigurationOrAppVersion/ZVTGEN02/1/2 (0.03s)
2026-09-18T15:31:00.7644041Z     --- PASS: TestPinnedNetworkProfileCannotChangeConfigurationOrAppVersion/ZVTGEN02/1/3 (0.02s)
2026-09-18T15:31:00.7644842Z     --- PASS: TestPinnedNetworkProfileCannotChangeConfigurationOrAppVersion/ZVTGEN02/2/2 (0.03s)
2026-09-18T15:31:00.7645689Z     --- PASS: TestPinnedNetworkProfileCannotChangeConfigurationOrAppVersion/ZVTGEN02/2/3 (0.03s)
2026-09-18T15:31:00.7646683Z     --- PASS: TestPinnedNetworkProfileCannotChangeConfigurationOrAppVersion/ZVTGEN03/1/2 (0.03s)
2026-09-18T15:31:00.7647496Z     --- PASS: TestPinnedNetworkProfileCannotChangeConfigurationOrAppVersion/ZVTGEN03/1/3 (0.02s)
2026-09-18T15:31:00.7648412Z     --- PASS: TestPinnedNetworkProfileCannotChangeConfigurationOrAppVersion/ZVTGEN03/2/2 (0.03s)
2026-09-18T15:31:00.7649291Z     --- PASS: TestPinnedNetworkProfileCannotChangeConfigurationOrAppVersion/ZVTGEN03/2/3 (0.03s)
2026-09-18T15:31:00.7649949Z === RUN   TestSignedHeadersUseAuthenticatedProfileHeightAndVersion
2026-09-18T15:31:00.7650567Z --- PASS: TestSignedHeadersUseAuthenticatedProfileHeightAndVersion (0.00s)
2026-09-18T15:31:00.7651178Z === RUN   TestActiveCheckpointUsesPinnedNetworkAndRetainsLegacyBounds
2026-09-18T15:31:00.7651954Z --- PASS: TestActiveCheckpointUsesPinnedNetworkAndRetainsLegacyBounds (0.06s)
2026-09-18T15:31:00.7652567Z === RUN   TestActiveCapacityReportsLogicalBytesAndExactCheckpoint
2026-09-18T15:31:00.7653141Z --- PASS: TestActiveCapacityReportsLogicalBytesAndExactCheckpoint (0.00s)
2026-09-18T15:31:00.7653859Z === RUN   TestActiveStorageCopyRefusesBeforeReadingOrCreatingAnyPath
2026-09-18T15:31:00.7654550Z --- PASS: TestActiveStorageCopyRefusesBeforeReadingOrCreatingAnyPath (0.00s)
2026-09-18T15:31:00.7655156Z === RUN   TestReferenceCheckpointRequestBoundsBeforeAccess
2026-09-18T15:31:00.7655680Z --- PASS: TestReferenceCheckpointRequestBoundsBeforeAccess (0.00s)
2026-09-18T15:31:00.7656257Z === RUN   TestReferenceCheckpointMissingContextAndNetwork
2026-09-18T15:31:00.7656775Z --- PASS: TestReferenceCheckpointMissingContextAndNetwork (0.00s)
2026-09-18T15:31:00.7657267Z === RUN   TestUnpinnedResultsNeverClaimRetainedCheckpoint
2026-09-18T15:31:00.7657845Z --- PASS: TestUnpinnedResultsNeverClaimRetainedCheckpoint (0.00s)
2026-09-18T15:31:00.7658331Z === RUN   TestStorageCheckpointCanonicalInputs
2026-09-18T15:31:00.7658785Z --- PASS: TestStorageCheckpointCanonicalInputs (0.00s)
2026-09-18T15:31:00.7659291Z === RUN   TestStorageCheckpointExactTipNotMinimumHeightOrFinality
2026-09-18T15:31:00.7660153Z --- PASS: TestStorageCheckpointExactTipNotMinimumHeightOrFinality (0.00s)
2026-09-18T15:31:00.7660733Z === RUN   TestInvalidStorageCheckpointFailsBeforeFileAccess
2026-09-18T15:31:00.7661269Z --- PASS: TestInvalidStorageCheckpointFailsBeforeFileAccess (0.00s)
2026-09-18T15:31:00.7661803Z === RUN   TestBoundedCopyRejectsShortLongAndCancelledInput
2026-09-18T15:31:00.7662450Z --- PASS: TestBoundedCopyRejectsShortLongAndCancelledInput (0.00s)
2026-09-18T15:31:00.7663033Z === RUN   TestCopyIOFailureAndMidstreamCancelNeverYieldDigest
2026-09-18T15:31:00.7663587Z --- PASS: TestCopyIOFailureAndMidstreamCancelNeverYieldDigest (0.00s)
2026-09-18T15:31:00.7664142Z === RUN   TestCopyPathsAndPublicEntryRejectBeforeWorker
2026-09-18T15:31:00.7664664Z --- PASS: TestCopyPathsAndPublicEntryRejectBeforeWorker (0.00s)
2026-09-18T15:31:00.7665453Z === RUN   TestPublishCopyIsCreateOnlyAndDoesNotLinkSource
2026-09-18T15:31:00.7665953Z --- PASS: TestPublishCopyIsCreateOnlyAndDoesNotLinkSource (0.01s)
2026-09-18T15:31:00.7666744Z === RUN   TestPublicationFailureAfterLinkIsExplicitlyUncertain
2026-09-18T15:31:00.7667294Z --- PASS: TestPublicationFailureAfterLinkIsExplicitlyUncertain (0.00s)
2026-09-18T15:31:00.7667904Z === RUN   TestPublicationCancellationAndExistingSymlinkDoNotOverwrite
2026-09-18T15:31:00.7668522Z --- PASS: TestPublicationCancellationAndExistingSymlinkDoNotOverwrite (0.00s)
2026-09-18T15:31:00.7669123Z === RUN   TestCopyReportDoesNotClaimConsensusOrFunds
2026-09-18T15:31:00.7669707Z --- PASS: TestCopyReportDoesNotClaimConsensusOrFunds (0.00s)
2026-09-18T15:31:00.7670175Z === RUN   TestJournalDigestDetectsChangedAndReplacedFile
2026-09-18T15:31:00.7670815Z --- PASS: TestJournalDigestDetectsChangedAndReplacedFile (0.00s)
2026-09-18T15:31:00.7671546Z === RUN   TestCancelAfterPublishRetainsCompleteCopyWithUncertainResult
2026-09-18T15:31:00.7672174Z --- PASS: TestCancelAfterPublishRetainsCompleteCopyWithUncertainResult (0.00s)
2026-09-18T15:31:00.7672747Z === RUN   TestStorageReportBoundariesAndNoFinalityClaims
2026-09-18T15:31:00.7673273Z === RUN   TestStorageReportBoundariesAndNoFinalityClaims/normal
2026-09-18T15:31:00.7673824Z === RUN   TestStorageReportBoundariesAndNoFinalityClaims/exact-empty
2026-09-18T15:31:00.7674363Z === RUN   TestStorageReportBoundariesAndNoFinalityClaims/one-short
2026-09-18T15:31:00.7674903Z === RUN   TestStorageReportBoundariesAndNoFinalityClaims/byte-limit
2026-09-18T15:31:00.7675488Z === RUN   TestStorageReportBoundariesAndNoFinalityClaims/record-limit
2026-09-18T15:31:00.7676057Z === RUN   TestStorageReportBoundariesAndNoFinalityClaims/record-warning
2026-09-18T15:31:00.7676928Z === RUN   TestStorageReportBoundariesAndNoFinalityClaims/record-before-warning
2026-09-18T15:31:00.7677585Z === RUN   TestStorageReportBoundariesAndNoFinalityClaims/one-output-slot
2026-09-18T15:31:00.7678249Z === RUN   TestStorageReportBoundariesAndNoFinalityClaims/two-output-slots
2026-09-18T15:31:00.7678824Z --- PASS: TestStorageReportBoundariesAndNoFinalityClaims (0.00s)
2026-09-18T15:31:00.7679427Z     --- PASS: TestStorageReportBoundariesAndNoFinalityClaims/normal (0.00s)
2026-09-18T15:31:00.7680147Z     --- PASS: TestStorageReportBoundariesAndNoFinalityClaims/exact-empty (0.00s)
2026-09-18T15:31:00.7680798Z     --- PASS: TestStorageReportBoundariesAndNoFinalityClaims/one-short (0.00s)
2026-09-18T15:31:00.7681477Z     --- PASS: TestStorageReportBoundariesAndNoFinalityClaims/byte-limit (0.00s)
2026-09-18T15:31:00.7682277Z     --- PASS: TestStorageReportBoundariesAndNoFinalityClaims/record-limit (0.00s)
2026-09-18T15:31:00.7683184Z     --- PASS: TestStorageReportBoundariesAndNoFinalityClaims/record-warning (0.00s)
2026-09-18T15:31:00.7683921Z     --- PASS: TestStorageReportBoundariesAndNoFinalityClaims/record-before-warning (0.00s)
2026-09-18T15:31:00.7684654Z     --- PASS: TestStorageReportBoundariesAndNoFinalityClaims/one-output-slot (0.00s)
2026-09-18T15:31:00.7685443Z     --- PASS: TestStorageReportBoundariesAndNoFinalityClaims/two-output-slots (0.00s)
2026-09-18T15:31:00.7686009Z === RUN   TestStorageReportRejectsContradictoryCounts
2026-09-18T15:31:00.7686507Z --- PASS: TestStorageReportRejectsContradictoryCounts (0.00s)
2026-09-18T15:31:00.7687295Z === RUN   TestJournalMetadataIsReadOnlyAndDetectsOrdinaryChanges
2026-09-18T15:31:00.7687979Z --- PASS: TestJournalMetadataIsReadOnlyAndDetectsOrdinaryChanges (0.00s)
2026-09-18T15:31:00.7688631Z === RUN   TestStorageMissingInvalidPathsNeverCreateData
2026-09-18T15:31:00.7689149Z --- PASS: TestStorageMissingInvalidPathsNeverCreateData (0.00s)
2026-09-18T15:31:00.7689696Z === RUN   FuzzCanonicalPublicConfiguration
2026-09-18T15:31:00.7690164Z === RUN   FuzzCanonicalPublicConfiguration/seed#0
2026-09-18T15:31:00.7690592Z === RUN   FuzzCanonicalPublicConfiguration/seed#1
2026-09-18T15:31:00.7691790Z --- PASS: FuzzCanonicalPublicConfiguration (0.00s)
2026-09-18T15:31:00.7692346Z     --- PASS: FuzzCanonicalPublicConfiguration/seed#0 (0.00s)
2026-09-18T15:31:00.7692908Z     --- PASS: FuzzCanonicalPublicConfiguration/seed#1 (0.00s)
2026-09-18T15:31:00.7693369Z === RUN   FuzzNumericLoopbackEndpoint
2026-09-18T15:31:00.7693924Z === RUN   FuzzNumericLoopbackEndpoint/seed#0
2026-09-18T15:31:00.7694400Z === RUN   FuzzNumericLoopbackEndpoint/seed#1
2026-09-18T15:31:00.7694790Z --- PASS: FuzzNumericLoopbackEndpoint (0.00s)
2026-09-18T15:31:00.7695276Z     --- PASS: FuzzNumericLoopbackEndpoint/seed#0 (0.00s)
2026-09-18T15:31:00.7695798Z     --- PASS: FuzzNumericLoopbackEndpoint/seed#1 (0.00s)
2026-09-18T15:31:00.7696209Z === RUN   FuzzStorageCheckpointInputs
2026-09-18T15:31:00.7697025Z === RUN   FuzzStorageCheckpointInputs/seed#0
2026-09-18T15:31:00.7697410Z === RUN   FuzzStorageCheckpointInputs/seed#1
2026-09-18T15:31:00.7697905Z === RUN   FuzzStorageCheckpointInputs/seed#2
2026-09-18T15:31:00.7698309Z --- PASS: FuzzStorageCheckpointInputs (0.00s)
2026-09-18T15:31:00.7698783Z     --- PASS: FuzzStorageCheckpointInputs/seed#0 (0.00s)
2026-09-18T15:31:00.7699288Z     --- PASS: FuzzStorageCheckpointInputs/seed#1 (0.00s)
2026-09-18T15:31:00.7700017Z     --- PASS: FuzzStorageCheckpointInputs/seed#2 (0.00s)
2026-09-18T15:31:00.7700440Z === RUN   FuzzStorageAccounting
2026-09-18T15:31:00.7700794Z === RUN   FuzzStorageAccounting/seed#0
2026-09-18T15:31:00.7701167Z === RUN   FuzzStorageAccounting/seed#1
2026-09-18T15:31:00.7701577Z --- PASS: FuzzStorageAccounting (0.00s)
2026-09-18T15:31:00.7701990Z     --- PASS: FuzzStorageAccounting/seed#0 (0.00s)
2026-09-18T15:31:00.7702447Z     --- PASS: FuzzStorageAccounting/seed#1 (0.00s)
2026-09-18T15:31:00.7703007Z PASS
2026-09-18T15:31:00.7703437Z ok  	github.com/youq616/Zevune/integration/cometbft/labnet	0.983s
2026-09-18T15:31:00.7703935Z === RUN   TestGenesisBindingRejectsAmbiguityAndMismatch
2026-09-18T15:31:00.7704576Z --- PASS: TestGenesisBindingRejectsAmbiguityAndMismatch (0.00s)
2026-09-18T15:31:00.7705080Z PASS
2026-09-18T15:31:00.7705537Z ok  	github.com/youq616/Zevune/integration/cometbft/poolapp	0.042s
2026-09-18T15:31:01.1526245Z ##[group]Run go vet -mod=readonly ./...
2026-09-18T15:31:01.1526744Z [36;1mgo vet -mod=readonly ./...[0m
2026-09-18T15:31:01.1538275Z shell: C:\Program Files\Git\bin\bash.EXE --noprofile --norc -e -o pipefail {0}
2026-09-18T15:31:01.1538722Z env:
2026-09-18T15:31:01.1539046Z   GOTOOLCHAIN: local
2026-09-18T15:31:01.1539401Z ##[endgroup]
2026-09-18T15:31:12.3758412Z ##[group]Run go build -mod=readonly ./cmd/zevune-devnet
2026-09-18T15:31:12.3759030Z [36;1mgo build -mod=readonly ./cmd/zevune-devnet[0m
2026-09-18T15:31:12.3771949Z shell: C:\Program Files\Git\bin\bash.EXE --noprofile --norc -e -o pipefail {0}
2026-09-18T15:31:12.3772458Z env:
2026-09-18T15:31:12.3772811Z   GOTOOLCHAIN: local
2026-09-18T15:31:12.3773109Z ##[endgroup]
2026-09-18T15:31:15.8223712Z ##[group]Run git diff --exit-code
2026-09-18T15:31:15.8224250Z [36;1mgit diff --exit-code[0m
2026-09-18T15:31:15.8237176Z shell: C:\Program Files\Git\bin\bash.EXE --noprofile --norc -e -o pipefail {0}
2026-09-18T15:31:15.8237736Z env:
2026-09-18T15:31:15.8238025Z   GOTOOLCHAIN: local
2026-09-18T15:31:15.8238370Z ##[endgroup]
2026-09-18T15:31:15.9432506Z Node 20 is being deprecated. This workflow is running with Node 24 by default. If you need to temporarily use Node 20, you can set the ACTIONS_ALLOW_USE_UNSECURE_NODE_VERSION=true environment variable. For more information see: https://github.blog/changelog/2025-09-19-deprecation-of-node-20-on-github-actions-runners/
2026-09-18T15:31:15.9433887Z Post job cleanup.
2026-09-18T15:31:16.1060762Z (node:4184) [DEP0040] DeprecationWarning: The `punycode` module is deprecated. Please use a userland alternative instead.
2026-09-18T15:31:16.1061576Z (Use `node --trace-deprecation ...` to show where the warning was created)
2026-09-18T15:31:16.1816494Z [command]C:\hostedtoolcache\windows\go\1.27.1\x64\bin\go.exe env GOCACHE
2026-09-18T15:31:16.1894441Z [command]C:\hostedtoolcache\windows\go\1.27.1\x64\bin\go.exe env GOMODCACHE
2026-09-18T15:31:16.2174697Z C:\Users\runneradmin\AppData\Local\go-build
2026-09-18T15:31:16.2221845Z C:\Users\runneradmin\go\pkg\mod
2026-09-18T15:31:16.2252900Z Cache hit occurred on the primary key setup-go-Windows-x64-go-1.27.1-ef6b0fbca0a8d0b6206b16c85f11c4a6c772908ae2660ca86a6b7ee95979c938, not saving cache.
2026-09-18T15:31:16.2643022Z Post job cleanup.
2026-09-18T15:31:16.4492803Z [command]"C:\Program Files\Git\bin\git.exe" version
2026-09-18T15:31:16.4849024Z git version 2.55.0.windows.5
2026-09-18T15:31:16.4940531Z Temporarily overriding HOME='D:\a\_temp\f4f48fd6-a15f-40b7-b327-e29381495cf0' before making global git config changes
2026-09-18T15:31:16.4941789Z Adding repository directory to the temporary git global config as a safe directory
2026-09-18T15:31:16.4953763Z [command]"C:\Program Files\Git\bin\git.exe" config --global --add safe.directory D:\a\Zevune\Zevune
2026-09-18T15:31:16.5319247Z [command]"C:\Program Files\Git\bin\git.exe" config --local --name-only --get-regexp core\.sshCommand
2026-09-18T15:31:16.5661053Z [command]"C:\Program Files\Git\bin\git.exe" submodule foreach --recursive "sh -c \"git config --local --name-only --get-regexp 'core\.sshCommand' && git config --local --unset-all 'core.sshCommand' || :\""
2026-09-18T15:31:17.1502352Z [command]"C:\Program Files\Git\bin\git.exe" config --local --name-only --get-regexp http\.https\:\/\/github\.com\/\.extraheader
2026-09-18T15:31:17.1817196Z [command]"C:\Program Files\Git\bin\git.exe" submodule foreach --recursive "sh -c \"git config --local --name-only --get-regexp 'http\.https\:\/\/github\.com\/\.extraheader' && git config --local --unset-all 'http.https://github.com/.extraheader' || :\""
2026-09-18T15:31:17.7805009Z Cleaning up orphan processes
2026-09-18T15:31:17.8268963Z ##[warning]Node.js 20 is deprecated. The following actions target Node.js 20 but are being forced to run on Node.js 24: actions/setup-go@44694675825211faa026b3c33043df3e48a5fa00. For more information see: https://github.blog/changelog/2025-09-19-deprecation-of-node-20-on-github-actions-runners/
