2026-09-18T15:28:57.6951467Z Current runner version: '2.337.0'
2026-09-18T15:28:57.6976124Z ##[group]Runner Image Provisioner
2026-09-18T15:28:57.6977041Z Hosted Compute Agent
2026-09-18T15:28:57.6977720Z Version: 20260828.587
2026-09-18T15:28:57.6978392Z Commit: abac92662cab4cc7352de4f9f9d2e2419aad9c29
2026-09-18T15:28:57.6979208Z Build Date: 2026-08-28T16:44:25Z
2026-09-18T15:28:57.6979942Z Worker ID: {b47187a5-3510-488d-b8f5-cc06f328a716}
2026-09-18T15:28:57.6980962Z Azure Region: westcentralus
2026-09-18T15:28:57.6981658Z ##[endgroup]
2026-09-18T15:28:57.6982975Z ##[group]Operating System
2026-09-18T15:28:57.6983697Z Ubuntu
2026-09-18T15:28:57.6984253Z 24.04.5
2026-09-18T15:28:57.6984780Z LTS
2026-09-18T15:28:57.6985432Z ##[endgroup]
2026-09-18T15:28:57.6986008Z ##[group]Runner Image
2026-09-18T15:28:57.6986661Z Image: ubuntu-24.04
2026-09-18T15:28:57.6987277Z Version: 20260907.300.1
2026-09-18T15:28:57.6988661Z Included Software: https://github.com/actions/runner-images/blob/ubuntu24/20260907.300/images/ubuntu/Ubuntu2404-Readme.md
2026-09-18T15:28:57.6990461Z Image Release: https://github.com/actions/runner-images/releases/tag/ubuntu24%2F20260907.300
2026-09-18T15:28:57.6991515Z ##[endgroup]
2026-09-18T15:28:57.6992696Z ##[group]GITHUB_TOKEN Permissions
2026-09-18T15:28:57.6994666Z Contents: read
2026-09-18T15:28:57.6995350Z Metadata: read
2026-09-18T15:28:57.6995908Z ##[endgroup]
2026-09-18T15:28:57.6998005Z Secret source: Actions
2026-09-18T15:28:57.6998949Z Cache mode: write
2026-09-18T15:28:57.6999762Z Prepare workflow directory
2026-09-18T15:28:57.7447664Z Prepare all required actions
2026-09-18T15:28:57.7495035Z Getting action download info
2026-09-18T15:28:58.0319393Z Download action repository 'actions/checkout@08c6903cd8c0fde910a37f88322edcfb5dd907a8' (SHA:08c6903cd8c0fde910a37f88322edcfb5dd907a8)
2026-09-18T15:28:58.2484952Z Complete job name: funded-library (ubuntu-latest)
2026-09-18T15:28:58.3239635Z ##[group]Run actions/checkout@08c6903cd8c0fde910a37f88322edcfb5dd907a8
2026-09-18T15:28:58.3240923Z with:
2026-09-18T15:28:58.3241405Z   persist-credentials: false
2026-09-18T15:28:58.3241939Z   repository: youq616/Zevune
2026-09-18T15:28:58.3245646Z   token: ***
2026-09-18T15:28:58.3246098Z   ssh-strict: true
2026-09-18T15:28:58.3246563Z   ssh-user: git
2026-09-18T15:28:58.3247005Z   clean: true
2026-09-18T15:28:58.3247462Z   sparse-checkout-cone-mode: true
2026-09-18T15:28:58.3247999Z   fetch-depth: 1
2026-09-18T15:28:58.3248448Z   fetch-tags: false
2026-09-18T15:28:58.3248905Z   show-progress: true
2026-09-18T15:28:58.3249369Z   lfs: false
2026-09-18T15:28:58.3249786Z   submodules: false
2026-09-18T15:28:58.3250422Z   set-safe-directory: true
2026-09-18T15:28:58.3251090Z env:
2026-09-18T15:28:58.3251500Z   RAYON_NUM_THREADS: 2
2026-09-18T15:28:58.3251966Z   CARGO_BUILD_JOBS: 2
2026-09-18T15:28:58.3252420Z ##[endgroup]
2026-09-18T15:28:58.4395301Z Syncing repository: youq616/Zevune
2026-09-18T15:28:58.4398245Z ##[group]Getting Git version info
2026-09-18T15:28:58.4399271Z Working directory is '/home/runner/work/Zevune/Zevune'
2026-09-18T15:28:58.4400857Z [command]/usr/bin/git version
2026-09-18T15:28:58.4402602Z git version 2.55.0
2026-09-18T15:28:58.4427679Z ##[endgroup]
2026-09-18T15:28:58.4449460Z Temporarily overriding HOME='/home/runner/work/_temp/99c83cf3-c8ff-4f98-9ef6-66763c01b4f8' before making global git config changes
2026-09-18T15:28:58.4452291Z Adding repository directory to the temporary git global config as a safe directory
2026-09-18T15:28:58.4463475Z [command]/usr/bin/git config --global --add safe.directory /home/runner/work/Zevune/Zevune
2026-09-18T15:28:58.4531256Z Deleting the contents of '/home/runner/work/Zevune/Zevune'
2026-09-18T15:28:58.4533108Z ##[group]Initializing the repository
2026-09-18T15:28:58.4541240Z [command]/usr/bin/git init /home/runner/work/Zevune/Zevune
2026-09-18T15:28:58.4652833Z hint: Using 'master' as the name for the initial branch. This default branch name
2026-09-18T15:28:58.4654712Z hint: will change to "main" in Git 3.0. To configure the initial branch name
2026-09-18T15:28:58.4657823Z hint: to use in all of your new repositories, which will suppress this warning,
2026-09-18T15:28:58.4658596Z hint: call:
2026-09-18T15:28:58.4659010Z hint:
2026-09-18T15:28:58.4659559Z hint: 	git config --global init.defaultBranch <name>
2026-09-18T15:28:58.4660492Z hint:
2026-09-18T15:28:58.4661385Z hint: Names commonly chosen instead of 'master' are 'main', 'trunk' and
2026-09-18T15:28:58.4662817Z hint: 'development'. The just-created branch can be renamed via this command:
2026-09-18T15:28:58.4663950Z hint:
2026-09-18T15:28:58.4664574Z hint: 	git branch -m <name>
2026-09-18T15:28:58.4665180Z hint:
2026-09-18T15:28:58.4665834Z hint: Disable this message with "git config set advice.defaultBranchName false"
2026-09-18T15:28:58.4666804Z Initialized empty Git repository in /home/runner/work/Zevune/Zevune/.git/
2026-09-18T15:28:58.4669599Z [command]/usr/bin/git remote add origin https://github.com/youq616/Zevune
2026-09-18T15:28:58.4719742Z ##[endgroup]
2026-09-18T15:28:58.4721248Z ##[group]Disabling automatic garbage collection
2026-09-18T15:28:58.4724104Z [command]/usr/bin/git config --local gc.auto 0
2026-09-18T15:28:58.4756926Z ##[endgroup]
2026-09-18T15:28:58.4758026Z ##[group]Setting up auth
2026-09-18T15:28:58.4764893Z [command]/usr/bin/git config --local --name-only --get-regexp core\.sshCommand
2026-09-18T15:28:58.4798878Z [command]/usr/bin/git submodule foreach --recursive sh -c "git config --local --name-only --get-regexp 'core\.sshCommand' && git config --local --unset-all 'core.sshCommand' || :"
2026-09-18T15:28:58.5204823Z [command]/usr/bin/git config --local --name-only --get-regexp http\.https\:\/\/github\.com\/\.extraheader
2026-09-18T15:28:58.5247570Z [command]/usr/bin/git submodule foreach --recursive sh -c "git config --local --name-only --get-regexp 'http\.https\:\/\/github\.com\/\.extraheader' && git config --local --unset-all 'http.https://github.com/.extraheader' || :"
2026-09-18T15:28:58.5497685Z [command]/usr/bin/git config --local http.https://github.com/.extraheader AUTHORIZATION: basic ***
2026-09-18T15:28:58.5539058Z ##[endgroup]
2026-09-18T15:28:58.5539880Z ##[group]Fetching the repository
2026-09-18T15:28:58.5551267Z [command]/usr/bin/git -c protocol.version=2 fetch --no-tags --prune --no-recurse-submodules --depth=1 origin +bd710cf4c985012ca23e86c333567ce116de72bb:refs/remotes/pull/17/merge
2026-09-18T15:29:00.5257972Z From https://github.com/youq616/Zevune
2026-09-18T15:29:00.5260008Z  * [new ref]         bd710cf4c985012ca23e86c333567ce116de72bb -> pull/17/merge
2026-09-18T15:29:00.5265594Z ##[endgroup]
2026-09-18T15:29:00.5267745Z ##[group]Determining the checkout info
2026-09-18T15:29:00.5269839Z ##[endgroup]
2026-09-18T15:29:00.5272443Z [command]/usr/bin/git sparse-checkout disable
2026-09-18T15:29:00.5327305Z [command]/usr/bin/git config --local --unset-all extensions.worktreeConfig
2026-09-18T15:29:00.5361802Z ##[group]Checking out the ref
2026-09-18T15:29:00.5367572Z [command]/usr/bin/git checkout --progress --force refs/remotes/pull/17/merge
2026-09-18T15:29:00.6467358Z Note: switching to 'refs/remotes/pull/17/merge'.
2026-09-18T15:29:00.6468381Z 
2026-09-18T15:29:00.6469053Z You are in 'detached HEAD' state. You can look around, make experimental
2026-09-18T15:29:00.6471373Z changes and commit them, and you can discard any commits you make in this
2026-09-18T15:29:00.6473807Z state without impacting any branches by switching back to a branch.
2026-09-18T15:29:00.6475189Z 
2026-09-18T15:29:00.6476139Z If you want to create a new branch to retain commits you create, you may
2026-09-18T15:29:00.6478311Z do so (now or later) by using -c with the switch command. Example:
2026-09-18T15:29:00.6479527Z 
2026-09-18T15:29:00.6480241Z   git switch -c <new-branch-name>
2026-09-18T15:29:00.6481125Z 
2026-09-18T15:29:00.6481808Z Or undo this operation with:
2026-09-18T15:29:00.6482863Z 
2026-09-18T15:29:00.6483526Z   git switch -
2026-09-18T15:29:00.6484421Z 
2026-09-18T15:29:00.6485630Z Turn off this advice by setting config variable advice.detachedHead to false
2026-09-18T15:29:00.6487360Z 
2026-09-18T15:29:00.6489297Z HEAD is now at bd710cf Merge 61c691270b91aece076177cb757e51e0e63fe310 into 2cc87a2207d502ac5cfe00ea52e525c1516917e5
2026-09-18T15:29:00.6495234Z ##[endgroup]
2026-09-18T15:29:00.6552569Z [command]/usr/bin/git log -1 --format=%H
2026-09-18T15:29:00.6583352Z bd710cf4c985012ca23e86c333567ce116de72bb
2026-09-18T15:29:00.6593113Z ##[group]Removing auth
2026-09-18T15:29:00.6596422Z [command]/usr/bin/git config --local --name-only --get-regexp core\.sshCommand
2026-09-18T15:29:00.6633308Z [command]/usr/bin/git submodule foreach --recursive sh -c "git config --local --name-only --get-regexp 'core\.sshCommand' && git config --local --unset-all 'core.sshCommand' || :"
2026-09-18T15:29:00.6877546Z [command]/usr/bin/git config --local --name-only --get-regexp http\.https\:\/\/github\.com\/\.extraheader
2026-09-18T15:29:00.6908830Z http.https://github.com/.extraheader
2026-09-18T15:29:00.6916463Z [command]/usr/bin/git config --local --unset-all http.https://github.com/.extraheader
2026-09-18T15:29:00.6955637Z [command]/usr/bin/git submodule foreach --recursive sh -c "git config --local --name-only --get-regexp 'http\.https\:\/\/github\.com\/\.extraheader' && git config --local --unset-all 'http.https://github.com/.extraheader' || :"
2026-09-18T15:29:00.7192738Z ##[endgroup]
2026-09-18T15:29:00.7454665Z ##[group]Run rustup toolchain install 1.98.1 --profile minimal --component rustfmt --component clippy
2026-09-18T15:29:00.7457801Z [36;1mrustup toolchain install 1.98.1 --profile minimal --component rustfmt --component clippy[0m
2026-09-18T15:29:00.7508448Z shell: /usr/bin/bash --noprofile --norc -e -o pipefail {0}
2026-09-18T15:29:00.7510309Z env:
2026-09-18T15:29:00.7511329Z   RAYON_NUM_THREADS: 2
2026-09-18T15:29:00.7512400Z   CARGO_BUILD_JOBS: 2
2026-09-18T15:29:00.7513432Z ##[endgroup]
2026-09-18T15:29:00.8021313Z info: syncing channel updates for 1.98.1-x86_64-unknown-linux-gnu
2026-09-18T15:29:01.0933148Z info: latest update on 2026-09-03 for version 1.98.1 (48a229cea 2026-09-01)
2026-09-18T15:29:01.0933808Z info: downloading 5 components
2026-09-18T15:29:09.6484499Z 
2026-09-18T15:29:09.6559613Z   1.98.1-x86_64-unknown-linux-gnu installed - rustc 1.98.1 (48a229cea 2026-09-01)
2026-09-18T15:29:09.6560410Z 
2026-09-18T15:29:09.6658676Z ##[group]Run python -m unittest discover -s scripts/tests -p test_funded_rust.py -v
2026-09-18T15:29:09.6659347Z [36;1mpython -m unittest discover -s scripts/tests -p test_funded_rust.py -v[0m
2026-09-18T15:29:09.6701772Z shell: /usr/bin/bash --noprofile --norc -e -o pipefail {0}
2026-09-18T15:29:09.6702189Z env:
2026-09-18T15:29:09.6702461Z   RAYON_NUM_THREADS: 2
2026-09-18T15:29:09.6702743Z   CARGO_BUILD_JOBS: 2
2026-09-18T15:29:09.6703014Z ##[endgroup]
2026-09-18T15:29:09.7946212Z test_command_failure_stops_cohort_and_never_reports_completion (test_funded_rust.FundedRustPlanTests.test_command_failure_stops_cohort_and_never_reports_completion) ... ok
2026-09-18T15:29:09.7949939Z test_commands_keep_flags_and_never_filter_test_names (test_funded_rust.FundedRustPlanTests.test_commands_keep_flags_and_never_filter_test_names) ... ok
2026-09-18T15:29:09.7954322Z test_empty_or_incomplete_inventory_fails (test_funded_rust.FundedRustPlanTests.test_empty_or_incomplete_inventory_fails) ... ok
2026-09-18T15:29:09.7956066Z test_future_binary_and_integration_targets_join_automatically (test_funded_rust.FundedRustPlanTests.test_future_binary_and_integration_targets_join_automatically) ... ok
2026-09-18T15:29:09.7963882Z test_invalid_names_and_duplicate_targets_fail (test_funded_rust.FundedRustPlanTests.test_invalid_names_and_duplicate_targets_fail) ... ok
2026-09-18T15:29:09.7970038Z test_metadata_failure_is_a_nonzero_exit (test_funded_rust.FundedRustPlanTests.test_metadata_failure_is_a_nonzero_exit) ... ok
2026-09-18T15:29:09.7976767Z test_plan_only_is_not_a_test_execution (test_funded_rust.FundedRustPlanTests.test_plan_only_is_not_a_test_execution) ... ok
2026-09-18T15:29:09.7979801Z test_reordering_metadata_does_not_change_plan (test_funded_rust.FundedRustPlanTests.test_reordering_metadata_does_not_change_plan) ... ok
2026-09-18T15:29:09.7982636Z test_target_union_is_complete_and_disjoint (test_funded_rust.FundedRustPlanTests.test_target_union_is_complete_and_disjoint) ... ok
2026-09-18T15:29:09.7984120Z test_unknown_cohort_or_schema_fails (test_funded_rust.FundedRustPlanTests.test_unknown_cohort_or_schema_fails) ... ok
2026-09-18T15:29:09.7993373Z test_unknown_or_disabled_targets_are_not_silently_omitted (test_funded_rust.FundedRustPlanTests.test_unknown_or_disabled_targets_are_not_silently_omitted) ... ok
2026-09-18T15:29:09.7996668Z test_unselected_features_fail (test_funded_rust.FundedRustPlanTests.test_unselected_features_fail) ... ok
2026-09-18T15:29:09.8000750Z test_wrong_workspace_identity_fails (test_funded_rust.FundedRustPlanTests.test_wrong_workspace_identity_fails) ... ok
2026-09-18T15:29:09.8001549Z 
2026-09-18T15:29:09.8001863Z ----------------------------------------------------------------------
2026-09-18T15:29:09.8002344Z Ran 13 tests in 0.006s
2026-09-18T15:29:09.8002539Z 
2026-09-18T15:29:09.8002661Z OK
2026-09-18T15:29:09.8160736Z ##[group]Run cargo fmt --all -- --check
2026-09-18T15:29:09.8161205Z [36;1mcargo fmt --all -- --check[0m
2026-09-18T15:29:09.8161624Z [36;1mcargo metadata --locked --format-version=1 > /dev/null[0m
2026-09-18T15:29:09.8162033Z [36;1mgit diff --exit-code[0m
2026-09-18T15:29:09.8203321Z shell: /usr/bin/bash --noprofile --norc -e -o pipefail {0}
2026-09-18T15:29:09.8203735Z env:
2026-09-18T15:29:09.8204029Z   RAYON_NUM_THREADS: 2
2026-09-18T15:29:09.8204313Z   CARGO_BUILD_JOBS: 2
2026-09-18T15:29:09.8204589Z ##[endgroup]
2026-09-18T15:29:09.9653543Z Diff in /home/runner/work/Zevune/Zevune/integration/orchard/src/pool/active/package/tests.rs:170:
2026-09-18T15:29:09.9654412Z              if self.raw.len() >= self.limit {
2026-09-18T15:29:09.9659773Z                  return Err(io::ErrorKind::PermissionDenied.into());
2026-09-18T15:29:09.9660594Z              }
2026-09-18T15:29:09.9661077Z -            let count = bytes
2026-09-18T15:29:09.9661559Z -                .len()
2026-09-18T15:29:09.9662050Z -                .min(self.chunk)
2026-09-18T15:29:09.9662571Z -                .min(self.limit - self.raw.len());
2026-09-18T15:29:09.9663345Z +            let count = bytes.len().min(self.chunk).min(self.limit - self.raw.len());
2026-09-18T15:29:09.9664099Z              self.raw.extend_from_slice(&bytes[..count]);
2026-09-18T15:29:09.9664636Z              Ok(count)
2026-09-18T15:29:09.9665025Z          }
2026-09-18T15:29:09.9665676Z Diff in /home/runner/work/Zevune/Zevune/integration/orchard/src/pool/active/package/tests.rs:283:
2026-09-18T15:29:09.9666238Z              encoded.extend_from_slice(&bytes);
2026-09-18T15:29:09.9666586Z          }
2026-09-18T15:29:09.9666948Z          assert_eq!(package_bytes(&package), encoded);
2026-09-18T15:29:09.9667502Z -        assert_eq!(package.length(), metadata.len() as u64 + later.length() - base.length());
2026-09-18T15:29:09.9668006Z +        assert_eq!(
2026-09-18T15:29:09.9668289Z +            package.length(),
2026-09-18T15:29:09.9668676Z +            metadata.len() as u64 + later.length() - base.length()
2026-09-18T15:29:09.9669054Z +        );
2026-09-18T15:29:09.9669349Z          let joined = JoinedJournal::new(
2026-09-18T15:29:09.9669677Z              &base,
2026-09-18T15:29:09.9669948Z              &base_genesis,
2026-09-18T15:29:09.9670743Z Diff in /home/runner/work/Zevune/Zevune/integration/orchard/src/pool/active/package/tests.rs:294:
2026-09-18T15:29:09.9671277Z              later.length(),
2026-09-18T15:29:09.9671553Z          )
2026-09-18T15:29:09.9671802Z          .unwrap();
2026-09-18T15:29:09.9672244Z -        assert_eq!(joined.layout_hash().unwrap(), later.layout_hash(&later_genesis).unwrap());
2026-09-18T15:29:09.9672730Z +        assert_eq!(
2026-09-18T15:29:09.9673024Z +            joined.layout_hash().unwrap(),
2026-09-18T15:29:09.9673393Z +            later.layout_hash(&later_genesis).unwrap()
2026-09-18T15:29:09.9673737Z +        );
2026-09-18T15:29:09.9674036Z          let mut reader = joined.reader().unwrap();
2026-09-18T15:29:09.9674812Z          let mut actual = Vec::new();
2026-09-18T15:29:09.9675142Z          let mut buffer = [0; 8191];
2026-09-18T15:29:09.9675659Z Diff in /home/runner/work/Zevune/Zevune/integration/orchard/src/pool/active/package/tests.rs:330:
2026-09-18T15:29:09.9676176Z              );
2026-09-18T15:29:09.9676424Z          }
2026-09-18T15:29:09.9676752Z          assert_eq!(logical(&restored, &restored_genesis), expected);
2026-09-18T15:29:09.9677339Z -        assert_eq!(restored.layout_hash(&restored_genesis).unwrap(), joined.layout_hash().unwrap());
2026-09-18T15:29:09.9677826Z +        assert_eq!(
2026-09-18T15:29:09.9678161Z +            restored.layout_hash(&restored_genesis).unwrap(),
2026-09-18T15:29:09.9678545Z +            joined.layout_hash().unwrap()
2026-09-18T15:29:09.9678858Z +        );
2026-09-18T15:29:09.9679116Z          assert!(matches!(
2026-09-18T15:29:09.9679463Z              ActiveJournal::open(&restored_path, &[0; 76]),
2026-09-18T15:29:09.9680246Z              Err(PoolError::Locked)
2026-09-18T15:29:09.9680799Z Diff in /home/runner/work/Zevune/Zevune/integration/orchard/src/pool/active/package/tests.rs:518:
2026-09-18T15:29:09.9681346Z                  later.length(),
2026-09-18T15:29:09.9681644Z              )
2026-09-18T15:29:09.9681918Z              .unwrap();
2026-09-18T15:29:09.9682401Z -            assert_eq!(joined.layout_hash().unwrap(), later.layout_hash(&later_genesis).unwrap());
2026-09-18T15:29:09.9682900Z +            assert_eq!(
2026-09-18T15:29:09.9683221Z +                joined.layout_hash().unwrap(),
2026-09-18T15:29:09.9683629Z +                later.layout_hash(&later_genesis).unwrap()
2026-09-18T15:29:09.9683983Z +            );
2026-09-18T15:29:09.9684231Z          }
2026-09-18T15:29:09.9684471Z      }
2026-09-18T15:29:09.9684806Z      assert_eq!(logical(&base, &base_genesis), before_base);
2026-09-18T15:29:09.9685453Z Diff in /home/runner/work/Zevune/Zevune/integration/orchard/src/pool/active/package/tests.rs:564:
2026-09-18T15:29:09.9686047Z              assert_eq!(retained.len(), 1);
2026-09-18T15:29:09.9686335Z          } else {
2026-09-18T15:29:09.9686582Z              assert_eq!(retained.len(), 2);
2026-09-18T15:29:09.9687012Z -            assert_eq!(retained[&name(0)].len(), if fault == 12 { 200 } else { 1000 });
2026-09-18T15:29:09.9687421Z +            assert_eq!(
2026-09-18T15:29:09.9687689Z +                retained[&name(0)].len(),
2026-09-18T15:29:09.9688019Z +                if fault == 12 { 200 } else { 1000 }
2026-09-18T15:29:09.9688313Z +            );
2026-09-18T15:29:09.9688523Z          }
2026-09-18T15:29:09.9688795Z          assert!(joined.copy_new(&target).is_err());
2026-09-18T15:29:09.9689148Z          assert_eq!(output_bytes(&path), retained);
2026-09-18T15:29:09.9689683Z Diff in /home/runner/work/Zevune/Zevune/integration/orchard/src/pool/active/package/tests.rs:571:
2026-09-18T15:29:09.9690390Z          if fault >= 13 {
2026-09-18T15:29:09.9690849Z              let (genesis, restored) = ActiveJournal::open(&path, &[0; 76]).unwrap();
2026-09-18T15:29:09.9691354Z              assert_eq!(logical(&restored, &genesis), before_later);
2026-09-18T15:29:09.9691898Z -            assert_eq!(restored.layout_hash(&genesis).unwrap(), joined.layout_hash().unwrap());
2026-09-18T15:29:09.9692335Z +            assert_eq!(
2026-09-18T15:29:09.9692641Z +                restored.layout_hash(&genesis).unwrap(),
2026-09-18T15:29:09.9692985Z +                joined.layout_hash().unwrap()
2026-09-18T15:29:09.9693272Z +            );
2026-09-18T15:29:09.9693477Z          }
2026-09-18T15:29:09.9693671Z      }
2026-09-18T15:29:09.9693961Z      assert_eq!(logical(&base, &base_genesis), before_base);
2026-09-18T15:29:09.9727863Z Diff in /home/runner/work/Zevune/Zevune/integration/orchard/src/pool/active/package.rs:3:
2026-09-18T15:29:09.9728833Z  //! bind both trusted pins, and repeat complete byte/namespace checks at the end.
2026-09-18T15:29:09.9729474Z  use super::{
2026-09-18T15:29:09.9730232Z      check_file, create_file, name, namespace, open_file_access, read_at, regular,
2026-09-18T15:29:09.9731454Z -    validate_physical_frame, visit_file, ActiveJournal, File, Hash, PoolError, Segment,
2026-09-18T15:29:09.9732417Z -    COPY_CHUNK, GENESIS, MAX_SEGMENTS, MIN_FRAME_BYTES, SEGMENT_BYTES, TOTAL_BYTES,
2026-09-18T15:29:09.9733443Z +    validate_physical_frame, visit_file, ActiveJournal, File, Hash, PoolError, Segment, COPY_CHUNK,
2026-09-18T15:29:09.9734359Z +    GENESIS, MAX_SEGMENTS, MIN_FRAME_BYTES, SEGMENT_BYTES, TOTAL_BYTES,
2026-09-18T15:29:09.9734920Z  };
2026-09-18T15:29:09.9735277Z  use sha2::{Digest, Sha256};
2026-09-18T15:29:09.9735654Z  use std::fs;
2026-09-18T15:29:09.9736166Z Diff in /home/runner/work/Zevune/Zevune/integration/orchard/src/pool/active/package.rs:116:
2026-09-18T15:29:09.9736656Z      while position < end {
2026-09-18T15:29:09.9737075Z          let take = usize::try_from((end - position).min(COPY_CHUNK as u64))
2026-09-18T15:29:09.9737507Z              .map_err(|_| PoolError::Bounds)?;
2026-09-18T15:29:09.9738156Z -        fill_at(&mut buffer[..take], position, |bytes, at| read_at(file, bytes, at))?;
2026-09-18T15:29:09.9738638Z +        fill_at(&mut buffer[..take], position, |bytes, at| {
2026-09-18T15:29:09.9738997Z +            read_at(file, bytes, at)
2026-09-18T15:29:09.9739263Z +        })?;
2026-09-18T15:29:09.9739495Z          consume(&buffer[..take])?;
2026-09-18T15:29:09.9739780Z          position = position
2026-09-18T15:29:09.9740440Z              .checked_add(u64::try_from(take).map_err(|_| PoolError::Bounds)?)
2026-09-18T15:29:09.9741039Z Diff in /home/runner/work/Zevune/Zevune/integration/orchard/src/pool/active/package.rs:578:
2026-09-18T15:29:09.9741551Z              use std::os::unix::fs::DirBuilderExt;
2026-09-18T15:29:09.9741870Z              builder.mode(0o700);
2026-09-18T15:29:09.9742122Z          }
2026-09-18T15:29:09.9742474Z -        builder.create(target.path()).map_err(|_| PoolError::Storage)?;
2026-09-18T15:29:09.9742854Z +        builder
2026-09-18T15:29:09.9743092Z +            .create(target.path())
2026-09-18T15:29:09.9743423Z +            .map_err(|_| PoolError::Storage)?;
2026-09-18T15:29:09.9743820Z          let location = namespace::Directory::open(target.path())?;
2026-09-18T15:29:09.9744268Z          let mut genesis = create_file(&target.path().join(GENESIS))?;
2026-09-18T15:29:09.9744708Z          genesis.try_lock().map_err(|_| PoolError::Locked)?;
2026-09-18T15:29:09.9828714Z Diff in /home/runner/work/Zevune/Zevune/integration/orchard/src/pool/active.rs:214:
2026-09-18T15:29:09.9829438Z      let mut begin = header_length;
2026-09-18T15:29:09.9829874Z      let mut previous = None;
2026-09-18T15:29:09.9830405Z      for segment_length in segment_lengths {
2026-09-18T15:29:09.9830714Z -        let limit = begin
2026-09-18T15:29:09.9830994Z -            .checked_add(segment_length)
2026-09-18T15:29:09.9831324Z -            .ok_or(PoolError::Bounds)?;
2026-09-18T15:29:09.9831769Z +        let limit = begin.checked_add(segment_length).ok_or(PoolError::Bounds)?;
2026-09-18T15:29:09.9832192Z          if start < limit {
2026-09-18T15:29:09.9832460Z              if end > limit
2026-09-18T15:29:09.9832712Z                  || (start == begin
2026-09-18T15:29:09.9912171Z Diff in /home/runner/work/Zevune/Zevune/integration/orchard/src/pool/active_flow_tests.rs:289:
2026-09-18T15:29:09.9912996Z      drop(package);
2026-09-18T15:29:09.9913287Z      drop(later);
2026-09-18T15:29:09.9913639Z      assert!(fs::read(&package_path).unwrap() == expected);
2026-09-18T15:29:09.9914007Z -    let mut package =
2026-09-18T15:29:09.9914437Z -        ActiveIncrementalPackage::open(&package_path, &mut base, later_pin).unwrap();
2026-09-18T15:29:09.9915099Z +    let mut package = ActiveIncrementalPackage::open(&package_path, &mut base, later_pin).unwrap();
2026-09-18T15:29:09.9915559Z      assert_eq!(
2026-09-18T15:29:09.9915881Z          package.restore_new(&mut base, &restored_path).unwrap(),
2026-09-18T15:29:09.9916230Z          later_pin
2026-09-18T15:29:10.0100406Z Diff in /home/runner/work/Zevune/Zevune/integration/orchard/src/pool/recovery/active/package/tests.rs:212:
2026-09-18T15:29:10.0101530Z  #[test]
2026-09-18T15:29:10.0102119Z  fn independently_encoded_packages_restore_exact_bytes_without_a_later_directory() {
2026-09-18T15:29:10.0102887Z      let d = Dir::new();
2026-09-18T15:29:10.0103464Z -    for (number, (base_height, later_height)) in [(0, 0), (0, 3), (2, 2), (2, 5)]
2026-09-18T15:29:10.0104082Z -        .into_iter()
2026-09-18T15:29:10.0104425Z -        .enumerate()
2026-09-18T15:29:10.0104827Z +    for (number, (base_height, later_height)) in
2026-09-18T15:29:10.0105292Z +        [(0, 0), (0, 3), (2, 2), (2, 5)].into_iter().enumerate()
2026-09-18T15:29:10.0105603Z      {
2026-09-18T15:29:10.0105884Z          let base_path = d.path(&format!("base-{number}"));
2026-09-18T15:29:10.0106284Z          let later_path = d.path(&format!("later-{number}"));
2026-09-18T15:29:10.0106873Z Diff in /home/runner/work/Zevune/Zevune/integration/orchard/src/pool/recovery/active/package/tests.rs:244:
2026-09-18T15:29:10.0107617Z          assert_plan(&package, base_pin, later_pin, &ranges);
2026-09-18T15:29:10.0107986Z          package.verify(&mut base).unwrap();
2026-09-18T15:29:10.0108363Z          let restored = d.path(&format!("restored-{number}"));
2026-09-18T15:29:10.0108850Z -        assert_eq!(package.restore_new(&mut base, &restored).unwrap(), later_pin);
2026-09-18T15:29:10.0109260Z +        assert_eq!(
2026-09-18T15:29:10.0109568Z +            package.restore_new(&mut base, &restored).unwrap(),
2026-09-18T15:29:10.0109903Z +            later_pin
2026-09-18T15:29:10.0110274Z +        );
2026-09-18T15:29:10.0110568Z          assert_eq!(directory_bytes(&restored), original_later);
2026-09-18T15:29:10.0111037Z          // restore_new returns no owning writer or hidden pending reservation.
2026-09-18T15:29:10.0111478Z          let mut pool = open_store(&restored).unwrap();
2026-09-18T15:29:10.0112051Z Diff in /home/runner/work/Zevune/Zevune/integration/orchard/src/pool/recovery/active/package/tests.rs:369:
2026-09-18T15:29:10.0112701Z          // These PRIVATE calls cannot publish an object to production callers.
2026-09-18T15:29:10.0113231Z          // Prove the genuine base, strict metadata, complete payload and repinned
2026-09-18T15:29:10.0113741Z          // combined layout all pass before exercising the actual replay gate.
2026-09-18T15:29:10.0114136Z -        let mut unchecked =
2026-09-18T15:29:10.0114581Z -            ActiveIncrementalPackage::open_unverified(&path, &base, pin).unwrap();
2026-09-18T15:29:10.0115237Z +        let mut unchecked = ActiveIncrementalPackage::open_unverified(&path, &base, pin).unwrap();
2026-09-18T15:29:10.0115752Z          unchecked.check_bytes(&base).unwrap();
2026-09-18T15:29:10.0116071Z          if ranges.len() > 1 {
2026-09-18T15:29:10.0116448Z              // Both segment indices and individual offsets remain in bounds.
2026-09-18T15:29:10.0117104Z Diff in /home/runner/work/Zevune/Zevune/integration/orchard/src/pool/recovery/active/package/tests.rs:378:
2026-09-18T15:29:10.0117757Z              // strict table ordering rather than an out-of-range segment index.
2026-09-18T15:29:10.0118172Z              let mut reversed = ranges.clone();
2026-09-18T15:29:10.0118495Z              reversed.reverse();
2026-09-18T15:29:10.0118783Z -            let reordered = encode_fixture(
2026-09-18T15:29:10.0119078Z -                base_pin,
2026-09-18T15:29:10.0119326Z -                pin,
2026-09-18T15:29:10.0119573Z -                &reversed,
2026-09-18T15:29:10.0119849Z -                &payload(&changed, &reversed),
2026-09-18T15:29:10.0120233Z -            );
2026-09-18T15:29:10.0120648Z +            let reordered = encode_fixture(base_pin, pin, &reversed, &payload(&changed, &reversed));
2026-09-18T15:29:10.0121193Z              let reordered_path = d.path("out-of-order.incremental");
2026-09-18T15:29:10.0121628Z              fs::write(&reordered_path, &reordered).unwrap();
2026-09-18T15:29:10.0121963Z              assert!(matches!(
2026-09-18T15:29:10.0122479Z Diff in /home/runner/work/Zevune/Zevune/integration/orchard/src/pool/recovery/active/package/tests.rs:430:
2026-09-18T15:29:10.0123252Z      let mut base = ActiveArchive::open(&base_path, base_pin).unwrap();
2026-09-18T15:29:10.0123755Z      let mut later = ActiveArchive::open(&later_path, later_pin).unwrap();
2026-09-18T15:29:10.0124171Z      let package_path = d.path("good.incremental");
2026-09-18T15:29:10.0124632Z -    let mut package = base.pack_incremental_new(&mut later, &package_path).unwrap();
2026-09-18T15:29:10.0125056Z +    let mut package = base
2026-09-18T15:29:10.0125371Z +        .pack_incremental_new(&mut later, &package_path)
2026-09-18T15:29:10.0125689Z +        .unwrap();
2026-09-18T15:29:10.0125957Z      for (index, (height, variant, domain)) in [
2026-09-18T15:29:10.0126263Z          (2, 1, DOMAIN),
2026-09-18T15:29:10.0126503Z          (4, 1, DOMAIN),
2026-09-18T15:29:10.0126995Z Diff in /home/runner/work/Zevune/Zevune/integration/orchard/src/pool/recovery/active/package/tests.rs:460:
2026-09-18T15:29:10.0127662Z      package.verify(&mut base).unwrap();
2026-09-18T15:29:10.0128082Z      let mut same_base = ActiveArchive::open(&base_path, base_pin).unwrap();
2026-09-18T15:29:10.0128522Z      let same_path = d.path("same-path.incremental");
2026-09-18T15:29:10.0128966Z -    let same = base.pack_incremental_new(&mut same_base, &same_path).unwrap();
2026-09-18T15:29:10.0129353Z +    let same = base
2026-09-18T15:29:10.0129648Z +        .pack_incremental_new(&mut same_base, &same_path)
2026-09-18T15:29:10.0129971Z +        .unwrap();
2026-09-18T15:29:10.0130476Z      assert_plan(&same, base_pin, base_pin, &[]);
2026-09-18T15:29:10.0130788Z  }
2026-09-18T15:29:10.0130990Z  
2026-09-18T15:29:10.0131438Z Diff in /home/runner/work/Zevune/Zevune/integration/orchard/src/pool/recovery/active/package/tests.rs:474:
2026-09-18T15:29:10.0132100Z      let mut base = ActiveArchive::open(&base_path, base_pin).unwrap();
2026-09-18T15:29:10.0132584Z      let mut later = ActiveArchive::open(&later_path, later_pin).unwrap();
2026-09-18T15:29:10.0133029Z      let package_path = d.path("package.incremental");
2026-09-18T15:29:10.0133480Z -    let package = base.pack_incremental_new(&mut later, &package_path).unwrap();
2026-09-18T15:29:10.0133885Z +    let package = base
2026-09-18T15:29:10.0134184Z +        .pack_incremental_new(&mut later, &package_path)
2026-09-18T15:29:10.0134585Z +        .unwrap();
2026-09-18T15:29:10.0134926Z      drop(package);
2026-09-18T15:29:10.0135397Z      let original_package = fs::read(&package_path).unwrap();
2026-09-18T15:29:10.0135945Z -    let mut package =
2026-09-18T15:29:10.0136580Z -        ActiveIncrementalPackage::open(&package_path, &mut base, later_pin).unwrap();
2026-09-18T15:29:10.0137624Z +    let mut package = ActiveIncrementalPackage::open(&package_path, &mut base, later_pin).unwrap();
2026-09-18T15:29:10.0138412Z      let file = d.path("existing-file");
2026-09-18T15:29:10.0138907Z      fs::write(&file, b"keep file").unwrap();
2026-09-18T15:29:10.0139369Z      let directory = d.path("existing-directory");
2026-09-18T15:29:10.0139965Z Diff in /home/runner/work/Zevune/Zevune/integration/orchard/src/pool/recovery/active/package/tests.rs:506:
2026-09-18T15:29:10.0140632Z          assert!(!target.exists());
2026-09-18T15:29:10.0140895Z      }
2026-09-18T15:29:10.0141173Z      assert_eq!(fs::read(&file).unwrap(), b"keep file");
2026-09-18T15:29:10.0141485Z -    assert_eq!(
2026-09-18T15:29:10.0141763Z -        fs::read(directory.join("keep")).unwrap(),
2026-09-18T15:29:10.0142080Z -        b"keep directory"
2026-09-18T15:29:10.0142316Z -    );
2026-09-18T15:29:10.0142647Z +    assert_eq!(fs::read(directory.join("keep")).unwrap(), b"keep directory");
2026-09-18T15:29:10.0143141Z      assert_eq!(fs::read(&package_path).unwrap(), original_package);
2026-09-18T15:29:10.0143629Z      // A prior successful open and plan cannot authorize future base contents.
2026-09-18T15:29:10.0144045Z      change_tail(&base_path).unwrap();
2026-09-18T15:29:10.0144581Z Diff in /home/runner/work/Zevune/Zevune/integration/orchard/src/pool/recovery/active/package/tests.rs:600:
2026-09-18T15:29:10.0145259Z          drop(file);
2026-09-18T15:29:10.0145487Z      }
2026-09-18T15:29:10.0145760Z      let package_path = d.path("complete.incremental");
2026-09-18T15:29:10.0146238Z -    let mut package = base.pack_incremental_new(&mut later, &package_path).unwrap();
2026-09-18T15:29:10.0146670Z +    let mut package = base
2026-09-18T15:29:10.0146981Z +        .pack_incremental_new(&mut later, &package_path)
2026-09-18T15:29:10.0147295Z +        .unwrap();
2026-09-18T15:29:10.0147524Z      for fault in 11..=14 {
2026-09-18T15:29:10.0147857Z          let target = d.path(&format!("partial-restore-{fault}"));
2026-09-18T15:29:10.0148212Z          package.fault = fault;
2026-09-18T15:29:10.0148722Z Diff in /home/runner/work/Zevune/Zevune/integration/orchard/src/pool/recovery/active/package/tests.rs:776:
2026-09-18T15:29:10.0149227Z              }
2026-09-18T15:29:10.0149637Z              assert!(ActiveIncrementalPackage::open(&path, &mut base, later_pin).is_err());
2026-09-18T15:29:10.0150342Z          } else {
2026-09-18T15:29:10.0150589Z -            let mut package =
2026-09-18T15:29:10.0151014Z -                ActiveIncrementalPackage::open(&path, &mut base, later_pin).unwrap();
2026-09-18T15:29:10.0151636Z +            let mut package = ActiveIncrementalPackage::open(&path, &mut base, later_pin).unwrap();
2026-09-18T15:29:10.0152110Z              if kind == "replacement" {
2026-09-18T15:29:10.0152435Z                  fs::rename(&path, &other).unwrap();
2026-09-18T15:29:10.0152770Z                  fs::write(&path, &raw).unwrap();
2026-09-18T15:29:10.0153316Z Diff in /home/runner/work/Zevune/Zevune/integration/orchard/src/pool/recovery/active/package/tests.rs:804:
2026-09-18T15:29:10.0153841Z      fs::write(&path, &raw).unwrap();
2026-09-18T15:29:10.0154232Z      assert_eq!(package.verify(&mut base), Err(PoolError::Corrupt));
2026-09-18T15:29:10.0154635Z      assert_eq!(fs::read(&path).unwrap(), raw);
2026-09-18T15:29:10.0154932Z -    assert_eq!(
2026-09-18T15:29:10.0155253Z -        fs::read(moved.join("package.incremental")).unwrap(),
2026-09-18T15:29:10.0155581Z -        raw
2026-09-18T15:29:10.0155789Z -    );
2026-09-18T15:29:10.0156117Z +    assert_eq!(fs::read(moved.join("package.incremental")).unwrap(), raw);
2026-09-18T15:29:10.0156488Z  }
2026-09-18T15:29:10.0156683Z  
2026-09-18T15:29:10.0156884Z  #[cfg(windows)]
2026-09-18T15:29:10.0157368Z Diff in /home/runner/work/Zevune/Zevune/integration/orchard/src/pool/recovery/active/package.rs:92:
2026-09-18T15:29:10.0157892Z          .map_err(|_| PoolError::Storage)?;
2026-09-18T15:29:10.0158200Z      for range in ranges {
2026-09-18T15:29:10.0158492Z          if range.segment_index < count {
2026-09-18T15:29:10.0158926Z -            if range.segment_index.checked_add(1).ok_or(PoolError::Bounds)? != count
2026-09-18T15:29:10.0159337Z +            if range
2026-09-18T15:29:10.0159577Z +                .segment_index
2026-09-18T15:29:10.0159839Z +                .checked_add(1)
2026-09-18T15:29:10.0160246Z +                .ok_or(PoolError::Bounds)?
2026-09-18T15:29:10.0160532Z +                != count
2026-09-18T15:29:10.0160794Z                  || range.offset != tail
2026-09-18T15:29:10.0161077Z                  || tail == 0
2026-09-18T15:29:10.0161320Z              {
2026-09-18T15:29:10.0161758Z Diff in /home/runner/work/Zevune/Zevune/integration/orchard/src/pool/recovery/active/package.rs:154:
2026-09-18T15:29:10.0162279Z              return Err(PoolError::Stale);
2026-09-18T15:29:10.0162557Z          }
2026-09-18T15:29:10.0162827Z          let count = usize::try_from(u32::from_be_bytes(
2026-09-18T15:29:10.0163149Z -            fixed[264..268]
2026-09-18T15:29:10.0163404Z -                .try_into()
2026-09-18T15:29:10.0163705Z -                .map_err(|_| PoolError::Corrupt)?,
2026-09-18T15:29:10.0164117Z +            fixed[264..268].try_into().map_err(|_| PoolError::Corrupt)?,
2026-09-18T15:29:10.0164464Z          ))
2026-09-18T15:29:10.0164709Z          .map_err(|_| PoolError::Bounds)?;
2026-09-18T15:29:10.0165203Z          let size = metadata_length(count)?;
2026-09-18T15:29:10.0165718Z Diff in /home/runner/work/Zevune/Zevune/integration/orchard/src/pool/recovery/active/package.rs:187:
2026-09-18T15:29:10.0166258Z                  segment_index: u32::from_be_bytes(
2026-09-18T15:29:10.0166646Z                      bytes[..4].try_into().map_err(|_| PoolError::Corrupt)?,
2026-09-18T15:29:10.0166988Z                  ),
2026-09-18T15:29:10.0167237Z -                offset: u32::from_be_bytes(
2026-09-18T15:29:10.0167604Z -                    bytes[4..8].try_into().map_err(|_| PoolError::Corrupt)?,
2026-09-18T15:29:10.0167943Z -                ),
2026-09-18T15:29:10.0168329Z +                offset: u32::from_be_bytes(bytes[4..8].try_into().map_err(|_| PoolError::Corrupt)?),
2026-09-18T15:29:10.0168777Z                  length: u32::from_be_bytes(
2026-09-18T15:29:10.0169147Z                      bytes[8..12].try_into().map_err(|_| PoolError::Corrupt)?,
2026-09-18T15:29:10.0169491Z                  ),
2026-09-18T15:29:10.0170141Z Diff in /home/runner/work/Zevune/Zevune/integration/orchard/src/pool/recovery/active/package.rs:371:
2026-09-18T15:29:10.0170814Z          let plan = self.incremental_plan(later)?;
2026-09-18T15:29:10.0171143Z          let metadata = encode(&plan)?;
2026-09-18T15:29:10.0171457Z          let ranges = physical_ranges(&plan)?;
2026-09-18T15:29:10.0171790Z -        let file = RetainedPackage::create_new(
2026-09-18T15:29:10.0172089Z -            target,
2026-09-18T15:29:10.0172316Z -            &metadata,
2026-09-18T15:29:10.0172550Z -            &ranges,
2026-09-18T15:29:10.0172786Z -            &later.journal,
2026-09-18T15:29:10.0173043Z -            &later.file,
2026-09-18T15:29:10.0173273Z -        )?;
2026-09-18T15:29:10.0173479Z +        let file =
2026-09-18T15:29:10.0173897Z +            RetainedPackage::create_new(target, &metadata, &ranges, &later.journal, &later.file)?;
2026-09-18T15:29:10.0174399Z          let mut package = ActiveIncrementalPackage {
2026-09-18T15:29:10.0174719Z              file,
2026-09-18T15:29:10.0174944Z              metadata,
2026-09-18T15:29:10.1041887Z Diff in /home/runner/work/Zevune/Zevune/integration/orchard/tests/active_incremental_package_cli.rs:34:
2026-09-18T15:29:10.1042622Z      fn new() -> Self {
2026-09-18T15:29:10.1042912Z          let mut nonce = [0; 16];
2026-09-18T15:29:10.1043204Z          OsRng.fill_bytes(&mut nonce);
2026-09-18T15:29:10.1043552Z -        let path = std::env::temp_dir()
2026-09-18T15:29:10.1043992Z -            .join(format!("zevune-active-incremental-package-cli-{}", hex(&nonce)));
2026-09-18T15:29:10.1044470Z +        let path = std::env::temp_dir().join(format!(
2026-09-18T15:29:10.1044841Z +            "zevune-active-incremental-package-cli-{}",
2026-09-18T15:29:10.1045163Z +            hex(&nonce)
2026-09-18T15:29:10.1045382Z +        ));
2026-09-18T15:29:10.1045629Z          fs::create_dir(&path).unwrap();
2026-09-18T15:29:10.1045911Z          Self(path)
2026-09-18T15:29:10.1046134Z      }
2026-09-18T15:29:10.1046742Z Diff in /home/runner/work/Zevune/Zevune/integration/orchard/tests/active_incremental_package_cli.rs:418:
2026-09-18T15:29:10.1047306Z          (&f.base, &f.base, f.base.path.as_path(), vec![]),
2026-09-18T15:29:10.1047690Z          (&f.later, &f.later, f.later.path.as_path(), vec![]),
2026-09-18T15:29:10.1048058Z          (&f.later, &f.later, copy.as_path(), vec![]),
2026-09-18T15:29:10.1048345Z -        (
2026-09-18T15:29:10.1048552Z -            &f.base,
2026-09-18T15:29:10.1048771Z -            &f.later,
2026-09-18T15:29:10.1049014Z -            f.later.path.as_path(),
2026-09-18T15:29:10.1049301Z -            vec![(0, 0, 450)],
2026-09-18T15:29:10.1049540Z -        ),
2026-09-18T15:29:10.1049842Z +        (&f.base, &f.later, f.later.path.as_path(), vec![(0, 0, 450)]),
2026-09-18T15:29:10.1050351Z      ];
2026-09-18T15:29:10.1050700Z      for (number, (base, later, source, ranges)) in cases.into_iter().enumerate() {
2026-09-18T15:29:10.1051179Z          let package = f.dir.path(&format!("package-{number}"));
2026-09-18T15:29:10.1052106Z Diff in /home/runner/work/Zevune/Zevune/integration/orchard/tests/active_incremental_package_cli.rs:439:
2026-09-18T15:29:10.1052601Z          ] {
2026-09-18T15:29:10.1052811Z              success(
2026-09-18T15:29:10.1053057Z                  &call(&package_args(
2026-09-18T15:29:10.1053331Z -                    mode,
2026-09-18T15:29:10.1053577Z -                    &base.path,
2026-09-18T15:29:10.1053835Z -                    base.pin,
2026-09-18T15:29:10.1054080Z -                    input,
2026-09-18T15:29:10.1054325Z -                    later.pin,
2026-09-18T15:29:10.1054571Z -                    output,
2026-09-18T15:29:10.1054897Z +                    mode, &base.path, base.pin, input, later.pin, output,
2026-09-18T15:29:10.1055244Z                  )),
2026-09-18T15:29:10.1055534Z                  &expected_json(mode, base.pin, later.pin, &ranges),
2026-09-18T15:29:10.1055859Z              );
2026-09-18T15:29:10.1395774Z ##[error]Process completed with exit code 1.
2026-09-18T15:29:10.1537593Z Post job cleanup.
2026-09-18T15:29:10.2397456Z [command]/usr/bin/git version
2026-09-18T15:29:10.2445598Z git version 2.55.0
2026-09-18T15:29:10.2483764Z Temporarily overriding HOME='/home/runner/work/_temp/64b10893-9d2e-4f48-a622-937fc92c25b8' before making global git config changes
2026-09-18T15:29:10.2485096Z Adding repository directory to the temporary git global config as a safe directory
2026-09-18T15:29:10.2488993Z [command]/usr/bin/git config --global --add safe.directory /home/runner/work/Zevune/Zevune
2026-09-18T15:29:10.2530869Z [command]/usr/bin/git config --local --name-only --get-regexp core\.sshCommand
2026-09-18T15:29:10.2570701Z [command]/usr/bin/git submodule foreach --recursive sh -c "git config --local --name-only --get-regexp 'core\.sshCommand' && git config --local --unset-all 'core.sshCommand' || :"
2026-09-18T15:29:10.2861595Z [command]/usr/bin/git config --local --name-only --get-regexp http\.https\:\/\/github\.com\/\.extraheader
2026-09-18T15:29:10.2906266Z [command]/usr/bin/git submodule foreach --recursive sh -c "git config --local --name-only --get-regexp 'http\.https\:\/\/github\.com\/\.extraheader' && git config --local --unset-all 'http.https://github.com/.extraheader' || :"
2026-09-18T15:29:10.3445999Z Cleaning up orphan processes
