2026-09-18T15:27:44.7346970Z Current runner version: '2.337.0'
2026-09-18T15:27:44.7371798Z ##[group]Runner Image Provisioner
2026-09-18T15:27:44.7372747Z Hosted Compute Agent
2026-09-18T15:27:44.7373389Z Version: 20260828.587
2026-09-18T15:27:44.7374087Z Commit: abac92662cab4cc7352de4f9f9d2e2419aad9c29
2026-09-18T15:27:44.7375235Z Build Date: 2026-08-28T16:44:25Z
2026-09-18T15:27:44.7376010Z Worker ID: {c171cbdd-3c06-4f3b-931e-40ed98a77c44}
2026-09-18T15:27:44.7376790Z Azure Region: westus
2026-09-18T15:27:44.7377416Z ##[endgroup]
2026-09-18T15:27:44.7378925Z ##[group]Operating System
2026-09-18T15:27:44.7379669Z Ubuntu
2026-09-18T15:27:44.7380218Z 24.04.5
2026-09-18T15:27:44.7380736Z LTS
2026-09-18T15:27:44.7381331Z ##[endgroup]
2026-09-18T15:27:44.7381945Z ##[group]Runner Image
2026-09-18T15:27:44.7382580Z Image: ubuntu-24.04
2026-09-18T15:27:44.7383259Z Version: 20260907.300.1
2026-09-18T15:27:44.7384708Z Included Software: https://github.com/actions/runner-images/blob/ubuntu24/20260907.300/images/ubuntu/Ubuntu2404-Readme.md
2026-09-18T15:27:44.7386390Z Image Release: https://github.com/actions/runner-images/releases/tag/ubuntu24%2F20260907.300
2026-09-18T15:27:44.7387514Z ##[endgroup]
2026-09-18T15:27:44.7388606Z ##[group]GITHUB_TOKEN Permissions
2026-09-18T15:27:44.7390681Z Contents: read
2026-09-18T15:27:44.7391366Z Metadata: read
2026-09-18T15:27:44.7391942Z ##[endgroup]
2026-09-18T15:27:44.7394045Z Secret source: Actions
2026-09-18T15:27:44.7395266Z Cache mode: write
2026-09-18T15:27:44.7396123Z Prepare workflow directory
2026-09-18T15:27:44.7867328Z Prepare all required actions
2026-09-18T15:27:44.7914698Z Getting action download info
2026-09-18T15:27:45.1208624Z Download action repository 'actions/checkout@08c6903cd8c0fde910a37f88322edcfb5dd907a8' (SHA:08c6903cd8c0fde910a37f88322edcfb5dd907a8)
2026-09-18T15:27:45.3329976Z Complete job name: tests (ubuntu-latest)
2026-09-18T15:27:45.4113239Z ##[group]Run actions/checkout@08c6903cd8c0fde910a37f88322edcfb5dd907a8
2026-09-18T15:27:45.4114350Z with:
2026-09-18T15:27:45.4115064Z   persist-credentials: false
2026-09-18T15:27:45.4115653Z   repository: youq616/Zevune
2026-09-18T15:27:45.4119280Z   token: ***
2026-09-18T15:27:45.4119755Z   ssh-strict: true
2026-09-18T15:27:45.4120240Z   ssh-user: git
2026-09-18T15:27:45.4120707Z   clean: true
2026-09-18T15:27:45.4121194Z   sparse-checkout-cone-mode: true
2026-09-18T15:27:45.4121750Z   fetch-depth: 1
2026-09-18T15:27:45.4122211Z   fetch-tags: false
2026-09-18T15:27:45.4122683Z   show-progress: true
2026-09-18T15:27:45.4123158Z   lfs: false
2026-09-18T15:27:45.4123597Z   submodules: false
2026-09-18T15:27:45.4124076Z   set-safe-directory: true
2026-09-18T15:27:45.4125254Z env:
2026-09-18T15:27:45.4125729Z   RAYON_NUM_THREADS: 2
2026-09-18T15:27:45.4126260Z   CARGO_BUILD_JOBS: 2
2026-09-18T15:27:45.4126752Z ##[endgroup]
2026-09-18T15:27:45.5139438Z Syncing repository: youq616/Zevune
2026-09-18T15:27:45.5141920Z ##[group]Getting Git version info
2026-09-18T15:27:45.5143005Z Working directory is '/home/runner/work/Zevune/Zevune'
2026-09-18T15:27:45.5144929Z [command]/usr/bin/git version
2026-09-18T15:27:45.5195140Z git version 2.55.0
2026-09-18T15:27:45.5217148Z ##[endgroup]
2026-09-18T15:27:45.5231505Z Temporarily overriding HOME='/home/runner/work/_temp/bc520c80-be7d-4def-96fc-ceaecb2bb84e' before making global git config changes
2026-09-18T15:27:45.5233955Z Adding repository directory to the temporary git global config as a safe directory
2026-09-18T15:27:45.5236667Z [command]/usr/bin/git config --global --add safe.directory /home/runner/work/Zevune/Zevune
2026-09-18T15:27:45.5287965Z Deleting the contents of '/home/runner/work/Zevune/Zevune'
2026-09-18T15:27:45.5292160Z ##[group]Initializing the repository
2026-09-18T15:27:45.5297285Z [command]/usr/bin/git init /home/runner/work/Zevune/Zevune
2026-09-18T15:27:45.5397397Z hint: Using 'master' as the name for the initial branch. This default branch name
2026-09-18T15:27:45.5399214Z hint: will change to "main" in Git 3.0. To configure the initial branch name
2026-09-18T15:27:45.5401465Z hint: to use in all of your new repositories, which will suppress this warning,
2026-09-18T15:27:45.5403283Z hint: call:
2026-09-18T15:27:45.5404117Z hint:
2026-09-18T15:27:45.5405377Z hint: 	git config --global init.defaultBranch <name>
2026-09-18T15:27:45.5406707Z hint:
2026-09-18T15:27:45.5407870Z hint: Names commonly chosen instead of 'master' are 'main', 'trunk' and
2026-09-18T15:27:45.5409573Z hint: 'development'. The just-created branch can be renamed via this command:
2026-09-18T15:27:45.5411105Z hint:
2026-09-18T15:27:45.5412082Z hint: 	git branch -m <name>
2026-09-18T15:27:45.5413070Z hint:
2026-09-18T15:27:45.5414359Z hint: Disable this message with "git config set advice.defaultBranchName false"
2026-09-18T15:27:45.5416523Z Initialized empty Git repository in /home/runner/work/Zevune/Zevune/.git/
2026-09-18T15:27:45.5420096Z [command]/usr/bin/git remote add origin https://github.com/youq616/Zevune
2026-09-18T15:27:45.5460281Z ##[endgroup]
2026-09-18T15:27:45.5461682Z ##[group]Disabling automatic garbage collection
2026-09-18T15:27:45.5465823Z [command]/usr/bin/git config --local gc.auto 0
2026-09-18T15:27:45.5498069Z ##[endgroup]
2026-09-18T15:27:45.5499492Z ##[group]Setting up auth
2026-09-18T15:27:45.5505471Z [command]/usr/bin/git config --local --name-only --get-regexp core\.sshCommand
2026-09-18T15:27:45.5539020Z [command]/usr/bin/git submodule foreach --recursive sh -c "git config --local --name-only --get-regexp 'core\.sshCommand' && git config --local --unset-all 'core.sshCommand' || :"
2026-09-18T15:27:45.5903395Z [command]/usr/bin/git config --local --name-only --get-regexp http\.https\:\/\/github\.com\/\.extraheader
2026-09-18T15:27:45.5947069Z [command]/usr/bin/git submodule foreach --recursive sh -c "git config --local --name-only --get-regexp 'http\.https\:\/\/github\.com\/\.extraheader' && git config --local --unset-all 'http.https://github.com/.extraheader' || :"
2026-09-18T15:27:45.6186727Z [command]/usr/bin/git config --local http.https://github.com/.extraheader AUTHORIZATION: basic ***
2026-09-18T15:27:45.6227973Z ##[endgroup]
2026-09-18T15:27:45.6228794Z ##[group]Fetching the repository
2026-09-18T15:27:45.6237977Z [command]/usr/bin/git -c protocol.version=2 fetch --no-tags --prune --no-recurse-submodules --depth=1 origin +bd710cf4c985012ca23e86c333567ce116de72bb:refs/remotes/pull/17/merge
2026-09-18T15:27:47.2790769Z From https://github.com/youq616/Zevune
2026-09-18T15:27:47.2793697Z  * [new ref]         bd710cf4c985012ca23e86c333567ce116de72bb -> pull/17/merge
2026-09-18T15:27:47.2805905Z ##[endgroup]
2026-09-18T15:27:47.2807140Z ##[group]Determining the checkout info
2026-09-18T15:27:47.2808442Z ##[endgroup]
2026-09-18T15:27:47.2809215Z [command]/usr/bin/git sparse-checkout disable
2026-09-18T15:27:47.2867806Z [command]/usr/bin/git config --local --unset-all extensions.worktreeConfig
2026-09-18T15:27:47.2899909Z ##[group]Checking out the ref
2026-09-18T15:27:47.2903095Z [command]/usr/bin/git checkout --progress --force refs/remotes/pull/17/merge
2026-09-18T15:27:47.3960234Z Note: switching to 'refs/remotes/pull/17/merge'.
2026-09-18T15:27:47.3961728Z 
2026-09-18T15:27:47.3962848Z You are in 'detached HEAD' state. You can look around, make experimental
2026-09-18T15:27:47.3965904Z changes and commit them, and you can discard any commits you make in this
2026-09-18T15:27:47.3968758Z state without impacting any branches by switching back to a branch.
2026-09-18T15:27:47.3970460Z 
2026-09-18T15:27:47.3971543Z If you want to create a new branch to retain commits you create, you may
2026-09-18T15:27:47.3974004Z do so (now or later) by using -c with the switch command. Example:
2026-09-18T15:27:47.3975734Z 
2026-09-18T15:27:47.3976372Z   git switch -c <new-branch-name>
2026-09-18T15:27:47.3977464Z 
2026-09-18T15:27:47.3978249Z Or undo this operation with:
2026-09-18T15:27:47.3979373Z 
2026-09-18T15:27:47.3980084Z   git switch -
2026-09-18T15:27:47.3981032Z 
2026-09-18T15:27:47.3982155Z Turn off this advice by setting config variable advice.detachedHead to false
2026-09-18T15:27:47.3983571Z 
2026-09-18T15:27:47.3986031Z HEAD is now at bd710cf Merge 61c691270b91aece076177cb757e51e0e63fe310 into 2cc87a2207d502ac5cfe00ea52e525c1516917e5
2026-09-18T15:27:47.3992617Z ##[endgroup]
2026-09-18T15:27:47.4046123Z [command]/usr/bin/git log -1 --format=%H
2026-09-18T15:27:47.4073132Z bd710cf4c985012ca23e86c333567ce116de72bb
2026-09-18T15:27:47.4082787Z ##[group]Removing auth
2026-09-18T15:27:47.4086595Z [command]/usr/bin/git config --local --name-only --get-regexp core\.sshCommand
2026-09-18T15:27:47.4120405Z [command]/usr/bin/git submodule foreach --recursive sh -c "git config --local --name-only --get-regexp 'core\.sshCommand' && git config --local --unset-all 'core.sshCommand' || :"
2026-09-18T15:27:47.4345839Z [command]/usr/bin/git config --local --name-only --get-regexp http\.https\:\/\/github\.com\/\.extraheader
2026-09-18T15:27:47.4375520Z http.https://github.com/.extraheader
2026-09-18T15:27:47.4385320Z [command]/usr/bin/git config --local --unset-all http.https://github.com/.extraheader
2026-09-18T15:27:47.4425875Z [command]/usr/bin/git submodule foreach --recursive sh -c "git config --local --name-only --get-regexp 'http\.https\:\/\/github\.com\/\.extraheader' && git config --local --unset-all 'http.https://github.com/.extraheader' || :"
2026-09-18T15:27:47.4641005Z ##[endgroup]
2026-09-18T15:27:47.4888507Z ##[group]Run rustup toolchain install 1.98.1 --profile minimal --component rustfmt --component clippy
2026-09-18T15:27:47.4891697Z [36;1mrustup toolchain install 1.98.1 --profile minimal --component rustfmt --component clippy[0m
2026-09-18T15:27:47.4936001Z shell: /usr/bin/bash --noprofile --norc -e -o pipefail {0}
2026-09-18T15:27:47.4937619Z env:
2026-09-18T15:27:47.4938560Z   RAYON_NUM_THREADS: 2
2026-09-18T15:27:47.4939638Z   CARGO_BUILD_JOBS: 2
2026-09-18T15:27:47.4940644Z ##[endgroup]
2026-09-18T15:27:47.5468712Z info: syncing channel updates for 1.98.1-x86_64-unknown-linux-gnu
2026-09-18T15:27:47.6457322Z info: latest update on 2026-09-03 for version 1.98.1 (48a229cea 2026-09-01)
2026-09-18T15:27:47.6460610Z info: downloading 5 components
2026-09-18T15:27:55.5120843Z 
2026-09-18T15:27:55.5191773Z   1.98.1-x86_64-unknown-linux-gnu installed - rustc 1.98.1 (48a229cea 2026-09-01)
2026-09-18T15:27:55.5192460Z 
2026-09-18T15:27:55.5292222Z ##[group]Run rustc --version
2026-09-18T15:27:55.5292599Z [36;1mrustc --version[0m
2026-09-18T15:27:55.5292921Z [36;1mcargo fmt --all -- --check[0m
2026-09-18T15:27:55.5293329Z [36;1mcargo metadata --locked --format-version=1 > /dev/null[0m
2026-09-18T15:27:55.5293817Z [36;1mtest -z "$(git status --porcelain --untracked-files=no)"[0m
2026-09-18T15:27:55.5332575Z shell: /usr/bin/bash --noprofile --norc -e -o pipefail {0}
2026-09-18T15:27:55.5332977Z env:
2026-09-18T15:27:55.5333222Z   RAYON_NUM_THREADS: 2
2026-09-18T15:27:55.5333491Z   CARGO_BUILD_JOBS: 2
2026-09-18T15:27:55.5333754Z ##[endgroup]
2026-09-18T15:27:55.5736216Z rustc 1.98.1 (48a229cea 2026-09-01)
2026-09-18T15:27:55.7105086Z Diff in /home/runner/work/Zevune/Zevune/integration/orchard/src/pool/active/package/tests.rs:170:
2026-09-18T15:27:55.7106425Z              if self.raw.len() >= self.limit {
2026-09-18T15:27:55.7111807Z                  return Err(io::ErrorKind::PermissionDenied.into());
2026-09-18T15:27:55.7112987Z              }
2026-09-18T15:27:55.7115053Z -            let count = bytes
2026-09-18T15:27:55.7115751Z -                .len()
2026-09-18T15:27:55.7116193Z -                .min(self.chunk)
2026-09-18T15:27:55.7116716Z -                .min(self.limit - self.raw.len());
2026-09-18T15:27:55.7117476Z +            let count = bytes.len().min(self.chunk).min(self.limit - self.raw.len());
2026-09-18T15:27:55.7118281Z              self.raw.extend_from_slice(&bytes[..count]);
2026-09-18T15:27:55.7118820Z              Ok(count)
2026-09-18T15:27:55.7119075Z          }
2026-09-18T15:27:55.7119540Z Diff in /home/runner/work/Zevune/Zevune/integration/orchard/src/pool/active/package/tests.rs:283:
2026-09-18T15:27:55.7120077Z              encoded.extend_from_slice(&bytes);
2026-09-18T15:27:55.7120370Z          }
2026-09-18T15:27:55.7120947Z          assert_eq!(package_bytes(&package), encoded);
2026-09-18T15:27:55.7121475Z -        assert_eq!(package.length(), metadata.len() as u64 + later.length() - base.length());
2026-09-18T15:27:55.7121917Z +        assert_eq!(
2026-09-18T15:27:55.7122180Z +            package.length(),
2026-09-18T15:27:55.7122504Z +            metadata.len() as u64 + later.length() - base.length()
2026-09-18T15:27:55.7122833Z +        );
2026-09-18T15:27:55.7123068Z          let joined = JoinedJournal::new(
2026-09-18T15:27:55.7123348Z              &base,
2026-09-18T15:27:55.7123570Z              &base_genesis,
2026-09-18T15:27:55.7124023Z Diff in /home/runner/work/Zevune/Zevune/integration/orchard/src/pool/active/package/tests.rs:294:
2026-09-18T15:27:55.7124955Z              later.length(),
2026-09-18T15:27:55.7125373Z          )
2026-09-18T15:27:55.7125707Z          .unwrap();
2026-09-18T15:27:55.7126356Z -        assert_eq!(joined.layout_hash().unwrap(), later.layout_hash(&later_genesis).unwrap());
2026-09-18T15:27:55.7127127Z +        assert_eq!(
2026-09-18T15:27:55.7127514Z +            joined.layout_hash().unwrap(),
2026-09-18T15:27:55.7128056Z +            later.layout_hash(&later_genesis).unwrap()
2026-09-18T15:27:55.7128550Z +        );
2026-09-18T15:27:55.7128925Z          let mut reader = joined.reader().unwrap();
2026-09-18T15:27:55.7129460Z          let mut actual = Vec::new();
2026-09-18T15:27:55.7129924Z          let mut buffer = [0; 8191];
2026-09-18T15:27:55.7130425Z Diff in /home/runner/work/Zevune/Zevune/integration/orchard/src/pool/active/package/tests.rs:330:
2026-09-18T15:27:55.7130900Z              );
2026-09-18T15:27:55.7131092Z          }
2026-09-18T15:27:55.7131369Z          assert_eq!(logical(&restored, &restored_genesis), expected);
2026-09-18T15:27:55.7131909Z -        assert_eq!(restored.layout_hash(&restored_genesis).unwrap(), joined.layout_hash().unwrap());
2026-09-18T15:27:55.7132365Z +        assert_eq!(
2026-09-18T15:27:55.7132647Z +            restored.layout_hash(&restored_genesis).unwrap(),
2026-09-18T15:27:55.7132987Z +            joined.layout_hash().unwrap()
2026-09-18T15:27:55.7133252Z +        );
2026-09-18T15:27:55.7133457Z          assert!(matches!(
2026-09-18T15:27:55.7133999Z              ActiveJournal::open(&restored_path, &[0; 76]),
2026-09-18T15:27:55.7134343Z              Err(PoolError::Locked)
2026-09-18T15:27:55.7135173Z Diff in /home/runner/work/Zevune/Zevune/integration/orchard/src/pool/active/package/tests.rs:518:
2026-09-18T15:27:55.7135683Z                  later.length(),
2026-09-18T15:27:55.7135921Z              )
2026-09-18T15:27:55.7136121Z              .unwrap();
2026-09-18T15:27:55.7136510Z -            assert_eq!(joined.layout_hash().unwrap(), later.layout_hash(&later_genesis).unwrap());
2026-09-18T15:27:55.7136943Z +            assert_eq!(
2026-09-18T15:27:55.7137193Z +                joined.layout_hash().unwrap(),
2026-09-18T15:27:55.7137533Z +                later.layout_hash(&later_genesis).unwrap()
2026-09-18T15:27:55.7137828Z +            );
2026-09-18T15:27:55.7138024Z          }
2026-09-18T15:27:55.7138203Z      }
2026-09-18T15:27:55.7138462Z      assert_eq!(logical(&base, &base_genesis), before_base);
2026-09-18T15:27:55.7138991Z Diff in /home/runner/work/Zevune/Zevune/integration/orchard/src/pool/active/package/tests.rs:564:
2026-09-18T15:27:55.7139479Z              assert_eq!(retained.len(), 1);
2026-09-18T15:27:55.7139746Z          } else {
2026-09-18T15:27:55.7139971Z              assert_eq!(retained.len(), 2);
2026-09-18T15:27:55.7140363Z -            assert_eq!(retained[&name(0)].len(), if fault == 12 { 200 } else { 1000 });
2026-09-18T15:27:55.7140781Z +            assert_eq!(
2026-09-18T15:27:55.7141053Z +                retained[&name(0)].len(),
2026-09-18T15:27:55.7141344Z +                if fault == 12 { 200 } else { 1000 }
2026-09-18T15:27:55.7141616Z +            );
2026-09-18T15:27:55.7141803Z          }
2026-09-18T15:27:55.7142029Z          assert!(joined.copy_new(&target).is_err());
2026-09-18T15:27:55.7142355Z          assert_eq!(output_bytes(&path), retained);
2026-09-18T15:27:55.7143015Z Diff in /home/runner/work/Zevune/Zevune/integration/orchard/src/pool/active/package/tests.rs:571:
2026-09-18T15:27:55.7143488Z          if fault >= 13 {
2026-09-18T15:27:55.7143843Z              let (genesis, restored) = ActiveJournal::open(&path, &[0; 76]).unwrap();
2026-09-18T15:27:55.7144302Z              assert_eq!(logical(&restored, &genesis), before_later);
2026-09-18T15:27:55.7145069Z -            assert_eq!(restored.layout_hash(&genesis).unwrap(), joined.layout_hash().unwrap());
2026-09-18T15:27:55.7145499Z +            assert_eq!(
2026-09-18T15:27:55.7145759Z +                restored.layout_hash(&genesis).unwrap(),
2026-09-18T15:27:55.7146082Z +                joined.layout_hash().unwrap()
2026-09-18T15:27:55.7146379Z +            );
2026-09-18T15:27:55.7146576Z          }
2026-09-18T15:27:55.7146755Z      }
2026-09-18T15:27:55.7147007Z      assert_eq!(logical(&base, &base_genesis), before_base);
2026-09-18T15:27:55.7175724Z Diff in /home/runner/work/Zevune/Zevune/integration/orchard/src/pool/active/package.rs:3:
2026-09-18T15:27:55.7176813Z  //! bind both trusted pins, and repeat complete byte/namespace checks at the end.
2026-09-18T15:27:55.7177356Z  use super::{
2026-09-18T15:27:55.7177717Z      check_file, create_file, name, namespace, open_file_access, read_at, regular,
2026-09-18T15:27:55.7178305Z -    validate_physical_frame, visit_file, ActiveJournal, File, Hash, PoolError, Segment,
2026-09-18T15:27:55.7178923Z -    COPY_CHUNK, GENESIS, MAX_SEGMENTS, MIN_FRAME_BYTES, SEGMENT_BYTES, TOTAL_BYTES,
2026-09-18T15:27:55.7179566Z +    validate_physical_frame, visit_file, ActiveJournal, File, Hash, PoolError, Segment, COPY_CHUNK,
2026-09-18T15:27:55.7180151Z +    GENESIS, MAX_SEGMENTS, MIN_FRAME_BYTES, SEGMENT_BYTES, TOTAL_BYTES,
2026-09-18T15:27:55.7180503Z  };
2026-09-18T15:27:55.7180716Z  use sha2::{Digest, Sha256};
2026-09-18T15:27:55.7180959Z  use std::fs;
2026-09-18T15:27:55.7181381Z Diff in /home/runner/work/Zevune/Zevune/integration/orchard/src/pool/active/package.rs:116:
2026-09-18T15:27:55.7181870Z      while position < end {
2026-09-18T15:27:55.7182448Z          let take = usize::try_from((end - position).min(COPY_CHUNK as u64))
2026-09-18T15:27:55.7182897Z              .map_err(|_| PoolError::Bounds)?;
2026-09-18T15:27:55.7183347Z -        fill_at(&mut buffer[..take], position, |bytes, at| read_at(file, bytes, at))?;
2026-09-18T15:27:55.7183827Z +        fill_at(&mut buffer[..take], position, |bytes, at| {
2026-09-18T15:27:55.7184170Z +            read_at(file, bytes, at)
2026-09-18T15:27:55.7184673Z +        })?;
2026-09-18T15:27:55.7184917Z          consume(&buffer[..take])?;
2026-09-18T15:27:55.7185189Z          position = position
2026-09-18T15:27:55.7185569Z              .checked_add(u64::try_from(take).map_err(|_| PoolError::Bounds)?)
2026-09-18T15:27:55.7186150Z Diff in /home/runner/work/Zevune/Zevune/integration/orchard/src/pool/active/package.rs:578:
2026-09-18T15:27:55.7186662Z              use std::os::unix::fs::DirBuilderExt;
2026-09-18T15:27:55.7186980Z              builder.mode(0o700);
2026-09-18T15:27:55.7187218Z          }
2026-09-18T15:27:55.7187557Z -        builder.create(target.path()).map_err(|_| PoolError::Storage)?;
2026-09-18T15:27:55.7187922Z +        builder
2026-09-18T15:27:55.7188153Z +            .create(target.path())
2026-09-18T15:27:55.7188456Z +            .map_err(|_| PoolError::Storage)?;
2026-09-18T15:27:55.7188848Z          let location = namespace::Directory::open(target.path())?;
2026-09-18T15:27:55.7189286Z          let mut genesis = create_file(&target.path().join(GENESIS))?;
2026-09-18T15:27:55.7189721Z          genesis.try_lock().map_err(|_| PoolError::Locked)?;
2026-09-18T15:27:55.7278835Z Diff in /home/runner/work/Zevune/Zevune/integration/orchard/src/pool/active.rs:214:
2026-09-18T15:27:55.7279637Z      let mut begin = header_length;
2026-09-18T15:27:55.7279932Z      let mut previous = None;
2026-09-18T15:27:55.7280239Z      for segment_length in segment_lengths {
2026-09-18T15:27:55.7280723Z -        let limit = begin
2026-09-18T15:27:55.7281009Z -            .checked_add(segment_length)
2026-09-18T15:27:55.7281338Z -            .ok_or(PoolError::Bounds)?;
2026-09-18T15:27:55.7281787Z +        let limit = begin.checked_add(segment_length).ok_or(PoolError::Bounds)?;
2026-09-18T15:27:55.7282207Z          if start < limit {
2026-09-18T15:27:55.7282448Z              if end > limit
2026-09-18T15:27:55.7282694Z                  || (start == begin
2026-09-18T15:27:55.7363621Z Diff in /home/runner/work/Zevune/Zevune/integration/orchard/src/pool/active_flow_tests.rs:289:
2026-09-18T15:27:55.7364897Z      drop(package);
2026-09-18T15:27:55.7365192Z      drop(later);
2026-09-18T15:27:55.7365606Z      assert!(fs::read(&package_path).unwrap() == expected);
2026-09-18T15:27:55.7366056Z -    let mut package =
2026-09-18T15:27:55.7366609Z -        ActiveIncrementalPackage::open(&package_path, &mut base, later_pin).unwrap();
2026-09-18T15:27:55.7367512Z +    let mut package = ActiveIncrementalPackage::open(&package_path, &mut base, later_pin).unwrap();
2026-09-18T15:27:55.7368159Z      assert_eq!(
2026-09-18T15:27:55.7368546Z          package.restore_new(&mut base, &restored_path).unwrap(),
2026-09-18T15:27:55.7368994Z          later_pin
2026-09-18T15:27:55.7559961Z Diff in /home/runner/work/Zevune/Zevune/integration/orchard/src/pool/recovery/active/package/tests.rs:212:
2026-09-18T15:27:55.7561409Z  #[test]
2026-09-18T15:27:55.7562396Z  fn independently_encoded_packages_restore_exact_bytes_without_a_later_directory() {
2026-09-18T15:27:55.7563441Z      let d = Dir::new();
2026-09-18T15:27:55.7564053Z -    for (number, (base_height, later_height)) in [(0, 0), (0, 3), (2, 2), (2, 5)]
2026-09-18T15:27:55.7565112Z -        .into_iter()
2026-09-18T15:27:55.7565480Z -        .enumerate()
2026-09-18T15:27:55.7565907Z +    for (number, (base_height, later_height)) in
2026-09-18T15:27:55.7566489Z +        [(0, 0), (0, 3), (2, 2), (2, 5)].into_iter().enumerate()
2026-09-18T15:27:55.7566978Z      {
2026-09-18T15:27:55.7567412Z          let base_path = d.path(&format!("base-{number}"));
2026-09-18T15:27:55.7568054Z          let later_path = d.path(&format!("later-{number}"));
2026-09-18T15:27:55.7569141Z Diff in /home/runner/work/Zevune/Zevune/integration/orchard/src/pool/recovery/active/package/tests.rs:244:
2026-09-18T15:27:55.7569929Z          assert_plan(&package, base_pin, later_pin, &ranges);
2026-09-18T15:27:55.7570407Z          package.verify(&mut base).unwrap();
2026-09-18T15:27:55.7570872Z          let restored = d.path(&format!("restored-{number}"));
2026-09-18T15:27:55.7571500Z -        assert_eq!(package.restore_new(&mut base, &restored).unwrap(), later_pin);
2026-09-18T15:27:55.7572027Z +        assert_eq!(
2026-09-18T15:27:55.7572409Z +            package.restore_new(&mut base, &restored).unwrap(),
2026-09-18T15:27:55.7572839Z +            later_pin
2026-09-18T15:27:55.7573114Z +        );
2026-09-18T15:27:55.7573470Z          assert_eq!(directory_bytes(&restored), original_later);
2026-09-18T15:27:55.7574081Z          // restore_new returns no owning writer or hidden pending reservation.
2026-09-18T15:27:55.7574929Z          let mut pool = open_store(&restored).unwrap();
2026-09-18T15:27:55.7575695Z Diff in /home/runner/work/Zevune/Zevune/integration/orchard/src/pool/recovery/active/package/tests.rs:369:
2026-09-18T15:27:55.7576544Z          // These PRIVATE calls cannot publish an object to production callers.
2026-09-18T15:27:55.7577226Z          // Prove the genuine base, strict metadata, complete payload and repinned
2026-09-18T15:27:55.7577913Z          // combined layout all pass before exercising the actual replay gate.
2026-09-18T15:27:55.7578423Z -        let mut unchecked =
2026-09-18T15:27:55.7578963Z -            ActiveIncrementalPackage::open_unverified(&path, &base, pin).unwrap();
2026-09-18T15:27:55.7579599Z +        let mut unchecked = ActiveIncrementalPackage::open_unverified(&path, &base, pin).unwrap();
2026-09-18T15:27:55.7580124Z          unchecked.check_bytes(&base).unwrap();
2026-09-18T15:27:55.7580571Z          if ranges.len() > 1 {
2026-09-18T15:27:55.7580929Z              // Both segment indices and individual offsets remain in bounds.
2026-09-18T15:27:55.7581559Z Diff in /home/runner/work/Zevune/Zevune/integration/orchard/src/pool/recovery/active/package/tests.rs:378:
2026-09-18T15:27:55.7582188Z              // strict table ordering rather than an out-of-range segment index.
2026-09-18T15:27:55.7582587Z              let mut reversed = ranges.clone();
2026-09-18T15:27:55.7582888Z              reversed.reverse();
2026-09-18T15:27:55.7583166Z -            let reordered = encode_fixture(
2026-09-18T15:27:55.7583453Z -                base_pin,
2026-09-18T15:27:55.7583695Z -                pin,
2026-09-18T15:27:55.7583927Z -                &reversed,
2026-09-18T15:27:55.7584203Z -                &payload(&changed, &reversed),
2026-09-18T15:27:55.7584799Z -            );
2026-09-18T15:27:55.7585248Z +            let reordered = encode_fixture(base_pin, pin, &reversed, &payload(&changed, &reversed));
2026-09-18T15:27:55.7585803Z              let reordered_path = d.path("out-of-order.incremental");
2026-09-18T15:27:55.7586222Z              fs::write(&reordered_path, &reordered).unwrap();
2026-09-18T15:27:55.7586555Z              assert!(matches!(
2026-09-18T15:27:55.7587067Z Diff in /home/runner/work/Zevune/Zevune/integration/orchard/src/pool/recovery/active/package/tests.rs:430:
2026-09-18T15:27:55.7587705Z      let mut base = ActiveArchive::open(&base_path, base_pin).unwrap();
2026-09-18T15:27:55.7588207Z      let mut later = ActiveArchive::open(&later_path, later_pin).unwrap();
2026-09-18T15:27:55.7588635Z      let package_path = d.path("good.incremental");
2026-09-18T15:27:55.7589100Z -    let mut package = base.pack_incremental_new(&mut later, &package_path).unwrap();
2026-09-18T15:27:55.7589523Z +    let mut package = base
2026-09-18T15:27:55.7589826Z +        .pack_incremental_new(&mut later, &package_path)
2026-09-18T15:27:55.7590155Z +        .unwrap();
2026-09-18T15:27:55.7590428Z      for (index, (height, variant, domain)) in [
2026-09-18T15:27:55.7590729Z          (2, 1, DOMAIN),
2026-09-18T15:27:55.7590956Z          (4, 1, DOMAIN),
2026-09-18T15:27:55.7591593Z Diff in /home/runner/work/Zevune/Zevune/integration/orchard/src/pool/recovery/active/package/tests.rs:460:
2026-09-18T15:27:55.7592146Z      package.verify(&mut base).unwrap();
2026-09-18T15:27:55.7592577Z      let mut same_base = ActiveArchive::open(&base_path, base_pin).unwrap();
2026-09-18T15:27:55.7593016Z      let same_path = d.path("same-path.incremental");
2026-09-18T15:27:55.7593461Z -    let same = base.pack_incremental_new(&mut same_base, &same_path).unwrap();
2026-09-18T15:27:55.7593850Z +    let same = base
2026-09-18T15:27:55.7594130Z +        .pack_incremental_new(&mut same_base, &same_path)
2026-09-18T15:27:55.7594673Z +        .unwrap();
2026-09-18T15:27:55.7594983Z      assert_plan(&same, base_pin, base_pin, &[]);
2026-09-18T15:27:55.7595276Z  }
2026-09-18T15:27:55.7595455Z  
2026-09-18T15:27:55.7595909Z Diff in /home/runner/work/Zevune/Zevune/integration/orchard/src/pool/recovery/active/package/tests.rs:474:
2026-09-18T15:27:55.7596955Z      let mut base = ActiveArchive::open(&base_path, base_pin).unwrap();
2026-09-18T15:27:55.7597825Z      let mut later = ActiveArchive::open(&later_path, later_pin).unwrap();
2026-09-18T15:27:55.7598577Z      let package_path = d.path("package.incremental");
2026-09-18T15:27:55.7599366Z -    let package = base.pack_incremental_new(&mut later, &package_path).unwrap();
2026-09-18T15:27:55.7600073Z +    let package = base
2026-09-18T15:27:55.7600561Z +        .pack_incremental_new(&mut later, &package_path)
2026-09-18T15:27:55.7601095Z +        .unwrap();
2026-09-18T15:27:55.7601456Z      drop(package);
2026-09-18T15:27:55.7601965Z      let original_package = fs::read(&package_path).unwrap();
2026-09-18T15:27:55.7602539Z -    let mut package =
2026-09-18T15:27:55.7603105Z -        ActiveIncrementalPackage::open(&package_path, &mut base, later_pin).unwrap();
2026-09-18T15:27:55.7603818Z +    let mut package = ActiveIncrementalPackage::open(&package_path, &mut base, later_pin).unwrap();
2026-09-18T15:27:55.7604831Z      let file = d.path("existing-file");
2026-09-18T15:27:55.7605259Z      fs::write(&file, b"keep file").unwrap();
2026-09-18T15:27:55.7605605Z      let directory = d.path("existing-directory");
2026-09-18T15:27:55.7606171Z Diff in /home/runner/work/Zevune/Zevune/integration/orchard/src/pool/recovery/active/package/tests.rs:506:
2026-09-18T15:27:55.7606701Z          assert!(!target.exists());
2026-09-18T15:27:55.7606954Z      }
2026-09-18T15:27:55.7607221Z      assert_eq!(fs::read(&file).unwrap(), b"keep file");
2026-09-18T15:27:55.7607547Z -    assert_eq!(
2026-09-18T15:27:55.7607826Z -        fs::read(directory.join("keep")).unwrap(),
2026-09-18T15:27:55.7608156Z -        b"keep directory"
2026-09-18T15:27:55.7608388Z -    );
2026-09-18T15:27:55.7608727Z +    assert_eq!(fs::read(directory.join("keep")).unwrap(), b"keep directory");
2026-09-18T15:27:55.7609216Z      assert_eq!(fs::read(&package_path).unwrap(), original_package);
2026-09-18T15:27:55.7609745Z      // A prior successful open and plan cannot authorize future base contents.
2026-09-18T15:27:55.7610162Z      change_tail(&base_path).unwrap();
2026-09-18T15:27:55.7610702Z Diff in /home/runner/work/Zevune/Zevune/integration/orchard/src/pool/recovery/active/package/tests.rs:600:
2026-09-18T15:27:55.7611213Z          drop(file);
2026-09-18T15:27:55.7611428Z      }
2026-09-18T15:27:55.7611689Z      let package_path = d.path("complete.incremental");
2026-09-18T15:27:55.7612166Z -    let mut package = base.pack_incremental_new(&mut later, &package_path).unwrap();
2026-09-18T15:27:55.7612597Z +    let mut package = base
2026-09-18T15:27:55.7612907Z +        .pack_incremental_new(&mut later, &package_path)
2026-09-18T15:27:55.7613225Z +        .unwrap();
2026-09-18T15:27:55.7613450Z      for fault in 11..=14 {
2026-09-18T15:27:55.7613774Z          let target = d.path(&format!("partial-restore-{fault}"));
2026-09-18T15:27:55.7614140Z          package.fault = fault;
2026-09-18T15:27:55.7614910Z Diff in /home/runner/work/Zevune/Zevune/integration/orchard/src/pool/recovery/active/package/tests.rs:776:
2026-09-18T15:27:55.7615647Z              }
2026-09-18T15:27:55.7616067Z              assert!(ActiveIncrementalPackage::open(&path, &mut base, later_pin).is_err());
2026-09-18T15:27:55.7616495Z          } else {
2026-09-18T15:27:55.7616720Z -            let mut package =
2026-09-18T15:27:55.7617128Z -                ActiveIncrementalPackage::open(&path, &mut base, later_pin).unwrap();
2026-09-18T15:27:55.7617748Z +            let mut package = ActiveIncrementalPackage::open(&path, &mut base, later_pin).unwrap();
2026-09-18T15:27:55.7618219Z              if kind == "replacement" {
2026-09-18T15:27:55.7618553Z                  fs::rename(&path, &other).unwrap();
2026-09-18T15:27:55.7618888Z                  fs::write(&path, &raw).unwrap();
2026-09-18T15:27:55.7619436Z Diff in /home/runner/work/Zevune/Zevune/integration/orchard/src/pool/recovery/active/package/tests.rs:804:
2026-09-18T15:27:55.7619984Z      fs::write(&path, &raw).unwrap();
2026-09-18T15:27:55.7620372Z      assert_eq!(package.verify(&mut base), Err(PoolError::Corrupt));
2026-09-18T15:27:55.7620784Z      assert_eq!(fs::read(&path).unwrap(), raw);
2026-09-18T15:27:55.7621074Z -    assert_eq!(
2026-09-18T15:27:55.7621366Z -        fs::read(moved.join("package.incremental")).unwrap(),
2026-09-18T15:27:55.7621692Z -        raw
2026-09-18T15:27:55.7621890Z -    );
2026-09-18T15:27:55.7622213Z +    assert_eq!(fs::read(moved.join("package.incremental")).unwrap(), raw);
2026-09-18T15:27:55.7622572Z  }
2026-09-18T15:27:55.7622749Z  
2026-09-18T15:27:55.7622936Z  #[cfg(windows)]
2026-09-18T15:27:55.7623417Z Diff in /home/runner/work/Zevune/Zevune/integration/orchard/src/pool/recovery/active/package.rs:92:
2026-09-18T15:27:55.7623940Z          .map_err(|_| PoolError::Storage)?;
2026-09-18T15:27:55.7624230Z      for range in ranges {
2026-09-18T15:27:55.7624771Z          if range.segment_index < count {
2026-09-18T15:27:55.7625357Z -            if range.segment_index.checked_add(1).ok_or(PoolError::Bounds)? != count
2026-09-18T15:27:55.7625759Z +            if range
2026-09-18T15:27:55.7625992Z +                .segment_index
2026-09-18T15:27:55.7626246Z +                .checked_add(1)
2026-09-18T15:27:55.7626522Z +                .ok_or(PoolError::Bounds)?
2026-09-18T15:27:55.7626798Z +                != count
2026-09-18T15:27:55.7627043Z                  || range.offset != tail
2026-09-18T15:27:55.7627316Z                  || tail == 0
2026-09-18T15:27:55.7627543Z              {
2026-09-18T15:27:55.7627988Z Diff in /home/runner/work/Zevune/Zevune/integration/orchard/src/pool/recovery/active/package.rs:154:
2026-09-18T15:27:55.7628509Z              return Err(PoolError::Stale);
2026-09-18T15:27:55.7628779Z          }
2026-09-18T15:27:55.7629035Z          let count = usize::try_from(u32::from_be_bytes(
2026-09-18T15:27:55.7629347Z -            fixed[264..268]
2026-09-18T15:27:55.7629598Z -                .try_into()
2026-09-18T15:27:55.7629883Z -                .map_err(|_| PoolError::Corrupt)?,
2026-09-18T15:27:55.7630284Z +            fixed[264..268].try_into().map_err(|_| PoolError::Corrupt)?,
2026-09-18T15:27:55.7630631Z          ))
2026-09-18T15:27:55.7630861Z          .map_err(|_| PoolError::Bounds)?;
2026-09-18T15:27:55.7631164Z          let size = metadata_length(count)?;
2026-09-18T15:27:55.7631676Z Diff in /home/runner/work/Zevune/Zevune/integration/orchard/src/pool/recovery/active/package.rs:187:
2026-09-18T15:27:55.7632213Z                  segment_index: u32::from_be_bytes(
2026-09-18T15:27:55.7632610Z                      bytes[..4].try_into().map_err(|_| PoolError::Corrupt)?,
2026-09-18T15:27:55.7632953Z                  ),
2026-09-18T15:27:55.7633196Z -                offset: u32::from_be_bytes(
2026-09-18T15:27:55.7633579Z -                    bytes[4..8].try_into().map_err(|_| PoolError::Corrupt)?,
2026-09-18T15:27:55.7633930Z -                ),
2026-09-18T15:27:55.7634333Z +                offset: u32::from_be_bytes(bytes[4..8].try_into().map_err(|_| PoolError::Corrupt)?),
2026-09-18T15:27:55.7634945Z                  length: u32::from_be_bytes(
2026-09-18T15:27:55.7635471Z                      bytes[8..12].try_into().map_err(|_| PoolError::Corrupt)?,
2026-09-18T15:27:55.7635833Z                  ),
2026-09-18T15:27:55.7636286Z Diff in /home/runner/work/Zevune/Zevune/integration/orchard/src/pool/recovery/active/package.rs:371:
2026-09-18T15:27:55.7636820Z          let plan = self.incremental_plan(later)?;
2026-09-18T15:27:55.7637145Z          let metadata = encode(&plan)?;
2026-09-18T15:27:55.7637453Z          let ranges = physical_ranges(&plan)?;
2026-09-18T15:27:55.7637788Z -        let file = RetainedPackage::create_new(
2026-09-18T15:27:55.7638081Z -            target,
2026-09-18T15:27:55.7638302Z -            &metadata,
2026-09-18T15:27:55.7638524Z -            &ranges,
2026-09-18T15:27:55.7638765Z -            &later.journal,
2026-09-18T15:27:55.7639010Z -            &later.file,
2026-09-18T15:27:55.7639237Z -        )?;
2026-09-18T15:27:55.7639434Z +        let file =
2026-09-18T15:27:55.7639859Z +            RetainedPackage::create_new(target, &metadata, &ranges, &later.journal, &later.file)?;
2026-09-18T15:27:55.7640369Z          let mut package = ActiveIncrementalPackage {
2026-09-18T15:27:55.7640683Z              file,
2026-09-18T15:27:55.7640891Z              metadata,
2026-09-18T15:27:55.8542448Z Diff in /home/runner/work/Zevune/Zevune/integration/orchard/tests/active_incremental_package_cli.rs:34:
2026-09-18T15:27:55.8543538Z      fn new() -> Self {
2026-09-18T15:27:55.8543914Z          let mut nonce = [0; 16];
2026-09-18T15:27:55.8544335Z          OsRng.fill_bytes(&mut nonce);
2026-09-18T15:27:55.8545128Z -        let path = std::env::temp_dir()
2026-09-18T15:27:55.8545827Z -            .join(format!("zevune-active-incremental-package-cli-{}", hex(&nonce)));
2026-09-18T15:27:55.8546555Z +        let path = std::env::temp_dir().join(format!(
2026-09-18T15:27:55.8547116Z +            "zevune-active-incremental-package-cli-{}",
2026-09-18T15:27:55.8547987Z +            hex(&nonce)
2026-09-18T15:27:55.8548316Z +        ));
2026-09-18T15:27:55.8548663Z          fs::create_dir(&path).unwrap();
2026-09-18T15:27:55.8549074Z          Self(path)
2026-09-18T15:27:55.8549373Z      }
2026-09-18T15:27:55.8550053Z Diff in /home/runner/work/Zevune/Zevune/integration/orchard/tests/active_incremental_package_cli.rs:418:
2026-09-18T15:27:55.8550883Z          (&f.base, &f.base, f.base.path.as_path(), vec![]),
2026-09-18T15:27:55.8551374Z          (&f.later, &f.later, f.later.path.as_path(), vec![]),
2026-09-18T15:27:55.8551843Z          (&f.later, &f.later, copy.as_path(), vec![]),
2026-09-18T15:27:55.8552219Z -        (
2026-09-18T15:27:55.8552464Z -            &f.base,
2026-09-18T15:27:55.8552746Z -            &f.later,
2026-09-18T15:27:55.8553052Z -            f.later.path.as_path(),
2026-09-18T15:27:55.8553403Z -            vec![(0, 0, 450)],
2026-09-18T15:27:55.8553702Z -        ),
2026-09-18T15:27:55.8554077Z +        (&f.base, &f.later, f.later.path.as_path(), vec![(0, 0, 450)]),
2026-09-18T15:27:55.8554657Z      ];
2026-09-18T15:27:55.8555088Z      for (number, (base, later, source, ranges)) in cases.into_iter().enumerate() {
2026-09-18T15:27:55.8555708Z          let package = f.dir.path(&format!("package-{number}"));
2026-09-18T15:27:55.8556474Z Diff in /home/runner/work/Zevune/Zevune/integration/orchard/tests/active_incremental_package_cli.rs:439:
2026-09-18T15:27:55.8557129Z          ] {
2026-09-18T15:27:55.8557379Z              success(
2026-09-18T15:27:55.8557674Z                  &call(&package_args(
2026-09-18T15:27:55.8558015Z -                    mode,
2026-09-18T15:27:55.8558318Z -                    &base.path,
2026-09-18T15:27:55.8558639Z -                    base.pin,
2026-09-18T15:27:55.8558946Z -                    input,
2026-09-18T15:27:55.8559248Z -                    later.pin,
2026-09-18T15:27:55.8559555Z -                    output,
2026-09-18T15:27:55.8559964Z +                    mode, &base.path, base.pin, input, later.pin, output,
2026-09-18T15:27:55.8560416Z                  )),
2026-09-18T15:27:55.8560941Z                  &expected_json(mode, base.pin, later.pin, &ranges),
2026-09-18T15:27:55.8561308Z              );
2026-09-18T15:27:55.8899461Z ##[error]Process completed with exit code 1.
2026-09-18T15:27:55.9052065Z Post job cleanup.
2026-09-18T15:27:55.9913613Z [command]/usr/bin/git version
2026-09-18T15:27:55.9955004Z git version 2.55.0
2026-09-18T15:27:55.9997555Z Temporarily overriding HOME='/home/runner/work/_temp/113a16fb-50a6-4a57-98e9-30d58f8aae39' before making global git config changes
2026-09-18T15:27:55.9999095Z Adding repository directory to the temporary git global config as a safe directory
2026-09-18T15:27:56.0003805Z [command]/usr/bin/git config --global --add safe.directory /home/runner/work/Zevune/Zevune
2026-09-18T15:27:56.0047400Z [command]/usr/bin/git config --local --name-only --get-regexp core\.sshCommand
2026-09-18T15:27:56.0083961Z [command]/usr/bin/git submodule foreach --recursive sh -c "git config --local --name-only --get-regexp 'core\.sshCommand' && git config --local --unset-all 'core.sshCommand' || :"
2026-09-18T15:27:56.0406909Z [command]/usr/bin/git config --local --name-only --get-regexp http\.https\:\/\/github\.com\/\.extraheader
2026-09-18T15:27:56.0445562Z [command]/usr/bin/git submodule foreach --recursive sh -c "git config --local --name-only --get-regexp 'http\.https\:\/\/github\.com\/\.extraheader' && git config --local --unset-all 'http.https://github.com/.extraheader' || :"
2026-09-18T15:27:56.0976083Z Cleaning up orphan processes
