2026-09-17T10:25:21.6255922Z Current runner version: '2.337.0'
2026-09-17T10:25:21.6275647Z ##[group]Runner Image Provisioner
2026-09-17T10:25:21.6276340Z Hosted Compute Agent
2026-09-17T10:25:21.6276813Z Version: 20260828.587
2026-09-17T10:25:21.6277424Z Commit: abac92662cab4cc7352de4f9f9d2e2419aad9c29
2026-09-17T10:25:21.6278012Z Build Date: 2026-08-28T16:44:25Z
2026-09-17T10:25:21.6278596Z Worker ID: {f3f9dac0-c531-4b9b-acb7-5eb6e1c2b8ae}
2026-09-17T10:25:21.6279186Z Azure Region: westus3
2026-09-17T10:25:21.6279667Z ##[endgroup]
2026-09-17T10:25:21.6280802Z ##[group]Operating System
2026-09-17T10:25:21.6281302Z Ubuntu
2026-09-17T10:25:21.6281774Z 24.04.5
2026-09-17T10:25:21.6282350Z LTS
2026-09-17T10:25:21.6282781Z ##[endgroup]
2026-09-17T10:25:21.6283295Z ##[group]Runner Image
2026-09-17T10:25:21.6283778Z Image: ubuntu-24.04
2026-09-17T10:25:21.6284232Z Version: 20260907.300.1
2026-09-17T10:25:21.6285308Z Included Software: https://github.com/actions/runner-images/blob/ubuntu24/20260907.300/images/ubuntu/Ubuntu2404-Readme.md
2026-09-17T10:25:21.6286634Z Image Release: https://github.com/actions/runner-images/releases/tag/ubuntu24%2F20260907.300
2026-09-17T10:25:21.6287412Z ##[endgroup]
2026-09-17T10:25:21.6288356Z ##[group]GITHUB_TOKEN Permissions
2026-09-17T10:25:21.6289864Z Contents: read
2026-09-17T10:25:21.6290357Z Metadata: read
2026-09-17T10:25:21.6290969Z ##[endgroup]
2026-09-17T10:25:21.6292736Z Secret source: Actions
2026-09-17T10:25:21.6293543Z Cache mode: write
2026-09-17T10:25:21.6294089Z Prepare workflow directory
2026-09-17T10:25:21.6563045Z Prepare all required actions
2026-09-17T10:25:21.6616897Z Getting action download info
2026-09-17T10:25:21.9685880Z Download action repository 'actions/checkout@08c6903cd8c0fde910a37f88322edcfb5dd907a8' (SHA:08c6903cd8c0fde910a37f88322edcfb5dd907a8)
2026-09-17T10:25:22.1029135Z Download action repository 'actions/setup-go@44694675825211faa026b3c33043df3e48a5fa00' (SHA:44694675825211faa026b3c33043df3e48a5fa00)
2026-09-17T10:25:22.9677161Z Complete job name: source
2026-09-17T10:25:23.0296559Z ##[group]Run actions/checkout@08c6903cd8c0fde910a37f88322edcfb5dd907a8
2026-09-17T10:25:23.0297429Z with:
2026-09-17T10:25:23.0297817Z   persist-credentials: false
2026-09-17T10:25:23.0298262Z   repository: youq616/Zevune
2026-09-17T10:25:23.0301583Z   token: ***
2026-09-17T10:25:23.0302113Z   ssh-strict: true
2026-09-17T10:25:23.0302497Z   ssh-user: git
2026-09-17T10:25:23.0302872Z   clean: true
2026-09-17T10:25:23.0303255Z   sparse-checkout-cone-mode: true
2026-09-17T10:25:23.0303704Z   fetch-depth: 1
2026-09-17T10:25:23.0304076Z   fetch-tags: false
2026-09-17T10:25:23.0304454Z   show-progress: true
2026-09-17T10:25:23.0304840Z   lfs: false
2026-09-17T10:25:23.0305203Z   submodules: false
2026-09-17T10:25:23.0305599Z   set-safe-directory: true
2026-09-17T10:25:23.0306187Z ##[endgroup]
2026-09-17T10:25:23.1100806Z Syncing repository: youq616/Zevune
2026-09-17T10:25:23.1103260Z ##[group]Getting Git version info
2026-09-17T10:25:23.1104324Z Working directory is '/home/runner/work/Zevune/Zevune'
2026-09-17T10:25:23.1105828Z [command]/usr/bin/git version
2026-09-17T10:25:23.1162866Z git version 2.55.0
2026-09-17T10:25:23.1165147Z ##[endgroup]
2026-09-17T10:25:23.1178597Z Temporarily overriding HOME='/home/runner/work/_temp/f089d6f1-7098-4f54-8e13-cc031d6f2cd4' before making global git config changes
2026-09-17T10:25:23.1180618Z Adding repository directory to the temporary git global config as a safe directory
2026-09-17T10:25:23.1184119Z [command]/usr/bin/git config --global --add safe.directory /home/runner/work/Zevune/Zevune
2026-09-17T10:25:23.1233742Z Deleting the contents of '/home/runner/work/Zevune/Zevune'
2026-09-17T10:25:23.1234765Z ##[group]Initializing the repository
2026-09-17T10:25:23.1242877Z [command]/usr/bin/git init /home/runner/work/Zevune/Zevune
2026-09-17T10:25:23.1439889Z hint: Using 'master' as the name for the initial branch. This default branch name
2026-09-17T10:25:23.1441329Z hint: will change to "main" in Git 3.0. To configure the initial branch name
2026-09-17T10:25:23.1442853Z hint: to use in all of your new repositories, which will suppress this warning,
2026-09-17T10:25:23.1444213Z hint: call:
2026-09-17T10:25:23.1444986Z hint:
2026-09-17T10:25:23.1445735Z hint: 	git config --global init.defaultBranch <name>
2026-09-17T10:25:23.1446602Z hint:
2026-09-17T10:25:23.1447390Z hint: Names commonly chosen instead of 'master' are 'main', 'trunk' and
2026-09-17T10:25:23.1448677Z hint: 'development'. The just-created branch can be renamed via this command:
2026-09-17T10:25:23.1449709Z hint:
2026-09-17T10:25:23.1450329Z hint: 	git branch -m <name>
2026-09-17T10:25:23.1450978Z hint:
2026-09-17T10:25:23.1452018Z hint: Disable this message with "git config set advice.defaultBranchName false"
2026-09-17T10:25:23.1453417Z Initialized empty Git repository in /home/runner/work/Zevune/Zevune/.git/
2026-09-17T10:25:23.1455691Z [command]/usr/bin/git remote add origin https://github.com/youq616/Zevune
2026-09-17T10:25:23.1512373Z ##[endgroup]
2026-09-17T10:25:23.1513085Z ##[group]Disabling automatic garbage collection
2026-09-17T10:25:23.1515345Z [command]/usr/bin/git config --local gc.auto 0
2026-09-17T10:25:23.1541674Z ##[endgroup]
2026-09-17T10:25:23.1542501Z ##[group]Setting up auth
2026-09-17T10:25:23.1549257Z [command]/usr/bin/git config --local --name-only --get-regexp core\.sshCommand
2026-09-17T10:25:23.1580647Z [command]/usr/bin/git submodule foreach --recursive sh -c "git config --local --name-only --get-regexp 'core\.sshCommand' && git config --local --unset-all 'core.sshCommand' || :"
2026-09-17T10:25:23.1897827Z [command]/usr/bin/git config --local --name-only --get-regexp http\.https\:\/\/github\.com\/\.extraheader
2026-09-17T10:25:23.1929192Z [command]/usr/bin/git submodule foreach --recursive sh -c "git config --local --name-only --get-regexp 'http\.https\:\/\/github\.com\/\.extraheader' && git config --local --unset-all 'http.https://github.com/.extraheader' || :"
2026-09-17T10:25:23.2119295Z [command]/usr/bin/git config --local http.https://github.com/.extraheader AUTHORIZATION: basic ***
2026-09-17T10:25:23.2150965Z ##[endgroup]
2026-09-17T10:25:23.2151722Z ##[group]Fetching the repository
2026-09-17T10:25:23.2158511Z [command]/usr/bin/git -c protocol.version=2 fetch --no-tags --prune --no-recurse-submodules --depth=1 origin +44d9b13d1a1eed74158899717304aa42c1b5e30d:refs/remotes/pull/13/merge
2026-09-17T10:25:24.3644194Z From https://github.com/youq616/Zevune
2026-09-17T10:25:24.3646024Z  * [new ref]         44d9b13d1a1eed74158899717304aa42c1b5e30d -> pull/13/merge
2026-09-17T10:25:24.3649648Z ##[endgroup]
2026-09-17T10:25:24.3651238Z ##[group]Determining the checkout info
2026-09-17T10:25:24.3653095Z ##[endgroup]
2026-09-17T10:25:24.3656056Z [command]/usr/bin/git sparse-checkout disable
2026-09-17T10:25:24.3703905Z [command]/usr/bin/git config --local --unset-all extensions.worktreeConfig
2026-09-17T10:25:24.3730103Z ##[group]Checking out the ref
2026-09-17T10:25:24.3733535Z [command]/usr/bin/git checkout --progress --force refs/remotes/pull/13/merge
2026-09-17T10:25:24.4139938Z Note: switching to 'refs/remotes/pull/13/merge'.
2026-09-17T10:25:24.4140700Z 
2026-09-17T10:25:24.4141240Z You are in 'detached HEAD' state. You can look around, make experimental
2026-09-17T10:25:24.4142667Z changes and commit them, and you can discard any commits you make in this
2026-09-17T10:25:24.4143947Z state without impacting any branches by switching back to a branch.
2026-09-17T10:25:24.4144768Z 
2026-09-17T10:25:24.4145377Z If you want to create a new branch to retain commits you create, you may
2026-09-17T10:25:24.4146673Z do so (now or later) by using -c with the switch command. Example:
2026-09-17T10:25:24.4147425Z 
2026-09-17T10:25:24.4147772Z   git switch -c <new-branch-name>
2026-09-17T10:25:24.4148289Z 
2026-09-17T10:25:24.4148676Z Or undo this operation with:
2026-09-17T10:25:24.4149380Z 
2026-09-17T10:25:24.4149891Z   git switch -
2026-09-17T10:25:24.4150568Z 
2026-09-17T10:25:24.4151393Z Turn off this advice by setting config variable advice.detachedHead to false
2026-09-17T10:25:24.4152885Z 
2026-09-17T10:25:24.4154563Z HEAD is now at 44d9b13 Merge 99ef9e8217182c9a6f4f1e9349613c1917ddec50 into 6913d4ab2fda6956db37e0ceb49790a4518c2762
2026-09-17T10:25:24.4158705Z ##[endgroup]
2026-09-17T10:25:24.4190558Z [command]/usr/bin/git log -1 --format=%H
2026-09-17T10:25:24.4213410Z 44d9b13d1a1eed74158899717304aa42c1b5e30d
2026-09-17T10:25:24.4222250Z ##[group]Removing auth
2026-09-17T10:25:24.4224856Z [command]/usr/bin/git config --local --name-only --get-regexp core\.sshCommand
2026-09-17T10:25:24.4254778Z [command]/usr/bin/git submodule foreach --recursive sh -c "git config --local --name-only --get-regexp 'core\.sshCommand' && git config --local --unset-all 'core.sshCommand' || :"
2026-09-17T10:25:24.4440121Z [command]/usr/bin/git config --local --name-only --get-regexp http\.https\:\/\/github\.com\/\.extraheader
2026-09-17T10:25:24.4462947Z http.https://github.com/.extraheader
2026-09-17T10:25:24.4468697Z [command]/usr/bin/git config --local --unset-all http.https://github.com/.extraheader
2026-09-17T10:25:24.4497951Z [command]/usr/bin/git submodule foreach --recursive sh -c "git config --local --name-only --get-regexp 'http\.https\:\/\/github\.com\/\.extraheader' && git config --local --unset-all 'http.https://github.com/.extraheader' || :"
2026-09-17T10:25:24.4679659Z ##[endgroup]
2026-09-17T10:25:24.4957769Z Node 20 is being deprecated. This workflow is running with Node 24 by default. If you need to temporarily use Node 20, you can set the ACTIONS_ALLOW_USE_UNSECURE_NODE_VERSION=true environment variable. For more information see: https://github.blog/changelog/2025-09-19-deprecation-of-node-20-on-github-actions-runners/
2026-09-17T10:25:24.4962914Z ##[group]Run actions/setup-go@44694675825211faa026b3c33043df3e48a5fa00
2026-09-17T10:25:24.4964134Z with:
2026-09-17T10:25:24.4964816Z   go-version: 1.27.1
2026-09-17T10:25:24.4965727Z   cache-dependency-path: integration/cometbft/go.sum
2026-09-17T10:25:24.4966824Z   check-latest: false
2026-09-17T10:25:24.4974192Z   token: ***
2026-09-17T10:25:24.4974904Z   cache: true
2026-09-17T10:25:24.4975626Z ##[endgroup]
2026-09-17T10:25:24.6014292Z Setup go version spec 1.27.1
2026-09-17T10:25:24.6022630Z Attempting to download 1.27.1...
2026-09-17T10:25:24.6105741Z (node:2072) [DEP0040] DeprecationWarning: The `punycode` module is deprecated. Please use a userland alternative instead.
2026-09-17T10:25:24.6108195Z (Use `node --trace-deprecation ...` to show where the warning was created)
2026-09-17T10:25:25.5403661Z matching 1.27.1...
2026-09-17T10:25:25.5423037Z Acquiring 1.27.1 from https://github.com/actions/go-versions/releases/download/1.27.1-33583469715/go-1.27.1-linux-x64.tar.gz
2026-09-17T10:25:26.0833521Z Extracting Go...
2026-09-17T10:25:26.0933662Z [command]/usr/bin/tar xz --warning=no-unknown-keyword --overwrite -C /home/runner/work/_temp/a6e6dd50-a0b0-4c28-84f3-e1e8913373ba -f /home/runner/work/_temp/a3ae2208-3591-4e9c-9ad5-ef9ec1e8a872
2026-09-17T10:25:27.5250185Z Successfully extracted go to /home/runner/work/_temp/a6e6dd50-a0b0-4c28-84f3-e1e8913373ba
2026-09-17T10:25:27.5250658Z Adding to the cache ...
2026-09-17T10:25:33.2036016Z Successfully cached go to /opt/hostedtoolcache/go/1.27.1/x64
2026-09-17T10:25:33.2038198Z Added go to the path
2026-09-17T10:25:33.2040281Z Successfully set up Go version 1.27.1
2026-09-17T10:25:33.2229446Z [command]/opt/hostedtoolcache/go/1.27.1/x64/bin/go env GOMODCACHE
2026-09-17T10:25:33.2268455Z [command]/opt/hostedtoolcache/go/1.27.1/x64/bin/go env GOCACHE
2026-09-17T10:25:33.2300594Z /home/runner/go/pkg/mod
2026-09-17T10:25:33.2317096Z /home/runner/.cache/go-build
2026-09-17T10:25:33.4602049Z Cache hit for: setup-go-Linux-x64-ubuntu24-go-1.27.1-ef6b0fbca0a8d0b6206b16c85f11c4a6c772908ae2660ca86a6b7ee95979c938
2026-09-17T10:25:33.4684110Z (node:2072) [DEP0169] DeprecationWarning: `url.parse()` behavior is not standardized and prone to errors that have security implications. Use the WHATWG URL API instead. CVEs are not issued for `url.parse()` vulnerabilities.
2026-09-17T10:25:34.6902787Z Received 37748736 of 484452015 (7.8%), 36.0 MBs/sec
2026-09-17T10:25:35.6895940Z Received 184549376 of 484452015 (38.1%), 88.0 MBs/sec
2026-09-17T10:25:36.6897085Z Received 352321536 of 484452015 (72.7%), 112.0 MBs/sec
2026-09-17T10:25:37.6163838Z Received 484452015 of 484452015 (100.0%), 117.6 MBs/sec
2026-09-17T10:25:37.6164474Z Cache Size: ~462 MB (484452015 B)
2026-09-17T10:25:37.6248405Z [command]/usr/bin/tar -xf /home/runner/work/_temp/12b725f5-86f9-4efb-b649-b426055a7fa5/cache.tzst -P -C /home/runner/work/Zevune/Zevune --use-compress-program unzstd
2026-09-17T10:25:40.5084460Z Cache restored successfully
2026-09-17T10:25:40.5277819Z Cache restored from key: setup-go-Linux-x64-ubuntu24-go-1.27.1-ef6b0fbca0a8d0b6206b16c85f11c4a6c772908ae2660ca86a6b7ee95979c938
2026-09-17T10:25:40.5297911Z go version go1.27.1 linux/amd64
2026-09-17T10:25:40.5298127Z 
2026-09-17T10:25:40.5298389Z ##[group]go env
2026-09-17T10:25:40.5703340Z AR='ar'
2026-09-17T10:25:40.5703612Z CC='gcc'
2026-09-17T10:25:40.5703868Z CGO_CFLAGS='-O2 -g'
2026-09-17T10:25:40.5704156Z CGO_CPPFLAGS=''
2026-09-17T10:25:40.5704409Z CGO_CXXFLAGS='-O2 -g'
2026-09-17T10:25:40.5704642Z CGO_ENABLED='1'
2026-09-17T10:25:40.5704830Z CGO_FFLAGS='-O2 -g'
2026-09-17T10:25:40.5705006Z CGO_LDFLAGS='-O2 -g'
2026-09-17T10:25:40.5705182Z CXX='g++'
2026-09-17T10:25:40.5705572Z GCCGO='gccgo'
2026-09-17T10:25:40.5705746Z GO111MODULE=''
2026-09-17T10:25:40.5705923Z GOAMD64='v1'
2026-09-17T10:25:40.5706085Z GOARCH='amd64'
2026-09-17T10:25:40.5706252Z GOAUTH='netrc'
2026-09-17T10:25:40.5706429Z GOBIN='/home/runner/go/bin'
2026-09-17T10:25:40.5706659Z GOCACHE='/home/runner/.cache/go-build'
2026-09-17T10:25:40.5706887Z GOCACHEPROG=''
2026-09-17T10:25:40.5707054Z GODEBUG=''
2026-09-17T10:25:40.5707230Z GOENV='/home/runner/.config/go/env'
2026-09-17T10:25:40.5707443Z GOEXE=''
2026-09-17T10:25:40.5707611Z GOEXPERIMENT=''
2026-09-17T10:25:40.5707786Z GOFIPS140='off'
2026-09-17T10:25:40.5707949Z GOFLAGS=''
2026-09-17T10:25:40.5708499Z GOGCCFLAGS='-fPIC -m64 -pthread -Wl,--no-gc-sections -fmessage-length=0 -ffile-prefix-map=/tmp/go-build3377246874=/tmp/go-build -gno-record-gcc-switches'
2026-09-17T10:25:40.5709022Z GOHOSTARCH='amd64'
2026-09-17T10:25:40.5709197Z GOHOSTOS='linux'
2026-09-17T10:25:40.5709363Z GOINSECURE=''
2026-09-17T10:25:40.5709604Z GOMOD='/home/runner/work/Zevune/Zevune/go.mod'
2026-09-17T10:25:40.5709866Z GOMODCACHE='/home/runner/go/pkg/mod'
2026-09-17T10:25:40.5710078Z GONOPROXY=''
2026-09-17T10:25:40.5710235Z GONOSUMDB=''
2026-09-17T10:25:40.5710390Z GOOS='linux'
2026-09-17T10:25:40.5710558Z GOPACKAGESDRIVER=''
2026-09-17T10:25:40.5710742Z GOPATH='/home/runner/go'
2026-09-17T10:25:40.5710929Z GOPRIVATE=''
2026-09-17T10:25:40.5711162Z GOPROXY='https://proxy.golang.org,direct'
2026-09-17T10:25:40.5711436Z GOROOT='/opt/hostedtoolcache/go/1.27.1/x64'
2026-09-17T10:25:40.5711680Z GOSUMDB='sum.golang.org'
2026-09-17T10:25:40.5712039Z GOTELEMETRY='local'
2026-09-17T10:25:40.5712282Z GOTELEMETRYDIR='/home/runner/.config/go/telemetry'
2026-09-17T10:25:40.5712542Z GOTMPDIR=''
2026-09-17T10:25:40.5712708Z GOTOOLCHAIN='local'
2026-09-17T10:25:40.5712973Z GOTOOLDIR='/opt/hostedtoolcache/go/1.27.1/x64/pkg/tool/linux_amd64'
2026-09-17T10:25:40.5713255Z GOVCS=''
2026-09-17T10:25:40.5713418Z GOVERSION='go1.27.1'
2026-09-17T10:25:40.5713601Z GOWORK=''
2026-09-17T10:25:40.5713798Z PKG_CONFIG='pkg-config'
2026-09-17T10:25:40.5713926Z 
2026-09-17T10:25:40.5714173Z ##[endgroup]
2026-09-17T10:25:40.5888636Z ##[group]Run rustup toolchain install 1.98.1 --profile minimal --component rustfmt
2026-09-17T10:25:40.5889186Z [36;1mrustup toolchain install 1.98.1 --profile minimal --component rustfmt[0m
2026-09-17T10:25:40.5927417Z shell: /usr/bin/bash -e {0}
2026-09-17T10:25:40.5927651Z env:
2026-09-17T10:25:40.5927818Z   GOTOOLCHAIN: local
2026-09-17T10:25:40.5928005Z ##[endgroup]
2026-09-17T10:25:40.8346892Z info: syncing channel updates for 1.98.1-x86_64-unknown-linux-gnu
2026-09-17T10:25:41.4881167Z info: latest update on 2026-09-03 for version 1.98.1 (48a229cea 2026-09-01)
2026-09-17T10:25:41.4881940Z info: downloading 4 components
2026-09-17T10:25:48.7304744Z 
2026-09-17T10:25:48.7369032Z   1.98.1-x86_64-unknown-linux-gnu installed - rustc 1.98.1 (48a229cea 2026-09-01)
2026-09-17T10:25:48.7369489Z 
2026-09-17T10:25:48.7443272Z ##[group]Run python - <<'PY'
2026-09-17T10:25:48.7443546Z [36;1mpython - <<'PY'[0m
2026-09-17T10:25:48.7443746Z [36;1mimport subprocess[0m
2026-09-17T10:25:48.7444032Z [36;1mpaths = ['internal/poolbridge', 'integration/cometbft/poolapp',[0m
2026-09-17T10:25:48.7444487Z [36;1m         'integration/cometbft/labnet', 'integration/cometbft/cmd/zevune-network'][0m
2026-09-17T10:25:48.7444906Z [36;1mresult = subprocess.run(['gofmt', '-l', *paths], check=True,[0m
2026-09-17T10:25:48.7445242Z [36;1m                        stdout=subprocess.PIPE, text=True)[0m
2026-09-17T10:25:48.7445495Z [36;1mgo_diff_code = 0[0m
2026-09-17T10:25:48.7445707Z [36;1mif result.stdout.strip():[0m
2026-09-17T10:25:48.7446001Z [36;1m    go_diff_code = subprocess.run(['gofmt', '-d', *paths]).returncode[0m
2026-09-17T10:25:48.7446387Z [36;1mrust = subprocess.run(['cargo', '+1.98.1', 'fmt', '--manifest-path',[0m
2026-09-17T10:25:48.7446805Z [36;1m                       'integration/orchard/Cargo.toml', '--all', '--', '--check'])[0m
2026-09-17T10:25:48.7447244Z [36;1mraise SystemExit(bool(result.stdout.strip()) or go_diff_code != 0 or rust.returncode != 0)[0m
2026-09-17T10:25:48.7447598Z [36;1mPY[0m
2026-09-17T10:25:48.7480041Z shell: /usr/bin/bash -e {0}
2026-09-17T10:25:48.7480249Z env:
2026-09-17T10:25:48.7480421Z   GOTOOLCHAIN: local
2026-09-17T10:25:48.7480605Z ##[endgroup]
2026-09-17T10:25:48.9453241Z Diff in /home/runner/work/Zevune/Zevune/integration/orchard/src/wire/fixed_key_tests.rs:32:
2026-09-17T10:25:48.9454006Z      let digest = payload_digest(&raw);
2026-09-17T10:25:48.9454527Z      let first = AuthorizationVerifier::new();
2026-09-17T10:25:48.9455040Z      let existing = AuthorizationVerifier::new();
2026-09-17T10:25:48.9455679Z -    assert_eq!(first.key.circuit_version(), OrchardCircuitVersion::FixedPostNu6_2);
2026-09-17T10:25:48.9456265Z +    assert_eq!(
2026-09-17T10:25:48.9456568Z +        first.key.circuit_version(),
2026-09-17T10:25:48.9456988Z +        OrchardCircuitVersion::FixedPostNu6_2
2026-09-17T10:25:48.9457367Z +    );
2026-09-17T10:25:48.9457761Z      assert!(std::ptr::eq(first.key, existing.key));
2026-09-17T10:25:48.9458366Z      assert!(!first.verified.contains(&raw, digest).unwrap());
2026-09-17T10:25:48.9459022Z      assert!(!existing.verified.contains(&raw, digest).unwrap());
2026-09-17T10:25:48.9889686Z ##[error]Process completed with exit code 1.
2026-09-17T10:25:49.0040618Z Post job cleanup.
2026-09-17T10:25:49.0760712Z [command]/usr/bin/git version
2026-09-17T10:25:49.0794979Z git version 2.55.0
2026-09-17T10:25:49.0823173Z Temporarily overriding HOME='/home/runner/work/_temp/02fd6cc0-bdad-4861-8ed3-bc908a5b83ff' before making global git config changes
2026-09-17T10:25:49.0824287Z Adding repository directory to the temporary git global config as a safe directory
2026-09-17T10:25:49.0827062Z [command]/usr/bin/git config --global --add safe.directory /home/runner/work/Zevune/Zevune
2026-09-17T10:25:49.0858813Z [command]/usr/bin/git config --local --name-only --get-regexp core\.sshCommand
2026-09-17T10:25:49.0887235Z [command]/usr/bin/git submodule foreach --recursive sh -c "git config --local --name-only --get-regexp 'core\.sshCommand' && git config --local --unset-all 'core.sshCommand' || :"
2026-09-17T10:25:49.1088156Z [command]/usr/bin/git config --local --name-only --get-regexp http\.https\:\/\/github\.com\/\.extraheader
2026-09-17T10:25:49.1117708Z [command]/usr/bin/git submodule foreach --recursive sh -c "git config --local --name-only --get-regexp 'http\.https\:\/\/github\.com\/\.extraheader' && git config --local --unset-all 'http.https://github.com/.extraheader' || :"
2026-09-17T10:25:49.1448387Z Cleaning up orphan processes
2026-09-17T10:25:49.1710061Z ##[warning]Node.js 20 is deprecated. The following actions target Node.js 20 but are being forced to run on Node.js 24: actions/setup-go@44694675825211faa026b3c33043df3e48a5fa00. For more information see: https://github.blog/changelog/2025-09-19-deprecation-of-node-20-on-github-actions-runners/
